instance_json=pilot_json_small/instance_0-triangle.json
instance_log=../VRPRDL-triangle/logs_vrptw_convertidos/instance_0-triangle.log
alpha_wait=0.0
start_time=2026-04-29 17:23:02

========================================
Instância       : instance_0-triangle.txt
JSON            : pilot_json_small/instance_0-triangle.json
VRPSolver log   : ../VRPRDL-triangle/logs_vrptw_convertidos/instance_0-triangle.log
n_customers     : 15
n_locations     : 63
time_horizon    : 720
capacity        : 750
alpha_wait      : 0.0
========================================
[vrpsolver] backbones lidos: 2
[pool] rotas do VRPSolver/variantes: 0
[pool] singletons viáveis           : 15 / 15
[pool] total inicial                : 15
[cg] it=  1  LP=3538.0000  cols=15  new=0  rc_min=0.0000  pricing=bucket_graph
[cg] LP bound = 3538.0  |  resolvendo MIP com 15 colunas...
========================================
CG finalizado.
status MIP      : OPTIMAL
LP bound        : 3538.0
MIP objetivo    : 3538.0
veículos usados : 15
tempo total     : 64.84 s
========================================
Rotas selecionadas:
  Route #1  travel= 220  wait=299  cost=220.00  demand=75
      customers: 1
      locations: 3
  Route #2  travel=  36  wait= 62  cost=36.00  demand=52
      customers: 2
      locations: 7
  Route #3  travel= 150  wait=  0  cost=150.00  demand=51
      customers: 3
      locations: 11
  Route #4  travel= 308  wait=152  cost=308.00  demand=29
      customers: 4
      locations: 14
  Route #5  travel= 568  wait=103  cost=568.00  demand=47
      customers: 5
      locations: 18
  Route #6  travel=  14  wait=  0  cost=14.00  demand=47
      customers: 6
      locations: 20
  Route #7  travel= 570  wait=  0  cost=570.00  demand=49
      customers: 7
      locations: 26
  Route #8  travel=  12  wait=  0  cost=12.00  demand=64
      customers: 8
      locations: 27
  Route #9  travel= 122  wait=111  cost=122.00  demand=51
      customers: 9
      locations: 35
  Route #10  travel= 210  wait=495  cost=210.00  demand=53
      customers: 10
      locations: 41
  Route #11  travel= 498  wait=210  cost=498.00  demand=48
      customers: 11
      locations: 46
  Route #12  travel= 280  wait=141  cost=280.00  demand=40
      customers: 12
      locations: 51
  Route #13  travel= 306  wait=101  cost=306.00  demand=57
      customers: 13
      locations: 54
  Route #14  travel=  56  wait=  0  cost=56.00  demand=58
      customers: 14
      locations: 57
  Route #15  travel= 188  wait=  0  cost=188.00  demand=29
      customers: 15
      locations: 61

end_time=2026-04-29 17:24:07
