instance_json=pilot_json_small/instance_6-triangle.json
instance_log=../VRPRDL-triangle/logs_vrptw_convertidos/instance_6-triangle.log
alpha_wait=0.0
start_time=2026-04-29 17:29:01

========================================
Instância       : instance_6-triangle.txt
JSON            : pilot_json_small/instance_6-triangle.json
VRPSolver log   : ../VRPRDL-triangle/logs_vrptw_convertidos/instance_6-triangle.log
n_customers     : 20
n_locations     : 69
time_horizon    : 720
capacity        : 750
alpha_wait      : 0.0
========================================
[vrpsolver] backbones lidos: 3
[pool] rotas do VRPSolver/variantes: 0
[pool] singletons viáveis           : 20 / 20
[pool] total inicial                : 20
[cg] it=  1  LP=5510.0000  cols=20  new=0  rc_min=0.0000  pricing=bucket_graph
[cg] LP bound = 5510.0  |  resolvendo MIP com 20 colunas...
========================================
CG finalizado.
status MIP      : OPTIMAL
LP bound        : 5510.0
MIP objetivo    : 5510.0
veículos usados : 20
tempo total     : 135.97 s
========================================
Rotas selecionadas:
  Route #1  travel= 100  wait=561  cost=100.00  demand=65
      customers: 1
      locations: 6
  Route #2  travel= 464  wait=144  cost=464.00  demand=82
      customers: 2
      locations: 10
  Route #3  travel=  76  wait= 56  cost=76.00  demand=54
      customers: 3
      locations: 14
  Route #4  travel= 192  wait=164  cost=192.00  demand=61
      customers: 4
      locations: 18
  Route #5  travel= 198  wait=  0  cost=198.00  demand=74
      customers: 5
      locations: 22
  Route #6  travel= 342  wait=  0  cost=342.00  demand=63
      customers: 6
      locations: 23
  Route #7  travel= 698  wait=  0  cost=698.00  demand=38
      customers: 7
      locations: 26
  Route #8  travel= 386  wait= 32  cost=386.00  demand=26
      customers: 8
      locations: 29
  Route #9  travel= 412  wait=  0  cost=412.00  demand=53
      customers: 9
      locations: 32
  Route #10  travel= 192  wait=309  cost=192.00  demand=46
      customers: 10
      locations: 35
  Route #11  travel= 468  wait= 31  cost=468.00  demand=58
      customers: 11
      locations: 39
  Route #12  travel= 236  wait=  0  cost=236.00  demand=32
      customers: 12
      locations: 42
  Route #13  travel= 220  wait=  0  cost=220.00  demand=61
      customers: 13
      locations: 43
  Route #14  travel= 196  wait=469  cost=196.00  demand=35
      customers: 14
      locations: 47
  Route #15  travel= 206  wait=  0  cost=206.00  demand=34
      customers: 15
      locations: 50
  Route #16  travel= 170  wait=424  cost=170.00  demand=36
      customers: 16
      locations: 53
  Route #17  travel= 390  wait=294  cost=390.00  demand=78
      customers: 17
      locations: 57
  Route #18  travel=  58  wait=  0  cost=58.00  demand=18
      customers: 18
      locations: 60
  Route #19  travel= 250  wait=  0  cost=250.00  demand=36
      customers: 19
      locations: 61
  Route #20  travel= 256  wait=360  cost=256.00  demand=51
      customers: 20
      locations: 66

end_time=2026-04-29 17:31:17
