instance_json=pilot_json_small/instance_7-triangle.json
instance_log=../VRPRDL-triangle/logs_vrptw_convertidos/instance_7-triangle.log
alpha_wait=0.0
start_time=2026-04-29 17:31:17

========================================
Instância       : instance_7-triangle.txt
JSON            : pilot_json_small/instance_7-triangle.json
VRPSolver log   : ../VRPRDL-triangle/logs_vrptw_convertidos/instance_7-triangle.log
n_customers     : 20
n_locations     : 81
time_horizon    : 720
capacity        : 750
alpha_wait      : 0.0
========================================
[vrpsolver] backbones lidos: 4
[pool] rotas do VRPSolver/variantes: 1
[pool] singletons viáveis           : 20 / 20
[pool] total inicial                : 21
[cg] it=  1  LP=5983.0000  cols=21  new=6  rc_min=-1376.0000  pricing=bucket_graph
[cg] it=  2  LP=4607.0000  cols=27  new=3  rc_min=-1289.0000  pricing=bucket_graph
[cg] it=  3  LP=4607.0000  cols=30  new=50  rc_min=-1178.0000  pricing=bucket_graph
[cg] it=  4  LP=4221.6000  cols=80  new=50  rc_min=-630.2000  pricing=bucket_graph
[cg] it=  5  LP=3374.0000  cols=130  new=24  rc_min=-881.0000  pricing=bucket_graph
[cg] it=  6  LP=3212.0000  cols=154  new=50  rc_min=-408.0000  pricing=bucket_graph
[cg] it=  7  LP=3111.0000  cols=204  new=50  rc_min=-176.0000  pricing=bucket_graph
[cg] it=  8  LP=2997.7143  cols=254  new=46  rc_min=-57.0000  pricing=bucket_graph
[cg] it=  9  LP=2912.0000  cols=300  new=11  rc_min=-6.0000  pricing=bucket_graph
[cg] it= 10  LP=2912.0000  cols=311  new=0  rc_min=0.0000  pricing=bucket_graph
[cg] LP bound = 2912.0  |  resolvendo MIP com 311 colunas...
========================================
CG finalizado.
status MIP      : OPTIMAL
LP bound        : 2912.0
MIP objetivo    : 2912.0
veículos usados : 6
tempo total     : 745.1 s
========================================
Rotas selecionadas:
  Route #1  travel= 716  wait=  0  cost=716.00  demand=134
      customers: 19 12 18
      locations: 75 42 74
  Route #2  travel= 605  wait= 94  cost=605.00  demand=247
      customers: 14 2 9 17 5
      locations: 50 8 32 69 17
  Route #3  travel= 682  wait= 13  cost=682.00  demand=156
      customers: 3 4 16 1
      locations: 10 11 64 5
  Route #4  travel= 429  wait=185  cost=429.00  demand=163
      customers: 20 15 10
      locations: 77 56 35
  Route #5  travel=  91  wait=365  cost=91.00  demand=138
      customers: 6 7
      locations: 21 25
  Route #6  travel= 389  wait=320  cost=389.00  demand=131
      customers: 8 13 11
      locations: 29 47 41

end_time=2026-04-29 17:43:42
