instance_json=pilot_json_small/instance_1-triangle.json
instance_log=../VRPRDL-triangle/logs_vrptw_convertidos/instance_1-triangle.log
alpha_wait=0.0
start_time=2026-04-29 17:24:07

========================================
Instância       : instance_1-triangle.txt
JSON            : pilot_json_small/instance_1-triangle.json
VRPSolver log   : ../VRPRDL-triangle/logs_vrptw_convertidos/instance_1-triangle.log
n_customers     : 15
n_locations     : 58
time_horizon    : 720
capacity        : 750
alpha_wait      : 0.0
========================================
[vrpsolver] backbones lidos: 3
[pool] rotas do VRPSolver/variantes: 3
[pool] singletons viáveis           : 15 / 15
[pool] total inicial                : 18
[cg] it=  1  LP=3956.0000  cols=18  new=0  rc_min=0.0000  pricing=bucket_graph
[cg] LP bound = 3956.0  |  resolvendo MIP com 18 colunas...
========================================
CG finalizado.
status MIP      : OPTIMAL
LP bound        : 3956.0
MIP objetivo    : 3956.0
veículos usados : 12
tempo total     : 63.91 s
========================================
Rotas selecionadas:
  Route #1  travel= 426  wait=225  cost=426.00  demand=196
      customers: 8 5 4 3
      locations: 28 20 17 16
  Route #2  travel= 372  wait=163  cost=372.00  demand=69
      customers: 1
      locations: 3
  Route #3  travel= 550  wait= 68  cost=550.00  demand=18
      customers: 2
      locations: 11
  Route #4  travel= 534  wait=  0  cost=534.00  demand=63
      customers: 6
      locations: 23
  Route #5  travel= 594  wait=  0  cost=594.00  demand=30
      customers: 7
      locations: 26
  Route #6  travel=  50  wait= 69  cost=50.00  demand=48
      customers: 9
      locations: 32
  Route #7  travel= 328  wait=  0  cost=328.00  demand=48
      customers: 10
      locations: 35
  Route #8  travel= 112  wait=430  cost=112.00  demand=19
      customers: 11
      locations: 39
  Route #9  travel= 358  wait=  0  cost=358.00  demand=41
      customers: 12
      locations: 40
  Route #10  travel= 164  wait=  0  cost=164.00  demand=75
      customers: 13
      locations: 41
  Route #11  travel= 432  wait=  0  cost=432.00  demand=11
      customers: 14
      locations: 47
  Route #12  travel=  36  wait=204  cost=36.00  demand=62
      customers: 15
      locations: 53

end_time=2026-04-29 17:25:11
