instance_json=pilot_json/instance_20-triangle.json
instance_log=../VRPRDL-triangle/logs_vrptw_convertidos/instance_20-triangle.log
alpha_wait=0.0
start_time=2026-04-29 17:05:09

========================================
Instância       : instance_20-triangle.txt
JSON            : pilot_json/instance_20-triangle.json
VRPSolver log   : ../VRPRDL-triangle/logs_vrptw_convertidos/instance_20-triangle.log
n_customers     : 60
n_locations     : 226
time_horizon    : 720
capacity        : 750
alpha_wait      : 0.0
========================================
[vrpsolver] backbones lidos: 8
[pool] rotas do VRPSolver/variantes: 6
[pool] singletons viáveis           : 60 / 60
[pool] total inicial                : 66
[cg] it=  1  LP=17637.0000  cols=66  new=0  rc_min=0.0000  pricing=pool
[cg] LP bound = 17637.0  |  resolvendo MIP com 66 colunas...
========================================
CG finalizado.
status MIP      : OPTIMAL
LP bound        : 17637.0
MIP objetivo    : 17637.0
veículos usados : 56
tempo total     : 0.39 s
========================================
Rotas selecionadas:
  Route #1  travel= 124  wait=459  cost=124.00  demand=194
      customers: 33 44 47 48
      locations: 138 171 177 181
  Route #2  travel= 261  wait=336  cost=261.00  demand=84
      customers: 60 26
      locations: 223 111
  Route #3  travel= 446  wait=190  cost=446.00  demand=34
      customers: 1
      locations: 4
  Route #4  travel= 358  wait=  0  cost=358.00  demand=40
      customers: 2
      locations: 7
  Route #5  travel=  16  wait=  0  cost=16.00  demand=39
      customers: 3
      locations: 11
  Route #6  travel= 334  wait=263  cost=334.00  demand=51
      customers: 4
      locations: 15
  Route #7  travel= 188  wait=  0  cost=188.00  demand=62
      customers: 5
      locations: 18
  Route #8  travel= 420  wait=231  cost=420.00  demand=81
      customers: 6
      locations: 26
  Route #9  travel=  66  wait=  0  cost=66.00  demand=46
      customers: 7
      locations: 28
  Route #10  travel= 188  wait= 27  cost=188.00  demand=43
      customers: 8
      locations: 32
  Route #11  travel= 124  wait=  0  cost=124.00  demand=57
      customers: 9
      locations: 37
  Route #12  travel= 200  wait=120  cost=200.00  demand=54
      customers: 10
      locations: 39
  Route #13  travel= 402  wait= 64  cost=402.00  demand=56
      customers: 11
      locations: 43
  Route #14  travel= 258  wait=  0  cost=258.00  demand=20
      customers: 12
      locations: 45
  Route #15  travel= 282  wait=167  cost=282.00  demand=66
      customers: 13
      locations: 51
  Route #16  travel= 242  wait=249  cost=242.00  demand=26
      customers: 14
      locations: 56
  Route #17  travel=  58  wait=  0  cost=58.00  demand=69
      customers: 15
      locations: 59
  Route #18  travel= 324  wait=207  cost=324.00  demand=46
      customers: 16
      locations: 66
  Route #19  travel= 442  wait= 45  cost=442.00  demand=36
      customers: 17
      locations: 71
  Route #20  travel= 296  wait=326  cost=296.00  demand=30
      customers: 18
      locations: 77
  Route #21  travel= 588  wait=  0  cost=588.00  demand=41
      customers: 19
      locations: 81
  Route #22  travel= 446  wait=  0  cost=446.00  demand=60
      customers: 20
      locations: 84
  Route #23  travel= 514  wait=112  cost=514.00  demand=44
      customers: 21
      locations: 90
  Route #24  travel= 134  wait=410  cost=134.00  demand=56
      customers: 22
      locations: 96
  Route #25  travel=  36  wait=666  cost=36.00  demand=65
      customers: 23
      locations: 100
  Route #26  travel= 146  wait=546  cost=146.00  demand=36
      customers: 24
      locations: 106
  Route #27  travel= 328  wait=  0  cost=328.00  demand=72
      customers: 25
      locations: 107
  Route #28  travel= 162  wait=  0  cost=162.00  demand=52
      customers: 27
      locations: 113
  Route #29  travel=  96  wait=170  cost=96.00  demand=27
      customers: 28
      locations: 116
  Route #30  travel= 716  wait=  0  cost=716.00  demand=13
      customers: 29
      locations: 121
  Route #31  travel= 256  wait=338  cost=256.00  demand=38
      customers: 30
      locations: 128
  Route #32  travel=  52  wait=  0  cost=52.00  demand=51
      customers: 31
      locations: 129
  Route #33  travel= 538  wait=  0  cost=538.00  demand=58
      customers: 32
      locations: 134
  Route #34  travel= 694  wait=  0  cost=694.00  demand=50
      customers: 34
      locations: 140
  Route #35  travel= 586  wait=  0  cost=586.00  demand=27
      customers: 35
      locations: 141
  Route #36  travel= 314  wait=  0  cost=314.00  demand=22
      customers: 36
      locations: 142
  Route #37  travel= 654  wait=  0  cost=654.00  demand=54
      customers: 37
      locations: 143
  Route #38  travel= 312  wait=  0  cost=312.00  demand=51
      customers: 38
      locations: 144
  Route #39  travel= 482  wait=185  cost=482.00  demand=53
      customers: 39
      locations: 150
  Route #40  travel= 388  wait=  0  cost=388.00  demand=58
      customers: 40
      locations: 152
  Route #41  travel= 100  wait=605  cost=100.00  demand=61
      customers: 41
      locations: 157
  Route #42  travel=  40  wait=  0  cost=40.00  demand=76
      customers: 42
      locations: 159
  Route #43  travel=  68  wait=565  cost=68.00  demand=79
      customers: 43
      locations: 166
  Route #44  travel= 600  wait=  0  cost=600.00  demand=51
      customers: 45
      locations: 173
  Route #45  travel= 264  wait=  0  cost=264.00  demand=71
      customers: 46
      locations: 174
  Route #46  travel= 632  wait= 24  cost=632.00  demand=52
      customers: 49
      locations: 185
  Route #47  travel= 352  wait=297  cost=352.00  demand=10
      customers: 50
      locations: 189
  Route #48  travel= 134  wait=350  cost=134.00  demand=74
      customers: 51
      locations: 195
  Route #49  travel= 182  wait=  0  cost=182.00  demand=66
      customers: 52
      locations: 197
  Route #50  travel= 688  wait=  0  cost=688.00  demand=78
      customers: 53
      locations: 198
  Route #51  travel= 306  wait=  0  cost=306.00  demand=18
      customers: 54
      locations: 199
  Route #52  travel=  36  wait=386  cost=36.00  demand=70
      customers: 55
      locations: 202
  Route #53  travel= 354  wait= 26  cost=354.00  demand=55
      customers: 56
      locations: 205
  Route #54  travel= 500  wait=206  cost=500.00  demand=58
      customers: 57
      locations: 211
  Route #55  travel= 662  wait=  0  cost=662.00  demand=22
      customers: 58
      locations: 216
  Route #56  travel= 248  wait=300  cost=248.00  demand=54
      customers: 59
      locations: 220

end_time=2026-04-29 17:05:10
