instance_file=/mnt/c/Users/porin/OneDrive/Documentos/Python-Mestrado/Modelagem Matemática/Programação Inteira - Uchoa/Problema VRPRDL/instancias_turco/VRPRDL-triangle/vrp_convertidos/instance_17-triangle.vrp
instance_name=instance_17-triangle
start_time=2026-04-19 23:12:13

  Activating project at `~/VRPSolver/VRPSolverDemos`
Application parameters:
  batch  =>  nothing
  instance  =>  "/mnt/c/Users/porin/OneDrive/Documentos/Python-Mestrado/Modelagem Matemática/Programação Inteira - Uchoa/Problema VRPRDL/instancias_turco/VRPRDL-triangle/vrp_convertidos/instance_17-triangle.vrp"
  noround  =>  false
  cfg  =>  "/home/poringman/VRPSolver/VRPSolverDemos/src/../config/CVRP.cfg"
  edge_cuts  =>  false
  out  =>  nothing
  ub  =>  1.0e7
  cluster_branching  =>  1.0
  sol  =>  nothing
  single_resource  =>  false
  strong_kpath_cuts  =>  false
  tikz  =>  nothing
  maxr  =>  999
  update  =>  false
  show_complete_form  =>  false
  nosolve  =>  false
  minr  =>  1
  low_edge_priority  =>  false
~~~~~~~~~~~~~~~~~~~~~~~~~~~~~~~~~~~~~~~~~~~~~~~~~~~~~~~~~~~~~~~~~~~~~~~~~~~~~~~~~~~~~
GIT VERSION RCSP: 
GIT BRANCH: 
~~~~~~~~~~~~~~~~~~~~~~~~~~~~~~~~~~~~~~~~~~~~~~~~~~~~~~~~~~~~~~~~~~~~~~~~~~~~~~~~~~~~~
VRPSolver v0.6.16, 10/11/2025, © Inria Bordeaux, France, vrpsolver.math.u-bordeaux.fr
      Corresponds to the solver by Pessoa, Sadykov, Uchoa and Vanderbeck (2020)
                 Paper: dx.doi.org/10.1007/s10107-020-01523-z
~~~~~~~~~~~~~~~~~~~~~~~~~~~~~~~~~~~~~~~~~~~~~~~~~~~~~~~~~~~~~~~~~~~~~~~~~~~~~~~~~~~~~
GIT VERSION BAPCOD: a7cb21f19424236c9d0da5dcf94961797a519470
GIT BRANCH: main
~~~~~~~~~~~~~~~~~~~~~~~~~~~~~~~~~~~~~~~~~~~~~~~~~~~~~~~~~~~~~~~~~~~~~~~~~~~~~~~~~~~~~
   BaPCod v0.84, 10/11/2025, © Inria Bordeaux, France, bapcod.math.u-bordeaux.fr 
           THIS CODE IS PROVIDED AS IS, USE IT AT YOUR OWN RISK
~~~~~~~~~~~~~~~~~~~~~~~~~~~~~~~~~~~~~~~~~~~~~~~~~~~~~~~~~~~~~~~~~~~~~~~~~~~~~~~~~~~~~
--- MAIN PARAMETERS ---
GlobalTimeLimitInTick = 2147483645
GlobalTimeLimit = 21474836
ClockType = 0
MaxNbOfBBtreeNodeTreated = 100000
optimalityGapTolerance = 1e-06
relOptimalityGapTolerance = 1e-09
ApplyPreprocessing = false
PreprocessVariablesLocalBounds = false
treeSearchStrategy = 1
OpenNodesLimit = 1000
DEFAULTPRINTLEVEL = 0
--- MIP SOLVER PARAMETERS ---
solverName = CPLEX_SOLVER
MipSolverMaxBBNodes = 2000000
MipSolverMaxTime = 360000
MipSolverMultiThread = 1
--- COLUMN GENERATION PARAMETERS ---
SolverSelectForMast = a
  colGenSubProbSolMode = customSolver
mastInitMode = localArtCol
ArtVarPenaltyUpdateFactor = 2
ArtVarMaxNbOfPenaltyUpdates = 5
MaxNbOfStagesInColGenProcedure = 3
GenerateProperColumns = false
InsertAllGeneratedColumnsInFormRatherThanInPool = true
InsertNewNonNegColumnsDirectlyInFormRatherThanInPool = true
ColumnCleanupThreshold = 10000
ColumnCleanupRatio = 0.66
ReducedCostFixingThreshold = 0.9
--- CUT GENERATION PARAMETERS ---
MasterCuttingPlanesDepthLimit = 1000
MaxNbOfCutGeneratedAtEachIter = 1000
CutTailingOffThreshold = 0.015
CutTailingOffCounterThreshold = 3
CutCleanupThreshold = 1
CutCleanupRatio = 0.66
ColGenSpRelaxationImprovementPriority = 0
--- STABILIZATION PARAMETERS ---
colGenDualPriceSmoothingAlphaFactor = 1
colGenDualPriceSmoothingBetaFactor = 0
colGenStabilizationFunctionType = none
colGenProximalStabilizationRule = undefined
StabilFuncKappa = 1
colGenStabilizationMaxTreeDepth = 10000
StabilizationMinPhaseOfStage = 0
--- PRIMAL HEURISTIC PARAMETERS ---
UseInitialPrimalHeur = false
MaxTimeForRestrictedMasterIpHeur = -1
CallFrequencyOfRestrictedMasterIpHeur = 5
MIPemphasisInRestrictedMasterIpHeur = 1
PolishingAfterTimeInRestrictedMasterIpHeur = -1
DivingHeurUseDepthLimit = -1
CallFrequencyOfDivingHeur = 1
LeastFractional
Closest2RoundUp
LeastGreedyCost
LeastCost
FixIntValBeforeRoundingHeur = true
MaxNbOfCgIteDuringRh = 5000
MaxLDSbreadth = 0
MaxLDSdepth = 0
DivingHeurStopsWithFirstFeasSol = false
DivingHeurPreprocessBeforeChoosingVar = false
StrongDivingCandidatesNumber = 1
EvalAlgParamsInDiving = max#cand. = 1 max#cg.iters = 10000 min.lvl.sp.restr. = 1 min#cut.rounds = 0 max#cut.rounds = 0 red.cost.fix&enum. = false tree.size.ratio = 1
LocalSearchHeurUseDepthLimit = -1
LeastFractional
Closest2RoundUp
LeastGreedyCost
LeastCost
MaxFactorOfColFixedByLocalSearchHeur = 0.8
MaxLocalSearchIterationCounter = 3
--- STRONG BRANCHING PARAMETERS ---
SimplifiedStrongBranchingParameterisation = true
StrongBranchingPhaseOneCandidatesNumber = 100
StrongBranchingPhaseOneTreeSizeEstimRatio = 0.2
StrongBranchingPhaseTwoCandidatesNumber = 3
StrongBranchingPhaseTwoTreeSizeEstimRatio = 0.02
SafeDualBoundScaleFactor = -1
StrongBranchingPhaseOne = max#cand. = 100 max#cg.iters = 0 min.lvl.sp.restr. = 0 min#cut.rounds = 0 max#cut.rounds = 0 red.cost.fix&enum. = false tree.size.ratio = 0.2
StrongBranchingPhaseTwo = max#cand. = 3 max#cg.iters = 10000 min.lvl.sp.restr. = 1 min#cut.rounds = 0 max#cut.rounds = 0 red.cost.fix&enum. = false tree.size.ratio = 0.02
StrongBranchingPhaseThree = max#cand. = 1 max#cg.iters = 10000 min.lvl.sp.restr. = 0 min#cut.rounds = 0 max#cut.rounds = 10000 red.cost.fix&enum. = true tree.size.ratio = 1
StrongBranchingPhaseFour =not active
--- DEBUG OUTPUT PARAMETERS ---
printMasterPrimalSols = 0
--- VRPSOLVER PARAMETERS ---
RCSPstopCutGenTimeThresholdInPricing = 10
RCSPhardTimeThresholdInPricing = 25
RCSPredCostFixingTimeThreshold = 100
RCSPnumberOfBucketsPerVertex = 25
RCSPdynamicBucketSteps = 1
RCSPuseBidirectionalSearch = 2
RCSPapplyReducedCostFixing = 1
RCSPmaxNumOfColsPerIteration = 30
RCSPmaxNumOfColsPerExactIteration = 150
RCSPmaxNumOfLabelsInEnumeration = 500000
RCSPmaxNumOfLabelsInHeurEnumeration = 0
RCSPmaxNumOfEnumeratedSolutions = 5000000
RCSPmaxNumOfEnumSolutionsForMIP = 10000
RCSPmaxNumOfEnumSolsForEndOfNodeMIP = 10000
RCSPinitNGneighbourhoodSize = 8
RCSPmaxNGneighbourhoodSize = 8
RCSPrankOneCutsMaxNumRows = 5
RCSPrankOneCutsMaxNumPerRound = 100
RCSPrankOneCutsMemoryType = 0
RCSPrankOneCutsLSnumIterations = 1000
RCSPallowRoutesWithSameVerticesSet = true
RCSPredCostFixingFalseGap = 0
SafeDualBoundScaleFactor = -1
RCSPmaxNumOfLabelsInHeurEnumeration = 0
MaxNumEnumSolsInRestrictedMasterIpHeur = 5000

prName & bcTimeMain \\ 
New model incumbent solution 1e+07, TIME = 0h0m0s31t = 31
RCSP solver info : size of non-robust cut bitmask in a label is 640 bits
Bucket steps were recalculated for graph G_0 : [30]
RCSP solver info : symmetric case is detected for graph G_0! 
Bidirectional border value is initialised to 375
RCSP solver info : number of forw. reachable buckets / buck. strongly connected components is 797( 95.7933% ) / 772( 96.8632% )
RCSP solver info: std. label size is 56, ext. label size is 136
Generating neighbourhoods for rank-1 cuts separation
Building structures for 4- and 5-row rank-1 packing cut separation...done!
Model is built TIME = 0h0m0s32t = 32
************************************************************************************************
**** BaB tree root node
**** Local DB = -1e+12, global bounds : [ -1e+12 , 1e+07 ], TIME = 0h0m0s32t = 32
**** 1 open nodes, 0 columns (0 active), 0 dyn. constrs. (0 active), 62 art. vars. (62 active)
************************************************************************************************
--------------------------------------------------------------------------
BaPCod info : first we run the root node with rank-1 cuts with node memory
--------------------------------------------------------------------------
#<DWph=2> <it=  1> <et=0.32> <Mt= 0.00> <Spt= 0.00> <nCl= 30> <al=0.00> <DB=-15119948760.0000> <Mlp=756000000.0000> <PB=10000000> 
#<DWph=2> <it=  2> <et=0.32> <Mt= 0.00> <Spt= 0.00> <nCl= 30> <al=0.55> <DB=-13370807373.0000> <Mlp=633000460.0000> <PB=10000000> 
#<DWph=2> <it=  3> <et=0.32> <Mt= 0.00> <Spt= 0.00> <nCl= 30> <al=0.45> <DB=-11652926749.6375> <Mlp=559500776.7500> <PB=10000000> 
#<DWph=2> <it=  4> <et=0.32> <Mt= 0.00> <Spt= 0.00> <nCl= 30> <al=0.51> <DB=-9725429480.3569> <Mlp=496910633.7727> <PB=10000000> 
#<DWph=2> <it=  5> <et=0.32> <Mt= 0.00> <Spt= 0.00> <nCl= 30> <al=0.55> <DB=-8376565920.6069> <Mlp=369718625.8585> <PB=10000000> 
#<DWph=2> <it=  6> <et=0.32> <Mt= 0.00> <Spt= 0.00> <nCl= 30> <al=0.60> <DB=-8554697100.9780> <Mlp=262274723.4809> <PB=10000000> 
#<DWph=2> <it=  7> <et=0.33> <Mt= 0.00> <Spt= 0.00> <nCl= 30> <al=0.64> <DB=-7652663328.5411> <Mlp=218049373.8322> <PB=10000000> 
#<DWph=2> <it=  8> <et=0.33> <Mt= 0.00> <Spt= 0.00> <nCl= 30> <al=0.68> <DB=-7149551099.2737> <Mlp=165067170.7033> <PB=10000000> 
#<DWph=2> <it=  9> <et=0.33> <Mt= 0.00> <Spt= 0.00> <nCl= 30> <al=0.71> <DB=-6661894645.6390> <Mlp=144760995.4188> <PB=10000000> 
#<DWph=2> <it= 10> <et=0.33> <Mt= 0.00> <Spt= 0.00> <nCl= 30> <al=0.74> <DB=-6133527521.8294> <Mlp=89285082.6080> <PB=10000000> 
#<DWph=2> <it= 11> <et=0.33> <Mt= 0.00> <Spt= 0.01> <nCl= 30> <al=0.76> <DB=-6254443291.3497> <Mlp=31779950.2396> <PB=10000000> 
#<DWph=2> <it= 12> <et=0.33> <Mt= 0.00> <Spt= 0.00> <nCl= 30> <al=0.66> <DB=-3984566204.6624> <Mlp=8291982.8527> <PB=10000000> 
#<DWph=2> <it= 13> <et=0.33> <Mt= 0.00> <Spt= 0.00> <nCl= 30> <al=0.56> <DB=-2200329657.5767> <Mlp=8071753.3715> <PB=10000000> 
#<DWph=2> <it= 14> <et=0.33> <Mt= 0.00> <Spt= 0.00> <nCl= 30> <al=0.00> <DB=-26812817.8997> <Mlp=7938218.7586> <PB=10000000> 
<DWph=2> <it= 15> <et=0.34> <Mt= 0.00> <Spt= 0.00> <nCl= 30> <al=0.00> <DB=-33531.8500> <Mlp= 2995.3209> <PB=10000000> 
<DWph=2> <it= 16> <et=0.34> <Mt= 0.00> <Spt= 0.00> <nCl= 30> <al=0.26> <DB=-34209.4027> <Mlp= 2681.1390> <PB=10000000> 
<DWph=2> <it= 17> <et=0.34> <Mt= 0.00> <Spt= 0.00> <nCl= 30> <al=0.34> <DB=-25718.1286> <Mlp= 2488.4430> <PB=10000000> 
<DWph=2> <it= 18> <et=0.34> <Mt= 0.00> <Spt= 0.00> <nCl= 30> <al=0.40> <DB=-22079.9452> <Mlp= 2368.2990> <PB=10000000> 
<DWph=2> <it= 19> <et=0.34> <Mt= 0.00> <Spt= 0.00> <nCl= 30> <al=0.46> <DB=-22719.2269> <Mlp= 2192.5476> <PB=10000000> 
<DWph=2> <it= 20> <et=0.34> <Mt= 0.00> <Spt= 0.00> <nCl= 30> <al=0.52> <DB=-19798.6695> <Mlp= 2036.9670> <PB=10000000> 
<DWph=2> <it= 21> <et=0.34> <Mt= 0.00> <Spt= 0.00> <nCl= 30> <al=0.56> <DB=-13812.9916> <Mlp= 1990.6754> <PB=10000000> 
<DWph=2> <it= 22> <et=0.35> <Mt= 0.00> <Spt= 0.01> <nCl= 30> <al=0.61> <DB=-10555.6989> <Mlp= 1900.4779> <PB=10000000> 
<DWph=2> <it= 23> <et=0.35> <Mt= 0.00> <Spt= 0.00> <nCl= 30> <al=0.51> <DB=-8941.9714> <Mlp= 1744.6246> <PB=10000000> 
<DWph=2> <it= 24> <et=0.35> <Mt= 0.00> <Spt= 0.00> <nCl= 30> <al=0.41> <DB=-8157.6714> <Mlp= 1606.5626> <PB=10000000> 
<DWph=2> <it= 25> <et=0.35> <Mt= 0.00> <Spt= 0.00> <nCl= 30> <al=0.47> <DB=-6451.3211> <Mlp= 1533.8404> <PB=10000000> 
<DWph=2> <it= 26> <et=0.35> <Mt= 0.00> <Spt= 0.00> <nCl= 30> <al=0.52> <DB=-4361.8745> <Mlp= 1482.4193> <PB=10000000> 
<DWph=2> <it= 27> <et=0.35> <Mt= 0.00> <Spt= 0.00> <nCl= 30> <al=0.57> <DB=-3221.0418> <Mlp= 1448.8695> <PB=10000000> 
<DWph=2> <it= 28> <et=0.36> <Mt= 0.01> <Spt= 0.00> <nCl= 30> <al=0.61> <DB=-2325.3418> <Mlp= 1428.7165> <PB=10000000> 
<DWph=2> <it= 29> <et=0.36> <Mt= 0.00> <Spt= 0.00> <nCl= 30> <al=0.65> <DB=-1139.7036> <Mlp= 1423.4914> <PB=10000000> 
<DWph=2> <it= 30> <et=0.36> <Mt= 0.00> <Spt= 0.00> <nCl= 30> <al=0.55> <DB=-1377.7212> <Mlp= 1411.0043> <PB=10000000> 
<DWph=2> <it= 31> <et=0.36> <Mt= 0.00> <Spt= 0.01> <nCl= 29> <al=0.60> <DB=  -46.7718> <Mlp= 1399.5000> <PB=10000000> 
<DWph=2> <it= 32> <et=0.36> <Mt= 0.00> <Spt= 0.00> <nCl= 30> <al=0.50> <DB=  258.0545> <Mlp= 1392.3008> <PB=10000000> 
<DWph=2> <it= 33> <et=0.36> <Mt= 0.00> <Spt= 0.00> <nCl= 30> <al=0.55> <DB=  340.2525> <Mlp= 1373.2212> <PB=10000000> 
<DWph=2> <it= 34> <et=0.37> <Mt= 0.00> <Spt= 0.00> <nCl= 30> <al=0.59> <DB=  281.4505> <Mlp= 1362.3818> <PB=10000000> 
<DWph=2> <it= 35> <et=0.37> <Mt= 0.00> <Spt= 0.00> <nCl= 30> <al=0.63> <DB=   50.7301> <Mlp= 1354.2448> <PB=10000000> 
<DWph=2> <it= 36> <et=0.37> <Mt= 0.00> <Spt= 0.00> <nCl= 25> <al=0.67> <DB=  334.8586> <Mlp= 1348.6370> <PB=10000000> 
<DWph=2> <it= 37> <et=0.37> <Mt= 0.00> <Spt= 0.00> <nCl= 26> <al=0.57> <DB=   15.7361> <Mlp= 1346.5923> <PB=10000000> 
<DWph=2> <it= 38> <et=0.37> <Mt= 0.00> <Spt= 0.00> <nCl= 26> <al=0.47> <DB=  229.9362> <Mlp= 1338.2634> <PB=10000000> 
<DWph=2> <it= 39> <et=0.37> <Mt= 0.00> <Spt= 0.00> <nCl= 26> <al=0.52> <DB=  423.8605> <Mlp= 1329.5202> <PB=10000000> 
<DWph=2> <it= 40> <et=0.38> <Mt= 0.00> <Spt= 0.01> <nCl= 29> <al=0.57> <DB=  495.6981> <Mlp= 1325.4825> <PB=10000000> 
<DWph=2> <it= 41> <et=0.38> <Mt= 0.00> <Spt= 0.00> <nCl= 29> <al=0.61> <DB=  218.1467> <Mlp= 1325.4825> <PB=10000000> 
<DWph=2> <it= 42> <et=0.38> <Mt= 0.00> <Spt= 0.00> <nCl= 27> <al=0.65> <DB=  765.7563> <Mlp= 1324.5333> <PB=10000000> 
<DWph=2> <it= 43> <et=0.38> <Mt= 0.00> <Spt= 0.00> <nCl= 26> <al=0.55> <DB=  820.6206> <Mlp= 1324.3333> <PB=10000000> 
<DWph=2> <it= 44> <et=0.38> <Mt= 0.00> <Spt= 0.00> <nCl= 19> <al=0.60> <DB= 1016.5554> <Mlp= 1323.6173> <PB=10000000> 
<DWph=2> <it= 45> <et=0.38> <Mt= 0.00> <Spt= 0.00> <nCl= 16> <al=0.64> <DB= 1301.4068> <Mlp= 1322.5261> <PB=10000000> 
<DWph=2> <it= 46> <et=0.38> <Mt= 0.00> <Spt= 0.00> <nCl= 25> <al=0.54> <DB= 1296.7454> <Mlp= 1322.1429> <PB=10000000> 
<DWph=2> <it= 47> <et=0.39> <Mt= 0.00> <Spt= 0.00> <nCl= 23> <al=0.58> <DB= 1298.6552> <Mlp= 1322.1429> <PB=10000000> 
<DWph=2> <it= 48> <et=0.39> <Mt= 0.01> <Spt= 0.00> <nCl= 20> <al=0.48> <DB= 1143.9097> <Mlp= 1319.0000> <PB=10000000> 
<DWph=2> <it= 49> <et=0.39> <Mt= 0.00> <Spt= 0.01> <nCl= 19> <al=0.53> <DB= 1307.3350> <Mlp= 1319.0000> <PB=10000000> 
<DWph=2> <it= 50> <et=0.39> <Mt= 0.00> <Spt= 0.00> <nCl= 14> <al=0.43> <DB= 1312.3692> <Mlp= 1319.0000> <PB=10000000> 
<DWph=2> <it= 51> <et=0.39> <Mt= 0.00> <Spt= 0.00> <nCl= 14> <al=0.49> <DB= 1291.2378> <Mlp= 1319.0000> <PB=10000000> 
<DWph=2> <it= 52> <et=0.39> <Mt= 0.00> <Spt= 0.00> <nCl= 14> <al=0.39> <DB= 1299.4685> <Mlp= 1319.0000> <PB=10000000> 
<DWph=2> <it= 53> <et=0.40> <Mt= 0.00> <Spt= 0.00> <nCl=  5> <al=0.29> <DB= 1301.0903> <Mlp= 1319.0000> <PB=10000000> 
<DWph=2> <it= 54> <et=0.40> <Mt= 0.00> <Spt= 0.00> <nCl=  9> <al=0.19> <DB= 1298.1823> <Mlp= 1318.2326> <PB=10000000> 
<DWph=2> <it= 55> <et=0.40> <Mt= 0.00> <Spt= 0.00> <nCl=  9> <al=0.09> <DB= 1307.9355> <Mlp= 1317.9500> <PB=10000000> 
<DWph=2> <it= 56> <et=0.40> <Mt= 0.00> <Spt= 0.00> <nCl= 12> <al=0.00> <DB= 1312.0700> <Mlp= 1317.9500> <PB=10000000> 
<DWph=2> <it= 57> <et=0.40> <Mt= 0.00> <Spt= 0.00> <nCl=  5> <al=0.00> <DB= 1317.1400> <Mlp= 1317.9500> <PB=10000000> 
<DWph=2> <it= 58> <et=0.40> <Mt= 0.00> <Spt= 0.00> <nCl=  1> <al=0.00> <DB= 1317.9500> <Mlp= 1317.9500> <PB=10000000> 
<DWph=1> <it= 59> <et=0.41> <Mt= 0.00> <Spt= 0.01> <nCl= 18> <al=0.00> <DB= 1305.0200> <Mlp= 1317.9500> <PB=10000000> 
<DWph=1> <it= 60> <et=0.41> <Mt= 0.00> <Spt= 0.00> <nCl=  7> <al=0.00> <DB= 1311.1100> <Mlp= 1317.9500> <PB=10000000> 
<DWph=1> <it= 61> <et=0.41> <Mt= 0.00> <Spt= 0.00> <nCl=  0> <al=0.00> <DB= 1317.9500> <Mlp= 1317.9500> <PB=10000000> 
    RCSP exact solver info for graph G_0 : TT = 0.003065, pt = 7e-06, dt = 0.002566, ct = 0.000207, ndl = 1366', bdl = 24246', odl = 2857', odf = 18309', bsi = 1227', cnt = 4844', bdch = 201260', odch = 33439', lcp = 23622', #sols = 150
<DWph=0> <it= 62> <et=0.42> <Mt= 0.00> <Spt= 0.01> <nCl=116> <al=0.00> <DB= 1282.4000> <Mlp= 1317.9500> <PB=10000000> 
    RCSP exact solver info for graph G_0 : TT = 0.00255, pt = 1.5e-05, dt = 0.00211, ct = 0.000165, ndl = 1301', bdl = 23491', odl = 2877', odf = 17957', bsi = 1203', cnt = 3196', bdch = 190521', odch = 32837', lcp = 23170', #sols = 150
<DWph=0> <it= 63> <et=0.42> <Mt= 0.00> <Spt= 0.00> <nCl= 72> <al=0.00> <DB= 1308.4687> <Mlp= 1317.3750> <PB=10000000> 
    RCSP exact solver info for graph G_0 : TT = 0.002456, pt = 1.2e-05, dt = 0.002046, ct = 0.000171, ndl = 1271', bdl = 22796', odl = 2882', odf = 17922', bsi = 1219', cnt = 3328', bdch = 183726', odch = 32102', lcp = 22031', #sols = 150
<DWph=0> <it= 64> <et=0.42> <Mt= 0.00> <Spt= 0.00> <nCl= 21> <al=0.00> <DB= 1312.3367> <Mlp= 1317.3265> <PB=10000000> 
    RCSP exact solver info for graph G_0 : TT = 0.002945, pt = 1.7e-05, dt = 0.002467, ct = 0.000196, ndl = 1286', bdl = 23119', odl = 2811', odf = 17259', bsi = 1204', cnt = 3285', bdch = 184120', odch = 29978', lcp = 22141', #sols = 150
<DWph=0> <it= 65> <et=0.43> <Mt= 0.00> <Spt= 0.01> <nCl= 36> <al=0.00> <DB= 1310.5333> <Mlp= 1316.9333> <PB=10000000> 
    RCSP exact solver info for graph G_0 : TT = 0.002822, pt = 1.6e-05, dt = 0.002359, ct = 0.000195, ndl = 1344', bdl = 24151', odl = 2853', odf = 17880', bsi = 1258', cnt = 3880', bdch = 197511', odch = 33173', lcp = 23428', #sols = 150
<DWph=0> <it= 66> <et=0.43> <Mt= 0.00> <Spt= 0.00> <nCl=  4> <al=0.00> <DB= 1316.8696> <Mlp= 1316.8696> <PB=10000000> 
RCSP solver dynamic params and stats :  bidir.bord. = 375 aver.obdmd = 23.9375 aver.buck.num. = 26
@@ 1 0 1316.87 0.0024964 0.002773 90.9122 0.43
RCSP      solver labels distribution in 299 buckets (bucket size) : largest - 17, top 0.1% - 17, top 0.5% - 16, top 2% - 15, top 10% - 10, top 50% - 4
Reduced cost fixing for graph G_0...  TT = 0.006857, pt = 0.000384, dt = 0.006431, ct = 0, ndl = 4019', bdl = 61563', odl = 3871', odf = 39382', lpcb = 6444', cnt = 136256', bdch = 619838', odch = 114995', lcp = 55429'
20738 buck. arcs remain (98.6% from prev., 89.7% from max.) + 0 jump buck. arcs (0% from max.)
 TT = 0.014176, pt = 0.000384, dt = 0.006431, ct = 0.007271, ndl = 4019', bdl = 61563', odl = 3871', odf = 39382', lpcb = 6444', cnt = 161047', bdch = 619838', odch = 114995', lcp = 55429'
RCSP      solver labels distribution in 619 buckets (bucket size) : largest - 23, top 0.1% - 23, top 0.5% - 21, top 2% - 18, top 10% - 13, top 50% - 5
Run forward enumeration with border = 375... not succeeded (ratio 0.938341) lpt = 0.029427, ndl = 50017', dl = 34185', lpcb = 0', dch = 175963'
 TT = 0.041921, pt = 0.010246, dt = 0.029427, ct = 0, ndl = 50017', bdl = 34185', cnt = 296567', bdch = 175963', odch = 0', lcp = 0'
ColGenEvalAlg final dual bound: 1316.87 (rounded: 1317)
In total 1 RCC cut(s) are found by the connected components heuristic 
Shrinking heuristic shrunk 13 edges
In total 9 RCC cut(s) are found by the Fractional capacity min-cut heuristic 
In total 9 RCC cut(s) are found by the greedy construction heuristic 
----- Add fac. cuts : CAP(19), max.viol = 0.73913, aver.viol = 0.251716, sep/add took 0.00104483/0.0136699 sec. -----
1742 columns (1742 active), 19 dyn. constrs. (19 active), 81 art. vars. (81 active)
<DWph=2> <it=  1> <et=0.51> <Mt= 0.00> <Spt= 0.00> <nCl= 17> <al=0.50> <DB= 1321.5340> <Mlp= 1337.6224> <PB=10000000> 
<DWph=2> <it=  2> <et=0.52> <Mt= 0.00> <Spt= 0.01> <nCl= 11> <al=0.55> <DB= 1324.9645> <Mlp= 1336.2368> <PB=10000000> 
<DWph=2> <it=  3> <et=0.52> <Mt= 0.01> <Spt= 0.00> <nCl= 15> <al=0.19> <DB= 1320.9996> <Mlp= 1334.4286> <PB=10000000> 
<DWph=2> <it=  4> <et=0.52> <Mt= 0.00> <Spt= 0.00> <nCl=  3> <al=0.50> <DB= 1324.3614> <Mlp= 1334.0000> <PB=10000000> 
<DWph=2> <it=  5> <et=0.52> <Mt= 0.00> <Spt= 0.00> <nCl= 18> <al=0.00> <DB= 1313.3333> <Mlp= 1334.0000> <PB=10000000> 
<DWph=2> <it=  6> <et=0.53> <Mt= 0.00> <Spt= 0.00> <nCl=  4> <al=0.00> <DB= 1333.9615> <Mlp= 1333.9615> <PB=10000000> 
<DWph=1> <it=  7> <et=0.53> <Mt= 0.00> <Spt= 0.00> <nCl=  8> <al=0.20> <DB= 1333.6154> <Mlp= 1333.9615> <PB=10000000> 
<DWph=1> <it=  8> <et=0.53> <Mt= 0.00> <Spt= 0.01> <nCl=  0> <al=0.00> <DB= 1333.9615> <Mlp= 1333.9615> <PB=10000000> 
    RCSP exact solver info for graph G_0 : TT = 0.002103, pt = 9e-06, dt = 0.001726, ct = 0.000166, ndl = 995', bdl = 17909', odl = 2610', odf = 16332', bsi = 1135', cnt = 1609', bdch = 124163', odch = 24166', lcp = 15342', #sols = 150
<DWph=0> <it=  9> <et=0.54> <Mt= 0.00> <Spt= 0.00> <nCl= 57> <al=0.18> <DB= 1316.8846> <Mlp= 1333.9615> <PB=10000000> 
    RCSP exact solver info for graph G_0 : TT = 0.00212, pt = 1.2e-05, dt = 0.00169, ct = 0.000203, ndl = 1056', bdl = 18449', odl = 2676', odf = 17046', bsi = 1180', cnt = 2386', bdch = 133634', odch = 26627', lcp = 16940', #sols = 150
    RCSP exact solver info for graph G_0 : TT = 0.002, pt = 1.2e-05, dt = 0.001606, ct = 0.00015, ndl = 1022', bdl = 17849', odl = 2686', odf = 17125', bsi = 1155', cnt = 1742', bdch = 127589', odch = 25848', lcp = 16357', #sols = 150
<DWph=0> <it= 10> <et=0.54> <Mt= 0.00> <Spt= 0.01> <nCl= 19> <al=0.00> <DB= 1333.9615> <Mlp= 1333.9615> <PB=10000000> 
RCSP solver dynamic params and stats :  bidir.bord. = 375 aver.obdmd = 23.9375 aver.buck.num. = 26
@@ 1 1 1333.96 0.001847 0.001893 89.6585 0.54
    Full reduced cost fixing is not called (gap ratio is 0.999998)
ColGenEvalAlg final dual bound: 1333.96 (rounded: 1334)
False gap improvement since the last cut separation : 0.129792 (1316.87)
Current active cuts : CAP(5,154.654)
Shrinking heuristic shrunk 13 edges
In total 1 RCC cut(s) are found by the Fractional capacity min-cut heuristic 
In total 1 RCC cut(s) are found by the greedy construction heuristic 
----- Add fac. cuts : CAP(2), max.viol = 0.0769231, aver.viol = 0.0576923, sep/add took 0.000574869/0.0019218 sec. -----
1894 columns (1894 active), 21 dyn. constrs. (7 active), 83 art. vars. (69 active)
<DWph=2> <it=  1> <et=0.55> <Mt= 0.00> <Spt= 0.00> <nCl= 17> <al=0.00> <DB= 1334.0000> <Mlp= 1334.0000> <PB=10000000> 
<DWph=1> <it=  2> <et=0.55> <Mt= 0.00> <Spt= 0.00> <nCl= 13> <al=0.40> <DB= 1332.5000> <Mlp= 1334.0000> <PB=10000000> 
<DWph=1> <it=  3> <et=0.56> <Mt= 0.00> <Spt= 0.01> <nCl=  0> <al=0.00> <DB= 1334.0000> <Mlp= 1334.0000> <PB=10000000> 
    RCSP exact solver info for graph G_0 : TT = 0.002124, pt = 6e-06, dt = 0.001735, ct = 0.000158, ndl = 1056', bdl = 18551', odl = 2698', odf = 17372', bsi = 1131', cnt = 1780', bdch = 133757', odch = 26890', lcp = 16578', #sols = 150
<DWph=0> <it=  4> <et=0.56> <Mt= 0.00> <Spt= 0.00> <nCl= 21> <al=0.20> <DB= 1332.5000> <Mlp= 1334.0000> <PB=10000000> 
    RCSP exact solver info for graph G_0 : TT = 0.002489, pt = 1.5e-05, dt = 0.002006, ct = 0.000193, ndl = 1066', bdl = 18663', odl = 2694', odf = 17379', bsi = 1159', cnt = 1891', bdch = 134542', odch = 27164', lcp = 16700', #sols = 150
    RCSP exact solver info for graph G_0 : TT = 0.002259, pt = 1.4e-05, dt = 0.001864, ct = 0.000147, ndl = 1044', bdl = 18302', odl = 2694', odf = 17318', bsi = 1111', cnt = 1776', bdch = 131018', odch = 26766', lcp = 16315', #sols = 150
<DWph=0> <it=  5> <et=0.57> <Mt= 0.00> <Spt= 0.01> <nCl=  7> <al=0.00> <DB= 1334.0000> <Mlp= 1334.0000> <PB=10000000> 
RCSP solver dynamic params and stats :  bidir.bord. = 375 aver.obdmd = 23.9375 aver.buck.num. = 26
@@ 1 2 1334 0.00203433 0.002199 89.6585 0.57
    Full reduced cost fixing is not called (gap ratio is 0.999998)
ColGenEvalAlg final dual bound: 1334 (rounded: 1334)
False gap improvement since the last cut separation : 0.000288326 (1333.96)
Cut generation tailing off counter increased to 1
Current active cuts : CAP(6,141)
Shrinking heuristic shrunk 19 edges
150 Rank-1 3-rows pack. cuts added ,  max viol. = 0.5, aver. viol. = 0.5
----- Add fac. cuts : R1C(150), max.viol = 0.5, aver.viol = 0.5, sep/add took 0.000707237/0.0881213 sec. -----
1952 columns (1952 active), 157 dyn. constrs. (156 active), 233 art. vars. (218 active)
Shrinking heuristic shrunk 27 edges
<DWph=2> <it=  1> <et=0.67> <Mt= 0.00> <Spt= 0.00> <nCl= 25> <al=0.50> <DB= 1333.0909> <Mlp= 1351.0000> <PB=1351> 
<DWph=2> <it=  2> <et=0.67> <Mt= 0.00> <Spt= 0.00> <nCl= 13> <al=0.55> <DB= 1340.3882> <Mlp= 1351.0000> <PB=1351> 
<DWph=2> <it=  3> <et=0.73> <Mt= 0.06> <Spt= 0.01> <nCl= 21> <al=0.60> <DB= 1292.1882> <Mlp= 1346.3333> <PB=1351> 
<DWph=2> <it=  4> <et=0.74> <Mt= 0.00> <Spt= 0.00> <nCl=  9> <al=0.64> <DB= 1335.7755> <Mlp= 1345.9167> <PB=1351> 
<DWph=2> <it=  5> <et=0.75> <Mt= 0.01> <Spt= 0.01> <nCl= 42> <al=0.34> <DB=  677.9447> <Mlp= 1345.9167> <PB=1351> 
<DWph=2> <it=  6> <et=0.75> <Mt= 0.00> <Spt= 0.00> <nCl= 19> <al=0.57> <DB= 1335.3890> <Mlp= 1345.9167> <PB=1351> 
<DWph=2> <it=  7> <et=0.76> <Mt= 0.00> <Spt= 0.00> <nCl= 13> <al=0.61> <DB= 1342.5180> <Mlp= 1345.9167> <PB=1351> 
<DWph=2> <it=  8> <et=0.76> <Mt= 0.00> <Spt= 0.01> <nCl= 25> <al=0.65> <DB= 1334.3738> <Mlp= 1345.9167> <PB=1351> 
<DWph=2> <it=  9> <et=0.77> <Mt= 0.00> <Spt= 0.00> <nCl= 34> <al=0.38> <DB=  882.6396> <Mlp= 1345.9167> <PB=1351> 
<DWph=2> <it= 10> <et=0.77> <Mt= 0.00> <Spt= 0.01> <nCl= 15> <al=0.59> <DB= 1344.5420> <Mlp= 1345.9167> <PB=1351> 
<DWph=2> <it= 11> <et=0.78> <Mt= 0.00> <Spt= 0.00> <nCl= 23> <al=0.63> <DB= 1042.8391> <Mlp= 1345.9167> <PB=1351> 
<DWph=2> <it= 12> <et=0.79> <Mt= 0.01> <Spt= 0.00> <nCl= 12> <al=0.67> <DB= 1302.2226> <Mlp= 1345.9167> <PB=1351> 
<DWph=2> <it= 13> <et=0.79> <Mt= 0.00> <Spt= 0.01> <nCl=  2> <al=0.57> <DB= 1300.4618> <Mlp= 1345.9167> <PB=1351> 
<DWph=2> <it= 14> <et=0.79> <Mt= 0.00> <Spt= 0.00> <nCl= 11> <al=0.61> <DB= 1342.3329> <Mlp= 1345.9167> <PB=1351> 
<DWph=2> <it= 15> <et=0.80> <Mt= 0.00> <Spt= 0.00> <nCl= 31> <al=0.30> <DB=  635.5660> <Mlp= 1345.8611> <PB=1351> 
<DWph=2> <it= 16> <et=0.80> <Mt= 0.00> <Spt= 0.01> <nCl= 22> <al=0.55> <DB= 1179.7294> <Mlp= 1345.8611> <PB=1351> 
<DWph=2> <it= 17> <et=0.81> <Mt= 0.00> <Spt= 0.00> <nCl=  7> <al=0.59> <DB= 1343.9916> <Mlp= 1345.8571> <PB=1351> 
<DWph=2> <it= 18> <et=0.81> <Mt= 0.00> <Spt= 0.00> <nCl= 25> <al=0.27> <DB= 1196.6980> <Mlp= 1345.8571> <PB=1351> 
<DWph=2> <it= 19> <et=0.82> <Mt= 0.00> <Spt= 0.01> <nCl= 23> <al=0.07> <DB= 1341.0195> <Mlp= 1345.8571> <PB=1351> 
<DWph=2> <it= 20> <et=0.82> <Mt= 0.01> <Spt= 0.00> <nCl=  5> <al=0.43> <DB= 1344.7772> <Mlp= 1345.8571> <PB=1351> 
<DWph=2> <it= 21> <et=0.83> <Mt= 0.00> <Spt= 0.00> <nCl= 11> <al=0.00> <DB= 1345.6429> <Mlp= 1345.8571> <PB=1351> 
<DWph=2> <it= 22> <et=0.83> <Mt= 0.00> <Spt= 0.01> <nCl= 17> <al=0.00> <DB= 1345.8571> <Mlp= 1345.8571> <PB=1351> 
<DWph=1> <it= 23> <et=0.84> <Mt= 0.00> <Spt= 0.00> <nCl= 24> <al=0.29> <DB=  827.8571> <Mlp= 1345.8571> <PB=1351> 
<DWph=1> <it= 24> <et=0.84> <Mt= 0.00> <Spt= 0.01> <nCl= 12> <al=0.19> <DB= 1070.4507> <Mlp= 1345.8571> <PB=1351> 
<DWph=1> <it= 25> <et=0.85> <Mt= 0.00> <Spt= 0.00> <nCl= 17> <al=0.09> <DB= 1336.0772> <Mlp= 1345.4000> <PB=1351> 
<DWph=1> <it= 26> <et=0.85> <Mt= 0.00> <Spt= 0.00> <nCl= 16> <al=0.00> <DB= 1333.0000> <Mlp= 1345.0000> <PB=1351> 
<DWph=1> <it= 27> <et=0.86> <Mt= 0.00> <Spt= 0.01> <nCl= 13> <al=0.09> <DB= 1331.4856> <Mlp= 1344.4286> <PB=1351> 
<DWph=1> <it= 28> <et=0.86> <Mt= 0.01> <Spt= 0.00> <nCl= 21> <al=0.18> <DB= 1336.7283> <Mlp= 1344.4286> <PB=1351> 
<DWph=1> <it= 29> <et=0.87> <Mt= 0.00> <Spt= 0.00> <nCl=  4> <al=0.26> <DB= 1339.6732> <Mlp= 1344.4286> <PB=1351> 
<DWph=1> <it= 30> <et=0.87> <Mt= 0.00> <Spt= 0.01> <nCl=  3> <al=0.34> <DB= 1341.7668> <Mlp= 1344.4286> <PB=1351> 
<DWph=1> <it= 31> <et=0.88> <Mt= 0.00> <Spt= 0.00> <nCl=  8> <al=0.24> <DB= 1050.2122> <Mlp= 1344.0000> <PB=1351> 
<DWph=1> <it= 32> <et=0.88> <Mt= 0.00> <Spt= 0.01> <nCl=  7> <al=0.00> <DB= 1195.5000> <Mlp= 1344.0000> <PB=1351> 
<DWph=1> <it= 33> <et=0.89> <Mt= 0.00> <Spt= 0.00> <nCl=  2> <al=0.00> <DB= 1344.0000> <Mlp= 1344.0000> <PB=1351> 
    RCSP exact solver info for graph G_0 : TT = 0.00404, pt = 4.3e-05, dt = 0.003365, ct = 0.000313, ndl = 1526', bdl = 28059', odl = 3045', odf = 19522', bsi = 1145', cnt = 8543', bdch = 246049', odch = 40417', lcp = 30315', #sols = 150
<DWph=0> <it= 34> <et=0.91> <Mt= 0.00> <Spt= 0.02> <nCl=111> <al=0.00> <DB= 1244.2500> <Mlp= 1344.0000> <PB=1351> 
    RCSP exact solver info for graph G_0 : TT = 0.003228, pt = 5.8e-05, dt = 0.002595, ct = 0.000302, ndl = 1513', bdl = 27607', odl = 3077', odf = 18806', bsi = 1072', cnt = 7113', bdch = 244474', odch = 38438', lcp = 30558', #sols = 150
<DWph=0> <it= 35> <et=0.92> <Mt= 0.01> <Spt= 0.01> <nCl= 69> <al=0.00> <DB= 1308.0000> <Mlp= 1344.0000> <PB=1351> 
    RCSP exact solver info for graph G_0 : TT = 0.003252, pt = 5.4e-05, dt = 0.002586, ct = 0.000281, ndl = 1476', bdl = 27162', odl = 3097', odf = 19000', bsi = 1034', cnt = 6717', bdch = 239845', odch = 37991', lcp = 30425', #sols = 150
<DWph=0> <it= 36> <et=0.93> <Mt= 0.00> <Spt= 0.00> <nCl= 28> <al=0.00> <DB= 1344.0000> <Mlp= 1344.0000> <PB=1351> 
RCSP solver dynamic params and stats :  bidir.bord. = 375 aver.obdmd = 23.9375 aver.buck.num. = 26 nbR1C = 4 with avMem = 6
@@ 1 3 1344 0.00314733 0.003678 89.6585 0.93
RCSP      solver labels distribution in 299 buckets (bucket size) : largest - 20, top 0.1% - 20, top 0.5% - 20, top 2% - 15, top 10% - 10, top 50% - 4
Reduced cost fixing for graph G_0...  TT = 0.001419, pt = 0.000416, dt = 0.000938, ct = 0, ndl = 2158', bdl = 7473', odl = 875', odf = 11007', lpcb = 17451', cnt = 6092', bdch = 58839', odch = 21924', lcp = 6709'
2303 buck. arcs remain (11.1% from prev., 9.96% from max.) + 1143 jump buck. arcs (4.94% from max.)
 TT = 0.003631, pt = 0.000416, dt = 0.000938, ct = 0.002178, ndl = 2158', bdl = 7473', odl = 875', odf = 11007', lpcb = 17451', cnt = 30963', bdch = 58839', odch = 21924', lcp = 6709'
RCSP      solver labels distribution in 504 buckets (bucket size) : largest - 20, top 0.1% - 20, top 0.5% - 20, top 2% - 15, top 10% - 10, top 50% - 3
Run forward enumeration with border = 375... succeeded! lpt = 0.006669, ndl = 1157', dl = 55', lpcb = 2685', dch = 370'
Run enumeration concatenation with time limit 0.3 sec.... succeeded!
Sorting and storing enumerated solutions ... done!
 TT = 0.008666, pt = 0, dt = 0.006669, ct = 0.000201, ndl = 1157', bdl = 55', lpcb = 2685', cnt = 21626', bdch = 370', odch = 0', lcp = 0'
Enumeration succeeded!, number of elem. solutions is 289
Estimating inspection time...     TT = 0.000116, performed by inspection with 289 solutions, nbR1C = 4, nbDiscC = 0
Inspection time is low enough. Pricing will be done by inspection.
Added 194 columns in the formulation 
Removed 2498 columns (not in the enumerated set) from the formulation
Regenerated 194 columns with the 'enumerated' flag
Added 194 columns in the formulation 
ColGenEvalAlg final dual bound: 1344 (rounded: 1344)
Gap improvement since the last cut separation : 0.588235 (1334)
Current active cuts : CAP(5,-60.6429) R1C(4,108.357) 3rowPackR1C(4)
----- Terminating the node by MIP -----
Version identifier: 22.1.2.0 | 2024-11-26 | 0edbb82fd
CPXPARAM_Advance                                 0
CPXPARAM_Preprocessing_Linear                    0
CPXPARAM_Threads                                 1
CPXPARAM_MIP_Strategy_CallbackReducedLP          0
CPXPARAM_MIP_Limits_Nodes                        2000000
CPXPARAM_Simplex_Tolerances_Optimality           9.9999999999999995e-08
CPXPARAM_Simplex_Tolerances_Feasibility          9.9999999999999995e-08
CPXPARAM_TimeLimit                               360000
CPXPARAM_MIP_Tolerances_UpperCutoff              1350.0000010000001
CPXPARAM_MIP_Tolerances_MIPGap                   1.0000000000000001e-09
Legacy callback                                  L
Warning: Control callbacks may disable some MIP features.
Tried aggregator 1 time.
MIP Presolve eliminated 166 rows and 331 columns.
MIP Presolve modified 4261 coefficients.
Reduced MIP has 21 rows, 57 columns, and 424 nonzeros.
Reduced MIP has 57 binaries, 0 generals, 0 SOSs, and 0 indicators.
Presolve time = 0.01 sec. (38.40 ticks)
Probing fixed 7 vars, tightened 0 bounds.
Probing time = 0.00 sec. (0.29 ticks)
Clique table members: 136.
MIP emphasis: balance optimality and feasibility.
MIP search method: traditional branch-and-cut.
Parallel mode: none, using 1 thread.
Root relaxation solution time = 0.00 sec. (0.13 ticks)

        Nodes                                         Cuts/
   Node  Left     Objective  IInf  Best Integer    Best Bound    ItCnt     Gap         Variable B NodeID Parent  Depth

      0     0        cutoff                                         14         

Root node processing (before b&c):
  Real time             =    0.02 sec. (38.98 ticks)
Sequential b&c:
  Real time             =    0.00 sec. (0.00 ticks)
                          ------------
Total (root+branch&cut) =    0.02 sec. (38.98 ticks)
Solution status = Infeasible
New model incumbent solution 1351, TIME = 0h0m1s0t = 100
************************************************************************************************
Search is finished, global bounds : [ 1351 , 1351 ], TIME = 0h0m1s0t = 100
************************************************************************************************
[32mBaPCod : solution defined.[00m
statistics_cols: instance & :Optimal & cutoff & :bcRecRootDb & :bcTimeRootEval & :bcCountNodeProc & :bcRecBestDb & :bcRecBestInc & :bcTimeMain \\
statistics: instance_17-triangle & 1 & 1.0e7 & 1351.00 & 1.00 & 1 & 1351.00 & 1351 & 1.00 \\
########################################################
Route #1: 6 3 26 24 2 17 12 1 23 29 9 28 16 
Route #2: 8 7 25 
Route #3: 11 4 10 18 19 14 27 5 22 20 13 21 15 30 
Cost 1351
########################################################

end_time=2026-04-19 23:12:24
exit_code=0
