instance_file=/mnt/c/Users/porin/OneDrive/Documentos/Python-Mestrado/Modelagem Matemática/Programação Inteira - Uchoa/Problema VRPRDL/instancias_turco/VRPRDL-triangle/vrp_convertidos/instance_26-triangle.vrp
instance_name=instance_26-triangle
start_time=2026-04-19 23:15:09

  Activating project at `~/VRPSolver/VRPSolverDemos`
Application parameters:
  batch  =>  nothing
  instance  =>  "/mnt/c/Users/porin/OneDrive/Documentos/Python-Mestrado/Modelagem Matemática/Programação Inteira - Uchoa/Problema VRPRDL/instancias_turco/VRPRDL-triangle/vrp_convertidos/instance_26-triangle.vrp"
  noround  =>  false
  cfg  =>  "/home/poringman/VRPSolver/VRPSolverDemos/src/../config/CVRP.cfg"
  edge_cuts  =>  false
  out  =>  nothing
  ub  =>  1.0e7
  cluster_branching  =>  1.0
  sol  =>  nothing
  single_resource  =>  false
  strong_kpath_cuts  =>  false
  tikz  =>  nothing
  maxr  =>  999
  update  =>  false
  show_complete_form  =>  false
  nosolve  =>  false
  minr  =>  1
  low_edge_priority  =>  false
~~~~~~~~~~~~~~~~~~~~~~~~~~~~~~~~~~~~~~~~~~~~~~~~~~~~~~~~~~~~~~~~~~~~~~~~~~~~~~~~~~~~~
GIT VERSION RCSP: 
GIT BRANCH: 
~~~~~~~~~~~~~~~~~~~~~~~~~~~~~~~~~~~~~~~~~~~~~~~~~~~~~~~~~~~~~~~~~~~~~~~~~~~~~~~~~~~~~
VRPSolver v0.6.16, 10/11/2025, © Inria Bordeaux, France, vrpsolver.math.u-bordeaux.fr
      Corresponds to the solver by Pessoa, Sadykov, Uchoa and Vanderbeck (2020)
                 Paper: dx.doi.org/10.1007/s10107-020-01523-z
~~~~~~~~~~~~~~~~~~~~~~~~~~~~~~~~~~~~~~~~~~~~~~~~~~~~~~~~~~~~~~~~~~~~~~~~~~~~~~~~~~~~~
GIT VERSION BAPCOD: a7cb21f19424236c9d0da5dcf94961797a519470
GIT BRANCH: main
~~~~~~~~~~~~~~~~~~~~~~~~~~~~~~~~~~~~~~~~~~~~~~~~~~~~~~~~~~~~~~~~~~~~~~~~~~~~~~~~~~~~~
   BaPCod v0.84, 10/11/2025, © Inria Bordeaux, France, bapcod.math.u-bordeaux.fr 
           THIS CODE IS PROVIDED AS IS, USE IT AT YOUR OWN RISK
~~~~~~~~~~~~~~~~~~~~~~~~~~~~~~~~~~~~~~~~~~~~~~~~~~~~~~~~~~~~~~~~~~~~~~~~~~~~~~~~~~~~~
--- MAIN PARAMETERS ---
GlobalTimeLimitInTick = 2147483645
GlobalTimeLimit = 21474836
ClockType = 0
MaxNbOfBBtreeNodeTreated = 100000
optimalityGapTolerance = 1e-06
relOptimalityGapTolerance = 1e-09
ApplyPreprocessing = false
PreprocessVariablesLocalBounds = false
treeSearchStrategy = 1
OpenNodesLimit = 1000
DEFAULTPRINTLEVEL = 0
--- MIP SOLVER PARAMETERS ---
solverName = CPLEX_SOLVER
MipSolverMaxBBNodes = 2000000
MipSolverMaxTime = 360000
MipSolverMultiThread = 1
--- COLUMN GENERATION PARAMETERS ---
SolverSelectForMast = a
  colGenSubProbSolMode = customSolver
mastInitMode = localArtCol
ArtVarPenaltyUpdateFactor = 2
ArtVarMaxNbOfPenaltyUpdates = 5
MaxNbOfStagesInColGenProcedure = 3
GenerateProperColumns = false
InsertAllGeneratedColumnsInFormRatherThanInPool = true
InsertNewNonNegColumnsDirectlyInFormRatherThanInPool = true
ColumnCleanupThreshold = 10000
ColumnCleanupRatio = 0.66
ReducedCostFixingThreshold = 0.9
--- CUT GENERATION PARAMETERS ---
MasterCuttingPlanesDepthLimit = 1000
MaxNbOfCutGeneratedAtEachIter = 1000
CutTailingOffThreshold = 0.015
CutTailingOffCounterThreshold = 3
CutCleanupThreshold = 1
CutCleanupRatio = 0.66
ColGenSpRelaxationImprovementPriority = 0
--- STABILIZATION PARAMETERS ---
colGenDualPriceSmoothingAlphaFactor = 1
colGenDualPriceSmoothingBetaFactor = 0
colGenStabilizationFunctionType = none
colGenProximalStabilizationRule = undefined
StabilFuncKappa = 1
colGenStabilizationMaxTreeDepth = 10000
StabilizationMinPhaseOfStage = 0
--- PRIMAL HEURISTIC PARAMETERS ---
UseInitialPrimalHeur = false
MaxTimeForRestrictedMasterIpHeur = -1
CallFrequencyOfRestrictedMasterIpHeur = 5
MIPemphasisInRestrictedMasterIpHeur = 1
PolishingAfterTimeInRestrictedMasterIpHeur = -1
DivingHeurUseDepthLimit = -1
CallFrequencyOfDivingHeur = 1
LeastFractional
Closest2RoundUp
LeastGreedyCost
LeastCost
FixIntValBeforeRoundingHeur = true
MaxNbOfCgIteDuringRh = 5000
MaxLDSbreadth = 0
MaxLDSdepth = 0
DivingHeurStopsWithFirstFeasSol = false
DivingHeurPreprocessBeforeChoosingVar = false
StrongDivingCandidatesNumber = 1
EvalAlgParamsInDiving = max#cand. = 1 max#cg.iters = 10000 min.lvl.sp.restr. = 1 min#cut.rounds = 0 max#cut.rounds = 0 red.cost.fix&enum. = false tree.size.ratio = 1
LocalSearchHeurUseDepthLimit = -1
LeastFractional
Closest2RoundUp
LeastGreedyCost
LeastCost
MaxFactorOfColFixedByLocalSearchHeur = 0.8
MaxLocalSearchIterationCounter = 3
--- STRONG BRANCHING PARAMETERS ---
SimplifiedStrongBranchingParameterisation = true
StrongBranchingPhaseOneCandidatesNumber = 100
StrongBranchingPhaseOneTreeSizeEstimRatio = 0.2
StrongBranchingPhaseTwoCandidatesNumber = 3
StrongBranchingPhaseTwoTreeSizeEstimRatio = 0.02
SafeDualBoundScaleFactor = -1
StrongBranchingPhaseOne = max#cand. = 100 max#cg.iters = 0 min.lvl.sp.restr. = 0 min#cut.rounds = 0 max#cut.rounds = 0 red.cost.fix&enum. = false tree.size.ratio = 0.2
StrongBranchingPhaseTwo = max#cand. = 3 max#cg.iters = 10000 min.lvl.sp.restr. = 1 min#cut.rounds = 0 max#cut.rounds = 0 red.cost.fix&enum. = false tree.size.ratio = 0.02
StrongBranchingPhaseThree = max#cand. = 1 max#cg.iters = 10000 min.lvl.sp.restr. = 0 min#cut.rounds = 0 max#cut.rounds = 10000 red.cost.fix&enum. = true tree.size.ratio = 1
StrongBranchingPhaseFour =not active
--- DEBUG OUTPUT PARAMETERS ---
printMasterPrimalSols = 0
--- VRPSOLVER PARAMETERS ---
RCSPstopCutGenTimeThresholdInPricing = 10
RCSPhardTimeThresholdInPricing = 25
RCSPredCostFixingTimeThreshold = 100
RCSPnumberOfBucketsPerVertex = 25
RCSPdynamicBucketSteps = 1
RCSPuseBidirectionalSearch = 2
RCSPapplyReducedCostFixing = 1
RCSPmaxNumOfColsPerIteration = 30
RCSPmaxNumOfColsPerExactIteration = 150
RCSPmaxNumOfLabelsInEnumeration = 500000
RCSPmaxNumOfLabelsInHeurEnumeration = 0
RCSPmaxNumOfEnumeratedSolutions = 5000000
RCSPmaxNumOfEnumSolutionsForMIP = 10000
RCSPmaxNumOfEnumSolsForEndOfNodeMIP = 10000
RCSPinitNGneighbourhoodSize = 8
RCSPmaxNGneighbourhoodSize = 8
RCSPrankOneCutsMaxNumRows = 5
RCSPrankOneCutsMaxNumPerRound = 100
RCSPrankOneCutsMemoryType = 0
RCSPrankOneCutsLSnumIterations = 1000
RCSPallowRoutesWithSameVerticesSet = true
RCSPredCostFixingFalseGap = 0
SafeDualBoundScaleFactor = -1
RCSPmaxNumOfLabelsInHeurEnumeration = 0
MaxNumEnumSolsInRestrictedMasterIpHeur = 5000

prName & bcTimeMain \\ 
New model incumbent solution 1e+07, TIME = 0h0m0s47t = 47
RCSP solver info : size of non-robust cut bitmask in a label is 640 bits
Bucket steps were recalculated for graph G_0 : [30]
RCSP solver info : symmetric case is detected for graph G_0! 
Bidirectional border value is initialised to 375
RCSP solver info : number of forw. reachable buckets / buck. strongly connected components is 1573( 97.5806% ) / 1048( 66.6243% )
RCSP solver info: std. label size is 56, ext. label size is 136
Generating neighbourhoods for rank-1 cuts separation
Building structures for 4- and 5-row rank-1 packing cut separation...done!
Model is built TIME = 0h0m0s48t = 48
************************************************************************************************
**** BaB tree root node
**** Local DB = -1e+12, global bounds : [ -1e+12 , 1e+07 ], TIME = 0h0m0s48t = 48
**** 1 open nodes, 0 columns (0 active), 0 dyn. constrs. (0 active), 122 art. vars. (122 active)
************************************************************************************************
--------------------------------------------------------------------------
BaPCod info : first we run the root node with rank-1 cuts with node memory
--------------------------------------------------------------------------
#<DWph=2> <it=  1> <et=0.48> <Mt= 0.00> <Spt= 0.00> <nCl= 30> <al=0.00> <DB=-54719843160.0000> <Mlp=1488000000.0000> <PB=10000000> 
#<DWph=2> <it=  2> <et=0.49> <Mt= 0.00> <Spt= 0.00> <nCl= 30> <al=0.55> <DB=-35733662204.2636> <Mlp=1410545712.5455> <PB=10000000> 
#<DWph=2> <it=  3> <et=0.49> <Mt= 0.00> <Spt= 0.00> <nCl= 30> <al=0.45> <DB=-33297688358.5750> <Mlp=1351428998.8810> <PB=10000000> 
#<DWph=2> <it=  4> <et=0.49> <Mt= 0.00> <Spt= 0.01> <nCl= 30> <al=0.35> <DB=-34053910144.9215> <Mlp=1215858070.0595> <PB=10000000> 
#<DWph=2> <it=  5> <et=0.49> <Mt= 0.00> <Spt= 0.00> <nCl= 30> <al=0.42> <DB=-29390791948.1858> <Mlp=1191997922.3404> <PB=10000000> 
#<DWph=2> <it=  6> <et=0.50> <Mt= 0.00> <Spt= 0.00> <nCl= 30> <al=0.47> <DB=-25300287319.8386> <Mlp=1148662866.8564> <PB=10000000> 
#<DWph=2> <it=  7> <et=0.50> <Mt= 0.00> <Spt= 0.00> <nCl= 30> <al=0.53> <DB=-24264619573.4304> <Mlp=1116560550.8386> <PB=10000000> 
#<DWph=2> <it=  8> <et=0.50> <Mt= 0.00> <Spt= 0.01> <nCl= 30> <al=0.57> <DB=-22264901794.3165> <Mlp=1093507837.0374> <PB=10000000> 
#<DWph=2> <it=  9> <et=0.51> <Mt= 0.00> <Spt= 0.00> <nCl= 30> <al=0.62> <DB=-23758508028.6223> <Mlp=1059033793.2735> <PB=10000000> 
#<DWph=2> <it= 10> <et=0.51> <Mt= 0.00> <Spt= 0.00> <nCl= 30> <al=0.65> <DB=-20554149628.9974> <Mlp=1016243308.6885> <PB=10000000> 
#<DWph=2> <it= 11> <et=0.51> <Mt= 0.00> <Spt= 0.00> <nCl= 30> <al=0.69> <DB=-21446295233.1689> <Mlp=823678678.5374> <PB=10000000> 
#<DWph=2> <it= 12> <et=0.51> <Mt= 0.00> <Spt= 0.01> <nCl= 30> <al=0.72> <DB=-21882131019.6402> <Mlp=779557407.7769> <PB=10000000> 
#<DWph=2> <it= 13> <et=0.52> <Mt= 0.00> <Spt= 0.00> <nCl= 30> <al=0.75> <DB=-20866632207.1172> <Mlp=731449860.8772> <PB=10000000> 
#<DWph=2> <it= 14> <et=0.52> <Mt= 0.00> <Spt= 0.00> <nCl= 30> <al=0.77> <DB=-20366958970.7438> <Mlp=651309295.8652> <PB=10000000> 
#<DWph=2> <it= 15> <et=0.52> <Mt= 0.00> <Spt= 0.00> <nCl= 30> <al=0.67> <DB=-18691382603.1854> <Mlp=602302709.7280> <PB=10000000> 
#<DWph=2> <it= 16> <et=0.53> <Mt= 0.00> <Spt= 0.01> <nCl= 30> <al=0.71> <DB=-21059743346.6103> <Mlp=591437639.0616> <PB=10000000> 
#<DWph=2> <it= 17> <et=0.53> <Mt= 0.00> <Spt= 0.00> <nCl= 30> <al=0.74> <DB=-17930353879.3676> <Mlp=571561332.9458> <PB=10000000> 
#<DWph=2> <it= 18> <et=0.53> <Mt= 0.00> <Spt= 0.00> <nCl= 30> <al=0.64> <DB=-18166642679.8086> <Mlp=492895126.4586> <PB=10000000> 
#<DWph=2> <it= 19> <et=0.53> <Mt= 0.00> <Spt= 0.00> <nCl= 30> <al=0.67> <DB=-16981521835.5948> <Mlp=438806687.4293> <PB=10000000> 
#<DWph=2> <it= 20> <et=0.54> <Mt= 0.00> <Spt= 0.01> <nCl= 30> <al=0.70> <DB=-17503380239.9729> <Mlp=318413496.1408> <PB=10000000> 
#<DWph=2> <it= 21> <et=0.54> <Mt= 0.00> <Spt= 0.00> <nCl= 30> <al=0.73> <DB=-16981003633.6683> <Mlp=244203283.0669> <PB=10000000> 
#<DWph=2> <it= 22> <et=0.54> <Mt= 0.00> <Spt= 0.00> <nCl= 30> <al=0.76> <DB=-17074233099.1632> <Mlp=210452931.3555> <PB=10000000> 
#<DWph=2> <it= 23> <et=0.55> <Mt= 0.00> <Spt= 0.00> <nCl= 30> <al=0.78> <DB=-16149320315.9902> <Mlp=186896780.4741> <PB=10000000> 
#<DWph=2> <it= 24> <et=0.55> <Mt= 0.01> <Spt= 0.01> <nCl= 30> <al=0.68> <DB=-14596713043.1574> <Mlp=160690193.3478> <PB=10000000> 
#<DWph=2> <it= 25> <et=0.56> <Mt= 0.00> <Spt= 0.00> <nCl= 30> <al=0.58> <DB=-13792029094.5362> <Mlp=114444649.9388> <PB=10000000> 
#<DWph=2> <it= 26> <et=0.56> <Mt= 0.00> <Spt= 0.00> <nCl= 30> <al=0.48> <DB=-14278348279.0856> <Mlp=87997341.7738> <PB=10000000> 
#<DWph=2> <it= 27> <et=0.56> <Mt= 0.00> <Spt= 0.00> <nCl= 30> <al=0.54> <DB=-13763706863.5999> <Mlp=50615329.3302> <PB=10000000> 
#<DWph=2> <it= 28> <et=0.57> <Mt= 0.00> <Spt= 0.01> <nCl= 30> <al=0.58> <DB=-11646364910.8565> <Mlp=30815165.4867> <PB=10000000> 
#<DWph=2> <it= 29> <et=0.57> <Mt= 0.00> <Spt= 0.00> <nCl= 30> <al=0.48> <DB=-7655924050.8468> <Mlp=2516941.5556> <PB=10000000> 
#<DWph=2> <it= 30> <et=0.58> <Mt= 0.00> <Spt= 0.00> <nCl= 30> <al=0.38> <DB=-2649385817.4164> <Mlp=117949.9556> <PB=10000000> 
<DWph=2> <it= 31> <et=0.58> <Mt= 0.00> <Spt= 0.00> <nCl= 30> <al=0.00> <DB=-317242.0840> <Mlp= 5574.0342> <PB=10000000> 
<DWph=2> <it= 32> <et=0.58> <Mt= 0.01> <Spt= 0.01> <nCl=  3> <al=0.18> <DB=-53639.3602> <Mlp= 5180.6510> <PB=10000000> 
<DWph=2> <it= 33> <et=0.59> <Mt= 0.00> <Spt= 0.00> <nCl= 30> <al=0.08> <DB=-71783.6367> <Mlp= 5180.1598> <PB=10000000> 
<DWph=2> <it= 34> <et=0.59> <Mt= 0.00> <Spt= 0.00> <nCl= 21> <al=0.17> <DB=-5389.0565> <Mlp= 4800.5644> <PB=10000000> 
<DWph=2> <it= 35> <et=0.60> <Mt= 0.00> <Spt= 0.00> <nCl= 30> <al=0.07> <DB=-83405.5287> <Mlp= 4489.9919> <PB=10000000> 
<DWph=2> <it= 36> <et=0.60> <Mt= 0.00> <Spt= 0.01> <nCl= 30> <al=0.17> <DB=-118708.9465> <Mlp= 4300.6720> <PB=10000000> 
<DWph=2> <it= 37> <et=0.60> <Mt= 0.00> <Spt= 0.00> <nCl= 30> <al=0.25> <DB=-80733.0366> <Mlp= 4228.4999> <PB=10000000> 
<DWph=2> <it= 38> <et=0.61> <Mt= 0.00> <Spt= 0.00> <nCl= 30> <al=0.33> <DB=-32321.1265> <Mlp= 4202.6282> <PB=10000000> 
<DWph=2> <it= 39> <et=0.61> <Mt= 0.01> <Spt= 0.00> <nCl= 30> <al=0.39> <DB=-20640.0423> <Mlp= 4038.4347> <PB=10000000> 
<DWph=2> <it= 40> <et=0.62> <Mt= 0.00> <Spt= 0.01> <nCl= 30> <al=0.45> <DB=-27835.5090> <Mlp= 3937.4966> <PB=10000000> 
<DWph=2> <it= 41> <et=0.62> <Mt= 0.00> <Spt= 0.00> <nCl= 30> <al=0.51> <DB=-3557.4813> <Mlp= 3878.4182> <PB=10000000> 
<DWph=2> <it= 42> <et=0.62> <Mt= 0.00> <Spt= 0.00> <nCl= 30> <al=0.56> <DB=-19781.6179> <Mlp= 3793.8788> <PB=10000000> 
<DWph=2> <it= 43> <et=0.63> <Mt= 0.00> <Spt= 0.00> <nCl= 30> <al=0.60> <DB=-17142.2855> <Mlp= 3596.3039> <PB=10000000> 
<DWph=2> <it= 44> <et=0.63> <Mt= 0.00> <Spt= 0.01> <nCl= 30> <al=0.64> <DB=-8845.3886> <Mlp= 3474.7106> <PB=10000000> 
<DWph=2> <it= 45> <et=0.64> <Mt= 0.00> <Spt= 0.00> <nCl= 30> <al=0.68> <DB=-1651.3770> <Mlp= 3298.9652> <PB=10000000> 
<DWph=2> <it= 46> <et=0.64> <Mt= 0.00> <Spt= 0.00> <nCl= 30> <al=0.71> <DB=-8568.0744> <Mlp= 3259.7605> <PB=10000000> 
<DWph=2> <it= 47> <et=0.64> <Mt= 0.01> <Spt= 0.00> <nCl= 30> <al=0.74> <DB=-4275.5770> <Mlp= 3153.0920> <PB=10000000> 
<DWph=2> <it= 48> <et=0.65> <Mt= 0.00> <Spt= 0.01> <nCl= 30> <al=0.76> <DB=-2366.2301> <Mlp= 3104.8965> <PB=10000000> 
<DWph=2> <it= 49> <et=0.65> <Mt= 0.00> <Spt= 0.00> <nCl= 30> <al=0.79> <DB= -373.7287> <Mlp= 3057.3124> <PB=10000000> 
<DWph=2> <it= 50> <et=0.65> <Mt= 0.00> <Spt= 0.00> <nCl= 30> <al=0.81> <DB=-3835.9395> <Mlp= 3038.5744> <PB=10000000> 
<DWph=2> <it= 51> <et=0.66> <Mt= 0.00> <Spt= 0.01> <nCl= 30> <al=0.83> <DB=  229.4830> <Mlp= 2914.5498> <PB=10000000> 
<DWph=2> <it= 52> <et=0.66> <Mt= 0.00> <Spt= 0.00> <nCl= 30> <al=0.85> <DB=-2437.6137> <Mlp= 2802.5270> <PB=10000000> 
<DWph=2> <it= 53> <et=0.67> <Mt= 0.00> <Spt= 0.00> <nCl= 30> <al=0.86> <DB=   12.1333> <Mlp= 2618.6761> <PB=10000000> 
<DWph=2> <it= 54> <et=0.67> <Mt= 0.01> <Spt= 0.01> <nCl= 30> <al=0.87> <DB= -506.1572> <Mlp= 2554.2595> <PB=10000000> 
<DWph=2> <it= 55> <et=0.68> <Mt= 0.00> <Spt= 0.00> <nCl= 29> <al=0.89> <DB=  508.9692> <Mlp= 2527.8790> <PB=10000000> 
<DWph=2> <it= 56> <et=0.68> <Mt= 0.00> <Spt= 0.00> <nCl= 30> <al=0.90> <DB=  852.6896> <Mlp= 2512.0125> <PB=10000000> 
<DWph=2> <it= 57> <et=0.69> <Mt= 0.00> <Spt= 0.00> <nCl= 30> <al=0.91> <DB= -415.2789> <Mlp= 2440.3586> <PB=10000000> 
<DWph=2> <it= 58> <et=0.69> <Mt= 0.00> <Spt= 0.01> <nCl= 27> <al=0.92> <DB=  443.2780> <Mlp= 2363.7501> <PB=10000000> 
<DWph=2> <it= 59> <et=0.70> <Mt= 0.00> <Spt= 0.00> <nCl= 25> <al=0.93> <DB=  916.1906> <Mlp= 2335.1794> <PB=10000000> 
<DWph=2> <it= 60> <et=0.70> <Mt= 0.00> <Spt= 0.00> <nCl= 30> <al=0.83> <DB=-2236.2988> <Mlp= 2323.2004> <PB=10000000> 
<DWph=2> <it= 61> <et=0.70> <Mt= 0.00> <Spt= 0.01> <nCl= 27> <al=0.84> <DB=  515.6413> <Mlp= 2298.7627> <PB=10000000> 
<DWph=2> <it= 62> <et=0.71> <Mt= 0.01> <Spt= 0.00> <nCl= 30> <al=0.86> <DB=  477.9932> <Mlp= 2255.6403> <PB=10000000> 
<DWph=2> <it= 63> <et=0.72> <Mt= 0.00> <Spt= 0.00> <nCl= 27> <al=0.87> <DB= 1092.5974> <Mlp= 2226.8079> <PB=10000000> 
<DWph=2> <it= 64> <et=0.72> <Mt= 0.00> <Spt= 0.01> <nCl= 29> <al=0.89> <DB=  -36.7591> <Mlp= 2223.0577> <PB=10000000> 
<DWph=2> <it= 65> <et=0.73> <Mt= 0.00> <Spt= 0.00> <nCl= 29> <al=0.79> <DB=  360.4374> <Mlp= 2199.3162> <PB=10000000> 
<DWph=2> <it= 66> <et=0.73> <Mt= 0.00> <Spt= 0.00> <nCl= 27> <al=0.81> <DB=  759.0491> <Mlp= 2183.8205> <PB=10000000> 
<DWph=2> <it= 67> <et=0.73> <Mt= 0.01> <Spt= 0.00> <nCl= 27> <al=0.83> <DB= 1189.9806> <Mlp= 2177.7899> <PB=10000000> 
<DWph=2> <it= 68> <et=0.74> <Mt= 0.00> <Spt= 0.01> <nCl= 25> <al=0.84> <DB= 1245.7527> <Mlp= 2176.6102> <PB=10000000> 
<DWph=2> <it= 69> <et=0.74> <Mt= 0.00> <Spt= 0.00> <nCl= 29> <al=0.86> <DB=  771.5967> <Mlp= 2163.7298> <PB=10000000> 
<DWph=2> <it= 70> <et=0.75> <Mt= 0.00> <Spt= 0.00> <nCl= 25> <al=0.87> <DB= 1141.9264> <Mlp= 2162.7476> <PB=10000000> 
<DWph=2> <it= 71> <et=0.75> <Mt= 0.00> <Spt= 0.01> <nCl= 30> <al=0.89> <DB= 1562.4254> <Mlp= 2144.7466> <PB=10000000> 
<DWph=2> <it= 72> <et=0.76> <Mt= 0.00> <Spt= 0.00> <nCl= 29> <al=0.90> <DB= 1331.2041> <Mlp= 2136.8596> <PB=10000000> 
<DWph=2> <it= 73> <et=0.76> <Mt= 0.01> <Spt= 0.00> <nCl= 27> <al=0.91> <DB= 1612.6051> <Mlp= 2107.0114> <PB=10000000> 
<DWph=2> <it= 74> <et=0.77> <Mt= 0.00> <Spt= 0.00> <nCl= 30> <al=0.81> <DB=  399.6455> <Mlp= 2095.3559> <PB=10000000> 
<DWph=2> <it= 75> <et=0.78> <Mt= 0.00> <Spt= 0.01> <nCl= 29> <al=0.83> <DB= 1366.3028> <Mlp= 2080.1003> <PB=10000000> 
<DWph=2> <it= 76> <et=0.78> <Mt= 0.01> <Spt= 0.00> <nCl= 30> <al=0.73> <DB= 1308.5456> <Mlp= 2066.0460> <PB=10000000> 
<DWph=2> <it= 77> <et=0.79> <Mt= 0.00> <Spt= 0.00> <nCl= 30> <al=0.75> <DB= 1328.5285> <Mlp= 2028.6089> <PB=10000000> 
<DWph=2> <it= 78> <et=0.81> <Mt= 0.01> <Spt= 0.01> <nCl= 28> <al=0.78> <DB= 1131.8193> <Mlp= 2021.1984> <PB=10000000> 
<DWph=2> <it= 79> <et=0.82> <Mt= 0.01> <Spt= 0.00> <nCl= 30> <al=0.80> <DB= 1507.3515> <Mlp= 2013.5621> <PB=10000000> 
<DWph=2> <it= 80> <et=0.83> <Mt= 0.01> <Spt= 0.00> <nCl= 24> <al=0.82> <DB= 1841.5545> <Mlp= 2005.2167> <PB=10000000> 
<DWph=2> <it= 81> <et=0.83> <Mt= 0.00> <Spt= 0.01> <nCl= 29> <al=0.72> <DB= 1015.5065> <Mlp= 2005.2167> <PB=10000000> 
<DWph=2> <it= 82> <et=0.84> <Mt= 0.00> <Spt= 0.00> <nCl= 25> <al=0.75> <DB= 1302.8260> <Mlp= 1989.5752> <PB=10000000> 
<DWph=2> <it= 83> <et=0.85> <Mt= 0.01> <Spt= 0.00> <nCl= 25> <al=0.77> <DB= 1783.8391> <Mlp= 1989.5163> <PB=10000000> 
<DWph=2> <it= 84> <et=0.85> <Mt= 0.00> <Spt= 0.01> <nCl= 27> <al=0.67> <DB= 1555.6476> <Mlp= 1987.2197> <PB=10000000> 
<DWph=2> <it= 85> <et=0.86> <Mt= 0.01> <Spt= 0.00> <nCl= 29> <al=0.71> <DB= 1584.9716> <Mlp= 1981.5670> <PB=10000000> 
<DWph=2> <it= 86> <et=0.87> <Mt= 0.00> <Spt= 0.00> <nCl= 24> <al=0.74> <DB= 1630.0473> <Mlp= 1980.9950> <PB=10000000> 
<DWph=2> <it= 87> <et=0.88> <Mt= 0.01> <Spt= 0.01> <nCl= 22> <al=0.76> <DB= 1873.0573> <Mlp= 1974.0936> <PB=10000000> 
<DWph=2> <it= 88> <et=0.88> <Mt= 0.00> <Spt= 0.00> <nCl= 25> <al=0.66> <DB= 1840.8917> <Mlp= 1973.5686> <PB=10000000> 
<DWph=2> <it= 89> <et=0.89> <Mt= 0.00> <Spt= 0.00> <nCl= 29> <al=0.56> <DB= 1221.6248> <Mlp= 1972.3214> <PB=10000000> 
<DWph=2> <it= 90> <et=0.89> <Mt= 0.00> <Spt= 0.01> <nCl= 29> <al=0.61> <DB=  776.1729> <Mlp= 1967.3513> <PB=10000000> 
<DWph=2> <it= 91> <et=0.90> <Mt= 0.01> <Spt= 0.00> <nCl= 25> <al=0.65> <DB= 1577.5445> <Mlp= 1964.1695> <PB=10000000> 
<DWph=2> <it= 92> <et=0.91> <Mt= 0.00> <Spt= 0.00> <nCl= 15> <al=0.68> <DB= 1830.9720> <Mlp= 1960.8204> <PB=10000000> 
<DWph=2> <it= 93> <et=0.91> <Mt= 0.00> <Spt= 0.01> <nCl= 18> <al=0.58> <DB= 1634.2167> <Mlp= 1960.2212> <PB=10000000> 
<DWph=2> <it= 94> <et=0.91> <Mt= 0.00> <Spt= 0.00> <nCl= 11> <al=0.62> <DB= 1425.0951> <Mlp= 1959.8441> <PB=10000000> 
<DWph=2> <it= 95> <et=0.92> <Mt= 0.01> <Spt= 0.00> <nCl= 23> <al=0.66> <DB= 1661.6169> <Mlp= 1955.9248> <PB=10000000> 
<DWph=2> <it= 96> <et=0.93> <Mt= 0.00> <Spt= 0.01> <nCl= 41> <al=0.39> <DB= 1147.3477> <Mlp= 1955.7611> <PB=10000000> 
<DWph=2> <it= 97> <et=0.93> <Mt= 0.00> <Spt= 0.00> <nCl= 24> <al=0.59> <DB= 1716.5735> <Mlp= 1954.2431> <PB=10000000> 
<DWph=2> <it= 98> <et=0.94> <Mt= 0.00> <Spt= 0.00> <nCl= 14> <al=0.64> <DB= 1737.4716> <Mlp= 1953.6581> <PB=10000000> 
<DWph=2> <it= 99> <et=0.94> <Mt= 0.00> <Spt= 0.01> <nCl= 12> <al=0.54> <DB= 1763.8507> <Mlp= 1953.5536> <PB=10000000> 
<DWph=2> <it=100> <et=0.95> <Mt= 0.00> <Spt= 0.00> <nCl= 12> <al=0.44> <DB= 1873.1987> <Mlp= 1953.5536> <PB=10000000> 
<DWph=2> <it=101> <et=0.95> <Mt= 0.00> <Spt= 0.00> <nCl= 27> <al=0.49> <DB= 1431.7982> <Mlp= 1953.5511> <PB=10000000> 
<DWph=2> <it=102> <et=0.95> <Mt= 0.00> <Spt= 0.00> <nCl= 28> <al=0.54> <DB= 1570.3797> <Mlp= 1949.6095> <PB=10000000> 
<DWph=2> <it=103> <et=0.96> <Mt= 0.00> <Spt= 0.01> <nCl= 11> <al=0.59> <DB= 1849.3831> <Mlp= 1949.1560> <PB=10000000> 
<DWph=2> <it=104> <et=0.96> <Mt= 0.00> <Spt= 0.00> <nCl=  7> <al=0.63> <DB= 1877.0502> <Mlp= 1949.1560> <PB=10000000> 
<DWph=2> <it=105> <et=0.96> <Mt= 0.00> <Spt= 0.00> <nCl= 18> <al=0.53> <DB= 1211.9005> <Mlp= 1948.8902> <PB=10000000> 
<DWph=2> <it=106> <et=0.97> <Mt= 0.01> <Spt= 0.01> <nCl= 21> <al=0.58> <DB= 1424.9707> <Mlp= 1947.7146> <PB=10000000> 
<DWph=2> <it=107> <et=0.97> <Mt= 0.00> <Spt= 0.00> <nCl= 13> <al=0.62> <DB= 1536.6215> <Mlp= 1945.1149> <PB=10000000> 
<DWph=2> <it=108> <et=0.98> <Mt= 0.00> <Spt= 0.00> <nCl=  9> <al=0.66> <DB= 1704.2194> <Mlp= 1945.1149> <PB=10000000> 
<DWph=2> <it=109> <et=0.98> <Mt= 0.00> <Spt= 0.01> <nCl= 14> <al=0.56> <DB= 1740.8919> <Mlp= 1945.1149> <PB=10000000> 
<DWph=2> <it=110> <et=0.99> <Mt= 0.00> <Spt= 0.00> <nCl= 13> <al=0.46> <DB= 1758.6722> <Mlp= 1945.0393> <PB=10000000> 
<DWph=2> <it=111> <et=0.99> <Mt= 0.00> <Spt= 0.00> <nCl=  3> <al=0.51> <DB= 1782.2349> <Mlp= 1945.0393> <PB=10000000> 
<DWph=2> <it=112> <et=0.99> <Mt= 0.00> <Spt= 0.01> <nCl=  6> <al=0.41> <DB= 1814.0826> <Mlp= 1945.0393> <PB=10000000> 
<DWph=2> <it=113> <et=1.00> <Mt= 0.00> <Spt= 0.00> <nCl=  8> <al=0.31> <DB= 1902.6453> <Mlp= 1944.9924> <PB=10000000> 
<DWph=2> <it=114> <et=1.00> <Mt= 0.00> <Spt= 0.00> <nCl= 21> <al=0.38> <DB= 1702.2386> <Mlp= 1944.9924> <PB=10000000> 
<DWph=2> <it=115> <et=1.00> <Mt= 0.00> <Spt= 0.00> <nCl= 11> <al=0.44> <DB= 1684.1868> <Mlp= 1944.9924> <PB=10000000> 
<DWph=2> <it=116> <et=1.01> <Mt= 0.00> <Spt= 0.01> <nCl= 17> <al=0.00> <DB= 1706.1331> <Mlp= 1944.9924> <PB=10000000> 
<DWph=2> <it=117> <et=1.02> <Mt= 0.00> <Spt= 0.00> <nCl=  8> <al=0.40> <DB= 1561.2938> <Mlp= 1944.9924> <PB=10000000> 
<DWph=2> <it=118> <et=1.02> <Mt= 0.01> <Spt= 0.01> <nCl=  9> <al=0.00> <DB= 1750.6198> <Mlp= 1944.9924> <PB=10000000> 
<DWph=2> <it=119> <et=1.03> <Mt= 0.00> <Spt= 0.00> <nCl=  8> <al=0.36> <DB= 1922.7823> <Mlp= 1944.9924> <PB=10000000> 
<DWph=2> <it=120> <et=1.03> <Mt= 0.00> <Spt= 0.01> <nCl=  4> <al=0.00> <DB= 1944.9924> <Mlp= 1944.9924> <PB=10000000> 
<DWph=1> <it=121> <et=1.04> <Mt= 0.00> <Spt= 0.01> <nCl= 25> <al=0.32> <DB= 1456.4373> <Mlp= 1944.9924> <PB=10000000> 
<DWph=1> <it=122> <et=1.05> <Mt= 0.00> <Spt= 0.01> <nCl= 17> <al=0.39> <DB= 1384.9816> <Mlp= 1944.2523> <PB=10000000> 
<DWph=1> <it=123> <et=1.07> <Mt= 0.00> <Spt= 0.01> <nCl= 20> <al=0.29> <DB= 1726.8233> <Mlp= 1943.9712> <PB=10000000> 
<DWph=1> <it=124> <et=1.08> <Mt= 0.00> <Spt= 0.01> <nCl= 14> <al=0.19> <DB= 1626.1350> <Mlp= 1943.6970> <PB=10000000> 
<DWph=1> <it=125> <et=1.09> <Mt= 0.00> <Spt= 0.01> <nCl=  9> <al=0.27> <DB= 1686.8357> <Mlp= 1943.6970> <PB=10000000> 
<DWph=1> <it=126> <et=1.10> <Mt= 0.00> <Spt= 0.01> <nCl=  7> <al=0.17> <DB= 1858.5185> <Mlp= 1943.6247> <PB=10000000> 
<DWph=1> <it=127> <et=1.11> <Mt= 0.00> <Spt= 0.01> <nCl= 11> <al=0.25> <DB= 1757.8349> <Mlp= 1943.5049> <PB=10000000> 
<DWph=1> <it=128> <et=1.12> <Mt= 0.00> <Spt= 0.01> <nCl=  1> <al=0.15> <DB= 1806.4908> <Mlp= 1943.5049> <PB=10000000> 
<DWph=1> <it=129> <et=1.13> <Mt= 0.00> <Spt= 0.00> <nCl=  8> <al=0.24> <DB= 1919.2029> <Mlp= 1943.3669> <PB=10000000> 
<DWph=1> <it=130> <et=1.15> <Mt= 0.01> <Spt= 0.02> <nCl= 14> <al=0.00> <DB= 1438.6108> <Mlp= 1943.3669> <PB=10000000> 
<DWph=1> <it=131> <et=1.16> <Mt= 0.00> <Spt= 0.01> <nCl= 18> <al=0.21> <DB= 1673.4178> <Mlp= 1941.3190> <PB=10000000> 
<DWph=1> <it=132> <et=1.17> <Mt= 0.00> <Spt= 0.01> <nCl= 11> <al=0.29> <DB= 1590.8827> <Mlp= 1941.3190> <PB=10000000> 
<DWph=1> <it=133> <et=1.18> <Mt= 0.00> <Spt= 0.01> <nCl=  3> <al=0.36> <DB= 1766.6246> <Mlp= 1941.3190> <PB=10000000> 
<DWph=1> <it=134> <et=1.19> <Mt= 0.00> <Spt= 0.01> <nCl=  3> <al=0.26> <DB= 1851.0561> <Mlp= 1941.3190> <PB=10000000> 
<DWph=1> <it=135> <et=1.20> <Mt= 0.00> <Spt= 0.01> <nCl=  6> <al=0.16> <DB= 1815.5368> <Mlp= 1941.3165> <PB=10000000> 
<DWph=1> <it=136> <et=1.21> <Mt= 0.00> <Spt= 0.01> <nCl=  2> <al=0.25> <DB= 1848.5812> <Mlp= 1941.3165> <PB=10000000> 
<DWph=1> <it=137> <et=1.22> <Mt= 0.00> <Spt= 0.01> <nCl=  2> <al=0.32> <DB= 1828.8859> <Mlp= 1941.3165> <PB=10000000> 
<DWph=1> <it=138> <et=1.24> <Mt= 0.00> <Spt= 0.02> <nCl= 16> <al=0.00> <DB= 1735.3916> <Mlp= 1941.3165> <PB=10000000> 
<DWph=1> <it=139> <et=1.26> <Mt= 0.00> <Spt= 0.01> <nCl=  8> <al=0.12> <DB= 1822.0189> <Mlp= 1941.3165> <PB=10000000> 
<DWph=1> <it=140> <et=1.27> <Mt= 0.00> <Spt= 0.01> <nCl=  2> <al=0.21> <DB= 1906.0175> <Mlp= 1941.3138> <PB=10000000> 
<DWph=1> <it=141> <et=1.28> <Mt= 0.00> <Spt= 0.01> <nCl=  4> <al=0.11> <DB= 1881.2047> <Mlp= 1941.3138> <PB=10000000> 
<DWph=1> <it=142> <et=1.29> <Mt= 0.01> <Spt= 0.01> <nCl=  2> <al=0.01> <DB= 1921.8836> <Mlp= 1941.3138> <PB=10000000> 
<DWph=1> <it=143> <et=1.31> <Mt= 0.00> <Spt= 0.02> <nCl=  1> <al=0.00> <DB= 1933.0682> <Mlp= 1941.3138> <PB=10000000> 
<DWph=1> <it=144> <et=1.33> <Mt= 0.00> <Spt= 0.02> <nCl=  0> <al=0.00> <DB= 1941.3138> <Mlp= 1941.3138> <PB=10000000> 
    RCSP exact solver info for graph G_0 : TT = 0.033688, pt = 1.3e-05, dt = 0.03192, ct = 0.001268, ndl = 8606', bdl = 367684', odl = 7002', odf = 55945', bsi = 1440', cnt = 63257', bdch = 5274350', odch = 297548', lcp = 192004', #sols = 150
<DWph=0> <it=145> <et=1.37> <Mt= 0.00> <Spt= 0.04> <nCl=138> <al=0.00> <DB= 1570.4366> <Mlp= 1941.3138> <PB=10000000> 
    RCSP exact solver info for graph G_0 : TT = 0.031404, pt = 2.9e-05, dt = 0.029596, ct = 0.001285, ndl = 8445', bdl = 356175', odl = 6750', odf = 54843', bsi = 1472', cnt = 62476', bdch = 5000567', odch = 290350', lcp = 180245', #sols = 150
<DWph=0> <it=146> <et=1.40> <Mt= 0.00> <Spt= 0.03> <nCl=121> <al=0.00> <DB= 1649.1196> <Mlp= 1940.5697> <PB=10000000> 
    RCSP exact solver info for graph G_0 : TT = 0.031681, pt = 2.5e-05, dt = 0.0298, ct = 0.00132, ndl = 8484', bdl = 361735', odl = 6865', odf = 54862', bsi = 1453', cnt = 61113', bdch = 5104786', odch = 300466', lcp = 186529', #sols = 150
<DWph=0> <it=147> <et=1.44> <Mt= 0.00> <Spt= 0.04> <nCl= 40> <al=0.02> <DB= 1902.0446> <Mlp= 1940.4043> <PB=10000000> 
    RCSP exact solver info for graph G_0 : TT = 0.031124, pt = 2.5e-05, dt = 0.029285, ct = 0.0013, ndl = 8474', bdl = 361319', odl = 6829', odf = 54737', bsi = 1455', cnt = 61352', bdch = 5085200', odch = 297090', lcp = 183638', #sols = 150
    RCSP exact solver info for graph G_0 : TT = 0.031421, pt = 2.4e-05, dt = 0.029624, ct = 0.001271, ndl = 8552', bdl = 363776', odl = 6851', odf = 55195', bsi = 1455', cnt = 61525', bdch = 5151220', odch = 299811', lcp = 185571', #sols = 150
<DWph=0> <it=148> <et=1.51> <Mt= 0.00> <Spt= 0.07> <nCl=  9> <al=0.00> <DB= 1940.3851> <Mlp= 1940.3851> <PB=10000000> 
RCSP solver dynamic params and stats :  bidir.bord. = 375 aver.obdmd = 24.3871 aver.buck.num. = 26
@@ 1 0 1940.39 0.0313338 0.033188 91.9586 1.51
RCSP      solver labels distribution in 708 buckets (bucket size) : largest - 84, top 0.1% - 84, top 0.5% - 81, top 2% - 62, top 10% - 30, top 50% - 6
Reduced cost fixing for graph G_0...  TT = 0.068806, pt = 0.006358, dt = 0.06229, ct = 0, ndl = 21217', bdl = 715590', odl = 8225', odf = 104219', lpcb = 48584', cnt = 2154808', bdch = 10840739', odch = 737365', lcp = 319849'
84530 buck. arcs remain (99% from prev., 91.1% from max.) + 0 jump buck. arcs (0% from max.)
 TT = 0.111096, pt = 0.006358, dt = 0.06229, ct = 0.042199, ndl = 21217', bdl = 715590', odl = 8225', odf = 104219', lpcb = 48584', cnt = 2299536', bdch = 10840739', odch = 737365', lcp = 319849'
RCSP      solver labels distribution in 1390 buckets (bucket size) : largest - 84, top 0.1% - 83, top 0.5% - 79, top 2% - 58, top 10% - 35, top 50% - 10
Run forward enumeration with border = 375... not succeeded (ratio 0.982313) lpt = 0.013362, ndl = 20015', dl = 580', lpcb = 0', dch = 13602'
 TT = 0.024877, pt = 0.009082, dt = 0.013362, ct = 0, ndl = 20015', bdl = 580', cnt = 92644', bdch = 13602', odch = 0', lcp = 0'
Bucket graph for G_0 is regenerated as bucket steps were adjusted for 62 vertices
RCSP solver info : number of forw. reachable buckets / buck. strongly connected components is 3031( 95.8571% ) / 3031( 100% )
165109 forw. buck. arcs remain (92.3428% from max.) + 0 jump buck. arcs
ColGenEvalAlg final dual bound: 1940.39 (rounded: 1941)
Shrinking heuristic shrunk 28 edges
In total 8 RCC cut(s) are found by the Fractional capacity min-cut heuristic 
In total 33 RCC cut(s) are found by the greedy construction heuristic 
----- Add fac. cuts : CAP(41), max.viol = 0.608632, aver.viol = 0.221064, sep/add took 0.0042597/0.0804206 sec. -----
3544 columns (3544 active), 41 dyn. constrs. (41 active), 163 art. vars. (163 active)
<DWph=2> <it=  1> <et=1.78> <Mt= 0.01> <Spt= 0.00> <nCl= 15> <al=0.50> <DB= 1946.6440> <Mlp= 1952.9028> <PB=10000000> 
<DWph=2> <it=  2> <et=1.79> <Mt= 0.00> <Spt= 0.01> <nCl= 17> <al=0.40> <DB= 1566.5943> <Mlp= 1952.2381> <PB=10000000> 
<DWph=2> <it=  3> <et=1.80> <Mt= 0.00> <Spt= 0.01> <nCl= 10> <al=0.46> <DB= 1944.9715> <Mlp= 1951.3164> <PB=10000000> 
<DWph=2> <it=  4> <et=1.81> <Mt= 0.01> <Spt= 0.01> <nCl= 28> <al=0.03> <DB= 1737.5248> <Mlp= 1951.1541> <PB=10000000> 
<DWph=2> <it=  5> <et=1.82> <Mt= 0.00> <Spt= 0.01> <nCl= 11> <al=0.41> <DB= 1870.7922> <Mlp= 1950.9582> <PB=10000000> 
<DWph=2> <it=  6> <et=1.83> <Mt= 0.00> <Spt= 0.00> <nCl=  7> <al=0.47> <DB= 1949.1483> <Mlp= 1950.6019> <PB=10000000> 
<DWph=2> <it=  7> <et=1.84> <Mt= 0.00> <Spt= 0.01> <nCl= 11> <al=0.53> <DB= 1949.7274> <Mlp= 1950.5780> <PB=10000000> 
<DWph=2> <it=  8> <et=1.85> <Mt= 0.00> <Spt= 0.01> <nCl=  6> <al=0.57> <DB= 1939.5432> <Mlp= 1950.5780> <PB=10000000> 
<DWph=2> <it=  9> <et=1.86> <Mt= 0.00> <Spt= 0.00> <nCl=  4> <al=0.62> <DB= 1815.5456> <Mlp= 1950.5357> <PB=10000000> 
<DWph=2> <it= 10> <et=1.87> <Mt= 0.01> <Spt= 0.01> <nCl=  9> <al=0.31> <DB= 1894.9988> <Mlp= 1950.5357> <PB=10000000> 
<DWph=2> <it= 11> <et=1.89> <Mt= 0.00> <Spt= 0.02> <nCl=  7> <al=0.11> <DB= 1899.7994> <Mlp= 1950.5357> <PB=10000000> 
<DWph=2> <it= 12> <et=1.90> <Mt= 0.00> <Spt= 0.01> <nCl=  3> <al=0.00> <DB= 1946.9256> <Mlp= 1950.5357> <PB=10000000> 
<DWph=2> <it= 13> <et=1.91> <Mt= 0.00> <Spt= 0.01> <nCl=  0> <al=0.00> <DB= 1950.5357> <Mlp= 1950.5357> <PB=10000000> 
<DWph=1> <it= 14> <et=1.93> <Mt= 0.00> <Spt= 0.02> <nCl= 19> <al=0.25> <DB= 1847.4431> <Mlp= 1950.5357> <PB=10000000> 
<DWph=1> <it= 15> <et=1.95> <Mt= 0.00> <Spt= 0.01> <nCl=  8> <al=0.15> <DB= 1902.9912> <Mlp= 1950.5255> <PB=10000000> 
<DWph=1> <it= 16> <et=1.96> <Mt= 0.00> <Spt= 0.02> <nCl=  4> <al=0.05> <DB= 1938.0414> <Mlp= 1950.5255> <PB=10000000> 
<DWph=1> <it= 17> <et=1.99> <Mt= 0.01> <Spt= 0.03> <nCl=  2> <al=0.00> <DB= 1894.5759> <Mlp= 1950.5220> <PB=10000000> 
<DWph=1> <it= 18> <et=2.03> <Mt= 0.00> <Spt= 0.03> <nCl=  5> <al=0.00> <DB= 1950.5220> <Mlp= 1950.5220> <PB=10000000> 
    RCSP exact solver info for graph G_0 : TT = 0.032993, pt = 7e-05, dt = 0.030907, ct = 0.001482, ndl = 9321', bdl = 385427', odl = 10420', odf = 110530', bsi = 1478', cnt = 72850', bdch = 3847801', odch = 368817', lcp = 154646', #sols = 150
<DWph=0> <it= 19> <et=2.06> <Mt= 0.00> <Spt= 0.04> <nCl= 70> <al=0.00> <DB= 1722.9817> <Mlp= 1950.5220> <PB=10000000> 
    RCSP exact solver info for graph G_0 : TT = 0.034496, pt = 7e-05, dt = 0.032131, ct = 0.001711, ndl = 9720', bdl = 396973', odl = 10629', odf = 115599', bsi = 1522', cnt = 84780', bdch = 4141607', odch = 408793', lcp = 165786', #sols = 150
<DWph=0> <it= 20> <et=2.11> <Mt= 0.00> <Spt= 0.03> <nCl= 39> <al=0.00> <DB= 1787.9122> <Mlp= 1950.0077> <PB=10000000> 
    RCSP exact solver info for graph G_0 : TT = 0.03799, pt = 6.8e-05, dt = 0.035476, ct = 0.001861, ndl = 9989', bdl = 408833', odl = 10483', odf = 117532', bsi = 1496', cnt = 92170', bdch = 4333473', odch = 431910', lcp = 172023', #sols = 150
<DWph=0> <it= 21> <et=2.15> <Mt= 0.00> <Spt= 0.05> <nCl= 21> <al=0.05> <DB= 1935.5938> <Mlp= 1949.9194> <PB=10000000> 
    RCSP exact solver info for graph G_0 : TT = 0.034331, pt = 5.7e-05, dt = 0.031941, ct = 0.001731, ndl = 9877', bdl = 404663', odl = 10485', odf = 117049', bsi = 1502', cnt = 86990', bdch = 4253192', odch = 426647', lcp = 170350', #sols = 150
    RCSP exact solver info for graph G_0 : TT = 0.035999, pt = 7.7e-05, dt = 0.033575, ct = 0.001745, ndl = 9791', bdl = 403382', odl = 10465', odf = 115851', bsi = 1519', cnt = 82914', bdch = 4196084', odch = 417765', lcp = 168373', #sols = 150
<DWph=0> <it= 22> <et=2.23> <Mt= 0.01> <Spt= 0.07> <nCl=  6> <al=0.00> <DB= 1949.9114> <Mlp= 1949.9114> <PB=10000000> 
RCSP solver dynamic params and stats :  bidir.bord. = 375 aver.obdmd = 48.7742 aver.buck.num. = 51
@@ 1 1 1949.91 0.034512 0.037337 92.3428 2.23
    Full reduced cost fixing is not called (gap ratio is 0.999999)
ColGenEvalAlg final dual bound: 1949.91 (rounded: 1950)
False gap improvement since the last cut separation : 0.0490945 (1940.39)
Current active cuts : CAP(10,562.415)
In total 1 RCC cut(s) are found by the connected components heuristic 
Shrinking heuristic shrunk 23 edges
In total 4 RCC cut(s) are found by the Fractional capacity min-cut heuristic 
In total 9 RCC cut(s) are found by the greedy construction heuristic 
----- Add fac. cuts : CAP(14), max.viol = 0.41099, aver.viol = 0.124234, sep/add took 0.00416524/0.0272623 sec. -----
3846 columns (3846 active), 55 dyn. constrs. (24 active), 177 art. vars. (146 active)
<DWph=2> <it=  1> <et=2.29> <Mt= 0.01> <Spt= 0.01> <nCl= 17> <al=0.50> <DB= 1947.1466> <Mlp= 1955.9032> <PB=10000000> 
<DWph=2> <it=  2> <et=2.30> <Mt= 0.00> <Spt= 0.01> <nCl= 15> <al=0.55> <DB= 1950.4045> <Mlp= 1955.7388> <PB=10000000> 
<DWph=2> <it=  3> <et=2.31> <Mt= 0.00> <Spt= 0.00> <nCl= 16> <al=0.60> <DB= 1948.9481> <Mlp= 1955.1068> <PB=10000000> 
<DWph=2> <it=  4> <et=2.31> <Mt= 0.00> <Spt= 0.01> <nCl=  9> <al=0.64> <DB= 1952.2775> <Mlp= 1954.9694> <PB=10000000> 
<DWph=2> <it=  5> <et=2.32> <Mt= 0.01> <Spt= 0.01> <nCl=  9> <al=0.67> <DB= 1953.1375> <Mlp= 1954.8989> <PB=10000000> 
<DWph=2> <it=  6> <et=2.33> <Mt= 0.00> <Spt= 0.01> <nCl= 12> <al=0.70> <DB= 1889.3923> <Mlp= 1954.8717> <PB=10000000> 
<DWph=2> <it=  7> <et=2.34> <Mt= 0.00> <Spt= 0.00> <nCl= 11> <al=0.73> <DB= 1857.8025> <Mlp= 1954.7649> <PB=10000000> 
<DWph=2> <it=  8> <et=2.35> <Mt= 0.00> <Spt= 0.01> <nCl=  6> <al=0.76> <DB= 1951.9988> <Mlp= 1954.5303> <PB=10000000> 
<DWph=2> <it=  9> <et=2.36> <Mt= 0.00> <Spt= 0.01> <nCl=  3> <al=0.66> <DB= 1952.3306> <Mlp= 1954.5275> <PB=10000000> 
<DWph=2> <it= 10> <et=2.37> <Mt= 0.00> <Spt= 0.01> <nCl= 14> <al=0.12> <DB= 1811.1977> <Mlp= 1954.5275> <PB=10000000> 
<DWph=2> <it= 11> <et=2.39> <Mt= 0.01> <Spt= 0.01> <nCl= 13> <al=0.00> <DB= 1953.4294> <Mlp= 1954.3497> <PB=10000000> 
<DWph=2> <it= 12> <et=2.41> <Mt= 0.00> <Spt= 0.02> <nCl=  0> <al=0.00> <DB= 1954.3497> <Mlp= 1954.3497> <PB=10000000> 
<DWph=1> <it= 13> <et=2.42> <Mt= 0.00> <Spt= 0.02> <nCl= 12> <al=0.26> <DB= 1827.5399> <Mlp= 1954.3497> <PB=10000000> 
<DWph=1> <it= 14> <et=2.44> <Mt= 0.00> <Spt= 0.01> <nCl=  3> <al=0.33> <DB= 1911.8843> <Mlp= 1954.3291> <PB=10000000> 
<DWph=1> <it= 15> <et=2.46> <Mt= 0.00> <Spt= 0.02> <nCl=  3> <al=0.23> <DB= 1923.4480> <Mlp= 1954.3286> <PB=10000000> 
<DWph=1> <it= 16> <et=2.48> <Mt= 0.00> <Spt= 0.02> <nCl=  2> <al=0.13> <DB= 1935.5453> <Mlp= 1954.3286> <PB=10000000> 
<DWph=1> <it= 17> <et=2.51> <Mt= 0.00> <Spt= 0.03> <nCl=  1> <al=0.00> <DB= 1954.3286> <Mlp= 1954.3286> <PB=10000000> 
    RCSP exact solver info for graph G_0 : TT = 0.035687, pt = 4.2e-05, dt = 0.033283, ct = 0.001837, ndl = 9754', bdl = 395736', odl = 10106', odf = 113867', bsi = 1478', cnt = 103240', bdch = 4068425', odch = 422490', lcp = 167236', #sols = 150
<DWph=0> <it= 18> <et=2.56> <Mt= 0.00> <Spt= 0.04> <nCl=121> <al=0.12> <DB= 1532.7845> <Mlp= 1954.3286> <PB=10000000> 
    RCSP exact solver info for graph G_0 : TT = 0.035994, pt = 7e-05, dt = 0.033545, ct = 0.001784, ndl = 9823', bdl = 400954', odl = 10440', odf = 114905', bsi = 1497', cnt = 91140', bdch = 4133741', odch = 413045', lcp = 172542', #sols = 150
<DWph=0> <it= 19> <et=2.60> <Mt= 0.01> <Spt= 0.04> <nCl= 29> <al=0.02> <DB= 1944.7893> <Mlp= 1953.7515> <PB=10000000> 
    RCSP exact solver info for graph G_0 : TT = 0.036141, pt = 6.3e-05, dt = 0.03368, ct = 0.001764, ndl = 9796', bdl = 400989', odl = 10506', odf = 114717', bsi = 1499', cnt = 88224', bdch = 4146243', odch = 408795', lcp = 173082', #sols = 150
<DWph=0> <it= 20> <et=2.64> <Mt= 0.00> <Spt= 0.04> <nCl=  2> <al=0.00> <DB= 1953.7510> <Mlp= 1953.7510> <PB=10000000> 
RCSP solver dynamic params and stats :  bidir.bord. = 375 aver.obdmd = 48.7742 aver.buck.num. = 51
@@ 1 2 1953.75 0.0352977 0.035444 92.3428 2.64
    Full reduced cost fixing is not called (gap ratio is 0.999999)
ColGenEvalAlg final dual bound: 1953.75 (rounded: 1954)
False gap improvement since the last cut separation : 0.0196915 (1949.91)
Current active cuts : CAP(6,799.804)
In total 1 RCC cut(s) are found by the connected components heuristic 
Shrinking heuristic shrunk 27 edges
In total 3 RCC cut(s) are found by the Fractional capacity min-cut heuristic 
In total 6 RCC cut(s) are found by the greedy construction heuristic 
In total 3 RCC cut(s) are found by the global pool greedy search heuristic 
----- Add fac. cuts : CAP(13), max.viol = 0.364958, aver.viol = 0.214175, sep/add took 0.00402368/0.022953 sec. -----
4144 columns (4144 active), 37 dyn. constrs. (19 active), 190 art. vars. (141 active)
<DWph=2> <it=  1> <et=2.71> <Mt= 0.01> <Spt= 0.01> <nCl= 16> <al=0.00> <DB= 1947.0163> <Mlp= 1957.7172> <PB=10000000> 
<DWph=2> <it=  2> <et=2.72> <Mt= 0.00> <Spt= 0.01> <nCl=  1> <al=0.40> <DB= 1955.5568> <Mlp= 1957.5897> <PB=10000000> 
<DWph=2> <it=  3> <et=2.73> <Mt= 0.00> <Spt= 0.01> <nCl=  8> <al=0.00> <DB= 1951.3021> <Mlp= 1957.4868> <PB=10000000> 
<DWph=2> <it=  4> <et=2.74> <Mt= 0.00> <Spt= 0.01> <nCl=  7> <al=0.36> <DB= 1953.7968> <Mlp= 1957.3746> <PB=10000000> 
<DWph=2> <it=  5> <et=2.75> <Mt= 0.00> <Spt= 0.01> <nCl=  4> <al=0.00> <DB= 1957.3587> <Mlp= 1957.3587> <PB=10000000> 
<DWph=1> <it=  6> <et=2.77> <Mt= 0.01> <Spt= 0.02> <nCl= 14> <al=0.32> <DB= 1953.4215> <Mlp= 1957.3587> <PB=10000000> 
<DWph=1> <it=  7> <et=2.79> <Mt= 0.00> <Spt= 0.01> <nCl=  4> <al=0.22> <DB= 1955.7611> <Mlp= 1957.3113> <PB=10000000> 
<DWph=1> <it=  8> <et=2.80> <Mt= 0.00> <Spt= 0.02> <nCl=  1> <al=0.30> <DB= 1956.0566> <Mlp= 1957.3080> <PB=10000000> 
<DWph=1> <it=  9> <et=2.84> <Mt= 0.00> <Spt= 0.03> <nCl=  0> <al=0.00> <DB= 1957.3080> <Mlp= 1957.3080> <PB=10000000> 
    RCSP exact solver info for graph G_0 : TT = 0.036628, pt = 3.8e-05, dt = 0.034301, ct = 0.001732, ndl = 10142', bdl = 418539', odl = 10544', odf = 119956', bsi = 1526', cnt = 103829', bdch = 4408857', odch = 457155', lcp = 181612', #sols = 150
<DWph=0> <it= 10> <et=2.88> <Mt= 0.00> <Spt= 0.04> <nCl= 57> <al=0.10> <DB= 1946.8574> <Mlp= 1957.3080> <PB=10000000> 
    RCSP exact solver info for graph G_0 : TT = 0.035049, pt = 5.6e-05, dt = 0.032701, ct = 0.001718, ndl = 10122', bdl = 418771', odl = 10463', odf = 119133', bsi = 1510', cnt = 101086', bdch = 4389538', odch = 453633', lcp = 180719', #sols = 150
<DWph=0> <it= 11> <et=2.92> <Mt= 0.00> <Spt= 0.04> <nCl= 15> <al=0.19> <DB= 1954.1744> <Mlp= 1957.2791> <PB=10000000> 
    RCSP exact solver info for graph G_0 : TT = 0.036758, pt = 6.2e-05, dt = 0.034459, ct = 0.001674, ndl = 9871', bdl = 408964', odl = 10517', odf = 117593', bsi = 1530', cnt = 96665', bdch = 4209270', odch = 442509', lcp = 176421', #sols = 150
    RCSP exact solver info for graph G_0 : TT = 0.03342, pt = 4.8e-05, dt = 0.031088, ct = 0.00173, ndl = 9631', bdl = 399360', odl = 10540', odf = 115965', bsi = 1504', cnt = 93710', bdch = 4040189', odch = 423095', lcp = 169651', #sols = 150
<DWph=0> <it= 12> <et=3.00> <Mt= 0.00> <Spt= 0.07> <nCl=  5> <al=0.00> <DB= 1957.2440> <Mlp= 1957.2440> <PB=10000000> 
RCSP solver dynamic params and stats :  bidir.bord. = 375 aver.obdmd = 48.7742 aver.buck.num. = 51
@@ 1 3 1957.24 0.0348508 0.036133 92.3428 3
    Full reduced cost fixing is not called (gap ratio is 0.999998)
ColGenEvalAlg final dual bound: 1957.24 (rounded: 1958)
False gap improvement since the last cut separation : 0.0178781 (1953.75)
Current active cuts : CAP(10,922.156)
In total 3 RCC cut(s) are found by the connected components heuristic 
Shrinking heuristic shrunk 20 edges
In total 6 RCC cut(s) are found by the Fractional capacity min-cut heuristic 
In total 14 RCC cut(s) are found by the greedy construction heuristic 
In total 10 RCC cut(s) are found by the global pool greedy search heuristic 
----- Add fac. cuts : CAP(33), max.viol = 0.135191, aver.viol = 0.0498655, sep/add took 0.00756556/0.0802873 sec. -----
4276 columns (4276 active), 52 dyn. constrs. (43 active), 223 art. vars. (165 active)
<DWph=2> <it=  1> <et=3.13> <Mt= 0.02> <Spt= 0.02> <nCl= 21> <al=0.00> <DB= 1937.8918> <Mlp= 1958.6113> <PB=10000000> 
<DWph=2> <it=  2> <et=3.14> <Mt= 0.00> <Spt= 0.01> <nCl=  9> <al=0.00> <DB= 1948.7393> <Mlp= 1958.6113> <PB=10000000> 
<DWph=2> <it=  3> <et=3.15> <Mt= 0.00> <Spt= 0.00> <nCl=  3> <al=0.30> <DB= 1957.7211> <Mlp= 1958.5620> <PB=10000000> 
<DWph=2> <it=  4> <et=3.16> <Mt= 0.00> <Spt= 0.02> <nCl=  0> <al=0.00> <DB= 1958.5620> <Mlp= 1958.5620> <PB=10000000> 
<DWph=1> <it=  5> <et=3.18> <Mt= 0.00> <Spt= 0.01> <nCl=  6> <al=0.10> <DB= 1958.0769> <Mlp= 1958.5620> <PB=10000000> 
<DWph=1> <it=  6> <et=3.21> <Mt= 0.00> <Spt= 0.03> <nCl=  2> <al=0.00> <DB= 1957.7397> <Mlp= 1958.5609> <PB=10000000> 
<DWph=1> <it=  7> <et=3.23> <Mt= 0.01> <Spt= 0.02> <nCl=  1> <al=0.09> <DB= 1957.4567> <Mlp= 1958.5518> <PB=10000000> 
<DWph=1> <it=  8> <et=3.24> <Mt= 0.00> <Spt= 0.01> <nCl=  1> <al=0.00> <DB= 1958.5452> <Mlp= 1958.5452> <PB=10000000> 
    RCSP exact solver info for graph G_0 : TT = 0.028734, pt = 0.000109, dt = 0.026574, ct = 0.001449, ndl = 8314', bdl = 345316', odl = 10150', odf = 113550', bsi = 1316', cnt = 78606', bdch = 3183207', odch = 366718', lcp = 143197', #sols = 150
<DWph=0> <it=  9> <et=3.28> <Mt= 0.00> <Spt= 0.03> <nCl= 27> <al=0.00> <DB= 1952.2311> <Mlp= 1958.5452> <PB=10000000> 
    RCSP exact solver info for graph G_0 : TT = 0.029419, pt = 7.1e-05, dt = 0.027371, ct = 0.001373, ndl = 8383', bdl = 347532', odl = 10154', odf = 112957', bsi = 1333', cnt = 80183', bdch = 3217790', odch = 372133', lcp = 144333', #sols = 150
<DWph=0> <it= 10> <et=3.31> <Mt= 0.00> <Spt= 0.04> <nCl=  3> <al=0.00> <DB= 1958.5446> <Mlp= 1958.5446> <PB=10000000> 
RCSP solver dynamic params and stats :  bidir.bord. = 375 aver.obdmd = 48.7742 aver.buck.num. = 51
@@ 1 4 1958.54 0.0283835 0.028744 92.3428 3.31
    Full reduced cost fixing is not called (gap ratio is 0.999998)
ColGenEvalAlg final dual bound: 1958.54 (rounded: 1959)
False gap improvement since the last cut separation : 0.00664512 (1957.24)
Cut generation tailing off counter increased to 1
Current active cuts : CAP(13,1111.06)
In total 2 RCC cut(s) are found by the connected components heuristic 
Shrinking heuristic shrunk 24 edges
In total 2 RCC cut(s) are found by the greedy construction heuristic 
In total 13 RCC cut(s) are found by the global pool greedy search heuristic 
----- Add fac. cuts : CAP(17), max.viol = 0.0670737, aver.viol = 0.0398523, sep/add took 0.0047011/0.0491284 sec. -----
4349 columns (4349 active), 60 dyn. constrs. (30 active), 240 art. vars. (152 active)
<DWph=2> <it=  1> <et=3.39> <Mt= 0.00> <Spt= 0.01> <nCl=  1> <al=0.00> <DB= 1958.6170> <Mlp= 1958.6170> <PB=10000000> 
<DWph=1> <it=  2> <et=3.43> <Mt= 0.01> <Spt= 0.03> <nCl=  0> <al=0.00> <DB= 1958.6170> <Mlp= 1958.6170> <PB=10000000> 
    RCSP exact solver info for graph G_0 : TT = 0.036288, pt = 3.5e-05, dt = 0.033897, ct = 0.001723, ndl = 8536', bdl = 354708', odl = 9992', odf = 114919', bsi = 1382', cnt = 88067', bdch = 3279394', odch = 392873', lcp = 148154', #sols = 150
    RCSP exact solver info for graph G_0 : TT = 0.03131, pt = 5.5e-05, dt = 0.028789, ct = 0.001835, ndl = 8536', bdl = 354708', odl = 9992', odf = 114919', bsi = 1382', cnt = 88067', bdch = 3279394', odch = 392873', lcp = 148154', #sols = 150
<DWph=0> <it=  3> <et=3.50> <Mt= 0.00> <Spt= 0.07> <nCl=  7> <al=0.00> <DB= 1958.6170> <Mlp= 1958.6170> <PB=10000000> 
RCSP solver dynamic params and stats :  bidir.bord. = 375 aver.obdmd = 48.7742 aver.buck.num. = 51
@@ 1 5 1958.62 0.033122 0.03562 92.3428 3.5
    Full reduced cost fixing is not called (gap ratio is 0.999998)
ColGenEvalAlg final dual bound: 1958.62 (rounded: 1959)
False gap improvement since the last cut separation : 0.000369886 (1958.54)
Cut generation tailing off counter increased to 2
Current active cuts : CAP(16,1126.94)
Shrinking heuristic shrunk 24 edges
In total 1 RCC cut(s) are found by the greedy construction heuristic 
----- Add fac. cuts : CAP(1), max.viol = 0.130621, aver.viol = 0.130621, sep/add took 0.00397401/0.00264676 sec. -----
4357 columns (4357 active), 31 dyn. constrs. (17 active), 241 art. vars. (139 active)
<DWph=2> <it=  1> <et=3.55> <Mt= 0.00> <Spt= 0.02> <nCl=  8> <al=0.00> <DB= 1958.8910> <Mlp= 1958.8910> <PB=10000000> 
<DWph=1> <it=  2> <et=3.56> <Mt= 0.00> <Spt= 0.01> <nCl=  3> <al=0.40> <DB= 1957.0686> <Mlp= 1958.8910> <PB=10000000> 
<DWph=1> <it=  3> <et=3.59> <Mt= 0.00> <Spt= 0.03> <nCl=  1> <al=0.00> <DB= 1958.8603> <Mlp= 1958.8603> <PB=10000000> 
    RCSP exact solver info for graph G_0 : TT = 0.028892, pt = 5e-05, dt = 0.026748, ct = 0.001447, ndl = 8154', bdl = 339412', odl = 10100', odf = 110429', bsi = 1389', cnt = 73564', bdch = 3109368', odch = 341763', lcp = 137277', #sols = 150
<DWph=0> <it=  4> <et=3.63> <Mt= 0.00> <Spt= 0.03> <nCl= 23> <al=0.20> <DB= 1949.7263> <Mlp= 1958.8603> <PB=10000000> 
    RCSP exact solver info for graph G_0 : TT = 0.031115, pt = 6.1e-05, dt = 0.02909, ct = 0.001292, ndl = 8345', bdl = 347260', odl = 10186', odf = 111845', bsi = 1357', cnt = 76442', bdch = 3221414', odch = 363225', lcp = 142894', #sols = 150
    RCSP exact solver info for graph G_0 : TT = 0.030758, pt = 5.6e-05, dt = 0.028515, ct = 0.001525, ndl = 8255', bdl = 343693', odl = 10113', odf = 110512', bsi = 1346', cnt = 72972', bdch = 3152720', odch = 352136', lcp = 139984', #sols = 150
<DWph=0> <it=  5> <et=3.70> <Mt= 0.01> <Spt= 0.07> <nCl=  9> <al=0.00> <DB= 1958.8545> <Mlp= 1958.8545> <PB=10000000> 
RCSP solver dynamic params and stats :  bidir.bord. = 375 aver.obdmd = 48.7742 aver.buck.num. = 51
@@ 1 6 1958.85 0.029539 0.030382 92.3428 3.7
    Full reduced cost fixing is not called (gap ratio is 0.999998)
ColGenEvalAlg final dual bound: 1958.85 (rounded: 1959)
False gap improvement since the last cut separation : 0.00121216 (1958.62)
----- Cut separators priority level decreased to 1-----
Current active cuts : CAP(15,1137.66)
Shrinking heuristic shrunk 23 edges
In total 1 RCC cut(s) are found by the Fractional capacity min-cut heuristic 
In total 1 RCC cut(s) are found by the greedy construction heuristic 
In total 1 RCC cut(s) are found by the global pool greedy search heuristic 
10 Rank-1 1-rows pack. cuts added ,  max viol. = 0.192488, aver. viol. = 0.115917
150 Rank-1 3-rows pack. cuts added ,  max viol. = 0.5, aver. viol. = 0.46935
----- Add fac. cuts : CAP(3) R1C(160), max.viol = 0.5, aver.viol = 0.440022, sep/add took 0.00622818/0.218384 sec. -----
4401 columns (4401 active), 180 dyn. constrs. (178 active), 404 art. vars. (300 active)
<DWph=2> <it=  1> <et=3.98> <Mt= 0.02> <Spt= 0.01> <nCl= 10> <al=0.50> <DB= 1947.7466> <Mlp= 1992.6386> <PB=10000000> 
<DWph=2> <it=  2> <et=4.03> <Mt= 0.04> <Spt= 0.01> <nCl= 18> <al=0.55> <DB= 1759.2528> <Mlp= 1989.6771> <PB=10000000> 
<DWph=2> <it=  3> <et=4.05> <Mt= 0.01> <Spt= 0.01> <nCl= 10> <al=0.60> <DB= 1965.7625> <Mlp= 1988.8667> <PB=10000000> 
<DWph=2> <it=  4> <et=4.06> <Mt= 0.00> <Spt= 0.01> <nCl= 21> <al=0.64> <DB= 1630.1982> <Mlp= 1988.8667> <PB=10000000> 
<DWph=2> <it=  5> <et=4.14> <Mt= 0.07> <Spt= 0.01> <nCl= 10> <al=0.67> <DB= 1972.1717> <Mlp= 1985.2997> <PB=10000000> 
<DWph=2> <it=  6> <et=4.15> <Mt= 0.01> <Spt= 0.01> <nCl= 12> <al=0.70> <DB= 1976.3197> <Mlp= 1983.9942> <PB=10000000> 
<DWph=2> <it=  7> <et=4.17> <Mt= 0.00> <Spt= 0.01> <nCl= 14> <al=0.73> <DB= 1972.7777> <Mlp= 1983.9942> <PB=10000000> 
<DWph=2> <it=  8> <et=4.19> <Mt= 0.00> <Spt= 0.02> <nCl= 12> <al=0.52> <DB= 1861.3657> <Mlp= 1983.7688> <PB=10000000> 
<DWph=2> <it=  9> <et=4.21> <Mt= 0.01> <Spt= 0.02> <nCl=  9> <al=0.32> <DB= 1910.9761> <Mlp= 1983.6137> <PB=10000000> 
<DWph=2> <it= 10> <et=4.24> <Mt= 0.00> <Spt= 0.02> <nCl= 19> <al=0.12> <DB= 1771.3307> <Mlp= 1983.5937> <PB=10000000> 
<DWph=2> <it= 11> <et=4.25> <Mt= 0.00> <Spt= 0.01> <nCl=  6> <al=0.46> <DB= 1964.7463> <Mlp= 1983.5913> <PB=10000000> 
<DWph=2> <it= 12> <et=4.26> <Mt= 0.01> <Spt= 0.01> <nCl=  8> <al=0.51> <DB= 1625.4594> <Mlp= 1983.5913> <PB=10000000> 
<DWph=2> <it= 13> <et=4.28> <Mt= 0.00> <Spt= 0.01> <nCl=  8> <al=0.56> <DB= 1856.4258> <Mlp= 1983.4461> <PB=10000000> 
<DWph=2> <it= 14> <et=4.29> <Mt= 0.00> <Spt= 0.01> <nCl=  2> <al=0.46> <DB= 1974.1526> <Mlp= 1983.4100> <PB=10000000> 
<DWph=2> <it= 15> <et=4.30> <Mt= 0.01> <Spt= 0.00> <nCl=  4> <al=0.52> <DB= 1922.0701> <Mlp= 1983.3567> <PB=10000000> 
<DWph=2> <it= 16> <et=4.31> <Mt= 0.00> <Spt= 0.01> <nCl=  2> <al=0.57> <DB= 1855.8910> <Mlp= 1983.2403> <PB=10000000> 
<DWph=2> <it= 17> <et=4.33> <Mt= 0.00> <Spt= 0.02> <nCl= 14> <al=0.00> <DB= 1720.7206> <Mlp= 1983.2403> <PB=10000000> 
<DWph=2> <it= 18> <et=4.35> <Mt= 0.01> <Spt= 0.02> <nCl= 20> <al=0.00> <DB= 1697.9282> <Mlp= 1982.6761> <PB=10000000> 
<DWph=2> <it= 19> <et=4.37> <Mt= 0.00> <Spt= 0.00> <nCl=  8> <al=0.27> <DB= 1888.8127> <Mlp= 1982.5963> <PB=10000000> 
<DWph=2> <it= 20> <et=4.39> <Mt= 0.00> <Spt= 0.02> <nCl= 10> <al=0.00> <DB= 1921.9019> <Mlp= 1982.5906> <PB=10000000> 
<DWph=2> <it= 21> <et=4.40> <Mt= 0.00> <Spt= 0.02> <nCl= 10> <al=0.00> <DB= 1921.4911> <Mlp= 1982.5813> <PB=10000000> 
<DWph=2> <it= 22> <et=4.42> <Mt= 0.01> <Spt= 0.01> <nCl=  6> <al=0.14> <DB= 1917.3169> <Mlp= 1982.5685> <PB=10000000> 
<DWph=2> <it= 23> <et=4.43> <Mt= 0.00> <Spt= 0.01> <nCl=  6> <al=0.04> <DB= 1956.1865> <Mlp= 1982.5621> <PB=10000000> 
<DWph=2> <it= 24> <et=4.45> <Mt= 0.00> <Spt= 0.01> <nCl=  3> <al=0.00> <DB= 1841.4738> <Mlp= 1982.5621> <PB=10000000> 
<DWph=2> <it= 25> <et=4.47> <Mt= 0.01> <Spt= 0.02> <nCl=  9> <al=0.00> <DB= 1980.8156> <Mlp= 1982.5573> <PB=10000000> 
<DWph=2> <it= 26> <et=4.48> <Mt= 0.00> <Spt= 0.01> <nCl=  0> <al=0.00> <DB= 1982.5573> <Mlp= 1982.5573> <PB=10000000> 
<DWph=1> <it= 27> <et=4.50> <Mt= 0.00> <Spt= 0.02> <nCl= 12> <al=0.00> <DB= 1683.3907> <Mlp= 1982.5573> <PB=10000000> 
<DWph=1> <it= 28> <et=4.53> <Mt= 0.00> <Spt= 0.02> <nCl= 16> <al=0.00> <DB= 1606.0442> <Mlp= 1982.3592> <PB=10000000> 
<DWph=1> <it= 29> <et=4.55> <Mt= 0.01> <Spt= 0.02> <nCl=  8> <al=0.00> <DB= 1693.8455> <Mlp= 1982.3592> <PB=10000000> 
<DWph=1> <it= 30> <et=4.57> <Mt= 0.00> <Spt= 0.01> <nCl=  7> <al=0.06> <DB= 1835.0196> <Mlp= 1982.2775> <PB=10000000> 
<DWph=1> <it= 31> <et=4.59> <Mt= 0.00> <Spt= 0.02> <nCl=  4> <al=0.15> <DB= 1855.5029> <Mlp= 1982.1879> <PB=10000000> 
<DWph=1> <it= 32> <et=4.61> <Mt= 0.01> <Spt= 0.02> <nCl=  2> <al=0.24> <DB= 1952.3466> <Mlp= 1982.1879> <PB=10000000> 
<DWph=1> <it= 33> <et=4.63> <Mt= 0.00> <Spt= 0.02> <nCl=  1> <al=0.14> <DB= 1959.7410> <Mlp= 1982.1826> <PB=10000000> 
<DWph=1> <it= 34> <et=4.67> <Mt= 0.00> <Spt= 0.04> <nCl=  0> <al=0.00> <DB= 1982.1826> <Mlp= 1982.1826> <PB=10000000> 
    RCSP exact solver info for graph G_0 : TT = 0.068894, pt = 0.000222, dt = 0.061293, ct = 0.006574, ndl = 13597', bdl = 555651', odl = 13025', odf = 171281', bsi = 1960', cnt = 615762', bdch = 7000199', odch = 1358278', lcp = 399202', #sols = 150
<DWph=0> <it= 35> <et=4.77> <Mt= 0.00> <Spt= 0.09> <nCl=150> <al=0.12> <DB= 1048.3436> <Mlp= 1982.1826> <PB=10000000> 
    RCSP exact solver info for graph G_0 : TT = 0.01788, pt = 0.000235, dt = 0.016222, ct = 0.000822, ndl = 4343', bdl = 201385', odl = 7922', odf = 36000', bsi = 3559', cnt = 4166', bdch = 1097208', odch = 53220', lcp = 106186', #sols = 150
<DWph=0> <it= 36> <et=4.81> <Mt= 0.01> <Spt= 0.03> <nCl=150> <al=0.12> <DB=-25854.6354> <Mlp= 1980.6115> <PB=10000000> 
    RCSP exact solver info for graph G_0 : TT = 0.052762, pt = 0.000217, dt = 0.045989, ct = 0.005857, ndl = 12145', bdl = 494708', odl = 12103', odf = 146563', bsi = 1752', cnt = 506043', bdch = 5894414', odch = 854783', lcp = 284099', #sols = 150
<DWph=0> <it= 37> <et=4.88> <Mt= 0.01> <Spt= 0.07> <nCl=128> <al=0.21> <DB= 1680.9411> <Mlp= 1980.6115> <PB=10000000> 
    RCSP exact solver info for graph G_0 : TT = 0.050162, pt = 0.000298, dt = 0.043494, ct = 0.005551, ndl = 11358', bdl = 467796', odl = 11971', odf = 140338', bsi = 1601', cnt = 398017', bdch = 5317544', odch = 757135', lcp = 262886', #sols = 150
<DWph=0> <it= 38> <et=4.95> <Mt= 0.00> <Spt= 0.06> <nCl= 73> <al=0.29> <DB= 1971.4008> <Mlp= 1978.9838> <PB=10000000> 
    RCSP exact solver info for graph G_0 : TT = 0.05303, pt = 0.000332, dt = 0.046064, ct = 0.005659, ndl = 11535', bdl = 477178', odl = 11824', odf = 136809', bsi = 1668', cnt = 400166', bdch = 5418283', odch = 714351', lcp = 268385', #sols = 150
<DWph=0> <it= 39> <et=5.02> <Mt= 0.01> <Spt= 0.07> <nCl= 56> <al=0.19> <DB= 1969.3192> <Mlp= 1978.5623> <PB=10000000> 
    RCSP exact solver info for graph G_0 : TT = 0.053758, pt = 0.000305, dt = 0.047357, ct = 0.005301, ndl = 11267', bdl = 465426', odl = 11800', odf = 135428', bsi = 1558', cnt = 381478', bdch = 5192274', odch = 687629', lcp = 255451', #sols = 150
<DWph=0> <it= 40> <et=5.09> <Mt= 0.00> <Spt= 0.06> <nCl= 15> <al=0.27> <DB= 1976.5973> <Mlp= 1978.5187> <PB=10000000> 
    RCSP exact solver info for graph G_0 : TT = 0.050347, pt = 0.000251, dt = 0.043495, ct = 0.005788, ndl = 11103', bdl = 460463', odl = 11549', odf = 131383', bsi = 1735', cnt = 425626', bdch = 5059635', odch = 617662', lcp = 247219', #sols = 150
<DWph=0> <it= 41> <et=5.16> <Mt= 0.01> <Spt= 0.07> <nCl=150> <al=0.17> <DB= 1958.4057> <Mlp= 1978.5187> <PB=10000000> 
    RCSP exact solver info for graph G_0 : TT = 0.055209, pt = 0.00034, dt = 0.047684, ct = 0.006143, ndl = 11367', bdl = 469346', odl = 11571', odf = 135636', bsi = 1539', cnt = 413650', bdch = 5240946', odch = 675866', lcp = 254566', #sols = 150
<DWph=0> <it= 42> <et=5.23> <Mt= 0.00> <Spt= 0.06> <nCl=  9> <al=0.25> <DB= 1978.0327> <Mlp= 1978.5187> <PB=10000000> 
    RCSP exact solver info for graph G_0 : TT = 0.04835, pt = 0.000285, dt = 0.041428, ct = 0.005668, ndl = 11249', bdl = 464280', odl = 11470', odf = 133864', bsi = 1557', cnt = 416672', bdch = 5144126', odch = 653081', lcp = 250117', #sols = 150
<DWph=0> <it= 43> <et=5.29> <Mt= 0.00> <Spt= 0.05> <nCl=  2> <al=0.15> <DB= 1977.7201> <Mlp= 1978.5187> <PB=10000000> 
    RCSP exact solver info for graph G_0 : TT = 0.049443, pt = 0.00026, dt = 0.042537, ct = 0.005703, ndl = 11337', bdl = 468120', odl = 11547', odf = 134710', bsi = 1554', cnt = 422410', bdch = 5220196', odch = 672282', lcp = 255395', #sols = 150
    RCSP exact solver info for graph G_0 : TT = 0.041891, pt = 0.000195, dt = 0.036447, ct = 0.004485, ndl = 11071', bdl = 456996', odl = 11304', odf = 131615', bsi = 1557', cnt = 385439', bdch = 4963391', odch = 630019', lcp = 240850', #sols = 150
<DWph=0> <it= 44> <et=5.39> <Mt= 0.01> <Spt= 0.10> <nCl= 12> <al=0.00> <DB= 1978.5187> <Mlp= 1978.5187> <PB=10000000> 
RCSP solver dynamic params and stats :  bidir.bord. = 375 aver.obdmd = 48.7742 aver.buck.num. = 51 nbR1C = 11 with avMem = 9.36364
@@ 1 7 1978.52 0.0481419 0.067867 92.3428 5.39
    Full reduced cost fixing is not called (gap ratio is 0.999996)
ColGenEvalAlg final dual bound: 1978.52 (rounded: 1979)
False gap improvement since the last cut separation : 0.100386 (1958.85)
Current active cuts : CAP(11,1054.5) R1C(3+8,61.746) 1rowPackR1C(3) 3rowPackR1C(8)
Shrinking heuristic shrunk 24 edges
In total 2 RCC cut(s) are found by the Fractional capacity min-cut heuristic 
In total 22 RCC cut(s) are found by the greedy construction heuristic 
In total 8 RCC cut(s) are found by the global pool greedy search heuristic 
18 Rank-1 1-rows pack. cuts added ,  max viol. = 0.375226, aver. viol. = 0.166891
150 Rank-1 3-rows pack. cuts added ,  max viol. = 0.415469, aver. viol. = 0.217494
----- Add fac. cuts : CAP(32) R1C(168), max.viol = 0.415469, aver.viol = 0.214711, sep/add took 0.00658305/0.492075 sec. -----
5447 columns (5447 active), 378 dyn. constrs. (222 active), 604 art. vars. (344 active)
<DWph=2> <it=  1> <et=5.95> <Mt= 0.03> <Spt= 0.02> <nCl= 16> <al=0.50> <DB= 1969.1038> <Mlp= 1990.6169> <PB=10000000> 
<DWph=2> <it=  2> <et=5.99> <Mt= 0.03> <Spt= 0.01> <nCl= 12> <al=0.55> <DB= 1983.4662> <Mlp= 1989.5132> <PB=10000000> 
<DWph=2> <it=  3> <et=6.00> <Mt= 0.00> <Spt= 0.01> <nCl= 15> <al=0.60> <DB= 1957.2561> <Mlp= 1989.5057> <PB=10000000> 
<DWph=2> <it=  4> <et=6.02> <Mt= 0.01> <Spt= 0.01> <nCl=  9> <al=0.64> <DB= 1983.4037> <Mlp= 1989.5057> <PB=10000000> 
<DWph=2> <it=  5> <et=6.04> <Mt= 0.00> <Spt= 0.01> <nCl=  9> <al=0.54> <DB= 1977.4180> <Mlp= 1989.4963> <PB=10000000> 
<DWph=2> <it=  6> <et=6.07> <Mt= 0.01> <Spt= 0.03> <nCl= 25> <al=0.16> <DB= 1959.8947> <Mlp= 1989.4843> <PB=10000000> 
<DWph=2> <it=  7> <et=6.08> <Mt= 0.00> <Spt= 0.01> <nCl= 15> <al=0.48> <DB= 1976.6091> <Mlp= 1989.4843> <PB=10000000> 
<DWph=2> <it=  8> <et=6.10> <Mt= 0.01> <Spt= 0.01> <nCl=  6> <al=0.53> <DB= 1986.2597> <Mlp= 1989.4577> <PB=10000000> 
<DWph=2> <it=  9> <et=6.12> <Mt= 0.00> <Spt= 0.01> <nCl=  9> <al=0.43> <DB= 1981.6547> <Mlp= 1989.4577> <PB=10000000> 
<DWph=2> <it= 10> <et=6.13> <Mt= 0.01> <Spt= 0.01> <nCl=  9> <al=0.49> <DB= 1985.5987> <Mlp= 1989.4545> <PB=10000000> 
<DWph=2> <it= 11> <et=6.16> <Mt= 0.00> <Spt= 0.03> <nCl= 23> <al=0.08> <DB= 1756.4777> <Mlp= 1989.3892> <PB=10000000> 
<DWph=2> <it= 12> <et=6.18> <Mt= 0.01> <Spt= 0.01> <nCl=  9> <al=0.44> <DB= 1987.6882> <Mlp= 1989.2065> <PB=10000000> 
<DWph=2> <it= 13> <et=6.20> <Mt= 0.00> <Spt= 0.01> <nCl=  8> <al=0.50> <DB= 1982.6954> <Mlp= 1989.1946> <PB=10000000> 
<DWph=2> <it= 14> <et=6.23> <Mt= 0.01> <Spt= 0.03> <nCl= 19> <al=0.00> <DB= 1974.6136> <Mlp= 1989.1692> <PB=10000000> 
<DWph=2> <it= 15> <et=6.25> <Mt= 0.01> <Spt= 0.01> <nCl=  6> <al=0.30> <DB= 1986.7155> <Mlp= 1989.0913> <PB=10000000> 
<DWph=2> <it= 16> <et=6.26> <Mt= 0.00> <Spt= 0.01> <nCl=  3> <al=0.37> <DB= 1988.9047> <Mlp= 1989.0913> <PB=10000000> 
<DWph=2> <it= 17> <et=6.29> <Mt= 0.00> <Spt= 0.02> <nCl=  9> <al=0.00> <DB= 1979.7991> <Mlp= 1989.0913> <PB=10000000> 
<DWph=2> <it= 18> <et=6.31> <Mt= 0.01> <Spt= 0.02> <nCl=  6> <al=0.00> <DB= 1983.8309> <Mlp= 1989.0913> <PB=10000000> 
<DWph=2> <it= 19> <et=6.34> <Mt= 0.00> <Spt= 0.02> <nCl=  3> <al=0.00> <DB= 1989.0913> <Mlp= 1989.0913> <PB=10000000> 
<DWph=1> <it= 20> <et=6.36> <Mt= 0.00> <Spt= 0.03> <nCl= 14> <al=0.00> <DB= 1975.8021> <Mlp= 1989.0913> <PB=10000000> 
<DWph=1> <it= 21> <et=6.40> <Mt= 0.01> <Spt= 0.02> <nCl= 18> <al=0.00> <DB= 1982.0339> <Mlp= 1988.8408> <PB=10000000> 
<DWph=1> <it= 22> <et=6.43> <Mt= 0.01> <Spt= 0.03> <nCl= 10> <al=0.00> <DB= 1984.3040> <Mlp= 1988.7507> <PB=10000000> 
<DWph=1> <it= 23> <et=6.46> <Mt= 0.00> <Spt= 0.02> <nCl= 11> <al=0.00> <DB= 1981.3592> <Mlp= 1988.7118> <PB=10000000> 
<DWph=1> <it= 24> <et=6.49> <Mt= 0.01> <Spt= 0.02> <nCl=  9> <al=0.00> <DB= 1966.7366> <Mlp= 1988.7118> <PB=10000000> 
<DWph=1> <it= 25> <et=6.51> <Mt= 0.00> <Spt= 0.02> <nCl=  8> <al=0.00> <DB= 1972.9595> <Mlp= 1988.7118> <PB=10000000> 
<DWph=1> <it= 26> <et=6.54> <Mt= 0.01> <Spt= 0.03> <nCl=  5> <al=0.00> <DB= 1982.5252> <Mlp= 1988.7118> <PB=10000000> 
<DWph=1> <it= 27> <et=6.56> <Mt= 0.00> <Spt= 0.02> <nCl=  1> <al=0.00> <DB= 1988.6954> <Mlp= 1988.6954> <PB=10000000> 
    RCSP exact solver info for graph G_0 : TT = 0.098071, pt = 0.000246, dt = 0.079232, ct = 0.017867, ndl = 18643', bdl = 712444', odl = 14563', odf = 224897', bsi = 1887', cnt = 2170508', bdch = 11556734', odch = 2075315', lcp = 622457', #sols = 150
<DWph=0> <it= 28> <et=6.69> <Mt= 0.00> <Spt= 0.12> <nCl=150> <al=0.00> <DB= 1956.1953> <Mlp= 1988.6954> <PB=10000000> 
    RCSP exact solver info for graph G_0 : TT = 0.062321, pt = 0.000279, dt = 0.052808, ct = 0.008611, ndl = 15651', bdl = 619885', odl = 13858', odf = 196480', bsi = 1602', cnt = 957887', bdch = 8845442', odch = 1403271', lcp = 459503', #sols = 150
<DWph=0> <it= 29> <et=6.80> <Mt= 0.03> <Spt= 0.08> <nCl=150> <al=0.00> <DB= 1955.0357> <Mlp= 1986.7704> <PB=10000000> 
    RCSP exact solver info for graph G_0 : TT = 0.059058, pt = 0.00029, dt = 0.050726, ct = 0.007168, ndl = 14661', bdl = 579724', odl = 13023', odf = 182708', bsi = 1442', cnt = 772764', bdch = 7900401', odch = 1202467', lcp = 388155', #sols = 150
<DWph=0> <it= 30> <et=6.88> <Mt= 0.00> <Spt= 0.08> <nCl= 95> <al=0.00> <DB= 1970.5459> <Mlp= 1986.7704> <PB=10000000> 
    RCSP exact solver info for graph G_0 : TT = 0.060514, pt = 0.000305, dt = 0.050897, ct = 0.008518, ndl = 14603', bdl = 579737', odl = 13530', odf = 183595', bsi = 1570', cnt = 825559', bdch = 7826967', odch = 1224335', lcp = 396615', #sols = 150
<DWph=0> <it= 31> <et=6.96> <Mt= 0.01> <Spt= 0.08> <nCl= 81> <al=0.00> <DB= 1972.2669> <Mlp= 1986.5098> <PB=10000000> 
    RCSP exact solver info for graph G_0 : TT = 0.059283, pt = 0.000303, dt = 0.050527, ct = 0.007703, ndl = 14029', bdl = 559336', odl = 13233', odf = 175129', bsi = 1551', cnt = 863784', bdch = 7331242', odch = 1135322', lcp = 374057', #sols = 150
<DWph=0> <it= 32> <et=7.04> <Mt= 0.01> <Spt= 0.06> <nCl= 23> <al=0.00> <DB= 1981.6417> <Mlp= 1986.4806> <PB=10000000> 
    RCSP exact solver info for graph G_0 : TT = 0.062252, pt = 0.000288, dt = 0.052737, ct = 0.008467, ndl = 14070', bdl = 560053', odl = 13184', odf = 175932', bsi = 1537', cnt = 852521', bdch = 7345388', odch = 1142304', lcp = 371339', #sols = 150
    RCSP exact solver info for graph G_0 : TT = 0.060597, pt = 0.000306, dt = 0.051322, ct = 0.008039, ndl = 14061', bdl = 559298', odl = 13173', odf = 175905', bsi = 1540', cnt = 858375', bdch = 7325239', odch = 1141448', lcp = 368885', #sols = 150
<DWph=0> <it= 33> <et=7.18> <Mt= 0.00> <Spt= 0.14> <nCl=  8> <al=0.00> <DB= 1986.4806> <Mlp= 1986.4806> <PB=10000000> 
RCSP solver dynamic params and stats :  bidir.bord. = 375 aver.obdmd = 48.7742 aver.buck.num. = 51 nbR1C = 22 with avMem = 12
@@ 1 8 1986.48 0.064946 0.097099 92.3428 7.18
    Full reduced cost fixing is not called (gap ratio is 0.999995)
Bucket graph for G_0 is regenerated as bucket steps were adjusted for 62 vertices
RCSP solver info : number of forw. reachable buckets / buck. strongly connected components is 5974( 95.4008% ) / 5974( 100% )
326505 forw. buck. arcs remain (92.6255% from max.) + 0 jump buck. arcs
ColGenEvalAlg final dual bound: 1986.48 (rounded: 1987)
False gap improvement since the last cut separation : 0.0402418 (1978.52)
Current active cuts : CAP(15,993.961) R1C(6+16,97.8897) 1rowPackR1C(6) 3rowPackR1C(16)
Shrinking heuristic shrunk 22 edges
In total 4 RCC cut(s) are found by the Fractional capacity min-cut heuristic 
In total 23 RCC cut(s) are found by the global pool greedy search heuristic 
10 Rank-1 1-rows pack. cuts added ,  max viol. = 0.0529359, aver. viol. = 0.0422414
150 Rank-1 3-rows pack. cuts added ,  max viol. = 0.28006, aver. viol. = 0.14808
----- Add fac. cuts : CAP(27) R1C(160), max.viol = 0.332996, aver.viol = 0.148526, sep/add took 0.00747696/0.514842 sec. -----
6241 columns (6241 active), 415 dyn. constrs. (226 active), 791 art. vars. (348 active)
<DWph=2> <it=  1> <et=7.88> <Mt= 0.05> <Spt= 0.02> <nCl= 25> <al=0.50> <DB= 1896.5497> <Mlp= 1995.5631> <PB=10000000> 
<DWph=2> <it=  2> <et=7.95> <Mt= 0.05> <Spt= 0.03> <nCl=  8> <al=0.55> <DB= 1989.6030> <Mlp= 1993.4192> <PB=10000000> 
<DWph=2> <it=  3> <et=7.98> <Mt= 0.00> <Spt= 0.02> <nCl= 17> <al=0.60> <DB= 1975.8036> <Mlp= 1993.3071> <PB=10000000> 
Shrinking heuristic shrunk 56 edges
<DWph=2> <it=  4> <et=8.29> <Mt= 0.31> <Spt= 0.00> <nCl=  0> <al=0.64> <DB= 1975.8036> <Mlp= 1989.0000> <PB=1989> 
<DWph=1> <it=  5> <et=8.34> <Mt= 0.01> <Spt= 0.05> <nCl= 13> <al=0.64> <DB= 1984.7796> <Mlp= 1989.0000> <PB=1989> 
<DWph=1> <it=  6> <et=8.40> <Mt= 0.01> <Spt= 0.06> <nCl= 19> <al=0.67> <DB= 1979.0014> <Mlp= 1989.0000> <PB=1989> 
<DWph=1> <it=  7> <et=8.46> <Mt= 0.01> <Spt= 0.05> <nCl=  7> <al=0.70> <DB= 1985.4247> <Mlp= 1989.0000> <PB=1989> 
<DWph=1> <it=  8> <et=8.52> <Mt= 0.00> <Spt= 0.05> <nCl= 19> <al=0.60> <DB= 1981.3306> <Mlp= 1989.0000> <PB=1989> 
<DWph=1> <it=  9> <et=8.58> <Mt= 0.01> <Spt= 0.04> <nCl=  7> <al=0.64> <DB= 1986.6215> <Mlp= 1989.0000> <PB=1989> 
<DWph=1> <it= 10> <et=8.63> <Mt= 0.00> <Spt= 0.05> <nCl= 15> <al=0.54> <DB= 1974.3105> <Mlp= 1989.0000> <PB=1989> 
<DWph=1> <it= 11> <et=8.69> <Mt= 0.01> <Spt= 0.05> <nCl=  6> <al=0.59> <DB= 1983.4772> <Mlp= 1989.0000> <PB=1989> 
<DWph=1> <it= 12> <et=8.74> <Mt= 0.01> <Spt= 0.05> <nCl=  5> <al=0.63> <DB= 1987.6904> <Mlp= 1989.0000> <PB=1989> 
<DWph=1> <it= 13> <et=8.79> <Mt= 0.00> <Spt= 0.05> <nCl=  6> <al=0.53> <DB= 1986.5386> <Mlp= 1989.0000> <PB=1989> 
<DWph=1> <it= 14> <et=8.84> <Mt= 0.01> <Spt= 0.04> <nCl=  3> <al=0.43> <DB= 1987.0023> <Mlp= 1989.0000> <PB=1989> 
<DWph=1> <it= 15> <et=8.90> <Mt= 0.00> <Spt= 0.05> <nCl=  6> <al=0.33> <DB= 1982.5013> <Mlp= 1989.0000> <PB=1989> 
<DWph=1> <it= 16> <et=8.95> <Mt= 0.01> <Spt= 0.05> <nCl=  9> <al=0.23> <DB= 1984.6064> <Mlp= 1989.0000> <PB=1989> 
<DWph=1> <it= 17> <et=9.00> <Mt= 0.00> <Spt= 0.04> <nCl=  7> <al=0.31> <DB= 1987.0823> <Mlp= 1989.0000> <PB=1989> 
<DWph=1> <it= 18> <et=9.05> <Mt= 0.01> <Spt= 0.04> <nCl=  2> <al=0.38> <DB= 1987.2520> <Mlp= 1989.0000> <PB=1989> 
<DWph=1> <it= 19> <et=9.10> <Mt= 0.00> <Spt= 0.05> <nCl=  1> <al=0.28> <DB= 1987.6423> <Mlp= 1989.0000> <PB=1989> 
<DWph=1> <it= 20> <et=9.18> <Mt= 0.01> <Spt= 0.07> <nCl=  7> <al=0.00> <DB= 1988.0520> <Mlp= 1989.0000> <PB=1989> 
<DWph=1> <it= 21> <et=9.26> <Mt= 0.00> <Spt= 0.08> <nCl=  6> <al=0.00> <DB= 1989.0000> <Mlp= 1989.0000> <PB=1989> 
    RCSP exact solver info for graph G_0 : TT = 0.091123, pt = 0.000401, dt = 0.073965, ct = 0.015818, ndl = 18528', bdl = 731290', odl = 22870', odf = 464275', bsi = 1608', cnt = 1638598', bdch = 7621210', odch = 2338546', lcp = 444560', #sols = 150
<DWph=0> <it= 22> <et=9.38> <Mt= 0.00> <Spt= 0.12> <nCl=150> <al=0.00> <DB= 1970.1163> <Mlp= 1989.0000> <PB=1989> 
    RCSP exact solver info for graph G_0 : TT = 0.088219, pt = 0.0004, dt = 0.073722, ct = 0.012837, ndl = 17195', bdl = 679718', odl = 21831', odf = 436785', bsi = 1544', cnt = 1243161', bdch = 6707630', odch = 1975994', lcp = 370689', #sols = 150
<DWph=0> <it= 23> <et=9.51> <Mt= 0.02> <Spt= 0.12> <nCl=112> <al=0.08> <DB= 1973.3068> <Mlp= 1989.0000> <PB=1989> 
    RCSP exact solver info for graph G_0 : TT = 0.138288, pt = 0.000691, dt = 0.111067, ct = 0.025624, ndl = 21982', bdl = 842882', odl = 24433', odf = 537672', bsi = 1616', cnt = 2107285', bdch = 10446975', odch = 3455522', lcp = 591404', #sols = 150
<DWph=0> <it= 24> <et=10.02> <Mt= 0.35> <Spt= 0.16> <nCl=150> <al=0.17> <DB= 1709.9646> <Mlp= 1989.0000> <PB=1989> 
    RCSP exact solver info for graph G_0 : TT = 0.118419, pt = 0.000633, dt = 0.092811, ct = 0.023874, ndl = 18768', bdl = 736678', odl = 22902', odf = 482977', bsi = 1541', cnt = 1702127', bdch = 8031171', odch = 2452442', lcp = 451318', #sols = 150
<DWph=0> <it= 25> <et=10.52> <Mt= 0.35> <Spt= 0.14> <nCl=144> <al=0.25> <DB= 1975.8546> <Mlp= 1989.0000> <PB=1989> 
    RCSP exact solver info for graph G_0 : TT = 0.158084, pt = 0.001331, dt = 0.119445, ct = 0.036088, ndl = 19758', bdl = 766045', odl = 23092', odf = 506782', bsi = 1530', cnt = 1867271', bdch = 8694816', odch = 2677175', lcp = 477918', #sols = 150
<DWph=0> <it= 26> <et=10.98> <Mt= 0.28> <Spt= 0.18> <nCl= 82> <al=0.33> <DB= 1980.8455> <Mlp= 1989.0000> <PB=1989> 
    RCSP exact solver info for graph G_0 : TT = 0.152485, pt = 0.000951, dt = 0.118172, ct = 0.032103, ndl = 19079', bdl = 746630', odl = 23026', odf = 496307', bsi = 1546', cnt = 1665075', bdch = 8351637', odch = 2492238', lcp = 459309', #sols = 150
<DWph=0> <it= 27> <et=11.52> <Mt= 0.37> <Spt= 0.17> <nCl= 46> <al=0.40> <DB= 1984.0769> <Mlp= 1989.0000> <PB=1989> 
    RCSP exact solver info for graph G_0 : TT = 0.152148, pt = 0.000981, dt = 0.116306, ct = 0.033511, ndl = 18502', bdl = 721679', odl = 22961', odf = 481797', bsi = 1541', cnt = 1490623', bdch = 7967992', odch = 2256082', lcp = 435514', #sols = 150
<DWph=0> <it= 28> <et=11.69> <Mt= 0.01> <Spt= 0.16> <nCl= 46> <al=0.46> <DB= 1984.0738> <Mlp= 1989.0000> <PB=1989> 
    RCSP exact solver info for graph G_0 : TT = 0.141823, pt = 0.000784, dt = 0.112842, ct = 0.026853, ndl = 18157', bdl = 713878', odl = 22968', odf = 469328', bsi = 1622', cnt = 1409620', bdch = 7765988', odch = 2199664', lcp = 426781', #sols = 150
<DWph=0> <it= 29> <et=11.85> <Mt= 0.01> <Spt= 0.16> <nCl= 19> <al=0.51> <DB= 1986.4858> <Mlp= 1989.0000> <PB=1989> 
    RCSP exact solver info for graph G_0 : TT = 0.140475, pt = 0.000921, dt = 0.111929, ct = 0.026353, ndl = 18045', bdl = 710789', odl = 22912', odf = 457247', bsi = 1697', cnt = 1280557', bdch = 7676291', odch = 2083938', lcp = 412805', #sols = 150
<DWph=0> <it= 30> <et=12.01> <Mt= 0.01> <Spt= 0.14> <nCl= 15> <al=0.56> <DB= 1985.0339> <Mlp= 1989.0000> <PB=1989> 
    RCSP exact solver info for graph G_0 : TT = 0.14536, pt = 0.002167, dt = 0.11487, ct = 0.026958, ndl = 18274', bdl = 721910', odl = 23128', odf = 468468', bsi = 1667', cnt = 1339970', bdch = 7886280', odch = 2146656', lcp = 423145', #sols = 150
<DWph=0> <it= 31> <et=12.17> <Mt= 0.01> <Spt= 0.16> <nCl= 11> <al=0.60> <DB= 1987.4822> <Mlp= 1989.0000> <PB=1989> 
    RCSP exact solver info for graph G_0 : TT = 0.140472, pt = 0.000798, dt = 0.113167, ct = 0.025273, ndl = 17997', bdl = 709248', odl = 22934', odf = 454459', bsi = 1742', cnt = 1181814', bdch = 7644581', odch = 1992976', lcp = 399832', #sols = 150
<DWph=0> <it= 32> <et=12.32> <Mt= 0.00> <Spt= 0.14> <nCl=  9> <al=0.50> <DB= 1988.2355> <Mlp= 1989.0000> <PB=1989> 
RCSP solver dynamic params and stats :  bidir.bord. = 375 aver.obdmd = 97.5484 aver.buck.num. = 101 nbR1C = 67 with avMem = 12.806
@@ 1 9 1988.24 0.131235 0.155533 92.6255 12.32
ColGenEvalAlg final dual bound: 1988.24 (rounded: 1989)
Gap improvement since the last cut separation : 1 (1986.48)
Current active cuts : CAP(13,1152.87) R1C(6+31,127.338) 1rowPackR1C(6) 3rowPackR1C(31)
New model incumbent solution 1989, TIME = 0h0m12s39t = 1239
************************************************************************************************
Search is finished, global bounds : [ 1989 , 1989 ], TIME = 0h0m12s40t = 1240
************************************************************************************************
[32mBaPCod : solution defined.[00m
statistics_cols: instance & :Optimal & cutoff & :bcRecRootDb & :bcTimeRootEval & :bcCountNodeProc & :bcRecBestDb & :bcRecBestInc & :bcTimeMain \\
statistics: instance_26-triangle & 1 & 1.0e7 & 1989.00 & 12.39 & 1 & 1989.00 & 1989 & 12.40 \\
########################################################
Route #1: 12 28 46 14 43 51 11 5 31 15 49 25 27 60 21 
Route #2: 30 35 3 19 18 50 6 41 29 34 44 24 42 
Route #3: 38 9 37 57 7 2 26 47 17 20 4 8 45 10 48 39 54 
Route #4: 52 56 36 53 59 40 33 23 22 32 13 16 55 1 58 
Cost 1989
########################################################

end_time=2026-04-19 23:15:33
exit_code=0
