instance_file=/mnt/c/Users/porin/OneDrive/Documentos/Python-Mestrado/Modelagem Matemática/Programação Inteira - Uchoa/Problema VRPRDL/instancias_turco/VRPRDL-triangle/vrp_convertidos/instance_18-triangle.vrp
instance_name=instance_18-triangle
start_time=2026-04-19 23:12:24

  Activating project at `~/VRPSolver/VRPSolverDemos`
Application parameters:
  batch  =>  nothing
  instance  =>  "/mnt/c/Users/porin/OneDrive/Documentos/Python-Mestrado/Modelagem Matemática/Programação Inteira - Uchoa/Problema VRPRDL/instancias_turco/VRPRDL-triangle/vrp_convertidos/instance_18-triangle.vrp"
  noround  =>  false
  cfg  =>  "/home/poringman/VRPSolver/VRPSolverDemos/src/../config/CVRP.cfg"
  edge_cuts  =>  false
  out  =>  nothing
  ub  =>  1.0e7
  cluster_branching  =>  1.0
  sol  =>  nothing
  single_resource  =>  false
  strong_kpath_cuts  =>  false
  tikz  =>  nothing
  maxr  =>  999
  update  =>  false
  show_complete_form  =>  false
  nosolve  =>  false
  minr  =>  1
  low_edge_priority  =>  false
~~~~~~~~~~~~~~~~~~~~~~~~~~~~~~~~~~~~~~~~~~~~~~~~~~~~~~~~~~~~~~~~~~~~~~~~~~~~~~~~~~~~~
GIT VERSION RCSP: 
GIT BRANCH: 
~~~~~~~~~~~~~~~~~~~~~~~~~~~~~~~~~~~~~~~~~~~~~~~~~~~~~~~~~~~~~~~~~~~~~~~~~~~~~~~~~~~~~
VRPSolver v0.6.16, 10/11/2025, © Inria Bordeaux, France, vrpsolver.math.u-bordeaux.fr
      Corresponds to the solver by Pessoa, Sadykov, Uchoa and Vanderbeck (2020)
                 Paper: dx.doi.org/10.1007/s10107-020-01523-z
~~~~~~~~~~~~~~~~~~~~~~~~~~~~~~~~~~~~~~~~~~~~~~~~~~~~~~~~~~~~~~~~~~~~~~~~~~~~~~~~~~~~~
GIT VERSION BAPCOD: a7cb21f19424236c9d0da5dcf94961797a519470
GIT BRANCH: main
~~~~~~~~~~~~~~~~~~~~~~~~~~~~~~~~~~~~~~~~~~~~~~~~~~~~~~~~~~~~~~~~~~~~~~~~~~~~~~~~~~~~~
   BaPCod v0.84, 10/11/2025, © Inria Bordeaux, France, bapcod.math.u-bordeaux.fr 
           THIS CODE IS PROVIDED AS IS, USE IT AT YOUR OWN RISK
~~~~~~~~~~~~~~~~~~~~~~~~~~~~~~~~~~~~~~~~~~~~~~~~~~~~~~~~~~~~~~~~~~~~~~~~~~~~~~~~~~~~~
--- MAIN PARAMETERS ---
GlobalTimeLimitInTick = 2147483645
GlobalTimeLimit = 21474836
ClockType = 0
MaxNbOfBBtreeNodeTreated = 100000
optimalityGapTolerance = 1e-06
relOptimalityGapTolerance = 1e-09
ApplyPreprocessing = false
PreprocessVariablesLocalBounds = false
treeSearchStrategy = 1
OpenNodesLimit = 1000
DEFAULTPRINTLEVEL = 0
--- MIP SOLVER PARAMETERS ---
solverName = CPLEX_SOLVER
MipSolverMaxBBNodes = 2000000
MipSolverMaxTime = 360000
MipSolverMultiThread = 1
--- COLUMN GENERATION PARAMETERS ---
SolverSelectForMast = a
  colGenSubProbSolMode = customSolver
mastInitMode = localArtCol
ArtVarPenaltyUpdateFactor = 2
ArtVarMaxNbOfPenaltyUpdates = 5
MaxNbOfStagesInColGenProcedure = 3
GenerateProperColumns = false
InsertAllGeneratedColumnsInFormRatherThanInPool = true
InsertNewNonNegColumnsDirectlyInFormRatherThanInPool = true
ColumnCleanupThreshold = 10000
ColumnCleanupRatio = 0.66
ReducedCostFixingThreshold = 0.9
--- CUT GENERATION PARAMETERS ---
MasterCuttingPlanesDepthLimit = 1000
MaxNbOfCutGeneratedAtEachIter = 1000
CutTailingOffThreshold = 0.015
CutTailingOffCounterThreshold = 3
CutCleanupThreshold = 1
CutCleanupRatio = 0.66
ColGenSpRelaxationImprovementPriority = 0
--- STABILIZATION PARAMETERS ---
colGenDualPriceSmoothingAlphaFactor = 1
colGenDualPriceSmoothingBetaFactor = 0
colGenStabilizationFunctionType = none
colGenProximalStabilizationRule = undefined
StabilFuncKappa = 1
colGenStabilizationMaxTreeDepth = 10000
StabilizationMinPhaseOfStage = 0
--- PRIMAL HEURISTIC PARAMETERS ---
UseInitialPrimalHeur = false
MaxTimeForRestrictedMasterIpHeur = -1
CallFrequencyOfRestrictedMasterIpHeur = 5
MIPemphasisInRestrictedMasterIpHeur = 1
PolishingAfterTimeInRestrictedMasterIpHeur = -1
DivingHeurUseDepthLimit = -1
CallFrequencyOfDivingHeur = 1
LeastFractional
Closest2RoundUp
LeastGreedyCost
LeastCost
FixIntValBeforeRoundingHeur = true
MaxNbOfCgIteDuringRh = 5000
MaxLDSbreadth = 0
MaxLDSdepth = 0
DivingHeurStopsWithFirstFeasSol = false
DivingHeurPreprocessBeforeChoosingVar = false
StrongDivingCandidatesNumber = 1
EvalAlgParamsInDiving = max#cand. = 1 max#cg.iters = 10000 min.lvl.sp.restr. = 1 min#cut.rounds = 0 max#cut.rounds = 0 red.cost.fix&enum. = false tree.size.ratio = 1
LocalSearchHeurUseDepthLimit = -1
LeastFractional
Closest2RoundUp
LeastGreedyCost
LeastCost
MaxFactorOfColFixedByLocalSearchHeur = 0.8
MaxLocalSearchIterationCounter = 3
--- STRONG BRANCHING PARAMETERS ---
SimplifiedStrongBranchingParameterisation = true
StrongBranchingPhaseOneCandidatesNumber = 100
StrongBranchingPhaseOneTreeSizeEstimRatio = 0.2
StrongBranchingPhaseTwoCandidatesNumber = 3
StrongBranchingPhaseTwoTreeSizeEstimRatio = 0.02
SafeDualBoundScaleFactor = -1
StrongBranchingPhaseOne = max#cand. = 100 max#cg.iters = 0 min.lvl.sp.restr. = 0 min#cut.rounds = 0 max#cut.rounds = 0 red.cost.fix&enum. = false tree.size.ratio = 0.2
StrongBranchingPhaseTwo = max#cand. = 3 max#cg.iters = 10000 min.lvl.sp.restr. = 1 min#cut.rounds = 0 max#cut.rounds = 0 red.cost.fix&enum. = false tree.size.ratio = 0.02
StrongBranchingPhaseThree = max#cand. = 1 max#cg.iters = 10000 min.lvl.sp.restr. = 0 min#cut.rounds = 0 max#cut.rounds = 10000 red.cost.fix&enum. = true tree.size.ratio = 1
StrongBranchingPhaseFour =not active
--- DEBUG OUTPUT PARAMETERS ---
printMasterPrimalSols = 0
--- VRPSOLVER PARAMETERS ---
RCSPstopCutGenTimeThresholdInPricing = 10
RCSPhardTimeThresholdInPricing = 25
RCSPredCostFixingTimeThreshold = 100
RCSPnumberOfBucketsPerVertex = 25
RCSPdynamicBucketSteps = 1
RCSPuseBidirectionalSearch = 2
RCSPapplyReducedCostFixing = 1
RCSPmaxNumOfColsPerIteration = 30
RCSPmaxNumOfColsPerExactIteration = 150
RCSPmaxNumOfLabelsInEnumeration = 500000
RCSPmaxNumOfLabelsInHeurEnumeration = 0
RCSPmaxNumOfEnumeratedSolutions = 5000000
RCSPmaxNumOfEnumSolutionsForMIP = 10000
RCSPmaxNumOfEnumSolsForEndOfNodeMIP = 10000
RCSPinitNGneighbourhoodSize = 8
RCSPmaxNGneighbourhoodSize = 8
RCSPrankOneCutsMaxNumRows = 5
RCSPrankOneCutsMaxNumPerRound = 100
RCSPrankOneCutsMemoryType = 0
RCSPrankOneCutsLSnumIterations = 1000
RCSPallowRoutesWithSameVerticesSet = true
RCSPredCostFixingFalseGap = 0
SafeDualBoundScaleFactor = -1
RCSPmaxNumOfLabelsInHeurEnumeration = 0
MaxNumEnumSolsInRestrictedMasterIpHeur = 5000

prName & bcTimeMain \\ 
New model incumbent solution 1e+07, TIME = 0h0m0s39t = 39
RCSP solver info : size of non-robust cut bitmask in a label is 640 bits
Bucket steps were recalculated for graph G_0 : [30]
RCSP solver info : symmetric case is detected for graph G_0! 
Bidirectional border value is initialised to 375
RCSP solver info : number of forw. reachable buckets / buck. strongly connected components is 798( 95.9135% ) / 623( 78.0702% )
RCSP solver info: std. label size is 56, ext. label size is 136
Generating neighbourhoods for rank-1 cuts separation
Building structures for 4- and 5-row rank-1 packing cut separation...done!
Model is built TIME = 0h0m0s40t = 40
************************************************************************************************
**** BaB tree root node
**** Local DB = -1e+12, global bounds : [ -1e+12 , 1e+07 ], TIME = 0h0m0s40t = 40
**** 1 open nodes, 0 columns (0 active), 0 dyn. constrs. (0 active), 62 art. vars. (62 active)
************************************************************************************************
--------------------------------------------------------------------------
BaPCod info : first we run the root node with rank-1 cuts with node memory
--------------------------------------------------------------------------
#<DWph=2> <it=  1> <et=0.40> <Mt= 0.00> <Spt= 0.00> <nCl= 30> <al=0.00> <DB=-17279975430.0000> <Mlp=744000000.0000> <PB=10000000> 
#<DWph=2> <it=  2> <et=0.40> <Mt= 0.00> <Spt= 0.00> <nCl= 30> <al=0.55> <DB=-13844000617.1357> <Mlp=596571649.8571> <PB=10000000> 
#<DWph=2> <it=  3> <et=0.40> <Mt= 0.00> <Spt= 0.00> <nCl= 30> <al=0.45> <DB=-13956687291.8539> <Mlp=534000621.0000> <PB=10000000> 
#<DWph=2> <it=  4> <et=0.40> <Mt= 0.00> <Spt= 0.00> <nCl= 30> <al=0.51> <DB=-13078059616.1449> <Mlp=472320783.1133> <PB=10000000> 
#<DWph=2> <it=  5> <et=0.40> <Mt= 0.00> <Spt= 0.00> <nCl= 30> <al=0.55> <DB=-12722040937.6394> <Mlp=396134376.3667> <PB=10000000> 
#<DWph=2> <it=  6> <et=0.40> <Mt= 0.00> <Spt= 0.00> <nCl= 30> <al=0.60> <DB=-11826951219.1887> <Mlp=348984276.8913> <PB=10000000> 
#<DWph=2> <it=  7> <et=0.40> <Mt= 0.00> <Spt= 0.00> <nCl= 30> <al=0.64> <DB=-11342005263.9085> <Mlp=307028164.9057> <PB=10000000> 
#<DWph=2> <it=  8> <et=0.41> <Mt= 0.00> <Spt= 0.00> <nCl= 30> <al=0.68> <DB=-9228869436.5279> <Mlp=272394840.8730> <PB=10000000> 
#<DWph=2> <it=  9> <et=0.41> <Mt= 0.00> <Spt= 0.00> <nCl= 30> <al=0.58> <DB=-8600062895.1881> <Mlp=226262798.4265> <PB=10000000> 
#<DWph=2> <it= 10> <et=0.41> <Mt= 0.00> <Spt= 0.00> <nCl= 30> <al=0.62> <DB=-7557627356.8991> <Mlp=154822549.2366> <PB=10000000> 
#<DWph=2> <it= 11> <et=0.41> <Mt= 0.00> <Spt= 0.01> <nCl= 30> <al=0.66> <DB=-7816854609.5167> <Mlp=101279196.1879> <PB=10000000> 
#<DWph=2> <it= 12> <et=0.41> <Mt= 0.00> <Spt= 0.00> <nCl= 30> <al=0.69> <DB=-6904973757.2226> <Mlp=72190313.3133> <PB=10000000> 
#<DWph=2> <it= 13> <et=0.41> <Mt= 0.00> <Spt= 0.00> <nCl= 30> <al=0.59> <DB=-5954616893.0255> <Mlp=19724326.7956> <PB=10000000> 
#<DWph=2> <it= 14> <et=0.41> <Mt= 0.00> <Spt= 0.00> <nCl= 30> <al=0.49> <DB=-4458543214.5377> <Mlp=7029741.4185> <PB=10000000> 
#<DWph=2> <it= 15> <et=0.42> <Mt= 0.00> <Spt= 0.00> <nCl= 60> <al=0.08> <DB=-108944910.8692> <Mlp=658377.8946> <PB=10000000> 
#<DWph=2> <it= 16> <et=0.42> <Mt= 0.00> <Spt= 0.00> <nCl= 30> <al=0.44> <DB=-20712230.7797> <Mlp=437893.7516> <PB=10000000> 
<DWph=2> <it= 17> <et=0.42> <Mt= 0.00> <Spt= 0.00> <nCl= 30> <al=0.00> <DB=-53217.7130> <Mlp= 2906.3459> <PB=10000000> 
<DWph=2> <it= 18> <et=0.42> <Mt= 0.00> <Spt= 0.00> <nCl= 30> <al=0.24> <DB=-51446.5226> <Mlp= 2524.2288> <PB=10000000> 
<DWph=2> <it= 19> <et=0.42> <Mt= 0.00> <Spt= 0.00> <nCl= 30> <al=0.32> <DB=-30956.2141> <Mlp= 2164.2746> <PB=10000000> 
<DWph=2> <it= 20> <et=0.42> <Mt= 0.00> <Spt= 0.01> <nCl= 30> <al=0.39> <DB=-24105.6185> <Mlp= 2062.8130> <PB=10000000> 
<DWph=2> <it= 21> <et=0.43> <Mt= 0.00> <Spt= 0.00> <nCl= 30> <al=0.45> <DB=-17172.6571> <Mlp= 1858.9475> <PB=10000000> 
<DWph=2> <it= 22> <et=0.43> <Mt= 0.00> <Spt= 0.00> <nCl= 30> <al=0.50> <DB=-14694.5001> <Mlp= 1706.7933> <PB=10000000> 
<DWph=2> <it= 23> <et=0.43> <Mt= 0.00> <Spt= 0.00> <nCl= 30> <al=0.55> <DB=-12644.2959> <Mlp= 1638.5343> <PB=10000000> 
<DWph=2> <it= 24> <et=0.43> <Mt= 0.00> <Spt= 0.00> <nCl= 30> <al=0.60> <DB=-8675.4956> <Mlp= 1599.2637> <PB=10000000> 
<DWph=2> <it= 25> <et=0.43> <Mt= 0.00> <Spt= 0.00> <nCl= 30> <al=0.64> <DB=-6503.4748> <Mlp= 1517.0356> <PB=10000000> 
<DWph=2> <it= 26> <et=0.43> <Mt= 0.00> <Spt= 0.00> <nCl= 30> <al=0.67> <DB=-6202.7758> <Mlp= 1418.6928> <PB=10000000> 
<DWph=2> <it= 27> <et=0.44> <Mt= 0.01> <Spt= 0.00> <nCl= 30> <al=0.71> <DB=-4950.7584> <Mlp= 1372.1912> <PB=10000000> 
<DWph=2> <it= 28> <et=0.44> <Mt= 0.00> <Spt= 0.01> <nCl= 30> <al=0.61> <DB=-4710.6602> <Mlp= 1370.6939> <PB=10000000> 
<DWph=2> <it= 29> <et=0.44> <Mt= 0.00> <Spt= 0.00> <nCl= 30> <al=0.65> <DB=-3512.7671> <Mlp= 1350.7552> <PB=10000000> 
<DWph=2> <it= 30> <et=0.44> <Mt= 0.00> <Spt= 0.00> <nCl= 30> <al=0.68> <DB=-2654.6790> <Mlp= 1334.8237> <PB=10000000> 
<DWph=2> <it= 31> <et=0.44> <Mt= 0.00> <Spt= 0.00> <nCl= 30> <al=0.58> <DB=-2429.6110> <Mlp= 1318.7429> <PB=10000000> 
<DWph=2> <it= 32> <et=0.45> <Mt= 0.00> <Spt= 0.00> <nCl= 30> <al=0.62> <DB=-1226.8762> <Mlp= 1296.9165> <PB=10000000> 
<DWph=2> <it= 33> <et=0.45> <Mt= 0.00> <Spt= 0.00> <nCl= 30> <al=0.66> <DB=-1020.1372> <Mlp= 1280.6181> <PB=10000000> 
<DWph=2> <it= 34> <et=0.45> <Mt= 0.00> <Spt= 0.00> <nCl= 30> <al=0.56> <DB= -539.2314> <Mlp= 1271.4276> <PB=10000000> 
<DWph=2> <it= 35> <et=0.45> <Mt= 0.00> <Spt= 0.00> <nCl= 30> <al=0.60> <DB=-1245.6450> <Mlp= 1248.2111> <PB=10000000> 
<DWph=2> <it= 36> <et=0.45> <Mt= 0.00> <Spt= 0.00> <nCl= 29> <al=0.64> <DB=-1076.9994> <Mlp= 1247.4737> <PB=10000000> 
<DWph=2> <it= 37> <et=0.46> <Mt= 0.00> <Spt= 0.01> <nCl= 30> <al=0.68> <DB=   95.9807> <Mlp= 1245.3068> <PB=10000000> 
<DWph=2> <it= 38> <et=0.46> <Mt= 0.00> <Spt= 0.00> <nCl= 30> <al=0.71> <DB=  338.4839> <Mlp= 1242.3850> <PB=10000000> 
Shrinking heuristic shrunk 28 edges
<DWph=2> <it= 39> <et=0.46> <Mt= 0.00> <Spt= 0.00> <nCl= 27> <al=0.74> <DB=   74.6148> <Mlp= 1226.0000> <PB=1226> 
<DWph=2> <it= 40> <et=0.46> <Mt= 0.00> <Spt= 0.00> <nCl= 29> <al=0.64> <DB=  439.6578> <Mlp= 1226.0000> <PB=1226> 
<DWph=2> <it= 41> <et=0.46> <Mt= 0.00> <Spt= 0.00> <nCl= 30> <al=0.68> <DB= -278.8919> <Mlp= 1226.0000> <PB=1226> 
<DWph=2> <it= 42> <et=0.47> <Mt= 0.00> <Spt= 0.00> <nCl= 30> <al=0.71> <DB=   39.8365> <Mlp= 1226.0000> <PB=1226> 
<DWph=2> <it= 43> <et=0.47> <Mt= 0.00> <Spt= 0.00> <nCl= 28> <al=0.61> <DB=  483.1770> <Mlp= 1226.0000> <PB=1226> 
<DWph=2> <it= 44> <et=0.47> <Mt= 0.00> <Spt= 0.01> <nCl= 30> <al=0.65> <DB=  487.3429> <Mlp= 1226.0000> <PB=1226> 
<DWph=2> <it= 45> <et=0.47> <Mt= 0.01> <Spt= 0.00> <nCl= 30> <al=0.68> <DB= -345.3689> <Mlp= 1226.0000> <PB=1226> 
<DWph=2> <it= 46> <et=0.47> <Mt= 0.00> <Spt= 0.00> <nCl= 30> <al=0.71> <DB=  610.2631> <Mlp= 1226.0000> <PB=1226> 
<DWph=2> <it= 47> <et=0.47> <Mt= 0.00> <Spt= 0.00> <nCl= 30> <al=0.61> <DB=  213.0070> <Mlp= 1224.0769> <PB=1226> 
<DWph=2> <it= 48> <et=0.48> <Mt= 0.00> <Spt= 0.00> <nCl= 30> <al=0.65> <DB=  796.1492> <Mlp= 1224.0769> <PB=1226> 
<DWph=2> <it= 49> <et=0.48> <Mt= 0.00> <Spt= 0.00> <nCl= 30> <al=0.55> <DB= 1001.3390> <Mlp= 1223.9565> <PB=1226> 
<DWph=2> <it= 50> <et=0.48> <Mt= 0.00> <Spt= 0.00> <nCl= 30> <al=0.60> <DB=  869.5276> <Mlp= 1223.3294> <PB=1226> 
<DWph=2> <it= 51> <et=0.48> <Mt= 0.00> <Spt= 0.00> <nCl= 20> <al=0.64> <DB=  769.1076> <Mlp= 1223.0563> <PB=1226> 
<DWph=2> <it= 52> <et=0.48> <Mt= 0.00> <Spt= 0.00> <nCl= 30> <al=0.54> <DB=  787.9272> <Mlp= 1221.5054> <PB=1226> 
<DWph=2> <it= 53> <et=0.48> <Mt= 0.00> <Spt= 0.01> <nCl= 30> <al=0.44> <DB= 1096.9610> <Mlp= 1219.4605> <PB=1226> 
<DWph=2> <it= 54> <et=0.49> <Mt= 0.00> <Spt= 0.00> <nCl= 30> <al=0.34> <DB=  520.4440> <Mlp= 1219.4605> <PB=1226> 
<DWph=2> <it= 55> <et=0.49> <Mt= 0.00> <Spt= 0.00> <nCl= 30> <al=0.40> <DB=  468.1471> <Mlp= 1219.4605> <PB=1226> 
<DWph=2> <it= 56> <et=0.49> <Mt= 0.00> <Spt= 0.00> <nCl= 27> <al=0.46> <DB=   61.1750> <Mlp= 1215.5000> <PB=1226> 
<DWph=2> <it= 57> <et=0.49> <Mt= 0.00> <Spt= 0.00> <nCl= 30> <al=0.36> <DB=  -99.6135> <Mlp= 1201.5797> <PB=1226> 
<DWph=2> <it= 58> <et=0.49> <Mt= 0.00> <Spt= 0.00> <nCl= 30> <al=0.43> <DB=  360.9476> <Mlp= 1201.5797> <PB=1226> 
<DWph=2> <it= 59> <et=0.50> <Mt= 0.00> <Spt= 0.00> <nCl= 30> <al=0.48> <DB=  170.3762> <Mlp= 1201.5797> <PB=1226> 
<DWph=2> <it= 60> <et=0.50> <Mt= 0.00> <Spt= 0.00> <nCl= 26> <al=0.38> <DB=  927.3410> <Mlp= 1201.5750> <PB=1226> 
<DWph=2> <it= 61> <et=0.50> <Mt= 0.00> <Spt= 0.01> <nCl= 22> <al=0.45> <DB=  803.5898> <Mlp= 1201.3962> <PB=1226> 
<DWph=2> <it= 62> <et=0.50> <Mt= 0.00> <Spt= 0.00> <nCl= 30> <al=0.35> <DB=  785.0863> <Mlp= 1196.5000> <PB=1226> 
<DWph=2> <it= 63> <et=0.50> <Mt= 0.00> <Spt= 0.00> <nCl= 30> <al=0.41> <DB=  327.5981> <Mlp= 1196.5000> <PB=1226> 
<DWph=2> <it= 64> <et=0.50> <Mt= 0.00> <Spt= 0.00> <nCl= 30> <al=0.47> <DB= 1061.0745> <Mlp= 1196.5000> <PB=1226> 
<DWph=2> <it= 65> <et=0.51> <Mt= 0.01> <Spt= 0.00> <nCl= 23> <al=0.37> <DB=  351.5799> <Mlp= 1196.5000> <PB=1226> 
<DWph=2> <it= 66> <et=0.51> <Mt= 0.00> <Spt= 0.00> <nCl= 30> <al=0.27> <DB=  953.4744> <Mlp= 1196.5000> <PB=1226> 
<DWph=2> <it= 67> <et=0.51> <Mt= 0.00> <Spt= 0.00> <nCl= 30> <al=0.34> <DB=  850.3146> <Mlp= 1196.4000> <PB=1226> 
<DWph=2> <it= 68> <et=0.51> <Mt= 0.00> <Spt= 0.00> <nCl= 23> <al=0.24> <DB=  671.5225> <Mlp= 1195.3913> <PB=1226> 
<DWph=2> <it= 69> <et=0.51> <Mt= 0.00> <Spt= 0.01> <nCl= 28> <al=0.14> <DB=  791.4206> <Mlp= 1195.3913> <PB=1226> 
<DWph=2> <it= 70> <et=0.52> <Mt= 0.00> <Spt= 0.00> <nCl= 18> <al=0.23> <DB= 1085.3516> <Mlp= 1195.3913> <PB=1226> 
<DWph=2> <it= 71> <et=0.52> <Mt= 0.00> <Spt= 0.00> <nCl= 20> <al=0.13> <DB= 1107.5118> <Mlp= 1195.3913> <PB=1226> 
<DWph=2> <it= 72> <et=0.52> <Mt= 0.00> <Spt= 0.00> <nCl= 30> <al=0.03> <DB=  536.0981> <Mlp= 1195.3913> <PB=1226> 
<DWph=2> <it= 73> <et=0.52> <Mt= 0.00> <Spt= 0.00> <nCl= 26> <al=0.13> <DB= 1190.5174> <Mlp= 1195.3913> <PB=1226> 
<DWph=2> <it= 74> <et=0.52> <Mt= 0.00> <Spt= 0.00> <nCl= 16> <al=0.21> <DB=  914.2591> <Mlp= 1195.3913> <PB=1226> 
<DWph=2> <it= 75> <et=0.52> <Mt= 0.00> <Spt= 0.00> <nCl= 24> <al=0.11> <DB=  969.0065> <Mlp= 1193.7778> <PB=1226> 
<DWph=2> <it= 76> <et=0.53> <Mt= 0.00> <Spt= 0.00> <nCl= 15> <al=0.20> <DB=  958.3809> <Mlp= 1193.7778> <PB=1226> 
<DWph=2> <it= 77> <et=0.53> <Mt= 0.00> <Spt= 0.01> <nCl= 29> <al=0.10> <DB=  865.8670> <Mlp= 1193.7778> <PB=1226> 
<DWph=2> <it= 78> <et=0.53> <Mt= 0.00> <Spt= 0.00> <nCl= 20> <al=0.19> <DB=  811.4131> <Mlp= 1193.7778> <PB=1226> 
<DWph=2> <it= 79> <et=0.53> <Mt= 0.00> <Spt= 0.00> <nCl= 20> <al=0.27> <DB=  944.5473> <Mlp= 1193.0000> <PB=1226> 
<DWph=2> <it= 80> <et=0.53> <Mt= 0.00> <Spt= 0.00> <nCl= 22> <al=0.35> <DB=  746.9277> <Mlp= 1193.0000> <PB=1226> 
<DWph=2> <it= 81> <et=0.53> <Mt= 0.00> <Spt= 0.00> <nCl= 26> <al=0.41> <DB=  941.2777> <Mlp= 1191.1667> <PB=1226> 
<DWph=2> <it= 82> <et=0.54> <Mt= 0.00> <Spt= 0.00> <nCl= 29> <al=0.47> <DB=  613.9169> <Mlp= 1191.1667> <PB=1226> 
<DWph=2> <it= 83> <et=0.54> <Mt= 0.01> <Spt= 0.00> <nCl=  0> <al=0.37> <DB=  613.9169> <Mlp= 1188.6250> <PB=1226> 
<DWph=1> <it= 84> <et=0.54> <Mt= 0.00> <Spt= 0.00> <nCl= 30> <al=0.37> <DB=  875.2076> <Mlp= 1188.6250> <PB=1226> 
<DWph=1> <it= 85> <et=0.54> <Mt= 0.00> <Spt= 0.01> <nCl= 22> <al=0.43> <DB=  920.8546> <Mlp= 1188.6250> <PB=1226> 
<DWph=1> <it= 86> <et=0.55> <Mt= 0.00> <Spt= 0.00> <nCl= 15> <al=0.49> <DB= 1028.2446> <Mlp= 1188.6250> <PB=1226> 
<DWph=1> <it= 87> <et=0.55> <Mt= 0.00> <Spt= 0.00> <nCl= 22> <al=0.54> <DB= 1034.5891> <Mlp= 1188.6250> <PB=1226> 
<DWph=1> <it= 88> <et=0.55> <Mt= 0.00> <Spt= 0.00> <nCl= 18> <al=0.59> <DB= 1072.2621> <Mlp= 1188.6250> <PB=1226> 
<DWph=1> <it= 89> <et=0.55> <Mt= 0.00> <Spt= 0.01> <nCl= 23> <al=0.49> <DB=  677.8431> <Mlp= 1188.6250> <PB=1226> 
<DWph=1> <it= 90> <et=0.56> <Mt= 0.00> <Spt= 0.00> <nCl= 16> <al=0.54> <DB=  961.1960> <Mlp= 1188.6250> <PB=1226> 
<DWph=1> <it= 91> <et=0.56> <Mt= 0.00> <Spt= 0.00> <nCl= 38> <al=0.00> <DB=  907.3750> <Mlp= 1188.6250> <PB=1226> 
<DWph=1> <it= 92> <et=0.57> <Mt= 0.00> <Spt= 0.00> <nCl= 23> <al=0.34> <DB= 1047.0783> <Mlp= 1188.6250> <PB=1226> 
<DWph=1> <it= 93> <et=0.57> <Mt= 0.00> <Spt= 0.01> <nCl= 19> <al=0.24> <DB= 1103.7438> <Mlp= 1188.6250> <PB=1226> 
<DWph=1> <it= 94> <et=0.57> <Mt= 0.00> <Spt= 0.00> <nCl=  9> <al=0.31> <DB= 1152.1329> <Mlp= 1188.6250> <PB=1226> 
<DWph=1> <it= 95> <et=0.58> <Mt= 0.00> <Spt= 0.00> <nCl=  9> <al=0.00> <DB= 1188.6250> <Mlp= 1188.6250> <PB=1226> 
    RCSP exact solver info for graph G_0 : TT = 0.005539, pt = 6e-06, dt = 0.004817, ct = 0.000423, ndl = 2726', bdl = 54556', odl = 3263', odf = 23116', bsi = 1564', cnt = 42090', bdch = 534135', odch = 114021', lcp = 52534', #sols = 150
<DWph=0> <it= 96> <et=0.59> <Mt= 0.00> <Spt= 0.01> <nCl=150> <al=0.11> <DB=  634.6477> <Mlp= 1188.6250> <PB=1226> 
    RCSP exact solver info for graph G_0 : TT = 0.005017, pt = 1.4e-05, dt = 0.004398, ct = 0.000351, ndl = 2771', bdl = 53449', odl = 3486', odf = 24820', bsi = 1465', cnt = 34354', bdch = 566618', odch = 123762', lcp = 55416', #sols = 150
<DWph=0> <it= 97> <et=0.59> <Mt= 0.00> <Spt= 0.01> <nCl=150> <al=0.20> <DB=  677.6807> <Mlp= 1182.0000> <PB=1226> 
    RCSP exact solver info for graph G_0 : TT = 0.006646, pt = 1.2e-05, dt = 0.005737, ct = 0.000541, ndl = 3353', bdl = 64249', odl = 3369', odf = 27114', bsi = 1575', cnt = 57692', bdch = 743072', odch = 159915', lcp = 67394', #sols = 150
<DWph=0> <it= 98> <et=0.60> <Mt= 0.00> <Spt= 0.01> <nCl=118> <al=0.28> <DB= 1023.1137> <Mlp= 1178.5000> <PB=1226> 
    RCSP exact solver info for graph G_0 : TT = 0.004874, pt = 1.3e-05, dt = 0.004211, ct = 0.000367, ndl = 2699', bdl = 52906', odl = 3399', odf = 24264', bsi = 1426', cnt = 36265', bdch = 536452', odch = 116116', lcp = 53554', #sols = 150
<DWph=0> <it= 99> <et=0.61> <Mt= 0.00> <Spt= 0.01> <nCl= 74> <al=0.35> <DB= 1069.8088> <Mlp= 1178.5000> <PB=1226> 
    RCSP exact solver info for graph G_0 : TT = 0.005266, pt = 1.4e-05, dt = 0.00454, ct = 0.000422, ndl = 2790', bdl = 54399', odl = 3410', odf = 24837', bsi = 1506', cnt = 40785', bdch = 563639', odch = 120662', lcp = 55431', #sols = 150
<DWph=0> <it=100> <et=0.62> <Mt= 0.00> <Spt= 0.00> <nCl= 28> <al=0.42> <DB= 1132.9826> <Mlp= 1178.5000> <PB=1226> 
    RCSP exact solver info for graph G_0 : TT = 0.005197, pt = 1.4e-05, dt = 0.00448, ct = 0.000414, ndl = 2655', bdl = 51483', odl = 3401', odf = 24229', bsi = 1501', cnt = 38545', bdch = 524495', odch = 110358', lcp = 52397', #sols = 150
    RCSP exact solver info for graph G_0 : TT = 0.004738, pt = 1.6e-05, dt = 0.00411, ct = 0.000337, ndl = 2444', bdl = 47366', odl = 3292', odf = 23232', bsi = 1429', cnt = 33230', bdch = 449700', odch = 97742', lcp = 44451', #sols = 150
<DWph=0> <it=101> <et=0.63> <Mt= 0.01> <Spt= 0.02> <nCl= 64> <al=0.00> <DB= 1178.5000> <Mlp= 1178.5000> <PB=1226> 
RCSP solver dynamic params and stats :  bidir.bord. = 375 aver.obdmd = 23.9688 aver.buck.num. = 26
@@ 1 0 1178.5 0.00502114 0.006278 91.9473 0.63
RCSP      solver labels distribution in 324 buckets (bucket size) : largest - 49, top 0.1% - 49, top 0.5% - 49, top 2% - 40, top 10% - 19, top 50% - 4
Reduced cost fixing for graph G_0...  TT = 0.005522, pt = 0.000599, dt = 0.004869, ct = 0, ndl = 6590', bdl = 23444', odl = 2855', odf = 50659', lpcb = 88297', cnt = 92070', bdch = 314768', odch = 293107', lcp = 59937'
9882 buck. arcs remain (46.4% from prev., 42.7% from max.) + 1857 jump buck. arcs (8.02% from max.)
 TT = 0.011386, pt = 0.000599, dt = 0.004869, ct = 0.00582, ndl = 6590', bdl = 23444', odl = 2855', odf = 50659', lpcb = 88297', cnt = 123762', bdch = 314768', odch = 293107', lcp = 59937'
RCSP      solver labels distribution in 668 buckets (bucket size) : largest - 57, top 0.1% - 57, top 0.5% - 49, top 2% - 42, top 10% - 26, top 50% - 6
Run forward enumeration with border = 375... succeeded! lpt = 0.175931, ndl = 86323', dl = 30237', lpcb = 1035138', dch = 429818'
Run enumeration concatenation with time limit 0.3 sec.... time limit reached, not succeeded.
Sorting and storing enumerated solutions ...  TT = 0.519877, pt = 0.006638, dt = 0.175931, ct = 0.305346, ndl = 86323', bdl = 30237', lpcb = 1035138', cnt = 4234704', bdch = 429818', odch = 0', lcp = 0'
ColGenEvalAlg final dual bound: 1178.5 (rounded: 1179)
Shrinking heuristic shrunk 22 edges
150 Rank-1 3-rows pack. cuts added ,  max viol. = 0.5, aver. viol. = 0.5
----- Add fac. cuts : R1C(150), max.viol = 0.5, aver.viol = 0.5, sep/add took 0.000764453/0.134327 sec. -----
3175 columns (3175 active), 150 dyn. constrs. (150 active), 212 art. vars. (212 active)
Shrinking heuristic shrunk 28 edges
<DWph=2> <it=  1> <et=1.31> <Mt= 0.00> <Spt= 0.00> <nCl= 24> <al=0.50> <DB= 1008.1865> <Mlp= 1203.0000> <PB=1203> 
<DWph=2> <it=  2> <et=1.32> <Mt= 0.00> <Spt= 0.00> <nCl= 25> <al=0.55> <DB= 1191.5370> <Mlp= 1203.0000> <PB=1203> 
<DWph=2> <it=  3> <et=1.32> <Mt= 0.00> <Spt= 0.01> <nCl= 20> <al=0.60> <DB=  974.6485> <Mlp= 1203.0000> <PB=1203> 
<DWph=2> <it=  4> <et=1.33> <Mt= 0.01> <Spt= 0.00> <nCl= 22> <al=0.64> <DB= 1145.9067> <Mlp= 1203.0000> <PB=1203> 
<DWph=2> <it=  5> <et=1.33> <Mt= 0.00> <Spt= 0.00> <nCl= 23> <al=0.67> <DB= 1181.0320> <Mlp= 1203.0000> <PB=1203> 
<DWph=2> <it=  6> <et=1.34> <Mt= 0.00> <Spt= 0.01> <nCl= 32> <al=0.41> <DB= 1149.2540> <Mlp= 1203.0000> <PB=1203> 
<DWph=2> <it=  7> <et=1.35> <Mt= 0.00> <Spt= 0.00> <nCl=  6> <al=0.60> <DB= 1207.9800> <Mlp= 1203.0000> <PB=1203> 
<DWph=1> <it=  8> <et=1.35> <Mt= 0.00> <Spt= 0.01> <nCl= 27> <al=0.64> <DB=  811.3135> <Mlp= 1203.0000> <PB=1203> 
<DWph=1> <it=  9> <et=1.36> <Mt= 0.01> <Spt= 0.00> <nCl= 20> <al=0.68> <DB=  967.1198> <Mlp= 1202.0000> <PB=1203> 
<DWph=1> <it= 10> <et=1.37> <Mt= 0.00> <Spt= 0.00> <nCl= 20> <al=0.71> <DB=  843.2874> <Mlp= 1202.0000> <PB=1203> 
<DWph=1> <it= 11> <et=1.37> <Mt= 0.00> <Spt= 0.00> <nCl= 13> <al=0.61> <DB=  834.2224> <Mlp= 1202.0000> <PB=1203> 
<DWph=1> <it= 12> <et=1.38> <Mt= 0.01> <Spt= 0.01> <nCl= 26> <al=0.65> <DB=  821.1322> <Mlp= 1202.0000> <PB=1203> 
<DWph=1> <it= 13> <et=1.38> <Mt= 0.00> <Spt= 0.00> <nCl= 17> <al=0.55> <DB= 1029.4444> <Mlp= 1202.0000> <PB=1203> 
<DWph=1> <it= 14> <et=1.39> <Mt= 0.00> <Spt= 0.01> <nCl= 14> <al=0.60> <DB= 1022.2313> <Mlp= 1202.0000> <PB=1203> 
Shrinking heuristic shrunk 28 edges
<DWph=1> <it= 15> <et=1.39> <Mt= 0.00> <Spt= 0.00> <nCl= 16> <al=0.50> <DB= 1021.0623> <Mlp= 1199.0000> <PB=1199> 
<DWph=1> <it= 16> <et=1.40> <Mt= 0.00> <Spt= 0.00> <nCl= 20> <al=0.55> <DB=  986.4141> <Mlp= 1199.0000> <PB=1199> 
Shrinking heuristic shrunk 28 edges
<DWph=1> <it= 17> <et=1.41> <Mt= 0.01> <Spt= 0.01> <nCl= 13> <al=0.45> <DB= 1012.1666> <Mlp= 1195.0000> <PB=1195> 
<DWph=1> <it= 18> <et=1.41> <Mt= 0.00> <Spt= 0.00> <nCl= 18> <al=0.35> <DB=  829.4159> <Mlp= 1195.0000> <PB=1195> 
<DWph=1> <it= 19> <et=1.42> <Mt= 0.00> <Spt= 0.00> <nCl= 16> <al=0.41> <DB= 1027.0385> <Mlp= 1195.0000> <PB=1195> 
<DWph=1> <it= 20> <et=1.42> <Mt= 0.00> <Spt= 0.01> <nCl= 16> <al=0.31> <DB= 1035.2818> <Mlp= 1195.0000> <PB=1195> 
<DWph=1> <it= 21> <et=1.43> <Mt= 0.00> <Spt= 0.00> <nCl= 15> <al=0.38> <DB= 1038.8847> <Mlp= 1195.0000> <PB=1195> 
<DWph=1> <it= 22> <et=1.43> <Mt= 0.01> <Spt= 0.00> <nCl= 15> <al=0.28> <DB= 1072.3737> <Mlp= 1195.0000> <PB=1195> 
<DWph=1> <it= 23> <et=1.44> <Mt= 0.00> <Spt= 0.01> <nCl= 13> <al=0.35> <DB= 1074.1357> <Mlp= 1195.0000> <PB=1195> 
<DWph=1> <it= 24> <et=1.44> <Mt= 0.00> <Spt= 0.00> <nCl= 10> <al=0.25> <DB= 1098.0746> <Mlp= 1195.0000> <PB=1195> 
<DWph=1> <it= 25> <et=1.45> <Mt= 0.00> <Spt= 0.00> <nCl= 12> <al=0.15> <DB= 1149.6912> <Mlp= 1195.0000> <PB=1195> 
<DWph=1> <it= 26> <et=1.45> <Mt= 0.00> <Spt= 0.00> <nCl= 13> <al=0.24> <DB= 1064.0774> <Mlp= 1195.0000> <PB=1195> 
<DWph=1> <it= 27> <et=1.46> <Mt= 0.01> <Spt= 0.01> <nCl= 12> <al=0.31> <DB= 1147.6367> <Mlp= 1195.0000> <PB=1195> 
<DWph=1> <it= 28> <et=1.46> <Mt= 0.00> <Spt= 0.00> <nCl= 15> <al=0.38> <DB= 1179.0606> <Mlp= 1195.0000> <PB=1195> 
<DWph=1> <it= 29> <et=1.47> <Mt= 0.00> <Spt= 0.00> <nCl= 21> <al=0.28> <DB=  923.3473> <Mlp= 1195.0000> <PB=1195> 
<DWph=1> <it= 30> <et=1.47> <Mt= 0.00> <Spt= 0.01> <nCl= 19> <al=0.35> <DB=  853.4749> <Mlp= 1195.0000> <PB=1195> 
<DWph=1> <it= 31> <et=1.48> <Mt= 0.00> <Spt= 0.00> <nCl= 20> <al=0.42> <DB= 1107.9810> <Mlp= 1195.0000> <PB=1195> 
<DWph=1> <it= 32> <et=1.49> <Mt= 0.00> <Spt= 0.01> <nCl= 19> <al=0.00> <DB=  933.8304> <Mlp= 1195.0000> <PB=1195> 
<DWph=1> <it= 33> <et=1.49> <Mt= 0.01> <Spt= 0.00> <nCl= 10> <al=0.38> <DB= 1163.2979> <Mlp= 1195.0000> <PB=1195> 
<DWph=1> <it= 34> <et=1.50> <Mt= 0.00> <Spt= 0.01> <nCl= 12> <al=0.28> <DB= 1102.8875> <Mlp= 1195.0000> <PB=1195> 
<DWph=1> <it= 35> <et=1.50> <Mt= 0.00> <Spt= 0.00> <nCl= 14> <al=0.00> <DB= 1167.0847> <Mlp= 1195.0000> <PB=1195> 
<DWph=1> <it= 36> <et=1.51> <Mt= 0.00> <Spt= 0.00> <nCl=  5> <al=0.08> <DB= 1182.6370> <Mlp= 1195.0000> <PB=1195> 
<DWph=1> <it= 37> <et=1.51> <Mt= 0.00> <Spt= 0.01> <nCl= 12> <al=0.00> <DB= 1195.0000> <Mlp= 1195.0000> <PB=1195> 
    RCSP exact solver info for graph G_0 : TT = 0.005317, pt = 2.9e-05, dt = 0.003813, ct = 0.001082, ndl = 3308', bdl = 22031', odl = 3314', odf = 28981', bsi = 1457', cnt = 84283', bdch = 285880', odch = 179943', lcp = 68381', #sols = 150
<DWph=0> <it= 38> <et=1.53> <Mt= 0.00> <Spt= 0.02> <nCl=150> <al=0.00> <DB=  778.7564> <Mlp= 1195.0000> <PB=1195> 
    RCSP exact solver info for graph G_0 : TT = 0.005183, pt = 5e-05, dt = 0.00409, ct = 0.000719, ndl = 3820', bdl = 25798', odl = 3465', odf = 30947', bsi = 1433', cnt = 95410', bdch = 360041', odch = 217247', lcp = 83402', #sols = 150
<DWph=0> <it= 39> <et=1.56> <Mt= 0.01> <Spt= 0.02> <nCl=150> <al=0.00> <DB=  907.6667> <Mlp= 1193.6667> <PB=1195> 
    RCSP exact solver info for graph G_0 : TT = 0.004585, pt = 5.3e-05, dt = 0.003799, ct = 0.000424, ndl = 3048', bdl = 19721', odl = 3348', odf = 27038', bsi = 1385', cnt = 43007', bdch = 246266', odch = 142714', lcp = 58898', #sols = 150
<DWph=0> <it= 40> <et=1.58> <Mt= 0.00> <Spt= 0.01> <nCl= 93> <al=0.00> <DB= 1136.8333> <Mlp= 1193.5000> <PB=1195> 
    RCSP exact solver info for graph G_0 : TT = 0.004047, pt = 4.6e-05, dt = 0.003233, ct = 0.000466, ndl = 3173', bdl = 20865', odl = 3405', odf = 27857', bsi = 1360', cnt = 51812', bdch = 269285', odch = 157861', lcp = 65833', #sols = 150
<DWph=0> <it= 41> <et=1.59> <Mt= 0.00> <Spt= 0.01> <nCl= 21> <al=0.00> <DB= 1193.5000> <Mlp= 1193.5000> <PB=1195> 
RCSP solver dynamic params and stats :  bidir.bord. = 375 aver.obdmd = 23.9688 aver.buck.num. = 26 nbR1C = 5 with avMem = 10.2
@@ 1 1 1193.5 0.0044065 0.004895 42.6684 1.59
RCSP      solver labels distribution in 339 buckets (bucket size) : largest - 71, top 0.1% - 71, top 0.5% - 65, top 2% - 56, top 10% - 22, top 50% - 4
Reduced cost fixing for graph G_0...  TT = 0.001838, pt = 0.000718, dt = 0.000979, ct = 0, ndl = 4038', bdl = 11770', odl = 865', odf = 11301', lpcb = 10567', cnt = 24704', bdch = 84646', odch = 74954', lcp = 12534'
900 buck. arcs remain (9.11% from prev., 3.89% from max.) + 1502 jump buck. arcs (6.49% from max.)
 TT = 0.004673, pt = 0.000718, dt = 0.000979, ct = 0.002791, ndl = 4038', bdl = 11770', odl = 865', odf = 11301', lpcb = 10567', cnt = 282817', bdch = 84646', odch = 74954', lcp = 12534'
RCSP      solver labels distribution in 525 buckets (bucket size) : largest - 71, top 0.1% - 71, top 0.5% - 65, top 2% - 48, top 10% - 19, top 50% - 3
Run forward enumeration with border = 375... succeeded! lpt = 0.012524, ndl = 306', dl = 10', lpcb = 526', dch = 35'
Run enumeration concatenation with time limit 0.3 sec.... succeeded!
Sorting and storing enumerated solutions ... done!
 TT = 0.014329, pt = 0, dt = 0.012524, ct = 5.8e-05, ndl = 306', bdl = 10', lpcb = 526', cnt = 8139', bdch = 35', odch = 0', lcp = 0'
Enumeration succeeded!, number of elem. solutions is 29
Estimating inspection time...     TT = 2.8e-05, performed by inspection with 29 solutions, nbR1C = 5, nbDiscC = 0
Inspection time is low enough. Pricing will be done by inspection.
Added 73 columns in the formulation 
Removed 4141 columns (not in the enumerated set) from the formulation
Regenerated 73 columns with the 'enumerated' flag
Added 6 columns in the formulation 
ColGenEvalAlg final dual bound: 1193.5 (rounded: 1194)
Gap improvement since the last cut separation : 0.909091 (1178.5)
Current active cuts : R1C(5,45.0789) 3rowPackR1C(5)
----- Terminating the node by MIP -----
Version identifier: 22.1.2.0 | 2024-11-26 | 0edbb82fd
CPXPARAM_Advance                                 0
CPXPARAM_Preprocessing_Linear                    0
CPXPARAM_Threads                                 1
CPXPARAM_MIP_Strategy_CallbackReducedLP          0
CPXPARAM_MIP_Limits_Nodes                        2000000
CPXPARAM_Simplex_Tolerances_Optimality           9.9999999999999995e-08
CPXPARAM_Simplex_Tolerances_Feasibility          9.9999999999999995e-08
CPXPARAM_TimeLimit                               360000
CPXPARAM_MIP_Tolerances_UpperCutoff              1194.0000010000001
CPXPARAM_MIP_Tolerances_MIPGap                   1.0000000000000001e-09
Legacy callback                                  L
Warning: Control callbacks may disable some MIP features.
Tried aggregator 1 time.
MIP Presolve eliminated 124 rows and 75 columns.
MIP Presolve modified 1199 coefficients.
Reduced MIP has 1 rows, 4 columns, and 4 nonzeros.
Reduced MIP has 4 binaries, 0 generals, 0 SOSs, and 0 indicators.
Presolve time = 0.00 sec. (3.91 ticks)
Probing time = 0.00 sec. (0.00 ticks)
Clique table members: 1.
MIP emphasis: balance optimality and feasibility.
MIP search method: traditional branch-and-cut.
Parallel mode: none, using 1 thread.
Root relaxation solution time = 0.00 sec. (0.00 ticks)
Shrinking heuristic shrunk 28 edges

        Nodes                                         Cuts/
   Node  Left     Objective  IInf  Best Integer    Best Bound    ItCnt     Gap         Variable B NodeID Parent  Depth

*     0     0      integral     0     1194.0000     1194.0000        0    0.00%                        0             0
Elapsed time = 0.00 sec. (3.92 ticks, tree = 0.00 MB, solutions = 1)

Root node processing (before b&c):
  Real time             =    0.00 sec. (3.92 ticks)
Sequential b&c:
  Real time             =    0.00 sec. (0.00 ticks)
                          ------------
Total (root+branch&cut) =    0.00 sec. (3.92 ticks)
Solution status = Optimum
Shrinking heuristic shrunk 28 edges
New model incumbent solution 1194, TIME = 0h0m1s65t = 165
************************************************************************************************
Search is finished, global bounds : [ 1194 , 1194 ], TIME = 0h0m1s65t = 165
************************************************************************************************
[32mBaPCod : solution defined.[00m
statistics_cols: instance & :Optimal & cutoff & :bcRecRootDb & :bcTimeRootEval & :bcCountNodeProc & :bcRecBestDb & :bcRecBestInc & :bcTimeMain \\
statistics: instance_18-triangle & 1 & 1.0e7 & 1194.00 & 1.65 & 1 & 1194.00 & 1194 & 1.65 \\
########################################################
Route #1: 13 22 11 15 16 19 12 9 29 10 6 20 26 30 
Route #2: 17 1 14 7 3 8 28 4 5 18 23 24 2 25 21 27 
Cost 1194
########################################################

end_time=2026-04-19 23:12:37
exit_code=0
