instance_file=/mnt/c/Users/porin/OneDrive/Documentos/Python-Mestrado/Modelagem Matemática/Programação Inteira - Uchoa/Problema VRPRDL/instancias_turco/VRPRDL-triangle/vrp_convertidos/instance_34-triangle.vrp
instance_name=instance_34-triangle
start_time=2026-04-20 01:08:43

  Activating project at `~/VRPSolver/VRPSolverDemos`
Application parameters:
  batch  =>  nothing
  instance  =>  "/mnt/c/Users/porin/OneDrive/Documentos/Python-Mestrado/Modelagem Matemática/Programação Inteira - Uchoa/Problema VRPRDL/instancias_turco/VRPRDL-triangle/vrp_convertidos/instance_34-triangle.vrp"
  noround  =>  false
  cfg  =>  "/home/poringman/VRPSolver/VRPSolverDemos/src/../config/CVRP.cfg"
  edge_cuts  =>  false
  out  =>  nothing
  ub  =>  1.0e7
  cluster_branching  =>  1.0
  sol  =>  nothing
  single_resource  =>  false
  strong_kpath_cuts  =>  false
  tikz  =>  nothing
  maxr  =>  999
  update  =>  false
  show_complete_form  =>  false
  nosolve  =>  false
  minr  =>  1
  low_edge_priority  =>  false
~~~~~~~~~~~~~~~~~~~~~~~~~~~~~~~~~~~~~~~~~~~~~~~~~~~~~~~~~~~~~~~~~~~~~~~~~~~~~~~~~~~~~
GIT VERSION RCSP: 
GIT BRANCH: 
~~~~~~~~~~~~~~~~~~~~~~~~~~~~~~~~~~~~~~~~~~~~~~~~~~~~~~~~~~~~~~~~~~~~~~~~~~~~~~~~~~~~~
VRPSolver v0.6.16, 10/11/2025, © Inria Bordeaux, France, vrpsolver.math.u-bordeaux.fr
      Corresponds to the solver by Pessoa, Sadykov, Uchoa and Vanderbeck (2020)
                 Paper: dx.doi.org/10.1007/s10107-020-01523-z
~~~~~~~~~~~~~~~~~~~~~~~~~~~~~~~~~~~~~~~~~~~~~~~~~~~~~~~~~~~~~~~~~~~~~~~~~~~~~~~~~~~~~
GIT VERSION BAPCOD: a7cb21f19424236c9d0da5dcf94961797a519470
GIT BRANCH: main
~~~~~~~~~~~~~~~~~~~~~~~~~~~~~~~~~~~~~~~~~~~~~~~~~~~~~~~~~~~~~~~~~~~~~~~~~~~~~~~~~~~~~
   BaPCod v0.84, 10/11/2025, © Inria Bordeaux, France, bapcod.math.u-bordeaux.fr 
           THIS CODE IS PROVIDED AS IS, USE IT AT YOUR OWN RISK
~~~~~~~~~~~~~~~~~~~~~~~~~~~~~~~~~~~~~~~~~~~~~~~~~~~~~~~~~~~~~~~~~~~~~~~~~~~~~~~~~~~~~
--- MAIN PARAMETERS ---
GlobalTimeLimitInTick = 2147483645
GlobalTimeLimit = 21474836
ClockType = 0
MaxNbOfBBtreeNodeTreated = 100000
optimalityGapTolerance = 1e-06
relOptimalityGapTolerance = 1e-09
ApplyPreprocessing = false
PreprocessVariablesLocalBounds = false
treeSearchStrategy = 1
OpenNodesLimit = 1000
DEFAULTPRINTLEVEL = 0
--- MIP SOLVER PARAMETERS ---
solverName = CPLEX_SOLVER
MipSolverMaxBBNodes = 2000000
MipSolverMaxTime = 360000
MipSolverMultiThread = 1
--- COLUMN GENERATION PARAMETERS ---
SolverSelectForMast = a
  colGenSubProbSolMode = customSolver
mastInitMode = localArtCol
ArtVarPenaltyUpdateFactor = 2
ArtVarMaxNbOfPenaltyUpdates = 5
MaxNbOfStagesInColGenProcedure = 3
GenerateProperColumns = false
InsertAllGeneratedColumnsInFormRatherThanInPool = true
InsertNewNonNegColumnsDirectlyInFormRatherThanInPool = true
ColumnCleanupThreshold = 10000
ColumnCleanupRatio = 0.66
ReducedCostFixingThreshold = 0.9
--- CUT GENERATION PARAMETERS ---
MasterCuttingPlanesDepthLimit = 1000
MaxNbOfCutGeneratedAtEachIter = 1000
CutTailingOffThreshold = 0.015
CutTailingOffCounterThreshold = 3
CutCleanupThreshold = 1
CutCleanupRatio = 0.66
ColGenSpRelaxationImprovementPriority = 0
--- STABILIZATION PARAMETERS ---
colGenDualPriceSmoothingAlphaFactor = 1
colGenDualPriceSmoothingBetaFactor = 0
colGenStabilizationFunctionType = none
colGenProximalStabilizationRule = undefined
StabilFuncKappa = 1
colGenStabilizationMaxTreeDepth = 10000
StabilizationMinPhaseOfStage = 0
--- PRIMAL HEURISTIC PARAMETERS ---
UseInitialPrimalHeur = false
MaxTimeForRestrictedMasterIpHeur = -1
CallFrequencyOfRestrictedMasterIpHeur = 5
MIPemphasisInRestrictedMasterIpHeur = 1
PolishingAfterTimeInRestrictedMasterIpHeur = -1
DivingHeurUseDepthLimit = -1
CallFrequencyOfDivingHeur = 1
LeastFractional
Closest2RoundUp
LeastGreedyCost
LeastCost
FixIntValBeforeRoundingHeur = true
MaxNbOfCgIteDuringRh = 5000
MaxLDSbreadth = 0
MaxLDSdepth = 0
DivingHeurStopsWithFirstFeasSol = false
DivingHeurPreprocessBeforeChoosingVar = false
StrongDivingCandidatesNumber = 1
EvalAlgParamsInDiving = max#cand. = 1 max#cg.iters = 10000 min.lvl.sp.restr. = 1 min#cut.rounds = 0 max#cut.rounds = 0 red.cost.fix&enum. = false tree.size.ratio = 1
LocalSearchHeurUseDepthLimit = -1
LeastFractional
Closest2RoundUp
LeastGreedyCost
LeastCost
MaxFactorOfColFixedByLocalSearchHeur = 0.8
MaxLocalSearchIterationCounter = 3
--- STRONG BRANCHING PARAMETERS ---
SimplifiedStrongBranchingParameterisation = true
StrongBranchingPhaseOneCandidatesNumber = 100
StrongBranchingPhaseOneTreeSizeEstimRatio = 0.2
StrongBranchingPhaseTwoCandidatesNumber = 3
StrongBranchingPhaseTwoTreeSizeEstimRatio = 0.02
SafeDualBoundScaleFactor = -1
StrongBranchingPhaseOne = max#cand. = 100 max#cg.iters = 0 min.lvl.sp.restr. = 0 min#cut.rounds = 0 max#cut.rounds = 0 red.cost.fix&enum. = false tree.size.ratio = 0.2
StrongBranchingPhaseTwo = max#cand. = 3 max#cg.iters = 10000 min.lvl.sp.restr. = 1 min#cut.rounds = 0 max#cut.rounds = 0 red.cost.fix&enum. = false tree.size.ratio = 0.02
StrongBranchingPhaseThree = max#cand. = 1 max#cg.iters = 10000 min.lvl.sp.restr. = 0 min#cut.rounds = 0 max#cut.rounds = 10000 red.cost.fix&enum. = true tree.size.ratio = 1
StrongBranchingPhaseFour =not active
--- DEBUG OUTPUT PARAMETERS ---
printMasterPrimalSols = 0
--- VRPSOLVER PARAMETERS ---
RCSPstopCutGenTimeThresholdInPricing = 10
RCSPhardTimeThresholdInPricing = 25
RCSPredCostFixingTimeThreshold = 100
RCSPnumberOfBucketsPerVertex = 25
RCSPdynamicBucketSteps = 1
RCSPuseBidirectionalSearch = 2
RCSPapplyReducedCostFixing = 1
RCSPmaxNumOfColsPerIteration = 30
RCSPmaxNumOfColsPerExactIteration = 150
RCSPmaxNumOfLabelsInEnumeration = 500000
RCSPmaxNumOfLabelsInHeurEnumeration = 0
RCSPmaxNumOfEnumeratedSolutions = 5000000
RCSPmaxNumOfEnumSolutionsForMIP = 10000
RCSPmaxNumOfEnumSolsForEndOfNodeMIP = 10000
RCSPinitNGneighbourhoodSize = 8
RCSPmaxNGneighbourhoodSize = 8
RCSPrankOneCutsMaxNumRows = 5
RCSPrankOneCutsMaxNumPerRound = 100
RCSPrankOneCutsMemoryType = 0
RCSPrankOneCutsLSnumIterations = 1000
RCSPallowRoutesWithSameVerticesSet = true
RCSPredCostFixingFalseGap = 0
SafeDualBoundScaleFactor = -1
RCSPmaxNumOfLabelsInHeurEnumeration = 0
MaxNumEnumSolsInRestrictedMasterIpHeur = 5000

prName & bcTimeMain \\ 
New model incumbent solution 1e+07, TIME = 0h0m0s43t = 43
RCSP solver info : size of non-robust cut bitmask in a label is 640 bits
Bucket steps were recalculated for graph G_0 : [30]
RCSP solver info : symmetric case is detected for graph G_0! 
Bidirectional border value is initialised to 375
RCSP solver info : number of forw. reachable buckets / buck. strongly connected components is 3120( 98.3607% ) / 2295( 73.5577% )
RCSP solver info: std. label size is 56, ext. label size is 136
Generating neighbourhoods for rank-1 cuts separation
Building structures for 4- and 5-row rank-1 packing cut separation...done!
Model is built TIME = 0h0m0s48t = 48
************************************************************************************************
**** BaB tree root node
**** Local DB = -1e+12, global bounds : [ -1e+12 , 1e+07 ], TIME = 0h0m0s48t = 48
**** 1 open nodes, 0 columns (0 active), 0 dyn. constrs. (0 active), 242 art. vars. (242 active)
************************************************************************************************
--------------------------------------------------------------------------
BaPCod info : first we run the root node with rank-1 cuts with node memory
--------------------------------------------------------------------------
#<DWph=2> <it=  1> <et=0.49> <Mt= 0.00> <Spt= 0.01> <nCl= 30> <al=0.00> <DB=-69119931360.0000> <Mlp=2976000000.0000> <PB=10000000> 
#<DWph=2> <it=  2> <et=0.50> <Mt= 0.00> <Spt= 0.00> <nCl= 30> <al=0.55> <DB=-69170679295.4700> <Mlp=2863200143.4000> <PB=10000000> 
#<DWph=2> <it=  3> <et=0.51> <Mt= 0.00> <Spt= 0.01> <nCl= 30> <al=0.60> <DB=-69239902127.8680> <Mlp=2679600474.4000> <PB=10000000> 
#<DWph=2> <it=  4> <et=0.52> <Mt= 0.00> <Spt= 0.01> <nCl= 30> <al=0.64> <DB=-66365381158.9406> <Mlp=2631556216.8981> <PB=10000000> 
#<DWph=2> <it=  5> <et=0.53> <Mt= 0.00> <Spt= 0.01> <nCl= 30> <al=0.67> <DB=-66463023388.3825> <Mlp=2552700905.7694> <PB=10000000> 
#<DWph=2> <it=  6> <et=0.54> <Mt= 0.00> <Spt= 0.01> <nCl= 30> <al=0.70> <DB=-66488393218.6347> <Mlp=2433049032.9303> <PB=10000000> 
#<DWph=2> <it=  7> <et=0.54> <Mt= 0.00> <Spt= 0.00> <nCl= 30> <al=0.73> <DB=-58882256322.1975> <Mlp=2388751905.1250> <PB=10000000> 
#<DWph=2> <it=  8> <et=0.55> <Mt= 0.00> <Spt= 0.01> <nCl= 30> <al=0.63> <DB=-53708248501.0006> <Mlp=2327733204.7287> <PB=10000000> 
#<DWph=2> <it=  9> <et=0.56> <Mt= 0.00> <Spt= 0.01> <nCl= 30> <al=0.53> <DB=-52821181369.3171> <Mlp=2263349180.1644> <PB=10000000> 
#<DWph=2> <it= 10> <et=0.57> <Mt= 0.00> <Spt= 0.01> <nCl= 30> <al=0.58> <DB=-50908266636.7787> <Mlp=2143629698.8426> <PB=10000000> 
#<DWph=2> <it= 11> <et=0.58> <Mt= 0.00> <Spt= 0.01> <nCl= 30> <al=0.48> <DB=-48420306433.6720> <Mlp=2037437118.9029> <PB=10000000> 
#<DWph=2> <it= 12> <et=0.59> <Mt= 0.00> <Spt= 0.01> <nCl= 30> <al=0.53> <DB=-48838820023.7432> <Mlp=1985403158.8330> <PB=10000000> 
#<DWph=2> <it= 13> <et=0.61> <Mt= 0.00> <Spt= 0.01> <nCl= 30> <al=0.58> <DB=-47548940451.1482> <Mlp=1885180227.6260> <PB=10000000> 
#<DWph=2> <it= 14> <et=0.62> <Mt= 0.00> <Spt= 0.01> <nCl= 30> <al=0.62> <DB=-44859105574.0688> <Mlp=1789616141.4320> <PB=10000000> 
#<DWph=2> <it= 15> <et=0.63> <Mt= 0.00> <Spt= 0.01> <nCl= 30> <al=0.66> <DB=-44610875351.5604> <Mlp=1693916504.9608> <PB=10000000> 
#<DWph=2> <it= 16> <et=0.64> <Mt= 0.00> <Spt= 0.01> <nCl= 30> <al=0.69> <DB=-43273578795.4179> <Mlp=1637806085.8584> <PB=10000000> 
#<DWph=2> <it= 17> <et=0.65> <Mt= 0.00> <Spt= 0.01> <nCl= 30> <al=0.72> <DB=-41634184058.8421> <Mlp=1539884956.6691> <PB=10000000> 
#<DWph=2> <it= 18> <et=0.66> <Mt= 0.01> <Spt= 0.01> <nCl= 30> <al=0.75> <DB=-41046365937.2686> <Mlp=1440450988.0953> <PB=10000000> 
#<DWph=2> <it= 19> <et=0.67> <Mt= 0.00> <Spt= 0.01> <nCl= 30> <al=0.78> <DB=-41717752907.3387> <Mlp=1377646930.0890> <PB=10000000> 
#<DWph=2> <it= 20> <et=0.68> <Mt= 0.00> <Spt= 0.01> <nCl= 30> <al=0.80> <DB=-40051477348.0542> <Mlp=1333844494.0021> <PB=10000000> 
#<DWph=2> <it= 21> <et=0.69> <Mt= 0.00> <Spt= 0.01> <nCl= 30> <al=0.70> <DB=-39086341617.1096> <Mlp=1212433054.7552> <PB=10000000> 
#<DWph=2> <it= 22> <et=0.70> <Mt= 0.00> <Spt= 0.00> <nCl= 30> <al=0.73> <DB=-37736787098.2208> <Mlp=1167283936.4668> <PB=10000000> 
#<DWph=2> <it= 23> <et=0.71> <Mt= 0.00> <Spt= 0.01> <nCl= 30> <al=0.76> <DB=-38620647751.3041> <Mlp=1135019748.5274> <PB=10000000> 
#<DWph=2> <it= 24> <et=0.72> <Mt= 0.00> <Spt= 0.01> <nCl= 30> <al=0.78> <DB=-35956621675.2707> <Mlp=1031979121.9254> <PB=10000000> 
#<DWph=2> <it= 25> <et=0.73> <Mt= 0.01> <Spt= 0.01> <nCl= 30> <al=0.80> <DB=-35495818517.8635> <Mlp=912438690.0270> <PB=10000000> 
#<DWph=2> <it= 26> <et=0.74> <Mt= 0.00> <Spt= 0.01> <nCl= 30> <al=0.82> <DB=-34901764542.3339> <Mlp=820473583.5239> <PB=10000000> 
#<DWph=2> <it= 27> <et=0.75> <Mt= 0.00> <Spt= 0.01> <nCl= 30> <al=0.84> <DB=-34938277781.1443> <Mlp=723815678.3122> <PB=10000000> 
#<DWph=2> <it= 28> <et=0.76> <Mt= 0.00> <Spt= 0.01> <nCl= 30> <al=0.86> <DB=-33743031510.5965> <Mlp=640430397.7923> <PB=10000000> 
#<DWph=2> <it= 29> <et=0.77> <Mt= 0.00> <Spt= 0.00> <nCl= 30> <al=0.76> <DB=-31673099642.4389> <Mlp=618560687.4463> <PB=10000000> 
#<DWph=2> <it= 30> <et=0.79> <Mt= 0.01> <Spt= 0.01> <nCl= 30> <al=0.66> <DB=-36369415480.1395> <Mlp=565292236.5048> <PB=10000000> 
#<DWph=2> <it= 31> <et=0.80> <Mt= 0.00> <Spt= 0.01> <nCl= 30> <al=0.69> <DB=-32448150364.5792> <Mlp=546584987.4587> <PB=10000000> 
#<DWph=2> <it= 32> <et=0.81> <Mt= 0.00> <Spt= 0.01> <nCl= 30> <al=0.72> <DB=-30769447218.7825> <Mlp=461141831.6951> <PB=10000000> 
#<DWph=2> <it= 33> <et=0.82> <Mt= 0.01> <Spt= 0.01> <nCl= 30> <al=0.75> <DB=-34613534064.6252> <Mlp=434978426.5633> <PB=10000000> 
#<DWph=2> <it= 34> <et=0.83> <Mt= 0.00> <Spt= 0.01> <nCl= 30> <al=0.77> <DB=-29173061293.5358> <Mlp=426212946.0330> <PB=10000000> 
#<DWph=2> <it= 35> <et=0.84> <Mt= 0.00> <Spt= 0.00> <nCl= 30> <al=0.67> <DB=-29897396887.2228> <Mlp=401144782.4304> <PB=10000000> 
#<DWph=2> <it= 36> <et=0.85> <Mt= 0.00> <Spt= 0.01> <nCl= 30> <al=0.71> <DB=-29578165419.0990> <Mlp=377197297.0542> <PB=10000000> 
#<DWph=2> <it= 37> <et=0.86> <Mt= 0.01> <Spt= 0.01> <nCl= 30> <al=0.74> <DB=-28602632642.5319> <Mlp=325980405.6082> <PB=10000000> 
#<DWph=2> <it= 38> <et=0.88> <Mt= 0.00> <Spt= 0.01> <nCl= 30> <al=0.64> <DB=-28574342394.4284> <Mlp=240190883.7998> <PB=10000000> 
#<DWph=2> <it= 39> <et=0.89> <Mt= 0.01> <Spt= 0.01> <nCl= 30> <al=0.67> <DB=-29101487619.7579> <Mlp=217966464.1550> <PB=10000000> 
#<DWph=2> <it= 40> <et=0.90> <Mt= 0.00> <Spt= 0.00> <nCl= 30> <al=0.71> <DB=-26048668171.1331> <Mlp=199371462.0629> <PB=10000000> 
#<DWph=2> <it= 41> <et=0.91> <Mt= 0.00> <Spt= 0.01> <nCl= 30> <al=0.73> <DB=-26096567342.5552> <Mlp=133538795.5438> <PB=10000000> 
#<DWph=2> <it= 42> <et=0.92> <Mt= 0.01> <Spt= 0.01> <nCl= 30> <al=0.76> <DB=-24522551338.0438> <Mlp=119035845.7519> <PB=10000000> 
#<DWph=2> <it= 43> <et=0.93> <Mt= 0.00> <Spt= 0.01> <nCl= 30> <al=0.79> <DB=-24742041617.2547> <Mlp=89804268.3921> <PB=10000000> 
#<DWph=2> <it= 44> <et=0.95> <Mt= 0.00> <Spt= 0.01> <nCl= 30> <al=0.81> <DB=-25288008338.4900> <Mlp=74802826.0171> <PB=10000000> 
#<DWph=2> <it= 45> <et=0.96> <Mt= 0.01> <Spt= 0.00> <nCl= 30> <al=0.83> <DB=-24918711255.7156> <Mlp=65528257.5433> <PB=10000000> 
#<DWph=2> <it= 46> <et=0.97> <Mt= 0.00> <Spt= 0.01> <nCl= 30> <al=0.73> <DB=-20632180267.0465> <Mlp=33286513.8377> <PB=10000000> 
#<DWph=2> <it= 47> <et=0.98> <Mt= 0.00> <Spt= 0.01> <nCl= 30> <al=0.75> <DB=-22269783242.8724> <Mlp=31325004.6913> <PB=10000000> 
#<DWph=2> <it= 48> <et=0.99> <Mt= 0.00> <Spt= 0.01> <nCl= 30> <al=0.78> <DB=-18162211157.5924> <Mlp=26572661.6985> <PB=10000000> 
#<DWph=2> <it= 49> <et=1.00> <Mt= 0.01> <Spt= 0.01> <nCl= 30> <al=0.68> <DB=-16031239829.0779> <Mlp=16799808.3555> <PB=10000000> 
#<DWph=2> <it= 50> <et=1.02> <Mt= 0.00> <Spt= 0.01> <nCl= 30> <al=0.58> <DB=-13181557393.9124> <Mlp=5088012.4321> <PB=10000000> 
#<DWph=2> <it= 51> <et=1.03> <Mt= 0.01> <Spt= 0.01> <nCl= 30> <al=0.48> <DB=-5727723502.3037> <Mlp=116811.0767> <PB=10000000> 
#<DWph=2> <it= 52> <et=1.05> <Mt= 0.00> <Spt= 0.01> <nCl= 30> <al=0.38> <DB=-1397833259.4841> <Mlp=47366.0918> <PB=10000000> 
<DWph=2> <it= 53> <et=1.07> <Mt= 0.01> <Spt= 0.01> <nCl= 35> <al=0.00> <DB=-136156.4129> <Mlp=10055.1202> <PB=10000000> 
<DWph=2> <it= 54> <et=1.08> <Mt= 0.00> <Spt= 0.01> <nCl= 30> <al=0.18> <DB=-59350.8889> <Mlp= 9667.4113> <PB=10000000> 
<DWph=2> <it= 55> <et=1.09> <Mt= 0.00> <Spt= 0.01> <nCl= 30> <al=0.26> <DB=-290013.7992> <Mlp= 9528.1000> <PB=10000000> 
<DWph=2> <it= 56> <et=1.11> <Mt= 0.01> <Spt= 0.01> <nCl= 30> <al=0.33> <DB=-254254.0756> <Mlp= 9302.0796> <PB=10000000> 
<DWph=2> <it= 57> <et=1.13> <Mt= 0.00> <Spt= 0.02> <nCl= 30> <al=0.40> <DB=-170063.3164> <Mlp= 9177.7149> <PB=10000000> 
<DWph=2> <it= 58> <et=1.14> <Mt= 0.00> <Spt= 0.01> <nCl= 30> <al=0.46> <DB=-148489.7523> <Mlp= 9073.2904> <PB=10000000> 
<DWph=2> <it= 59> <et=1.15> <Mt= 0.01> <Spt= 0.01> <nCl= 30> <al=0.51> <DB=-93039.4030> <Mlp= 8957.0811> <PB=10000000> 
<DWph=2> <it= 60> <et=1.17> <Mt= 0.00> <Spt= 0.01> <nCl= 30> <al=0.56> <DB=-113890.1304> <Mlp= 8858.1709> <PB=10000000> 
<DWph=2> <it= 61> <et=1.18> <Mt= 0.00> <Spt= 0.01> <nCl= 30> <al=0.61> <DB=-75683.6545> <Mlp= 8790.2294> <PB=10000000> 
<DWph=2> <it= 62> <et=1.20> <Mt= 0.01> <Spt= 0.01> <nCl= 30> <al=0.65> <DB=-37308.6081> <Mlp= 8684.9126> <PB=10000000> 
<DWph=2> <it= 63> <et=1.21> <Mt= 0.00> <Spt= 0.01> <nCl= 30> <al=0.68> <DB=-78985.4234> <Mlp= 8620.1764> <PB=10000000> 
<DWph=2> <it= 64> <et=1.23> <Mt= 0.00> <Spt= 0.01> <nCl= 30> <al=0.71> <DB=-45702.7900> <Mlp= 8475.5974> <PB=10000000> 
<DWph=2> <it= 65> <et=1.24> <Mt= 0.01> <Spt= 0.01> <nCl= 30> <al=0.74> <DB=-90880.1552> <Mlp= 8117.6331> <PB=10000000> 
<DWph=2> <it= 66> <et=1.26> <Mt= 0.00> <Spt= 0.01> <nCl= 30> <al=0.77> <DB=-25028.0061> <Mlp= 8049.4868> <PB=10000000> 
<DWph=2> <it= 67> <et=1.27> <Mt= 0.01> <Spt= 0.01> <nCl= 30> <al=0.79> <DB=-85665.8276> <Mlp= 7810.4312> <PB=10000000> 
<DWph=2> <it= 68> <et=1.28> <Mt= 0.00> <Spt= 0.01> <nCl= 30> <al=0.81> <DB=-50021.9649> <Mlp= 7744.7803> <PB=10000000> 
<DWph=2> <it= 69> <et=1.30> <Mt= 0.01> <Spt= 0.01> <nCl= 30> <al=0.83> <DB=-35489.7446> <Mlp= 7663.4301> <PB=10000000> 
<DWph=2> <it= 70> <et=1.31> <Mt= 0.00> <Spt= 0.01> <nCl= 30> <al=0.85> <DB=-25643.5080> <Mlp= 7497.8073> <PB=10000000> 
<DWph=2> <it= 71> <et=1.32> <Mt= 0.01> <Spt= 0.01> <nCl= 30> <al=0.86> <DB=-21213.2546> <Mlp= 7339.4286> <PB=10000000> 
<DWph=2> <it= 72> <et=1.34> <Mt= 0.00> <Spt= 0.01> <nCl= 30> <al=0.88> <DB=-29254.7060> <Mlp= 7219.0577> <PB=10000000> 
<DWph=2> <it= 73> <et=1.35> <Mt= 0.01> <Spt= 0.00> <nCl= 30> <al=0.89> <DB=-19881.0179> <Mlp= 6973.6804> <PB=10000000> 
<DWph=2> <it= 74> <et=1.36> <Mt= 0.00> <Spt= 0.01> <nCl= 30> <al=0.90> <DB=-26883.6615> <Mlp= 6875.9469> <PB=10000000> 
<DWph=2> <it= 75> <et=1.38> <Mt= 0.00> <Spt= 0.01> <nCl= 30> <al=0.91> <DB=-17965.2470> <Mlp= 6712.7444> <PB=10000000> 
<DWph=2> <it= 76> <et=1.39> <Mt= 0.01> <Spt= 0.01> <nCl= 30> <al=0.92> <DB=-20638.5658> <Mlp= 6639.0773> <PB=10000000> 
<DWph=2> <it= 77> <et=1.40> <Mt= 0.00> <Spt= 0.01> <nCl= 30> <al=0.93> <DB=-17486.9270> <Mlp= 6516.3024> <PB=10000000> 
<DWph=2> <it= 78> <et=1.41> <Mt= 0.01> <Spt= 0.01> <nCl= 30> <al=0.93> <DB=-17341.5704> <Mlp= 6466.0529> <PB=10000000> 
<DWph=2> <it= 79> <et=1.43> <Mt= 0.00> <Spt= 0.01> <nCl= 30> <al=0.83> <DB=-22539.8561> <Mlp= 6427.4334> <PB=10000000> 
<DWph=2> <it= 80> <et=1.44> <Mt= 0.01> <Spt= 0.01> <nCl= 30> <al=0.85> <DB=-16977.7346> <Mlp= 6186.9097> <PB=10000000> 
<DWph=2> <it= 81> <et=1.46> <Mt= 0.00> <Spt= 0.00> <nCl= 30> <al=0.87> <DB=-20953.9577> <Mlp= 6105.8945> <PB=10000000> 
<DWph=2> <it= 82> <et=1.47> <Mt= 0.01> <Spt= 0.01> <nCl= 30> <al=0.88> <DB=-16699.0504> <Mlp= 5877.2115> <PB=10000000> 
<DWph=2> <it= 83> <et=1.49> <Mt= 0.00> <Spt= 0.01> <nCl= 30> <al=0.89> <DB=-21486.9868> <Mlp= 5781.3116> <PB=10000000> 
<DWph=2> <it= 84> <et=1.50> <Mt= 0.01> <Spt= 0.01> <nCl= 30> <al=0.90> <DB=-15619.7081> <Mlp= 5669.9866> <PB=10000000> 
<DWph=2> <it= 85> <et=1.51> <Mt= 0.00> <Spt= 0.01> <nCl= 30> <al=0.91> <DB=-16529.3728> <Mlp= 5561.5689> <PB=10000000> 
<DWph=2> <it= 86> <et=1.53> <Mt= 0.01> <Spt= 0.01> <nCl= 30> <al=0.92> <DB=-14912.1241> <Mlp= 5433.4549> <PB=10000000> 
<DWph=2> <it= 87> <et=1.54> <Mt= 0.01> <Spt= 0.01> <nCl= 30> <al=0.82> <DB=-32221.2796> <Mlp= 5342.8040> <PB=10000000> 
<DWph=2> <it= 88> <et=1.56> <Mt= 0.00> <Spt= 0.00> <nCl= 30> <al=0.84> <DB=-21171.6991> <Mlp= 5252.9921> <PB=10000000> 
<DWph=2> <it= 89> <et=1.57> <Mt= 0.01> <Spt= 0.01> <nCl= 30> <al=0.85> <DB=-14321.8987> <Mlp= 5112.8386> <PB=10000000> 
<DWph=2> <it= 90> <et=1.59> <Mt= 0.00> <Spt= 0.01> <nCl= 30> <al=0.87> <DB=-20992.0900> <Mlp= 4993.3091> <PB=10000000> 
<DWph=2> <it= 91> <et=1.61> <Mt= 0.01> <Spt= 0.01> <nCl= 30> <al=0.88> <DB=-13877.3541> <Mlp= 4788.2359> <PB=10000000> 
<DWph=2> <it= 92> <et=1.63> <Mt= 0.01> <Spt= 0.01> <nCl= 30> <al=0.89> <DB=-16588.5842> <Mlp= 4619.1007> <PB=10000000> 
<DWph=2> <it= 93> <et=1.65> <Mt= 0.01> <Spt= 0.02> <nCl= 30> <al=0.90> <DB=-14836.3434> <Mlp= 4365.3495> <PB=10000000> 
<DWph=2> <it= 94> <et=1.67> <Mt= 0.01> <Spt= 0.01> <nCl= 30> <al=0.91> <DB=-12639.6635> <Mlp= 4187.4953> <PB=10000000> 
<DWph=2> <it= 95> <et=1.68> <Mt= 0.00> <Spt= 0.00> <nCl= 30> <al=0.92> <DB=-14888.0938> <Mlp= 4128.4386> <PB=10000000> 
<DWph=2> <it= 96> <et=1.70> <Mt= 0.01> <Spt= 0.01> <nCl= 30> <al=0.93> <DB=-11283.3183> <Mlp= 4018.7338> <PB=10000000> 
<DWph=2> <it= 97> <et=1.71> <Mt= 0.00> <Spt= 0.01> <nCl= 30> <al=0.83> <DB=-24264.5861> <Mlp= 4007.8512> <PB=10000000> 
<DWph=2> <it= 98> <et=1.73> <Mt= 0.01> <Spt= 0.01> <nCl= 30> <al=0.85> <DB=-13988.5542> <Mlp= 3874.3215> <PB=10000000> 
<DWph=2> <it= 99> <et=1.74> <Mt= 0.00> <Spt= 0.01> <nCl= 30> <al=0.86> <DB=-16777.7430> <Mlp= 3861.2764> <PB=10000000> 
<DWph=2> <it=100> <et=1.75> <Mt= 0.01> <Spt= 0.01> <nCl= 30> <al=0.88> <DB=-10704.5187> <Mlp= 3851.7931> <PB=10000000> 
<DWph=2> <it=101> <et=1.77> <Mt= 0.01> <Spt= 0.01> <nCl= 30> <al=0.89> <DB=-12602.8381> <Mlp= 3754.7812> <PB=10000000> 
<DWph=2> <it=102> <et=1.79> <Mt= 0.00> <Spt= 0.01> <nCl= 30> <al=0.90> <DB=-10305.4904> <Mlp= 3684.1741> <PB=10000000> 
<DWph=2> <it=103> <et=1.80> <Mt= 0.01> <Spt= 0.01> <nCl= 30> <al=0.91> <DB=-9171.8105> <Mlp= 3604.6477> <PB=10000000> 
<DWph=2> <it=104> <et=1.82> <Mt= 0.01> <Spt= 0.01> <nCl= 30> <al=0.92> <DB=-10754.3972> <Mlp= 3534.5573> <PB=10000000> 
<DWph=2> <it=105> <et=1.84> <Mt= 0.00> <Spt= 0.01> <nCl= 30> <al=0.93> <DB=-9164.0616> <Mlp= 3485.8838> <PB=10000000> 
<DWph=2> <it=106> <et=1.85> <Mt= 0.01> <Spt= 0.00> <nCl= 30> <al=0.83> <DB=-12323.0002> <Mlp= 3449.4340> <PB=10000000> 
<DWph=2> <it=107> <et=1.87> <Mt= 0.01> <Spt= 0.01> <nCl= 30> <al=0.84> <DB=-9377.7780> <Mlp= 3389.6455> <PB=10000000> 
<DWph=2> <it=108> <et=1.89> <Mt= 0.01> <Spt= 0.01> <nCl= 30> <al=0.86> <DB=-8137.4760> <Mlp= 3325.2665> <PB=10000000> 
<DWph=2> <it=109> <et=1.90> <Mt= 0.00> <Spt= 0.01> <nCl= 30> <al=0.76> <DB=-15561.7873> <Mlp= 3282.9703> <PB=10000000> 
<DWph=2> <it=110> <et=1.92> <Mt= 0.01> <Spt= 0.01> <nCl= 30> <al=0.78> <DB=-11665.1977> <Mlp= 3200.1297> <PB=10000000> 
<DWph=2> <it=111> <et=1.95> <Mt= 0.01> <Spt= 0.01> <nCl= 30> <al=0.81> <DB=-8061.2778> <Mlp= 3091.3782> <PB=10000000> 
<DWph=2> <it=112> <et=1.96> <Mt= 0.01> <Spt= 0.02> <nCl= 30> <al=0.82> <DB=-7250.4449> <Mlp= 3056.7258> <PB=10000000> 
<DWph=2> <it=113> <et=1.98> <Mt= 0.01> <Spt= 0.01> <nCl= 30> <al=0.84> <DB=-7251.8782> <Mlp= 3022.6087> <PB=10000000> 
<DWph=2> <it=114> <et=2.00> <Mt= 0.01> <Spt= 0.01> <nCl= 30> <al=0.86> <DB=-6728.2322> <Mlp= 2989.3779> <PB=10000000> 
<DWph=2> <it=115> <et=2.02> <Mt= 0.01> <Spt= 0.01> <nCl= 30> <al=0.76> <DB=-7416.0973> <Mlp= 2949.9328> <PB=10000000> 
<DWph=2> <it=116> <et=2.04> <Mt= 0.01> <Spt= 0.01> <nCl= 30> <al=0.78> <DB=-4984.4174> <Mlp= 2922.2065> <PB=10000000> 
<DWph=2> <it=117> <et=2.06> <Mt= 0.00> <Spt= 0.01> <nCl= 30> <al=0.80> <DB=-6815.2937> <Mlp= 2907.5401> <PB=10000000> 
<DWph=2> <it=118> <et=2.08> <Mt= 0.01> <Spt= 0.01> <nCl= 29> <al=0.82> <DB=-3795.7451> <Mlp= 2888.8365> <PB=10000000> 
<DWph=2> <it=119> <et=2.10> <Mt= 0.01> <Spt= 0.01> <nCl= 30> <al=0.72> <DB=-4514.0422> <Mlp= 2871.9498> <PB=10000000> 
<DWph=2> <it=120> <et=2.13> <Mt= 0.02> <Spt= 0.01> <nCl= 30> <al=0.75> <DB=-3104.7934> <Mlp= 2858.3232> <PB=10000000> 
<DWph=2> <it=121> <et=2.15> <Mt= 0.01> <Spt= 0.01> <nCl= 30> <al=0.65> <DB=-4805.5519> <Mlp= 2850.8272> <PB=10000000> 
<DWph=2> <it=122> <et=2.17> <Mt= 0.01> <Spt= 0.01> <nCl= 30> <al=0.69> <DB=-2627.9483> <Mlp= 2844.5797> <PB=10000000> 
<DWph=2> <it=123> <et=2.20> <Mt= 0.02> <Spt= 0.01> <nCl= 30> <al=0.59> <DB=-1214.0107> <Mlp= 2831.4480> <PB=10000000> 
<DWph=2> <it=124> <et=2.21> <Mt= 0.00> <Spt= 0.01> <nCl= 30> <al=0.49> <DB=-2045.5007> <Mlp= 2824.3509> <PB=10000000> 
<DWph=2> <it=125> <et=2.22> <Mt= 0.01> <Spt= 0.01> <nCl= 30> <al=0.54> <DB=-1299.1287> <Mlp= 2822.5609> <PB=10000000> 
<DWph=2> <it=126> <et=2.24> <Mt= 0.01> <Spt= 0.01> <nCl= 30> <al=0.58> <DB=-2947.2729> <Mlp= 2814.9705> <PB=10000000> 
<DWph=2> <it=127> <et=2.25> <Mt= 0.00> <Spt= 0.01> <nCl= 30> <al=0.63> <DB= -257.4926> <Mlp= 2814.2443> <PB=10000000> 
<DWph=2> <it=128> <et=2.27> <Mt= 0.01> <Spt= 0.01> <nCl= 30> <al=0.53> <DB=-1609.5683> <Mlp= 2805.8019> <PB=10000000> 
<DWph=2> <it=129> <et=2.29> <Mt= 0.01> <Spt= 0.01> <nCl= 30> <al=0.57> <DB=-1480.7718> <Mlp= 2802.7355> <PB=10000000> 
<DWph=2> <it=130> <et=2.30> <Mt= 0.00> <Spt= 0.00> <nCl= 30> <al=0.62> <DB=  269.9595> <Mlp= 2802.7355> <PB=10000000> 
<DWph=2> <it=131> <et=2.32> <Mt= 0.01> <Spt= 0.01> <nCl= 30> <al=0.65> <DB=  656.3757> <Mlp= 2795.2192> <PB=10000000> 
<DWph=2> <it=132> <et=2.34> <Mt= 0.01> <Spt= 0.01> <nCl= 30> <al=0.55> <DB=  232.9564> <Mlp= 2790.1306> <PB=10000000> 
<DWph=2> <it=133> <et=2.36> <Mt= 0.01> <Spt= 0.01> <nCl= 30> <al=0.60> <DB= 1495.4280> <Mlp= 2784.2672> <PB=10000000> 
<DWph=2> <it=134> <et=2.38> <Mt= 0.01> <Spt= 0.01> <nCl= 30> <al=0.64> <DB= 1380.0031> <Mlp= 2780.9017> <PB=10000000> 
<DWph=2> <it=135> <et=2.41> <Mt= 0.02> <Spt= 0.01> <nCl= 30> <al=0.54> <DB= 1875.8002> <Mlp= 2777.3306> <PB=10000000> 
<DWph=2> <it=136> <et=2.44> <Mt= 0.02> <Spt= 0.01> <nCl= 30> <al=0.58> <DB= 1323.1194> <Mlp= 2775.8615> <PB=10000000> 
<DWph=2> <it=137> <et=2.46> <Mt= 0.01> <Spt= 0.01> <nCl= 30> <al=0.63> <DB= 1485.3185> <Mlp= 2774.4697> <PB=10000000> 
<DWph=2> <it=138> <et=2.47> <Mt= 0.00> <Spt= 0.01> <nCl= 26> <al=0.66> <DB= 2034.0390> <Mlp= 2773.1689> <PB=10000000> 
<DWph=2> <it=139> <et=2.50> <Mt= 0.02> <Spt= 0.01> <nCl= 28> <al=0.56> <DB= 1561.5925> <Mlp= 2769.6763> <PB=10000000> 
<DWph=2> <it=140> <et=2.52> <Mt= 0.01> <Spt= 0.01> <nCl= 23> <al=0.61> <DB= 1863.4949> <Mlp= 2768.2394> <PB=10000000> 
<DWph=2> <it=141> <et=2.55> <Mt= 0.01> <Spt= 0.01> <nCl= 21> <al=0.65> <DB= 1520.7370> <Mlp= 2766.2055> <PB=10000000> 
<DWph=2> <it=142> <et=2.56> <Mt= 0.01> <Spt= 0.01> <nCl= 21> <al=0.55> <DB= 1413.4520> <Mlp= 2766.0959> <PB=10000000> 
<DWph=2> <it=143> <et=2.58> <Mt= 0.00> <Spt= 0.01> <nCl= 21> <al=0.59> <DB= 2009.6642> <Mlp= 2765.3760> <PB=10000000> 
<DWph=2> <it=144> <et=2.59> <Mt= 0.00> <Spt= 0.01> <nCl= 30> <al=0.63> <DB= 1143.6331> <Mlp= 2764.5350> <PB=10000000> 
<DWph=2> <it=145> <et=2.62> <Mt= 0.02> <Spt= 0.01> <nCl= 22> <al=0.53> <DB= 2070.2655> <Mlp= 2763.2316> <PB=10000000> 
<DWph=2> <it=146> <et=2.64> <Mt= 0.01> <Spt= 0.02> <nCl= 25> <al=0.58> <DB= 2328.4278> <Mlp= 2762.2085> <PB=10000000> 
<DWph=2> <it=147> <et=2.65> <Mt= 0.00> <Spt= 0.01> <nCl= 25> <al=0.62> <DB= 1969.5329> <Mlp= 2762.0668> <PB=10000000> 
<DWph=2> <it=148> <et=2.66> <Mt= 0.00> <Spt= 0.01> <nCl= 16> <al=0.66> <DB= 2191.5915> <Mlp= 2762.0412> <PB=10000000> 
<DWph=2> <it=149> <et=2.68> <Mt= 0.01> <Spt= 0.01> <nCl= 24> <al=0.69> <DB= 1705.2444> <Mlp= 2761.7917> <PB=10000000> 
<DWph=2> <it=150> <et=2.71> <Mt= 0.01> <Spt= 0.01> <nCl= 28> <al=0.59> <DB= 2005.2689> <Mlp= 2760.4261> <PB=10000000> 
<DWph=2> <it=151> <et=2.73> <Mt= 0.02> <Spt= 0.01> <nCl= 19> <al=0.63> <DB= 2047.3314> <Mlp= 2759.7672> <PB=10000000> 
<DWph=2> <it=152> <et=2.74> <Mt= 0.00> <Spt= 0.01> <nCl= 22> <al=0.53> <DB= 2399.3026> <Mlp= 2759.2751> <PB=10000000> 
<DWph=2> <it=153> <et=2.76> <Mt= 0.00> <Spt= 0.01> <nCl= 19> <al=0.58> <DB= 2023.3738> <Mlp= 2759.2087> <PB=10000000> 
<DWph=2> <it=154> <et=2.77> <Mt= 0.00> <Spt= 0.01> <nCl= 20> <al=0.62> <DB= 2052.8322> <Mlp= 2759.1225> <PB=10000000> 
<DWph=2> <it=155> <et=2.78> <Mt= 0.01> <Spt= 0.01> <nCl= 16> <al=0.66> <DB= 2144.3011> <Mlp= 2758.7723> <PB=10000000> 
<DWph=2> <it=156> <et=2.80> <Mt= 0.00> <Spt= 0.02> <nCl= 14> <al=0.69> <DB= 2466.1343> <Mlp= 2758.6921> <PB=10000000> 
<DWph=2> <it=157> <et=2.81> <Mt= 0.00> <Spt= 0.01> <nCl= 17> <al=0.72> <DB= 2547.7630> <Mlp= 2758.6537> <PB=10000000> 
<DWph=2> <it=158> <et=2.82> <Mt= 0.00> <Spt= 0.01> <nCl= 30> <al=0.75> <DB= 1301.6413> <Mlp= 2758.6289> <PB=10000000> 
<DWph=2> <it=159> <et=2.83> <Mt= 0.00> <Spt= 0.01> <nCl= 11> <al=0.78> <DB= 2095.6077> <Mlp= 2758.5912> <PB=10000000> 
<DWph=2> <it=160> <et=2.85> <Mt= 0.00> <Spt= 0.01> <nCl= 14> <al=0.80> <DB= 2014.4055> <Mlp= 2758.5487> <PB=10000000> 
<DWph=2> <it=161> <et=2.86> <Mt= 0.01> <Spt= 0.01> <nCl=  8> <al=0.82> <DB= 2282.0359> <Mlp= 2758.4208> <PB=10000000> 
<DWph=2> <it=162> <et=2.87> <Mt= 0.00> <Spt= 0.01> <nCl=  6> <al=0.72> <DB= 2487.4141> <Mlp= 2758.4207> <PB=10000000> 
<DWph=2> <it=163> <et=2.88> <Mt= 0.00> <Spt= 0.01> <nCl= 18> <al=0.62> <DB= 2482.9296> <Mlp= 2758.4167> <PB=10000000> 
<DWph=2> <it=164> <et=2.89> <Mt= 0.00> <Spt= 0.01> <nCl= 18> <al=0.52> <DB= 2100.5045> <Mlp= 2758.3455> <PB=10000000> 
<DWph=2> <it=165> <et=2.91> <Mt= 0.00> <Spt= 0.01> <nCl= 19> <al=0.42> <DB= 2578.1484> <Mlp= 2758.3359> <PB=10000000> 
<DWph=2> <it=166> <et=2.92> <Mt= 0.00> <Spt= 0.01> <nCl= 21> <al=0.48> <DB= 1579.0410> <Mlp= 2758.3050> <PB=10000000> 
<DWph=2> <it=167> <et=2.93> <Mt= 0.01> <Spt= 0.01> <nCl= 19> <al=0.53> <DB= 2421.5975> <Mlp= 2758.1917> <PB=10000000> 
<DWph=2> <it=168> <et=2.95> <Mt= 0.00> <Spt= 0.01> <nCl= 20> <al=0.58> <DB= 1007.4939> <Mlp= 2758.0376> <PB=10000000> 
<DWph=2> <it=169> <et=2.96> <Mt= 0.00> <Spt= 0.01> <nCl= 23> <al=0.48> <DB= 1962.5865> <Mlp= 2757.1776> <PB=10000000> 
<DWph=2> <it=170> <et=2.98> <Mt= 0.00> <Spt= 0.02> <nCl= 13> <al=0.53> <DB= 1802.4058> <Mlp= 2757.1547> <PB=10000000> 
<DWph=2> <it=171> <et=2.99> <Mt= 0.01> <Spt= 0.01> <nCl= 15> <al=0.43> <DB= 2374.8600> <Mlp= 2757.1547> <PB=10000000> 
<DWph=2> <it=172> <et=3.00> <Mt= 0.00> <Spt= 0.01> <nCl= 10> <al=0.49> <DB= 2407.1916> <Mlp= 2757.1336> <PB=10000000> 
<DWph=2> <it=173> <et=3.01> <Mt= 0.00> <Spt= 0.01> <nCl= 11> <al=0.39> <DB= 2482.8762> <Mlp= 2757.1110> <PB=10000000> 
<DWph=2> <it=174> <et=3.02> <Mt= 0.00> <Spt= 0.00> <nCl= 12> <al=0.45> <DB= 2478.1621> <Mlp= 2756.4553> <PB=10000000> 
<DWph=2> <it=175> <et=3.03> <Mt= 0.00> <Spt= 0.01> <nCl=  9> <al=0.35> <DB= 2505.0007> <Mlp= 2756.4553> <PB=10000000> 
<DWph=2> <it=176> <et=3.04> <Mt= 0.00> <Spt= 0.01> <nCl=  7> <al=0.25> <DB= 2510.5689> <Mlp= 2756.4553> <PB=10000000> 
<DWph=2> <it=177> <et=3.06> <Mt= 0.02> <Spt= 0.01> <nCl= 26> <al=0.15> <DB= 1590.5328> <Mlp= 2756.2542> <PB=10000000> 
<DWph=2> <it=178> <et=3.08> <Mt= 0.00> <Spt= 0.01> <nCl= 20> <al=0.23> <DB= 2353.4488> <Mlp= 2756.2542> <PB=10000000> 
<DWph=2> <it=179> <et=3.09> <Mt= 0.00> <Spt= 0.01> <nCl= 15> <al=0.31> <DB= 2214.6706> <Mlp= 2756.2535> <PB=10000000> 
<DWph=2> <it=180> <et=3.10> <Mt= 0.00> <Spt= 0.01> <nCl= 15> <al=0.21> <DB= 2446.2582> <Mlp= 2756.2444> <PB=10000000> 
<DWph=2> <it=181> <et=3.11> <Mt= 0.00> <Spt= 0.01> <nCl= 12> <al=0.11> <DB= 2447.8209> <Mlp= 2756.2444> <PB=10000000> 
<DWph=2> <it=182> <et=3.13> <Mt= 0.00> <Spt= 0.01> <nCl= 12> <al=0.20> <DB= 2679.1374> <Mlp= 2756.0900> <PB=10000000> 
<DWph=2> <it=183> <et=3.14> <Mt= 0.00> <Spt= 0.01> <nCl= 19> <al=0.10> <DB= 2119.5940> <Mlp= 2756.0900> <PB=10000000> 
<DWph=2> <it=184> <et=3.15> <Mt= 0.01> <Spt= 0.02> <nCl= 11> <al=0.19> <DB= 2431.1865> <Mlp= 2756.0869> <PB=10000000> 
<DWph=2> <it=185> <et=3.16> <Mt= 0.00> <Spt= 0.01> <nCl= 23> <al=0.27> <DB= 1263.5862> <Mlp= 2756.0086> <PB=10000000> 
<DWph=2> <it=186> <et=3.18> <Mt= 0.00> <Spt= 0.01> <nCl=  8> <al=0.34> <DB= 2285.3814> <Mlp= 2756.0086> <PB=10000000> 
<DWph=2> <it=187> <et=3.20> <Mt= 0.02> <Spt= 0.01> <nCl= 17> <al=0.41> <DB= 1928.9786> <Mlp= 2755.6238> <PB=10000000> 
<DWph=2> <it=188> <et=3.23> <Mt= 0.01> <Spt= 0.01> <nCl= 24> <al=0.31> <DB= 1627.0294> <Mlp= 2752.7164> <PB=10000000> 
<DWph=2> <it=189> <et=3.25> <Mt= 0.02> <Spt= 0.01> <nCl= 14> <al=0.38> <DB= 2350.6853> <Mlp= 2751.0653> <PB=10000000> 
<DWph=2> <it=190> <et=3.26> <Mt= 0.00> <Spt= 0.01> <nCl= 13> <al=0.44> <DB= 2033.2344> <Mlp= 2751.0653> <PB=10000000> 
<DWph=2> <it=191> <et=3.29> <Mt= 0.01> <Spt= 0.01> <nCl= 19> <al=0.50> <DB= 2377.4436> <Mlp= 2749.2986> <PB=10000000> 
<DWph=2> <it=192> <et=3.30> <Mt= 0.00> <Spt= 0.01> <nCl= 13> <al=0.55> <DB= 2557.2932> <Mlp= 2749.2060> <PB=10000000> 
<DWph=2> <it=193> <et=3.31> <Mt= 0.01> <Spt= 0.00> <nCl=  5> <al=0.45> <DB= 2273.8064> <Mlp= 2749.1991> <PB=10000000> 
<DWph=2> <it=194> <et=3.32> <Mt= 0.00> <Spt= 0.01> <nCl=  5> <al=0.50> <DB= 2611.6413> <Mlp= 2748.7726> <PB=10000000> 
<DWph=2> <it=195> <et=3.33> <Mt= 0.00> <Spt= 0.01> <nCl=  8> <al=0.55> <DB= 2237.9878> <Mlp= 2748.7726> <PB=10000000> 
<DWph=2> <it=196> <et=3.35> <Mt= 0.00> <Spt= 0.02> <nCl= 27> <al=0.00> <DB= 2129.9418> <Mlp= 2748.7692> <PB=10000000> 
<DWph=2> <it=197> <et=3.36> <Mt= 0.00> <Spt= 0.01> <nCl= 17> <al=0.35> <DB= 2152.9202> <Mlp= 2748.7692> <PB=10000000> 
<DWph=2> <it=198> <et=3.38> <Mt= 0.00> <Spt= 0.02> <nCl= 32> <al=0.00> <DB= 1694.7001> <Mlp= 2748.7692> <PB=10000000> 
<DWph=1> <it=199> <et=3.42> <Mt= 0.00> <Spt= 0.03> <nCl= 30> <al=0.32> <DB= 2142.0951> <Mlp= 2748.7692> <PB=10000000> 
<DWph=1> <it=200> <et=3.46> <Mt= 0.01> <Spt= 0.04> <nCl= 25> <al=0.38> <DB= 1703.2260> <Mlp= 2748.4737> <PB=10000000> 
<DWph=1> <it=201> <et=3.50> <Mt= 0.01> <Spt= 0.04> <nCl= 30> <al=0.45> <DB=  729.7167> <Mlp= 2747.9393> <PB=10000000> 
<DWph=1> <it=202> <et=3.54> <Mt= 0.00> <Spt= 0.03> <nCl= 22> <al=0.50> <DB= 2061.4255> <Mlp= 2747.3689> <PB=10000000> 
<DWph=1> <it=203> <et=3.58> <Mt= 0.01> <Spt= 0.04> <nCl= 20> <al=0.55> <DB= 2191.1559> <Mlp= 2747.1205> <PB=10000000> 
<DWph=1> <it=204> <et=3.63> <Mt= 0.01> <Spt= 0.03> <nCl= 19> <al=0.60> <DB= 2053.1713> <Mlp= 2746.0753> <PB=10000000> 
<DWph=1> <it=205> <et=3.67> <Mt= 0.01> <Spt= 0.03> <nCl= 20> <al=0.64> <DB= 2446.3763> <Mlp= 2745.6216> <PB=10000000> 
<DWph=1> <it=206> <et=3.71> <Mt= 0.00> <Spt= 0.04> <nCl= 20> <al=0.67> <DB= 1854.9552> <Mlp= 2745.3638> <PB=10000000> 
<DWph=1> <it=207> <et=3.76> <Mt= 0.01> <Spt= 0.03> <nCl= 13> <al=0.57> <DB= 2330.4704> <Mlp= 2743.4698> <PB=10000000> 
<DWph=1> <it=208> <et=3.79> <Mt= 0.01> <Spt= 0.04> <nCl=  9> <al=0.62> <DB= 2534.3372> <Mlp= 2743.4698> <PB=10000000> 
<DWph=1> <it=209> <et=3.83> <Mt= 0.00> <Spt= 0.03> <nCl= 19> <al=0.52> <DB= 2341.3026> <Mlp= 2743.4697> <PB=10000000> 
<DWph=1> <it=210> <et=3.87> <Mt= 0.00> <Spt= 0.04> <nCl= 11> <al=0.56> <DB= 2625.3522> <Mlp= 2743.1640> <PB=10000000> 
<DWph=1> <it=211> <et=3.90> <Mt= 0.00> <Spt= 0.03> <nCl= 14> <al=0.46> <DB= 2142.1212> <Mlp= 2743.1589> <PB=10000000> 
<DWph=1> <it=212> <et=3.94> <Mt= 0.00> <Spt= 0.03> <nCl= 12> <al=0.52> <DB= 2508.0012> <Mlp= 2743.1282> <PB=10000000> 
<DWph=1> <it=213> <et=3.97> <Mt= 0.01> <Spt= 0.04> <nCl=  6> <al=0.57> <DB= 2559.8735> <Mlp= 2743.1281> <PB=10000000> 
<DWph=1> <it=214> <et=4.04> <Mt= 0.00> <Spt= 0.06> <nCl= 23> <al=0.00> <DB= 2397.0312> <Mlp= 2743.1281> <PB=10000000> 
<DWph=1> <it=215> <et=4.08> <Mt= 0.00> <Spt= 0.04> <nCl=  4> <al=0.37> <DB= 2711.1523> <Mlp= 2743.0550> <PB=10000000> 
<DWph=1> <it=216> <et=4.12> <Mt= 0.00> <Spt= 0.03> <nCl=  5> <al=0.43> <DB= 2720.6572> <Mlp= 2743.0550> <PB=10000000> 
<DWph=1> <it=217> <et=4.19> <Mt= 0.00> <Spt= 0.07> <nCl=  5> <al=0.00> <DB= 2564.5279> <Mlp= 2743.0515> <PB=10000000> 
<DWph=1> <it=218> <et=4.22> <Mt= 0.00> <Spt= 0.04> <nCl=  1> <al=0.39> <DB= 2740.5804> <Mlp= 2743.0465> <PB=10000000> 
<DWph=1> <it=219> <et=4.26> <Mt= 0.00> <Spt= 0.03> <nCl=  1> <al=0.29> <DB= 2525.1319> <Mlp= 2743.0456> <PB=10000000> 
<DWph=1> <it=220> <et=4.30> <Mt= 0.01> <Spt= 0.04> <nCl=  1> <al=0.19> <DB= 2623.7561> <Mlp= 2743.0456> <PB=10000000> 
<DWph=1> <it=221> <et=4.33> <Mt= 0.00> <Spt= 0.03> <nCl=  1> <al=0.27> <DB= 2702.5477> <Mlp= 2743.0456> <PB=10000000> 
<DWph=1> <it=222> <et=4.40> <Mt= 0.00> <Spt= 0.07> <nCl=  0> <al=0.00> <DB= 2743.0456> <Mlp= 2743.0456> <PB=10000000> 
    RCSP exact solver info for graph G_0 : TT = 0.205157, pt = 3e-05, dt = 0.198888, ct = 0.005552, ndl = 23858', bdl = 2107739', odl = 13012', odf = 105080', bsi = 1668', cnt = 116925', bdch = 38233306', odch = 647511', lcp = 556466', #sols = 150
<DWph=0> <it=223> <et=4.61> <Mt= 0.00> <Spt= 0.21> <nCl=150> <al=0.07> <DB= 2026.9417> <Mlp= 2743.0456> <PB=10000000> 
    RCSP exact solver info for graph G_0 : TT = 0.176959, pt = 6.5e-05, dt = 0.169984, ct = 0.006169, ndl = 23565', bdl = 2087542', odl = 13118', odf = 102683', bsi = 1995', cnt = 135750', bdch = 37376201', odch = 602276', lcp = 571757', #sols = 150
<DWph=0> <it=224> <et=4.81> <Mt= 0.02> <Spt= 0.18> <nCl=150> <al=0.00> <DB= 1525.1958> <Mlp= 2740.7779> <PB=10000000> 
    RCSP exact solver info for graph G_0 : TT = 0.18392, pt = 5e-05, dt = 0.176421, ct = 0.006692, ndl = 24431', bdl = 2148630', odl = 12868', odf = 105628', bsi = 1878', cnt = 166559', bdch = 39432090', odch = 666496', lcp = 586153', #sols = 150
<DWph=0> <it=225> <et=5.01> <Mt= 0.00> <Spt= 0.19> <nCl=150> <al=0.07> <DB= 2156.3825> <Mlp= 2740.7779> <PB=10000000> 
    RCSP exact solver info for graph G_0 : TT = 0.180259, pt = 5.1e-05, dt = 0.172923, ct = 0.006434, ndl = 23704', bdl = 2089066', odl = 13006', odf = 103814', bsi = 1866', cnt = 155420', bdch = 37650343', odch = 622010', lcp = 554198', #sols = 150
<DWph=0> <it=226> <et=5.20> <Mt= 0.00> <Spt= 0.19> <nCl=150> <al=0.16> <DB= 2163.2076> <Mlp= 2740.7572> <PB=10000000> 
    RCSP exact solver info for graph G_0 : TT = 0.18829, pt = 5.3e-05, dt = 0.180995, ct = 0.006382, ndl = 24437', bdl = 2156634', odl = 13404', odf = 107434', bsi = 1844', cnt = 139358', bdch = 40216367', odch = 661642', lcp = 586131', #sols = 150
<DWph=0> <it=227> <et=5.39> <Mt= 0.00> <Spt= 0.20> <nCl=100> <al=0.25> <DB= 2435.7228> <Mlp= 2740.3786> <PB=10000000> 
    RCSP exact solver info for graph G_0 : TT = 0.184394, pt = 4.9e-05, dt = 0.177321, ct = 0.006205, ndl = 25144', bdl = 2204374', odl = 13658', odf = 110258', bsi = 1838', cnt = 148544', bdch = 42361999', odch = 705560', lcp = 624284', #sols = 150
<DWph=0> <it=228> <et=5.59> <Mt= 0.01> <Spt= 0.18> <nCl= 63> <al=0.32> <DB= 2576.3265> <Mlp= 2740.2927> <PB=10000000> 
    RCSP exact solver info for graph G_0 : TT = 0.194802, pt = 4.5e-05, dt = 0.187033, ct = 0.006972, ndl = 25156', bdl = 2209465', odl = 13369', odf = 108871', bsi = 1800', cnt = 144191', bdch = 41917615', odch = 697240', lcp = 612205', #sols = 150
<DWph=0> <it=229> <et=5.79> <Mt= 0.00> <Spt= 0.20> <nCl= 49> <al=0.39> <DB= 2671.9562> <Mlp= 2740.2896> <PB=10000000> 
    RCSP exact solver info for graph G_0 : TT = 0.190162, pt = 5.1e-05, dt = 0.182835, ct = 0.006474, ndl = 24965', bdl = 2189628', odl = 13414', odf = 108540', bsi = 1798', cnt = 141857', bdch = 41151783', odch = 694908', lcp = 607578', #sols = 150
<DWph=0> <it=230> <et=5.99> <Mt= 0.00> <Spt= 0.20> <nCl= 48> <al=0.45> <DB= 2574.1350> <Mlp= 2740.2676> <PB=10000000> 
    RCSP exact solver info for graph G_0 : TT = 0.192988, pt = 5.2e-05, dt = 0.185452, ct = 0.006636, ndl = 24751', bdl = 2182682', odl = 13348', odf = 108028', bsi = 1773', cnt = 136945', bdch = 40644233', odch = 682830', lcp = 598096', #sols = 150
<DWph=0> <it=231> <et=6.19> <Mt= 0.00> <Spt= 0.20> <nCl= 20> <al=0.51> <DB= 2701.3434> <Mlp= 2740.2658> <PB=10000000> 
    RCSP exact solver info for graph G_0 : TT = 0.184995, pt = 5.5e-05, dt = 0.177248, ct = 0.006865, ndl = 24623', bdl = 2169160', odl = 13372', odf = 107807', bsi = 1776', cnt = 136292', bdch = 40226139', odch = 677419', lcp = 594232', #sols = 150
    RCSP exact solver info for graph G_0 : TT = 0.18148, pt = 4.7e-05, dt = 0.174994, ct = 0.005639, ndl = 24495', bdl = 2155989', odl = 13396', odf = 107516', bsi = 1786', cnt = 132682', bdch = 39850160', odch = 670396', lcp = 588166', #sols = 150
<DWph=0> <it=232> <et=6.56> <Mt= 0.01> <Spt= 0.37> <nCl= 31> <al=0.11> <DB= 2719.7186> <Mlp= 2740.2658> <PB=10000000> 
    RCSP exact solver info for graph G_0 : TT = 0.180246, pt = 4.2e-05, dt = 0.173496, ct = 0.005916, ndl = 24445', bdl = 2151656', odl = 13406', odf = 107462', bsi = 1794', cnt = 133138', bdch = 39666738', odch = 673151', lcp = 587280', #sols = 150
    RCSP exact solver info for graph G_0 : TT = 0.180331, pt = 4.5e-05, dt = 0.173557, ct = 0.005869, ndl = 23841', bdl = 2103277', odl = 13556', odf = 106032', bsi = 1782', cnt = 121785', bdch = 38201207', odch = 650201', lcp = 571285', #sols = 150
<DWph=0> <it=233> <et=6.93> <Mt= 0.00> <Spt= 0.37> <nCl= 47> <al=0.00> <DB= 2740.2654> <Mlp= 2740.2654> <PB=10000000> 
RCSP solver dynamic params and stats :  bidir.bord. = 375 aver.obdmd = 24.582 aver.buck.num. = 26
@@ 1 0 2740.27 0.185612 0.20444 91.7951 6.93
RCSP      solver labels distribution in 1455 buckets (bucket size) : largest - 123, top 0.1% - 116, top 0.5% - 87, top 2% - 63, top 10% - 39, top 50% - 11
Reduced cost fixing for graph G_0...  TT = 0.516611, pt = 0.038608, dt = 0.477507, ct = 0, ndl = 69081', bdl = 5061043', odl = 15880', odf = 244382', lpcb = 410076', cnt = 18057916', bdch = 112181933', odch = 2752305', lcp = 1519800'
337604 buck. arcs remain (99.1% from prev., 90.9% from max.) + 0 jump buck. arcs (0% from max.)
 TT = 0.714423, pt = 0.038608, dt = 0.477507, ct = 0.19773, ndl = 69081', bdl = 5061043', odl = 15880', odf = 244382', lpcb = 410076', cnt = 18808197', bdch = 112181933', odch = 2752305', lcp = 1519800'
RCSP      solver labels distribution in 2832 buckets (bucket size) : largest - 166, top 0.1% - 149, top 0.5% - 130, top 2% - 96, top 10% - 54, top 50% - 17
Run forward enumeration with border = 375... not succeeded (ratio 0.991598) lpt = 0.011995, ndl = 10117', dl = 0', lpcb = 0', dch = 3860'
 TT = 0.016652, pt = 0.001587, dt = 0.011995, ct = 0, ndl = 10117', bdl = 0', cnt = 62158', bdch = 3860', odch = 0', lcp = 0'
Bucket graph for G_0 is regenerated as bucket steps were adjusted for 122 vertices
RCSP solver info : number of forw. reachable buckets / buck. strongly connected components is 6008( 96.5606% ) / 6008( 100% )
659580 forw. buck. arcs remain (92.2696% from max.) + 0 jump buck. arcs
ColGenEvalAlg final dual bound: 2740.27 (rounded: 2741)
Shrinking heuristic shrunk 61 edges
In total 26 RCC cut(s) are found by the Fractional capacity min-cut heuristic 
In total 82 RCC cut(s) are found by the greedy construction heuristic 
----- Add fac. cuts : CAP(100), max.viol = 0.735425, aver.viol = 0.25675, sep/add took 0.0258539/0.334267 sec. -----
6459 columns (6459 active), 100 dyn. constrs. (100 active), 342 art. vars. (342 active)
<DWph=2> <it=  1> <et=8.20> <Mt= 0.03> <Spt= 0.02> <nCl= 21> <al=0.50> <DB= 1863.3542> <Mlp= 2753.8077> <PB=10000000> 
<DWph=2> <it=  2> <et=8.24> <Mt= 0.02> <Spt= 0.02> <nCl= 19> <al=0.55> <DB= 2384.0674> <Mlp= 2752.2561> <PB=10000000> 
<DWph=2> <it=  3> <et=8.27> <Mt= 0.01> <Spt= 0.02> <nCl= 12> <al=0.60> <DB= 2739.5747> <Mlp= 2751.7305> <PB=10000000> 
<DWph=2> <it=  4> <et=8.31> <Mt= 0.01> <Spt= 0.03> <nCl=  5> <al=0.64> <DB= 2678.0237> <Mlp= 2751.0702> <PB=10000000> 
<DWph=2> <it=  5> <et=8.36> <Mt= 0.00> <Spt= 0.04> <nCl= 25> <al=0.34> <DB= 2078.9391> <Mlp= 2751.0702> <PB=10000000> 
<DWph=2> <it=  6> <et=8.39> <Mt= 0.01> <Spt= 0.02> <nCl=  9> <al=0.57> <DB= 2646.0939> <Mlp= 2750.3064> <PB=10000000> 
<DWph=2> <it=  7> <et=8.42> <Mt= 0.00> <Spt= 0.03> <nCl= 13> <al=0.61> <DB= 2498.2365> <Mlp= 2750.1971> <PB=10000000> 
<DWph=2> <it=  8> <et=8.45> <Mt= 0.01> <Spt= 0.02> <nCl=  8> <al=0.65> <DB= 2718.1898> <Mlp= 2749.1580> <PB=10000000> 
<DWph=2> <it=  9> <et=8.49> <Mt= 0.01> <Spt= 0.03> <nCl= 35> <al=0.11> <DB= -434.5908> <Mlp= 2749.0700> <PB=10000000> 
<DWph=2> <it= 10> <et=8.51> <Mt= 0.00> <Spt= 0.02> <nCl=  6> <al=0.45> <DB= 2539.5444> <Mlp= 2749.0700> <PB=10000000> 
<DWph=2> <it= 11> <et=8.55> <Mt= 0.01> <Spt= 0.04> <nCl= 33> <al=0.02> <DB=  463.9809> <Mlp= 2749.0700> <PB=10000000> 
<DWph=2> <it= 12> <et=8.58> <Mt= 0.00> <Spt= 0.02> <nCl= 13> <al=0.41> <DB= 2381.5167> <Mlp= 2749.0700> <PB=10000000> 
<DWph=2> <it= 13> <et=8.61> <Mt= 0.00> <Spt= 0.03> <nCl= 12> <al=0.47> <DB= 2330.9721> <Mlp= 2748.9831> <PB=10000000> 
<DWph=2> <it= 14> <et=8.64> <Mt= 0.01> <Spt= 0.02> <nCl=  5> <al=0.52> <DB= 2620.7308> <Mlp= 2748.7594> <PB=10000000> 
<DWph=2> <it= 15> <et=8.66> <Mt= 0.01> <Spt= 0.02> <nCl=  7> <al=0.57> <DB= 2735.2682> <Mlp= 2748.7438> <PB=10000000> 
<DWph=2> <it= 16> <et=8.68> <Mt= 0.00> <Spt= 0.02> <nCl=  3> <al=0.47> <DB= 2737.6390> <Mlp= 2748.7438> <PB=10000000> 
<DWph=2> <it= 17> <et=8.71> <Mt= 0.00> <Spt= 0.02> <nCl=  5> <al=0.37> <DB= 2740.0098> <Mlp= 2748.7438> <PB=10000000> 
<DWph=2> <it= 18> <et=8.74> <Mt= 0.01> <Spt= 0.02> <nCl=  6> <al=0.27> <DB= 2742.3806> <Mlp= 2748.7438> <PB=10000000> 
<DWph=2> <it= 19> <et=8.76> <Mt= 0.00> <Spt= 0.02> <nCl=  4> <al=0.17> <DB= 2613.5410> <Mlp= 2748.7438> <PB=10000000> 
<DWph=2> <it= 20> <et=8.78> <Mt= 0.00> <Spt= 0.02> <nCl=  2> <al=0.25> <DB= 2742.7799> <Mlp= 2748.7438> <PB=10000000> 
<DWph=2> <it= 21> <et=8.80> <Mt= 0.01> <Spt= 0.01> <nCl=  2> <al=0.15> <DB= 2745.1507> <Mlp= 2748.7438> <PB=10000000> 
<DWph=2> <it= 22> <et=8.82> <Mt= 0.00> <Spt= 0.02> <nCl=  5> <al=0.05> <DB= 2503.0596> <Mlp= 2748.7438> <PB=10000000> 
<DWph=2> <it= 23> <et=8.86> <Mt= 0.00> <Spt= 0.04> <nCl= 15> <al=0.00> <DB= 2356.0785> <Mlp= 2748.7382> <PB=10000000> 
<DWph=2> <it= 24> <et=8.89> <Mt= 0.01> <Spt= 0.02> <nCl= 15> <al=0.05> <DB= 2200.8585> <Mlp= 2748.7100> <PB=10000000> 
<DWph=2> <it= 25> <et=8.93> <Mt= 0.01> <Spt= 0.04> <nCl= 14> <al=0.00> <DB= 2421.5464> <Mlp= 2748.6824> <PB=10000000> 
<DWph=2> <it= 26> <et=8.95> <Mt= 0.00> <Spt= 0.01> <nCl=  3> <al=0.04> <DB= 2657.1648> <Mlp= 2748.6824> <PB=10000000> 
<DWph=2> <it= 27> <et=8.97> <Mt= 0.00> <Spt= 0.02> <nCl=  2> <al=0.14> <DB= 2745.4290> <Mlp= 2748.6824> <PB=10000000> 
<DWph=2> <it= 28> <et=9.01> <Mt= 0.01> <Spt= 0.04> <nCl=  3> <al=0.00> <DB= 2748.6824> <Mlp= 2748.6824> <PB=10000000> 
<DWph=1> <it= 29> <et=9.08> <Mt= 0.00> <Spt= 0.06> <nCl= 15> <al=0.00> <DB= 2431.8985> <Mlp= 2748.6824> <PB=10000000> 
<DWph=1> <it= 30> <et=9.14> <Mt= 0.01> <Spt= 0.05> <nCl= 19> <al=0.00> <DB= 2432.6014> <Mlp= 2748.4416> <PB=10000000> 
<DWph=1> <it= 31> <et=9.20> <Mt= 0.00> <Spt= 0.06> <nCl=  7> <al=0.04> <DB= 2454.1180> <Mlp= 2748.3846> <PB=10000000> 
<DWph=1> <it= 32> <et=9.26> <Mt= 0.01> <Spt= 0.05> <nCl=  4> <al=0.14> <DB= 2630.1011> <Mlp= 2748.3841> <PB=10000000> 
<DWph=1> <it= 33> <et=9.32> <Mt= 0.00> <Spt= 0.06> <nCl=  1> <al=0.23> <DB= 2721.7114> <Mlp= 2748.3841> <PB=10000000> 
<DWph=1> <it= 34> <et=9.44> <Mt= 0.01> <Spt= 0.11> <nCl=  3> <al=0.00> <DB= 2748.3841> <Mlp= 2748.3841> <PB=10000000> 
    RCSP exact solver info for graph G_0 : TT = 0.170154, pt = 8.9e-05, dt = 0.162744, ct = 0.00636, ndl = 25125', bdl = 2206990', odl = 22020', odf = 197815', bsi = 1742', cnt = 91584', bdch = 28421726', odch = 861274', lcp = 489945', #sols = 150
<DWph=0> <it= 35> <et=9.62> <Mt= 0.00> <Spt= 0.18> <nCl=145> <al=0.03> <DB= 2346.7945> <Mlp= 2748.3841> <PB=10000000> 
    RCSP exact solver info for graph G_0 : TT = 0.176775, pt = 0.000116, dt = 0.168324, ct = 0.00724, ndl = 25220', bdl = 2206800', odl = 21948', odf = 197738', bsi = 1828', cnt = 104252', bdch = 28646322', odch = 882823', lcp = 494905', #sols = 150
<DWph=0> <it= 36> <et=9.82> <Mt= 0.01> <Spt= 0.19> <nCl=100> <al=0.00> <DB= 2358.7505> <Mlp= 2748.2786> <PB=10000000> 
    RCSP exact solver info for graph G_0 : TT = 0.176979, pt = 0.000102, dt = 0.169749, ct = 0.006134, ndl = 25583', bdl = 2244317', odl = 21788', odf = 198884', bsi = 1802', cnt = 104606', bdch = 29285758', odch = 889915', lcp = 495972', #sols = 150
<DWph=0> <it= 37> <et=10.01> <Mt= 0.00> <Spt= 0.19> <nCl= 38> <al=0.03> <DB= 2592.1376> <Mlp= 2748.2325> <PB=10000000> 
    RCSP exact solver info for graph G_0 : TT = 0.169525, pt = 0.000109, dt = 0.162476, ct = 0.005897, ndl = 25416', bdl = 2234074', odl = 21951', odf = 198668', bsi = 1801', cnt = 100265', bdch = 29115314', odch = 873878', lcp = 495155', #sols = 150
<DWph=0> <it= 38> <et=10.20> <Mt= 0.01> <Spt= 0.17> <nCl= 21> <al=0.13> <DB= 2715.5434> <Mlp= 2748.2319> <PB=10000000> 
    RCSP exact solver info for graph G_0 : TT = 0.168048, pt = 8.7e-05, dt = 0.160479, ct = 0.006492, ndl = 25316', bdl = 2221118', odl = 21830', odf = 198101', bsi = 1794', cnt = 99110', bdch = 28833799', odch = 865203', lcp = 489455', #sols = 150
<DWph=0> <it= 39> <et=10.37> <Mt= 0.00> <Spt= 0.18> <nCl=  8> <al=0.22> <DB= 2733.5054> <Mlp= 2748.2315> <PB=10000000> 
    RCSP exact solver info for graph G_0 : TT = 0.16897, pt = 8.9e-05, dt = 0.161163, ct = 0.006633, ndl = 25243', bdl = 2216685', odl = 21834', odf = 197825', bsi = 1804', cnt = 97452', bdch = 28678291', odch = 863302', lcp = 488357', #sols = 150
    RCSP exact solver info for graph G_0 : TT = 0.17652, pt = 9.4e-05, dt = 0.168645, ct = 0.006709, ndl = 25244', bdl = 2217989', odl = 21797', odf = 198119', bsi = 1802', cnt = 99476', bdch = 28698724', odch = 863862', lcp = 488029', #sols = 150
<DWph=0> <it= 40> <et=10.74> <Mt= 0.01> <Spt= 0.36> <nCl= 29> <al=0.00> <DB= 2748.2315> <Mlp= 2748.2315> <PB=10000000> 
RCSP solver dynamic params and stats :  bidir.bord. = 375 aver.obdmd = 49.1639 aver.buck.num. = 51
@@ 1 1 2748.23 0.171292 0.175883 92.2696 10.74
    Full reduced cost fixing is not called (gap ratio is 0.999999)
Bucket graph for G_0 is regenerated as bucket steps were adjusted for 122 vertices
RCSP solver info : number of forw. reachable buckets / buck. strongly connected components is 11813( 95.8692% ) / 11813( 100% )
1300757 forw. buck. arcs remain (92.5358% from max.) + 0 jump buck. arcs
ColGenEvalAlg final dual bound: 2748.23 (rounded: 2749)
False gap improvement since the last cut separation : 0.0290706 (2740.27)
Current active cuts : CAP(11,453.062)
Shrinking heuristic shrunk 43 edges
In total 12 RCC cut(s) are found by the Fractional capacity min-cut heuristic 
In total 51 RCC cut(s) are found by the greedy construction heuristic 
In total 13 RCC cut(s) are found by the global pool greedy search heuristic 
----- Add fac. cuts : CAP(76), max.viol = 0.310681, aver.viol = 0.086693, sep/add took 0.0308404/0.282049 sec. -----
7151 columns (7151 active), 176 dyn. constrs. (87 active), 418 art. vars. (329 active)
<DWph=2> <it=  1> <et=11.37> <Mt= 0.04> <Spt= 0.03> <nCl= 16> <al=0.50> <DB= 2387.5497> <Mlp= 2751.3139> <PB=10000000> 
<DWph=2> <it=  2> <et=11.41> <Mt= 0.01> <Spt= 0.04> <nCl=  8> <al=0.55> <DB= 2732.5335> <Mlp= 2751.1739> <PB=10000000> 
<DWph=2> <it=  3> <et=11.45> <Mt= 0.00> <Spt= 0.03> <nCl=  3> <al=0.60> <DB= 2749.3409> <Mlp= 2750.9708> <PB=10000000> 
<DWph=2> <it=  4> <et=11.49> <Mt= 0.00> <Spt= 0.04> <nCl= 13> <al=0.50> <DB= 2640.7366> <Mlp= 2750.9708> <PB=10000000> 
<DWph=2> <it=  5> <et=11.54> <Mt= 0.01> <Spt= 0.03> <nCl=  6> <al=0.55> <DB= 2581.8609> <Mlp= 2750.8472> <PB=10000000> 
<DWph=2> <it=  6> <et=11.60> <Mt= 0.01> <Spt= 0.06> <nCl= 17> <al=0.18> <DB= 2555.6300> <Mlp= 2750.8447> <PB=10000000> 
<DWph=2> <it=  7> <et=11.64> <Mt= 0.00> <Spt= 0.03> <nCl=  8> <al=0.49> <DB= 2675.9524> <Mlp= 2750.7878> <PB=10000000> 
<DWph=2> <it=  8> <et=11.69> <Mt= 0.02> <Spt= 0.04> <nCl=  2> <al=0.54> <DB= 2746.4464> <Mlp= 2750.7028> <PB=10000000> 
<DWph=2> <it=  9> <et=11.76> <Mt= 0.00> <Spt= 0.06> <nCl=  6> <al=0.18> <DB= 2471.1670> <Mlp= 2750.7028> <PB=10000000> 
<DWph=2> <it= 10> <et=11.79> <Mt= 0.01> <Spt= 0.03> <nCl=  4> <al=0.49> <DB= 2734.4920> <Mlp= 2750.7028> <PB=10000000> 
<DWph=2> <it= 11> <et=11.86> <Mt= 0.00> <Spt= 0.07> <nCl=  9> <al=0.08> <DB= 2448.8436> <Mlp= 2750.7028> <PB=10000000> 
<DWph=2> <it= 12> <et=11.94> <Mt= 0.00> <Spt= 0.07> <nCl=  5> <al=0.00> <DB= 2619.6868> <Mlp= 2750.7011> <PB=10000000> 
<DWph=2> <it= 13> <et=12.01> <Mt= 0.01> <Spt= 0.06> <nCl=  3> <al=0.00> <DB= 2750.7011> <Mlp= 2750.7011> <PB=10000000> 
<DWph=1> <it= 14> <et=12.09> <Mt= 0.00> <Spt= 0.08> <nCl= 12> <al=0.24> <DB= 2396.0617> <Mlp= 2750.7011> <PB=10000000> 
<DWph=1> <it= 15> <et=12.17> <Mt= 0.01> <Spt= 0.08> <nCl=  6> <al=0.14> <DB= 2604.2236> <Mlp= 2750.5771> <PB=10000000> 
<DWph=1> <it= 16> <et=12.25> <Mt= 0.01> <Spt= 0.07> <nCl=  3> <al=0.23> <DB= 2717.6452> <Mlp= 2750.5764> <PB=10000000> 
<DWph=1> <it= 17> <et=12.41> <Mt= 0.00> <Spt= 0.16> <nCl=  5> <al=0.00> <DB= 2750.5764> <Mlp= 2750.5764> <PB=10000000> 
    RCSP exact solver info for graph G_0 : TT = 0.148983, pt = 0.00016, dt = 0.140931, ct = 0.006739, ndl = 23920', bdl = 2095050', odl = 32987', odf = 385129', bsi = 1814', cnt = 91432', bdch = 16831188', odch = 930528', lcp = 345689', #sols = 150
<DWph=0> <it= 18> <et=12.58> <Mt= 0.00> <Spt= 0.16> <nCl=105> <al=0.03> <DB= 2489.9642> <Mlp= 2750.5764> <PB=10000000> 
    RCSP exact solver info for graph G_0 : TT = 0.151435, pt = 0.000207, dt = 0.143415, ct = 0.006194, ndl = 24284', bdl = 2129758', odl = 33311', odf = 385163', bsi = 1873', cnt = 90544', bdch = 17393666', odch = 935498', lcp = 351725', #sols = 150
<DWph=0> <it= 19> <et=12.76> <Mt= 0.02> <Spt= 0.17> <nCl= 72> <al=0.00> <DB= 2568.7971> <Mlp= 2750.3887> <PB=10000000> 
    RCSP exact solver info for graph G_0 : TT = 0.144744, pt = 0.000198, dt = 0.137525, ct = 0.005754, ndl = 24123', bdl = 2106266', odl = 33132', odf = 382742', bsi = 1824', cnt = 91006', bdch = 17110433', odch = 935065', lcp = 348250', #sols = 150
<DWph=0> <it= 20> <et=12.92> <Mt= 0.00> <Spt= 0.15> <nCl= 25> <al=0.03> <DB= 2713.0409> <Mlp= 2750.3813> <PB=10000000> 
    RCSP exact solver info for graph G_0 : TT = 0.147802, pt = 0.000252, dt = 0.140035, ct = 0.006183, ndl = 24123', bdl = 2109808', odl = 33162', odf = 382777', bsi = 1793', cnt = 88454', bdch = 17142662', odch = 930570', lcp = 348589', #sols = 150
<DWph=0> <it= 21> <et=13.08> <Mt= 0.01> <Spt= 0.16> <nCl= 11> <al=0.00> <DB= 2741.1792> <Mlp= 2750.3783> <PB=10000000> 
    RCSP exact solver info for graph G_0 : TT = 0.150523, pt = 0.000308, dt = 0.143321, ct = 0.005673, ndl = 24127', bdl = 2110363', odl = 33171', odf = 382841', bsi = 1791', cnt = 88416', bdch = 17148777', odch = 930698', lcp = 348634', #sols = 150
    RCSP exact solver info for graph G_0 : TT = 0.146585, pt = 0.000134, dt = 0.138726, ct = 0.006558, ndl = 24126', bdl = 2110246', odl = 33170', odf = 382825', bsi = 1792', cnt = 88416', bdch = 17147381', odch = 930700', lcp = 348656', #sols = 150
<DWph=0> <it= 22> <et=13.40> <Mt= 0.00> <Spt= 0.31> <nCl=  1> <al=0.00> <DB= 2750.3783> <Mlp= 2750.3783> <PB=10000000> 
RCSP solver dynamic params and stats :  bidir.bord. = 375 aver.obdmd = 98.3279 aver.buck.num. = 101
@@ 1 2 2750.38 0.146842 0.149609 92.5358 13.4
    Full reduced cost fixing is not called (gap ratio is 0.999999)
ColGenEvalAlg final dual bound: 2750.38 (rounded: 2751)
False gap improvement since the last cut separation : 0.00781161 (2748.23)
Cut generation tailing off counter increased to 1
Current active cuts : CAP(18,838.9)
Shrinking heuristic shrunk 42 edges
In total 6 RCC cut(s) are found by the Fractional capacity min-cut heuristic 
In total 5 RCC cut(s) are found by the greedy construction heuristic 
In total 6 RCC cut(s) are found by the global pool greedy search heuristic 
----- Add fac. cuts : CAP(17), max.viol = 0.26898, aver.viol = 0.0504797, sep/add took 0.0354425/0.0566822 sec. -----
7491 columns (7491 active), 104 dyn. constrs. (36 active), 435 art. vars. (278 active)
<DWph=2> <it=  1> <et=13.63> <Mt= 0.01> <Spt= 0.03> <nCl=  3> <al=0.50> <DB= 2683.1071> <Mlp= 2750.9899> <PB=10000000> 
<DWph=2> <it=  2> <et=13.73> <Mt= 0.01> <Spt= 0.10> <nCl=  3> <al=0.00> <DB= 2727.1604> <Mlp= 2750.9262> <PB=10000000> 
<DWph=2> <it=  3> <et=13.79> <Mt= 0.00> <Spt= 0.05> <nCl=  0> <al=0.00> <DB= 2750.9262> <Mlp= 2750.9262> <PB=10000000> 
<DWph=1> <it=  4> <et=13.94> <Mt= 0.00> <Spt= 0.15> <nCl=  5> <al=0.00> <DB= 2750.9262> <Mlp= 2750.9262> <PB=10000000> 
    RCSP exact solver info for graph G_0 : TT = 0.143525, pt = 0.000144, dt = 0.135884, ct = 0.005606, ndl = 23430', bdl = 2045473', odl = 32823', odf = 383235', bsi = 1805', cnt = 90985', bdch = 16247645', odch = 899301', lcp = 334486', #sols = 150
<DWph=0> <it=  5> <et=14.09> <Mt= 0.00> <Spt= 0.15> <nCl= 32> <al=0.25> <DB= 2597.5128> <Mlp= 2750.9262> <PB=10000000> 
    RCSP exact solver info for graph G_0 : TT = 0.140425, pt = 0.000149, dt = 0.133022, ct = 0.006065, ndl = 23309', bdl = 2040170', odl = 33083', odf = 380510', bsi = 1808', cnt = 86696', bdch = 16229644', odch = 896509', lcp = 337340', #sols = 150
    RCSP exact solver info for graph G_0 : TT = 0.140275, pt = 0.000209, dt = 0.132896, ct = 0.005862, ndl = 23227', bdl = 2034996', odl = 33098', odf = 379266', bsi = 1817', cnt = 84692', bdch = 16162465', odch = 893329', lcp = 338247', #sols = 150
<DWph=0> <it=  6> <et=14.39> <Mt= 0.01> <Spt= 0.30> <nCl= 27> <al=0.00> <DB= 2750.9192> <Mlp= 2750.9192> <PB=10000000> 
RCSP solver dynamic params and stats :  bidir.bord. = 375 aver.obdmd = 98.3279 aver.buck.num. = 101
@@ 1 3 2750.92 0.139778 0.14149 92.5358 14.39
    Full reduced cost fixing is not called (gap ratio is 0.999999)
ColGenEvalAlg final dual bound: 2750.92 (rounded: 2751)
False gap improvement since the last cut separation : 0.00196658 (2750.38)
Cut generation tailing off counter increased to 2
Current active cuts : CAP(20,968.65)
Shrinking heuristic shrunk 35 edges
In total 4 RCC cut(s) are found by the Fractional capacity min-cut heuristic 
In total 4 RCC cut(s) are found by the greedy construction heuristic 
In total 14 RCC cut(s) are found by the global pool greedy search heuristic 
----- Add fac. cuts : CAP(22), max.viol = 0.206125, aver.viol = 0.0235746, sep/add took 0.0377694/0.0457964 sec. -----
7561 columns (7561 active), 58 dyn. constrs. (42 active), 457 art. vars. (284 active)
<DWph=2> <it=  1> <et=14.63> <Mt= 0.01> <Spt= 0.06> <nCl=  5> <al=0.00> <DB= 2702.5924> <Mlp= 2751.1304> <PB=10000000> 
<DWph=2> <it=  2> <et=14.70> <Mt= 0.00> <Spt= 0.07> <nCl=  4> <al=0.00> <DB= 2678.6724> <Mlp= 2751.1227> <PB=10000000> 
<DWph=2> <it=  3> <et=14.77> <Mt= 0.01> <Spt= 0.07> <nCl=  3> <al=0.00> <DB= 2751.1181> <Mlp= 2751.1181> <PB=10000000> 
<DWph=1> <it=  4> <et=14.84> <Mt= 0.00> <Spt= 0.07> <nCl=  2> <al=0.20> <DB= 2691.7404> <Mlp= 2751.1181> <PB=10000000> 
<DWph=1> <it=  5> <et=14.92> <Mt= 0.00> <Spt= 0.07> <nCl=  2> <al=0.10> <DB= 2732.0456> <Mlp= 2751.0675> <PB=10000000> 
<DWph=1> <it=  6> <et=15.06> <Mt= 0.01> <Spt= 0.14> <nCl=  2> <al=0.00> <DB= 2751.0675> <Mlp= 2751.0675> <PB=10000000> 
    RCSP exact solver info for graph G_0 : TT = 0.137918, pt = 0.000158, dt = 0.130974, ct = 0.005559, ndl = 22998', bdl = 2023444', odl = 32614', odf = 389037', bsi = 1701', cnt = 95258', bdch = 15820867', odch = 912334', lcp = 335281', #sols = 150
<DWph=0> <it=  7> <et=15.21> <Mt= 0.00> <Spt= 0.15> <nCl= 38> <al=0.09> <DB= 2651.2584> <Mlp= 2751.0675> <PB=10000000> 
    RCSP exact solver info for graph G_0 : TT = 0.1428, pt = 0.000182, dt = 0.134014, ct = 0.007068, ndl = 23032', bdl = 2027296', odl = 32726', odf = 386564', bsi = 1727', cnt = 95399', bdch = 15896260', odch = 903472', lcp = 333583', #sols = 150
<DWph=0> <it=  8> <et=15.37> <Mt= 0.00> <Spt= 0.15> <nCl= 12> <al=0.00> <DB= 2748.7751> <Mlp= 2751.0672> <PB=10000000> 
    RCSP exact solver info for graph G_0 : TT = 0.143726, pt = 0.000187, dt = 0.136375, ct = 0.005844, ndl = 23113', bdl = 2034122', odl = 32755', odf = 387518', bsi = 1725', cnt = 95898', bdch = 15987276', odch = 908458', lcp = 334727', #sols = 150
    RCSP exact solver info for graph G_0 : TT = 0.142843, pt = 0.000167, dt = 0.135494, ct = 0.005911, ndl = 22988', bdl = 2025321', odl = 32679', odf = 388188', bsi = 1715', cnt = 94667', bdch = 15843772', odch = 905960', lcp = 333176', #sols = 150
<DWph=0> <it=  9> <et=15.67> <Mt= 0.01> <Spt= 0.30> <nCl=  4> <al=0.00> <DB= 2751.0672> <Mlp= 2751.0672> <PB=10000000> 
RCSP solver dynamic params and stats :  bidir.bord. = 375 aver.obdmd = 98.3279 aver.buck.num. = 101
@@ 1 4 2751.07 0.14031 0.142219 92.5358 15.67
    Full reduced cost fixing is not called (gap ratio is 0.999999)
ColGenEvalAlg final dual bound: 2751.07 (rounded: 2752)
False gap improvement since the last cut separation : 0.000538135 (2750.92)
----- Cut separators priority level decreased to 1-----
Current active cuts : CAP(22,1094.07)
Shrinking heuristic shrunk 40 edges
In total 3 RCC cut(s) are found by the Fractional capacity min-cut heuristic 
In total 6 RCC cut(s) are found by the greedy construction heuristic 
In total 11 RCC cut(s) are found by the global pool greedy search heuristic 
21 Rank-1 1-rows pack. cuts added ,  max viol. = 0.3275, aver. viol. = 0.154725
150 Rank-1 3-rows pack. cuts added ,  max viol. = 0.420018, aver. viol. = 0.192439
----- Add fac. cuts : CAP(20) R1C(171), max.viol = 0.467147, aver.viol = 0.198307, sep/add took 0.0343677/0.33856 sec. -----
7633 columns (7633 active), 233 dyn. constrs. (213 active), 648 art. vars. (455 active)
<DWph=2> <it=  1> <et=16.25> <Mt= 0.12> <Spt= 0.04> <nCl= 30> <al=0.50> <DB=-8924.9550> <Mlp= 2777.3369> <PB=10000000> 
<DWph=2> <it=  2> <et=16.43> <Mt= 0.13> <Spt= 0.05> <nCl= 30> <al=0.55> <DB= -153.4815> <Mlp= 2772.2664> <PB=10000000> 
<DWph=2> <it=  3> <et=16.50> <Mt= 0.03> <Spt= 0.05> <nCl= 30> <al=0.60> <DB= 1443.7837> <Mlp= 2770.1998> <PB=10000000> 
<DWph=2> <it=  4> <et=16.64> <Mt= 0.09> <Spt= 0.04> <nCl= 15> <al=0.64> <DB= 2533.2860> <Mlp= 2766.6890> <PB=10000000> 
<DWph=2> <it=  5> <et=16.74> <Mt= 0.05> <Spt= 0.05> <nCl= 17> <al=0.67> <DB= 2698.2776> <Mlp= 2765.2112> <PB=10000000> 
<DWph=2> <it=  6> <et=16.81> <Mt= 0.03> <Spt= 0.04> <nCl=  6> <al=0.70> <DB= 2754.8997> <Mlp= 2764.0479> <PB=10000000> 
<DWph=2> <it=  7> <et=16.87> <Mt= 0.01> <Spt= 0.05> <nCl= 20> <al=0.60> <DB= 2432.1288> <Mlp= 2763.4902> <PB=10000000> 
<DWph=2> <it=  8> <et=16.94> <Mt= 0.03> <Spt= 0.04> <nCl= 13> <al=0.64> <DB= 2440.0121> <Mlp= 2762.7484> <PB=10000000> 
<DWph=2> <it=  9> <et=17.01> <Mt= 0.02> <Spt= 0.05> <nCl=  8> <al=0.68> <DB= 2757.2761> <Mlp= 2762.3226> <PB=10000000> 
<DWph=2> <it= 10> <et=17.06> <Mt= 0.01> <Spt= 0.04> <nCl= 17> <al=0.58> <DB= 2426.7483> <Mlp= 2762.0886> <PB=10000000> 
<DWph=2> <it= 11> <et=17.12> <Mt= 0.02> <Spt= 0.04> <nCl=  6> <al=0.62> <DB= 2686.9713> <Mlp= 2761.5693> <PB=10000000> 
<DWph=2> <it= 12> <et=17.17> <Mt= 0.01> <Spt= 0.04> <nCl=  1> <al=0.66> <DB= 2758.6716> <Mlp= 2761.3767> <PB=10000000> 
<DWph=2> <it= 13> <et=17.22> <Mt= 0.00> <Spt= 0.05> <nCl= 10> <al=0.56> <DB= 2537.7675> <Mlp= 2761.2924> <PB=10000000> 
<DWph=2> <it= 14> <et=17.28> <Mt= 0.01> <Spt= 0.04> <nCl=  7> <al=0.60> <DB= 2574.1434> <Mlp= 2761.2524> <PB=10000000> 
<DWph=2> <it= 15> <et=17.37> <Mt= 0.01> <Spt= 0.09> <nCl= 14> <al=0.29> <DB= 2326.7710> <Mlp= 2761.1297> <PB=10000000> 
<DWph=2> <it= 16> <et=17.43> <Mt= 0.02> <Spt= 0.04> <nCl=  6> <al=0.54> <DB= 2621.1022> <Mlp= 2760.8241> <PB=10000000> 
<DWph=2> <it= 17> <et=17.48> <Mt= 0.00> <Spt= 0.04> <nCl=  9> <al=0.59> <DB= 2391.5914> <Mlp= 2760.8053> <PB=10000000> 
<DWph=2> <it= 18> <et=17.53> <Mt= 0.01> <Spt= 0.04> <nCl=  5> <al=0.63> <DB= 2524.9758> <Mlp= 2760.7377> <PB=10000000> 
<DWph=2> <it= 19> <et=17.58> <Mt= 0.01> <Spt= 0.05> <nCl=  3> <al=0.53> <DB= 2744.5186> <Mlp= 2760.7054> <PB=10000000> 
<DWph=2> <it= 20> <et=17.67> <Mt= 0.01> <Spt= 0.08> <nCl= 24> <al=0.15> <DB= 2388.2391> <Mlp= 2760.6905> <PB=10000000> 
<DWph=2> <it= 21> <et=17.72> <Mt= 0.01> <Spt= 0.04> <nCl= 11> <al=0.48> <DB= 2590.1072> <Mlp= 2760.5599> <PB=10000000> 
<DWph=2> <it= 22> <et=17.77> <Mt= 0.01> <Spt= 0.04> <nCl=  6> <al=0.38> <DB= 2558.9957> <Mlp= 2760.5509> <PB=10000000> 
<DWph=2> <it= 23> <et=17.82> <Mt= 0.00> <Spt= 0.04> <nCl=  3> <al=0.44> <DB= 2619.3543> <Mlp= 2760.5375> <PB=10000000> 
<DWph=2> <it= 24> <et=17.92> <Mt= 0.01> <Spt= 0.10> <nCl= 27> <al=0.00> <DB= 2214.1640> <Mlp= 2760.5359> <PB=10000000> 
<DWph=2> <it= 25> <et=17.97> <Mt= 0.00> <Spt= 0.04> <nCl=  3> <al=0.24> <DB= 2691.6835> <Mlp= 2760.5349> <PB=10000000> 
<DWph=2> <it= 26> <et=18.03> <Mt= 0.01> <Spt= 0.05> <nCl=  2> <al=0.32> <DB= 2648.2927> <Mlp= 2760.5316> <PB=10000000> 
<DWph=2> <it= 27> <et=18.08> <Mt= 0.00> <Spt= 0.05> <nCl=  4> <al=0.22> <DB= 2663.4312> <Mlp= 2760.5316> <PB=10000000> 
<DWph=2> <it= 28> <et=18.14> <Mt= 0.01> <Spt= 0.06> <nCl=  8> <al=0.12> <DB= 2544.8048> <Mlp= 2760.5316> <PB=10000000> 
<DWph=2> <it= 29> <et=18.25> <Mt= 0.00> <Spt= 0.09> <nCl= 11> <al=0.00> <DB= 2572.1003> <Mlp= 2760.5314> <PB=10000000> 
<DWph=2> <it= 30> <et=18.29> <Mt= 0.01> <Spt= 0.04> <nCl=  4> <al=0.10> <DB= 2698.4043> <Mlp= 2760.5311> <PB=10000000> 
<DWph=2> <it= 31> <et=18.37> <Mt= 0.01> <Spt= 0.08> <nCl=  6> <al=0.00> <DB= 2697.5992> <Mlp= 2760.5269> <PB=10000000> 
<DWph=2> <it= 32> <et=18.42> <Mt= 0.00> <Spt= 0.04> <nCl=  2> <al=0.09> <DB= 2743.4389> <Mlp= 2760.5269> <PB=10000000> 
<DWph=2> <it= 33> <et=18.46> <Mt= 0.00> <Spt= 0.04> <nCl=  4> <al=0.00> <DB= 2320.6518> <Mlp= 2760.5269> <PB=10000000> 
<DWph=2> <it= 34> <et=18.52> <Mt= 0.01> <Spt= 0.05> <nCl=  6> <al=0.09> <DB= 2673.6746> <Mlp= 2760.4200> <PB=10000000> 
<DWph=2> <it= 35> <et=18.60> <Mt= 0.01> <Spt= 0.08> <nCl=  9> <al=0.00> <DB= 2727.1549> <Mlp= 2760.4200> <PB=10000000> 
<DWph=2> <it= 36> <et=18.65> <Mt= 0.00> <Spt= 0.04> <nCl=  1> <al=0.08> <DB= 2749.7159> <Mlp= 2760.4136> <PB=10000000> 
<DWph=2> <it= 37> <et=18.71> <Mt= 0.01> <Spt= 0.05> <nCl=  1> <al=0.18> <DB= 2743.6964> <Mlp= 2760.4133> <PB=10000000> 
<DWph=2> <it= 38> <et=18.81> <Mt= 0.00> <Spt= 0.10> <nCl=  6> <al=0.00> <DB= 2749.1655> <Mlp= 2760.4133> <PB=10000000> 
<DWph=2> <it= 39> <et=18.89> <Mt= 0.00> <Spt= 0.08> <nCl=  2> <al=0.00> <DB= 2645.9343> <Mlp= 2760.4133> <PB=10000000> 
<DWph=2> <it= 40> <et=18.99> <Mt= 0.01> <Spt= 0.09> <nCl=  3> <al=0.00> <DB= 2356.4192> <Mlp= 2760.4133> <PB=10000000> 
<DWph=2> <it= 41> <et=19.05> <Mt= 0.01> <Spt= 0.05> <nCl=  6> <al=0.00> <DB= 2438.2709> <Mlp= 2760.3646> <PB=10000000> 
<DWph=2> <it= 42> <et=19.11> <Mt= 0.00> <Spt= 0.05> <nCl=  5> <al=0.06> <DB= 2489.0946> <Mlp= 2760.3576> <PB=10000000> 
<DWph=2> <it= 43> <et=19.16> <Mt= 0.02> <Spt= 0.05> <nCl= 30> <al=0.00> <DB= 1797.7152> <Mlp= 2760.3170> <PB=10000000> 
<DWph=2> <it= 44> <et=19.22> <Mt= 0.00> <Spt= 0.05> <nCl= 20> <al=0.07> <DB= 2317.4771> <Mlp= 2760.3170> <PB=10000000> 
<DWph=2> <it= 45> <et=19.28> <Mt= 0.01> <Spt= 0.05> <nCl= 11> <al=0.16> <DB= 2609.6377> <Mlp= 2760.3169> <PB=10000000> 
<DWph=2> <it= 46> <et=19.32> <Mt= 0.00> <Spt= 0.04> <nCl=  8> <al=0.24> <DB= 2674.6694> <Mlp= 2760.3169> <PB=10000000> 
<DWph=2> <it= 47> <et=19.41> <Mt= 0.01> <Spt= 0.08> <nCl= 24> <al=0.00> <DB= 2522.4379> <Mlp= 2760.3169> <PB=10000000> 
<DWph=2> <it= 48> <et=19.46> <Mt= 0.00> <Spt= 0.05> <nCl=  7> <al=0.22> <DB= 2554.4239> <Mlp= 2760.3165> <PB=10000000> 
<DWph=2> <it= 49> <et=19.51> <Mt= 0.01> <Spt= 0.04> <nCl=  7> <al=0.30> <DB= 2657.6639> <Mlp= 2760.3165> <PB=10000000> 
<DWph=2> <it= 50> <et=19.56> <Mt= 0.00> <Spt= 0.04> <nCl=  3> <al=0.37> <DB= 2555.8126> <Mlp= 2760.3165> <PB=10000000> 
<DWph=2> <it= 51> <et=19.64> <Mt= 0.00> <Spt= 0.09> <nCl=  3> <al=0.00> <DB= 2534.8376> <Mlp= 2760.3165> <PB=10000000> 
<DWph=2> <it= 52> <et=19.69> <Mt= 0.01> <Spt= 0.04> <nCl=  4> <al=0.33> <DB= 2392.8898> <Mlp= 2760.3165> <PB=10000000> 
<DWph=2> <it= 53> <et=19.79> <Mt= 0.00> <Spt= 0.09> <nCl=  4> <al=0.00> <DB= 2601.6365> <Mlp= 2760.3165> <PB=10000000> 
<DWph=2> <it= 54> <et=19.85> <Mt= 0.01> <Spt= 0.06> <nCl=  3> <al=0.30> <DB= 2579.5079> <Mlp= 2760.3165> <PB=10000000> 
<DWph=2> <it= 55> <et=19.89> <Mt= 0.00> <Spt= 0.04> <nCl=  1> <al=0.37> <DB= 2760.3108> <Mlp= 2760.3165> <PB=10000000> 
<DWph=2> <it= 56> <et=19.99> <Mt= 0.01> <Spt= 0.09> <nCl=  0> <al=0.00> <DB= 2760.3165> <Mlp= 2760.3165> <PB=10000000> 
<DWph=1> <it= 57> <et=20.11> <Mt= 0.00> <Spt= 0.11> <nCl= 23> <al=0.17> <DB= 2322.0402> <Mlp= 2760.3165> <PB=10000000> 
<DWph=1> <it= 58> <et=20.24> <Mt= 0.01> <Spt= 0.12> <nCl= 11> <al=0.07> <DB= 2519.4796> <Mlp= 2760.2018> <PB=10000000> 
<DWph=1> <it= 59> <et=20.35> <Mt= 0.01> <Spt= 0.11> <nCl=  7> <al=0.16> <DB= 2545.9577> <Mlp= 2760.1983> <PB=10000000> 
<DWph=1> <it= 60> <et=20.47> <Mt= 0.00> <Spt= 0.11> <nCl=  8> <al=0.06> <DB= 2612.4981> <Mlp= 2760.1893> <PB=10000000> 
<DWph=1> <it= 61> <et=20.59> <Mt= 0.01> <Spt= 0.11> <nCl=  5> <al=0.00> <DB= 2690.5583> <Mlp= 2760.1855> <PB=10000000> 
<DWph=1> <it= 62> <et=20.70> <Mt= 0.01> <Spt= 0.11> <nCl=  5> <al=0.07> <DB= 2670.7556> <Mlp= 2760.1834> <PB=10000000> 
<DWph=1> <it= 63> <et=20.92> <Mt= 0.00> <Spt= 0.21> <nCl=  1> <al=0.00> <DB= 2760.1834> <Mlp= 2760.1834> <PB=10000000> 
    RCSP exact solver info for graph G_0 : TT = 0.295105, pt = 0.001067, dt = 0.28104, ct = 0.011583, ndl = 31498', bdl = 2710315', odl = 37256', odf = 507115', bsi = 1794', cnt = 378844', bdch = 26574730', odch = 2013907', lcp = 648209', #sols = 150
<DWph=0> <it= 64> <et=21.24> <Mt= 0.00> <Spt= 0.32> <nCl=150> <al=0.06> <DB= 2218.0342> <Mlp= 2760.1834> <PB=10000000> 
    RCSP exact solver info for graph G_0 : TT = 0.227226, pt = 0.0013, dt = 0.211952, ct = 0.012671, ndl = 31797', bdl = 2724342', odl = 37450', odf = 512131', bsi = 1744', cnt = 361398', bdch = 27264309', odch = 2107341', lcp = 616720', #sols = 150
<DWph=0> <it= 65> <et=21.51> <Mt= 0.03> <Spt= 0.24> <nCl=103> <al=0.15> <DB= 2429.2196> <Mlp= 2759.8177> <PB=10000000> 
    RCSP exact solver info for graph G_0 : TT = 0.241622, pt = 0.00143, dt = 0.222651, ct = 0.015976, ndl = 32111', bdl = 2739683', odl = 37655', odf = 521833', bsi = 1777', cnt = 392310', bdch = 27643872', odch = 2135894', lcp = 617062', #sols = 150
<DWph=0> <it= 66> <et=21.79> <Mt= 0.01> <Spt= 0.27> <nCl=126> <al=0.24> <DB= 2170.5326> <Mlp= 2759.7286> <PB=10000000> 
    RCSP exact solver info for graph G_0 : TT = 0.240828, pt = 0.001512, dt = 0.224679, ct = 0.012588, ndl = 32956', bdl = 2811458', odl = 37341', odf = 524017', bsi = 1768', cnt = 430186', bdch = 28762975', odch = 2282598', lcp = 654459', #sols = 150
<DWph=0> <it= 67> <et=22.05> <Mt= 0.01> <Spt= 0.25> <nCl= 39> <al=0.31> <DB= 2656.0247> <Mlp= 2759.7225> <PB=10000000> 
    RCSP exact solver info for graph G_0 : TT = 0.236857, pt = 0.001332, dt = 0.221372, ct = 0.012876, ndl = 33075', bdl = 2833483', odl = 37623', odf = 526589', bsi = 1744', cnt = 438861', bdch = 29078650', odch = 2301611', lcp = 660251', #sols = 150
<DWph=0> <it= 68> <et=22.31> <Mt= 0.01> <Spt= 0.25> <nCl= 48> <al=0.21> <DB= 2700.1303> <Mlp= 2759.7205> <PB=10000000> 
    RCSP exact solver info for graph G_0 : TT = 0.239034, pt = 0.001593, dt = 0.223316, ct = 0.012808, ndl = 33228', bdl = 2839761', odl = 37744', odf = 528125', bsi = 1740', cnt = 430293', bdch = 29325282', odch = 2297744', lcp = 662219', #sols = 150
<DWph=0> <it= 69> <et=22.57> <Mt= 0.01> <Spt= 0.25> <nCl= 26> <al=0.29> <DB= 2711.5807> <Mlp= 2759.7191> <PB=10000000> 
    RCSP exact solver info for graph G_0 : TT = 0.243646, pt = 0.001337, dt = 0.227707, ct = 0.01332, ndl = 33408', bdl = 2850659', odl = 37865', odf = 533202', bsi = 1742', cnt = 437097', bdch = 29587703', odch = 2322244', lcp = 666780', #sols = 150
    RCSP exact solver info for graph G_0 : TT = 0.220455, pt = 0.001007, dt = 0.204854, ct = 0.013225, ndl = 32092', bdl = 2749892', odl = 37349', odf = 515600', bsi = 1718', cnt = 370726', bdch = 27685731', odch = 2069311', lcp = 609396', #sols = 150
<DWph=0> <it= 70> <et=23.06> <Mt= 0.01> <Spt= 0.48> <nCl= 40> <al=0.00> <DB= 2759.7185> <Mlp= 2759.7185> <PB=10000000> 
RCSP solver dynamic params and stats :  bidir.bord. = 375 aver.obdmd = 98.3279 aver.buck.num. = 101 nbR1C = 41 with avMem = 11.0732
@@ 1 5 2759.72 0.240327 0.292623 92.5358 23.06
    Full reduced cost fixing is not called (gap ratio is 0.999998)
ColGenEvalAlg final dual bound: 2759.72 (rounded: 2760)
False gap improvement since the last cut separation : 0.031447 (2751.07)
Current active cuts : CAP(15,1048.04) R1C(9+32,39.2019) 1rowPackR1C(9) 3rowPackR1C(32)
Shrinking heuristic shrunk 39 edges
In total 5 RCC cut(s) are found by the greedy construction heuristic 
In total 7 RCC cut(s) are found by the global pool greedy search heuristic 
15 Rank-1 1-rows pack. cuts added ,  max viol. = 0.237271, aver. viol. = 0.0694633
150 Rank-1 3-rows pack. cuts added ,  max viol. = 0.261239, aver. viol. = 0.152676
----- Add fac. cuts : CAP(12) R1C(165), max.viol = 0.266187, aver.viol = 0.153011, sep/add took 0.0394502/0.435174 sec. -----
8751 columns (8751 active), 390 dyn. constrs. (235 active), 825 art. vars. (477 active)
<DWph=2> <it=  1> <et=23.76> <Mt= 0.13> <Spt= 0.06> <nCl= 30> <al=0.50> <DB= 2062.2164> <Mlp= 2766.9120> <PB=10000000> 
<DWph=2> <it=  2> <et=23.93> <Mt= 0.10> <Spt= 0.06> <nCl= 20> <al=0.55> <DB= 2478.8182> <Mlp= 2766.0422> <PB=10000000> 
<DWph=2> <it=  3> <et=24.04> <Mt= 0.06> <Spt= 0.06> <nCl= 15> <al=0.60> <DB= 2444.2546> <Mlp= 2765.7753> <PB=10000000> 
<DWph=2> <it=  4> <et=24.13> <Mt= 0.03> <Spt= 0.05> <nCl=  8> <al=0.64> <DB= 2761.8261> <Mlp= 2765.5006> <PB=10000000> 
<DWph=2> <it=  5> <et=24.20> <Mt= 0.02> <Spt= 0.06> <nCl= 30> <al=0.54> <DB= 1362.7583> <Mlp= 2765.3554> <PB=10000000> 
<DWph=2> <it=  6> <et=24.31> <Mt= 0.05> <Spt= 0.06> <nCl= 14> <al=0.58> <DB= 2444.5627> <Mlp= 2765.2156> <PB=10000000> 
<DWph=2> <it=  7> <et=24.40> <Mt= 0.03> <Spt= 0.06> <nCl= 11> <al=0.62> <DB= 2700.5002> <Mlp= 2765.0321> <PB=10000000> 
<DWph=2> <it=  8> <et=24.48> <Mt= 0.02> <Spt= 0.06> <nCl=  8> <al=0.66> <DB= 2717.7103> <Mlp= 2764.9049> <PB=10000000> 
<DWph=2> <it=  9> <et=24.54> <Mt= 0.00> <Spt= 0.05> <nCl=  6> <al=0.70> <DB= 2689.0454> <Mlp= 2764.8988> <PB=10000000> 
<DWph=2> <it= 10> <et=24.61> <Mt= 0.02> <Spt= 0.06> <nCl=  6> <al=0.73> <DB= 2762.6545> <Mlp= 2764.8463> <PB=10000000> 
<DWph=2> <it= 11> <et=24.68> <Mt= 0.00> <Spt= 0.06> <nCl= 10> <al=0.63> <DB= 2763.4748> <Mlp= 2764.8463> <PB=10000000> 
<DWph=2> <it= 12> <et=24.74> <Mt= 0.01> <Spt= 0.05> <nCl= 20> <al=0.53> <DB= 1725.7559> <Mlp= 2764.8463> <PB=10000000> 
<DWph=2> <it= 13> <et=24.80> <Mt= 0.00> <Spt= 0.06> <nCl=  8> <al=0.57> <DB= 2469.9165> <Mlp= 2764.8463> <PB=10000000> 
<DWph=2> <it= 14> <et=24.87> <Mt= 0.02> <Spt= 0.06> <nCl= 14> <al=0.62> <DB= 2079.7082> <Mlp= 2764.8277> <PB=10000000> 
<DWph=2> <it= 15> <et=24.94> <Mt= 0.01> <Spt= 0.05> <nCl=  3> <al=0.65> <DB= 2763.9425> <Mlp= 2764.8274> <PB=10000000> 
<DWph=2> <it= 16> <et=25.00> <Mt= 0.00> <Spt= 0.06> <nCl= 10> <al=0.55> <DB= 2402.5472> <Mlp= 2764.8274> <PB=10000000> 
<DWph=2> <it= 17> <et=25.06> <Mt= 0.01> <Spt= 0.06> <nCl=  4> <al=0.60> <DB= 2746.0507> <Mlp= 2764.8215> <PB=10000000> 
<DWph=2> <it= 18> <et=25.19> <Mt= 0.00> <Spt= 0.11> <nCl= 30> <al=0.28> <DB=  555.9166> <Mlp= 2764.8215> <PB=10000000> 
<DWph=2> <it= 19> <et=25.26> <Mt= 0.02> <Spt= 0.06> <nCl=  8> <al=0.54> <DB= 2607.8345> <Mlp= 2764.7950> <PB=10000000> 
<DWph=2> <it= 20> <et=25.32> <Mt= 0.00> <Spt= 0.06> <nCl= 14> <al=0.44> <DB= 2248.5671> <Mlp= 2764.7950> <PB=10000000> 
<DWph=2> <it= 21> <et=25.39> <Mt= 0.01> <Spt= 0.06> <nCl=  5> <al=0.50> <DB= 2375.7614> <Mlp= 2764.7841> <PB=10000000> 
<DWph=2> <it= 22> <et=25.46> <Mt= 0.01> <Spt= 0.05> <nCl=  7> <al=0.40> <DB= 2737.7433> <Mlp= 2764.7029> <PB=10000000> 
<DWph=2> <it= 23> <et=25.53> <Mt= 0.01> <Spt= 0.07> <nCl=  5> <al=0.46> <DB= 2444.4838> <Mlp= 2764.7029> <PB=10000000> 
<DWph=2> <it= 24> <et=25.60> <Mt= 0.00> <Spt= 0.07> <nCl=  6> <al=0.36> <DB= 2685.7446> <Mlp= 2764.6950> <PB=10000000> 
<DWph=2> <it= 25> <et=25.67> <Mt= 0.01> <Spt= 0.06> <nCl=  3> <al=0.42> <DB= 2462.7777> <Mlp= 2764.6743> <PB=10000000> 
<DWph=2> <it= 26> <et=25.74> <Mt= 0.01> <Spt= 0.06> <nCl=  2> <al=0.32> <DB= 2562.8722> <Mlp= 2764.6632> <PB=10000000> 
<DWph=2> <it= 27> <et=25.82> <Mt= 0.01> <Spt= 0.07> <nCl=  3> <al=0.39> <DB= 2589.9304> <Mlp= 2764.5988> <PB=10000000> 
<DWph=2> <it= 28> <et=25.95> <Mt= 0.01> <Spt= 0.11> <nCl= 32> <al=0.00> <DB= 1525.9042> <Mlp= 2764.5717> <PB=10000000> 
<DWph=2> <it= 29> <et=26.02> <Mt= 0.01> <Spt= 0.07> <nCl=  3> <al=0.35> <DB= 2749.4745> <Mlp= 2764.5496> <PB=10000000> 
<DWph=2> <it= 30> <et=26.15> <Mt= 0.01> <Spt= 0.12> <nCl=  9> <al=0.00> <DB= 2720.8057> <Mlp= 2764.5496> <PB=10000000> 
<DWph=2> <it= 31> <et=26.22> <Mt= 0.00> <Spt= 0.06> <nCl=  2> <al=0.15> <DB= 2732.7175> <Mlp= 2764.5496> <PB=10000000> 
<DWph=2> <it= 32> <et=26.28> <Mt= 0.01> <Spt= 0.05> <nCl=  1> <al=0.23> <DB= 2695.8648> <Mlp= 2764.5462> <PB=10000000> 
<DWph=2> <it= 33> <et=26.34> <Mt= 0.00> <Spt= 0.06> <nCl=  6> <al=0.13> <DB= 2120.1987> <Mlp= 2764.5462> <PB=10000000> 
<DWph=2> <it= 34> <et=26.40> <Mt= 0.01> <Spt= 0.06> <nCl=  3> <al=0.22> <DB= 2684.5550> <Mlp= 2764.5433> <PB=10000000> 
<DWph=2> <it= 35> <et=26.46> <Mt= 0.00> <Spt= 0.05> <nCl=  5> <al=0.30> <DB= 2751.6473> <Mlp= 2764.5433> <PB=10000000> 
<DWph=2> <it= 36> <et=26.53> <Mt= 0.01> <Spt= 0.06> <nCl=  2> <al=0.20> <DB= 2764.1801> <Mlp= 2764.5433> <PB=10000000> 
<DWph=2> <it= 37> <et=26.59> <Mt= 0.00> <Spt= 0.07> <nCl=  5> <al=0.28> <DB= 2760.1414> <Mlp= 2764.5431> <PB=10000000> 
<DWph=2> <it= 38> <et=26.67> <Mt= 0.01> <Spt= 0.06> <nCl=  6> <al=0.35> <DB= 2630.6717> <Mlp= 2764.5421> <PB=10000000> 
<DWph=2> <it= 39> <et=26.73> <Mt= 0.00> <Spt= 0.06> <nCl=  1> <al=0.42> <DB= 2759.0487> <Mlp= 2764.5421> <PB=10000000> 
<DWph=2> <it= 40> <et=26.86> <Mt= 0.01> <Spt= 0.12> <nCl=  7> <al=0.00> <DB= 2764.5421> <Mlp= 2764.5421> <PB=10000000> 
<DWph=1> <it= 41> <et=26.99> <Mt= 0.00> <Spt= 0.13> <nCl= 21> <al=0.37> <DB= 2362.2929> <Mlp= 2764.5421> <PB=10000000> 
<DWph=1> <it= 42> <et=27.13> <Mt= 0.02> <Spt= 0.13> <nCl=  8> <al=0.44> <DB= 2283.1270> <Mlp= 2764.4579> <PB=10000000> 
<DWph=1> <it= 43> <et=27.27> <Mt= 0.01> <Spt= 0.12> <nCl= 11> <al=0.49> <DB= 2466.9726> <Mlp= 2764.4517> <PB=10000000> 
<DWph=1> <it= 44> <et=27.40> <Mt= 0.00> <Spt= 0.13> <nCl=  9> <al=0.54> <DB= 2623.9078> <Mlp= 2764.4416> <PB=10000000> 
<DWph=1> <it= 45> <et=27.53> <Mt= 0.01> <Spt= 0.13> <nCl=  8> <al=0.59> <DB= 2647.3148> <Mlp= 2764.4384> <PB=10000000> 
<DWph=1> <it= 46> <et=27.67> <Mt= 0.01> <Spt= 0.12> <nCl=  6> <al=0.63> <DB= 2617.7199> <Mlp= 2764.4183> <PB=10000000> 
<DWph=1> <it= 47> <et=27.93> <Mt= 0.01> <Spt= 0.25> <nCl=  4> <al=0.33> <DB= 2733.1588> <Mlp= 2764.4183> <PB=10000000> 
<DWph=1> <it= 48> <et=28.07> <Mt= 0.01> <Spt= 0.13> <nCl=  3> <al=0.57> <DB= 2746.1663> <Mlp= 2764.4183> <PB=10000000> 
<DWph=1> <it= 49> <et=28.20> <Mt= 0.00> <Spt= 0.13> <nCl=  1> <al=0.47> <DB= 2755.8859> <Mlp= 2764.4183> <PB=10000000> 
<DWph=1> <it= 50> <et=28.45> <Mt= 0.01> <Spt= 0.25> <nCl=  2> <al=0.00> <DB= 2764.4183> <Mlp= 2764.4183> <PB=10000000> 
    RCSP exact solver info for graph G_0 : TT = 0.390875, pt = 0.001454, dt = 0.366862, ct = 0.021284, ndl = 47304', bdl = 3939847', odl = 45260', odf = 733525', bsi = 1863', cnt = 766792', bdch = 51443614', odch = 4702896', lcp = 1179089', #sols = 150
<DWph=0> <it= 51> <et=28.88> <Mt= 0.00> <Spt= 0.42> <nCl=150> <al=0.27> <DB= 2025.8263> <Mlp= 2764.4183> <PB=10000000> 
    RCSP exact solver info for graph G_0 : TT = 0.398945, pt = 0.002053, dt = 0.373303, ct = 0.022126, ndl = 47788', bdl = 3970363', odl = 44517', odf = 717940', bsi = 2004', cnt = 858128', bdch = 51706889', odch = 4413015', lcp = 1240466', #sols = 150
<DWph=0> <it= 52> <et=29.56> <Mt= 0.25> <Spt= 0.43> <nCl=150> <al=0.17> <DB= 2253.6438> <Mlp= 2763.5817> <PB=10000000> 
    RCSP exact solver info for graph G_0 : TT = 0.442547, pt = 0.002209, dt = 0.413511, ct = 0.025511, ndl = 50096', bdl = 4130187', odl = 44659', odf = 757467', bsi = 2003', cnt = 959461', bdch = 55260117', odch = 4925085', lcp = 1299877', #sols = 150
<DWph=0> <it= 53> <et=30.09> <Mt= 0.07> <Spt= 0.46> <nCl=108> <al=0.25> <DB= 2291.3822> <Mlp= 2763.2490> <PB=10000000> 
    RCSP exact solver info for graph G_0 : TT = 0.41396, pt = 0.002418, dt = 0.387362, ct = 0.022757, ndl = 47459', bdl = 3938055', odl = 44697', odf = 724639', bsi = 1929', cnt = 850169', bdch = 50652050', odch = 4391608', lcp = 1188940', #sols = 150
<DWph=0> <it= 54> <et=30.56> <Mt= 0.03> <Spt= 0.44> <nCl= 90> <al=0.33> <DB= 2402.3609> <Mlp= 2763.2183> <PB=10000000> 
    RCSP exact solver info for graph G_0 : TT = 0.425624, pt = 0.00234, dt = 0.398123, ct = 0.023739, ndl = 47949', bdl = 3987882', odl = 44941', odf = 729713', bsi = 1954', cnt = 862339', bdch = 51794119', odch = 4411576', lcp = 1193974', #sols = 150
<DWph=0> <it= 55> <et=31.01> <Mt= 0.01> <Spt= 0.44> <nCl= 26> <al=0.39> <DB= 2621.3658> <Mlp= 2763.2152> <PB=10000000> 
    RCSP exact solver info for graph G_0 : TT = 0.430922, pt = 0.002405, dt = 0.403594, ct = 0.023456, ndl = 48143', bdl = 4005428', odl = 44807', odf = 732265', bsi = 1939', cnt = 877220', bdch = 52168988', odch = 4464278', lcp = 1203569', #sols = 150
<DWph=0> <it= 56> <et=31.46> <Mt= 0.01> <Spt= 0.44> <nCl= 29> <al=0.29> <DB= 2597.4068> <Mlp= 2763.2152> <PB=10000000> 
    RCSP exact solver info for graph G_0 : TT = 0.431506, pt = 0.002558, dt = 0.4034, ct = 0.024016, ndl = 48567', bdl = 4035517', odl = 45021', odf = 739128', bsi = 1949', cnt = 879210', bdch = 52916790', odch = 4548638', lcp = 1218996', #sols = 150
<DWph=0> <it= 57> <et=31.91> <Mt= 0.00> <Spt= 0.44> <nCl=  8> <al=0.36> <DB= 2711.6126> <Mlp= 2763.2152> <PB=10000000> 
    RCSP exact solver info for graph G_0 : TT = 2.37006, pt = 0.002384, dt = 2.342, ct = 0.024228, ndl = 48755', bdl = 4049526', odl = 45028', odf = 741986', bsi = 1946', cnt = 884133', bdch = 53302080', odch = 4584761', lcp = 1223303', #sols = 150
<DWph=0> <it= 58> <et=32.36> <Mt= 0.01> <Spt= 0.45> <nCl= 10> <al=0.26> <DB= 2749.6033> <Mlp= 2763.2152> <PB=10000000> 
    RCSP exact solver info for graph G_0 : TT = 0.424275, pt = 0.00243, dt = 0.397144, ct = 0.023247, ndl = 48436', bdl = 4024792', odl = 44873', odf = 738101', bsi = 1913', cnt = 886659', bdch = 52530366', odch = 4512805', lcp = 1209050', #sols = 150
    RCSP exact solver info for graph G_0 : TT = 0.368954, pt = 0.001593, dt = 0.343458, ct = 0.022412, ndl = 47894', bdl = 3977479', odl = 44532', odf = 729329', bsi = 1938', cnt = 871322', bdch = 51552787', odch = 4393254', lcp = 1179705', #sols = 150
<DWph=0> <it= 59> <et=33.18> <Mt= 0.00> <Spt= 0.81> <nCl= 48> <al=0.00> <DB= 2763.2152> <Mlp= 2763.2152> <PB=10000000> 
RCSP solver dynamic params and stats :  bidir.bord. = 375 aver.obdmd = 98.3279 aver.buck.num. = 101 nbR1C = 63 with avMem = 11.7778
@@ 1 6 2763.22 0.606154 2.36623 92.5358 33.18
    Full reduced cost fixing is not called (gap ratio is 0.999998)
ColGenEvalAlg final dual bound: 2763.22 (rounded: 2764)
False gap improvement since the last cut separation : 0.0126705 (2759.72)
Separator R1C not in maximum phase
Cut generation tailing off counter increased to 0
Current active cuts : CAP(12,930.001) R1C(12+51,102.103) 1rowPackR1C(12) 3rowPackR1C(51)
Shrinking heuristic shrunk 39 edges
In total 5 RCC cut(s) are found by the Fractional capacity min-cut heuristic 
In total 4 RCC cut(s) are found by the greedy construction heuristic 
In total 6 RCC cut(s) are found by the global pool greedy search heuristic 
5 Rank-1 1-rows pack. cuts added ,  max viol. = 0.0304694, aver. viol. = 0.0268135
150 Rank-1 3-rows pack. cuts added ,  max viol. = 0.23495, aver. viol. = 0.13072
Building structures for heuristic rank-1 packing cut separation...done!
100 Rank-1 4-rows pack. cuts added ,  max viol. = 0.398326, aver. viol. = 0.0985199
----- Add fac. cuts : CAP(15) R1C(255), max.viol = 0.450361, aver.viol = 0.116807, sep/add took 0.0843509/0.734857 sec. -----
9825 columns (9825 active), 514 dyn. constrs. (348 active), 1095 art. vars. (590 active)
<DWph=2> <it=  1> <et=34.25> <Mt= 0.12> <Spt= 0.07> <nCl= 10> <al=0.50> <DB= 2638.4452> <Mlp= 2764.9883> <PB=10000000> 
<DWph=2> <it=  2> <et=34.34> <Mt= 0.03> <Spt= 0.06> <nCl= 10> <al=0.55> <DB= 2606.1558> <Mlp= 2764.9492> <PB=10000000> 
<DWph=2> <it=  3> <et=34.43> <Mt= 0.03> <Spt= 0.06> <nCl=  2> <al=0.60> <DB= 2763.9060> <Mlp= 2764.9208> <PB=10000000> 
<DWph=2> <it=  4> <et=34.51> <Mt= 0.01> <Spt= 0.07> <nCl= 30> <al=0.50> <DB=  522.7630> <Mlp= 2764.9202> <PB=10000000> 
<DWph=2> <it=  5> <et=34.58> <Mt= 0.01> <Spt= 0.07> <nCl= 12> <al=0.55> <DB= 2651.6991> <Mlp= 2764.9202> <PB=10000000> 
<DWph=2> <it=  6> <et=34.85> <Mt= 0.11> <Spt= 0.15> <nCl= 20> <al=0.18> <DB= 2462.7030> <Mlp= 2764.7634> <PB=10000000> 
<DWph=2> <it=  7> <et=34.95> <Mt= 0.02> <Spt= 0.08> <nCl=  7> <al=0.49> <DB= 2688.2087> <Mlp= 2764.7115> <PB=10000000> 
<DWph=2> <it=  8> <et=35.03> <Mt= 0.02> <Spt= 0.06> <nCl=  8> <al=0.39> <DB= 2685.8626> <Mlp= 2764.6821> <PB=10000000> 
<DWph=2> <it=  9> <et=35.23> <Mt= 0.13> <Spt= 0.07> <nCl=  5> <al=0.45> <DB= 2741.6090> <Mlp= 2764.6351> <PB=10000000> 
<DWph=2> <it= 10> <et=35.32> <Mt= 0.01> <Spt= 0.07> <nCl=  3> <al=0.51> <DB= 2630.0826> <Mlp= 2764.6345> <PB=10000000> 
<DWph=2> <it= 11> <et=35.39> <Mt= 0.01> <Spt= 0.07> <nCl=  1> <al=0.56> <DB= 2747.5979> <Mlp= 2764.6345> <PB=10000000> 
<DWph=2> <it= 12> <et=35.53> <Mt= 0.01> <Spt= 0.14> <nCl=  9> <al=0.20> <DB= 2615.2864> <Mlp= 2764.6344> <PB=10000000> 
<DWph=2> <it= 13> <et=35.62> <Mt= 0.01> <Spt= 0.07> <nCl=  1> <al=0.50> <DB= 2740.1724> <Mlp= 2764.6286> <PB=10000000> 
<DWph=2> <it= 14> <et=35.76> <Mt= 0.01> <Spt= 0.13> <nCl= 13> <al=0.10> <DB= 2685.1628> <Mlp= 2764.6286> <PB=10000000> 
<DWph=2> <it= 15> <et=35.85> <Mt= 0.00> <Spt= 0.08> <nCl=  4> <al=0.45> <DB= 2745.5027> <Mlp= 2764.6277> <PB=10000000> 
<DWph=2> <it= 16> <et=35.93> <Mt= 0.01> <Spt= 0.08> <nCl=  1> <al=0.51> <DB= 2737.2365> <Mlp= 2764.6273> <PB=10000000> 
<DWph=2> <it= 17> <et=36.10> <Mt= 0.01> <Spt= 0.16> <nCl=  8> <al=0.11> <DB= 2680.2581> <Mlp= 2764.6273> <PB=10000000> 
<DWph=2> <it= 18> <et=36.26> <Mt= 0.01> <Spt= 0.15> <nCl=  5> <al=0.00> <DB= 2756.6928> <Mlp= 2764.6270> <PB=10000000> 
<DWph=2> <it= 19> <et=36.40> <Mt= 0.00> <Spt= 0.13> <nCl=  1> <al=0.00> <DB= 2764.6270> <Mlp= 2764.6270> <PB=10000000> 
<DWph=1> <it= 20> <et=36.54> <Mt= 0.01> <Spt= 0.14> <nCl= 10> <al=0.25> <DB= 2434.4348> <Mlp= 2764.6270> <PB=10000000> 
<DWph=1> <it= 21> <et=36.68> <Mt= 0.01> <Spt= 0.13> <nCl=  8> <al=0.15> <DB= 2650.7688> <Mlp= 2764.6153> <PB=10000000> 
<DWph=1> <it= 22> <et=36.85> <Mt= 0.02> <Spt= 0.14> <nCl= 11> <al=0.05> <DB= 2599.4492> <Mlp= 2764.5780> <PB=10000000> 
<DWph=1> <it= 23> <et=37.01> <Mt= 0.02> <Spt= 0.13> <nCl=  3> <al=0.15> <DB= 2659.4323> <Mlp= 2764.5609> <PB=10000000> 
<DWph=1> <it= 24> <et=37.16> <Mt= 0.00> <Spt= 0.14> <nCl=  2> <al=0.23> <DB= 2734.6935> <Mlp= 2764.5609> <PB=10000000> 
<DWph=1> <it= 25> <et=37.44> <Mt= 0.00> <Spt= 0.29> <nCl=  2> <al=0.00> <DB= 2716.9249> <Mlp= 2764.5609> <PB=10000000> 
<DWph=1> <it= 26> <et=37.74> <Mt= 0.01> <Spt= 0.28> <nCl=  0> <al=0.00> <DB= 2764.5609> <Mlp= 2764.5609> <PB=10000000> 
    RCSP exact solver info for graph G_0 : TT = 0.57779, pt = 0.001832, dt = 0.540627, ct = 0.033782, ndl = 62171', bdl = 5085281', odl = 53292', odf = 940454', bsi = 2058', cnt = 2150620', bdch = 84261664', odch = 8008353', lcp = 2301337', #sols = 150
<DWph=0> <it= 27> <et=38.36> <Mt= 0.00> <Spt= 0.62> <nCl=150> <al=0.11> <DB= 2346.3944> <Mlp= 2764.5609> <PB=10000000> 
Shrinking heuristic shrunk 111 edges
<DWph=0> <it= 28> <et=38.99> <Mt= 0.64> <Spt= 0.00> <nCl=  0> <al=0.01> <DB= 2763.2152> <Mlp= 2764.0000> <PB=2764> 
RCSP solver dynamic params and stats :  bidir.bord. = 375 aver.obdmd = 98.3279 aver.buck.num. = 101 nbR1C = 73 with avMem = 12.863
@@ 1 7 2763.22 0.574409 0.574409 92.5358 38.99
ColGenEvalAlg final dual bound: 2763.22 (rounded: 2764)
Gap improvement since the last cut separation : 1 (2763.22)
Current active cuts : CAP(15,1209.84) R1C(10+75,123.827) 1rowPackR1C(10) 3rowPackR1C(58) 4rowPackR1C(17)
New model incumbent solution 2764, TIME = 0h0m39s5t = 3905
************************************************************************************************
Search is finished, global bounds : [ 2764 , 2764 ], TIME = 0h0m39s5t = 3905
************************************************************************************************
[32mBaPCod : solution defined.[00m
statistics_cols: instance & :Optimal & cutoff & :bcRecRootDb & :bcTimeRootEval & :bcCountNodeProc & :bcRecBestDb & :bcRecBestInc & :bcTimeMain \\
statistics: instance_34-triangle & 1 & 1.0e7 & 2764.00 & 39.05 & 1 & 2764.00 & 2764 & 39.05 \\
########################################################
Route #1: 4 
Route #2: 12 3 7 15 93 26 31 95 111 116 70 67 63 
Route #3: 13 41 38 60 74 44 86 27 115 82 35 11 61 71 45 47 
Route #4: 14 96 28 10 66 108 5 113 37 89 62 100 18 76 110 
Route #5: 20 23 9 51 29 59 54 119 84 19 55 90 109 52 92 39 56 
Route #6: 48 6 24 2 81 57 49 88 32 68 36 64 
Route #7: 50 98 104 33 114 42 120 106 79 21 94 69 99 22 1 75 
Route #8: 72 46 118 91 83 25 117 78 30 43 101 97 58 65 77 
Route #9: 85 87 40 16 73 53 107 112 8 34 103 80 17 102 105 
Cost 2764
########################################################

end_time=2026-04-20 01:09:35
exit_code=0
