instance_file=/mnt/c/Users/porin/OneDrive/Documentos/Python-Mestrado/Modelagem Matemática/Programação Inteira - Uchoa/Problema VRPRDL/instancias_turco/VRPRDL-triangle/vrp_convertidos/instance_28-triangle.vrp
instance_name=instance_28-triangle
start_time=2026-04-19 23:18:24

  Activating project at `~/VRPSolver/VRPSolverDemos`
Application parameters:
  batch  =>  nothing
  instance  =>  "/mnt/c/Users/porin/OneDrive/Documentos/Python-Mestrado/Modelagem Matemática/Programação Inteira - Uchoa/Problema VRPRDL/instancias_turco/VRPRDL-triangle/vrp_convertidos/instance_28-triangle.vrp"
  noround  =>  false
  cfg  =>  "/home/poringman/VRPSolver/VRPSolverDemos/src/../config/CVRP.cfg"
  edge_cuts  =>  false
  out  =>  nothing
  ub  =>  1.0e7
  cluster_branching  =>  1.0
  sol  =>  nothing
  single_resource  =>  false
  strong_kpath_cuts  =>  false
  tikz  =>  nothing
  maxr  =>  999
  update  =>  false
  show_complete_form  =>  false
  nosolve  =>  false
  minr  =>  1
  low_edge_priority  =>  false
~~~~~~~~~~~~~~~~~~~~~~~~~~~~~~~~~~~~~~~~~~~~~~~~~~~~~~~~~~~~~~~~~~~~~~~~~~~~~~~~~~~~~
GIT VERSION RCSP: 
GIT BRANCH: 
~~~~~~~~~~~~~~~~~~~~~~~~~~~~~~~~~~~~~~~~~~~~~~~~~~~~~~~~~~~~~~~~~~~~~~~~~~~~~~~~~~~~~
VRPSolver v0.6.16, 10/11/2025, © Inria Bordeaux, France, vrpsolver.math.u-bordeaux.fr
      Corresponds to the solver by Pessoa, Sadykov, Uchoa and Vanderbeck (2020)
                 Paper: dx.doi.org/10.1007/s10107-020-01523-z
~~~~~~~~~~~~~~~~~~~~~~~~~~~~~~~~~~~~~~~~~~~~~~~~~~~~~~~~~~~~~~~~~~~~~~~~~~~~~~~~~~~~~
GIT VERSION BAPCOD: a7cb21f19424236c9d0da5dcf94961797a519470
GIT BRANCH: main
~~~~~~~~~~~~~~~~~~~~~~~~~~~~~~~~~~~~~~~~~~~~~~~~~~~~~~~~~~~~~~~~~~~~~~~~~~~~~~~~~~~~~
   BaPCod v0.84, 10/11/2025, © Inria Bordeaux, France, bapcod.math.u-bordeaux.fr 
           THIS CODE IS PROVIDED AS IS, USE IT AT YOUR OWN RISK
~~~~~~~~~~~~~~~~~~~~~~~~~~~~~~~~~~~~~~~~~~~~~~~~~~~~~~~~~~~~~~~~~~~~~~~~~~~~~~~~~~~~~
--- MAIN PARAMETERS ---
GlobalTimeLimitInTick = 2147483645
GlobalTimeLimit = 21474836
ClockType = 0
MaxNbOfBBtreeNodeTreated = 100000
optimalityGapTolerance = 1e-06
relOptimalityGapTolerance = 1e-09
ApplyPreprocessing = false
PreprocessVariablesLocalBounds = false
treeSearchStrategy = 1
OpenNodesLimit = 1000
DEFAULTPRINTLEVEL = 0
--- MIP SOLVER PARAMETERS ---
solverName = CPLEX_SOLVER
MipSolverMaxBBNodes = 2000000
MipSolverMaxTime = 360000
MipSolverMultiThread = 1
--- COLUMN GENERATION PARAMETERS ---
SolverSelectForMast = a
  colGenSubProbSolMode = customSolver
mastInitMode = localArtCol
ArtVarPenaltyUpdateFactor = 2
ArtVarMaxNbOfPenaltyUpdates = 5
MaxNbOfStagesInColGenProcedure = 3
GenerateProperColumns = false
InsertAllGeneratedColumnsInFormRatherThanInPool = true
InsertNewNonNegColumnsDirectlyInFormRatherThanInPool = true
ColumnCleanupThreshold = 10000
ColumnCleanupRatio = 0.66
ReducedCostFixingThreshold = 0.9
--- CUT GENERATION PARAMETERS ---
MasterCuttingPlanesDepthLimit = 1000
MaxNbOfCutGeneratedAtEachIter = 1000
CutTailingOffThreshold = 0.015
CutTailingOffCounterThreshold = 3
CutCleanupThreshold = 1
CutCleanupRatio = 0.66
ColGenSpRelaxationImprovementPriority = 0
--- STABILIZATION PARAMETERS ---
colGenDualPriceSmoothingAlphaFactor = 1
colGenDualPriceSmoothingBetaFactor = 0
colGenStabilizationFunctionType = none
colGenProximalStabilizationRule = undefined
StabilFuncKappa = 1
colGenStabilizationMaxTreeDepth = 10000
StabilizationMinPhaseOfStage = 0
--- PRIMAL HEURISTIC PARAMETERS ---
UseInitialPrimalHeur = false
MaxTimeForRestrictedMasterIpHeur = -1
CallFrequencyOfRestrictedMasterIpHeur = 5
MIPemphasisInRestrictedMasterIpHeur = 1
PolishingAfterTimeInRestrictedMasterIpHeur = -1
DivingHeurUseDepthLimit = -1
CallFrequencyOfDivingHeur = 1
LeastFractional
Closest2RoundUp
LeastGreedyCost
LeastCost
FixIntValBeforeRoundingHeur = true
MaxNbOfCgIteDuringRh = 5000
MaxLDSbreadth = 0
MaxLDSdepth = 0
DivingHeurStopsWithFirstFeasSol = false
DivingHeurPreprocessBeforeChoosingVar = false
StrongDivingCandidatesNumber = 1
EvalAlgParamsInDiving = max#cand. = 1 max#cg.iters = 10000 min.lvl.sp.restr. = 1 min#cut.rounds = 0 max#cut.rounds = 0 red.cost.fix&enum. = false tree.size.ratio = 1
LocalSearchHeurUseDepthLimit = -1
LeastFractional
Closest2RoundUp
LeastGreedyCost
LeastCost
MaxFactorOfColFixedByLocalSearchHeur = 0.8
MaxLocalSearchIterationCounter = 3
--- STRONG BRANCHING PARAMETERS ---
SimplifiedStrongBranchingParameterisation = true
StrongBranchingPhaseOneCandidatesNumber = 100
StrongBranchingPhaseOneTreeSizeEstimRatio = 0.2
StrongBranchingPhaseTwoCandidatesNumber = 3
StrongBranchingPhaseTwoTreeSizeEstimRatio = 0.02
SafeDualBoundScaleFactor = -1
StrongBranchingPhaseOne = max#cand. = 100 max#cg.iters = 0 min.lvl.sp.restr. = 0 min#cut.rounds = 0 max#cut.rounds = 0 red.cost.fix&enum. = false tree.size.ratio = 0.2
StrongBranchingPhaseTwo = max#cand. = 3 max#cg.iters = 10000 min.lvl.sp.restr. = 1 min#cut.rounds = 0 max#cut.rounds = 0 red.cost.fix&enum. = false tree.size.ratio = 0.02
StrongBranchingPhaseThree = max#cand. = 1 max#cg.iters = 10000 min.lvl.sp.restr. = 0 min#cut.rounds = 0 max#cut.rounds = 10000 red.cost.fix&enum. = true tree.size.ratio = 1
StrongBranchingPhaseFour =not active
--- DEBUG OUTPUT PARAMETERS ---
printMasterPrimalSols = 0
--- VRPSOLVER PARAMETERS ---
RCSPstopCutGenTimeThresholdInPricing = 10
RCSPhardTimeThresholdInPricing = 25
RCSPredCostFixingTimeThreshold = 100
RCSPnumberOfBucketsPerVertex = 25
RCSPdynamicBucketSteps = 1
RCSPuseBidirectionalSearch = 2
RCSPapplyReducedCostFixing = 1
RCSPmaxNumOfColsPerIteration = 30
RCSPmaxNumOfColsPerExactIteration = 150
RCSPmaxNumOfLabelsInEnumeration = 500000
RCSPmaxNumOfLabelsInHeurEnumeration = 0
RCSPmaxNumOfEnumeratedSolutions = 5000000
RCSPmaxNumOfEnumSolutionsForMIP = 10000
RCSPmaxNumOfEnumSolsForEndOfNodeMIP = 10000
RCSPinitNGneighbourhoodSize = 8
RCSPmaxNGneighbourhoodSize = 8
RCSPrankOneCutsMaxNumRows = 5
RCSPrankOneCutsMaxNumPerRound = 100
RCSPrankOneCutsMemoryType = 0
RCSPrankOneCutsLSnumIterations = 1000
RCSPallowRoutesWithSameVerticesSet = true
RCSPredCostFixingFalseGap = 0
SafeDualBoundScaleFactor = -1
RCSPmaxNumOfLabelsInHeurEnumeration = 0
MaxNumEnumSolsInRestrictedMasterIpHeur = 5000

prName & bcTimeMain \\ 
New model incumbent solution 1e+07, TIME = 0h0m0s43t = 43
RCSP solver info : size of non-robust cut bitmask in a label is 640 bits
Bucket steps were recalculated for graph G_0 : [30]
RCSP solver info : symmetric case is detected for graph G_0! 
Bidirectional border value is initialised to 375
RCSP solver info : number of forw. reachable buckets / buck. strongly connected components is 1573( 97.5806% ) / 1073( 68.2136% )
RCSP solver info: std. label size is 56, ext. label size is 136
Generating neighbourhoods for rank-1 cuts separation
Building structures for 4- and 5-row rank-1 packing cut separation...done!
Model is built TIME = 0h0m0s45t = 45
************************************************************************************************
**** BaB tree root node
**** Local DB = -1e+12, global bounds : [ -1e+12 , 1e+07 ], TIME = 0h0m0s45t = 45
**** 1 open nodes, 0 columns (0 active), 0 dyn. constrs. (0 active), 122 art. vars. (122 active)
************************************************************************************************
--------------------------------------------------------------------------
BaPCod info : first we run the root node with rank-1 cuts with node memory
--------------------------------------------------------------------------
#<DWph=2> <it=  1> <et=0.45> <Mt= 0.00> <Spt= 0.00> <nCl= 30> <al=0.00> <DB=-37439929920.0000> <Mlp=1488000000.0000> <PB=10000000> 
#<DWph=2> <it=  2> <et=0.45> <Mt= 0.00> <Spt= 0.00> <nCl= 30> <al=0.55> <DB=-33448358129.6250> <Mlp=1398000200.8333> <PB=10000000> 
#<DWph=2> <it=  3> <et=0.46> <Mt= 0.00> <Spt= 0.00> <nCl= 30> <al=0.45> <DB=-33219458242.5634> <Mlp=1340000503.2143> <PB=10000000> 
#<DWph=2> <it=  4> <et=0.46> <Mt= 0.00> <Spt= 0.01> <nCl= 30> <al=0.51> <DB=-33287638805.1200> <Mlp=1250600928.4333> <PB=10000000> 
#<DWph=2> <it=  5> <et=0.46> <Mt= 0.00> <Spt= 0.00> <nCl= 30> <al=0.55> <DB=-31549581150.3680> <Mlp=1193658707.1714> <PB=10000000> 
#<DWph=2> <it=  6> <et=0.47> <Mt= 0.00> <Spt= 0.00> <nCl= 30> <al=0.60> <DB=-25402892584.2373> <Mlp=1173208814.7574> <PB=10000000> 
#<DWph=2> <it=  7> <et=0.47> <Mt= 0.00> <Spt= 0.01> <nCl= 30> <al=0.50> <DB=-25450124692.4790> <Mlp=1083737240.5344> <PB=10000000> 
#<DWph=2> <it=  8> <et=0.47> <Mt= 0.00> <Spt= 0.00> <nCl= 30> <al=0.55> <DB=-24087502420.7973> <Mlp=988494490.4833> <PB=10000000> 
#<DWph=2> <it=  9> <et=0.48> <Mt= 0.00> <Spt= 0.00> <nCl= 30> <al=0.59> <DB=-23998996675.1612> <Mlp=957292022.1133> <PB=10000000> 
#<DWph=2> <it= 10> <et=0.48> <Mt= 0.00> <Spt= 0.01> <nCl= 30> <al=0.63> <DB=-22579042605.2159> <Mlp=912606912.2321> <PB=10000000> 
#<DWph=2> <it= 11> <et=0.48> <Mt= 0.00> <Spt= 0.00> <nCl= 30> <al=0.67> <DB=-22164186415.2254> <Mlp=789216796.7126> <PB=10000000> 
#<DWph=2> <it= 12> <et=0.49> <Mt= 0.00> <Spt= 0.00> <nCl= 30> <al=0.57> <DB=-20787737472.7676> <Mlp=704181369.1155> <PB=10000000> 
#<DWph=2> <it= 13> <et=0.49> <Mt= 0.00> <Spt= 0.00> <nCl= 30> <al=0.61> <DB=-18466708517.7171> <Mlp=623447973.2115> <PB=10000000> 
#<DWph=2> <it= 14> <et=0.49> <Mt= 0.00> <Spt= 0.01> <nCl= 30> <al=0.51> <DB=-19160857487.9334> <Mlp=534383168.6823> <PB=10000000> 
#<DWph=2> <it= 15> <et=0.50> <Mt= 0.00> <Spt= 0.00> <nCl= 30> <al=0.56> <DB=-17534446329.5152> <Mlp=449033437.7460> <PB=10000000> 
#<DWph=2> <it= 16> <et=0.50> <Mt= 0.00> <Spt= 0.00> <nCl= 30> <al=0.61> <DB=-19413842707.6222> <Mlp=294796925.0346> <PB=10000000> 
#<DWph=2> <it= 17> <et=0.51> <Mt= 0.00> <Spt= 0.00> <nCl= 30> <al=0.65> <DB=-16685545799.9313> <Mlp=242042050.5007> <PB=10000000> 
#<DWph=2> <it= 18> <et=0.51> <Mt= 0.00> <Spt= 0.01> <nCl= 30> <al=0.68> <DB=-16893174108.5550> <Mlp=206425760.2538> <PB=10000000> 
#<DWph=2> <it= 19> <et=0.51> <Mt= 0.01> <Spt= 0.00> <nCl= 30> <al=0.71> <DB=-14644012129.7820> <Mlp=170138071.6612> <PB=10000000> 
#<DWph=2> <it= 20> <et=0.52> <Mt= 0.00> <Spt= 0.00> <nCl= 30> <al=0.61> <DB=-15261789588.8463> <Mlp=152002117.6581> <PB=10000000> 
#<DWph=2> <it= 21> <et=0.52> <Mt= 0.00> <Spt= 0.01> <nCl= 30> <al=0.65> <DB=-14007596136.9217> <Mlp=114392194.5392> <PB=10000000> 
#<DWph=2> <it= 22> <et=0.52> <Mt= 0.00> <Spt= 0.00> <nCl= 30> <al=0.55> <DB=-12628518578.8115> <Mlp=53655274.8859> <PB=10000000> 
#<DWph=2> <it= 23> <et=0.53> <Mt= 0.00> <Spt= 0.00> <nCl= 30> <al=0.45> <DB=-8467833456.6703> <Mlp=8331009.7565> <PB=10000000> 
#<DWph=2> <it= 24> <et=0.53> <Mt= 0.00> <Spt= 0.00> <nCl= 30> <al=0.35> <DB=-2531765860.1553> <Mlp=709854.7442> <PB=10000000> 
#<DWph=2> <it= 25> <et=0.54> <Mt= 0.00> <Spt= 0.01> <nCl= 30> <al=0.25> <DB=-226921291.5792> <Mlp=616947.9546> <PB=10000000> 
#<DWph=2> <it= 26> <et=0.54> <Mt= 0.00> <Spt= 0.00> <nCl= 30> <al=0.15> <DB=-44965698.5519> <Mlp=534541.9075> <PB=10000000> 
<DWph=2> <it= 27> <et=0.55> <Mt= 0.01> <Spt= 0.00> <nCl= 30> <al=0.00> <DB=-245396.5170> <Mlp= 5523.4830> <PB=10000000> 
<DWph=2> <it= 28> <et=0.55> <Mt= 0.00> <Spt= 0.00> <nCl= 30> <al=0.00> <DB=-154642.2327> <Mlp= 5329.3655> <PB=10000000> 
<DWph=2> <it= 29> <et=0.55> <Mt= 0.00> <Spt= 0.01> <nCl= 30> <al=0.06> <DB=-130494.5249> <Mlp= 5150.2348> <PB=10000000> 
<DWph=2> <it= 30> <et=0.56> <Mt= 0.00> <Spt= 0.00> <nCl= 30> <al=0.15> <DB=-101739.9245> <Mlp= 5082.7988> <PB=10000000> 
<DWph=2> <it= 31> <et=0.56> <Mt= 0.00> <Spt= 0.00> <nCl= 30> <al=0.24> <DB=-131583.0415> <Mlp= 4940.7934> <PB=10000000> 
<DWph=2> <it= 32> <et=0.57> <Mt= 0.00> <Spt= 0.01> <nCl= 30> <al=0.31> <DB=-89017.1097> <Mlp= 4797.5328> <PB=10000000> 
<DWph=2> <it= 33> <et=0.57> <Mt= 0.00> <Spt= 0.00> <nCl= 30> <al=0.38> <DB=-89306.9301> <Mlp= 4776.8696> <PB=10000000> 
<DWph=2> <it= 34> <et=0.57> <Mt= 0.00> <Spt= 0.00> <nCl= 30> <al=0.44> <DB=-77225.1880> <Mlp= 4601.6329> <PB=10000000> 
<DWph=2> <it= 35> <et=0.58> <Mt= 0.00> <Spt= 0.01> <nCl= 30> <al=0.50> <DB=-65477.2554> <Mlp= 4396.2528> <PB=10000000> 
<DWph=2> <it= 36> <et=0.58> <Mt= 0.01> <Spt= 0.00> <nCl= 30> <al=0.55> <DB=-66840.8817> <Mlp= 4360.9963> <PB=10000000> 
<DWph=2> <it= 37> <et=0.59> <Mt= 0.00> <Spt= 0.00> <nCl= 30> <al=0.59> <DB=-65627.0067> <Mlp= 4029.5668> <PB=10000000> 
<DWph=2> <it= 38> <et=0.59> <Mt= 0.00> <Spt= 0.00> <nCl= 30> <al=0.63> <DB=-59694.8185> <Mlp= 3834.1072> <PB=10000000> 
<DWph=2> <it= 39> <et=0.60> <Mt= 0.00> <Spt= 0.01> <nCl= 30> <al=0.67> <DB=-48887.1452> <Mlp= 3780.8607> <PB=10000000> 
<DWph=2> <it= 40> <et=0.60> <Mt= 0.00> <Spt= 0.00> <nCl= 30> <al=0.57> <DB=-53453.1909> <Mlp= 3616.6092> <PB=10000000> 
<DWph=2> <it= 41> <et=0.61> <Mt= 0.00> <Spt= 0.00> <nCl= 30> <al=0.61> <DB=-42951.4599> <Mlp= 3552.6365> <PB=10000000> 
<DWph=2> <it= 42> <et=0.61> <Mt= 0.01> <Spt= 0.01> <nCl= 30> <al=0.65> <DB=-39628.1384> <Mlp= 3373.9165> <PB=10000000> 
<DWph=2> <it= 43> <et=0.62> <Mt= 0.00> <Spt= 0.00> <nCl= 30> <al=0.69> <DB=-32939.4665> <Mlp= 3270.6189> <PB=10000000> 
<DWph=2> <it= 44> <et=0.62> <Mt= 0.00> <Spt= 0.00> <nCl= 30> <al=0.72> <DB=-36914.9283> <Mlp= 3226.9787> <PB=10000000> 
<DWph=2> <it= 45> <et=0.63> <Mt= 0.00> <Spt= 0.01> <nCl= 30> <al=0.75> <DB=-31479.9890> <Mlp= 3202.9914> <PB=10000000> 
<DWph=2> <it= 46> <et=0.63> <Mt= 0.00> <Spt= 0.00> <nCl= 30> <al=0.77> <DB=-26778.5127> <Mlp= 3084.3643> <PB=10000000> 
<DWph=2> <it= 47> <et=0.64> <Mt= 0.00> <Spt= 0.00> <nCl= 30> <al=0.79> <DB=-24581.7402> <Mlp= 3045.2672> <PB=10000000> 
<DWph=2> <it= 48> <et=0.64> <Mt= 0.00> <Spt= 0.01> <nCl= 30> <al=0.82> <DB=-21377.3842> <Mlp= 2990.4338> <PB=10000000> 
<DWph=2> <it= 49> <et=0.64> <Mt= 0.00> <Spt= 0.00> <nCl= 30> <al=0.72> <DB=-22523.9880> <Mlp= 2955.6954> <PB=10000000> 
<DWph=2> <it= 50> <et=0.65> <Mt= 0.01> <Spt= 0.00> <nCl= 30> <al=0.74> <DB=-20167.6866> <Mlp= 2910.5589> <PB=10000000> 
<DWph=2> <it= 51> <et=0.65> <Mt= 0.00> <Spt= 0.01> <nCl= 30> <al=0.64> <DB=-19932.7985> <Mlp= 2830.7012> <PB=10000000> 
<DWph=2> <it= 52> <et=0.66> <Mt= 0.00> <Spt= 0.00> <nCl= 30> <al=0.68> <DB=-16410.9361> <Mlp= 2783.5563> <PB=10000000> 
<DWph=2> <it= 53> <et=0.67> <Mt= 0.00> <Spt= 0.00> <nCl= 30> <al=0.58> <DB=-14308.1172> <Mlp= 2722.1086> <PB=10000000> 
<DWph=2> <it= 54> <et=0.67> <Mt= 0.00> <Spt= 0.01> <nCl= 30> <al=0.62> <DB=-15511.1073> <Mlp= 2632.1223> <PB=10000000> 
<DWph=2> <it= 55> <et=0.67> <Mt= 0.00> <Spt= 0.00> <nCl= 30> <al=0.66> <DB=-11917.2320> <Mlp= 2547.7903> <PB=10000000> 
<DWph=2> <it= 56> <et=0.68> <Mt= 0.01> <Spt= 0.00> <nCl= 30> <al=0.69> <DB=-10242.3920> <Mlp= 2468.1786> <PB=10000000> 
<DWph=2> <it= 57> <et=0.69> <Mt= 0.00> <Spt= 0.01> <nCl= 30> <al=0.72> <DB=-7373.2228> <Mlp= 2424.2640> <PB=10000000> 
<DWph=2> <it= 58> <et=0.69> <Mt= 0.00> <Spt= 0.00> <nCl= 30> <al=0.62> <DB=-6852.8499> <Mlp= 2370.2773> <PB=10000000> 
<DWph=2> <it= 59> <et=0.70> <Mt= 0.00> <Spt= 0.00> <nCl= 30> <al=0.66> <DB=-4404.4782> <Mlp= 2316.2448> <PB=10000000> 
<DWph=2> <it= 60> <et=0.70> <Mt= 0.01> <Spt= 0.00> <nCl= 30> <al=0.70> <DB=-4142.4011> <Mlp= 2284.6650> <PB=10000000> 
<DWph=2> <it= 61> <et=0.71> <Mt= 0.00> <Spt= 0.01> <nCl= 30> <al=0.73> <DB=-3543.0005> <Mlp= 2253.1530> <PB=10000000> 
<DWph=2> <it= 62> <et=0.71> <Mt= 0.00> <Spt= 0.00> <nCl= 30> <al=0.75> <DB=-2927.1159> <Mlp= 2253.0124> <PB=10000000> 
<DWph=2> <it= 63> <et=0.72> <Mt= 0.00> <Spt= 0.00> <nCl= 30> <al=0.78> <DB=-2499.9190> <Mlp= 2245.1906> <PB=10000000> 
<DWph=2> <it= 64> <et=0.72> <Mt= 0.00> <Spt= 0.01> <nCl= 30> <al=0.80> <DB=-2080.2945> <Mlp= 2240.4190> <PB=10000000> 
<DWph=2> <it= 65> <et=0.73> <Mt= 0.00> <Spt= 0.00> <nCl= 30> <al=0.70> <DB=-1742.1102> <Mlp= 2235.2293> <PB=10000000> 
<DWph=2> <it= 66> <et=0.73> <Mt= 0.01> <Spt= 0.00> <nCl= 30> <al=0.60> <DB=-1786.3011> <Mlp= 2228.7420> <PB=10000000> 
<DWph=2> <it= 67> <et=0.74> <Mt= 0.00> <Spt= 0.01> <nCl= 30> <al=0.50> <DB= -475.2376> <Mlp= 2219.3897> <PB=10000000> 
<DWph=2> <it= 68> <et=0.74> <Mt= 0.00> <Spt= 0.00> <nCl= 30> <al=0.40> <DB= -249.5688> <Mlp= 2207.4645> <PB=10000000> 
<DWph=2> <it= 69> <et=0.75> <Mt= 0.00> <Spt= 0.00> <nCl= 30> <al=0.46> <DB=  -79.4629> <Mlp= 2197.3924> <PB=10000000> 
<DWph=2> <it= 70> <et=0.76> <Mt= 0.00> <Spt= 0.01> <nCl= 30> <al=0.51> <DB= -527.6831> <Mlp= 2188.6454> <PB=10000000> 
<DWph=2> <it= 71> <et=0.76> <Mt= 0.01> <Spt= 0.00> <nCl= 30> <al=0.56> <DB=  384.4974> <Mlp= 2185.9420> <PB=10000000> 
<DWph=2> <it= 72> <et=0.77> <Mt= 0.00> <Spt= 0.01> <nCl= 30> <al=0.46> <DB=  234.3906> <Mlp= 2179.6794> <PB=10000000> 
<DWph=2> <it= 73> <et=0.77> <Mt= 0.00> <Spt= 0.00> <nCl= 30> <al=0.52> <DB=  344.5383> <Mlp= 2172.1013> <PB=10000000> 
<DWph=2> <it= 74> <et=0.78> <Mt= 0.00> <Spt= 0.00> <nCl= 30> <al=0.56> <DB=  249.3741> <Mlp= 2166.1526> <PB=10000000> 
<DWph=2> <it= 75> <et=0.78> <Mt= 0.00> <Spt= 0.01> <nCl= 30> <al=0.61> <DB=  783.4204> <Mlp= 2165.9668> <PB=10000000> 
<DWph=2> <it= 76> <et=0.79> <Mt= 0.01> <Spt= 0.00> <nCl= 30> <al=0.65> <DB= 1219.1629> <Mlp= 2157.7057> <PB=10000000> 
<DWph=2> <it= 77> <et=0.79> <Mt= 0.00> <Spt= 0.00> <nCl= 29> <al=0.55> <DB=  806.4698> <Mlp= 2155.4278> <PB=10000000> 
<DWph=2> <it= 78> <et=0.80> <Mt= 0.00> <Spt= 0.01> <nCl= 30> <al=0.59> <DB= 1353.5847> <Mlp= 2150.4615> <PB=10000000> 
<DWph=2> <it= 79> <et=0.81> <Mt= 0.00> <Spt= 0.00> <nCl= 30> <al=0.49> <DB=  635.4388> <Mlp= 2147.7965> <PB=10000000> 
<DWph=2> <it= 80> <et=0.82> <Mt= 0.01> <Spt= 0.00> <nCl= 30> <al=0.39> <DB=  -40.2614> <Mlp= 2142.2039> <PB=10000000> 
<DWph=2> <it= 81> <et=0.82> <Mt= 0.00> <Spt= 0.01> <nCl= 30> <al=0.45> <DB= 1268.7761> <Mlp= 2142.2039> <PB=10000000> 
<DWph=2> <it= 82> <et=0.83> <Mt= 0.00> <Spt= 0.00> <nCl= 28> <al=0.51> <DB= 1251.3943> <Mlp= 2141.6051> <PB=10000000> 
<DWph=2> <it= 83> <et=0.83> <Mt= 0.00> <Spt= 0.00> <nCl= 27> <al=0.56> <DB= 1085.3702> <Mlp= 2139.5333> <PB=10000000> 
<DWph=2> <it= 84> <et=0.84> <Mt= 0.01> <Spt= 0.01> <nCl= 29> <al=0.46> <DB= 1697.9865> <Mlp= 2137.0410> <PB=10000000> 
<DWph=2> <it= 85> <et=0.85> <Mt= 0.00> <Spt= 0.00> <nCl= 30> <al=0.51> <DB= 1332.1820> <Mlp= 2136.1828> <PB=10000000> 
<DWph=2> <it= 86> <et=0.86> <Mt= 0.01> <Spt= 0.01> <nCl= 27> <al=0.56> <DB= 1661.8843> <Mlp= 2135.4576> <PB=10000000> 
<DWph=2> <it= 87> <et=0.86> <Mt= 0.00> <Spt= 0.00> <nCl= 23> <al=0.60> <DB= 1395.6864> <Mlp= 2135.1936> <PB=10000000> 
<DWph=2> <it= 88> <et=0.87> <Mt= 0.00> <Spt= 0.00> <nCl= 27> <al=0.64> <DB= 1893.0480> <Mlp= 2135.0369> <PB=10000000> 
<DWph=2> <it= 89> <et=0.87> <Mt= 0.00> <Spt= 0.01> <nCl= 27> <al=0.54> <DB= 1620.0277> <Mlp= 2135.0131> <PB=10000000> 
<DWph=2> <it= 90> <et=0.88> <Mt= 0.00> <Spt= 0.00> <nCl= 20> <al=0.59> <DB= 1925.0580> <Mlp= 2133.6518> <PB=10000000> 
<DWph=2> <it= 91> <et=0.89> <Mt= 0.00> <Spt= 0.01> <nCl= 28> <al=0.49> <DB= 1916.7156> <Mlp= 2133.6518> <PB=10000000> 
<DWph=2> <it= 92> <et=0.89> <Mt= 0.01> <Spt= 0.00> <nCl= 30> <al=0.54> <DB= 1480.0359> <Mlp= 2133.1439> <PB=10000000> 
<DWph=2> <it= 93> <et=0.90> <Mt= 0.00> <Spt= 0.00> <nCl= 20> <al=0.59> <DB= 1517.1194> <Mlp= 2133.1439> <PB=10000000> 
<DWph=2> <it= 94> <et=0.90> <Mt= 0.00> <Spt= 0.01> <nCl= 28> <al=0.49> <DB= 1297.9959> <Mlp= 2132.5238> <PB=10000000> 
<DWph=2> <it= 95> <et=0.91> <Mt= 0.00> <Spt= 0.00> <nCl= 29> <al=0.54> <DB= 1443.7606> <Mlp= 2132.2381> <PB=10000000> 
<DWph=2> <it= 96> <et=0.91> <Mt= 0.00> <Spt= 0.00> <nCl= 27> <al=0.44> <DB= 1494.3853> <Mlp= 2127.9420> <PB=10000000> 
<DWph=2> <it= 97> <et=0.92> <Mt= 0.00> <Spt= 0.01> <nCl= 25> <al=0.34> <DB= 1813.5510> <Mlp= 2127.9420> <PB=10000000> 
<DWph=2> <it= 98> <et=0.92> <Mt= 0.00> <Spt= 0.00> <nCl= 22> <al=0.40> <DB= 1656.9379> <Mlp= 2127.1243> <PB=10000000> 
<DWph=2> <it= 99> <et=0.92> <Mt= 0.00> <Spt= 0.00> <nCl= 23> <al=0.46> <DB= 2020.3189> <Mlp= 2126.8887> <PB=10000000> 
<DWph=2> <it=100> <et=0.93> <Mt= 0.01> <Spt= 0.01> <nCl= 23> <al=0.36> <DB= 1573.3566> <Mlp= 2126.8356> <PB=10000000> 
<DWph=2> <it=101> <et=0.93> <Mt= 0.00> <Spt= 0.00> <nCl= 28> <al=0.26> <DB= 1750.6650> <Mlp= 2126.2467> <PB=10000000> 
<DWph=2> <it=102> <et=0.94> <Mt= 0.00> <Spt= 0.01> <nCl= 28> <al=0.34> <DB= 1947.7771> <Mlp= 2125.5786> <PB=10000000> 
<DWph=2> <it=103> <et=0.94> <Mt= 0.00> <Spt= 0.00> <nCl= 23> <al=0.40> <DB= 1927.2084> <Mlp= 2125.5405> <PB=10000000> 
<DWph=2> <it=104> <et=0.95> <Mt= 0.00> <Spt= 0.00> <nCl= 18> <al=0.46> <DB= 1595.3912> <Mlp= 2125.5277> <PB=10000000> 
<DWph=2> <it=105> <et=0.95> <Mt= 0.00> <Spt= 0.01> <nCl= 19> <al=0.52> <DB= 2129.0335> <Mlp= 2125.5277> <PB=10000000> 
<DWph=1> <it=106> <et=0.96> <Mt= 0.00> <Spt= 0.01> <nCl= 30> <al=0.57> <DB= 1825.4374> <Mlp= 2125.4320> <PB=10000000> 
<DWph=1> <it=107> <et=0.98> <Mt= 0.00> <Spt= 0.01> <nCl= 24> <al=0.61> <DB= 1634.0516> <Mlp= 2124.8283> <PB=10000000> 
<DWph=1> <it=108> <et=0.99> <Mt= 0.00> <Spt= 0.01> <nCl= 14> <al=0.65> <DB= 1753.4985> <Mlp= 2123.6096> <PB=10000000> 
<DWph=1> <it=109> <et=1.00> <Mt= 0.01> <Spt= 0.01> <nCl= 22> <al=0.55> <DB= 1859.6810> <Mlp= 2122.1151> <PB=10000000> 
<DWph=1> <it=110> <et=1.01> <Mt= 0.00> <Spt= 0.01> <nCl= 28> <al=0.45> <DB= 1935.1697> <Mlp= 2121.2758> <PB=10000000> 
<DWph=1> <it=111> <et=1.02> <Mt= 0.00> <Spt= 0.01> <nCl= 23> <al=0.50> <DB= 1923.8817> <Mlp= 2121.2453> <PB=10000000> 
<DWph=1> <it=112> <et=1.05> <Mt= 0.00> <Spt= 0.02> <nCl= 28> <al=0.11> <DB= 1877.4018> <Mlp= 2121.2170> <PB=10000000> 
<DWph=1> <it=113> <et=1.07> <Mt= 0.00> <Spt= 0.02> <nCl= 23> <al=0.00> <DB= 2115.8765> <Mlp= 2121.2033> <PB=10000000> 
<DWph=1> <it=114> <et=1.08> <Mt= 0.00> <Spt= 0.01> <nCl=  6> <al=0.35> <DB= 2117.0344> <Mlp= 2121.2033> <PB=10000000> 
<DWph=1> <it=115> <et=1.10> <Mt= 0.00> <Spt= 0.02> <nCl= 15> <al=0.00> <DB= 2081.9730> <Mlp= 2121.2033> <PB=10000000> 
<DWph=1> <it=116> <et=1.12> <Mt= 0.00> <Spt= 0.02> <nCl=  8> <al=0.00> <DB= 2120.1182> <Mlp= 2121.2033> <PB=10000000> 
<DWph=1> <it=117> <et=1.13> <Mt= 0.00> <Spt= 0.01> <nCl=  1> <al=0.22> <DB= 2120.3698> <Mlp= 2121.2033> <PB=10000000> 
<DWph=1> <it=118> <et=1.15> <Mt= 0.01> <Spt= 0.02> <nCl=  0> <al=0.00> <DB= 2121.2033> <Mlp= 2121.2033> <PB=10000000> 
    RCSP exact solver info for graph G_0 : TT = 0.034114, pt = 1.3e-05, dt = 0.032207, ct = 0.001406, ndl = 8622', bdl = 368461', odl = 7062', odf = 53834', bsi = 1615', cnt = 62839', bdch = 5715059', odch = 263233', lcp = 197734', #sols = 150
<DWph=0> <it=119> <et=1.19> <Mt= 0.00> <Spt= 0.03> <nCl=150> <al=0.20> <DB= 1311.4060> <Mlp= 2121.2033> <PB=10000000> 
    RCSP exact solver info for graph G_0 : TT = 0.035554, pt = 3.2e-05, dt = 0.033663, ct = 0.001388, ndl = 9327', bdl = 394618', odl = 6823', odf = 56146', bsi = 1690', cnt = 72984', bdch = 6304655', odch = 282086', lcp = 208962', #sols = 150
<DWph=0> <it=120> <et=1.23> <Mt= 0.00> <Spt= 0.04> <nCl=150> <al=0.10> <DB= 1713.4419> <Mlp= 2119.8229> <PB=10000000> 
    RCSP exact solver info for graph G_0 : TT = 0.037286, pt = 2.9e-05, dt = 0.034946, ct = 0.001716, ndl = 9127', bdl = 386339', odl = 6767', odf = 55073', bsi = 1726', cnt = 67030', bdch = 6093974', odch = 280046', lcp = 202038', #sols = 150
<DWph=0> <it=121> <et=1.27> <Mt= 0.00> <Spt= 0.05> <nCl=128> <al=0.19> <DB= 1870.2736> <Mlp= 2119.1287> <PB=10000000> 
    RCSP exact solver info for graph G_0 : TT = 0.036313, pt = 3.1e-05, dt = 0.034187, ct = 0.001548, ndl = 8861', bdl = 379721', odl = 6977', odf = 55548', bsi = 1810', cnt = 54452', bdch = 5954225', odch = 276853', lcp = 204855', #sols = 150
<DWph=0> <it=122> <et=1.32> <Mt= 0.00> <Spt= 0.04> <nCl=150> <al=0.09> <DB= 1462.6875> <Mlp= 2118.4993> <PB=10000000> 
    RCSP exact solver info for graph G_0 : TT = 0.035644, pt = 3.1e-05, dt = 0.033497, ct = 0.001533, ndl = 9253', bdl = 392892', odl = 6831', odf = 56540', bsi = 1803', cnt = 71088', bdch = 6293121', odch = 295254', lcp = 208153', #sols = 150
<DWph=0> <it=123> <et=1.36> <Mt= 0.00> <Spt= 0.04> <nCl=108> <al=0.18> <DB= 2024.8330> <Mlp= 2118.4993> <PB=10000000> 
    RCSP exact solver info for graph G_0 : TT = 0.035303, pt = 2.9e-05, dt = 0.03335, ct = 0.001328, ndl = 9048', bdl = 382195', odl = 6983', odf = 56174', bsi = 1741', cnt = 69797', bdch = 6086299', odch = 291069', lcp = 204880', #sols = 150
<DWph=0> <it=124> <et=1.40> <Mt= 0.00> <Spt= 0.04> <nCl= 56> <al=0.26> <DB= 2112.5232> <Mlp= 2118.3011> <PB=10000000> 
    RCSP exact solver info for graph G_0 : TT = 0.036487, pt = 2.4e-05, dt = 0.034328, ct = 0.001474, ndl = 9247', bdl = 391494', odl = 7066', odf = 57245', bsi = 1746', cnt = 73760', bdch = 6386109', odch = 300385', lcp = 212404', #sols = 150
<DWph=0> <it=125> <et=1.44> <Mt= 0.01> <Spt= 0.04> <nCl= 27> <al=0.33> <DB= 2115.7618> <Mlp= 2118.0954> <PB=10000000> 
    RCSP exact solver info for graph G_0 : TT = 0.036276, pt = 2.5e-05, dt = 0.034114, ct = 0.001469, ndl = 9243', bdl = 391067', odl = 7040', odf = 56946', bsi = 1716', cnt = 73852', bdch = 6366753', odch = 296081', lcp = 211382', #sols = 150
    RCSP exact solver info for graph G_0 : TT = 0.031806, pt = 2.4e-05, dt = 0.029666, ct = 0.001513, ndl = 8413', bdl = 353322', odl = 6967', odf = 53775', bsi = 1780', cnt = 69766', bdch = 5431974', odch = 254157', lcp = 190321', #sols = 150
<DWph=0> <it=126> <et=1.51> <Mt= 0.00> <Spt= 0.07> <nCl= 19> <al=0.00> <DB= 2118.0954> <Mlp= 2118.0954> <PB=10000000> 
RCSP solver dynamic params and stats :  bidir.bord. = 375 aver.obdmd = 24.3871 aver.buck.num. = 26
@@ 1 0 2118.1 0.0348148 0.036662 91.9209 1.51
RCSP      solver labels distribution in 681 buckets (bucket size) : largest - 70, top 0.1% - 70, top 0.5% - 56, top 2% - 47, top 10% - 30, top 50% - 8
Reduced cost fixing for graph G_0...  TT = 0.098862, pt = 0.006179, dt = 0.092522, ct = 0, ndl = 25208', bdl = 900875', odl = 7957', odf = 123795', lpcb = 72172', cnt = 2770733', bdch = 17434261', odch = 1140885', lcp = 491194'
84495 buck. arcs remain (99% from prev., 91% from max.) + 0 jump buck. arcs (0% from max.)
 TT = 0.144356, pt = 0.006179, dt = 0.092522, ct = 0.045406, ndl = 25208', bdl = 900875', odl = 7957', odf = 123795', lpcb = 72172', cnt = 2930937', bdch = 17434261', odch = 1140885', lcp = 491194'
RCSP      solver labels distribution in 1343 buckets (bucket size) : largest - 110, top 0.1% - 96, top 0.5% - 84, top 2% - 65, top 10% - 41, top 50% - 14
Run forward enumeration with border = 375... not succeeded (ratio 0.982313) lpt = 0.017472, ndl = 20015', dl = 580', lpcb = 0', dch = 13606'
 TT = 0.0266, pt = 0.006619, dt = 0.017472, ct = 0, ndl = 20015', bdl = 580', cnt = 102717', bdch = 13606', odch = 0', lcp = 0'
Bucket graph for G_0 is regenerated as bucket steps were adjusted for 62 vertices
RCSP solver info : number of forw. reachable buckets / buck. strongly connected components is 3031( 95.8571% ) / 3031( 100% )
165248 forw. buck. arcs remain (92.4206% from max.) + 0 jump buck. arcs
ColGenEvalAlg final dual bound: 2118.1 (rounded: 2119)
In total 1 RCC cut(s) are found by the connected components heuristic 
Shrinking heuristic shrunk 32 edges
In total 16 RCC cut(s) are found by the Fractional capacity min-cut heuristic 
In total 115 RCC cut(s) are found by the greedy construction heuristic 
----- Add fac. cuts : CAP(100), max.viol = 0.319588, aver.viol = 0.10817, sep/add took 0.00484484/0.242872 sec. -----
4048 columns (4048 active), 100 dyn. constrs. (100 active), 222 art. vars. (222 active)
<DWph=2> <it=  1> <et=1.98> <Mt= 0.00> <Spt= 0.01> <nCl= 19> <al=0.50> <DB= 2013.3508> <Mlp= 2121.6353> <PB=10000000> 
<DWph=2> <it=  2> <et=2.00> <Mt= 0.01> <Spt= 0.01> <nCl= 15> <al=0.55> <DB= 2119.6874> <Mlp= 2121.6333> <PB=10000000> 
<DWph=2> <it=  3> <et=2.02> <Mt= 0.00> <Spt= 0.01> <nCl= 18> <al=0.60> <DB= 1636.7728> <Mlp= 2121.6307> <PB=10000000> 
<DWph=2> <it=  4> <et=2.03> <Mt= 0.01> <Spt= 0.01> <nCl= 20> <al=0.64> <DB= 2050.2810> <Mlp= 2121.5143> <PB=10000000> 
<DWph=2> <it=  5> <et=2.04> <Mt= 0.00> <Spt= 0.01> <nCl= 13> <al=0.54> <DB= 1868.5877> <Mlp= 2121.4286> <PB=10000000> 
<DWph=2> <it=  6> <et=2.06> <Mt= 0.01> <Spt= 0.01> <nCl= 32> <al=0.16> <DB= 1575.5711> <Mlp= 2121.4286> <PB=10000000> 
<DWph=2> <it=  7> <et=2.08> <Mt= 0.00> <Spt= 0.01> <nCl= 16> <al=0.48> <DB= 1727.6606> <Mlp= 2121.4286> <PB=10000000> 
<DWph=2> <it=  8> <et=2.09> <Mt= 0.00> <Spt= 0.01> <nCl= 14> <al=0.53> <DB= 2115.9235> <Mlp= 2121.4286> <PB=10000000> 
<DWph=2> <it=  9> <et=2.14> <Mt= 0.05> <Spt= 0.01> <nCl= 19> <al=0.58> <DB= 2089.3047> <Mlp= 2121.3821> <PB=10000000> 
<DWph=2> <it= 10> <et=2.15> <Mt= 0.00> <Spt= 0.01> <nCl= 12> <al=0.62> <DB= 2121.1406> <Mlp= 2121.1368> <PB=10000000> 
<DWph=1> <it= 11> <et=2.17> <Mt= 0.00> <Spt= 0.01> <nCl= 21> <al=0.66> <DB= 1717.6076> <Mlp= 2121.1368> <PB=10000000> 
<DWph=1> <it= 12> <et=2.19> <Mt= 0.01> <Spt= 0.02> <nCl= 15> <al=0.69> <DB= 1840.8775> <Mlp= 2120.5777> <PB=10000000> 
<DWph=1> <it= 13> <et=2.21> <Mt= 0.00> <Spt= 0.02> <nCl= 16> <al=0.59> <DB= 1846.0898> <Mlp= 2120.5777> <PB=10000000> 
<DWph=1> <it= 14> <et=2.23> <Mt= 0.00> <Spt= 0.01> <nCl= 22> <al=0.63> <DB= 1805.4039> <Mlp= 2120.5777> <PB=10000000> 
<DWph=1> <it= 15> <et=2.25> <Mt= 0.01> <Spt= 0.02> <nCl= 10> <al=0.67> <DB= 1989.5813> <Mlp= 2120.5728> <PB=10000000> 
<DWph=1> <it= 16> <et=2.27> <Mt= 0.00> <Spt= 0.01> <nCl= 13> <al=0.57> <DB= 1861.6699> <Mlp= 2120.5728> <PB=10000000> 
<DWph=1> <it= 17> <et=2.29> <Mt= 0.00> <Spt= 0.02> <nCl= 10> <al=0.61> <DB= 2037.7156> <Mlp= 2120.5728> <PB=10000000> 
<DWph=1> <it= 18> <et=2.34> <Mt= 0.01> <Spt= 0.04> <nCl= 18> <al=0.00> <DB= 2099.8200> <Mlp= 2120.5728> <PB=10000000> 
<DWph=1> <it= 19> <et=2.38> <Mt= 0.00> <Spt= 0.04> <nCl=  0> <al=0.00> <DB= 2120.5728> <Mlp= 2120.5728> <PB=10000000> 
    RCSP exact solver info for graph G_0 : TT = 0.027424, pt = 3.7e-05, dt = 0.025694, ct = 0.001211, ndl = 7531', bdl = 320185', odl = 10448', odf = 90334', bsi = 1913', cnt = 34804', bdch = 3074496', odch = 235939', lcp = 137675', #sols = 150
<DWph=0> <it= 20> <et=2.42> <Mt= 0.00> <Spt= 0.04> <nCl=118> <al=0.45> <DB= 1917.4173> <Mlp= 2120.5728> <PB=10000000> 
    RCSP exact solver info for graph G_0 : TT = 0.030583, pt = 7.3e-05, dt = 0.028537, ct = 0.001387, ndl = 8315', bdl = 349280', odl = 10635', odf = 96663', bsi = 1926', cnt = 49865', bdch = 3608256', odch = 272472', lcp = 159567', #sols = 150
<DWph=0> <it= 21> <et=2.47> <Mt= 0.01> <Spt= 0.04> <nCl= 55> <al=0.35> <DB= 1881.1797> <Mlp= 2120.4629> <PB=10000000> 
    RCSP exact solver info for graph G_0 : TT = 0.030072, pt = 7.5e-05, dt = 0.028098, ct = 0.001322, ndl = 8255', bdl = 347889', odl = 10587', odf = 95944', bsi = 1874', cnt = 46948', bdch = 3545865', odch = 269389', lcp = 154689', #sols = 150
<DWph=0> <it= 22> <et=2.51> <Mt= 0.00> <Spt= 0.04> <nCl= 39> <al=0.42> <DB= 2035.7080> <Mlp= 2120.4629> <PB=10000000> 
    RCSP exact solver info for graph G_0 : TT = 0.032042, pt = 7e-05, dt = 0.029644, ct = 0.001684, ndl = 8344', bdl = 350400', odl = 10595', odf = 96934', bsi = 1998', cnt = 46189', bdch = 3633116', odch = 271192', lcp = 158629', #sols = 150
<DWph=0> <it= 23> <et=2.55> <Mt= 0.00> <Spt= 0.04> <nCl= 23> <al=0.32> <DB= 2039.0169> <Mlp= 2120.4629> <PB=10000000> 
    RCSP exact solver info for graph G_0 : TT = 0.029888, pt = 6.1e-05, dt = 0.027875, ct = 0.001358, ndl = 8267', bdl = 347166', odl = 10475', odf = 96505', bsi = 1915', cnt = 48012', bdch = 3534108', odch = 268087', lcp = 155433', #sols = 150
<DWph=0> <it= 24> <et=2.59> <Mt= 0.01> <Spt= 0.03> <nCl=  4> <al=0.39> <DB= 2089.0511> <Mlp= 2120.4629> <PB=10000000> 
    RCSP exact solver info for graph G_0 : TT = 0.0295, pt = 5.5e-05, dt = 0.02754, ct = 0.001336, ndl = 8275', bdl = 347651', odl = 10488', odf = 96922', bsi = 1883', cnt = 47704', bdch = 3534744', odch = 268160', lcp = 154213', #sols = 150
<DWph=0> <it= 25> <et=2.62> <Mt= 0.00> <Spt= 0.03> <nCl=  3> <al=0.29> <DB= 2111.4893> <Mlp= 2120.4629> <PB=10000000> 
    RCSP exact solver info for graph G_0 : TT = 0.030701, pt = 5.9e-05, dt = 0.028517, ct = 0.001501, ndl = 8353', bdl = 350700', odl = 10530', odf = 96818', bsi = 1863', cnt = 48888', bdch = 3598387', odch = 271406', lcp = 155962', #sols = 150
    RCSP exact solver info for graph G_0 : TT = 0.029184, pt = 5.1e-05, dt = 0.027081, ct = 0.001451, ndl = 8263', bdl = 347339', odl = 10519', odf = 95946', bsi = 1867', cnt = 49033', bdch = 3533492', odch = 266095', lcp = 153559', #sols = 150
<DWph=0> <it= 26> <et=2.69> <Mt= 0.00> <Spt= 0.07> <nCl=  3> <al=0.00> <DB= 2120.4629> <Mlp= 2120.4629> <PB=10000000> 
RCSP solver dynamic params and stats :  bidir.bord. = 375 aver.obdmd = 48.7742 aver.buck.num. = 51
@@ 1 1 2120.46 0.0292795 0.031328 92.4206 2.69
    Full reduced cost fixing is not called (gap ratio is 1)
ColGenEvalAlg final dual bound: 2120.46 (rounded: 2121)
False gap improvement since the last cut separation : 0.0111779 (2118.1)
Cut generation tailing off counter increased to 1
Current active cuts : CAP(4,414.771)
In total 1 RCC cut(s) are found by the connected components heuristic 
Shrinking heuristic shrunk 25 edges
In total 2 RCC cut(s) are found by the Fractional capacity min-cut heuristic 
In total 37 RCC cut(s) are found by the greedy construction heuristic 
In total 17 RCC cut(s) are found by the global pool greedy search heuristic 
----- Add fac. cuts : CAP(57), max.viol = 0.1671, aver.viol = 0.15567, sep/add took 0.00479099/0.191917 sec. -----
4596 columns (4596 active), 157 dyn. constrs. (61 active), 279 art. vars. (183 active)
<DWph=2> <it=  1> <et=2.92> <Mt= 0.02> <Spt= 0.01> <nCl= 30> <al=0.50> <DB= 1470.5465> <Mlp= 2126.5000> <PB=10000000> 
<DWph=2> <it=  2> <et=2.96> <Mt= 0.03> <Spt= 0.01> <nCl= 20> <al=0.55> <DB= 2120.2850> <Mlp= 2126.1176> <PB=10000000> 
<DWph=2> <it=  3> <et=2.98> <Mt= 0.01> <Spt= 0.01> <nCl= 22> <al=0.60> <DB= 2092.7002> <Mlp= 2126.1176> <PB=10000000> 
<DWph=2> <it=  4> <et=2.99> <Mt= 0.01> <Spt= 0.00> <nCl= 17> <al=0.64> <DB= 2122.5067> <Mlp= 2126.0700> <PB=10000000> 
<DWph=2> <it=  5> <et=3.01> <Mt= 0.00> <Spt= 0.01> <nCl= 27> <al=0.54> <DB= 1745.7751> <Mlp= 2126.0548> <PB=10000000> 
<DWph=2> <it=  6> <et=3.02> <Mt= 0.01> <Spt= 0.01> <nCl= 23> <al=0.58> <DB= 2123.4032> <Mlp= 2126.0301> <PB=10000000> 
<DWph=2> <it=  7> <et=3.03> <Mt= 0.00> <Spt= 0.01> <nCl= 29> <al=0.62> <DB= 1327.6908> <Mlp= 2126.0250> <PB=10000000> 
<DWph=2> <it=  8> <et=3.06> <Mt= 0.02> <Spt= 0.00> <nCl= 15> <al=0.66> <DB= 2125.3782> <Mlp= 2125.9868> <PB=10000000> 
<DWph=2> <it=  9> <et=3.07> <Mt= 0.00> <Spt= 0.01> <nCl= 27> <al=0.56> <DB= 1941.1541> <Mlp= 2125.9232> <PB=10000000> 
<DWph=2> <it= 10> <et=3.08> <Mt= 0.01> <Spt= 0.01> <nCl= 19> <al=0.61> <DB= 2120.4921> <Mlp= 2125.8782> <PB=10000000> 
<DWph=2> <it= 11> <et=3.09> <Mt= 0.00> <Spt= 0.01> <nCl= 16> <al=0.64> <DB= 2123.3712> <Mlp= 2125.8474> <PB=10000000> 
<DWph=2> <it= 12> <et=3.10> <Mt= 0.00> <Spt= 0.00> <nCl= 11> <al=0.68> <DB= 2125.1484> <Mlp= 2125.8341> <PB=10000000> 
<DWph=2> <it= 13> <et=3.12> <Mt= 0.00> <Spt= 0.02> <nCl= 31> <al=0.16> <DB= 2021.6589> <Mlp= 2125.8341> <PB=10000000> 
<DWph=2> <it= 14> <et=3.13> <Mt= 0.01> <Spt= 0.01> <nCl= 14> <al=0.48> <DB= 2123.9204> <Mlp= 2125.7594> <PB=10000000> 
<DWph=2> <it= 15> <et=3.15> <Mt= 0.00> <Spt= 0.01> <nCl= 38> <al=0.00> <DB= 1920.7967> <Mlp= 2125.7493> <PB=10000000> 
<DWph=2> <it= 16> <et=3.16> <Mt= 0.00> <Spt= 0.01> <nCl=  9> <al=0.28> <DB= 2124.3424> <Mlp= 2125.7493> <PB=10000000> 
<DWph=2> <it= 17> <et=3.17> <Mt= 0.01> <Spt= 0.01> <nCl= 20> <al=0.00> <DB= 2119.9579> <Mlp= 2125.7459> <PB=10000000> 
<DWph=2> <it= 18> <et=3.18> <Mt= 0.00> <Spt= 0.01> <nCl=  4> <al=0.25> <DB= 2125.1231> <Mlp= 2125.7424> <PB=10000000> 
<DWph=2> <it= 19> <et=3.20> <Mt= 0.00> <Spt= 0.01> <nCl= 15> <al=0.00> <DB= 2125.7413> <Mlp= 2125.7413> <PB=10000000> 
<DWph=1> <it= 20> <et=3.21> <Mt= 0.00> <Spt= 0.02> <nCl= 16> <al=0.05> <DB= 2121.8811> <Mlp= 2125.7413> <PB=10000000> 
<DWph=1> <it= 21> <et=3.23> <Mt= 0.00> <Spt= 0.01> <nCl= 10> <al=0.00> <DB= 2120.5985> <Mlp= 2125.7197> <PB=10000000> 
<DWph=1> <it= 22> <et=3.26> <Mt= 0.01> <Spt= 0.03> <nCl= 10> <al=0.00> <DB= 2125.7197> <Mlp= 2125.7197> <PB=10000000> 
    RCSP exact solver info for graph G_0 : TT = 0.025091, pt = 4.3e-05, dt = 0.02337, ct = 0.001157, ndl = 6963', bdl = 292867', odl = 10360', odf = 103045', bsi = 1431', cnt = 49754', bdch = 2707689', odch = 296815', lcp = 127593', #sols = 150
<DWph=0> <it= 23> <et=3.30> <Mt= 0.00> <Spt= 0.03> <nCl=150> <al=0.00> <DB= 1675.8409> <Mlp= 2125.7197> <PB=10000000> 
    RCSP exact solver info for graph G_0 : TT = 0.024051, pt = 6.5e-05, dt = 0.022407, ct = 0.001053, ndl = 6996', bdl = 294166', odl = 10377', odf = 104606', bsi = 1400', cnt = 44130', bdch = 2775410', odch = 290339', lcp = 121116', #sols = 150
<DWph=0> <it= 24> <et=3.33> <Mt= 0.00> <Spt= 0.04> <nCl= 68> <al=0.00> <DB= 2023.5142> <Mlp= 2125.6906> <PB=10000000> 
    RCSP exact solver info for graph G_0 : TT = 0.023624, pt = 0.000153, dt = 0.021824, ct = 0.001008, ndl = 6671', bdl = 282613', odl = 10479', odf = 100681', bsi = 1347', cnt = 43066', bdch = 2575328', odch = 279511', lcp = 119789', #sols = 150
<DWph=0> <it= 25> <et=3.37> <Mt= 0.01> <Spt= 0.03> <nCl= 46> <al=0.00> <DB= 2118.4261> <Mlp= 2125.6280> <PB=10000000> 
    RCSP exact solver info for graph G_0 : TT = 0.02407, pt = 6.3e-05, dt = 0.022311, ct = 0.001102, ndl = 6705', bdl = 283315', odl = 10359', odf = 100335', bsi = 1373', cnt = 40651', bdch = 2595386', odch = 278030', lcp = 120242', #sols = 150
<DWph=0> <it= 26> <et=3.40> <Mt= 0.00> <Spt= 0.02> <nCl= 11> <al=0.07> <DB= 2123.7515> <Mlp= 2125.6182> <PB=10000000> 
    RCSP exact solver info for graph G_0 : TT = 0.024847, pt = 6.9e-05, dt = 0.023095, ct = 0.001053, ndl = 6775', bdl = 287146', odl = 10385', odf = 100519', bsi = 1352', cnt = 40251', bdch = 2649241', odch = 279435', lcp = 120812', #sols = 150
    RCSP exact solver info for graph G_0 : TT = 0.023293, pt = 4.8e-05, dt = 0.021654, ct = 0.001039, ndl = 6562', bdl = 278036', odl = 10250', odf = 98690', bsi = 1332', cnt = 39693', bdch = 2505037', odch = 270790', lcp = 115834', #sols = 150
<DWph=0> <it= 27> <et=3.46> <Mt= 0.00> <Spt= 0.06> <nCl= 27> <al=0.00> <DB= 2125.6178> <Mlp= 2125.6178> <PB=10000000> 
RCSP solver dynamic params and stats :  bidir.bord. = 375 aver.obdmd = 48.7742 aver.buck.num. = 51
@@ 1 2 2125.62 0.0235122 0.024527 92.4206 3.46
    Full reduced cost fixing is not called (gap ratio is 0.999999)
ColGenEvalAlg final dual bound: 2125.62 (rounded: 2126)
False gap improvement since the last cut separation : 0.02431 (2120.46)
Current active cuts : CAP(15,900.926)
In total 2 RCC cut(s) are found by the connected components heuristic 
Shrinking heuristic shrunk 23 edges
In total 1 RCC cut(s) are found by the Fractional capacity min-cut heuristic 
In total 45 RCC cut(s) are found by the greedy construction heuristic 
In total 60 RCC cut(s) are found by the global pool greedy search heuristic 
----- Add fac. cuts : CAP(100), max.viol = 0.0270189, aver.viol = 0.0161757, sep/add took 0.00634247/0.263639 sec. -----
5321 columns (5321 active), 161 dyn. constrs. (115 active), 379 art. vars. (237 active)
<DWph=2> <it=  1> <et=3.82> <Mt= 0.02> <Spt= 0.01> <nCl= 17> <al=0.50> <DB= 2124.5423> <Mlp= 2126.0256> <PB=10000000> 
<DWph=2> <it=  2> <et=3.84> <Mt= 0.01> <Spt= 0.01> <nCl= 15> <al=0.55> <DB= 2125.6705> <Mlp= 2126.0256> <PB=10000000> 
<DWph=2> <it=  3> <et=3.85> <Mt= 0.00> <Spt= 0.01> <nCl= 28> <al=0.60> <DB= 2024.6375> <Mlp= 2126.0256> <PB=10000000> 
<DWph=2> <it=  4> <et=3.87> <Mt= 0.01> <Spt= 0.01> <nCl= 12> <al=0.64> <DB= 2123.0703> <Mlp= 2126.0256> <PB=10000000> 
<DWph=2> <it=  5> <et=3.89> <Mt= 0.01> <Spt= 0.00> <nCl= 13> <al=0.67> <DB= 2125.1687> <Mlp= 2126.0256> <PB=10000000> 
<DWph=2> <it=  6> <et=3.91> <Mt= 0.01> <Spt= 0.01> <nCl= 10> <al=0.57> <DB= 2124.0583> <Mlp= 2126.0000> <PB=10000000> 
<DWph=2> <it=  7> <et=3.98> <Mt= 0.07> <Spt= 0.01> <nCl= 15> <al=0.61> <DB= 2125.8779> <Mlp= 2126.0000> <PB=10000000> 
<DWph=2> <it=  8> <et=4.00> <Mt= 0.01> <Spt= 0.01> <nCl= 27> <al=0.65> <DB= 1899.8372> <Mlp= 2126.0000> <PB=10000000> 
<DWph=2> <it=  9> <et=4.07> <Mt= 0.05> <Spt= 0.01> <nCl= 19> <al=0.69> <DB= 2123.4942> <Mlp= 2126.0000> <PB=10000000> 
<DWph=2> <it= 10> <et=4.09> <Mt= 0.01> <Spt= 0.01> <nCl= 34> <al=0.44> <DB= 2118.5824> <Mlp= 2126.0000> <PB=10000000> 
<DWph=2> <it= 11> <et=4.15> <Mt= 0.06> <Spt= 0.01> <nCl= 12> <al=0.62> <DB= 2124.5479> <Mlp= 2126.0000> <PB=10000000> 
<DWph=2> <it= 12> <et=4.17> <Mt= 0.00> <Spt= 0.01> <nCl=  2> <al=0.66> <DB= 2125.9423> <Mlp= 2126.0000> <PB=10000000> 
<DWph=2> <it= 13> <et=4.18> <Mt= 0.01> <Spt= 0.01> <nCl= 24> <al=0.56> <DB= 2119.9033> <Mlp= 2126.0000> <PB=10000000> 
<DWph=2> <it= 14> <et=4.20> <Mt= 0.00> <Spt= 0.01> <nCl= 14> <al=0.60> <DB= 2122.9506> <Mlp= 2126.0000> <PB=10000000> 
<DWph=2> <it= 15> <et=4.22> <Mt= 0.01> <Spt= 0.01> <nCl=  8> <al=0.64> <DB= 2124.8595> <Mlp= 2126.0000> <PB=10000000> 
<DWph=2> <it= 16> <et=4.23> <Mt= 0.01> <Spt= 0.01> <nCl= 11> <al=0.54> <DB= 2122.7309> <Mlp= 2126.0000> <PB=10000000> 
<DWph=2> <it= 17> <et=4.26> <Mt= 0.01> <Spt= 0.01> <nCl= 33> <al=0.17> <DB= 1274.9120> <Mlp= 2126.0000> <PB=10000000> 
<DWph=2> <it= 18> <et=4.29> <Mt= 0.02> <Spt= 0.01> <nCl= 20> <al=0.49> <DB= 2121.6959> <Mlp= 2126.0000> <PB=10000000> 
<DWph=2> <it= 19> <et=4.31> <Mt= 0.01> <Spt= 0.01> <nCl= 13> <al=0.54> <DB= 2125.0424> <Mlp= 2126.0000> <PB=10000000> 
<DWph=2> <it= 20> <et=4.33> <Mt= 0.01> <Spt= 0.01> <nCl= 23> <al=0.44> <DB= 2124.9363> <Mlp= 2126.0000> <PB=10000000> 
<DWph=2> <it= 21> <et=4.34> <Mt= 0.01> <Spt= 0.01> <nCl=  1> <al=0.49> <DB= 2125.1204> <Mlp= 2126.0000> <PB=10000000> 
<DWph=2> <it= 22> <et=4.37> <Mt= 0.00> <Spt= 0.01> <nCl= 33> <al=0.00> <DB= 1596.5822> <Mlp= 2126.0000> <PB=10000000> 
<DWph=2> <it= 23> <et=4.39> <Mt= 0.01> <Spt= 0.01> <nCl= 26> <al=0.29> <DB= 2122.4731> <Mlp= 2126.0000> <PB=10000000> 
<DWph=2> <it= 24> <et=4.41> <Mt= 0.01> <Spt= 0.02> <nCl= 30> <al=0.00> <DB= 1966.8413> <Mlp= 2126.0000> <PB=10000000> 
<DWph=2> <it= 25> <et=4.43> <Mt= 0.01> <Spt= 0.01> <nCl= 14> <al=0.27> <DB= 2121.7333> <Mlp= 2126.0000> <PB=10000000> 
<DWph=2> <it= 26> <et=4.44> <Mt= 0.01> <Spt= 0.00> <nCl=  6> <al=0.34> <DB= 2123.0871> <Mlp= 2126.0000> <PB=10000000> 
<DWph=2> <it= 27> <et=4.46> <Mt= 0.01> <Spt= 0.01> <nCl=  6> <al=0.40> <DB= 2125.7207> <Mlp= 2126.0000> <PB=10000000> 
<DWph=2> <it= 28> <et=4.47> <Mt= 0.00> <Spt= 0.02> <nCl= 24> <al=0.00> <DB= 2118.0000> <Mlp= 2126.0000> <PB=10000000> 
<DWph=2> <it= 29> <et=4.49> <Mt= 0.00> <Spt= 0.00> <nCl=  3> <al=0.20> <DB= 2125.6358> <Mlp= 2126.0000> <PB=10000000> 
<DWph=2> <it= 30> <et=4.51> <Mt= 0.01> <Spt= 0.02> <nCl= 27> <al=0.00> <DB= 2123.1795> <Mlp= 2126.0000> <PB=10000000> 
<DWph=2> <it= 31> <et=4.52> <Mt= 0.00> <Spt= 0.01> <nCl= 14> <al=0.00> <DB= 2122.1730> <Mlp= 2126.0000> <PB=10000000> 
<DWph=2> <it= 32> <et=4.54> <Mt= 0.01> <Spt= 0.01> <nCl= 14> <al=0.00> <DB= 2122.6894> <Mlp= 2126.0000> <PB=10000000> 
<DWph=2> <it= 33> <et=4.56> <Mt= 0.00> <Spt= 0.01> <nCl=  8> <al=0.00> <DB= 2125.2720> <Mlp= 2126.0000> <PB=10000000> 
<DWph=2> <it= 34> <et=4.58> <Mt= 0.01> <Spt= 0.02> <nCl= 24> <al=0.00> <DB= 2124.0563> <Mlp= 2126.0000> <PB=10000000> 
<DWph=2> <it= 35> <et=4.59> <Mt= 0.00> <Spt= 0.01> <nCl= 15> <al=0.00> <DB= 2124.8653> <Mlp= 2126.0000> <PB=10000000> 
<DWph=2> <it= 36> <et=4.60> <Mt= 0.01> <Spt= 0.00> <nCl=  8> <al=0.10> <DB= 2112.0465> <Mlp= 2126.0000> <PB=10000000> 
<DWph=2> <it= 37> <et=4.62> <Mt= 0.01> <Spt= 0.02> <nCl= 16> <al=0.00> <DB= 2124.8942> <Mlp= 2126.0000> <PB=10000000> 
<DWph=2> <it= 38> <et=4.63> <Mt= 0.00> <Spt= 0.00> <nCl=  9> <al=0.09> <DB= 2120.7290> <Mlp= 2126.0000> <PB=10000000> 
<DWph=2> <it= 39> <et=4.70> <Mt= 0.06> <Spt= 0.01> <nCl= 29> <al=0.18> <DB= 1451.3317> <Mlp= 2126.0000> <PB=10000000> 
<DWph=2> <it= 40> <et=4.76> <Mt= 0.05> <Spt= 0.01> <nCl= 10> <al=0.27> <DB= 2125.9609> <Mlp= 2126.0000> <PB=10000000> 
<DWph=2> <it= 41> <et=4.78> <Mt= 0.01> <Spt= 0.01> <nCl= 20> <al=0.00> <DB= 2120.9547> <Mlp= 2126.0000> <PB=10000000> 
<DWph=2> <it= 42> <et=4.80> <Mt= 0.00> <Spt= 0.01> <nCl= 14> <al=0.24> <DB= 2123.7848> <Mlp= 2126.0000> <PB=10000000> 
<DWph=2> <it= 43> <et=4.81> <Mt= 0.01> <Spt= 0.01> <nCl=  5> <al=0.32> <DB= 2125.0576> <Mlp= 2126.0000> <PB=10000000> 
<DWph=2> <it= 44> <et=4.83> <Mt= 0.00> <Spt= 0.01> <nCl= 21> <al=0.00> <DB= 2123.1429> <Mlp= 2126.0000> <PB=10000000> 
<DWph=2> <it= 45> <et=4.84> <Mt= 0.01> <Spt= 0.01> <nCl=  5> <al=0.28> <DB= 2125.7027> <Mlp= 2126.0000> <PB=10000000> 
<DWph=2> <it= 46> <et=4.86> <Mt= 0.00> <Spt= 0.01> <nCl= 13> <al=0.00> <DB= 2124.9227> <Mlp= 2126.0000> <PB=10000000> 
<DWph=2> <it= 47> <et=4.87> <Mt= 0.01> <Spt= 0.01> <nCl=  5> <al=0.26> <DB= 2125.8141> <Mlp= 2126.0000> <PB=10000000> 
<DWph=2> <it= 48> <et=4.89> <Mt= 0.00> <Spt= 0.02> <nCl= 20> <al=0.00> <DB= 2125.5638> <Mlp= 2126.0000> <PB=10000000> 
<DWph=2> <it= 49> <et=4.91> <Mt= 0.01> <Spt= 0.00> <nCl= 12> <al=0.23> <DB= 2125.6224> <Mlp= 2126.0000> <PB=10000000> 
<DWph=2> <it= 50> <et=4.92> <Mt= 0.00> <Spt= 0.01> <nCl=  4> <al=0.31> <DB= 2125.4678> <Mlp= 2126.0000> <PB=10000000> 
<DWph=2> <it= 51> <et=4.93> <Mt= 0.01> <Spt= 0.01> <nCl= 10> <al=0.00> <DB= 2124.2190> <Mlp= 2126.0000> <PB=10000000> 
<DWph=2> <it= 52> <et=4.95> <Mt= 0.00> <Spt= 0.01> <nCl=  5> <al=0.28> <DB= 2125.6930> <Mlp= 2126.0000> <PB=10000000> 
<DWph=2> <it= 53> <et=4.97> <Mt= 0.01> <Spt= 0.02> <nCl= 15> <al=0.00> <DB= 2125.5734> <Mlp= 2126.0000> <PB=10000000> 
<DWph=2> <it= 54> <et=4.98> <Mt= 0.00> <Spt= 0.00> <nCl=  6> <al=0.25> <DB= 2125.9403> <Mlp= 2126.0000> <PB=10000000> 
<DWph=2> <it= 55> <et=5.00> <Mt= 0.01> <Spt= 0.02> <nCl= 14> <al=0.00> <DB= 2125.3501> <Mlp= 2126.0000> <PB=10000000> 
<DWph=2> <it= 56> <et=5.01> <Mt= 0.00> <Spt= 0.00> <nCl=  3> <al=0.22> <DB= 2125.9383> <Mlp= 2126.0000> <PB=10000000> 
<DWph=2> <it= 57> <et=5.03> <Mt= 0.01> <Spt= 0.01> <nCl=  9> <al=0.00> <DB= 2124.9046> <Mlp= 2126.0000> <PB=10000000> 
<DWph=2> <it= 58> <et=5.04> <Mt= 0.00> <Spt= 0.01> <nCl= 11> <al=0.20> <DB= 2125.1562> <Mlp= 2126.0000> <PB=10000000> 
<DWph=2> <it= 59> <et=5.05> <Mt= 0.01> <Spt= 0.01> <nCl=  8> <al=0.28> <DB= 2125.4212> <Mlp= 2126.0000> <PB=10000000> 
<DWph=2> <it= 60> <et=5.06> <Mt= 0.00> <Spt= 0.01> <nCl=  5> <al=0.35> <DB= 2125.8887> <Mlp= 2126.0000> <PB=10000000> 
<DWph=2> <it= 61> <et=5.08> <Mt= 0.01> <Spt= 0.01> <nCl= 14> <al=0.00> <DB= 2126.0000> <Mlp= 2126.0000> <PB=10000000> 
<DWph=1> <it= 62> <et=5.10> <Mt= 0.00> <Spt= 0.01> <nCl= 19> <al=0.32> <DB= 2120.5090> <Mlp= 2126.0000> <PB=10000000> 
<DWph=1> <it= 63> <et=5.14> <Mt= 0.02> <Spt= 0.02> <nCl=  7> <al=0.39> <DB= 2123.8106> <Mlp= 2126.0000> <PB=10000000> 
<DWph=1> <it= 64> <et=5.15> <Mt= 0.01> <Spt= 0.01> <nCl=  5> <al=0.45> <DB= 2125.0206> <Mlp= 2126.0000> <PB=10000000> 
<DWph=1> <it= 65> <et=5.17> <Mt= 0.00> <Spt= 0.02> <nCl= 12> <al=0.35> <DB= 2125.3974> <Mlp= 2126.0000> <PB=10000000> 
<DWph=1> <it= 66> <et=5.19> <Mt= 0.01> <Spt= 0.01> <nCl=  5> <al=0.25> <DB= 2124.4490> <Mlp= 2126.0000> <PB=10000000> 
<DWph=1> <it= 67> <et=5.21> <Mt= 0.00> <Spt= 0.01> <nCl=  3> <al=0.32> <DB= 2125.8518> <Mlp= 2126.0000> <PB=10000000> 
<DWph=1> <it= 68> <et=5.24> <Mt= 0.01> <Spt= 0.03> <nCl= 12> <al=0.00> <DB= 2126.0000> <Mlp= 2126.0000> <PB=10000000> 
    RCSP exact solver info for graph G_0 : TT = 0.013654, pt = 4.1e-05, dt = 0.01265, ct = 0.000503, ndl = 4030', bdl = 177555', odl = 9589', odf = 86571', bsi = 934', cnt = 10514', bdch = 1203836', odch = 141512', lcp = 71522', #sols = 150
<DWph=0> <it= 69> <et=5.27> <Mt= 0.00> <Spt= 0.02> <nCl= 95> <al=0.12> <DB= 2122.0000> <Mlp= 2126.0000> <PB=10000000> 
    RCSP exact solver info for graph G_0 : TT = 0.014718, pt = 6.8e-05, dt = 0.01363, ct = 0.000505, ndl = 4156', bdl = 182927', odl = 9635', odf = 88122', bsi = 947', cnt = 11759', bdch = 1257452', odch = 151785', lcp = 73746', #sols = 150
    RCSP exact solver info for graph G_0 : TT = 0.012489, pt = 5e-05, dt = 0.01153, ct = 0.000443, ndl = 3473', bdl = 154566', odl = 9289', odf = 86575', bsi = 872', cnt = 7790', bdch = 960748', odch = 124207', lcp = 61266', #sols = 150
<DWph=0> <it= 70> <et=5.32> <Mt= 0.01> <Spt= 0.04> <nCl= 93> <al=0.00> <DB= 2126.0000> <Mlp= 2126.0000> <PB=10000000> 
RCSP solver dynamic params and stats :  bidir.bord. = 375 aver.obdmd = 48.7742 aver.buck.num. = 51
@@ 1 3 2126 0.013087 0.014135 92.4206 5.32
    Full reduced cost fixing is not called (gap ratio is 0.999999)
ColGenEvalAlg final dual bound: 2126 (rounded: 2126)
False gap improvement since the last cut separation : 0.00179816 (2125.62)
Cut generation tailing off counter increased to 2
Current active cuts : CAP(29,1196.82)
In total 1 RCC cut(s) are found by the connected components heuristic 
Shrinking heuristic shrunk 34 edges
----- Add fac. cuts : CAP(1), max.viol = 0.5, aver.viol = 0.5, sep/add took 0.00208531/0.00816201 sec. -----
6458 columns (6458 active), 116 dyn. constrs. (30 active), 380 art. vars. (152 active)
<DWph=2> <it=  1> <et=5.42> <Mt= 0.03> <Spt= 0.02> <nCl= 34> <al=0.00> <DB= 2120.2500> <Mlp= 2126.2500> <PB=10000000> 
<DWph=2> <it=  2> <et=5.43> <Mt= 0.00> <Spt= 0.00> <nCl= 20> <al=0.40> <DB= 2123.4955> <Mlp= 2126.2500> <PB=10000000> 
<DWph=2> <it=  3> <et=5.45> <Mt= 0.00> <Spt= 0.01> <nCl= 14> <al=0.46> <DB= 2126.1684> <Mlp= 2126.2500> <PB=10000000> 
<DWph=2> <it=  4> <et=5.46> <Mt= 0.01> <Spt= 0.01> <nCl=  5> <al=0.51> <DB= 2126.1454> <Mlp= 2126.2500> <PB=10000000> 
<DWph=2> <it=  5> <et=5.48> <Mt= 0.01> <Spt= 0.01> <nCl= 19> <al=0.13> <DB= 2125.5537> <Mlp= 2126.2500> <PB=10000000> 
<DWph=2> <it=  6> <et=5.50> <Mt= 0.00> <Spt= 0.01> <nCl= 19> <al=0.00> <DB= 2115.3843> <Mlp= 2126.2500> <PB=10000000> 
<DWph=2> <it=  7> <et=5.51> <Mt= 0.01> <Spt= 0.01> <nCl= 12> <al=0.36> <DB= 2124.8825> <Mlp= 2126.2500> <PB=10000000> 
<DWph=2> <it=  8> <et=5.52> <Mt= 0.00> <Spt= 0.01> <nCl= 10> <al=0.43> <DB= 2126.1301> <Mlp= 2126.2500> <PB=10000000> 
<DWph=2> <it=  9> <et=5.54> <Mt= 0.00> <Spt= 0.01> <nCl= 17> <al=0.00> <DB= 2125.8681> <Mlp= 2126.2500> <PB=10000000> 
<DWph=2> <it= 10> <et=5.55> <Mt= 0.01> <Spt= 0.01> <nCl=  4> <al=0.38> <DB= 2126.1185> <Mlp= 2126.2500> <PB=10000000> 
<DWph=2> <it= 11> <et=5.56> <Mt= 0.00> <Spt= 0.01> <nCl= 13> <al=0.00> <DB= 2125.9653> <Mlp= 2126.2500> <PB=10000000> 
<DWph=2> <it= 12> <et=5.57> <Mt= 0.00> <Spt= 0.01> <nCl=  5> <al=0.35> <DB= 2126.1163> <Mlp= 2126.2500> <PB=10000000> 
<DWph=2> <it= 13> <et=5.58> <Mt= 0.00> <Spt= 0.01> <nCl=  4> <al=0.00> <DB= 2126.2500> <Mlp= 2126.2500> <PB=10000000> 
<DWph=1> <it= 14> <et=5.60> <Mt= 0.01> <Spt= 0.01> <nCl= 14> <al=0.31> <DB= 2122.2500> <Mlp= 2126.2500> <PB=10000000> 
<DWph=1> <it= 15> <et=5.61> <Mt= 0.00> <Spt= 0.01> <nCl= 13> <al=0.38> <DB= 2122.7046> <Mlp= 2126.2500> <PB=10000000> 
<DWph=1> <it= 16> <et=5.64> <Mt= 0.00> <Spt= 0.02> <nCl= 14> <al=0.00> <DB= 2126.1802> <Mlp= 2126.2500> <PB=10000000> 
<DWph=1> <it= 17> <et=5.66> <Mt= 0.01> <Spt= 0.02> <nCl=  4> <al=0.18> <DB= 2124.7739> <Mlp= 2126.2500> <PB=10000000> 
<DWph=1> <it= 18> <et=5.68> <Mt= 0.00> <Spt= 0.02> <nCl=  3> <al=0.00> <DB= 2126.2500> <Mlp= 2126.2500> <PB=10000000> 
    RCSP exact solver info for graph G_0 : TT = 0.014162, pt = 4.2e-05, dt = 0.013039, ct = 0.000568, ndl = 3867', bdl = 170025', odl = 9174', odf = 91401', bsi = 945', cnt = 16972', bdch = 1087251', odch = 156297', lcp = 65627', #sols = 150
<DWph=0> <it= 19> <et=5.70> <Mt= 0.00> <Spt= 0.02> <nCl= 90> <al=0.00> <DB= 2030.8956> <Mlp= 2126.2500> <PB=10000000> 
    RCSP exact solver info for graph G_0 : TT = 0.012192, pt = 8.3e-05, dt = 0.011158, ct = 0.000415, ndl = 3097', bdl = 137331', odl = 8807', odf = 81523', bsi = 922', cnt = 9722', bdch = 783439', odch = 107095', lcp = 51977', #sols = 150
<DWph=0> <it= 20> <et=5.74> <Mt= 0.02> <Spt= 0.02> <nCl= 58> <al=0.00> <DB= 2118.2500> <Mlp= 2126.2500> <PB=10000000> 
    RCSP exact solver info for graph G_0 : TT = 0.016502, pt = 7.7e-05, dt = 0.01513, ct = 0.000732, ndl = 4387', bdl = 187383', odl = 9451', odf = 89969', bsi = 1069', cnt = 24536', bdch = 1295303', odch = 158986', lcp = 74043', #sols = 150
<DWph=0> <it= 21> <et=5.77> <Mt= 0.01> <Spt= 0.02> <nCl=150> <al=0.00> <DB= 2124.4605> <Mlp= 2126.2500> <PB=10000000> 
    RCSP exact solver info for graph G_0 : TT = 0.014496, pt = 7.2e-05, dt = 0.01331, ct = 0.000543, ndl = 4069', bdl = 175215', odl = 9304', odf = 90014', bsi = 910', cnt = 18846', bdch = 1165625', odch = 147673', lcp = 69431', #sols = 150
<DWph=0> <it= 22> <et=5.80> <Mt= 0.00> <Spt= 0.02> <nCl= 44> <al=0.09> <DB= 2126.1103> <Mlp= 2126.2500> <PB=10000000> 
    RCSP exact solver info for graph G_0 : TT = 0.014585, pt = 5.4e-05, dt = 0.013342, ct = 0.000577, ndl = 3636', bdl = 158037', odl = 8875', odf = 86653', bsi = 970', cnt = 16949', bdch = 965711', odch = 135813', lcp = 61509', #sols = 150
<DWph=0> <it= 23> <et=5.82> <Mt= 0.01> <Spt= 0.02> <nCl=  9> <al=0.00> <DB= 2126.2500> <Mlp= 2126.2500> <PB=10000000> 
RCSP solver dynamic params and stats :  bidir.bord. = 375 aver.obdmd = 48.7742 aver.buck.num. = 51
@@ 1 4 2126.25 0.0137628 0.015862 92.4206 5.82
    Full reduced cost fixing is not called (gap ratio is 0.999999)
ColGenEvalAlg final dual bound: 2126.25 (rounded: 2127)
False gap improvement since the last cut separation : 0.00117592 (2126)
----- Cut separators priority level decreased to 1-----
Current active cuts : CAP(25,1217.48)
Shrinking heuristic shrunk 34 edges
4 Rank-1 1-rows pack. cuts added ,  max viol. = 0.25, aver. viol. = 0.25
150 Rank-1 3-rows pack. cuts added ,  max viol. = 0.5, aver. viol. = 0.286667
----- Add fac. cuts : R1C(154), max.viol = 0.5, aver.viol = 0.305195, sep/add took 0.0029341/0.323404 sec. -----
7033 columns (7033 active), 184 dyn. constrs. (179 active), 534 art. vars. (301 active)
<DWph=2> <it=  1> <et=6.38> <Mt= 0.12> <Spt= 0.02> <nCl= 30> <al=0.50> <DB=  279.2858> <Mlp= 2146.8275> <PB=10000000> 
<DWph=2> <it=  2> <et=6.45> <Mt= 0.05> <Spt= 0.01> <nCl= 27> <al=0.55> <DB= 1716.1614> <Mlp= 2141.9820> <PB=10000000> 
<DWph=2> <it=  3> <et=6.47> <Mt= 0.01> <Spt= 0.02> <nCl= 23> <al=0.60> <DB= 2121.7393> <Mlp= 2141.7407> <PB=10000000> 
<DWph=2> <it=  4> <et=6.50> <Mt= 0.01> <Spt= 0.01> <nCl= 29> <al=0.64> <DB= 2126.4262> <Mlp= 2141.4131> <PB=10000000> 
<DWph=2> <it=  5> <et=6.52> <Mt= 0.01> <Spt= 0.01> <nCl= 27> <al=0.67> <DB= 2103.8652> <Mlp= 2141.3215> <PB=10000000> 
<DWph=2> <it=  6> <et=6.55> <Mt= 0.01> <Spt= 0.02> <nCl= 16> <al=0.70> <DB= 2126.6573> <Mlp= 2140.9420> <PB=10000000> 
<DWph=2> <it=  7> <et=6.57> <Mt= 0.02> <Spt= 0.01> <nCl= 27> <al=0.60> <DB= 2010.3380> <Mlp= 2140.8083> <PB=10000000> 
<DWph=2> <it=  8> <et=6.60> <Mt= 0.01> <Spt= 0.01> <nCl= 22> <al=0.64> <DB= 2127.1470> <Mlp= 2140.6315> <PB=10000000> 
<DWph=2> <it=  9> <et=6.65> <Mt= 0.03> <Spt= 0.02> <nCl= 23> <al=0.68> <DB= 1937.3868> <Mlp= 2140.2301> <PB=10000000> 
<DWph=2> <it= 10> <et=6.68> <Mt= 0.02> <Spt= 0.01> <nCl= 26> <al=0.71> <DB= 2120.3240> <Mlp= 2139.8224> <PB=10000000> 
<DWph=2> <it= 11> <et=6.71> <Mt= 0.01> <Spt= 0.01> <nCl= 16> <al=0.74> <DB= 2120.3797> <Mlp= 2139.4767> <PB=10000000> 
<DWph=2> <it= 12> <et=6.73> <Mt= 0.01> <Spt= 0.02> <nCl= 19> <al=0.64> <DB= 2030.0854> <Mlp= 2139.4618> <PB=10000000> 
<DWph=2> <it= 13> <et=6.76> <Mt= 0.02> <Spt= 0.01> <nCl= 18> <al=0.68> <DB= 2101.7210> <Mlp= 2139.2016> <PB=10000000> 
<DWph=2> <it= 14> <et=6.79> <Mt= 0.01> <Spt= 0.01> <nCl= 13> <al=0.71> <DB= 2130.6117> <Mlp= 2139.0511> <PB=10000000> 
<DWph=2> <it= 15> <et=6.81> <Mt= 0.01> <Spt= 0.02> <nCl= 22> <al=0.61> <DB= 2129.3326> <Mlp= 2139.0358> <PB=10000000> 
<DWph=2> <it= 16> <et=6.84> <Mt= 0.01> <Spt= 0.01> <nCl= 20> <al=0.51> <DB= 2131.3877> <Mlp= 2138.6300> <PB=10000000> 
<DWph=2> <it= 17> <et=6.86> <Mt= 0.01> <Spt= 0.02> <nCl= 20> <al=0.56> <DB= 1563.2818> <Mlp= 2138.6142> <PB=10000000> 
<DWph=2> <it= 18> <et=6.98> <Mt= 0.11> <Spt= 0.01> <nCl= 13> <al=0.60> <DB= 2130.1456> <Mlp= 2136.0000> <PB=10000000> 
<DWph=2> <it= 19> <et=7.23> <Mt= 0.24> <Spt= 0.01> <nCl= 11> <al=0.64> <DB= 2134.0175> <Mlp= 2136.0000> <PB=10000000> 
<DWph=2> <it= 20> <et=7.25> <Mt= 0.00> <Spt= 0.01> <nCl= 10> <al=0.68> <DB= 2133.7933> <Mlp= 2136.0000> <PB=10000000> 
<DWph=2> <it= 21> <et=7.27> <Mt= 0.01> <Spt= 0.02> <nCl=  9> <al=0.71> <DB= 2005.3534> <Mlp= 2136.0000> <PB=10000000> 
Shrinking heuristic shrunk 56 edges
<DWph=2> <it= 22> <et=7.57> <Mt= 0.30> <Spt= 0.00> <nCl=  0> <al=0.74> <DB= 2005.3534> <Mlp= 2133.0000> <PB=2133> 
<DWph=1> <it= 23> <et=7.61> <Mt= 0.01> <Spt= 0.02> <nCl= 24> <al=0.74> <DB= 2040.8013> <Mlp= 2133.0000> <PB=2133> 
<DWph=1> <it= 24> <et=7.93> <Mt= 0.29> <Spt= 0.03> <nCl= 22> <al=0.64> <DB= 2103.2204> <Mlp= 2131.5000> <PB=2133> 
<DWph=1> <it= 25> <et=8.18> <Mt= 0.23> <Spt= 0.03> <nCl= 29> <al=0.68> <DB= 1862.2316> <Mlp= 2131.5000> <PB=2133> 
<DWph=1> <it= 26> <et=8.45> <Mt= 0.24> <Spt= 0.02> <nCl= 21> <al=0.71> <DB= 2116.6254> <Mlp= 2131.5000> <PB=2133> 
<DWph=1> <it= 27> <et=8.48> <Mt= 0.01> <Spt= 0.03> <nCl= 22> <al=0.61> <DB= 1773.1443> <Mlp= 2131.5000> <PB=2133> 
<DWph=1> <it= 28> <et=8.78> <Mt= 0.27> <Spt= 0.02> <nCl= 15> <al=0.65> <DB= 2064.1755> <Mlp= 2131.5000> <PB=2133> 
<DWph=1> <it= 29> <et=8.81> <Mt= 0.01> <Spt= 0.02> <nCl= 12> <al=0.68> <DB= 2126.7941> <Mlp= 2131.5000> <PB=2133> 
<DWph=1> <it= 30> <et=8.84> <Mt= 0.00> <Spt= 0.03> <nCl= 17> <al=0.71> <DB= 2030.9424> <Mlp= 2131.5000> <PB=2133> 
<DWph=1> <it= 31> <et=9.15> <Mt= 0.29> <Spt= 0.02> <nCl=  8> <al=0.74> <DB= 2129.4538> <Mlp= 2131.5000> <PB=2133> 
<DWph=1> <it= 32> <et=9.17> <Mt= 0.00> <Spt= 0.02> <nCl= 16> <al=0.64> <DB= 2126.7588> <Mlp= 2131.5000> <PB=2133> 
<DWph=1> <it= 33> <et=9.20> <Mt= 0.01> <Spt= 0.03> <nCl= 11> <al=0.68> <DB= 2130.1121> <Mlp= 2131.5000> <PB=2133> 
<DWph=1> <it= 34> <et=9.24> <Mt= 0.01> <Spt= 0.02> <nCl= 23> <al=0.58> <DB= 2123.3924> <Mlp= 2131.5000> <PB=2133> 
<DWph=1> <it= 35> <et=9.27> <Mt= 0.00> <Spt= 0.03> <nCl= 18> <al=0.62> <DB= 1931.1415> <Mlp= 2131.5000> <PB=2133> 
<DWph=1> <it= 36> <et=9.30> <Mt= 0.01> <Spt= 0.02> <nCl= 13> <al=0.66> <DB= 2129.8914> <Mlp= 2131.5000> <PB=2133> 
<DWph=1> <it= 37> <et=9.33> <Mt= 0.01> <Spt= 0.02> <nCl= 10> <al=0.56> <DB= 2128.2979> <Mlp= 2131.5000> <PB=2133> 
<DWph=1> <it= 38> <et=9.36> <Mt= 0.00> <Spt= 0.03> <nCl= 15> <al=0.60> <DB= 2131.8498> <Mlp= 2131.5000> <PB=2133> 
    RCSP exact solver info for graph G_0 : TT = 0.04048, pt = 0.000433, dt = 0.036298, ct = 0.003102, ndl = 7475', bdl = 302971', odl = 11190', odf = 118650', bsi = 1571', cnt = 116441', bdch = 2933568', odch = 332176', lcp = 155684', #sols = 150
<DWph=0> <it= 39> <et=9.43> <Mt= 0.01> <Spt= 0.06> <nCl=150> <al=0.64> <DB= 1706.3652> <Mlp= 2131.5000> <PB=2133> 
    RCSP exact solver info for graph G_0 : TT = 0.039225, pt = 0.000629, dt = 0.034571, ct = 0.003347, ndl = 7030', bdl = 284102', odl = 11209', odf = 116466', bsi = 1525', cnt = 105585', bdch = 2642593', odch = 307967', lcp = 145762', #sols = 150
<DWph=0> <it= 40> <et=9.77> <Mt= 0.29> <Spt= 0.06> <nCl= 66> <al=0.68> <DB= 1881.5591> <Mlp= 2131.5000> <PB=2133> 
    RCSP exact solver info for graph G_0 : TT = 0.039377, pt = 0.000574, dt = 0.03498, ct = 0.003042, ndl = 6690', bdl = 272210', odl = 10884', odf = 109857', bsi = 1289', cnt = 92751', bdch = 2430337', odch = 284605', lcp = 137925', #sols = 150
<DWph=0> <it= 41> <et=9.85> <Mt= 0.01> <Spt= 0.06> <nCl=104> <al=0.58> <DB= 2077.7360> <Mlp= 2131.5000> <PB=2133> 
    RCSP exact solver info for graph G_0 : TT = 0.036679, pt = 0.0006, dt = 0.033026, ct = 0.002396, ndl = 6744', bdl = 278531', odl = 10887', odf = 110958', bsi = 1255', cnt = 88785', bdch = 2495142', odch = 296931', lcp = 138062', #sols = 150
<DWph=0> <it= 42> <et=10.16> <Mt= 0.27> <Spt= 0.05> <nCl= 63> <al=0.62> <DB= 2125.0663> <Mlp= 2131.5000> <PB=2133> 
    RCSP exact solver info for graph G_0 : TT = 0.03734, pt = 0.000525, dt = 0.033169, ct = 0.002908, ndl = 6894', bdl = 280327', odl = 10771', odf = 112428', bsi = 1114', cnt = 115086', bdch = 2518825', odch = 315518', lcp = 144089', #sols = 150
<DWph=0> <it= 43> <et=10.24> <Mt= 0.01> <Spt= 0.06> <nCl=114> <al=0.52> <DB= 2127.7958> <Mlp= 2131.5000> <PB=2133> 
    RCSP exact solver info for graph G_0 : TT = 0.039579, pt = 0.000602, dt = 0.035237, ct = 0.002903, ndl = 7456', bdl = 304824', odl = 10849', odf = 114138', bsi = 1215', cnt = 133254', bdch = 2835329', odch = 351654', lcp = 157579', #sols = 150
<DWph=0> <it= 44> <et=10.31> <Mt= 0.01> <Spt= 0.06> <nCl=150> <al=0.42> <DB= 2124.9264> <Mlp= 2131.5000> <PB=2133> 
    RCSP exact solver info for graph G_0 : TT = 0.040043, pt = 0.000484, dt = 0.03608, ct = 0.002714, ndl = 7356', bdl = 300880', odl = 10996', odf = 115038', bsi = 1084', cnt = 126937', bdch = 2819751', odch = 354618', lcp = 155534', #sols = 150
<DWph=0> <it= 45> <et=10.38> <Mt= 0.01> <Spt= 0.06> <nCl= 87> <al=0.48> <DB= 2129.8388> <Mlp= 2131.5000> <PB=2133> 
    RCSP exact solver info for graph G_0 : TT = 0.038788, pt = 0.000566, dt = 0.034883, ct = 0.00261, ndl = 7499', bdl = 309457', odl = 10799', odf = 117623', bsi = 1169', cnt = 136443', bdch = 2888181', odch = 391117', lcp = 162443', #sols = 150
<DWph=0> <it= 46> <et=10.45> <Mt= 0.01> <Spt= 0.06> <nCl=150> <al=0.38> <DB= 2121.1394> <Mlp= 2131.5000> <PB=2133> 
    RCSP exact solver info for graph G_0 : TT = 0.041187, pt = 0.000678, dt = 0.036862, ct = 0.002906, ndl = 7651', bdl = 315656', odl = 11135', odf = 119989', bsi = 1033', cnt = 147534', bdch = 3034478', odch = 406785', lcp = 169818', #sols = 150
<DWph=0> <it= 47> <et=10.51> <Mt= 0.01> <Spt= 0.05> <nCl= 44> <al=0.44> <DB= 2130.1992> <Mlp= 2131.5000> <PB=2133> 
    RCSP exact solver info for graph G_0 : TT = 0.040361, pt = 0.000469, dt = 0.036288, ct = 0.00289, ndl = 7572', bdl = 313417', odl = 10900', odf = 118737', bsi = 1040', cnt = 139977', bdch = 2965705', odch = 393447', lcp = 163953', #sols = 150
<DWph=0> <it= 48> <et=10.56> <Mt= 0.00> <Spt= 0.05> <nCl= 30> <al=0.50> <DB= 2130.3262> <Mlp= 2131.5000> <PB=2133> 
    RCSP exact solver info for graph G_0 : TT = 0.040691, pt = 0.000527, dt = 0.03659, ct = 0.002868, ndl = 7725', bdl = 319607', odl = 10971', odf = 120372', bsi = 1028', cnt = 148200', bdch = 3073187', odch = 410405', lcp = 170761', #sols = 150
<DWph=0> <it= 49> <et=10.61> <Mt= 0.01> <Spt= 0.04> <nCl=  2> <al=0.55> <DB= 2130.8582> <Mlp= 2131.5000> <PB=2133> 
    RCSP exact solver info for graph G_0 : TT = 0.042043, pt = 0.000749, dt = 0.037449, ct = 0.002978, ndl = 7876', bdl = 324595', odl = 10984', odf = 122250', bsi = 1049', cnt = 166202', bdch = 3150878', odch = 431193', lcp = 175774', #sols = 150
<DWph=0> <it= 50> <et=10.67> <Mt= 0.00> <Spt= 0.05> <nCl= 28> <al=0.45> <DB= 2131.2113> <Mlp= 2131.5000> <PB=2133> 
    RCSP exact solver info for graph G_0 : TT = 0.043989, pt = 0.000665, dt = 0.03961, ct = 0.002974, ndl = 7812', bdl = 323192', odl = 10963', odf = 121287', bsi = 1026', cnt = 162438', bdch = 3111242', odch = 424319', lcp = 173946', #sols = 150
<DWph=0> <it= 51> <et=10.72> <Mt= 0.01> <Spt= 0.05> <nCl= 20> <al=0.50> <DB= 2131.1933> <Mlp= 2131.5000> <PB=2133> 
    RCSP exact solver info for graph G_0 : TT = 0.041101, pt = 0.000483, dt = 0.036531, ct = 0.003342, ndl = 7778', bdl = 321329', odl = 10999', odf = 121266', bsi = 1031', cnt = 162943', bdch = 3081936', odch = 424669', lcp = 173908', #sols = 150
    RCSP exact solver info for graph G_0 : TT = 0.04127, pt = 0.000485, dt = 0.037371, ct = 0.00269, ndl = 7694', bdl = 318113', odl = 10934', odf = 119939', bsi = 1038', cnt = 158409', bdch = 3017899', odch = 415960', lcp = 170404', #sols = 150
<DWph=0> <it= 52> <et=10.82> <Mt= 0.00> <Spt= 0.09> <nCl=  8> <al=0.10> <DB= 2131.4701> <Mlp= 2131.5000> <PB=2133> 
    RCSP exact solver info for graph G_0 : TT = 0.040181, pt = 0.000449, dt = 0.035975, ct = 0.002836, ndl = 7737', bdl = 319700', odl = 10937', odf = 120362', bsi = 1041', cnt = 161406', bdch = 3042922', odch = 420587', lcp = 171325', #sols = 150
    RCSP exact solver info for graph G_0 : TT = 0.027271, pt = 0.000169, dt = 0.024248, ct = 0.002018, ndl = 6845', bdl = 286861', odl = 10503', odf = 115150', bsi = 1192', cnt = 141350', bdch = 2459734', odch = 382268', lcp = 155446', #sols = 150
<DWph=0> <it= 53> <et=10.90> <Mt= 0.01> <Spt= 0.08> <nCl= 61> <al=0.00> <DB= 2131.5000> <Mlp= 2131.5000> <PB=2133> 
RCSP solver dynamic params and stats :  bidir.bord. = 375 aver.obdmd = 48.7742 aver.buck.num. = 51 nbR1C = 15 with avMem = 8.8
@@ 1 5 2131.5 0.0380995 0.042584 92.4206 10.9
RCSP      solver labels distribution in 1065 buckets (bucket size) : largest - 64, top 0.1% - 63, top 0.5% - 53, top 2% - 37, top 10% - 14, top 50% - 4
Reduced cost fixing for graph G_0...  TT = 0.012698, pt = 0.004704, dt = 0.007662, ct = 0, ndl = 9869', bdl = 83356', odl = 2681', odf = 63277', lpcb = 164592', cnt = 103370', bdch = 823057', odch = 235037', lcp = 48282'
5711 buck. arcs remain (3.46% from prev., 3.19% from max.) + 4158 jump buck. arcs (2.33% from max.)
 TT = 0.030817, pt = 0.004704, dt = 0.007662, ct = 0.018043, ndl = 9869', bdl = 83356', odl = 2681', odf = 63277', lpcb = 164592', cnt = 799424', bdch = 823057', odch = 235037', lcp = 48282'
RCSP      solver labels distribution in 1719 buckets (bucket size) : largest - 64, top 0.1% - 64, top 0.5% - 55, top 2% - 31, top 10% - 13, top 50% - 3
Run forward enumeration with border = 375... succeeded! lpt = 0.010563, ndl = 1569', dl = 28', lpcb = 2518', dch = 404'
Run enumeration concatenation with time limit 0.79305 sec.... succeeded!
Sorting and storing enumerated solutions ... done!
 TT = 0.013508, pt = 0, dt = 0.010563, ct = 0.0005, ndl = 1569', bdl = 28', lpcb = 2518', cnt = 46143', bdch = 404', odch = 0', lcp = 0'
Enumeration succeeded!, number of elem. solutions is 412
Estimating inspection time...     TT = 0.000179, performed by inspection with 412 solutions, nbR1C = 15, nbDiscC = 0
Inspection time is low enough. Pricing will be done by inspection.
Added 225 columns in the formulation 
Removed 8582 columns (not in the enumerated set) from the formulation
Regenerated 225 columns with the 'enumerated' flag
Added 328 columns in the formulation 
ColGenEvalAlg final dual bound: 2131.5 (rounded: 2132)
Gap improvement since the last cut separation : 0.777778 (2126.25)
Current active cuts : CAP(20,1108.95) R1C(1+14,76.6391) 1rowPackR1C(1) 3rowPackR1C(14)
----- Terminating the node by MIP -----
Version identifier: 22.1.2.0 | 2024-11-26 | 0edbb82fd
CPXPARAM_Advance                                 0
CPXPARAM_Preprocessing_Linear                    0
CPXPARAM_Threads                                 1
CPXPARAM_MIP_Strategy_CallbackReducedLP          0
CPXPARAM_MIP_Limits_Nodes                        2000000
CPXPARAM_Simplex_Tolerances_Optimality           9.9999999999999995e-08
CPXPARAM_Simplex_Tolerances_Feasibility          9.9999999999999995e-08
CPXPARAM_TimeLimit                               360000
CPXPARAM_MIP_Tolerances_UpperCutoff              2132.0000009999999
CPXPARAM_MIP_Tolerances_MIPGap                   1.0000000000000001e-09
Legacy callback                                  L
Warning: Control callbacks may disable some MIP features.
Tried aggregator 2 times.
MIP Presolve eliminated 229 rows and 536 columns.
MIP Presolve modified 11056 coefficients.
Aggregator did 2 substitutions.
Reduced MIP has 10 rows, 15 columns, and 67 nonzeros.
Reduced MIP has 15 binaries, 0 generals, 0 SOSs, and 0 indicators.
Presolve time = 0.02 sec. (58.81 ticks)
Probing changed sense of 1 constraints.
Probing time = 0.00 sec. (0.02 ticks)
Clique table members: 5.
MIP emphasis: balance optimality and feasibility.
MIP search method: traditional branch-and-cut.
Parallel mode: none, using 1 thread.
Root relaxation solution time = 0.00 sec. (0.02 ticks)
Shrinking heuristic shrunk 56 edges

        Nodes                                         Cuts/
   Node  Left     Objective  IInf  Best Integer    Best Bound    ItCnt     Gap         Variable B NodeID Parent  Depth

*     0     0      integral     0     2132.0000     2132.0000        4    0.00%                        0             0
Elapsed time = 0.02 sec. (58.88 ticks, tree = 0.00 MB, solutions = 1)

Root node processing (before b&c):
  Real time             =    0.02 sec. (58.89 ticks)
Sequential b&c:
  Real time             =    0.00 sec. (0.00 ticks)
                          ------------
Total (root+branch&cut) =    0.02 sec. (58.89 ticks)
Solution status = Optimum
Shrinking heuristic shrunk 56 edges
New model incumbent solution 2132, TIME = 0h0m11s11t = 1111
************************************************************************************************
Search is finished, global bounds : [ 2132 , 2132 ], TIME = 0h0m11s11t = 1111
************************************************************************************************
[32mBaPCod : solution defined.[00m
statistics_cols: instance & :Optimal & cutoff & :bcRecRootDb & :bcTimeRootEval & :bcCountNodeProc & :bcRecBestDb & :bcRecBestInc & :bcTimeMain \\
statistics: instance_28-triangle & 1 & 1.0e7 & 2132.00 & 11.11 & 1 & 2132.00 & 2132 & 11.11 \\
########################################################
Route #1: 2 16 35 7 49 15 32 4 26 34 53 60 40 37 41 
Route #2: 3 36 11 27 8 14 30 10 22 56 18 20 17 
Route #3: 6 54 24 9 51 50 58 57 48 29 52 45 31 25 33 28 
Route #4: 13 42 19 1 38 44 46 39 47 5 43 59 12 21 55 23 
Cost 2132
########################################################

end_time=2026-04-19 23:18:47
exit_code=0
