instance_file=/mnt/c/Users/porin/OneDrive/Documentos/Python-Mestrado/Modelagem Matemática/Programação Inteira - Uchoa/Problema VRPRDL/instancias_turco/VRPRDL-triangle/vrp_convertidos/instance_29-triangle.vrp
instance_name=instance_29-triangle
start_time=2026-04-19 23:18:47

  Activating project at `~/VRPSolver/VRPSolverDemos`
Application parameters:
  batch  =>  nothing
  instance  =>  "/mnt/c/Users/porin/OneDrive/Documentos/Python-Mestrado/Modelagem Matemática/Programação Inteira - Uchoa/Problema VRPRDL/instancias_turco/VRPRDL-triangle/vrp_convertidos/instance_29-triangle.vrp"
  noround  =>  false
  cfg  =>  "/home/poringman/VRPSolver/VRPSolverDemos/src/../config/CVRP.cfg"
  edge_cuts  =>  false
  out  =>  nothing
  ub  =>  1.0e7
  cluster_branching  =>  1.0
  sol  =>  nothing
  single_resource  =>  false
  strong_kpath_cuts  =>  false
  tikz  =>  nothing
  maxr  =>  999
  update  =>  false
  show_complete_form  =>  false
  nosolve  =>  false
  minr  =>  1
  low_edge_priority  =>  false
~~~~~~~~~~~~~~~~~~~~~~~~~~~~~~~~~~~~~~~~~~~~~~~~~~~~~~~~~~~~~~~~~~~~~~~~~~~~~~~~~~~~~
GIT VERSION RCSP: 
GIT BRANCH: 
~~~~~~~~~~~~~~~~~~~~~~~~~~~~~~~~~~~~~~~~~~~~~~~~~~~~~~~~~~~~~~~~~~~~~~~~~~~~~~~~~~~~~
VRPSolver v0.6.16, 10/11/2025, © Inria Bordeaux, France, vrpsolver.math.u-bordeaux.fr
      Corresponds to the solver by Pessoa, Sadykov, Uchoa and Vanderbeck (2020)
                 Paper: dx.doi.org/10.1007/s10107-020-01523-z
~~~~~~~~~~~~~~~~~~~~~~~~~~~~~~~~~~~~~~~~~~~~~~~~~~~~~~~~~~~~~~~~~~~~~~~~~~~~~~~~~~~~~
GIT VERSION BAPCOD: a7cb21f19424236c9d0da5dcf94961797a519470
GIT BRANCH: main
~~~~~~~~~~~~~~~~~~~~~~~~~~~~~~~~~~~~~~~~~~~~~~~~~~~~~~~~~~~~~~~~~~~~~~~~~~~~~~~~~~~~~
   BaPCod v0.84, 10/11/2025, © Inria Bordeaux, France, bapcod.math.u-bordeaux.fr 
           THIS CODE IS PROVIDED AS IS, USE IT AT YOUR OWN RISK
~~~~~~~~~~~~~~~~~~~~~~~~~~~~~~~~~~~~~~~~~~~~~~~~~~~~~~~~~~~~~~~~~~~~~~~~~~~~~~~~~~~~~
--- MAIN PARAMETERS ---
GlobalTimeLimitInTick = 2147483645
GlobalTimeLimit = 21474836
ClockType = 0
MaxNbOfBBtreeNodeTreated = 100000
optimalityGapTolerance = 1e-06
relOptimalityGapTolerance = 1e-09
ApplyPreprocessing = false
PreprocessVariablesLocalBounds = false
treeSearchStrategy = 1
OpenNodesLimit = 1000
DEFAULTPRINTLEVEL = 0
--- MIP SOLVER PARAMETERS ---
solverName = CPLEX_SOLVER
MipSolverMaxBBNodes = 2000000
MipSolverMaxTime = 360000
MipSolverMultiThread = 1
--- COLUMN GENERATION PARAMETERS ---
SolverSelectForMast = a
  colGenSubProbSolMode = customSolver
mastInitMode = localArtCol
ArtVarPenaltyUpdateFactor = 2
ArtVarMaxNbOfPenaltyUpdates = 5
MaxNbOfStagesInColGenProcedure = 3
GenerateProperColumns = false
InsertAllGeneratedColumnsInFormRatherThanInPool = true
InsertNewNonNegColumnsDirectlyInFormRatherThanInPool = true
ColumnCleanupThreshold = 10000
ColumnCleanupRatio = 0.66
ReducedCostFixingThreshold = 0.9
--- CUT GENERATION PARAMETERS ---
MasterCuttingPlanesDepthLimit = 1000
MaxNbOfCutGeneratedAtEachIter = 1000
CutTailingOffThreshold = 0.015
CutTailingOffCounterThreshold = 3
CutCleanupThreshold = 1
CutCleanupRatio = 0.66
ColGenSpRelaxationImprovementPriority = 0
--- STABILIZATION PARAMETERS ---
colGenDualPriceSmoothingAlphaFactor = 1
colGenDualPriceSmoothingBetaFactor = 0
colGenStabilizationFunctionType = none
colGenProximalStabilizationRule = undefined
StabilFuncKappa = 1
colGenStabilizationMaxTreeDepth = 10000
StabilizationMinPhaseOfStage = 0
--- PRIMAL HEURISTIC PARAMETERS ---
UseInitialPrimalHeur = false
MaxTimeForRestrictedMasterIpHeur = -1
CallFrequencyOfRestrictedMasterIpHeur = 5
MIPemphasisInRestrictedMasterIpHeur = 1
PolishingAfterTimeInRestrictedMasterIpHeur = -1
DivingHeurUseDepthLimit = -1
CallFrequencyOfDivingHeur = 1
LeastFractional
Closest2RoundUp
LeastGreedyCost
LeastCost
FixIntValBeforeRoundingHeur = true
MaxNbOfCgIteDuringRh = 5000
MaxLDSbreadth = 0
MaxLDSdepth = 0
DivingHeurStopsWithFirstFeasSol = false
DivingHeurPreprocessBeforeChoosingVar = false
StrongDivingCandidatesNumber = 1
EvalAlgParamsInDiving = max#cand. = 1 max#cg.iters = 10000 min.lvl.sp.restr. = 1 min#cut.rounds = 0 max#cut.rounds = 0 red.cost.fix&enum. = false tree.size.ratio = 1
LocalSearchHeurUseDepthLimit = -1
LeastFractional
Closest2RoundUp
LeastGreedyCost
LeastCost
MaxFactorOfColFixedByLocalSearchHeur = 0.8
MaxLocalSearchIterationCounter = 3
--- STRONG BRANCHING PARAMETERS ---
SimplifiedStrongBranchingParameterisation = true
StrongBranchingPhaseOneCandidatesNumber = 100
StrongBranchingPhaseOneTreeSizeEstimRatio = 0.2
StrongBranchingPhaseTwoCandidatesNumber = 3
StrongBranchingPhaseTwoTreeSizeEstimRatio = 0.02
SafeDualBoundScaleFactor = -1
StrongBranchingPhaseOne = max#cand. = 100 max#cg.iters = 0 min.lvl.sp.restr. = 0 min#cut.rounds = 0 max#cut.rounds = 0 red.cost.fix&enum. = false tree.size.ratio = 0.2
StrongBranchingPhaseTwo = max#cand. = 3 max#cg.iters = 10000 min.lvl.sp.restr. = 1 min#cut.rounds = 0 max#cut.rounds = 0 red.cost.fix&enum. = false tree.size.ratio = 0.02
StrongBranchingPhaseThree = max#cand. = 1 max#cg.iters = 10000 min.lvl.sp.restr. = 0 min#cut.rounds = 0 max#cut.rounds = 10000 red.cost.fix&enum. = true tree.size.ratio = 1
StrongBranchingPhaseFour =not active
--- DEBUG OUTPUT PARAMETERS ---
printMasterPrimalSols = 0
--- VRPSOLVER PARAMETERS ---
RCSPstopCutGenTimeThresholdInPricing = 10
RCSPhardTimeThresholdInPricing = 25
RCSPredCostFixingTimeThreshold = 100
RCSPnumberOfBucketsPerVertex = 25
RCSPdynamicBucketSteps = 1
RCSPuseBidirectionalSearch = 2
RCSPapplyReducedCostFixing = 1
RCSPmaxNumOfColsPerIteration = 30
RCSPmaxNumOfColsPerExactIteration = 150
RCSPmaxNumOfLabelsInEnumeration = 500000
RCSPmaxNumOfLabelsInHeurEnumeration = 0
RCSPmaxNumOfEnumeratedSolutions = 5000000
RCSPmaxNumOfEnumSolutionsForMIP = 10000
RCSPmaxNumOfEnumSolsForEndOfNodeMIP = 10000
RCSPinitNGneighbourhoodSize = 8
RCSPmaxNGneighbourhoodSize = 8
RCSPrankOneCutsMaxNumRows = 5
RCSPrankOneCutsMaxNumPerRound = 100
RCSPrankOneCutsMemoryType = 0
RCSPrankOneCutsLSnumIterations = 1000
RCSPallowRoutesWithSameVerticesSet = true
RCSPredCostFixingFalseGap = 0
SafeDualBoundScaleFactor = -1
RCSPmaxNumOfLabelsInHeurEnumeration = 0
MaxNumEnumSolsInRestrictedMasterIpHeur = 5000

prName & bcTimeMain \\ 
New model incumbent solution 1e+07, TIME = 0h0m0s42t = 42
RCSP solver info : size of non-robust cut bitmask in a label is 640 bits
Bucket steps were recalculated for graph G_0 : [30]
RCSP solver info : symmetric case is detected for graph G_0! 
Bidirectional border value is initialised to 375
RCSP solver info : number of forw. reachable buckets / buck. strongly connected components is 1575( 97.7047% ) / 1175( 74.6032% )
RCSP solver info: std. label size is 56, ext. label size is 136
Generating neighbourhoods for rank-1 cuts separation
Building structures for 4- and 5-row rank-1 packing cut separation...done!
Model is built TIME = 0h0m0s44t = 44
************************************************************************************************
**** BaB tree root node
**** Local DB = -1e+12, global bounds : [ -1e+12 , 1e+07 ], TIME = 0h0m0s44t = 44
**** 1 open nodes, 0 columns (0 active), 0 dyn. constrs. (0 active), 122 art. vars. (122 active)
************************************************************************************************
--------------------------------------------------------------------------
BaPCod info : first we run the root node with rank-1 cuts with node memory
--------------------------------------------------------------------------
#<DWph=2> <it=  1> <et=0.44> <Mt= 0.00> <Spt= 0.00> <nCl= 30> <al=0.00> <DB=-53279874000.0000> <Mlp=1488000000.0000> <PB=10000000> 
#<DWph=2> <it=  2> <et=0.44> <Mt= 0.00> <Spt= 0.00> <nCl= 30> <al=0.55> <DB=-41622191812.2900> <Mlp=1434000191.8000> <PB=10000000> 
#<DWph=2> <it=  3> <et=0.45> <Mt= 0.00> <Spt= 0.00> <nCl= 30> <al=0.45> <DB=-34304895711.3305> <Mlp=1324714949.7143> <PB=10000000> 
#<DWph=2> <it=  4> <et=0.45> <Mt= 0.00> <Spt= 0.01> <nCl= 30> <al=0.35> <DB=-35826194631.1499> <Mlp=1290618784.7515> <PB=10000000> 
#<DWph=2> <it=  5> <et=0.45> <Mt= 0.00> <Spt= 0.00> <nCl= 30> <al=0.42> <DB=-35351512326.3527> <Mlp=1211861571.7268> <PB=10000000> 
#<DWph=2> <it=  6> <et=0.46> <Mt= 0.00> <Spt= 0.00> <nCl= 30> <al=0.32> <DB=-36409863878.8342> <Mlp=1186517156.6326> <PB=10000000> 
#<DWph=2> <it=  7> <et=0.46> <Mt= 0.00> <Spt= 0.01> <nCl= 30> <al=0.22> <DB=-32814505099.8376> <Mlp=1172956432.7706> <PB=10000000> 
#<DWph=2> <it=  8> <et=0.46> <Mt= 0.00> <Spt= 0.00> <nCl= 30> <al=0.12> <DB=-28112950767.6590> <Mlp=1160998299.4502> <PB=10000000> 
#<DWph=2> <it=  9> <et=0.47> <Mt= 0.00> <Spt= 0.00> <nCl= 30> <al=0.20> <DB=-30322273665.4071> <Mlp=1138511562.8348> <PB=10000000> 
#<DWph=2> <it= 10> <et=0.47> <Mt= 0.00> <Spt= 0.00> <nCl= 30> <al=0.28> <DB=-23396582427.4595> <Mlp=1131407271.6705> <PB=10000000> 
#<DWph=2> <it= 11> <et=0.47> <Mt= 0.00> <Spt= 0.01> <nCl= 30> <al=0.35> <DB=-28253741135.9604> <Mlp=1041783978.1186> <PB=10000000> 
#<DWph=2> <it= 12> <et=0.47> <Mt= 0.00> <Spt= 0.00> <nCl= 30> <al=0.42> <DB=-22481936726.4331> <Mlp=995048845.7095> <PB=10000000> 
#<DWph=2> <it= 13> <et=0.48> <Mt= 0.00> <Spt= 0.00> <nCl= 30> <al=0.48> <DB=-22122370208.0080> <Mlp=945975837.4463> <PB=10000000> 
#<DWph=2> <it= 14> <et=0.48> <Mt= 0.00> <Spt= 0.01> <nCl= 30> <al=0.53> <DB=-21322604772.3085> <Mlp=893319102.3081> <PB=10000000> 
#<DWph=2> <it= 15> <et=0.48> <Mt= 0.00> <Spt= 0.00> <nCl= 30> <al=0.58> <DB=-20264494140.1761> <Mlp=880811317.0716> <PB=10000000> 
BaPCod info: Cplex status is 'Optimal solution found, unscaled infeasibilities'
#<DWph=2> <it= 16> <et=0.49> <Mt= 0.00> <Spt= 0.00> <nCl= 30> <al=0.62> <DB=-20231637243.9703> <Mlp=861343390.7163> <PB=10000000> 
#<DWph=2> <it= 17> <et=0.49> <Mt= 0.00> <Spt= 0.01> <nCl= 30> <al=0.66> <DB=-18794436281.9373> <Mlp=712400143.7093> <PB=10000000> 
#<DWph=2> <it= 18> <et=0.50> <Mt= 0.00> <Spt= 0.00> <nCl= 30> <al=0.69> <DB=-18707863494.2453> <Mlp=633266697.4651> <PB=10000000> 
#<DWph=2> <it= 19> <et=0.50> <Mt= 0.00> <Spt= 0.00> <nCl= 30> <al=0.72> <DB=-19029005271.2906> <Mlp=550099360.4780> <PB=10000000> 
#<DWph=2> <it= 20> <et=0.50> <Mt= 0.00> <Spt= 0.00> <nCl= 30> <al=0.75> <DB=-17523024075.9237> <Mlp=519310617.3168> <PB=10000000> 
#<DWph=2> <it= 21> <et=0.51> <Mt= 0.00> <Spt= 0.01> <nCl= 30> <al=0.78> <DB=-17672335281.0974> <Mlp=412016287.1697> <PB=10000000> 
#<DWph=2> <it= 22> <et=0.51> <Mt= 0.00> <Spt= 0.00> <nCl= 30> <al=0.80> <DB=-16854385600.6494> <Mlp=325359048.7123> <PB=10000000> 
#<DWph=2> <it= 23> <et=0.51> <Mt= 0.00> <Spt= 0.00> <nCl= 30> <al=0.82> <DB=-16617264791.6232> <Mlp=222290811.9647> <PB=10000000> 
#<DWph=2> <it= 24> <et=0.52> <Mt= 0.00> <Spt= 0.01> <nCl= 30> <al=0.84> <DB=-17138080807.1633> <Mlp=189448940.1237> <PB=10000000> 
#<DWph=2> <it= 25> <et=0.52> <Mt= 0.01> <Spt= 0.00> <nCl= 30> <al=0.85> <DB=-17324488215.6385> <Mlp=167225821.4814> <PB=10000000> 
#<DWph=2> <it= 26> <et=0.53> <Mt= 0.00> <Spt= 0.00> <nCl= 30> <al=0.87> <DB=-16104264683.9455> <Mlp=141029309.8582> <PB=10000000> 
#<DWph=2> <it= 27> <et=0.53> <Mt= 0.00> <Spt= 0.00> <nCl= 30> <al=0.77> <DB=-14460107609.3630> <Mlp=73678473.1841> <PB=10000000> 
#<DWph=2> <it= 28> <et=0.53> <Mt= 0.00> <Spt= 0.01> <nCl= 30> <al=0.67> <DB=-13218485957.0700> <Mlp=49584775.1545> <PB=10000000> 
BaPCod info: Cplex status is 'Optimal solution found, unscaled infeasibilities'
#<DWph=2> <it= 29> <et=0.54> <Mt= 0.00> <Spt= 0.00> <nCl= 30> <al=0.57> <DB=-10480478071.2550> <Mlp=11032639.4269> <PB=10000000> 
#<DWph=2> <it= 30> <et=0.54> <Mt= 0.00> <Spt= 0.00> <nCl= 30> <al=0.47> <DB=-8091286378.2664> <Mlp=6048174.6150> <PB=10000000> 
#<DWph=2> <it= 31> <et=0.55> <Mt= 0.00> <Spt= 0.01> <nCl= 30> <al=0.52> <DB=-3934583441.2652> <Mlp=1315942.5451> <PB=10000000> 
#<DWph=2> <it= 32> <et=0.55> <Mt= 0.00> <Spt= 0.00> <nCl= 30> <al=0.42> <DB=-1328093593.3914> <Mlp=1130148.2244> <PB=10000000> 
#<DWph=2> <it= 33> <et=0.55> <Mt= 0.01> <Spt= 0.00> <nCl= 30> <al=0.32> <DB=-50358297.3039> <Mlp=1064662.1199> <PB=10000000> 
#<DWph=2> <it= 34> <et=0.56> <Mt= 0.00> <Spt= 0.00> <nCl= 30> <al=0.22> <DB=-44510626.8118> <Mlp=937541.6987> <PB=10000000> 
<DWph=2> <it= 35> <et=0.56> <Mt= 0.00> <Spt= 0.01> <nCl= 30> <al=0.00> <DB=-187664.9301> <Mlp= 6002.0617> <PB=10000000> 
<DWph=2> <it= 36> <et=0.57> <Mt= 0.00> <Spt= 0.00> <nCl= 30> <al=0.02> <DB=-138214.3518> <Mlp= 5801.4666> <PB=10000000> 
<DWph=2> <it= 37> <et=0.57> <Mt= 0.00> <Spt= 0.00> <nCl= 30> <al=0.12> <DB=-145485.9245> <Mlp= 5669.3822> <PB=10000000> 
<DWph=2> <it= 38> <et=0.58> <Mt= 0.00> <Spt= 0.01> <nCl= 30> <al=0.21> <DB=-120227.7120> <Mlp= 5492.7453> <PB=10000000> 
<DWph=2> <it= 39> <et=0.58> <Mt= 0.00> <Spt= 0.00> <nCl= 30> <al=0.29> <DB=-107247.3190> <Mlp= 5370.1024> <PB=10000000> 
<DWph=2> <it= 40> <et=0.59> <Mt= 0.00> <Spt= 0.00> <nCl= 30> <al=0.36> <DB=-95011.3177> <Mlp= 5286.6407> <PB=10000000> 
<DWph=2> <it= 41> <et=0.59> <Mt= 0.01> <Spt= 0.01> <nCl= 30> <al=0.42> <DB=-94896.3405> <Mlp= 4952.4681> <PB=10000000> 
<DWph=2> <it= 42> <et=0.60> <Mt= 0.00> <Spt= 0.00> <nCl= 30> <al=0.48> <DB=-85530.9159> <Mlp= 4614.8435> <PB=10000000> 
<DWph=2> <it= 43> <et=0.60> <Mt= 0.00> <Spt= 0.00> <nCl= 30> <al=0.53> <DB=-87708.9214> <Mlp= 4364.7182> <PB=10000000> 
<DWph=2> <it= 44> <et=0.60> <Mt= 0.00> <Spt= 0.00> <nCl= 30> <al=0.58> <DB=-73376.9292> <Mlp= 4206.2672> <PB=10000000> 
<DWph=2> <it= 45> <et=0.61> <Mt= 0.00> <Spt= 0.01> <nCl= 30> <al=0.62> <DB=-74876.3958> <Mlp= 4114.1116> <PB=10000000> 
<DWph=2> <it= 46> <et=0.61> <Mt= 0.00> <Spt= 0.00> <nCl= 30> <al=0.66> <DB=-68754.7880> <Mlp= 3981.6585> <PB=10000000> 
<DWph=2> <it= 47> <et=0.62> <Mt= 0.00> <Spt= 0.00> <nCl= 30> <al=0.69> <DB=-55820.2275> <Mlp= 3915.1561> <PB=10000000> 
<DWph=2> <it= 48> <et=0.62> <Mt= 0.01> <Spt= 0.01> <nCl= 30> <al=0.72> <DB=-53051.4967> <Mlp= 3783.4213> <PB=10000000> 
<DWph=2> <it= 49> <et=0.63> <Mt= 0.00> <Spt= 0.00> <nCl= 30> <al=0.75> <DB=-46363.5101> <Mlp= 3715.9304> <PB=10000000> 
<DWph=2> <it= 50> <et=0.63> <Mt= 0.00> <Spt= 0.00> <nCl= 30> <al=0.65> <DB=-38489.1631> <Mlp= 3595.5860> <PB=10000000> 
<DWph=2> <it= 51> <et=0.64> <Mt= 0.00> <Spt= 0.01> <nCl= 30> <al=0.69> <DB=-37592.1663> <Mlp= 3402.9174> <PB=10000000> 
<DWph=2> <it= 52> <et=0.64> <Mt= 0.00> <Spt= 0.00> <nCl= 30> <al=0.72> <DB=-31663.8331> <Mlp= 3302.6947> <PB=10000000> 
<DWph=2> <it= 53> <et=0.65> <Mt= 0.00> <Spt= 0.00> <nCl= 30> <al=0.75> <DB=-29561.8611> <Mlp= 3191.6205> <PB=10000000> 
<DWph=2> <it= 54> <et=0.66> <Mt= 0.01> <Spt= 0.01> <nCl= 30> <al=0.77> <DB=-28646.9543> <Mlp= 3007.4808> <PB=10000000> 
<DWph=2> <it= 55> <et=0.66> <Mt= 0.00> <Spt= 0.00> <nCl= 30> <al=0.79> <DB=-23413.1542> <Mlp= 2873.0006> <PB=10000000> 
<DWph=2> <it= 56> <et=0.67> <Mt= 0.00> <Spt= 0.01> <nCl= 30> <al=0.69> <DB=-23482.9231> <Mlp= 2820.3318> <PB=10000000> 
<DWph=2> <it= 57> <et=0.67> <Mt= 0.00> <Spt= 0.00> <nCl= 30> <al=0.72> <DB=-24108.7093> <Mlp= 2768.1954> <PB=10000000> 
<DWph=2> <it= 58> <et=0.68> <Mt= 0.00> <Spt= 0.00> <nCl= 30> <al=0.75> <DB=-18364.7088> <Mlp= 2719.8674> <PB=10000000> 
<DWph=2> <it= 59> <et=0.68> <Mt= 0.01> <Spt= 0.01> <nCl= 30> <al=0.65> <DB=-23717.0981> <Mlp= 2619.8884> <PB=10000000> 
<DWph=2> <it= 60> <et=0.69> <Mt= 0.00> <Spt= 0.00> <nCl= 30> <al=0.69> <DB=-17479.9310> <Mlp= 2578.1806> <PB=10000000> 
<DWph=2> <it= 61> <et=0.69> <Mt= 0.00> <Spt= 0.00> <nCl= 30> <al=0.72> <DB=-18255.8280> <Mlp= 2546.0597> <PB=10000000> 
<DWph=2> <it= 62> <et=0.70> <Mt= 0.00> <Spt= 0.01> <nCl= 30> <al=0.75> <DB=-13959.9639> <Mlp= 2504.7386> <PB=10000000> 
<DWph=2> <it= 63> <et=0.70> <Mt= 0.00> <Spt= 0.00> <nCl= 30> <al=0.65> <DB=-11264.2112> <Mlp= 2464.1892> <PB=10000000> 
<DWph=2> <it= 64> <et=0.71> <Mt= 0.00> <Spt= 0.00> <nCl= 30> <al=0.68> <DB=-8124.6042> <Mlp= 2433.5948> <PB=10000000> 
<DWph=2> <it= 65> <et=0.71> <Mt= 0.01> <Spt= 0.01> <nCl= 30> <al=0.58> <DB=-8791.3714> <Mlp= 2393.5218> <PB=10000000> 
<DWph=2> <it= 66> <et=0.72> <Mt= 0.00> <Spt= 0.00> <nCl= 30> <al=0.62> <DB=-7381.8192> <Mlp= 2368.4346> <PB=10000000> 
<DWph=2> <it= 67> <et=0.73> <Mt= 0.00> <Spt= 0.01> <nCl= 30> <al=0.66> <DB=-7228.9958> <Mlp= 2337.0467> <PB=10000000> 
<DWph=2> <it= 68> <et=0.73> <Mt= 0.00> <Spt= 0.00> <nCl= 30> <al=0.70> <DB=-5784.3977> <Mlp= 2333.8567> <PB=10000000> 
<DWph=2> <it= 69> <et=0.74> <Mt= 0.00> <Spt= 0.00> <nCl= 30> <al=0.73> <DB=-3920.3733> <Mlp= 2311.6784> <PB=10000000> 
<DWph=2> <it= 70> <et=0.74> <Mt= 0.00> <Spt= 0.01> <nCl= 30> <al=0.63> <DB=-3047.1083> <Mlp= 2291.4025> <PB=10000000> 
<DWph=2> <it= 71> <et=0.75> <Mt= 0.01> <Spt= 0.00> <nCl= 30> <al=0.66> <DB=-2659.4301> <Mlp= 2277.0856> <PB=10000000> 
<DWph=2> <it= 72> <et=0.75> <Mt= 0.00> <Spt= 0.00> <nCl= 30> <al=0.70> <DB=-1332.2770> <Mlp= 2262.8579> <PB=10000000> 
<DWph=2> <it= 73> <et=0.76> <Mt= 0.00> <Spt= 0.01> <nCl= 30> <al=0.60> <DB=-1578.0957> <Mlp= 2242.2860> <PB=10000000> 
<DWph=2> <it= 74> <et=0.76> <Mt= 0.00> <Spt= 0.00> <nCl= 30> <al=0.64> <DB= -663.6905> <Mlp= 2236.2346> <PB=10000000> 
<DWph=2> <it= 75> <et=0.77> <Mt= 0.00> <Spt= 0.00> <nCl= 30> <al=0.67> <DB=    7.9747> <Mlp= 2219.5461> <PB=10000000> 
<DWph=2> <it= 76> <et=0.77> <Mt= 0.00> <Spt= 0.01> <nCl= 30> <al=0.71> <DB=   46.2997> <Mlp= 2206.9180> <PB=10000000> 
<DWph=2> <it= 77> <et=0.78> <Mt= 0.01> <Spt= 0.00> <nCl= 28> <al=0.74> <DB=  593.1778> <Mlp= 2197.8156> <PB=10000000> 
<DWph=2> <it= 78> <et=0.78> <Mt= 0.00> <Spt= 0.00> <nCl= 30> <al=0.64> <DB=  228.7831> <Mlp= 2190.9147> <PB=10000000> 
<DWph=2> <it= 79> <et=0.79> <Mt= 0.00> <Spt= 0.01> <nCl= 30> <al=0.67> <DB= 1272.8989> <Mlp= 2180.5682> <PB=10000000> 
<DWph=2> <it= 80> <et=0.80> <Mt= 0.00> <Spt= 0.00> <nCl= 30> <al=0.57> <DB= 1586.2459> <Mlp= 2173.1785> <PB=10000000> 
<DWph=2> <it= 81> <et=0.80> <Mt= 0.01> <Spt= 0.00> <nCl= 30> <al=0.61> <DB=  988.4004> <Mlp= 2162.0971> <PB=10000000> 
<DWph=2> <it= 82> <et=0.81> <Mt= 0.00> <Spt= 0.01> <nCl= 30> <al=0.65> <DB= 1472.3375> <Mlp= 2154.6094> <PB=10000000> 
<DWph=2> <it= 83> <et=0.81> <Mt= 0.00> <Spt= 0.00> <nCl= 25> <al=0.69> <DB= 1945.5267> <Mlp= 2148.9904> <PB=10000000> 
<DWph=2> <it= 84> <et=0.82> <Mt= 0.00> <Spt= 0.00> <nCl= 28> <al=0.59> <DB= 1022.0922> <Mlp= 2144.8157> <PB=10000000> 
<DWph=2> <it= 85> <et=0.82> <Mt= 0.00> <Spt= 0.01> <nCl= 30> <al=0.63> <DB= 1093.3702> <Mlp= 2142.1285> <PB=10000000> 
<DWph=2> <it= 86> <et=0.83> <Mt= 0.00> <Spt= 0.00> <nCl= 24> <al=0.67> <DB= 1673.3232> <Mlp= 2138.2436> <PB=10000000> 
<DWph=2> <it= 87> <et=0.84> <Mt= 0.01> <Spt= 0.00> <nCl= 29> <al=0.70> <DB= 1893.9094> <Mlp= 2135.7984> <PB=10000000> 
<DWph=2> <it= 88> <et=0.84> <Mt= 0.00> <Spt= 0.01> <nCl= 21> <al=0.73> <DB= 1913.7674> <Mlp= 2133.3818> <PB=10000000> 
<DWph=2> <it= 89> <et=0.85> <Mt= 0.00> <Spt= 0.00> <nCl= 17> <al=0.63> <DB= 1726.9998> <Mlp= 2132.9566> <PB=10000000> 
<DWph=2> <it= 90> <et=0.86> <Mt= 0.01> <Spt= 0.00> <nCl= 20> <al=0.67> <DB= 1792.6005> <Mlp= 2127.6979> <PB=10000000> 
<DWph=2> <it= 91> <et=0.87> <Mt= 0.00> <Spt= 0.01> <nCl= 38> <al=0.40> <DB=  726.5264> <Mlp= 2127.6979> <PB=10000000> 
<DWph=2> <it= 92> <et=0.87> <Mt= 0.00> <Spt= 0.00> <nCl= 23> <al=0.60> <DB= 1457.8595> <Mlp= 2127.6979> <PB=10000000> 
<DWph=2> <it= 93> <et=0.87> <Mt= 0.00> <Spt= 0.01> <nCl= 23> <al=0.64> <DB= 2002.5706> <Mlp= 2125.9095> <PB=10000000> 
<DWph=2> <it= 94> <et=0.88> <Mt= 0.00> <Spt= 0.00> <nCl= 30> <al=0.68> <DB= 1997.9428> <Mlp= 2125.1850> <PB=10000000> 
<DWph=2> <it= 95> <et=0.88> <Mt= 0.00> <Spt= 0.00> <nCl= 26> <al=0.71> <DB= 1950.7925> <Mlp= 2125.1850> <PB=10000000> 
<DWph=2> <it= 96> <et=0.89> <Mt= 0.01> <Spt= 0.01> <nCl= 16> <al=0.74> <DB= 1894.3632> <Mlp= 2125.1509> <PB=10000000> 
<DWph=2> <it= 97> <et=0.89> <Mt= 0.00> <Spt= 0.00> <nCl= 16> <al=0.76> <DB= 1983.5326> <Mlp= 2125.1509> <PB=10000000> 
<DWph=2> <it= 98> <et=0.90> <Mt= 0.00> <Spt= 0.00> <nCl= 16> <al=0.66> <DB= 2076.8772> <Mlp= 2125.1426> <PB=10000000> 
<DWph=2> <it= 99> <et=0.90> <Mt= 0.00> <Spt= 0.01> <nCl= 24> <al=0.56> <DB= 2048.0421> <Mlp= 2125.1251> <PB=10000000> 
<DWph=2> <it=100> <et=0.90> <Mt= 0.00> <Spt= 0.00> <nCl= 24> <al=0.46> <DB= 1697.0627> <Mlp= 2125.1251> <PB=10000000> 
<DWph=2> <it=101> <et=0.91> <Mt= 0.00> <Spt= 0.00> <nCl= 28> <al=0.52> <DB= 1441.1541> <Mlp= 2124.7492> <PB=10000000> 
<DWph=2> <it=102> <et=0.91> <Mt= 0.00> <Spt= 0.01> <nCl= 24> <al=0.57> <DB= 1443.2262> <Mlp= 2124.6902> <PB=10000000> 
<DWph=2> <it=103> <et=0.92> <Mt= 0.00> <Spt= 0.00> <nCl= 11> <al=0.61> <DB= 2046.6121> <Mlp= 2124.6871> <PB=10000000> 
<DWph=2> <it=104> <et=0.92> <Mt= 0.00> <Spt= 0.00> <nCl= 15> <al=0.51> <DB= 1960.6952> <Mlp= 2124.6871> <PB=10000000> 
<DWph=2> <it=105> <et=0.93> <Mt= 0.00> <Spt= 0.01> <nCl= 17> <al=0.41> <DB= 2024.1763> <Mlp= 2124.3593> <PB=10000000> 
<DWph=2> <it=106> <et=0.93> <Mt= 0.01> <Spt= 0.00> <nCl=  9> <al=0.47> <DB= 2116.6436> <Mlp= 2124.2941> <PB=10000000> 
<DWph=2> <it=107> <et=0.93> <Mt= 0.00> <Spt= 0.00> <nCl= 21> <al=0.37> <DB= 1645.1674> <Mlp= 2124.2941> <PB=10000000> 
<DWph=2> <it=108> <et=0.94> <Mt= 0.00> <Spt= 0.00> <nCl= 18> <al=0.43> <DB= 1987.4242> <Mlp= 2124.2941> <PB=10000000> 
<DWph=2> <it=109> <et=0.94> <Mt= 0.00> <Spt= 0.01> <nCl=  6> <al=0.49> <DB= 2084.1966> <Mlp= 2124.2791> <PB=10000000> 
<DWph=2> <it=110> <et=0.94> <Mt= 0.00> <Spt= 0.00> <nCl= 10> <al=0.39> <DB= 2043.6366> <Mlp= 2124.2649> <PB=10000000> 
<DWph=2> <it=111> <et=0.95> <Mt= 0.00> <Spt= 0.01> <nCl= 26> <al=0.00> <DB= 1727.3504> <Mlp= 2124.2095> <PB=10000000> 
<DWph=2> <it=112> <et=0.96> <Mt= 0.00> <Spt= 0.00> <nCl= 17> <al=0.35> <DB= 1940.4445> <Mlp= 2123.7985> <PB=10000000> 
<DWph=2> <it=113> <et=0.96> <Mt= 0.00> <Spt= 0.00> <nCl= 10> <al=0.41> <DB= 1988.9478> <Mlp= 2123.7080> <PB=10000000> 
<DWph=2> <it=114> <et=0.96> <Mt= 0.00> <Spt= 0.00> <nCl= 23> <al=0.47> <DB= 1960.9938> <Mlp= 2123.6271> <PB=10000000> 
<DWph=2> <it=115> <et=0.97> <Mt= 0.00> <Spt= 0.01> <nCl= 27> <al=0.05> <DB= 1401.2029> <Mlp= 2123.6235> <PB=10000000> 
<DWph=2> <it=116> <et=0.98> <Mt= 0.00> <Spt= 0.01> <nCl= 25> <al=0.00> <DB= 2102.2260> <Mlp= 2123.6235> <PB=10000000> 
<DWph=2> <it=117> <et=0.98> <Mt= 0.00> <Spt= 0.00> <nCl=  4> <al=0.33> <DB= 2084.8712> <Mlp= 2123.6209> <PB=10000000> 
<DWph=2> <it=118> <et=0.98> <Mt= 0.00> <Spt= 0.00> <nCl= 12> <al=0.23> <DB= 1839.1559> <Mlp= 2123.6209> <PB=10000000> 
<DWph=2> <it=119> <et=0.99> <Mt= 0.01> <Spt= 0.00> <nCl=  9> <al=0.30> <DB= 1986.2924> <Mlp= 2123.5355> <PB=10000000> 
<DWph=2> <it=120> <et=0.99> <Mt= 0.00> <Spt= 0.01> <nCl= 19> <al=0.00> <DB= 1883.5000> <Mlp= 2123.5000> <PB=10000000> 
<DWph=2> <it=121> <et=1.00> <Mt= 0.00> <Spt= 0.00> <nCl= 12> <al=0.10> <DB= 2117.1172> <Mlp= 2123.4960> <PB=10000000> 
<DWph=2> <it=122> <et=1.01> <Mt= 0.00> <Spt= 0.01> <nCl=  9> <al=0.00> <DB= 2123.4960> <Mlp= 2123.4960> <PB=10000000> 
<DWph=1> <it=123> <et=1.02> <Mt= 0.00> <Spt= 0.01> <nCl= 27> <al=0.00> <DB= 1483.1597> <Mlp= 2123.4960> <PB=10000000> 
<DWph=1> <it=124> <et=1.03> <Mt= 0.00> <Spt= 0.01> <nCl= 26> <al=0.00> <DB= 1785.2572> <Mlp= 2122.5145> <PB=10000000> 
<DWph=1> <it=125> <et=1.04> <Mt= 0.00> <Spt= 0.01> <nCl= 20> <al=0.01> <DB= 1715.2830> <Mlp= 2122.3935> <PB=10000000> 
<DWph=1> <it=126> <et=1.05> <Mt= 0.00> <Spt= 0.01> <nCl=  8> <al=0.11> <DB= 1662.5533> <Mlp= 2122.2825> <PB=10000000> 
<DWph=1> <it=127> <et=1.06> <Mt= 0.00> <Spt= 0.01> <nCl=  3> <al=0.20> <DB= 2033.9480> <Mlp= 2122.2825> <PB=10000000> 
<DWph=1> <it=128> <et=1.07> <Mt= 0.00> <Spt= 0.00> <nCl=  7> <al=0.28> <DB= 2087.5802> <Mlp= 2122.2628> <PB=10000000> 
<DWph=1> <it=129> <et=1.08> <Mt= 0.00> <Spt= 0.01> <nCl=  1> <al=0.35> <DB= 2107.2741> <Mlp= 2122.2628> <PB=10000000> 
<DWph=1> <it=130> <et=1.09> <Mt= 0.01> <Spt= 0.01> <nCl=  1> <al=0.42> <DB= 2116.0112> <Mlp= 2122.2628> <PB=10000000> 
<DWph=1> <it=131> <et=1.10> <Mt= 0.00> <Spt= 0.02> <nCl=  3> <al=0.00> <DB= 2122.2628> <Mlp= 2122.2628> <PB=10000000> 
    RCSP exact solver info for graph G_0 : TT = 0.028888, pt = 1.2e-05, dt = 0.027434, ct = 0.001002, ndl = 7693', bdl = 342166', odl = 7381', odf = 51022', bsi = 1662', cnt = 35433', bdch = 4582467', odch = 216497', lcp = 180363', #sols = 150
<DWph=0> <it=132> <et=1.14> <Mt= 0.00> <Spt= 0.03> <nCl=150> <al=0.22> <DB= 1102.2628> <Mlp= 2122.2628> <PB=10000000> 
    RCSP exact solver info for graph G_0 : TT = 0.026868, pt = 3.5e-05, dt = 0.025145, ct = 0.00112, ndl = 7494', bdl = 323968', odl = 7054', odf = 51524', bsi = 1495', cnt = 21004', bdch = 4228773', odch = 212408', lcp = 153472', #sols = 150
<DWph=0> <it=133> <et=1.17> <Mt= 0.00> <Spt= 0.03> <nCl=140> <al=0.30> <DB= 1620.4954> <Mlp= 2117.1152> <PB=10000000> 
    RCSP exact solver info for graph G_0 : TT = 0.029233, pt = 3.7e-05, dt = 0.027475, ct = 0.001186, ndl = 8062', bdl = 349119', odl = 7185', odf = 54007', bsi = 1518', cnt = 22484', bdch = 4831995', odch = 240643', lcp = 176128', #sols = 150
<DWph=0> <it=134> <et=1.21> <Mt= 0.00> <Spt= 0.04> <nCl= 70> <al=0.37> <DB= 1933.0898> <Mlp= 2113.4242> <PB=10000000> 
    RCSP exact solver info for graph G_0 : TT = 0.025769, pt = 2.8e-05, dt = 0.024298, ct = 0.000962, ndl = 7684', bdl = 332948', odl = 7215', odf = 52656', bsi = 1518', cnt = 22557', bdch = 4467029', odch = 222990', lcp = 169427', #sols = 150
<DWph=0> <it=135> <et=1.24> <Mt= 0.00> <Spt= 0.02> <nCl= 37> <al=0.27> <DB= 1750.5446> <Mlp= 2113.1664> <PB=10000000> 
    RCSP exact solver info for graph G_0 : TT = 0.029195, pt = 2.5e-05, dt = 0.02767, ct = 0.001009, ndl = 7864', bdl = 341017', odl = 7160', odf = 53458', bsi = 1523', cnt = 23402', bdch = 4640504', odch = 232066', lcp = 172823', #sols = 150
<DWph=0> <it=136> <et=1.27> <Mt= 0.00> <Spt= 0.04> <nCl= 15> <al=0.34> <DB= 2052.0739> <Mlp= 2113.1664> <PB=10000000> 
    RCSP exact solver info for graph G_0 : TT = 0.030224, pt = 2.7e-05, dt = 0.028465, ct = 0.001174, ndl = 7876', bdl = 341812', odl = 7219', odf = 53791', bsi = 1525', cnt = 23028', bdch = 4653128', odch = 233589', lcp = 174019', #sols = 150
<DWph=0> <it=137> <et=1.30> <Mt= 0.00> <Spt= 0.03> <nCl=  9> <al=0.24> <DB= 2071.1614> <Mlp= 2113.1664> <PB=10000000> 
    RCSP exact solver info for graph G_0 : TT = 0.028541, pt = 2.6e-05, dt = 0.02706, ct = 0.000989, ndl = 7752', bdl = 336302', odl = 7180', odf = 53160', bsi = 1517', cnt = 23021', bdch = 4513951', odch = 226960', lcp = 168892', #sols = 150
    RCSP exact solver info for graph G_0 : TT = 0.024019, pt = 2.5e-05, dt = 0.022634, ct = 0.000894, ndl = 7254', bdl = 316146', odl = 7074', odf = 50064', bsi = 1513', cnt = 20463', bdch = 4022819', odch = 203115', lcp = 157264', #sols = 150
<DWph=0> <it=138> <et=1.36> <Mt= 0.00> <Spt= 0.06> <nCl= 18> <al=0.00> <DB= 2113.1664> <Mlp= 2113.1664> <PB=10000000> 
RCSP solver dynamic params and stats :  bidir.bord. = 375 aver.obdmd = 24.4194 aver.buck.num. = 26
@@ 1 0 2113.17 0.0273146 0.029639 92.0992 1.36
RCSP      solver labels distribution in 698 buckets (bucket size) : largest - 70, top 0.1% - 70, top 0.5% - 54, top 2% - 40, top 10% - 24, top 50% - 7
Reduced cost fixing for graph G_0...  TT = 0.055165, pt = 0.004194, dt = 0.050833, ct = 0, ndl = 18601', bdl = 613824', odl = 7750', odf = 94599', lpcb = 50374', cnt = 1679862', bdch = 8221274', odch = 641448', lcp = 270031'
84889 buck. arcs remain (99.2% from prev., 91.3% from max.) + 0 jump buck. arcs (0% from max.)
 TT = 0.095769, pt = 0.004194, dt = 0.050833, ct = 0.040515, ndl = 18601', bdl = 613824', odl = 7750', odf = 94599', lpcb = 50374', cnt = 1820112', bdch = 8221274', odch = 641448', lcp = 270031'
RCSP      solver labels distribution in 1351 buckets (bucket size) : largest - 75, top 0.1% - 74, top 0.5% - 58, top 2% - 46, top 10% - 31, top 50% - 10
Run forward enumeration with border = 375... not succeeded (ratio 0.982313) lpt = 0.014171, ndl = 20015', dl = 580', lpcb = 0', dch = 13556'
 TT = 0.021701, pt = 0.005313, dt = 0.014171, ct = 0, ndl = 20015', bdl = 580', cnt = 88807', bdch = 13556', odch = 0', lcp = 0'
Bucket graph for G_0 is regenerated as bucket steps were adjusted for 62 vertices
RCSP solver info : number of forw. reachable buckets / buck. strongly connected components is 3037( 96.0468% ) / 3037( 100% )
165735 forw. buck. arcs remain (92.5067% from max.) + 0 jump buck. arcs
ColGenEvalAlg final dual bound: 2113.17 (rounded: 2114)
In total 2 RCC cut(s) are found by the connected components heuristic 
Shrinking heuristic shrunk 22 edges
In total 15 RCC cut(s) are found by the Fractional capacity min-cut heuristic 
In total 160 RCC cut(s) are found by the greedy construction heuristic 
----- Add fac. cuts : CAP(100), max.viol = 0.370125, aver.viol = 0.184746, sep/add took 0.00624745/0.223669 sec. -----
3775 columns (3775 active), 100 dyn. constrs. (100 active), 222 art. vars. (222 active)
<DWph=2> <it=  1> <et=1.75> <Mt= 0.01> <Spt= 0.01> <nCl= 25> <al=0.50> <DB= 2100.0952> <Mlp= 2123.1311> <PB=10000000> 
<DWph=2> <it=  2> <et=1.79> <Mt= 0.03> <Spt= 0.00> <nCl= 17> <al=0.55> <DB= 2063.2260> <Mlp= 2121.1792> <PB=10000000> 
<DWph=2> <it=  3> <et=1.80> <Mt= 0.00> <Spt= 0.01> <nCl= 18> <al=0.60> <DB= 2073.9570> <Mlp= 2120.4627> <PB=10000000> 
<DWph=2> <it=  4> <et=1.81> <Mt= 0.01> <Spt= 0.01> <nCl= 12> <al=0.64> <DB= 2115.8259> <Mlp= 2120.4627> <PB=10000000> 
<DWph=2> <it=  5> <et=1.82> <Mt= 0.00> <Spt= 0.00> <nCl= 21> <al=0.54> <DB= 1922.6737> <Mlp= 2120.4627> <PB=10000000> 
<DWph=2> <it=  6> <et=1.84> <Mt= 0.00> <Spt= 0.02> <nCl= 32> <al=0.16> <DB= 1782.1683> <Mlp= 2120.3725> <PB=10000000> 
<DWph=2> <it=  7> <et=1.85> <Mt= 0.00> <Spt= 0.01> <nCl= 10> <al=0.48> <DB= 2119.0973> <Mlp= 2120.3725> <PB=10000000> 
<DWph=2> <it=  8> <et=1.86> <Mt= 0.01> <Spt= 0.00> <nCl= 24> <al=0.38> <DB= 1938.3236> <Mlp= 2120.3725> <PB=10000000> 
<DWph=2> <it=  9> <et=1.87> <Mt= 0.00> <Spt= 0.01> <nCl= 12> <al=0.44> <DB= 1994.5798> <Mlp= 2120.3725> <PB=10000000> 
<DWph=2> <it= 10> <et=1.88> <Mt= 0.00> <Spt= 0.01> <nCl= 13> <al=0.50> <DB= 2100.4129> <Mlp= 2120.0585> <PB=10000000> 
<DWph=2> <it= 11> <et=1.89> <Mt= 0.01> <Spt= 0.00> <nCl=  4> <al=0.40> <DB= 2104.2455> <Mlp= 2119.8897> <PB=10000000> 
<DWph=2> <it= 12> <et=1.89> <Mt= 0.00> <Spt= 0.01> <nCl= 12> <al=0.30> <DB= 2119.6524> <Mlp= 2119.8897> <PB=10000000> 
<DWph=2> <it= 13> <et=1.90> <Mt= 0.00> <Spt= 0.00> <nCl= 17> <al=0.20> <DB= 1609.1744> <Mlp= 2119.8897> <PB=10000000> 
<DWph=2> <it= 14> <et=1.91> <Mt= 0.00> <Spt= 0.01> <nCl= 16> <al=0.28> <DB= 2071.5146> <Mlp= 2119.8897> <PB=10000000> 
<DWph=2> <it= 15> <et=1.92> <Mt= 0.01> <Spt= 0.01> <nCl=  6> <al=0.35> <DB= 1891.4966> <Mlp= 2119.8897> <PB=10000000> 
<DWph=2> <it= 16> <et=1.93> <Mt= 0.00> <Spt= 0.00> <nCl= 12> <al=0.42> <DB= 2116.3513> <Mlp= 2119.7669> <PB=10000000> 
<DWph=2> <it= 17> <et=1.95> <Mt= 0.00> <Spt= 0.01> <nCl= 24> <al=0.00> <DB= 2119.7669> <Mlp= 2119.7669> <PB=10000000> 
<DWph=1> <it= 18> <et=1.96> <Mt= 0.00> <Spt= 0.02> <nCl= 17> <al=0.37> <DB= 1972.9691> <Mlp= 2119.7669> <PB=10000000> 
<DWph=1> <it= 19> <et=1.99> <Mt= 0.01> <Spt= 0.03> <nCl= 21> <al=0.00> <DB= 1999.5053> <Mlp= 2119.5053> <PB=10000000> 
<DWph=1> <it= 20> <et=2.02> <Mt= 0.00> <Spt= 0.02> <nCl=  8> <al=0.34> <DB= 2063.9348> <Mlp= 2119.4481> <PB=10000000> 
<DWph=1> <it= 21> <et=2.04> <Mt= 0.00> <Spt= 0.02> <nCl=  8> <al=0.24> <DB= 2084.7984> <Mlp= 2119.3750> <PB=10000000> 
<DWph=1> <it= 22> <et=2.07> <Mt= 0.01> <Spt= 0.02> <nCl=  7> <al=0.00> <DB= 2119.3750> <Mlp= 2119.3750> <PB=10000000> 
    RCSP exact solver info for graph G_0 : TT = 0.033936, pt = 3.8e-05, dt = 0.031932, ct = 0.001435, ndl = 8945', bdl = 374816', odl = 11816', odf = 118200', bsi = 1709', cnt = 52409', bdch = 4065473', odch = 367273', lcp = 181472', #sols = 150
<DWph=0> <it= 23> <et=2.12> <Mt= 0.00> <Spt= 0.05> <nCl= 95> <al=0.21> <DB= 1836.5321> <Mlp= 2119.3750> <PB=10000000> 
    RCSP exact solver info for graph G_0 : TT = 0.031907, pt = 7.1e-05, dt = 0.029997, ct = 0.001291, ndl = 8534', bdl = 355049', odl = 11599', odf = 114286', bsi = 1677', cnt = 45192', bdch = 3738099', odch = 333794', lcp = 168843', #sols = 150
<DWph=0> <it= 24> <et=2.16> <Mt= 0.00> <Spt= 0.04> <nCl= 46> <al=0.29> <DB= 2036.7057> <Mlp= 2119.3294> <PB=10000000> 
    RCSP exact solver info for graph G_0 : TT = 0.032351, pt = 6.4e-05, dt = 0.030279, ct = 0.001438, ndl = 8974', bdl = 370189', odl = 11726', odf = 117963', bsi = 1710', cnt = 46583', bdch = 4068950', odch = 374030', lcp = 181952', #sols = 150
<DWph=0> <it= 25> <et=2.21> <Mt= 0.01> <Spt= 0.04> <nCl= 24> <al=0.19> <DB= 2090.0378> <Mlp= 2119.2909> <PB=10000000> 
    RCSP exact solver info for graph G_0 : TT = 0.031807, pt = 5.7e-05, dt = 0.029751, ct = 0.001415, ndl = 8723', bdl = 362807', odl = 11714', odf = 115488', bsi = 1692', cnt = 42851', bdch = 3904920', odch = 353788', lcp = 176579', #sols = 150
<DWph=0> <it= 26> <et=2.25> <Mt= 0.00> <Spt= 0.03> <nCl=  8> <al=0.27> <DB= 2111.3063> <Mlp= 2119.2909> <PB=10000000> 
    RCSP exact solver info for graph G_0 : TT = 0.035476, pt = 7e-05, dt = 0.0329, ct = 0.001687, ndl = 8943', bdl = 369877', odl = 11726', odf = 117620', bsi = 1717', cnt = 45537', bdch = 4052259', odch = 372582', lcp = 182355', #sols = 150
    RCSP exact solver info for graph G_0 : TT = 0.034577, pt = 7e-05, dt = 0.032038, ct = 0.001691, ndl = 8671', bdl = 360889', odl = 11692', odf = 114843', bsi = 1699', cnt = 42620', bdch = 3861857', odch = 348496', lcp = 173880', #sols = 150
<DWph=0> <it= 27> <et=2.33> <Mt= 0.01> <Spt= 0.08> <nCl= 28> <al=0.00> <DB= 2119.2909> <Mlp= 2119.2909> <PB=10000000> 
RCSP solver dynamic params and stats :  bidir.bord. = 375 aver.obdmd = 48.8387 aver.buck.num. = 51
@@ 1 1 2119.29 0.0326423 0.034587 92.5067 2.33
    Full reduced cost fixing is not called (gap ratio is 0.999999)
ColGenEvalAlg final dual bound: 2119.29 (rounded: 2120)
False gap improvement since the last cut separation : 0.0289827 (2113.17)
Current active cuts : CAP(11,756.745)
In total 1 RCC cut(s) are found by the connected components heuristic 
Shrinking heuristic shrunk 31 edges
In total 8 RCC cut(s) are found by the Fractional capacity min-cut heuristic 
In total 22 RCC cut(s) are found by the greedy construction heuristic 
In total 13 RCC cut(s) are found by the global pool greedy search heuristic 
----- Add fac. cuts : CAP(44), max.viol = 0.254545, aver.viol = 0.185124, sep/add took 0.00424667/0.171728 sec. -----
4312 columns (4312 active), 144 dyn. constrs. (55 active), 266 art. vars. (177 active)
<DWph=2> <it=  1> <et=2.54> <Mt= 0.01> <Spt= 0.01> <nCl= 26> <al=0.50> <DB= 1155.8531> <Mlp= 2127.2398> <PB=10000000> 
<DWph=2> <it=  2> <et=2.56> <Mt= 0.01> <Spt= 0.01> <nCl= 16> <al=0.55> <DB= 1990.2085> <Mlp= 2126.2195> <PB=10000000> 
<DWph=2> <it=  3> <et=2.57> <Mt= 0.00> <Spt= 0.01> <nCl=  4> <al=0.60> <DB= 1926.7097> <Mlp= 2126.2195> <PB=10000000> 
<DWph=2> <it=  4> <et=2.58> <Mt= 0.00> <Spt= 0.00> <nCl=  7> <al=0.64> <DB= 2121.7327> <Mlp= 2125.9899> <PB=10000000> 
<DWph=2> <it=  5> <et=2.59> <Mt= 0.01> <Spt= 0.01> <nCl= 13> <al=0.54> <DB= 1678.6543> <Mlp= 2125.9248> <PB=10000000> 
<DWph=2> <it=  6> <et=2.60> <Mt= 0.00> <Spt= 0.01> <nCl= 10> <al=0.58> <DB= 2030.6196> <Mlp= 2125.8293> <PB=10000000> 
<DWph=2> <it=  7> <et=2.61> <Mt= 0.01> <Spt= 0.01> <nCl= 16> <al=0.62> <DB= 1909.5057> <Mlp= 2125.5365> <PB=10000000> 
<DWph=2> <it=  8> <et=2.63> <Mt= 0.00> <Spt= 0.02> <nCl= 34> <al=0.32> <DB= 1655.4747> <Mlp= 2125.3416> <PB=10000000> 
<DWph=2> <it=  9> <et=2.64> <Mt= 0.00> <Spt= 0.00> <nCl= 17> <al=0.56> <DB= 1696.3646> <Mlp= 2125.1748> <PB=10000000> 
<DWph=2> <it= 10> <et=2.66> <Mt= 0.01> <Spt= 0.01> <nCl= 10> <al=0.61> <DB= 2106.5964> <Mlp= 2124.9924> <PB=10000000> 
<DWph=2> <it= 11> <et=2.67> <Mt= 0.00> <Spt= 0.01> <nCl= 11> <al=0.51> <DB= 2057.4803> <Mlp= 2124.9403> <PB=10000000> 
<DWph=2> <it= 12> <et=2.68> <Mt= 0.00> <Spt= 0.01> <nCl= 14> <al=0.41> <DB= 2072.1548> <Mlp= 2124.9403> <PB=10000000> 
<DWph=2> <it= 13> <et=2.69> <Mt= 0.01> <Spt= 0.01> <nCl= 13> <al=0.31> <DB= 2091.2387> <Mlp= 2124.9273> <PB=10000000> 
<DWph=2> <it= 14> <et=2.71> <Mt= 0.00> <Spt= 0.01> <nCl= 31> <al=0.00> <DB= 1021.1551> <Mlp= 2124.7723> <PB=10000000> 
<DWph=2> <it= 15> <et=2.72> <Mt= 0.00> <Spt= 0.01> <nCl=  6> <al=0.27> <DB= 2121.7441> <Mlp= 2124.7723> <PB=10000000> 
<DWph=2> <it= 16> <et=2.73> <Mt= 0.00> <Spt= 0.01> <nCl=  8> <al=0.17> <DB= 2122.1807> <Mlp= 2124.7682> <PB=10000000> 
<DWph=2> <it= 17> <et=2.75> <Mt= 0.01> <Spt= 0.01> <nCl= 24> <al=0.00> <DB= 1945.6543> <Mlp= 2124.7424> <PB=10000000> 
<DWph=2> <it= 18> <et=2.76> <Mt= 0.00> <Spt= 0.01> <nCl=  8> <al=0.16> <DB= 2109.3931> <Mlp= 2124.7315> <PB=10000000> 
<DWph=2> <it= 19> <et=2.77> <Mt= 0.00> <Spt= 0.01> <nCl=  2> <al=0.24> <DB= 2119.0513> <Mlp= 2124.7315> <PB=10000000> 
<DWph=2> <it= 20> <et=2.78> <Mt= 0.01> <Spt= 0.01> <nCl=  5> <al=0.14> <DB= 2030.7056> <Mlp= 2124.7315> <PB=10000000> 
<DWph=2> <it= 21> <et=2.79> <Mt= 0.00> <Spt= 0.00> <nCl=  4> <al=0.23> <DB= 2122.6623> <Mlp= 2124.7315> <PB=10000000> 
<DWph=2> <it= 22> <et=2.80> <Mt= 0.00> <Spt= 0.01> <nCl=  4> <al=0.13> <DB= 2123.3328> <Mlp= 2124.7315> <PB=10000000> 
<DWph=2> <it= 23> <et=2.81> <Mt= 0.00> <Spt= 0.01> <nCl= 25> <al=0.03> <DB= 1826.6541> <Mlp= 2124.7315> <PB=10000000> 
<DWph=2> <it= 24> <et=2.83> <Mt= 0.01> <Spt= 0.01> <nCl= 14> <al=0.12> <DB= 2120.2961> <Mlp= 2124.7315> <PB=10000000> 
<DWph=2> <it= 25> <et=2.83> <Mt= 0.00> <Spt= 0.00> <nCl=  6> <al=0.21> <DB= 2124.0867> <Mlp= 2124.7315> <PB=10000000> 
<DWph=2> <it= 26> <et=2.85> <Mt= 0.00> <Spt= 0.01> <nCl=  3> <al=0.29> <DB= 2122.8313> <Mlp= 2124.7315> <PB=10000000> 
<DWph=2> <it= 27> <et=2.86> <Mt= 0.00> <Spt= 0.02> <nCl= 15> <al=0.00> <DB= 2119.2261> <Mlp= 2124.7315> <PB=10000000> 
<DWph=2> <it= 28> <et=2.88> <Mt= 0.00> <Spt= 0.01> <nCl= 14> <al=0.00> <DB= 2116.3432> <Mlp= 2124.7315> <PB=10000000> 
<DWph=2> <it= 29> <et=2.89> <Mt= 0.01> <Spt= 0.01> <nCl=  3> <al=0.16> <DB= 2123.3520> <Mlp= 2124.7119> <PB=10000000> 
<DWph=2> <it= 30> <et=2.91> <Mt= 0.00> <Spt= 0.01> <nCl=  8> <al=0.00> <DB= 1917.1367> <Mlp= 2124.7119> <PB=10000000> 
<DWph=2> <it= 31> <et=2.92> <Mt= 0.00> <Spt= 0.01> <nCl=  7> <al=0.00> <DB= 2121.4351> <Mlp= 2124.6947> <PB=10000000> 
<DWph=2> <it= 32> <et=2.93> <Mt= 0.01> <Spt= 0.01> <nCl=  9> <al=0.07> <DB= 2115.5812> <Mlp= 2124.6940> <PB=10000000> 
<DWph=2> <it= 33> <et=2.94> <Mt= 0.00> <Spt= 0.01> <nCl=  8> <al=0.16> <DB= 2117.0881> <Mlp= 2124.6940> <PB=10000000> 
<DWph=2> <it= 34> <et=2.95> <Mt= 0.00> <Spt= 0.01> <nCl=  9> <al=0.00> <DB= 2123.2825> <Mlp= 2124.6862> <PB=10000000> 
<DWph=2> <it= 35> <et=2.96> <Mt= 0.00> <Spt= 0.01> <nCl=  3> <al=0.14> <DB= 2121.4688> <Mlp= 2124.6826> <PB=10000000> 
<DWph=2> <it= 36> <et=2.98> <Mt= 0.01> <Spt= 0.01> <nCl=  0> <al=0.00> <DB= 2124.6825> <Mlp= 2124.6825> <PB=10000000> 
<DWph=1> <it= 37> <et=2.99> <Mt= 0.00> <Spt= 0.01> <nCl= 11> <al=0.00> <DB= 2119.0398> <Mlp= 2124.6825> <PB=10000000> 
<DWph=1> <it= 38> <et=3.01> <Mt= 0.00> <Spt= 0.02> <nCl=  4> <al=0.00> <DB= 2120.4154> <Mlp= 2124.6825> <PB=10000000> 
<DWph=1> <it= 39> <et=3.03> <Mt= 0.00> <Spt= 0.01> <nCl=  3> <al=0.00> <DB= 2124.6604> <Mlp= 2124.6604> <PB=10000000> 
    RCSP exact solver info for graph G_0 : TT = 0.01929, pt = 4.9e-05, dt = 0.017956, ct = 0.000715, ndl = 4824', bdl = 214616', odl = 10185', odf = 92666', bsi = 1281', cnt = 16366', bdch = 1522875', odch = 184088', lcp = 87973', #sols = 150
<DWph=0> <it= 40> <et=3.06> <Mt= 0.00> <Spt= 0.03> <nCl= 93> <al=0.00> <DB= 1862.5310> <Mlp= 2124.6604> <PB=10000000> 
    RCSP exact solver info for graph G_0 : TT = 0.019072, pt = 7.8e-05, dt = 0.017628, ct = 0.000699, ndl = 4718', bdl = 210372', odl = 9987', odf = 84887', bsi = 1222', cnt = 14933', bdch = 1468255', odch = 157223', lcp = 84130', #sols = 150
<DWph=0> <it= 41> <et=3.09> <Mt= 0.01> <Spt= 0.03> <nCl=150> <al=0.00> <DB= 1404.8687> <Mlp= 2124.5875> <PB=10000000> 
    RCSP exact solver info for graph G_0 : TT = 0.019604, pt = 7.3e-05, dt = 0.018145, ct = 0.000705, ndl = 4695', bdl = 209100', odl = 10004', odf = 90273', bsi = 1290', cnt = 15336', bdch = 1450591', odch = 173978', lcp = 84377', #sols = 150
<DWph=0> <it= 42> <et=3.13> <Mt= 0.00> <Spt= 0.03> <nCl= 73> <al=0.00> <DB= 2116.0647> <Mlp= 2124.5735> <PB=10000000> 
    RCSP exact solver info for graph G_0 : TT = 0.016835, pt = 7.4e-05, dt = 0.015496, ct = 0.000649, ndl = 4632', bdl = 203718', odl = 10042', odf = 90616', bsi = 1246', cnt = 15064', bdch = 1407444', odch = 173571', lcp = 83887', #sols = 150
<DWph=0> <it= 43> <et=3.15> <Mt= 0.00> <Spt= 0.02> <nCl= 26> <al=0.00> <DB= 2119.5049> <Mlp= 2124.5735> <PB=10000000> 
    RCSP exact solver info for graph G_0 : TT = 0.01784, pt = 7.7e-05, dt = 0.016412, ct = 0.000733, ndl = 4782', bdl = 210338', odl = 10146', odf = 91926', bsi = 1247', cnt = 15817', bdch = 1485204', odch = 184808', lcp = 87869', #sols = 150
    RCSP exact solver info for graph G_0 : TT = 0.016724, pt = 5.5e-05, dt = 0.015533, ct = 0.000587, ndl = 4513', bdl = 199010', odl = 9937', odf = 88801', bsi = 1233', cnt = 13861', bdch = 1355794', odch = 166069', lcp = 81629', #sols = 150
<DWph=0> <it= 44> <et=3.20> <Mt= 0.01> <Spt= 0.04> <nCl=  4> <al=0.00> <DB= 2124.5735> <Mlp= 2124.5735> <PB=10000000> 
RCSP solver dynamic params and stats :  bidir.bord. = 375 aver.obdmd = 48.8387 aver.buck.num. = 51
@@ 1 2 2124.57 0.017543 0.01885 92.5067 3.2
    Full reduced cost fixing is not called (gap ratio is 0.999999)
ColGenEvalAlg final dual bound: 2124.57 (rounded: 2125)
False gap improvement since the last cut separation : 0.0249264 (2119.29)
Current active cuts : CAP(15,1147.27)
In total 2 RCC cut(s) are found by the connected components heuristic 
Shrinking heuristic shrunk 24 edges
In total 9 RCC cut(s) are found by the Fractional capacity min-cut heuristic 
In total 52 RCC cut(s) are found by the greedy construction heuristic 
In total 29 RCC cut(s) are found by the global pool greedy search heuristic 
----- Add fac. cuts : CAP(92), max.viol = 0.419118, aver.viol = 0.0765665, sep/add took 0.00683372/0.294503 sec. -----
5083 columns (5083 active), 147 dyn. constrs. (107 active), 358 art. vars. (229 active)
<DWph=2> <it=  1> <et=3.61> <Mt= 0.03> <Spt= 0.02> <nCl= 19> <al=0.50> <DB= 1991.1940> <Mlp= 2128.7159> <PB=10000000> 
<DWph=2> <it=  2> <et=3.63> <Mt= 0.01> <Spt= 0.00> <nCl= 11> <al=0.55> <DB= 2123.4605> <Mlp= 2128.1769> <PB=10000000> 
<DWph=2> <it=  3> <et=3.67> <Mt= 0.03> <Spt= 0.01> <nCl= 11> <al=0.60> <DB= 2123.0627> <Mlp= 2127.6311> <PB=10000000> 
<DWph=2> <it=  4> <et=3.68> <Mt= 0.00> <Spt= 0.01> <nCl=  6> <al=0.64> <DB= 2125.6880> <Mlp= 2127.6311> <PB=10000000> 
<DWph=2> <it=  5> <et=3.69> <Mt= 0.01> <Spt= 0.01> <nCl= 20> <al=0.54> <DB= 2120.0190> <Mlp= 2127.6261> <PB=10000000> 
<DWph=2> <it=  6> <et=3.71> <Mt= 0.01> <Spt= 0.01> <nCl= 17> <al=0.58> <DB= 2121.8532> <Mlp= 2127.4286> <PB=10000000> 
<DWph=2> <it=  7> <et=3.78> <Mt= 0.05> <Spt= 0.01> <nCl= 14> <al=0.62> <DB= 2122.4308> <Mlp= 2126.8571> <PB=10000000> 
<DWph=2> <it=  8> <et=3.80> <Mt= 0.02> <Spt= 0.01> <nCl=  7> <al=0.66> <DB= 2126.0839> <Mlp= 2126.8571> <PB=10000000> 
<DWph=2> <it=  9> <et=3.82> <Mt= 0.00> <Spt= 0.00> <nCl= 12> <al=0.70> <DB= 2026.9629> <Mlp= 2126.8571> <PB=10000000> 
<DWph=2> <it= 10> <et=3.90> <Mt= 0.07> <Spt= 0.02> <nCl= 42> <al=0.45> <DB= 1933.6113> <Mlp= 2126.4286> <PB=10000000> 
<DWph=2> <it= 11> <et=3.92> <Mt= 0.01> <Spt= 0.01> <nCl= 25> <al=0.63> <DB= 2123.7534> <Mlp= 2126.4286> <PB=10000000> 
<DWph=2> <it= 12> <et=4.02> <Mt= 0.08> <Spt= 0.02> <nCl= 45> <al=0.33> <DB= 1705.4023> <Mlp= 2126.4286> <PB=10000000> 
<DWph=2> <it= 13> <et=4.04> <Mt= 0.01> <Spt= 0.01> <nCl= 17> <al=0.56> <DB= 2125.8054> <Mlp= 2126.4286> <PB=10000000> 
<DWph=2> <it= 14> <et=4.06> <Mt= 0.00> <Spt= 0.01> <nCl=  4> <al=0.61> <DB= 2126.3279> <Mlp= 2126.4286> <PB=10000000> 
<DWph=2> <it= 15> <et=4.07> <Mt= 0.01> <Spt= 0.01> <nCl= 18> <al=0.65> <DB= 2062.8228> <Mlp= 2126.4286> <PB=10000000> 
<DWph=2> <it= 16> <et=4.08> <Mt= 0.00> <Spt= 0.01> <nCl=  7> <al=0.68> <DB= 2126.3600> <Mlp= 2126.4286> <PB=10000000> 
<DWph=2> <it= 17> <et=4.10> <Mt= 0.01> <Spt= 0.01> <nCl= 18> <al=0.71> <DB= 2002.3832> <Mlp= 2126.4286> <PB=10000000> 
<DWph=2> <it= 18> <et=4.12> <Mt= 0.01> <Spt= 0.01> <nCl= 18> <al=0.74> <DB= 2074.1693> <Mlp= 2126.4286> <PB=10000000> 
<DWph=2> <it= 19> <et=4.13> <Mt= 0.00> <Spt= 0.01> <nCl= 16> <al=0.77> <DB= 2106.5075> <Mlp= 2126.4286> <PB=10000000> 
<DWph=2> <it= 20> <et=4.15> <Mt= 0.01> <Spt= 0.01> <nCl=  5> <al=0.79> <DB= 2126.3743> <Mlp= 2126.4286> <PB=10000000> 
<DWph=2> <it= 21> <et=4.16> <Mt= 0.00> <Spt= 0.01> <nCl=  9> <al=0.81> <DB= 2112.9105> <Mlp= 2126.4286> <PB=10000000> 
<DWph=2> <it= 22> <et=4.18> <Mt= 0.01> <Spt= 0.01> <nCl=  1> <al=0.83> <DB= 2114.3477> <Mlp= 2126.4286> <PB=10000000> 
<DWph=2> <it= 23> <et=4.20> <Mt= 0.00> <Spt= 0.01> <nCl=  7> <al=0.70> <DB= 2126.3908> <Mlp= 2126.4286> <PB=10000000> 
<DWph=2> <it= 24> <et=4.21> <Mt= 0.01> <Spt= 0.01> <nCl=  5> <al=0.75> <DB= 2126.4004> <Mlp= 2126.4286> <PB=10000000> 
<DWph=2> <it= 25> <et=4.22> <Mt= 0.00> <Spt= 0.01> <nCl= 10> <al=0.77> <DB= 2094.6091> <Mlp= 2126.4286> <PB=10000000> 
<DWph=2> <it= 26> <et=4.25> <Mt= 0.01> <Spt= 0.02> <nCl= 10> <al=0.59> <DB= 2103.9296> <Mlp= 2126.4286> <PB=10000000> 
<DWph=2> <it= 27> <et=4.27> <Mt= 0.01> <Spt= 0.01> <nCl= 21> <al=0.39> <DB= 2119.8224> <Mlp= 2126.4286> <PB=10000000> 
<DWph=2> <it= 28> <et=4.29> <Mt= 0.00> <Spt= 0.01> <nCl=  8> <al=0.60> <DB= 2124.9274> <Mlp= 2126.4286> <PB=10000000> 
<DWph=2> <it= 29> <et=4.30> <Mt= 0.00> <Spt= 0.01> <nCl=  6> <al=0.64> <DB= 2082.0468> <Mlp= 2126.4286> <PB=10000000> 
<DWph=2> <it= 30> <et=4.31> <Mt= 0.01> <Spt= 0.01> <nCl=  2> <al=0.67> <DB= 2126.4181> <Mlp= 2126.4286> <PB=10000000> 
<DWph=2> <it= 31> <et=4.33> <Mt= 0.01> <Spt= 0.01> <nCl= 12> <al=0.71> <DB= 2087.1348> <Mlp= 2126.4286> <PB=10000000> 
<DWph=2> <it= 32> <et=4.34> <Mt= 0.00> <Spt= 0.01> <nCl=  7> <al=0.73> <DB= 2081.9767> <Mlp= 2126.4286> <PB=10000000> 
<DWph=2> <it= 33> <et=4.36> <Mt= 0.01> <Spt= 0.01> <nCl=  3> <al=0.76> <DB= 2093.2412> <Mlp= 2126.4286> <PB=10000000> 
<DWph=2> <it= 34> <et=4.37> <Mt= 0.00> <Spt= 0.00> <nCl= 13> <al=0.66> <DB= 2097.2112> <Mlp= 2126.4286> <PB=10000000> 
<DWph=2> <it= 35> <et=4.38> <Mt= 0.00> <Spt= 0.01> <nCl=  5> <al=0.70> <DB= 2123.6036> <Mlp= 2126.4286> <PB=10000000> 
<DWph=2> <it= 36> <et=4.40> <Mt= 0.01> <Spt= 0.01> <nCl=  9> <al=0.60> <DB= 2123.8711> <Mlp= 2126.4286> <PB=10000000> 
<DWph=2> <it= 37> <et=4.42> <Mt= 0.00> <Spt= 0.02> <nCl= 21> <al=0.27> <DB= 2109.5742> <Mlp= 2126.4286> <PB=10000000> 
<DWph=2> <it= 38> <et=4.44> <Mt= 0.01> <Spt= 0.02> <nCl= 14> <al=0.07> <DB= 2100.9216> <Mlp= 2126.4286> <PB=10000000> 
<DWph=2> <it= 39> <et=4.46> <Mt= 0.01> <Spt= 0.01> <nCl= 10> <al=0.44> <DB= 2122.1911> <Mlp= 2126.4286> <PB=10000000> 
<DWph=2> <it= 40> <et=4.48> <Mt= 0.00> <Spt= 0.01> <nCl= 14> <al=0.00> <DB= 2108.5647> <Mlp= 2126.4286> <PB=10000000> 
<DWph=2> <it= 41> <et=4.50> <Mt= 0.00> <Spt= 0.02> <nCl= 11> <al=0.00> <DB= 2126.4286> <Mlp= 2126.4286> <PB=10000000> 
<DWph=1> <it= 42> <et=4.52> <Mt= 0.01> <Spt= 0.02> <nCl= 19> <al=0.29> <DB= 2091.4024> <Mlp= 2126.4286> <PB=10000000> 
<DWph=1> <it= 43> <et=4.54> <Mt= 0.00> <Spt= 0.01> <nCl= 13> <al=0.19> <DB= 2065.5729> <Mlp= 2126.4286> <PB=10000000> 
<DWph=1> <it= 44> <et=4.57> <Mt= 0.01> <Spt= 0.03> <nCl= 18> <al=0.00> <DB= 2091.9050> <Mlp= 2126.4286> <PB=10000000> 
<DWph=1> <it= 45> <et=4.59> <Mt= 0.00> <Spt= 0.01> <nCl=  6> <al=0.17> <DB= 2122.1874> <Mlp= 2126.4286> <PB=10000000> 
<DWph=1> <it= 46> <et=4.61> <Mt= 0.01> <Spt= 0.02> <nCl=  4> <al=0.26> <DB= 2102.1301> <Mlp= 2126.4286> <PB=10000000> 
<DWph=1> <it= 47> <et=4.63> <Mt= 0.00> <Spt= 0.01> <nCl=  6> <al=0.16> <DB= 2115.7633> <Mlp= 2126.4286> <PB=10000000> 
<DWph=1> <it= 48> <et=4.65> <Mt= 0.01> <Spt= 0.02> <nCl=  2> <al=0.24> <DB= 2118.5462> <Mlp= 2126.4286> <PB=10000000> 
<DWph=1> <it= 49> <et=4.67> <Mt= 0.00> <Spt= 0.01> <nCl=  9> <al=0.32> <DB= 2121.3723> <Mlp= 2126.4286> <PB=10000000> 
<DWph=1> <it= 50> <et=4.71> <Mt= 0.01> <Spt= 0.03> <nCl=  2> <al=0.00> <DB= 2122.3283> <Mlp= 2126.4286> <PB=10000000> 
<DWph=1> <it= 51> <et=4.74> <Mt= 0.00> <Spt= 0.03> <nCl=  4> <al=0.00> <DB= 2124.1980> <Mlp= 2126.4286> <PB=10000000> 
<DWph=1> <it= 52> <et=4.76> <Mt= 0.00> <Spt= 0.01> <nCl=  2> <al=0.18> <DB= 2125.2243> <Mlp= 2126.4286> <PB=10000000> 
<DWph=1> <it= 53> <et=4.79> <Mt= 0.01> <Spt= 0.03> <nCl=  4> <al=0.00> <DB= 2126.4286> <Mlp= 2126.4286> <PB=10000000> 
    RCSP exact solver info for graph G_0 : TT = 0.020367, pt = 5.1e-05, dt = 0.018905, ct = 0.000837, ndl = 5540', bdl = 237355', odl = 9732', odf = 87670', bsi = 1231', cnt = 26013', bdch = 1781574', odch = 205549', lcp = 94524', #sols = 150
<DWph=0> <it= 54> <et=4.83> <Mt= 0.00> <Spt= 0.04> <nCl=103> <al=0.17> <DB= 1954.5686> <Mlp= 2126.4286> <PB=10000000> 
    RCSP exact solver info for graph G_0 : TT = 0.020543, pt = 8.5e-05, dt = 0.019116, ct = 0.000755, ndl = 5345', bdl = 228617', odl = 9818', odf = 86015', bsi = 1193', cnt = 20519', bdch = 1702925', odch = 196164', lcp = 94690', #sols = 150
<DWph=0> <it= 55> <et=4.86> <Mt= 0.01> <Spt= 0.03> <nCl= 68> <al=0.07> <DB= 2095.8978> <Mlp= 2126.4286> <PB=10000000> 
    RCSP exact solver info for graph G_0 : TT = 0.019034, pt = 7.5e-05, dt = 0.017569, ct = 0.00077, ndl = 5108', bdl = 218750', odl = 9967', odf = 87686', bsi = 1181', cnt = 18371', bdch = 1619516', odch = 189804', lcp = 94876', #sols = 150
<DWph=0> <it= 56> <et=4.89> <Mt= 0.00> <Spt= 0.02> <nCl= 16> <al=0.16> <DB= 2117.3388> <Mlp= 2126.4286> <PB=10000000> 
    RCSP exact solver info for graph G_0 : TT = 0.019942, pt = 8.5e-05, dt = 0.018335, ct = 0.000864, ndl = 5088', bdl = 217727', odl = 9966', odf = 87534', bsi = 1167', cnt = 18715', bdch = 1609823', odch = 188743', lcp = 94267', #sols = 150
<DWph=0> <it= 57> <et=4.92> <Mt= 0.01> <Spt= 0.03> <nCl=  4> <al=0.24> <DB= 2118.2395> <Mlp= 2126.4286> <PB=10000000> 
    RCSP exact solver info for graph G_0 : TT = 0.019158, pt = 8.3e-05, dt = 0.01759, ct = 0.000812, ndl = 5034', bdl = 215169', odl = 9933', odf = 86881', bsi = 1182', cnt = 18674', bdch = 1575362', odch = 186092', lcp = 92455', #sols = 150
    RCSP exact solver info for graph G_0 : TT = 0.017761, pt = 5.9e-05, dt = 0.016362, ct = 0.000707, ndl = 4726', bdl = 203872', odl = 10067', odf = 89427', bsi = 1176', cnt = 16230', bdch = 1470838', odch = 183472', lcp = 91053', #sols = 150
<DWph=0> <it= 58> <et=4.98> <Mt= 0.00> <Spt= 0.05> <nCl= 17> <al=0.00> <DB= 2126.4286> <Mlp= 2126.4286> <PB=10000000> 
RCSP solver dynamic params and stats :  bidir.bord. = 375 aver.obdmd = 48.8387 aver.buck.num. = 51
@@ 1 3 2126.43 0.0187703 0.019871 92.5067 4.98
    Full reduced cost fixing is not called (gap ratio is 0.999999)
ColGenEvalAlg final dual bound: 2126.43 (rounded: 2127)
False gap improvement since the last cut separation : 0.00873136 (2124.57)
Cut generation tailing off counter increased to 1
Current active cuts : CAP(1+20,1229.32)
In total 2 RCC cut(s) are found by the connected components heuristic 
Shrinking heuristic shrunk 43 edges
In total 6 RCC cut(s) are found by the greedy construction heuristic 
----- Add fac. cuts : CAP(8), max.viol = 0.428571, aver.viol = 0.321429, sep/add took 0.0022695/0.0576548 sec. -----
5910 columns (5910 active), 115 dyn. constrs. (29 active), 366 art. vars. (151 active)
<DWph=2> <it=  1> <et=5.12> <Mt= 0.02> <Spt= 0.00> <nCl= 18> <al=0.50> <DB= 2127.3439> <Mlp= 2128.2592> <PB=10000000> 
<DWph=2> <it=  2> <et=5.13> <Mt= 0.00> <Spt= 0.01> <nCl= 13> <al=0.40> <DB= 2126.3053> <Mlp= 2128.2497> <PB=10000000> 
<DWph=2> <it=  3> <et=5.15> <Mt= 0.00> <Spt= 0.02> <nCl= 26> <al=0.00> <DB= 2071.5969> <Mlp= 2128.2497> <PB=10000000> 
<DWph=2> <it=  4> <et=5.16> <Mt= 0.01> <Spt= 0.01> <nCl= 19> <al=0.00> <DB= 2128.2390> <Mlp= 2128.2390> <PB=10000000> 
<DWph=1> <it=  5> <et=5.18> <Mt= 0.00> <Spt= 0.02> <nCl= 11> <al=0.26> <DB= 2082.5786> <Mlp= 2128.2390> <PB=10000000> 
<DWph=1> <it=  6> <et=5.21> <Mt= 0.00> <Spt= 0.02> <nCl= 12> <al=0.00> <DB= 2125.3133> <Mlp= 2128.2048> <PB=10000000> 
<DWph=1> <it=  7> <et=5.24> <Mt= 0.00> <Spt= 0.03> <nCl= 15> <al=0.00> <DB= 2128.2048> <Mlp= 2128.2048> <PB=10000000> 
    RCSP exact solver info for graph G_0 : TT = 0.015184, pt = 6.3e-05, dt = 0.013586, ct = 0.000586, ndl = 3719', bdl = 164528', odl = 9527', odf = 88744', bsi = 990', cnt = 9402', bdch = 1018417', odch = 133134', lcp = 66620', #sols = 150
<DWph=0> <it=  8> <et=5.26> <Mt= 0.01> <Spt= 0.02> <nCl= 58> <al=0.00> <DB= 2128.2048> <Mlp= 2128.2048> <PB=10000000> 
RCSP solver dynamic params and stats :  bidir.bord. = 375 aver.obdmd = 48.8387 aver.buck.num. = 51
@@ 1 4 2128.2 0.014172 0.014172 92.5067 5.26
    Full reduced cost fixing is not called (gap ratio is 0.999998)
ColGenEvalAlg final dual bound: 2128.2 (rounded: 2129)
False gap improvement since the last cut separation : 0.0083532 (2126.43)
Cut generation tailing off counter increased to 2
Current active cuts : CAP(1+23,1286.24)
In total 3 RCC cut(s) are found by the connected components heuristic 
Shrinking heuristic shrunk 23 edges
In total 1 RCC cut(s) are found by the Fractional capacity min-cut heuristic 
In total 7 RCC cut(s) are found by the greedy construction heuristic 
In total 35 RCC cut(s) are found by the global pool greedy search heuristic 
----- Add fac. cuts : CAP(46), max.viol = 0.144578, aver.viol = 0.0699319, sep/add took 0.00778726/0.218477 sec. -----
6082 columns (6082 active), 75 dyn. constrs. (70 active), 412 art. vars. (192 active)
<DWph=2> <it=  1> <et=5.64> <Mt= 0.02> <Spt= 0.01> <nCl= 20> <al=0.50> <DB= 2083.5966> <Mlp= 2129.2507> <PB=10000000> 
<DWph=2> <it=  2> <et=5.65> <Mt= 0.01> <Spt= 0.01> <nCl= 17> <al=0.55> <DB= 2122.4103> <Mlp= 2129.2030> <PB=10000000> 
<DWph=2> <it=  3> <et=5.68> <Mt= 0.01> <Spt= 0.01> <nCl= 23> <al=0.19> <DB= 2108.4936> <Mlp= 2129.0000> <PB=10000000> 
<DWph=2> <it=  4> <et=5.69> <Mt= 0.00> <Spt= 0.01> <nCl=  4> <al=0.50> <DB= 2115.2985> <Mlp= 2129.0000> <PB=10000000> 
<DWph=2> <it=  5> <et=5.71> <Mt= 0.00> <Spt= 0.02> <nCl= 22> <al=0.09> <DB= 2092.4931> <Mlp= 2129.0000> <PB=10000000> 
<DWph=2> <it=  6> <et=5.72> <Mt= 0.01> <Spt= 0.00> <nCl=  8> <al=0.45> <DB= 2127.5156> <Mlp= 2129.0000> <PB=10000000> 
<DWph=2> <it=  7> <et=5.74> <Mt= 0.00> <Spt= 0.02> <nCl= 21> <al=0.00> <DB= 2116.4848> <Mlp= 2129.0000> <PB=10000000> 
<DWph=2> <it=  8> <et=5.75> <Mt= 0.00> <Spt= 0.01> <nCl=  4> <al=0.40> <DB= 2122.0412> <Mlp= 2129.0000> <PB=10000000> 
<DWph=2> <it=  9> <et=5.77> <Mt= 0.01> <Spt= 0.02> <nCl= 19> <al=0.00> <DB= 2111.0207> <Mlp= 2129.0000> <PB=10000000> 
<DWph=2> <it= 10> <et=5.79> <Mt= 0.00> <Spt= 0.01> <nCl= 19> <al=0.00> <DB= 2122.3019> <Mlp= 2129.0000> <PB=10000000> 
<DWph=2> <it= 11> <et=5.81> <Mt= 0.01> <Spt= 0.02> <nCl= 18> <al=0.00> <DB= 2125.8434> <Mlp= 2129.0000> <PB=10000000> 
<DWph=2> <it= 12> <et=5.83> <Mt= 0.00> <Spt= 0.01> <nCl=  5> <al=0.00> <DB= 2129.0000> <Mlp= 2129.0000> <PB=10000000> 
<DWph=1> <it= 13> <et=5.86> <Mt= 0.00> <Spt= 0.03> <nCl=  9> <al=0.00> <DB= 2129.0000> <Mlp= 2129.0000> <PB=10000000> 
    RCSP exact solver info for graph G_0 : TT = 0.012216, pt = 5.5e-05, dt = 0.011018, ct = 0.000413, ndl = 3020', bdl = 129918', odl = 9288', odf = 87650', bsi = 949', cnt = 7031', bdch = 725240', odch = 114849', lcp = 53866', #sols = 150
<DWph=0> <it= 14> <et=5.88> <Mt= 0.00> <Spt= 0.02> <nCl= 67> <al=0.00> <DB= 2107.3379> <Mlp= 2129.0000> <PB=10000000> 
    RCSP exact solver info for graph G_0 : TT = 0.012479, pt = 8.9e-05, dt = 0.011231, ct = 0.000455, ndl = 2894', bdl = 125943', odl = 9049', odf = 85319', bsi = 914', cnt = 6166', bdch = 684391', odch = 105864', lcp = 51343', #sols = 150
<DWph=0> <it= 15> <et=5.91> <Mt= 0.01> <Spt= 0.02> <nCl=150> <al=0.00> <DB= 2102.4419> <Mlp= 2129.0000> <PB=10000000> 
    RCSP exact solver info for graph G_0 : TT = 0.011925, pt = 6.4e-05, dt = 0.010878, ct = 0.000346, ndl = 2875', bdl = 126139', odl = 9060', odf = 81344', bsi = 967', cnt = 5896', bdch = 687142', odch = 105206', lcp = 52139', #sols = 150
<DWph=0> <it= 16> <et=5.93> <Mt= 0.00> <Spt= 0.02> <nCl= 42> <al=0.00> <DB= 2128.9161> <Mlp= 2129.0000> <PB=10000000> 
    RCSP exact solver info for graph G_0 : TT = 0.011604, pt = 7e-05, dt = 0.010427, ct = 0.000435, ndl = 2875', bdl = 126139', odl = 9060', odf = 81344', bsi = 967', cnt = 5896', bdch = 687141', odch = 105206', lcp = 52140', #sols = 150
    RCSP exact solver info for graph G_0 : TT = 0.011313, pt = 4.7e-05, dt = 0.010232, ct = 0.000379, ndl = 2752', bdl = 120937', odl = 8979', odf = 86339', bsi = 943', cnt = 5681', bdch = 643373', odch = 108463', lcp = 49533', #sols = 150
<DWph=0> <it= 17> <et=5.97> <Mt= 0.00> <Spt= 0.04> <nCl= 10> <al=0.00> <DB= 2129.0000> <Mlp= 2129.0000> <PB=10000000> 
RCSP solver dynamic params and stats :  bidir.bord. = 375 aver.obdmd = 48.8387 aver.buck.num. = 51
@@ 1 5 2129 0.0111628 0.011686 92.5067 5.97
    Full reduced cost fixing is not called (gap ratio is 0.999998)
ColGenEvalAlg final dual bound: 2129 (rounded: 2129)
False gap improvement since the last cut separation : 0.00373639 (2128.2)
----- Cut separators priority level decreased to 1-----
Current active cuts : CAP(24,1218.34)
In total 1 RCC cut(s) are found by the connected components heuristic 
Shrinking heuristic shrunk 43 edges
In total 2 RCC cut(s) are found by the greedy construction heuristic 
4 Rank-1 1-rows pack. cuts added ,  max viol. = 0.25, aver. viol. = 0.15625
150 Rank-1 3-rows pack. cuts added ,  max viol. = 0.375, aver. viol. = 0.210833
----- Add fac. cuts : CAP(3) R1C(154), max.viol = 0.375, aver.viol = 0.222134, sep/add took 0.00230161/0.360477 sec. -----
6540 columns (6540 active), 227 dyn. constrs. (181 active), 569 art. vars. (303 active)
<DWph=2> <it=  1> <et=6.42> <Mt= 0.06> <Spt= 0.01> <nCl= 25> <al=0.50> <DB= 1945.0569> <Mlp= 2132.1367> <PB=10000000> 
<DWph=2> <it=  2> <et=6.44> <Mt= 0.01> <Spt= 0.01> <nCl= 15> <al=0.55> <DB= 2096.3082> <Mlp= 2132.0206> <PB=10000000> 
Shrinking heuristic shrunk 56 edges
<DWph=2> <it=  3> <et=6.46> <Mt= 0.01> <Spt= 0.01> <nCl= 11> <al=0.60> <DB= 2129.5209> <Mlp= 2131.0000> <PB=2131> 
<DWph=2> <it=  4> <et=6.48> <Mt= 0.01> <Spt= 0.01> <nCl= 16> <al=0.50> <DB= 2045.1826> <Mlp= 2131.0000> <PB=2131> 
<DWph=2> <it=  5> <et=6.75> <Mt= 0.26> <Spt= 0.01> <nCl= 10> <al=0.55> <DB= 2092.0421> <Mlp= 2130.9620> <PB=2131> 
Shrinking heuristic shrunk 56 edges
<DWph=2> <it=  6> <et=6.77> <Mt= 0.00> <Spt= 0.01> <nCl= 12> <al=0.59> <DB= 2082.8723> <Mlp= 2130.0000> <PB=2130> 
<DWph=2> <it=  7> <et=6.78> <Mt= 0.01> <Spt= 0.01> <nCl= 13> <al=0.63> <DB= 2129.0789> <Mlp= 2130.0000> <PB=2130> 
<DWph=2> <it=  8> <et=6.80> <Mt= 0.00> <Spt= 0.02> <nCl= 23> <al=0.34> <DB= 2129.3379> <Mlp= 2130.0000> <PB=2130> 
<DWph=2> <it=  9> <et=6.82> <Mt= 0.01> <Spt= 0.00> <nCl=  4> <al=0.57> <DB= 2129.9278> <Mlp= 2130.0000> <PB=2130> 
<DWph=2> <it= 10> <et=6.83> <Mt= 0.00> <Spt= 0.01> <nCl= 11> <al=0.61> <DB= 2125.4560> <Mlp= 2130.0000> <PB=2130> 
<DWph=2> <it= 11> <et=6.84> <Mt= 0.00> <Spt= 0.01> <nCl=  2> <al=0.65> <DB= 2129.8709> <Mlp= 2130.0000> <PB=2130> 
<DWph=2> <it= 12> <et=6.86> <Mt= 0.01> <Spt= 0.02> <nCl= 16> <al=0.37> <DB= 2054.2695> <Mlp= 2130.0000> <PB=2130> 
<DWph=2> <it= 13> <et=6.88> <Mt= 0.00> <Spt= 0.01> <nCl= 10> <al=0.59> <DB= 2118.7717> <Mlp= 2130.0000> <PB=2130> 
<DWph=2> <it= 14> <et=6.89> <Mt= 0.01> <Spt= 0.01> <nCl=  7> <al=0.63> <DB= 2125.9409> <Mlp= 2130.0000> <PB=2130> 
<DWph=2> <it= 15> <et=6.91> <Mt= 0.00> <Spt= 0.01> <nCl=  7> <al=0.66> <DB= 2119.5836> <Mlp= 2130.0000> <PB=2130> 
<DWph=2> <it= 16> <et=6.93> <Mt= 0.01> <Spt= 0.02> <nCl= 13> <al=0.40> <DB= 2096.4191> <Mlp= 2130.0000> <PB=2130> 
<DWph=2> <it= 17> <et=6.95> <Mt= 0.00> <Spt= 0.01> <nCl= 12> <al=0.60> <DB= 2111.0173> <Mlp= 2130.0000> <PB=2130> 
<DWph=2> <it= 18> <et=6.97> <Mt= 0.01> <Spt= 0.01> <nCl=  6> <al=0.50> <DB= 2114.1924> <Mlp= 2130.0000> <PB=2130> 
<DWph=2> <it= 19> <et=6.98> <Mt= 0.00> <Spt= 0.01> <nCl=  5> <al=0.40> <DB= 2117.3674> <Mlp= 2130.0000> <PB=2130> 
<DWph=2> <it= 20> <et=7.00> <Mt= 0.01> <Spt= 0.02> <nCl= 13> <al=0.00> <DB= 2099.0257> <Mlp= 2130.0000> <PB=2130> 
<DWph=2> <it= 21> <et=7.02> <Mt= 0.00> <Spt= 0.01> <nCl=  3> <al=0.20> <DB= 2122.6346> <Mlp= 2130.0000> <PB=2130> 
<DWph=2> <it= 22> <et=7.04> <Mt= 0.01> <Spt= 0.02> <nCl=  4> <al=0.00> <DB= 2127.2280> <Mlp= 2130.0000> <PB=2130> 
<DWph=2> <it= 23> <et=7.06> <Mt= 0.00> <Spt= 0.01> <nCl=  2> <al=0.00> <DB= 2130.0000> <Mlp= 2130.0000> <PB=2130> 
<DWph=1> <it= 24> <et=7.08> <Mt= 0.00> <Spt= 0.02> <nCl= 15> <al=0.08> <DB= 2026.3575> <Mlp= 2130.0000> <PB=2130> 
<DWph=1> <it= 25> <et=7.11> <Mt= 0.01> <Spt= 0.02> <nCl= 18> <al=0.00> <DB= 2082.8547> <Mlp= 2130.0000> <PB=2130> 
<DWph=1> <it= 26> <et=7.13> <Mt= 0.00> <Spt= 0.02> <nCl= 10> <al=0.00> <DB= 2062.2141> <Mlp= 2130.0000> <PB=2130> 
<DWph=1> <it= 27> <et=7.15> <Mt= 0.00> <Spt= 0.02> <nCl= 14> <al=0.00> <DB= 2120.5258> <Mlp= 2130.0000> <PB=2130> 
<DWph=1> <it= 28> <et=7.17> <Mt= 0.01> <Spt= 0.01> <nCl=  7> <al=0.00> <DB= 2125.6191> <Mlp= 2130.0000> <PB=2130> 
<DWph=1> <it= 29> <et=7.19> <Mt= 0.00> <Spt= 0.02> <nCl=  4> <al=0.00> <DB= 2128.9955> <Mlp= 2130.0000> <PB=2130> 
<DWph=1> <it= 30> <et=7.21> <Mt= 0.00> <Spt= 0.02> <nCl=  0> <al=0.00> <DB= 2130.0000> <Mlp= 2130.0000> <PB=2130> 
    RCSP exact solver info for graph G_0 : TT = 0.030024, pt = 0.000182, dt = 0.027527, ct = 0.001545, ndl = 6861', bdl = 290622', odl = 11285', odf = 115718', bsi = 1107', cnt = 30460', bdch = 2586920', odch = 308599', lcp = 133083', #sols = 150
<DWph=0> <it= 31> <et=7.26> <Mt= 0.01> <Spt= 0.05> <nCl=112> <al=0.00> <DB= 2029.9856> <Mlp= 2130.0000> <PB=2130> 
    RCSP exact solver info for graph G_0 : TT = 0.026141, pt = 0.000212, dt = 0.023754, ct = 0.001419, ndl = 6269', bdl = 267119', odl = 11720', odf = 115984', bsi = 1054', cnt = 24297', bdch = 2377124', odch = 282715', lcp = 132526', #sols = 150
<DWph=0> <it= 32> <et=7.31> <Mt= 0.00> <Spt= 0.03> <nCl= 60> <al=0.00> <DB= 2090.1638> <Mlp= 2130.0000> <PB=2130> 
    RCSP exact solver info for graph G_0 : TT = 0.027249, pt = 0.000223, dt = 0.024841, ct = 0.001425, ndl = 6381', bdl = 273052', odl = 11807', odf = 118014', bsi = 1045', cnt = 26211', bdch = 2451259', odch = 295925', lcp = 136143', #sols = 150
<DWph=0> <it= 33> <et=7.35> <Mt= 0.01> <Spt= 0.04> <nCl= 41> <al=0.00> <DB= 2094.7226> <Mlp= 2130.0000> <PB=2130> 
    RCSP exact solver info for graph G_0 : TT = 0.026206, pt = 0.000266, dt = 0.023977, ct = 0.001163, ndl = 6528', bdl = 279226', odl = 12012', odf = 123066', bsi = 1033', cnt = 27014', bdch = 2573545', odch = 311383', lcp = 139085', #sols = 150
<DWph=0> <it= 34> <et=7.38> <Mt= 0.00> <Spt= 0.03> <nCl=  9> <al=0.04> <DB= 2126.7678> <Mlp= 2130.0000> <PB=2130> 
    RCSP exact solver info for graph G_0 : TT = 0.024679, pt = 0.000175, dt = 0.022496, ct = 0.001333, ndl = 6732', bdl = 286255', odl = 12155', odf = 125874', bsi = 1050', cnt = 29582', bdch = 2706919', odch = 318819', lcp = 141291', #sols = 150
    RCSP exact solver info for graph G_0 : TT = 0.024534, pt = 0.00016, dt = 0.022574, ct = 0.001195, ndl = 6857', bdl = 292006', odl = 11811', odf = 125634', bsi = 1040', cnt = 32390', bdch = 2746054', odch = 333590', lcp = 141353', #sols = 150
<DWph=0> <it= 35> <et=7.45> <Mt= 0.00> <Spt= 0.06> <nCl= 30> <al=0.00> <DB= 2130.0000> <Mlp= 2130.0000> <PB=2130> 
RCSP solver dynamic params and stats :  bidir.bord. = 375 aver.obdmd = 48.8387 aver.buck.num. = 51 nbR1C = 13 with avMem = 10
@@ 1 6 2130 0.0255415 0.029072 92.5067 7.45
ColGenEvalAlg final dual bound: 2130 (rounded: 2130)
Gap improvement since the last cut separation : 1 (2129)
Current active cuts : CAP(17,1111.55) R1C(3+10,25.7867) 1rowPackR1C(3) 3rowPackR1C(10)
New model incumbent solution 2130, TIME = 0h0m7s50t = 750
************************************************************************************************
Search is finished, global bounds : [ 2130 , 2130 ], TIME = 0h0m7s51t = 751
************************************************************************************************
[32mBaPCod : solution defined.[00m
statistics_cols: instance & :Optimal & cutoff & :bcRecRootDb & :bcTimeRootEval & :bcCountNodeProc & :bcRecBestDb & :bcRecBestInc & :bcTimeMain \\
statistics: instance_29-triangle & 1 & 1.0e7 & 2130.00 & 7.50 & 1 & 2130.00 & 2130 & 7.51 \\
########################################################
Route #1: 7 46 20 13 39 30 1 25 45 5 11 16 27 
Route #2: 22 44 23 12 37 8 14 4 42 48 51 36 55 57 9 60 
Route #3: 40 47 41 19 34 31 38 53 21 26 33 32 17 10 54 
Route #4: 43 28 2 18 50 6 58 35 24 52 29 49 59 3 15 56 
Cost 2130
########################################################

end_time=2026-04-19 23:19:04
exit_code=0
