instance_file=/mnt/c/Users/porin/OneDrive/Documentos/Python-Mestrado/Modelagem Matemática/Programação Inteira - Uchoa/Problema VRPRDL/instancias_turco/VRPRDL-triangle/vrp_convertidos/instance_9-triangle.vrp
instance_name=instance_9-triangle
start_time=2026-04-20 07:10:41

  Activating project at `~/VRPSolver/VRPSolverDemos`
Application parameters:
  batch  =>  nothing
  instance  =>  "/mnt/c/Users/porin/OneDrive/Documentos/Python-Mestrado/Modelagem Matemática/Programação Inteira - Uchoa/Problema VRPRDL/instancias_turco/VRPRDL-triangle/vrp_convertidos/instance_9-triangle.vrp"
  noround  =>  false
  cfg  =>  "/home/poringman/VRPSolver/VRPSolverDemos/src/../config/CVRP.cfg"
  edge_cuts  =>  false
  out  =>  nothing
  ub  =>  1.0e7
  cluster_branching  =>  1.0
  sol  =>  nothing
  single_resource  =>  false
  strong_kpath_cuts  =>  false
  tikz  =>  nothing
  maxr  =>  999
  update  =>  false
  show_complete_form  =>  false
  nosolve  =>  false
  minr  =>  1
  low_edge_priority  =>  false
~~~~~~~~~~~~~~~~~~~~~~~~~~~~~~~~~~~~~~~~~~~~~~~~~~~~~~~~~~~~~~~~~~~~~~~~~~~~~~~~~~~~~
GIT VERSION RCSP: 
GIT BRANCH: 
~~~~~~~~~~~~~~~~~~~~~~~~~~~~~~~~~~~~~~~~~~~~~~~~~~~~~~~~~~~~~~~~~~~~~~~~~~~~~~~~~~~~~
VRPSolver v0.6.16, 10/11/2025, © Inria Bordeaux, France, vrpsolver.math.u-bordeaux.fr
      Corresponds to the solver by Pessoa, Sadykov, Uchoa and Vanderbeck (2020)
                 Paper: dx.doi.org/10.1007/s10107-020-01523-z
~~~~~~~~~~~~~~~~~~~~~~~~~~~~~~~~~~~~~~~~~~~~~~~~~~~~~~~~~~~~~~~~~~~~~~~~~~~~~~~~~~~~~
GIT VERSION BAPCOD: a7cb21f19424236c9d0da5dcf94961797a519470
GIT BRANCH: main
~~~~~~~~~~~~~~~~~~~~~~~~~~~~~~~~~~~~~~~~~~~~~~~~~~~~~~~~~~~~~~~~~~~~~~~~~~~~~~~~~~~~~
   BaPCod v0.84, 10/11/2025, © Inria Bordeaux, France, bapcod.math.u-bordeaux.fr 
           THIS CODE IS PROVIDED AS IS, USE IT AT YOUR OWN RISK
~~~~~~~~~~~~~~~~~~~~~~~~~~~~~~~~~~~~~~~~~~~~~~~~~~~~~~~~~~~~~~~~~~~~~~~~~~~~~~~~~~~~~
--- MAIN PARAMETERS ---
GlobalTimeLimitInTick = 2147483645
GlobalTimeLimit = 21474836
ClockType = 0
MaxNbOfBBtreeNodeTreated = 100000
optimalityGapTolerance = 1e-06
relOptimalityGapTolerance = 1e-09
ApplyPreprocessing = false
PreprocessVariablesLocalBounds = false
treeSearchStrategy = 1
OpenNodesLimit = 1000
DEFAULTPRINTLEVEL = 0
--- MIP SOLVER PARAMETERS ---
solverName = CPLEX_SOLVER
MipSolverMaxBBNodes = 2000000
MipSolverMaxTime = 360000
MipSolverMultiThread = 1
--- COLUMN GENERATION PARAMETERS ---
SolverSelectForMast = a
  colGenSubProbSolMode = customSolver
mastInitMode = localArtCol
ArtVarPenaltyUpdateFactor = 2
ArtVarMaxNbOfPenaltyUpdates = 5
MaxNbOfStagesInColGenProcedure = 3
GenerateProperColumns = false
InsertAllGeneratedColumnsInFormRatherThanInPool = true
InsertNewNonNegColumnsDirectlyInFormRatherThanInPool = true
ColumnCleanupThreshold = 10000
ColumnCleanupRatio = 0.66
ReducedCostFixingThreshold = 0.9
--- CUT GENERATION PARAMETERS ---
MasterCuttingPlanesDepthLimit = 1000
MaxNbOfCutGeneratedAtEachIter = 1000
CutTailingOffThreshold = 0.015
CutTailingOffCounterThreshold = 3
CutCleanupThreshold = 1
CutCleanupRatio = 0.66
ColGenSpRelaxationImprovementPriority = 0
--- STABILIZATION PARAMETERS ---
colGenDualPriceSmoothingAlphaFactor = 1
colGenDualPriceSmoothingBetaFactor = 0
colGenStabilizationFunctionType = none
colGenProximalStabilizationRule = undefined
StabilFuncKappa = 1
colGenStabilizationMaxTreeDepth = 10000
StabilizationMinPhaseOfStage = 0
--- PRIMAL HEURISTIC PARAMETERS ---
UseInitialPrimalHeur = false
MaxTimeForRestrictedMasterIpHeur = -1
CallFrequencyOfRestrictedMasterIpHeur = 5
MIPemphasisInRestrictedMasterIpHeur = 1
PolishingAfterTimeInRestrictedMasterIpHeur = -1
DivingHeurUseDepthLimit = -1
CallFrequencyOfDivingHeur = 1
LeastFractional
Closest2RoundUp
LeastGreedyCost
LeastCost
FixIntValBeforeRoundingHeur = true
MaxNbOfCgIteDuringRh = 5000
MaxLDSbreadth = 0
MaxLDSdepth = 0
DivingHeurStopsWithFirstFeasSol = false
DivingHeurPreprocessBeforeChoosingVar = false
StrongDivingCandidatesNumber = 1
EvalAlgParamsInDiving = max#cand. = 1 max#cg.iters = 10000 min.lvl.sp.restr. = 1 min#cut.rounds = 0 max#cut.rounds = 0 red.cost.fix&enum. = false tree.size.ratio = 1
LocalSearchHeurUseDepthLimit = -1
LeastFractional
Closest2RoundUp
LeastGreedyCost
LeastCost
MaxFactorOfColFixedByLocalSearchHeur = 0.8
MaxLocalSearchIterationCounter = 3
--- STRONG BRANCHING PARAMETERS ---
SimplifiedStrongBranchingParameterisation = true
StrongBranchingPhaseOneCandidatesNumber = 100
StrongBranchingPhaseOneTreeSizeEstimRatio = 0.2
StrongBranchingPhaseTwoCandidatesNumber = 3
StrongBranchingPhaseTwoTreeSizeEstimRatio = 0.02
SafeDualBoundScaleFactor = -1
StrongBranchingPhaseOne = max#cand. = 100 max#cg.iters = 0 min.lvl.sp.restr. = 0 min#cut.rounds = 0 max#cut.rounds = 0 red.cost.fix&enum. = false tree.size.ratio = 0.2
StrongBranchingPhaseTwo = max#cand. = 3 max#cg.iters = 10000 min.lvl.sp.restr. = 1 min#cut.rounds = 0 max#cut.rounds = 0 red.cost.fix&enum. = false tree.size.ratio = 0.02
StrongBranchingPhaseThree = max#cand. = 1 max#cg.iters = 10000 min.lvl.sp.restr. = 0 min#cut.rounds = 0 max#cut.rounds = 10000 red.cost.fix&enum. = true tree.size.ratio = 1
StrongBranchingPhaseFour =not active
--- DEBUG OUTPUT PARAMETERS ---
printMasterPrimalSols = 0
--- VRPSOLVER PARAMETERS ---
RCSPstopCutGenTimeThresholdInPricing = 10
RCSPhardTimeThresholdInPricing = 25
RCSPredCostFixingTimeThreshold = 100
RCSPnumberOfBucketsPerVertex = 25
RCSPdynamicBucketSteps = 1
RCSPuseBidirectionalSearch = 2
RCSPapplyReducedCostFixing = 1
RCSPmaxNumOfColsPerIteration = 30
RCSPmaxNumOfColsPerExactIteration = 150
RCSPmaxNumOfLabelsInEnumeration = 500000
RCSPmaxNumOfLabelsInHeurEnumeration = 0
RCSPmaxNumOfEnumeratedSolutions = 5000000
RCSPmaxNumOfEnumSolutionsForMIP = 10000
RCSPmaxNumOfEnumSolsForEndOfNodeMIP = 10000
RCSPinitNGneighbourhoodSize = 8
RCSPmaxNGneighbourhoodSize = 8
RCSPrankOneCutsMaxNumRows = 5
RCSPrankOneCutsMaxNumPerRound = 100
RCSPrankOneCutsMemoryType = 0
RCSPrankOneCutsLSnumIterations = 1000
RCSPallowRoutesWithSameVerticesSet = true
RCSPredCostFixingFalseGap = 0
SafeDualBoundScaleFactor = -1
RCSPmaxNumOfLabelsInHeurEnumeration = 0
MaxNumEnumSolsInRestrictedMasterIpHeur = 5000

prName & bcTimeMain \\ 
New model incumbent solution 1e+07, TIME = 0h0m0s44t = 44
RCSP solver info : size of non-robust cut bitmask in a label is 640 bits
Bucket steps were recalculated for graph G_0 : [30]
RCSP solver info : symmetric case is detected for graph G_0! 
Bidirectional border value is initialised to 375
RCSP solver info : number of forw. reachable buckets / buck. strongly connected components is 540( 94.4056% ) / 465( 86.1111% )
RCSP solver info: std. label size is 56, ext. label size is 136
Generating neighbourhoods for rank-1 cuts separation
Building structures for 4- and 5-row rank-1 packing cut separation...done!
Model is built TIME = 0h0m0s45t = 45
************************************************************************************************
**** BaB tree root node
**** Local DB = -1e+12, global bounds : [ -1e+12 , 1e+07 ], TIME = 0h0m0s45t = 45
**** 1 open nodes, 0 columns (0 active), 0 dyn. constrs. (0 active), 42 art. vars. (42 active)
************************************************************************************************
--------------------------------------------------------------------------
BaPCod info : first we run the root node with rank-1 cuts with node memory
--------------------------------------------------------------------------
#<DWph=2> <it=  1> <et=0.45> <Mt= 0.00> <Spt= 0.00> <nCl= 20> <al=0.00> <DB=-11039942500.0000> <Mlp=504000000.0000> <PB=10000000> 
#<DWph=2> <it=  2> <et=0.45> <Mt= 0.00> <Spt= 0.00> <nCl= 20> <al=0.55> <DB=-8483006950.7750> <Mlp=426000420.5000> <PB=10000000> 
#<DWph=2> <it=  3> <et=0.45> <Mt= 0.00> <Spt= 0.00> <nCl= 20> <al=0.45> <DB=-8071564695.5175> <Mlp=412500608.3750> <PB=10000000> 
#<DWph=2> <it=  4> <et=0.45> <Mt= 0.00> <Spt= 0.00> <nCl= 20> <al=0.51> <DB=-6690349102.7145> <Mlp=367223056.3796> <PB=10000000> 
#<DWph=2> <it=  5> <et=0.45> <Mt= 0.00> <Spt= 0.00> <nCl= 20> <al=0.41> <DB=-6093712369.3711> <Mlp=339790631.5789> <PB=10000000> 
#<DWph=2> <it=  6> <et=0.45> <Mt= 0.00> <Spt= 0.00> <nCl= 20> <al=0.46> <DB=-5831359032.2434> <Mlp=173427263.9473> <PB=10000000> 
#<DWph=2> <it=  7> <et=0.45> <Mt= 0.00> <Spt= 0.00> <nCl= 20> <al=0.52> <DB=-5716198165.5180> <Mlp=165546799.5162> <PB=10000000> 
#<DWph=2> <it=  8> <et=0.45> <Mt= 0.00> <Spt= 0.00> <nCl= 20> <al=0.57> <DB=-5777527974.5571> <Mlp=109497381.9753> <PB=10000000> 
#<DWph=2> <it=  9> <et=0.45> <Mt= 0.00> <Spt= 0.00> <nCl= 20> <al=0.61> <DB=-5043882375.1147> <Mlp=83374456.5053> <PB=10000000> 
#<DWph=2> <it= 10> <et=0.45> <Mt= 0.00> <Spt= 0.00> <nCl= 20> <al=0.51> <DB=-4986316295.7175> <Mlp=44953071.8033> <PB=10000000> 
#<DWph=2> <it= 11> <et=0.46> <Mt= 0.00> <Spt= 0.00> <nCl= 20> <al=0.56> <DB=-4215228441.8585> <Mlp=25136434.6719> <PB=10000000> 
#<DWph=2> <it= 12> <et=0.46> <Mt= 0.00> <Spt= 0.00> <nCl= 20> <al=0.60> <DB=-2447745328.8652> <Mlp=6525900.9640> <PB=10000000> 
#<DWph=2> <it= 13> <et=0.46> <Mt= 0.00> <Spt= 0.00> <nCl= 22> <al=0.01> <DB=-16685628.1132> <Mlp=6517499.9354> <PB=10000000> 
<DWph=2> <it= 14> <et=0.46> <Mt= 0.00> <Spt= 0.00> <nCl= 20> <al=0.00> <DB=-22190.0612> <Mlp= 1779.1735> <PB=10000000> 
<DWph=2> <it= 15> <et=0.46> <Mt= 0.00> <Spt= 0.00> <nCl= 20> <al=0.30> <DB=-23028.5645> <Mlp= 1625.3440> <PB=10000000> 
<DWph=2> <it= 16> <et=0.46> <Mt= 0.00> <Spt= 0.00> <nCl= 20> <al=0.37> <DB=-15583.6404> <Mlp= 1519.7304> <PB=10000000> 
<DWph=2> <it= 17> <et=0.46> <Mt= 0.00> <Spt= 0.00> <nCl= 20> <al=0.44> <DB=-10910.8347> <Mlp= 1478.1878> <PB=10000000> 
<DWph=2> <it= 18> <et=0.46> <Mt= 0.00> <Spt= 0.01> <nCl= 20> <al=0.34> <DB=-9220.2739> <Mlp= 1360.1443> <PB=10000000> 
<DWph=2> <it= 19> <et=0.46> <Mt= 0.00> <Spt= 0.00> <nCl= 20> <al=0.40> <DB=-7124.4197> <Mlp= 1275.4528> <PB=10000000> 
<DWph=2> <it= 20> <et=0.46> <Mt= 0.00> <Spt= 0.00> <nCl= 20> <al=0.46> <DB=-5023.5413> <Mlp= 1228.2846> <PB=10000000> 
<DWph=2> <it= 21> <et=0.46> <Mt= 0.00> <Spt= 0.00> <nCl= 20> <al=0.52> <DB=-2724.8390> <Mlp= 1202.6213> <PB=10000000> 
<DWph=2> <it= 22> <et=0.47> <Mt= 0.00> <Spt= 0.00> <nCl= 20> <al=0.42> <DB=-2795.2742> <Mlp= 1181.0960> <PB=10000000> 
<DWph=2> <it= 23> <et=0.47> <Mt= 0.00> <Spt= 0.00> <nCl= 20> <al=0.47> <DB=-2375.5174> <Mlp= 1159.4229> <PB=10000000> 
<DWph=2> <it= 24> <et=0.47> <Mt= 0.00> <Spt= 0.00> <nCl= 20> <al=0.53> <DB=-1691.3063> <Mlp= 1151.7493> <PB=10000000> 
<DWph=2> <it= 25> <et=0.47> <Mt= 0.00> <Spt= 0.00> <nCl= 20> <al=0.43> <DB=-1509.2934> <Mlp= 1127.5876> <PB=10000000> 
<DWph=2> <it= 26> <et=0.47> <Mt= 0.00> <Spt= 0.00> <nCl= 20> <al=0.48> <DB=-1370.7964> <Mlp= 1127.5876> <PB=10000000> 
<DWph=2> <it= 27> <et=0.47> <Mt= 0.00> <Spt= 0.00> <nCl= 20> <al=0.54> <DB= -849.7120> <Mlp= 1117.2870> <PB=10000000> 
<DWph=2> <it= 28> <et=0.47> <Mt= 0.00> <Spt= 0.00> <nCl= 20> <al=0.58> <DB= -980.0931> <Mlp= 1117.2870> <PB=10000000> 
<DWph=2> <it= 29> <et=0.47> <Mt= 0.00> <Spt= 0.00> <nCl= 20> <al=0.62> <DB= -491.1921> <Mlp= 1100.5794> <PB=10000000> 
<DWph=2> <it= 30> <et=0.47> <Mt= 0.00> <Spt= 0.00> <nCl= 20> <al=0.66> <DB= -225.6014> <Mlp= 1083.7447> <PB=10000000> 
<DWph=2> <it= 31> <et=0.47> <Mt= 0.00> <Spt= 0.00> <nCl= 20> <al=0.56> <DB= -561.1596> <Mlp= 1070.0465> <PB=10000000> 
<DWph=2> <it= 32> <et=0.48> <Mt= 0.00> <Spt= 0.00> <nCl= 20> <al=0.61> <DB=  126.5041> <Mlp= 1069.5168> <PB=10000000> 
<DWph=2> <it= 33> <et=0.48> <Mt= 0.00> <Spt= 0.01> <nCl= 20> <al=0.51> <DB=  253.8531> <Mlp= 1058.2500> <PB=10000000> 
<DWph=2> <it= 34> <et=0.48> <Mt= 0.00> <Spt= 0.00> <nCl= 20> <al=0.55> <DB=  393.1029> <Mlp= 1057.9375> <PB=10000000> 
<DWph=2> <it= 35> <et=0.48> <Mt= 0.00> <Spt= 0.00> <nCl= 14> <al=0.60> <DB=  589.3447> <Mlp= 1052.3636> <PB=10000000> 
<DWph=2> <it= 36> <et=0.48> <Mt= 0.00> <Spt= 0.00> <nCl= 16> <al=0.50> <DB=  721.2163> <Mlp= 1052.3636> <PB=10000000> 
<DWph=2> <it= 37> <et=0.48> <Mt= 0.00> <Spt= 0.00> <nCl= 18> <al=0.40> <DB=  319.9512> <Mlp= 1051.8182> <PB=10000000> 
<DWph=2> <it= 38> <et=0.48> <Mt= 0.00> <Spt= 0.00> <nCl= 20> <al=0.46> <DB=  237.6642> <Mlp= 1051.8182> <PB=10000000> 
<DWph=2> <it= 39> <et=0.48> <Mt= 0.00> <Spt= 0.00> <nCl= 17> <al=0.51> <DB=  432.4231> <Mlp= 1051.8182> <PB=10000000> 
<DWph=2> <it= 40> <et=0.48> <Mt= 0.00> <Spt= 0.00> <nCl= 16> <al=0.41> <DB=  425.0730> <Mlp= 1051.8182> <PB=10000000> 
<DWph=2> <it= 41> <et=0.48> <Mt= 0.00> <Spt= 0.00> <nCl= 20> <al=0.31> <DB=  238.4685> <Mlp= 1043.6000> <PB=10000000> 
<DWph=2> <it= 42> <et=0.49> <Mt= 0.00> <Spt= 0.00> <nCl= 20> <al=0.38> <DB=  652.8498> <Mlp= 1043.6000> <PB=10000000> 
<DWph=2> <it= 43> <et=0.49> <Mt= 0.01> <Spt= 0.00> <nCl= 20> <al=0.28> <DB=  584.9371> <Mlp= 1035.0000> <PB=10000000> 
<DWph=2> <it= 44> <et=0.49> <Mt= 0.00> <Spt= 0.00> <nCl= 20> <al=0.35> <DB=  604.4992> <Mlp= 1035.0000> <PB=10000000> 
<DWph=2> <it= 45> <et=0.49> <Mt= 0.00> <Spt= 0.00> <nCl= 19> <al=0.25> <DB=  945.1094> <Mlp= 1035.0000> <PB=10000000> 
<DWph=2> <it= 46> <et=0.49> <Mt= 0.00> <Spt= 0.00> <nCl= 20> <al=0.33> <DB=  791.8992> <Mlp= 1035.0000> <PB=10000000> 
<DWph=2> <it= 47> <et=0.49> <Mt= 0.00> <Spt= 0.00> <nCl= 16> <al=0.40> <DB=  517.2640> <Mlp= 1035.0000> <PB=10000000> 
<DWph=2> <it= 48> <et=0.49> <Mt= 0.00> <Spt= 0.01> <nCl= 20> <al=0.46> <DB=  367.3524> <Mlp= 1035.0000> <PB=10000000> 
<DWph=2> <it= 49> <et=0.49> <Mt= 0.00> <Spt= 0.00> <nCl= 16> <al=0.51> <DB=  908.6426> <Mlp= 1035.0000> <PB=10000000> 
<DWph=2> <it= 50> <et=0.49> <Mt= 0.00> <Spt= 0.00> <nCl= 26> <al=0.00> <DB=  525.0000> <Mlp= 1035.0000> <PB=10000000> 
<DWph=2> <it= 51> <et=0.49> <Mt= 0.00> <Spt= 0.00> <nCl= 13> <al=0.31> <DB=  873.3020> <Mlp= 1035.0000> <PB=10000000> 
<DWph=2> <it= 52> <et=0.50> <Mt= 0.00> <Spt= 0.00> <nCl= 26> <al=0.00> <DB=  775.0000> <Mlp= 1035.0000> <PB=10000000> 
<DWph=2> <it= 53> <et=0.50> <Mt= 0.00> <Spt= 0.00> <nCl=  8> <al=0.28> <DB= 1034.8365> <Mlp= 1033.8889> <PB=10000000> 
<DWph=1> <it= 54> <et=0.50> <Mt= 0.00> <Spt= 0.00> <nCl= 15> <al=0.35> <DB= 1032.5809> <Mlp= 1033.8889> <PB=10000000> 
<DWph=1> <it= 55> <et=0.50> <Mt= 0.00> <Spt= 0.00> <nCl= 15> <al=0.25> <DB=  918.1871> <Mlp= 1033.8889> <PB=10000000> 
<DWph=1> <it= 56> <et=0.50> <Mt= 0.00> <Spt= 0.00> <nCl=  4> <al=0.00> <DB= 1033.6667> <Mlp= 1033.6667> <PB=10000000> 
    RCSP exact solver info for graph G_0 : TT = 0.001231, pt = 3e-06, dt = 0.000931, ct = 0.00011, ndl = 722', bdl = 7603', odl = 1760', odf = 11144', bsi = 1054', cnt = 2603', bdch = 66688', odch = 15898', lcp = 12638', #sols = 150
<DWph=0> <it= 57> <et=0.51> <Mt= 0.00> <Spt= 0.01> <nCl=130> <al=0.23> <DB=  907.0000> <Mlp= 1033.6667> <PB=10000000> 
    RCSP exact solver info for graph G_0 : TT = 0.001224, pt = 1.3e-05, dt = 0.000905, ct = 0.000101, ndl = 737', bdl = 7817', odl = 1765', odf = 11309', bsi = 1030', cnt = 2724', bdch = 69486', odch = 16355', lcp = 13072', #sols = 150
    RCSP exact solver info for graph G_0 : TT = 0.001156, pt = 1.1e-05, dt = 0.000848, ct = 0.00011, ndl = 717', bdl = 7584', odl = 1798', odf = 11430', bsi = 1001', cnt = 2636', bdch = 68031', odch = 15670', lcp = 13054', #sols = 150
<DWph=0> <it= 58> <et=0.51> <Mt= 0.00> <Spt= 0.00> <nCl= 30> <al=0.00> <DB= 1033.0000> <Mlp= 1033.0000> <PB=10000000> 
RCSP solver dynamic params and stats :  bidir.bord. = 375 aver.obdmd = 23.5909 aver.buck.num. = 26
@@ 1 0 1033 0.00100167 0.001041 91.3132 0.51
RCSP      solver labels distribution in 194 buckets (bucket size) : largest - 17, top 0.1% - 17, top 0.5% - 17, top 2% - 13, top 10% - 8, top 50% - 2
Reduced cost fixing for graph G_0...  TT = 0.002328, pt = 9.1e-05, dt = 0.002194, ct = 0, ndl = 1968', bdl = 17021', odl = 2184', odf = 21908', lpcb = 1776', cnt = 44697', bdch = 157117', odch = 38189', lcp = 23163'
9254 buck. arcs remain (98.6% from prev., 90% from max.) + 0 jump buck. arcs (0% from max.)
 TT = 0.005452, pt = 9.1e-05, dt = 0.002194, ct = 0.003084, ndl = 1968', bdl = 17021', odl = 2184', odf = 21908', lpcb = 1776', cnt = 55057', bdch = 157117', odch = 38189', lcp = 23163'
RCSP      solver labels distribution in 394 buckets (bucket size) : largest - 23, top 0.1% - 23, top 0.5% - 21, top 2% - 16, top 10% - 10, top 50% - 4
Run forward enumeration with border = 375... not succeeded (ratio 0.803774) lpt = 0.240216, ndl = 150011', dl = 318975', lpcb = 0', dch = 3521376'
 TT = 0.247842, pt = 0.005679, dt = 0.240216, ct = 0, ndl = 150011', bdl = 318975', cnt = 1950243', bdch = 3521376', odch = 0', lcp = 0'
ColGenEvalAlg final dual bound: 1033 (rounded: 1033)
In total 2 RCC cut(s) are found by the connected components heuristic 
Shrinking heuristic shrunk 8 edges
In total 5 RCC cut(s) are found by the Fractional capacity min-cut heuristic 
In total 3 RCC cut(s) are found by the greedy construction heuristic 
----- Add fac. cuts : CAP(10), max.viol = 0.555556, aver.viol = 0.422222, sep/add took 0.000574262/0.00505775 sec. -----
1221 columns (1221 active), 10 dyn. constrs. (10 active), 52 art. vars. (52 active)
Shrinking heuristic shrunk 17 edges
<DWph=2> <it=  1> <et=0.78> <Mt= 0.00> <Spt= 0.00> <nCl= 13> <al=0.50> <DB= 1008.5000> <Mlp= 1054.0000> <PB=1054> 
<DWph=2> <it=  2> <et=0.78> <Mt= 0.00> <Spt= 0.00> <nCl=  7> <al=0.55> <DB= 1022.3833> <Mlp= 1054.0000> <PB=1054> 
<DWph=2> <it=  3> <et=0.78> <Mt= 0.00> <Spt= 0.00> <nCl=  7> <al=0.60> <DB= 1041.5050> <Mlp= 1054.0000> <PB=1054> 
<DWph=2> <it=  4> <et=0.78> <Mt= 0.00> <Spt= 0.00> <nCl= 14> <al=0.50> <DB= 1043.7231> <Mlp= 1054.0000> <PB=1054> 
<DWph=2> <it=  5> <et=0.78> <Mt= 0.00> <Spt= 0.01> <nCl= 19> <al=0.55> <DB=  917.5071> <Mlp= 1054.0000> <PB=1054> 
<DWph=2> <it=  6> <et=0.78> <Mt= 0.00> <Spt= 0.00> <nCl= 23> <al=0.18> <DB=  906.4705> <Mlp= 1054.0000> <PB=1054> 
<DWph=2> <it=  7> <et=0.78> <Mt= 0.00> <Spt= 0.00> <nCl= 18> <al=0.00> <DB= 1052.5714> <Mlp= 1054.0000> <PB=1054> 
<DWph=2> <it=  8> <et=0.78> <Mt= 0.00> <Spt= 0.00> <nCl= 14> <al=0.39> <DB=  992.3341> <Mlp= 1054.0000> <PB=1054> 
<DWph=2> <it=  9> <et=0.78> <Mt= 0.00> <Spt= 0.00> <nCl= 19> <al=0.00> <DB= 1034.0000> <Mlp= 1054.0000> <PB=1054> 
<DWph=2> <it= 10> <et=0.79> <Mt= 0.00> <Spt= 0.00> <nCl=  1> <al=0.00> <DB= 1054.0000> <Mlp= 1054.0000> <PB=1054> 
<DWph=1> <it= 11> <et=0.79> <Mt= 0.00> <Spt= 0.00> <nCl= 10> <al=0.25> <DB=  954.0000> <Mlp= 1054.0000> <PB=1054> 
<DWph=1> <it= 12> <et=0.79> <Mt= 0.00> <Spt= 0.00> <nCl= 13> <al=0.25> <DB=  989.2597> <Mlp= 1054.0000> <PB=1054> 
<DWph=1> <it= 13> <et=0.79> <Mt= 0.00> <Spt= 0.00> <nCl= 30> <al=0.00> <DB=  834.0000> <Mlp= 1054.0000> <PB=1054> 
<DWph=1> <it= 14> <et=0.79> <Mt= 0.01> <Spt= 0.00> <nCl= 17> <al=0.23> <DB= 1016.6255> <Mlp= 1054.0000> <PB=1054> 
<DWph=1> <it= 15> <et=0.79> <Mt= 0.00> <Spt= 0.01> <nCl= 17> <al=0.00> <DB= 1018.2857> <Mlp= 1054.0000> <PB=1054> 
<DWph=1> <it= 16> <et=0.79> <Mt= 0.00> <Spt= 0.00> <nCl= 17> <al=0.20> <DB= 1024.4721> <Mlp= 1054.0000> <PB=1054> 
<DWph=1> <it= 17> <et=0.80> <Mt= 0.00> <Spt= 0.00> <nCl=  9> <al=0.00> <DB= 1054.0000> <Mlp= 1054.0000> <PB=1054> 
    RCSP exact solver info for graph G_0 : TT = 0.000733, pt = 4e-06, dt = 0.000498, ct = 5.9e-05, ndl = 372', bdl = 3976', odl = 1190', odf = 7702', bsi = 643', cnt = 1283', bdch = 20684', odch = 7201', lcp = 3516', #sols = 150
<DWph=0> <it= 18> <et=0.80> <Mt= 0.00> <Spt= 0.00> <nCl=130> <al=0.18> <DB=  990.0000> <Mlp= 1054.0000> <PB=1054> 
Shrinking heuristic shrunk 17 edges
    RCSP exact solver info for graph G_0 : TT = 0.00085, pt = 2.5e-05, dt = 0.00057, ct = 5.8e-05, ndl = 419', bdl = 4333', odl = 1321', odf = 8838', bsi = 660', cnt = 1591', bdch = 24603', odch = 8975', lcp = 4542', #sols = 150
<DWph=0> <it= 19> <et=0.80> <Mt= 0.00> <Spt= 0.00> <nCl= 64> <al=0.27> <DB= 1024.1949> <Mlp= 1051.0000> <PB=1051> 
    RCSP exact solver info for graph G_0 : TT = 0.001089, pt = 1e-05, dt = 0.000652, ct = 0.000106, ndl = 448', bdl = 4579', odl = 1322', odf = 9063', bsi = 679', cnt = 2147', bdch = 26810', odch = 9888', lcp = 4889', #sols = 150
<DWph=0> <it= 20> <et=0.81> <Mt= 0.00> <Spt= 0.01> <nCl= 97> <al=0.34> <DB= 1021.2108> <Mlp= 1051.0000> <PB=1051> 
    RCSP exact solver info for graph G_0 : TT = 0.000779, pt = 1e-05, dt = 0.000522, ct = 6.3e-05, ndl = 440', bdl = 4510', odl = 1313', odf = 8977', bsi = 704', cnt = 1880', bdch = 25704', odch = 9524', lcp = 4678', #sols = 150
    RCSP exact solver info for graph G_0 : TT = 0.000795, pt = 8e-06, dt = 0.000522, ct = 6.2e-05, ndl = 398', bdl = 4006', odl = 1297', odf = 8821', bsi = 680', cnt = 1575', bdch = 22121', odch = 8450', lcp = 4204', #sols = 150
<DWph=0> <it= 21> <et=0.81> <Mt= 0.00> <Spt= 0.00> <nCl= 41> <al=0.00> <DB= 1047.6667> <Mlp= 1051.0000> <PB=1051> 
    RCSP exact solver info for graph G_0 : TT = 0.000747, pt = 9e-06, dt = 0.000482, ct = 6.4e-05, ndl = 396', bdl = 3955', odl = 1292', odf = 8769', bsi = 683', cnt = 1630', bdch = 21769', odch = 8414', lcp = 4157', #sols = 150
    RCSP exact solver info for graph G_0 : TT = 0.000735, pt = 1.2e-05, dt = 0.000473, ct = 6.4e-05, ndl = 394', bdl = 3941', odl = 1290', odf = 8759', bsi = 685', cnt = 1566', bdch = 21674', odch = 8417', lcp = 4138', #sols = 150
<DWph=0> <it= 22> <et=0.82> <Mt= 0.00> <Spt= 0.00> <nCl= 21> <al=0.00> <DB= 1051.0000> <Mlp= 1051.0000> <PB=1051> 
RCSP solver dynamic params and stats :  bidir.bord. = 375 aver.obdmd = 23.5909 aver.buck.num. = 26
@@ 1 1 1051 0.000599286 0.000758 90.0195 0.82
ColGenEvalAlg final dual bound: 1051 (rounded: 1051)
Gap improvement since the last cut separation : 1 (1033)
Current active cuts : CAP(4,179)
New model incumbent solution 1051, TIME = 0h0m0s82t = 82
************************************************************************************************
Search is finished, global bounds : [ 1051 , 1051 ], TIME = 0h0m0s82t = 82
************************************************************************************************
[32mBaPCod : solution defined.[00m
statistics_cols: instance & :Optimal & cutoff & :bcRecRootDb & :bcTimeRootEval & :bcCountNodeProc & :bcRecBestDb & :bcRecBestInc & :bcTimeMain \\
statistics: instance_9-triangle & 1 & 1.0e7 & 1051.00 & 0.82 & 1 & 1051.00 & 1051 & 0.82 \\
########################################################
Route #1: 10 1 17 12 19 
Route #2: 11 
Route #3: 13 3 16 20 7 8 2 18 4 6 15 9 5 14 
Cost 1051
########################################################

end_time=2026-04-20 07:10:51
exit_code=0
