instance_file=/mnt/c/Users/porin/OneDrive/Documentos/Python-Mestrado/Modelagem Matemática/Programação Inteira - Uchoa/Problema VRPRDL/instancias_turco/VRPRDL-triangle/vrp_convertidos/instance_5-triangle.vrp
instance_name=instance_5-triangle
start_time=2026-04-20 07:09:54

  Activating project at `~/VRPSolver/VRPSolverDemos`
Application parameters:
  batch  =>  nothing
  instance  =>  "/mnt/c/Users/porin/OneDrive/Documentos/Python-Mestrado/Modelagem Matemática/Programação Inteira - Uchoa/Problema VRPRDL/instancias_turco/VRPRDL-triangle/vrp_convertidos/instance_5-triangle.vrp"
  noround  =>  false
  cfg  =>  "/home/poringman/VRPSolver/VRPSolverDemos/src/../config/CVRP.cfg"
  edge_cuts  =>  false
  out  =>  nothing
  ub  =>  1.0e7
  cluster_branching  =>  1.0
  sol  =>  nothing
  single_resource  =>  false
  strong_kpath_cuts  =>  false
  tikz  =>  nothing
  maxr  =>  999
  update  =>  false
  show_complete_form  =>  false
  nosolve  =>  false
  minr  =>  1
  low_edge_priority  =>  false
~~~~~~~~~~~~~~~~~~~~~~~~~~~~~~~~~~~~~~~~~~~~~~~~~~~~~~~~~~~~~~~~~~~~~~~~~~~~~~~~~~~~~
GIT VERSION RCSP: 
GIT BRANCH: 
~~~~~~~~~~~~~~~~~~~~~~~~~~~~~~~~~~~~~~~~~~~~~~~~~~~~~~~~~~~~~~~~~~~~~~~~~~~~~~~~~~~~~
VRPSolver v0.6.16, 10/11/2025, © Inria Bordeaux, France, vrpsolver.math.u-bordeaux.fr
      Corresponds to the solver by Pessoa, Sadykov, Uchoa and Vanderbeck (2020)
                 Paper: dx.doi.org/10.1007/s10107-020-01523-z
~~~~~~~~~~~~~~~~~~~~~~~~~~~~~~~~~~~~~~~~~~~~~~~~~~~~~~~~~~~~~~~~~~~~~~~~~~~~~~~~~~~~~
GIT VERSION BAPCOD: a7cb21f19424236c9d0da5dcf94961797a519470
GIT BRANCH: main
~~~~~~~~~~~~~~~~~~~~~~~~~~~~~~~~~~~~~~~~~~~~~~~~~~~~~~~~~~~~~~~~~~~~~~~~~~~~~~~~~~~~~
   BaPCod v0.84, 10/11/2025, © Inria Bordeaux, France, bapcod.math.u-bordeaux.fr 
           THIS CODE IS PROVIDED AS IS, USE IT AT YOUR OWN RISK
~~~~~~~~~~~~~~~~~~~~~~~~~~~~~~~~~~~~~~~~~~~~~~~~~~~~~~~~~~~~~~~~~~~~~~~~~~~~~~~~~~~~~
--- MAIN PARAMETERS ---
GlobalTimeLimitInTick = 2147483645
GlobalTimeLimit = 21474836
ClockType = 0
MaxNbOfBBtreeNodeTreated = 100000
optimalityGapTolerance = 1e-06
relOptimalityGapTolerance = 1e-09
ApplyPreprocessing = false
PreprocessVariablesLocalBounds = false
treeSearchStrategy = 1
OpenNodesLimit = 1000
DEFAULTPRINTLEVEL = 0
--- MIP SOLVER PARAMETERS ---
solverName = CPLEX_SOLVER
MipSolverMaxBBNodes = 2000000
MipSolverMaxTime = 360000
MipSolverMultiThread = 1
--- COLUMN GENERATION PARAMETERS ---
SolverSelectForMast = a
  colGenSubProbSolMode = customSolver
mastInitMode = localArtCol
ArtVarPenaltyUpdateFactor = 2
ArtVarMaxNbOfPenaltyUpdates = 5
MaxNbOfStagesInColGenProcedure = 3
GenerateProperColumns = false
InsertAllGeneratedColumnsInFormRatherThanInPool = true
InsertNewNonNegColumnsDirectlyInFormRatherThanInPool = true
ColumnCleanupThreshold = 10000
ColumnCleanupRatio = 0.66
ReducedCostFixingThreshold = 0.9
--- CUT GENERATION PARAMETERS ---
MasterCuttingPlanesDepthLimit = 1000
MaxNbOfCutGeneratedAtEachIter = 1000
CutTailingOffThreshold = 0.015
CutTailingOffCounterThreshold = 3
CutCleanupThreshold = 1
CutCleanupRatio = 0.66
ColGenSpRelaxationImprovementPriority = 0
--- STABILIZATION PARAMETERS ---
colGenDualPriceSmoothingAlphaFactor = 1
colGenDualPriceSmoothingBetaFactor = 0
colGenStabilizationFunctionType = none
colGenProximalStabilizationRule = undefined
StabilFuncKappa = 1
colGenStabilizationMaxTreeDepth = 10000
StabilizationMinPhaseOfStage = 0
--- PRIMAL HEURISTIC PARAMETERS ---
UseInitialPrimalHeur = false
MaxTimeForRestrictedMasterIpHeur = -1
CallFrequencyOfRestrictedMasterIpHeur = 5
MIPemphasisInRestrictedMasterIpHeur = 1
PolishingAfterTimeInRestrictedMasterIpHeur = -1
DivingHeurUseDepthLimit = -1
CallFrequencyOfDivingHeur = 1
LeastFractional
Closest2RoundUp
LeastGreedyCost
LeastCost
FixIntValBeforeRoundingHeur = true
MaxNbOfCgIteDuringRh = 5000
MaxLDSbreadth = 0
MaxLDSdepth = 0
DivingHeurStopsWithFirstFeasSol = false
DivingHeurPreprocessBeforeChoosingVar = false
StrongDivingCandidatesNumber = 1
EvalAlgParamsInDiving = max#cand. = 1 max#cg.iters = 10000 min.lvl.sp.restr. = 1 min#cut.rounds = 0 max#cut.rounds = 0 red.cost.fix&enum. = false tree.size.ratio = 1
LocalSearchHeurUseDepthLimit = -1
LeastFractional
Closest2RoundUp
LeastGreedyCost
LeastCost
MaxFactorOfColFixedByLocalSearchHeur = 0.8
MaxLocalSearchIterationCounter = 3
--- STRONG BRANCHING PARAMETERS ---
SimplifiedStrongBranchingParameterisation = true
StrongBranchingPhaseOneCandidatesNumber = 100
StrongBranchingPhaseOneTreeSizeEstimRatio = 0.2
StrongBranchingPhaseTwoCandidatesNumber = 3
StrongBranchingPhaseTwoTreeSizeEstimRatio = 0.02
SafeDualBoundScaleFactor = -1
StrongBranchingPhaseOne = max#cand. = 100 max#cg.iters = 0 min.lvl.sp.restr. = 0 min#cut.rounds = 0 max#cut.rounds = 0 red.cost.fix&enum. = false tree.size.ratio = 0.2
StrongBranchingPhaseTwo = max#cand. = 3 max#cg.iters = 10000 min.lvl.sp.restr. = 1 min#cut.rounds = 0 max#cut.rounds = 0 red.cost.fix&enum. = false tree.size.ratio = 0.02
StrongBranchingPhaseThree = max#cand. = 1 max#cg.iters = 10000 min.lvl.sp.restr. = 0 min#cut.rounds = 0 max#cut.rounds = 10000 red.cost.fix&enum. = true tree.size.ratio = 1
StrongBranchingPhaseFour =not active
--- DEBUG OUTPUT PARAMETERS ---
printMasterPrimalSols = 0
--- VRPSOLVER PARAMETERS ---
RCSPstopCutGenTimeThresholdInPricing = 10
RCSPhardTimeThresholdInPricing = 25
RCSPredCostFixingTimeThreshold = 100
RCSPnumberOfBucketsPerVertex = 25
RCSPdynamicBucketSteps = 1
RCSPuseBidirectionalSearch = 2
RCSPapplyReducedCostFixing = 1
RCSPmaxNumOfColsPerIteration = 30
RCSPmaxNumOfColsPerExactIteration = 150
RCSPmaxNumOfLabelsInEnumeration = 500000
RCSPmaxNumOfLabelsInHeurEnumeration = 0
RCSPmaxNumOfEnumeratedSolutions = 5000000
RCSPmaxNumOfEnumSolutionsForMIP = 10000
RCSPmaxNumOfEnumSolsForEndOfNodeMIP = 10000
RCSPinitNGneighbourhoodSize = 8
RCSPmaxNGneighbourhoodSize = 8
RCSPrankOneCutsMaxNumRows = 5
RCSPrankOneCutsMaxNumPerRound = 100
RCSPrankOneCutsMemoryType = 0
RCSPrankOneCutsLSnumIterations = 1000
RCSPallowRoutesWithSameVerticesSet = true
RCSPredCostFixingFalseGap = 0
SafeDualBoundScaleFactor = -1
RCSPmaxNumOfLabelsInHeurEnumeration = 0
MaxNumEnumSolsInRestrictedMasterIpHeur = 5000

prName & bcTimeMain \\ 
New model incumbent solution 1e+07, TIME = 0h0m0s42t = 42
RCSP solver info : size of non-robust cut bitmask in a label is 640 bits
Bucket steps were recalculated for graph G_0 : [30]
RCSP solver info : symmetric case is detected for graph G_0! 
Bidirectional border value is initialised to 375
RCSP solver info : number of forw. reachable buckets / buck. strongly connected components is 541( 94.5804% ) / 466( 86.1368% )
RCSP solver info: std. label size is 56, ext. label size is 136
Generating neighbourhoods for rank-1 cuts separation
Building structures for 4- and 5-row rank-1 packing cut separation...done!
Model is built TIME = 0h0m0s43t = 43
************************************************************************************************
**** BaB tree root node
**** Local DB = -1e+12, global bounds : [ -1e+12 , 1e+07 ], TIME = 0h0m0s43t = 43
**** 1 open nodes, 0 columns (0 active), 0 dyn. constrs. (0 active), 42 art. vars. (42 active)
************************************************************************************************
--------------------------------------------------------------------------
BaPCod info : first we run the root node with rank-1 cuts with node memory
--------------------------------------------------------------------------
#<DWph=2> <it=  1> <et=0.43> <Mt= 0.00> <Spt= 0.00> <nCl= 20> <al=0.00> <DB=-11039947860.0000> <Mlp=504000000.0000> <PB=10000000> 
#<DWph=2> <it=  2> <et=0.43> <Mt= 0.00> <Spt= 0.00> <nCl= 20> <al=0.55> <DB=-11088488599.6000> <Mlp=396000845.3333> <PB=10000000> 
#<DWph=2> <it=  3> <et=0.43> <Mt= 0.00> <Spt= 0.00> <nCl= 20> <al=0.60> <DB=-9164995861.8852> <Mlp=378000864.9500> <PB=10000000> 
#<DWph=2> <it=  4> <et=0.43> <Mt= 0.00> <Spt= 0.00> <nCl= 20> <al=0.50> <DB=-8371445562.2860> <Mlp=337034953.8036> <PB=10000000> 
#<DWph=2> <it=  5> <et=0.43> <Mt= 0.00> <Spt= 0.00> <nCl= 20> <al=0.55> <DB=-6405693506.5943> <Mlp=282915619.3108> <PB=10000000> 
#<DWph=2> <it=  6> <et=0.43> <Mt= 0.00> <Spt= 0.00> <nCl= 20> <al=0.59> <DB=-5615509916.9116> <Mlp=240524827.1011> <PB=10000000> 
#<DWph=2> <it=  7> <et=0.43> <Mt= 0.00> <Spt= 0.00> <nCl= 20> <al=0.63> <DB=-5857330245.1335> <Mlp=109301893.1113> <PB=10000000> 
#<DWph=2> <it=  8> <et=0.43> <Mt= 0.00> <Spt= 0.00> <nCl= 20> <al=0.67> <DB=-5663186732.7035> <Mlp=74433256.5102> <PB=10000000> 
#<DWph=2> <it=  9> <et=0.43> <Mt= 0.00> <Spt= 0.00> <nCl= 20> <al=0.70> <DB=-5413238999.7212> <Mlp=44693432.5519> <PB=10000000> 
#<DWph=2> <it= 10> <et=0.43> <Mt= 0.00> <Spt= 0.00> <nCl= 20> <al=0.73> <DB=-4874927761.0066> <Mlp=35338133.6251> <PB=10000000> 
#<DWph=2> <it= 11> <et=0.44> <Mt= 0.00> <Spt= 0.00> <nCl= 20> <al=0.63> <DB=-4034960807.1240> <Mlp=10792467.3564> <PB=10000000> 
#<DWph=2> <it= 12> <et=0.44> <Mt= 0.00> <Spt= 0.00> <nCl= 56> <al=0.00> <DB=-15389774.9680> <Mlp=7721813.5773> <PB=10000000> 
<DWph=2> <it= 13> <et=0.44> <Mt= 0.00> <Spt= 0.00> <nCl= 20> <al=0.00> <DB=-29903.2658> <Mlp= 1978.4490> <PB=10000000> 
<DWph=2> <it= 14> <et=0.44> <Mt= 0.00> <Spt= 0.01> <nCl= 20> <al=0.47> <DB=-25747.3837> <Mlp= 1836.3446> <PB=10000000> 
<DWph=2> <it= 15> <et=0.44> <Mt= 0.00> <Spt= 0.00> <nCl= 20> <al=0.52> <DB=-21222.5883> <Mlp= 1526.7618> <PB=10000000> 
<DWph=2> <it= 16> <et=0.44> <Mt= 0.00> <Spt= 0.00> <nCl= 20> <al=0.42> <DB=-16597.5942> <Mlp= 1423.8750> <PB=10000000> 
<DWph=2> <it= 17> <et=0.44> <Mt= 0.00> <Spt= 0.00> <nCl= 20> <al=0.48> <DB=-9594.9461> <Mlp= 1417.9276> <PB=10000000> 
<DWph=2> <it= 18> <et=0.44> <Mt= 0.00> <Spt= 0.00> <nCl= 20> <al=0.38> <DB=-6488.1673> <Mlp= 1340.2454> <PB=10000000> 
<DWph=2> <it= 19> <et=0.44> <Mt= 0.00> <Spt= 0.00> <nCl= 20> <al=0.44> <DB=-4710.0896> <Mlp= 1281.8494> <PB=10000000> 
<DWph=2> <it= 20> <et=0.45> <Mt= 0.00> <Spt= 0.00> <nCl= 20> <al=0.50> <DB=-5414.9833> <Mlp= 1170.3137> <PB=10000000> 
<DWph=2> <it= 21> <et=0.45> <Mt= 0.00> <Spt= 0.00> <nCl= 20> <al=0.55> <DB=-3783.6525> <Mlp= 1129.8181> <PB=10000000> 
<DWph=2> <it= 22> <et=0.45> <Mt= 0.00> <Spt= 0.00> <nCl= 20> <al=0.59> <DB=-4137.5586> <Mlp= 1098.1465> <PB=10000000> 
<DWph=2> <it= 23> <et=0.45> <Mt= 0.00> <Spt= 0.00> <nCl= 20> <al=0.63> <DB=-3345.2431> <Mlp= 1078.7194> <PB=10000000> 
<DWph=2> <it= 24> <et=0.45> <Mt= 0.00> <Spt= 0.00> <nCl= 20> <al=0.53> <DB=-2882.8814> <Mlp= 1039.2571> <PB=10000000> 
<DWph=2> <it= 25> <et=0.45> <Mt= 0.00> <Spt= 0.00> <nCl= 20> <al=0.58> <DB=-2886.6751> <Mlp= 1038.3275> <PB=10000000> 
<DWph=2> <it= 26> <et=0.45> <Mt= 0.00> <Spt= 0.00> <nCl= 20> <al=0.62> <DB=-1815.5237> <Mlp= 1034.1030> <PB=10000000> 
<DWph=2> <it= 27> <et=0.45> <Mt= 0.00> <Spt= 0.00> <nCl= 20> <al=0.52> <DB=-1539.2554> <Mlp= 1033.1111> <PB=10000000> 
<DWph=2> <it= 28> <et=0.45> <Mt= 0.00> <Spt= 0.00> <nCl= 20> <al=0.57> <DB=-1023.7251> <Mlp= 1021.6026> <PB=10000000> 
<DWph=2> <it= 29> <et=0.45> <Mt= 0.00> <Spt= 0.00> <nCl= 20> <al=0.61> <DB= -519.7148> <Mlp= 1018.4912> <PB=10000000> 
<DWph=2> <it= 30> <et=0.46> <Mt= 0.00> <Spt= 0.01> <nCl= 20> <al=0.51> <DB= -487.4753> <Mlp= 1013.0000> <PB=10000000> 
<DWph=2> <it= 31> <et=0.46> <Mt= 0.00> <Spt= 0.00> <nCl= 20> <al=0.56> <DB= -219.6291> <Mlp= 1013.0000> <PB=10000000> 
<DWph=2> <it= 32> <et=0.46> <Mt= 0.00> <Spt= 0.00> <nCl= 20> <al=0.61> <DB= -546.0234> <Mlp= 1013.0000> <PB=10000000> 
<DWph=2> <it= 33> <et=0.46> <Mt= 0.00> <Spt= 0.00> <nCl= 20> <al=0.64> <DB=   44.8834> <Mlp= 1011.1667> <PB=10000000> 
<DWph=2> <it= 34> <et=0.46> <Mt= 0.00> <Spt= 0.00> <nCl= 20> <al=0.54> <DB=  295.3291> <Mlp=  998.0000> <PB=10000000> 
<DWph=2> <it= 35> <et=0.46> <Mt= 0.00> <Spt= 0.00> <nCl= 20> <al=0.59> <DB=  353.1703> <Mlp=  998.0000> <PB=10000000> 
<DWph=2> <it= 36> <et=0.46> <Mt= 0.00> <Spt= 0.00> <nCl= 20> <al=0.63> <DB=   96.6560> <Mlp=  998.0000> <PB=10000000> 
<DWph=2> <it= 37> <et=0.46> <Mt= 0.01> <Spt= 0.00> <nCl= 20> <al=0.53> <DB=  539.1002> <Mlp=  998.0000> <PB=10000000> 
<DWph=2> <it= 38> <et=0.46> <Mt= 0.00> <Spt= 0.00> <nCl= 20> <al=0.58> <DB=  365.5698> <Mlp=  998.0000> <PB=10000000> 
<DWph=2> <it= 39> <et=0.47> <Mt= 0.00> <Spt= 0.00> <nCl= 20> <al=0.62> <DB=  523.1489> <Mlp=  998.0000> <PB=10000000> 
<DWph=2> <it= 40> <et=0.47> <Mt= 0.00> <Spt= 0.00> <nCl= 20> <al=0.66> <DB=  785.7091> <Mlp=  998.0000> <PB=10000000> 
<DWph=2> <it= 41> <et=0.47> <Mt= 0.00> <Spt= 0.00> <nCl= 20> <al=0.69> <DB=  609.1861> <Mlp=  998.0000> <PB=10000000> 
<DWph=2> <it= 42> <et=0.47> <Mt= 0.00> <Spt= 0.00> <nCl= 20> <al=0.59> <DB=  606.8432> <Mlp=  998.0000> <PB=10000000> 
<DWph=2> <it= 43> <et=0.47> <Mt= 0.00> <Spt= 0.00> <nCl= 19> <al=0.63> <DB=  866.3345> <Mlp=  998.0000> <PB=10000000> 
<DWph=2> <it= 44> <et=0.47> <Mt= 0.00> <Spt= 0.01> <nCl= 20> <al=0.53> <DB=  731.8756> <Mlp=  998.0000> <PB=10000000> 
<DWph=2> <it= 45> <et=0.47> <Mt= 0.00> <Spt= 0.00> <nCl= 20> <al=0.58> <DB=  769.8915> <Mlp=  998.0000> <PB=10000000> 
<DWph=2> <it= 46> <et=0.47> <Mt= 0.00> <Spt= 0.00> <nCl= 20> <al=0.62> <DB=  858.0828> <Mlp=  998.0000> <PB=10000000> 
<DWph=2> <it= 47> <et=0.47> <Mt= 0.00> <Spt= 0.00> <nCl= 20> <al=0.52> <DB=  850.5171> <Mlp=  998.0000> <PB=10000000> 
<DWph=2> <it= 48> <et=0.48> <Mt= 0.00> <Spt= 0.00> <nCl= 20> <al=0.57> <DB=  667.4058> <Mlp=  998.0000> <PB=10000000> 
<DWph=2> <it= 49> <et=0.48> <Mt= 0.00> <Spt= 0.00> <nCl= 20> <al=0.61> <DB=  995.4541> <Mlp=  998.0000> <PB=10000000> 
<DWph=2> <it= 50> <et=0.48> <Mt= 0.00> <Spt= 0.00> <nCl= 20> <al=0.51> <DB=  852.6852> <Mlp=  998.0000> <PB=10000000> 
<DWph=2> <it= 51> <et=0.48> <Mt= 0.00> <Spt= 0.00> <nCl= 20> <al=0.56> <DB=  985.6702> <Mlp=  998.0000> <PB=10000000> 
<DWph=2> <it= 52> <et=0.48> <Mt= 0.00> <Spt= 0.00> <nCl= 19> <al=0.61> <DB=  943.0563> <Mlp=  998.0000> <PB=10000000> 
<DWph=2> <it= 53> <et=0.48> <Mt= 0.00> <Spt= 0.00> <nCl= 20> <al=0.64> <DB=  927.8441> <Mlp=  998.0000> <PB=10000000> 
<DWph=2> <it= 54> <et=0.48> <Mt= 0.00> <Spt= 0.00> <nCl= 26> <al=0.36> <DB=  996.9617> <Mlp=  998.0000> <PB=10000000> 
<DWph=1> <it= 55> <et=0.48> <Mt= 0.00> <Spt= 0.00> <nCl= 20> <al=0.58> <DB=  813.7294> <Mlp=  998.0000> <PB=10000000> 
<DWph=1> <it= 56> <et=0.49> <Mt= 0.00> <Spt= 0.01> <nCl= 19> <al=0.62> <DB=  806.5409> <Mlp=  998.0000> <PB=10000000> 
<DWph=1> <it= 57> <et=0.49> <Mt= 0.00> <Spt= 0.00> <nCl= 20> <al=0.66> <DB=  925.0218> <Mlp=  998.0000> <PB=10000000> 
<DWph=1> <it= 58> <et=0.49> <Mt= 0.00> <Spt= 0.00> <nCl= 19> <al=0.69> <DB=  869.5998> <Mlp=  998.0000> <PB=10000000> 
<DWph=1> <it= 59> <et=0.49> <Mt= 0.00> <Spt= 0.00> <nCl= 17> <al=0.72> <DB=  867.4429> <Mlp=  998.0000> <PB=10000000> 
<DWph=1> <it= 60> <et=0.49> <Mt= 0.00> <Spt= 0.00> <nCl= 27> <al=0.50> <DB=  860.3489> <Mlp=  998.0000> <PB=10000000> 
<DWph=1> <it= 61> <et=0.49> <Mt= 0.00> <Spt= 0.00> <nCl= 10> <al=0.65> <DB=  912.0480> <Mlp=  998.0000> <PB=10000000> 
<DWph=1> <it= 62> <et=0.50> <Mt= 0.00> <Spt= 0.00> <nCl=  8> <al=0.55> <DB=  937.5837> <Mlp=  998.0000> <PB=10000000> 
<DWph=1> <it= 63> <et=0.50> <Mt= 0.00> <Spt= 0.00> <nCl= 20> <al=0.45> <DB=  867.0462> <Mlp=  995.5000> <PB=10000000> 
<DWph=1> <it= 64> <et=0.50> <Mt= 0.00> <Spt= 0.01> <nCl= 12> <al=0.51> <DB=  959.3965> <Mlp=  995.5000> <PB=10000000> 
<DWph=1> <it= 65> <et=0.50> <Mt= 0.00> <Spt= 0.00> <nCl= 16> <al=0.41> <DB=  854.8789> <Mlp=  995.5000> <PB=10000000> 
<DWph=1> <it= 66> <et=0.50> <Mt= 0.00> <Spt= 0.00> <nCl= 19> <al=0.47> <DB=  817.7698> <Mlp=  995.5000> <PB=10000000> 
<DWph=1> <it= 67> <et=0.50> <Mt= 0.00> <Spt= 0.00> <nCl= 17> <al=0.52> <DB=  906.9443> <Mlp=  995.5000> <PB=10000000> 
<DWph=1> <it= 68> <et=0.50> <Mt= 0.01> <Spt= 0.00> <nCl= 11> <al=0.57> <DB=  912.5149> <Mlp=  995.5000> <PB=10000000> 
<DWph=1> <it= 69> <et=0.51> <Mt= 0.00> <Spt= 0.00> <nCl= 11> <al=0.61> <DB=  965.3609> <Mlp=  995.5000> <PB=10000000> 
<DWph=1> <it= 70> <et=0.51> <Mt= 0.00> <Spt= 0.00> <nCl= 11> <al=0.51> <DB=  867.8277> <Mlp=  995.5000> <PB=10000000> 
<DWph=1> <it= 71> <et=0.51> <Mt= 0.00> <Spt= 0.00> <nCl= 15> <al=0.56> <DB=  980.5111> <Mlp=  995.5000> <PB=10000000> 
<DWph=1> <it= 72> <et=0.51> <Mt= 0.00> <Spt= 0.00> <nCl= 20> <al=0.60> <DB=  972.5991> <Mlp=  995.5000> <PB=10000000> 
<DWph=1> <it= 73> <et=0.51> <Mt= 0.00> <Spt= 0.01> <nCl= 19> <al=0.64> <DB=  974.5821> <Mlp=  995.5000> <PB=10000000> 
<DWph=1> <it= 74> <et=0.51> <Mt= 0.00> <Spt= 0.00> <nCl= 19> <al=0.68> <DB=  991.9593> <Mlp=  995.5000> <PB=10000000> 
<DWph=1> <it= 75> <et=0.52> <Mt= 0.00> <Spt= 0.00> <nCl= 14> <al=0.71> <DB=  994.3329> <Mlp=  995.5000> <PB=10000000> 
<DWph=1> <it= 76> <et=0.52> <Mt= 0.00> <Spt= 0.00> <nCl=  1> <al=0.74> <DB=  994.0144> <Mlp=  995.5000> <PB=10000000> 
<DWph=1> <it= 77> <et=0.52> <Mt= 0.00> <Spt= 0.00> <nCl=  5> <al=0.53> <DB=  953.5371> <Mlp=  995.5000> <PB=10000000> 
<DWph=1> <it= 78> <et=0.52> <Mt= 0.00> <Spt= 0.00> <nCl=  2> <al=0.67> <DB=  991.3993> <Mlp=  995.5000> <PB=10000000> 
<DWph=1> <it= 79> <et=0.52> <Mt= 0.00> <Spt= 0.00> <nCl=  8> <al=0.13> <DB=  993.5237> <Mlp=  995.5000> <PB=10000000> 
<DWph=1> <it= 80> <et=0.52> <Mt= 0.00> <Spt= 0.00> <nCl=  2> <al=0.47> <DB=  991.1506> <Mlp=  995.5000> <PB=10000000> 
<DWph=1> <it= 81> <et=0.53> <Mt= 0.00> <Spt= 0.01> <nCl=  5> <al=0.00> <DB=  995.2857> <Mlp=  995.5000> <PB=10000000> 
<DWph=1> <it= 82> <et=0.53> <Mt= 0.00> <Spt= 0.00> <nCl=  1> <al=0.27> <DB=  995.2428> <Mlp=  995.5000> <PB=10000000> 
<DWph=1> <it= 83> <et=0.53> <Mt= 0.00> <Spt= 0.00> <nCl=  0> <al=0.00> <DB=  995.5000> <Mlp=  995.5000> <PB=10000000> 
    RCSP exact solver info for graph G_0 : TT = 0.001502, pt = 4e-06, dt = 0.001127, ct = 0.000131, ndl = 783', bdl = 8710', odl = 1991', odf = 11525', bsi = 1085', cnt = 2616', bdch = 75601', odch = 15539', lcp = 12549', #sols = 150
<DWph=0> <it= 84> <et=0.53> <Mt= 0.00> <Spt= 0.00> <nCl=133> <al=0.24> <DB=  832.8333> <Mlp=  995.5000> <PB=10000000> 
    RCSP exact solver info for graph G_0 : TT = 0.001376, pt = 1.2e-05, dt = 0.000976, ct = 0.000126, ndl = 738', bdl = 7973', odl = 1954', odf = 11131', bsi = 1079', cnt = 3263', bdch = 67641', odch = 13653', lcp = 11569', #sols = 150
<DWph=0> <it= 85> <et=0.54> <Mt= 0.00> <Spt= 0.01> <nCl=116> <al=0.14> <DB=  926.4092> <Mlp=  995.5000> <PB=10000000> 
    RCSP exact solver info for graph G_0 : TT = 0.001418, pt = 1e-05, dt = 0.001049, ct = 0.000117, ndl = 741', bdl = 8172', odl = 1870', odf = 10862', bsi = 1040', cnt = 2559', bdch = 66321', odch = 13054', lcp = 11238', #sols = 150
<DWph=0> <it= 86> <et=0.54> <Mt= 0.00> <Spt= 0.00> <nCl= 70> <al=0.23> <DB=  991.2942> <Mlp=  995.5000> <PB=10000000> 
    RCSP exact solver info for graph G_0 : TT = 0.001456, pt = 1e-05, dt = 0.001077, ct = 0.000119, ndl = 784', bdl = 8568', odl = 1928', odf = 11448', bsi = 1100', cnt = 3094', bdch = 72886', odch = 14244', lcp = 12012', #sols = 150
    RCSP exact solver info for graph G_0 : TT = 0.001377, pt = 1.2e-05, dt = 0.000991, ct = 0.000125, ndl = 766', bdl = 8447', odl = 1942', odf = 11488', bsi = 1088', cnt = 2789', bdch = 71549', odch = 13983', lcp = 11765', #sols = 150
<DWph=0> <it= 87> <et=0.55> <Mt= 0.00> <Spt= 0.00> <nCl= 28> <al=0.00> <DB=  995.5000> <Mlp=  995.5000> <PB=10000000> 
RCSP solver dynamic params and stats :  bidir.bord. = 375 aver.obdmd = 23.6364 aver.buck.num. = 26
@@ 1 0 995.5 0.0011676 0.001258 91.932 0.55
RCSP      solver labels distribution in 209 buckets (bucket size) : largest - 14, top 0.1% - 14, top 0.5% - 13, top 2% - 10, top 10% - 7, top 50% - 3
Reduced cost fixing for graph G_0...  TT = 0.001954, pt = 0.000105, dt = 0.001817, ct = 0, ndl = 1904', bdl = 14512', odl = 2555', odf = 24803', lpcb = 1704', cnt = 36576', bdch = 142118', odch = 45694', lcp = 21606'
9355 buck. arcs remain (98.8% from prev., 90.8% from max.) + 0 jump buck. arcs (0% from max.)
 TT = 0.005428, pt = 0.000105, dt = 0.001817, ct = 0.003437, ndl = 1904', bdl = 14512', odl = 2555', odf = 24803', lpcb = 1704', cnt = 47178', bdch = 142118', odch = 45694', lcp = 21606'
RCSP      solver labels distribution in 414 buckets (bucket size) : largest - 22, top 0.1% - 22, top 0.5% - 16, top 2% - 14, top 10% - 9, top 50% - 4
Run forward enumeration with border = 375... not succeeded (ratio 0.808861) lpt = 0.258622, ndl = 150011', dl = 307530', lpcb = 0', dch = 3403411'
 TT = 0.268011, pt = 0.007019, dt = 0.258622, ct = 0, ndl = 150011', bdl = 307530', cnt = 1854359', bdch = 3403411', odch = 0', lcp = 0'
ColGenEvalAlg final dual bound: 995.5 (rounded: 996)
In total 1 RCC cut(s) are found by the connected components heuristic 
Shrinking heuristic shrunk 16 edges
In total 1 RCC cut(s) are found by the Fractional capacity min-cut heuristic 
----- Add fac. cuts : CAP(2), max.viol = 0.5, aver.viol = 0.5, sep/add took 0.00020284/0.00304292 sec. -----
1835 columns (1835 active), 2 dyn. constrs. (2 active), 44 art. vars. (44 active)
<DWph=2> <it=  1> <et=0.83> <Mt= 0.00> <Spt= 0.01> <nCl= 18> <al=0.00> <DB=  997.5000> <Mlp=  997.5000> <PB=10000000> 
<DWph=1> <it=  2> <et=0.83> <Mt= 0.00> <Spt= 0.00> <nCl= 13> <al=0.00> <DB=  997.5000> <Mlp=  997.5000> <PB=10000000> 
    RCSP exact solver info for graph G_0 : TT = 0.001323, pt = 4e-06, dt = 0.001006, ct = 0.000107, ndl = 706', bdl = 7830', odl = 1831', odf = 10911', bsi = 1039', cnt = 2620', bdch = 61820', odch = 13491', lcp = 9384', #sols = 150
<DWph=0> <it=  3> <et=0.83> <Mt= 0.00> <Spt= 0.00> <nCl= 71> <al=0.30> <DB=  995.5000> <Mlp=  997.5000> <PB=10000000> 
    RCSP exact solver info for graph G_0 : TT = 0.001272, pt = 1.2e-05, dt = 0.000923, ct = 0.000114, ndl = 716', bdl = 7903', odl = 1857', odf = 11181', bsi = 1069', cnt = 2647', bdch = 63019', odch = 13683', lcp = 9713', #sols = 150
<DWph=0> <it=  4> <et=0.84> <Mt= 0.00> <Spt= 0.00> <nCl=  9> <al=0.20> <DB=  996.8600> <Mlp=  997.5000> <PB=10000000> 
    RCSP exact solver info for graph G_0 : TT = 0.001484, pt = 1.1e-05, dt = 0.001131, ct = 0.000121, ndl = 866', bdl = 9757', odl = 2063', odf = 12538', bsi = 1114', cnt = 3213', bdch = 88969', odch = 18161', lcp = 13270', #sols = 150
<DWph=0> <it=  5> <et=0.84> <Mt= 0.00> <Spt= 0.01> <nCl= 46> <al=0.28> <DB=  996.7800> <Mlp=  997.5000> <PB=10000000> 
    RCSP exact solver info for graph G_0 : TT = 0.001336, pt = 1e-05, dt = 0.000981, ct = 0.000115, ndl = 750', bdl = 8274', odl = 1902', odf = 11635', bsi = 1066', cnt = 2755', bdch = 68247', odch = 14676', lcp = 10454', #sols = 150
    RCSP exact solver info for graph G_0 : TT = 0.001298, pt = 1.1e-05, dt = 0.000934, ct = 0.000108, ndl = 732', bdl = 8077', odl = 1897', odf = 11515', bsi = 1027', cnt = 2610', bdch = 66325', odch = 14359', lcp = 10167', #sols = 150
<DWph=0> <it=  6> <et=0.85> <Mt= 0.00> <Spt= 0.00> <nCl= 15> <al=0.00> <DB=  997.5000> <Mlp=  997.5000> <PB=10000000> 
RCSP solver dynamic params and stats :  bidir.bord. = 375 aver.obdmd = 23.6364 aver.buck.num. = 26
@@ 1 1 997.5 0.001108 0.001252 90.8252 0.85
    Full reduced cost fixing is not called (gap ratio is 1)
ColGenEvalAlg final dual bound: 997.5 (rounded: 998)
False gap improvement since the last cut separation : 0.0200904 (995.5)
Current active cuts : CAP(2,2)
In total 1 RCC cut(s) are found by the connected components heuristic 
Shrinking heuristic shrunk 15 edges
In total 2 RCC cut(s) are found by the Fractional capacity min-cut heuristic 
----- Add fac. cuts : CAP(3), max.viol = 0.5, aver.viol = 0.5, sep/add took 8.6631e-05/0.00292531 sec. -----
2007 columns (2007 active), 5 dyn. constrs. (5 active), 47 art. vars. (47 active)
<DWph=2> <it=  1> <et=0.85> <Mt= 0.01> <Spt= 0.00> <nCl= 19> <al=0.50> <DB=  950.7500> <Mlp= 1022.0000> <PB=10000000> 
<DWph=2> <it=  2> <et=0.85> <Mt= 0.00> <Spt= 0.00> <nCl= 17> <al=0.55> <DB= 1002.6250> <Mlp= 1022.0000> <PB=10000000> 
<DWph=2> <it=  3> <et=0.86> <Mt= 0.00> <Spt= 0.00> <nCl= 11> <al=0.60> <DB= 1013.0141> <Mlp= 1022.0000> <PB=10000000> 
<DWph=2> <it=  4> <et=0.86> <Mt= 0.00> <Spt= 0.01> <nCl= 19> <al=0.50> <DB=  952.4560> <Mlp= 1022.0000> <PB=10000000> 
<DWph=2> <it=  5> <et=0.86> <Mt= 0.00> <Spt= 0.00> <nCl= 12> <al=0.55> <DB= 1016.2629> <Mlp= 1019.0000> <PB=10000000> 
<DWph=2> <it=  6> <et=0.86> <Mt= 0.00> <Spt= 0.00> <nCl= 16> <al=0.45> <DB= 1012.1229> <Mlp= 1019.0000> <PB=10000000> 
<DWph=2> <it=  7> <et=0.86> <Mt= 0.00> <Spt= 0.00> <nCl=  5> <al=0.50> <DB= 1016.2049> <Mlp= 1019.0000> <PB=10000000> 
<DWph=2> <it=  8> <et=0.86> <Mt= 0.00> <Spt= 0.00> <nCl= 18> <al=0.40> <DB=  999.8151> <Mlp= 1019.0000> <PB=10000000> 
<DWph=2> <it=  9> <et=0.86> <Mt= 0.00> <Spt= 0.00> <nCl=  7> <al=0.46> <DB= 1016.4854> <Mlp= 1019.0000> <PB=10000000> 
<DWph=2> <it= 10> <et=0.86> <Mt= 0.00> <Spt= 0.00> <nCl=  1> <al=0.51> <DB= 1017.7056> <Mlp= 1019.0000> <PB=10000000> 
<DWph=2> <it= 11> <et=0.86> <Mt= 0.00> <Spt= 0.00> <nCl= 19> <al=0.41> <DB= 1009.6386> <Mlp= 1019.0000> <PB=10000000> 
<DWph=2> <it= 12> <et=0.87> <Mt= 0.00> <Spt= 0.00> <nCl= 14> <al=0.47> <DB= 1017.3626> <Mlp= 1019.0000> <PB=10000000> 
<DWph=2> <it= 13> <et=0.87> <Mt= 0.00> <Spt= 0.00> <nCl=  9> <al=0.05> <DB= 1017.2446> <Mlp= 1019.0000> <PB=10000000> 
<DWph=2> <it= 14> <et=0.87> <Mt= 0.00> <Spt= 0.00> <nCl= 11> <al=0.00> <DB= 1019.0000> <Mlp= 1019.0000> <PB=10000000> 
<DWph=1> <it= 15> <et=0.87> <Mt= 0.00> <Spt= 0.00> <nCl=  8> <al=0.33> <DB= 1017.0000> <Mlp= 1019.0000> <PB=10000000> 
<DWph=1> <it= 16> <et=0.87> <Mt= 0.00> <Spt= 0.00> <nCl= 12> <al=0.23> <DB=  975.0000> <Mlp= 1019.0000> <PB=10000000> 
<DWph=1> <it= 17> <et=0.87> <Mt= 0.00> <Spt= 0.01> <nCl= 17> <al=0.00> <DB= 1018.0000> <Mlp= 1019.0000> <PB=10000000> 
<DWph=1> <it= 18> <et=0.87> <Mt= 0.00> <Spt= 0.00> <nCl=  5> <al=0.13> <DB= 1018.0285> <Mlp= 1019.0000> <PB=10000000> 
<DWph=1> <it= 19> <et=0.88> <Mt= 0.00> <Spt= 0.00> <nCl=  1> <al=0.00> <DB= 1019.0000> <Mlp= 1019.0000> <PB=10000000> 
    RCSP exact solver info for graph G_0 : TT = 0.00092, pt = 5e-06, dt = 0.000675, ct = 6.6e-05, ndl = 443', bdl = 4578', odl = 1856', odf = 11538', bsi = 728', cnt = 939', bdch = 35192', odch = 10998', lcp = 7525', #sols = 150
<DWph=0> <it= 20> <et=0.88> <Mt= 0.00> <Spt= 0.00> <nCl=128> <al=0.11> <DB= 1017.0000> <Mlp= 1019.0000> <PB=10000000> 
    RCSP exact solver info for graph G_0 : TT = 0.001027, pt = 1.1e-05, dt = 0.0007, ct = 7.2e-05, ndl = 479', bdl = 4970', odl = 1829', odf = 11617', bsi = 764', cnt = 1018', bdch = 37488', odch = 11475', lcp = 7737', #sols = 150
    RCSP exact solver info for graph G_0 : TT = 0.00094, pt = 1.1e-05, dt = 0.000664, ct = 6.1e-05, ndl = 452', bdl = 4661', odl = 1799', odf = 11602', bsi = 724', cnt = 969', bdch = 34624', odch = 11097', lcp = 7151', #sols = 150
<DWph=0> <it= 21> <et=0.88> <Mt= 0.00> <Spt= 0.00> <nCl= 42> <al=0.00> <DB= 1019.0000> <Mlp= 1019.0000> <PB=10000000> 
RCSP solver dynamic params and stats :  bidir.bord. = 375 aver.obdmd = 23.6364 aver.buck.num. = 26
@@ 1 2 1019 0.000746 0.000772 90.8252 0.88
    Full reduced cost fixing is not called (gap ratio is 0.999998)
ColGenEvalAlg final dual bound: 1019 (rounded: 1019)
False gap improvement since the last cut separation : 0.215539 (997.5)
Current active cuts : CAP(1+2,41)
Shrinking heuristic shrunk 14 edges
In total 2 RCC cut(s) are found by the Fractional capacity min-cut heuristic 
----- Add fac. cuts : CAP(2), max.viol = 0.5, aver.viol = 0.5, sep/add took 9.5765e-05/0.00229162 sec. -----
2398 columns (2398 active), 7 dyn. constrs. (5 active), 49 art. vars. (47 active)
<DWph=2> <it=  1> <et=0.89> <Mt= 0.01> <Spt= 0.01> <nCl= 19> <al=0.50> <DB=  975.5000> <Mlp= 1030.0000> <PB=10000000> 
<DWph=2> <it=  2> <et=0.89> <Mt= 0.00> <Spt= 0.00> <nCl= 12> <al=0.55> <DB= 1023.6800> <Mlp= 1029.4000> <PB=10000000> 
<DWph=2> <it=  3> <et=0.89> <Mt= 0.00> <Spt= 0.00> <nCl= 19> <al=0.45> <DB= 1005.5293> <Mlp= 1029.3333> <PB=10000000> 
<DWph=2> <it=  4> <et=0.89> <Mt= 0.00> <Spt= 0.00> <nCl= 12> <al=0.51> <DB= 1015.1969> <Mlp= 1028.0000> <PB=10000000> 
<DWph=2> <it=  5> <et=0.89> <Mt= 0.00> <Spt= 0.00> <nCl= 16> <al=0.11> <DB= 1025.2132> <Mlp= 1028.0000> <PB=10000000> 
Shrinking heuristic shrunk 18 edges
<DWph=2> <it=  6> <et=0.90> <Mt= 0.00> <Spt= 0.00> <nCl=  1> <al=0.45> <DB= 1026.1062> <Mlp= 1027.0000> <PB=1027> 
<DWph=2> <it=  7> <et=0.90> <Mt= 0.00> <Spt= 0.00> <nCl=  5> <al=0.00> <DB= 1027.0000> <Mlp= 1027.0000> <PB=1027> 
<DWph=1> <it=  8> <et=0.90> <Mt= 0.00> <Spt= 0.00> <nCl= 13> <al=0.25> <DB= 1003.0000> <Mlp= 1027.0000> <PB=1027> 
<DWph=1> <it=  9> <et=0.90> <Mt= 0.00> <Spt= 0.00> <nCl= 10> <al=0.15> <DB= 1025.9270> <Mlp= 1027.0000> <PB=1027> 
<DWph=1> <it= 10> <et=0.90> <Mt= 0.00> <Spt= 0.00> <nCl=  5> <al=0.00> <DB=  953.0000> <Mlp= 1027.0000> <PB=1027> 
<DWph=1> <it= 11> <et=0.90> <Mt= 0.00> <Spt= 0.00> <nCl=  5> <al=0.00> <DB= 1027.0000> <Mlp= 1027.0000> <PB=1027> 
    RCSP exact solver info for graph G_0 : TT = 0.001162, pt = 4e-06, dt = 0.000848, ct = 0.000105, ndl = 650', bdl = 6626', odl = 1743', odf = 12834', bsi = 942', cnt = 3397', bdch = 45161', odch = 17114', lcp = 8848', #sols = 150
<DWph=0> <it= 12> <et=0.91> <Mt= 0.00> <Spt= 0.01> <nCl=100> <al=0.04> <DB=  976.3333> <Mlp= 1027.0000> <PB=1027> 
    RCSP exact solver info for graph G_0 : TT = 0.001142, pt = 1.3e-05, dt = 0.000811, ct = 9.4e-05, ndl = 587', bdl = 5885', odl = 1817', odf = 12763', bsi = 837', cnt = 2303', bdch = 43233', odch = 15774', lcp = 8800', #sols = 150
<DWph=0> <it= 13> <et=0.91> <Mt= 0.00> <Spt= 0.00> <nCl= 55> <al=0.14> <DB=  998.2430> <Mlp= 1025.6667> <PB=1027> 
    RCSP exact solver info for graph G_0 : TT = 0.001173, pt = 1.1e-05, dt = 0.000832, ct = 8.7e-05, ndl = 559', bdl = 5722', odl = 1776', odf = 12427', bsi = 806', cnt = 1939', bdch = 41130', odch = 14705', lcp = 8361', #sols = 150
    RCSP exact solver info for graph G_0 : TT = 0.000958, pt = 1e-05, dt = 0.000648, ct = 7.8e-05, ndl = 467', bdl = 4758', odl = 1648', odf = 11306', bsi = 775', cnt = 1532', bdch = 31619', odch = 11446', lcp = 6192', #sols = 150
<DWph=0> <it= 14> <et=0.92> <Mt= 0.00> <Spt= 0.01> <nCl= 51> <al=0.00> <DB= 1025.6667> <Mlp= 1025.6667> <PB=1027> 
RCSP solver dynamic params and stats :  bidir.bord. = 375 aver.obdmd = 23.6364 aver.buck.num. = 26
@@ 1 3 1025.67 0.00087575 0.000953 90.8252 0.92
RCSP      solver labels distribution in 162 buckets (bucket size) : largest - 16, top 0.1% - 16, top 0.5% - 16, top 2% - 12, top 10% - 6, top 50% - 2
Reduced cost fixing for graph G_0...  TT = 0.000259, pt = 5.2e-05, dt = 0.000182, ct = 0, ndl = 598', bdl = 826', odl = 315', odf = 3903', lpcb = 2096', cnt = 477', bdch = 4550', odch = 3693', lcp = 782'
996 buck. arcs remain (10.6% from prev., 9.67% from max.) + 369 jump buck. arcs (3.58% from max.)
 TT = 0.000953, pt = 5.2e-05, dt = 0.000182, ct = 0.000684, ndl = 598', bdl = 826', odl = 315', odf = 3903', lpcb = 2096', cnt = 2730', bdch = 4550', odch = 3693', lcp = 782'
RCSP      solver labels distribution in 232 buckets (bucket size) : largest - 16, top 0.1% - 16, top 0.5% - 12, top 2% - 11, top 10% - 6, top 50% - 2
Run forward enumeration with border = 375... succeeded! lpt = 0.002212, ndl = 192', dl = 0', lpcb = 163', dch = 30'
Run enumeration concatenation with time limit 0.3 sec.... succeeded!
Sorting and storing enumerated solutions ... done!
 TT = 0.003544, pt = 0, dt = 0.002212, ct = 3.9e-05, ndl = 192', bdl = 0', lpcb = 163', cnt = 905', bdch = 30', odch = 0', lcp = 0'
Enumeration succeeded!, number of elem. solutions is 44
Estimating inspection time...     TT = 2.3e-05, performed by inspection with 44 solutions, nbR1C = 0, nbDiscC = 0
Inspection time is low enough. Pricing will be done by inspection.
Added 57 columns in the formulation 
Removed 2664 columns (not in the enumerated set) from the formulation
Regenerated 57 columns with the 'enumerated' flag
Added 14 columns in the formulation 
ColGenEvalAlg final dual bound: 1025.67 (rounded: 1026)
Gap improvement since the last cut separation : 0.833333 (1019)
Current active cuts : CAP(1+3,54)
----- Terminating the node by MIP -----
Version identifier: 22.1.2.0 | 2024-11-26 | 0edbb82fd
CPXPARAM_Advance                                 0
CPXPARAM_Preprocessing_Linear                    0
CPXPARAM_Threads                                 1
CPXPARAM_MIP_Strategy_CallbackReducedLP          0
CPXPARAM_MIP_Limits_Nodes                        2000000
CPXPARAM_Simplex_Tolerances_Optimality           9.9999999999999995e-08
CPXPARAM_Simplex_Tolerances_Feasibility          9.9999999999999995e-08
CPXPARAM_TimeLimit                               360000
CPXPARAM_MIP_Tolerances_UpperCutoff              1026.0000010000001
CPXPARAM_MIP_Tolerances_MIPGap                   1.0000000000000001e-09
Legacy callback                                  L
Warning: Control callbacks may disable some MIP features.
Tried aggregator 1 time.
MIP Presolve eliminated 17 rows and 61 columns.
MIP Presolve modified 678 coefficients.
Reduced MIP has 10 rows, 10 columns, and 44 nonzeros.
Reduced MIP has 10 binaries, 0 generals, 0 SOSs, and 0 indicators.
Presolve time = 0.00 sec. (0.91 ticks)
Probing time = 0.00 sec. (0.00 ticks)
Cover probing fixed 0 vars, tightened 1 bounds.
Clique table members: 6.
MIP emphasis: balance optimality and feasibility.
MIP search method: traditional branch-and-cut.
Parallel mode: none, using 1 thread.
Root relaxation solution time = 0.00 sec. (0.01 ticks)

        Nodes                                         Cuts/
   Node  Left     Objective  IInf  Best Integer    Best Bound    ItCnt     Gap         Variable B NodeID Parent  Depth

      0     0        cutoff                                          0         

Root node processing (before b&c):
  Real time             =    0.00 sec. (0.94 ticks)
Sequential b&c:
  Real time             =    0.00 sec. (0.00 ticks)
                          ------------
Total (root+branch&cut) =    0.00 sec. (0.94 ticks)
Solution status = Infeasible
New model incumbent solution 1027, TIME = 0h0m0s95t = 95
************************************************************************************************
Search is finished, global bounds : [ 1027 , 1027 ], TIME = 0h0m0s95t = 95
************************************************************************************************
[32mBaPCod : solution defined.[00m
statistics_cols: instance & :Optimal & cutoff & :bcRecRootDb & :bcTimeRootEval & :bcCountNodeProc & :bcRecBestDb & :bcRecBestInc & :bcTimeMain \\
statistics: instance_5-triangle & 1 & 1.0e7 & 1027.00 & 0.95 & 1 & 1027.00 & 1027 & 0.95 \\
########################################################
Route #1: 5 14 11 13 10 17 
Route #2: 12 2 3 9 7 6 16 20 18 15 1 4 8 19 
Cost 1027
########################################################

end_time=2026-04-20 07:10:08
exit_code=0
