instance_file=/mnt/c/Users/porin/OneDrive/Documentos/Python-Mestrado/Modelagem Matemática/Programação Inteira - Uchoa/Problema VRPRDL/instancias_turco/VRPRDL-triangle/vrp_convertidos/instance_10-triangle.vrp
instance_name=instance_10-triangle
start_time=2026-04-19 23:10:52

  Activating project at `~/VRPSolver/VRPSolverDemos`
Application parameters:
  batch  =>  nothing
  instance  =>  "/mnt/c/Users/porin/OneDrive/Documentos/Python-Mestrado/Modelagem Matemática/Programação Inteira - Uchoa/Problema VRPRDL/instancias_turco/VRPRDL-triangle/vrp_convertidos/instance_10-triangle.vrp"
  noround  =>  false
  cfg  =>  "/home/poringman/VRPSolver/VRPSolverDemos/src/../config/CVRP.cfg"
  edge_cuts  =>  false
  out  =>  nothing
  ub  =>  1.0e7
  cluster_branching  =>  1.0
  sol  =>  nothing
  single_resource  =>  false
  strong_kpath_cuts  =>  false
  tikz  =>  nothing
  maxr  =>  999
  update  =>  false
  show_complete_form  =>  false
  nosolve  =>  false
  minr  =>  1
  low_edge_priority  =>  false
~~~~~~~~~~~~~~~~~~~~~~~~~~~~~~~~~~~~~~~~~~~~~~~~~~~~~~~~~~~~~~~~~~~~~~~~~~~~~~~~~~~~~
GIT VERSION RCSP: 
GIT BRANCH: 
~~~~~~~~~~~~~~~~~~~~~~~~~~~~~~~~~~~~~~~~~~~~~~~~~~~~~~~~~~~~~~~~~~~~~~~~~~~~~~~~~~~~~
VRPSolver v0.6.16, 10/11/2025, © Inria Bordeaux, France, vrpsolver.math.u-bordeaux.fr
      Corresponds to the solver by Pessoa, Sadykov, Uchoa and Vanderbeck (2020)
                 Paper: dx.doi.org/10.1007/s10107-020-01523-z
~~~~~~~~~~~~~~~~~~~~~~~~~~~~~~~~~~~~~~~~~~~~~~~~~~~~~~~~~~~~~~~~~~~~~~~~~~~~~~~~~~~~~
GIT VERSION BAPCOD: a7cb21f19424236c9d0da5dcf94961797a519470
GIT BRANCH: main
~~~~~~~~~~~~~~~~~~~~~~~~~~~~~~~~~~~~~~~~~~~~~~~~~~~~~~~~~~~~~~~~~~~~~~~~~~~~~~~~~~~~~
   BaPCod v0.84, 10/11/2025, © Inria Bordeaux, France, bapcod.math.u-bordeaux.fr 
           THIS CODE IS PROVIDED AS IS, USE IT AT YOUR OWN RISK
~~~~~~~~~~~~~~~~~~~~~~~~~~~~~~~~~~~~~~~~~~~~~~~~~~~~~~~~~~~~~~~~~~~~~~~~~~~~~~~~~~~~~
--- MAIN PARAMETERS ---
GlobalTimeLimitInTick = 2147483645
GlobalTimeLimit = 21474836
ClockType = 0
MaxNbOfBBtreeNodeTreated = 100000
optimalityGapTolerance = 1e-06
relOptimalityGapTolerance = 1e-09
ApplyPreprocessing = false
PreprocessVariablesLocalBounds = false
treeSearchStrategy = 1
OpenNodesLimit = 1000
DEFAULTPRINTLEVEL = 0
--- MIP SOLVER PARAMETERS ---
solverName = CPLEX_SOLVER
MipSolverMaxBBNodes = 2000000
MipSolverMaxTime = 360000
MipSolverMultiThread = 1
--- COLUMN GENERATION PARAMETERS ---
SolverSelectForMast = a
  colGenSubProbSolMode = customSolver
mastInitMode = localArtCol
ArtVarPenaltyUpdateFactor = 2
ArtVarMaxNbOfPenaltyUpdates = 5
MaxNbOfStagesInColGenProcedure = 3
GenerateProperColumns = false
InsertAllGeneratedColumnsInFormRatherThanInPool = true
InsertNewNonNegColumnsDirectlyInFormRatherThanInPool = true
ColumnCleanupThreshold = 10000
ColumnCleanupRatio = 0.66
ReducedCostFixingThreshold = 0.9
--- CUT GENERATION PARAMETERS ---
MasterCuttingPlanesDepthLimit = 1000
MaxNbOfCutGeneratedAtEachIter = 1000
CutTailingOffThreshold = 0.015
CutTailingOffCounterThreshold = 3
CutCleanupThreshold = 1
CutCleanupRatio = 0.66
ColGenSpRelaxationImprovementPriority = 0
--- STABILIZATION PARAMETERS ---
colGenDualPriceSmoothingAlphaFactor = 1
colGenDualPriceSmoothingBetaFactor = 0
colGenStabilizationFunctionType = none
colGenProximalStabilizationRule = undefined
StabilFuncKappa = 1
colGenStabilizationMaxTreeDepth = 10000
StabilizationMinPhaseOfStage = 0
--- PRIMAL HEURISTIC PARAMETERS ---
UseInitialPrimalHeur = false
MaxTimeForRestrictedMasterIpHeur = -1
CallFrequencyOfRestrictedMasterIpHeur = 5
MIPemphasisInRestrictedMasterIpHeur = 1
PolishingAfterTimeInRestrictedMasterIpHeur = -1
DivingHeurUseDepthLimit = -1
CallFrequencyOfDivingHeur = 1
LeastFractional
Closest2RoundUp
LeastGreedyCost
LeastCost
FixIntValBeforeRoundingHeur = true
MaxNbOfCgIteDuringRh = 5000
MaxLDSbreadth = 0
MaxLDSdepth = 0
DivingHeurStopsWithFirstFeasSol = false
DivingHeurPreprocessBeforeChoosingVar = false
StrongDivingCandidatesNumber = 1
EvalAlgParamsInDiving = max#cand. = 1 max#cg.iters = 10000 min.lvl.sp.restr. = 1 min#cut.rounds = 0 max#cut.rounds = 0 red.cost.fix&enum. = false tree.size.ratio = 1
LocalSearchHeurUseDepthLimit = -1
LeastFractional
Closest2RoundUp
LeastGreedyCost
LeastCost
MaxFactorOfColFixedByLocalSearchHeur = 0.8
MaxLocalSearchIterationCounter = 3
--- STRONG BRANCHING PARAMETERS ---
SimplifiedStrongBranchingParameterisation = true
StrongBranchingPhaseOneCandidatesNumber = 100
StrongBranchingPhaseOneTreeSizeEstimRatio = 0.2
StrongBranchingPhaseTwoCandidatesNumber = 3
StrongBranchingPhaseTwoTreeSizeEstimRatio = 0.02
SafeDualBoundScaleFactor = -1
StrongBranchingPhaseOne = max#cand. = 100 max#cg.iters = 0 min.lvl.sp.restr. = 0 min#cut.rounds = 0 max#cut.rounds = 0 red.cost.fix&enum. = false tree.size.ratio = 0.2
StrongBranchingPhaseTwo = max#cand. = 3 max#cg.iters = 10000 min.lvl.sp.restr. = 1 min#cut.rounds = 0 max#cut.rounds = 0 red.cost.fix&enum. = false tree.size.ratio = 0.02
StrongBranchingPhaseThree = max#cand. = 1 max#cg.iters = 10000 min.lvl.sp.restr. = 0 min#cut.rounds = 0 max#cut.rounds = 10000 red.cost.fix&enum. = true tree.size.ratio = 1
StrongBranchingPhaseFour =not active
--- DEBUG OUTPUT PARAMETERS ---
printMasterPrimalSols = 0
--- VRPSOLVER PARAMETERS ---
RCSPstopCutGenTimeThresholdInPricing = 10
RCSPhardTimeThresholdInPricing = 25
RCSPredCostFixingTimeThreshold = 100
RCSPnumberOfBucketsPerVertex = 25
RCSPdynamicBucketSteps = 1
RCSPuseBidirectionalSearch = 2
RCSPapplyReducedCostFixing = 1
RCSPmaxNumOfColsPerIteration = 30
RCSPmaxNumOfColsPerExactIteration = 150
RCSPmaxNumOfLabelsInEnumeration = 500000
RCSPmaxNumOfLabelsInHeurEnumeration = 0
RCSPmaxNumOfEnumeratedSolutions = 5000000
RCSPmaxNumOfEnumSolutionsForMIP = 10000
RCSPmaxNumOfEnumSolsForEndOfNodeMIP = 10000
RCSPinitNGneighbourhoodSize = 8
RCSPmaxNGneighbourhoodSize = 8
RCSPrankOneCutsMaxNumRows = 5
RCSPrankOneCutsMaxNumPerRound = 100
RCSPrankOneCutsMemoryType = 0
RCSPrankOneCutsLSnumIterations = 1000
RCSPallowRoutesWithSameVerticesSet = true
RCSPredCostFixingFalseGap = 0
SafeDualBoundScaleFactor = -1
RCSPmaxNumOfLabelsInHeurEnumeration = 0
MaxNumEnumSolsInRestrictedMasterIpHeur = 5000

prName & bcTimeMain \\ 
New model incumbent solution 1e+07, TIME = 0h0m0s47t = 47
RCSP solver info : size of non-robust cut bitmask in a label is 640 bits
Bucket steps were recalculated for graph G_0 : [30]
RCSP solver info : symmetric case is detected for graph G_0! 
Bidirectional border value is initialised to 375
RCSP solver info : number of forw. reachable buckets / buck. strongly connected components is 801( 96.274% ) / 751( 93.7578% )
RCSP solver info: std. label size is 56, ext. label size is 136
Generating neighbourhoods for rank-1 cuts separation
Building structures for 4- and 5-row rank-1 packing cut separation...done!
Model is built TIME = 0h0m0s47t = 47
************************************************************************************************
**** BaB tree root node
**** Local DB = -1e+12, global bounds : [ -1e+12 , 1e+07 ], TIME = 0h0m0s47t = 47
**** 1 open nodes, 0 columns (0 active), 0 dyn. constrs. (0 active), 62 art. vars. (62 active)
************************************************************************************************
--------------------------------------------------------------------------
BaPCod info : first we run the root node with rank-1 cuts with node memory
--------------------------------------------------------------------------
#<DWph=2> <it=  1> <et=0.47> <Mt= 0.00> <Spt= 0.00> <nCl= 30> <al=0.00> <DB=-16559942670.0000> <Mlp=744000000.0000> <PB=10000000> 
#<DWph=2> <it=  2> <et=0.47> <Mt= 0.00> <Spt= 0.00> <nCl= 30> <al=0.55> <DB=-13007225771.1000> <Mlp=639000442.0000> <PB=10000000> 
#<DWph=2> <it=  3> <et=0.47> <Mt= 0.00> <Spt= 0.00> <nCl= 30> <al=0.60> <DB=-12600361978.4205> <Mlp=496800822.8000> <PB=10000000> 
#<DWph=2> <it=  4> <et=0.47> <Mt= 0.00> <Spt= 0.00> <nCl= 30> <al=0.64> <DB=-11699253623.2291> <Mlp=475667588.2500> <PB=10000000> 
#<DWph=2> <it=  5> <et=0.48> <Mt= 0.00> <Spt= 0.00> <nCl= 30> <al=0.67> <DB=-10248571955.6777> <Mlp=381251413.2292> <PB=10000000> 
#<DWph=2> <it=  6> <et=0.48> <Mt= 0.00> <Spt= 0.00> <nCl= 30> <al=0.70> <DB=-9979686744.6516> <Mlp=348094971.9014> <PB=10000000> 
#<DWph=2> <it=  7> <et=0.48> <Mt= 0.00> <Spt= 0.00> <nCl= 30> <al=0.73> <DB=-9369920697.8124> <Mlp=263639067.8333> <PB=10000000> 
#<DWph=2> <it=  8> <et=0.48> <Mt= 0.00> <Spt= 0.00> <nCl= 30> <al=0.76> <DB=-8885435144.7316> <Mlp=206534803.3062> <PB=10000000> 
#<DWph=2> <it=  9> <et=0.48> <Mt= 0.00> <Spt= 0.00> <nCl= 30> <al=0.78> <DB=-8689040539.6128> <Mlp=189347094.9822> <PB=10000000> 
#<DWph=2> <it= 10> <et=0.48> <Mt= 0.00> <Spt= 0.01> <nCl= 30> <al=0.81> <DB=-8029602963.8191> <Mlp=112378014.4817> <PB=10000000> 
#<DWph=2> <it= 11> <et=0.48> <Mt= 0.00> <Spt= 0.00> <nCl= 30> <al=0.71> <DB=-8080562992.5484> <Mlp=86452995.6466> <PB=10000000> 
#<DWph=2> <it= 12> <et=0.48> <Mt= 0.00> <Spt= 0.00> <nCl= 30> <al=0.74> <DB=-7473743360.8361> <Mlp=61118098.5716> <PB=10000000> 
#<DWph=2> <it= 13> <et=0.49> <Mt= 0.00> <Spt= 0.00> <nCl= 30> <al=0.76> <DB=-6663330640.0147> <Mlp=32477171.5366> <PB=10000000> 
<DWph=2> <it= 14> <et=0.49> <Mt= 0.00> <Spt= 0.00> <nCl= 30> <al=0.00> <DB=-3223.3281> <Mlp= 3102.9676> <PB=10000000> 
<DWph=2> <it= 15> <et=0.49> <Mt= 0.00> <Spt= 0.00> <nCl= 18> <al=0.56> <DB= -547.7456> <Mlp= 2886.6288> <PB=10000000> 
<DWph=2> <it= 16> <et=0.49> <Mt= 0.00> <Spt= 0.00> <nCl= 30> <al=0.46> <DB=-4265.7045> <Mlp= 2618.4577> <PB=10000000> 
<DWph=2> <it= 17> <et=0.49> <Mt= 0.00> <Spt= 0.00> <nCl= 30> <al=0.52> <DB=-5402.5854> <Mlp= 2167.3768> <PB=10000000> 
<DWph=2> <it= 18> <et=0.50> <Mt= 0.00> <Spt= 0.00> <nCl= 24> <al=0.56> <DB=  658.7701> <Mlp= 2167.3768> <PB=10000000> 
<DWph=2> <it= 19> <et=0.50> <Mt= 0.00> <Spt= 0.01> <nCl= 30> <al=0.46> <DB=-8626.4866> <Mlp= 1995.5833> <PB=10000000> 
<DWph=2> <it= 20> <et=0.50> <Mt= 0.00> <Spt= 0.00> <nCl= 30> <al=0.52> <DB=-7805.0754> <Mlp= 1914.9700> <PB=10000000> 
<DWph=2> <it= 21> <et=0.50> <Mt= 0.00> <Spt= 0.00> <nCl= 30> <al=0.57> <DB=-1679.8111> <Mlp= 1799.7009> <PB=10000000> 
<DWph=2> <it= 22> <et=0.50> <Mt= 0.00> <Spt= 0.00> <nCl= 30> <al=0.61> <DB=-1125.0486> <Mlp= 1648.5183> <PB=10000000> 
<DWph=2> <it= 23> <et=0.50> <Mt= 0.00> <Spt= 0.00> <nCl= 30> <al=0.65> <DB= -638.8688> <Mlp= 1579.0781> <PB=10000000> 
<DWph=2> <it= 24> <et=0.50> <Mt= 0.00> <Spt= 0.00> <nCl= 19> <al=0.68> <DB=  940.8183> <Mlp= 1504.4036> <PB=10000000> 
<DWph=2> <it= 25> <et=0.51> <Mt= 0.00> <Spt= 0.00> <nCl= 30> <al=0.58> <DB= -124.9038> <Mlp= 1500.6786> <PB=10000000> 
<DWph=2> <it= 26> <et=0.51> <Mt= 0.00> <Spt= 0.00> <nCl= 30> <al=0.63> <DB=  228.6530> <Mlp= 1477.9526> <PB=10000000> 
<DWph=2> <it= 27> <et=0.51> <Mt= 0.00> <Spt= 0.00> <nCl= 28> <al=0.66> <DB= 1097.7910> <Mlp= 1449.8717> <PB=10000000> 
<DWph=2> <it= 28> <et=0.51> <Mt= 0.01> <Spt= 0.01> <nCl= 28> <al=0.70> <DB= 1201.5022> <Mlp= 1445.3866> <PB=10000000> 
<DWph=2> <it= 29> <et=0.51> <Mt= 0.00> <Spt= 0.00> <nCl= 30> <al=0.73> <DB= -393.8314> <Mlp= 1409.9201> <PB=10000000> 
<DWph=2> <it= 30> <et=0.52> <Mt= 0.00> <Spt= 0.00> <nCl= 30> <al=0.75> <DB=  232.1119> <Mlp= 1379.9697> <PB=10000000> 
<DWph=2> <it= 31> <et=0.52> <Mt= 0.00> <Spt= 0.00> <nCl= 28> <al=0.78> <DB=  972.2906> <Mlp= 1373.1174> <PB=10000000> 
<DWph=2> <it= 32> <et=0.52> <Mt= 0.00> <Spt= 0.00> <nCl= 23> <al=0.80> <DB= 1071.0445> <Mlp= 1366.4407> <PB=10000000> 
<DWph=2> <it= 33> <et=0.52> <Mt= 0.00> <Spt= 0.00> <nCl= 29> <al=0.82> <DB= 1080.6890> <Mlp= 1365.1794> <PB=10000000> 
<DWph=2> <it= 34> <et=0.52> <Mt= 0.00> <Spt= 0.00> <nCl= 20> <al=0.72> <DB= 1243.4670> <Mlp= 1359.6667> <PB=10000000> 
<DWph=2> <it= 35> <et=0.52> <Mt= 0.00> <Spt= 0.00> <nCl= 29> <al=0.62> <DB=  219.3020> <Mlp= 1358.2373> <PB=10000000> 
<DWph=2> <it= 36> <et=0.53> <Mt= 0.00> <Spt= 0.01> <nCl= 30> <al=0.66> <DB=  453.5527> <Mlp= 1322.0000> <PB=10000000> 
<DWph=2> <it= 37> <et=0.53> <Mt= 0.00> <Spt= 0.00> <nCl= 28> <al=0.69> <DB=  924.2770> <Mlp= 1313.2500> <PB=10000000> 
Shrinking heuristic shrunk 26 edges
<DWph=2> <it= 38> <et=0.53> <Mt= 0.00> <Spt= 0.00> <nCl= 30> <al=0.72> <DB=  435.4072> <Mlp= 1277.0000> <PB=1277> 
Shrinking heuristic shrunk 26 edges
<DWph=2> <it= 39> <et=0.53> <Mt= 0.00> <Spt= 0.00> <nCl= 26> <al=0.75> <DB= 1254.7352> <Mlp= 1276.0000> <PB=1276> 
<DWph=2> <it= 40> <et=0.54> <Mt= 0.00> <Spt= 0.00> <nCl= 30> <al=0.78> <DB=  834.0577> <Mlp= 1276.0000> <PB=1276> 
<DWph=2> <it= 41> <et=0.54> <Mt= 0.01> <Spt= 0.00> <nCl= 30> <al=0.80> <DB=  220.6355> <Mlp= 1276.0000> <PB=1276> 
<DWph=2> <it= 42> <et=0.54> <Mt= 0.00> <Spt= 0.00> <nCl= 21> <al=0.82> <DB=  951.7710> <Mlp= 1276.0000> <PB=1276> 
Shrinking heuristic shrunk 28 edges
<DWph=2> <it= 43> <et=0.55> <Mt= 0.00> <Spt= 0.01> <nCl= 27> <al=0.84> <DB= 1244.3909> <Mlp= 1258.0000> <PB=1258> 
Shrinking heuristic shrunk 28 edges
<DWph=2> <it= 44> <et=0.55> <Mt= 0.00> <Spt= 0.00> <nCl=  0> <al=0.74> <DB= 1244.3909> <Mlp= 1254.0000> <PB=1254> 
<DWph=1> <it= 45> <et=0.55> <Mt= 0.00> <Spt= 0.00> <nCl= 29> <al=0.74> <DB=  892.4336> <Mlp= 1254.0000> <PB=1254> 
<DWph=1> <it= 46> <et=0.55> <Mt= 0.00> <Spt= 0.00> <nCl= 30> <al=0.76> <DB=  682.7223> <Mlp= 1254.0000> <PB=1254> 
<DWph=1> <it= 47> <et=0.55> <Mt= 0.00> <Spt= 0.00> <nCl= 27> <al=0.79> <DB= 1000.4671> <Mlp= 1254.0000> <PB=1254> 
<DWph=1> <it= 48> <et=0.56> <Mt= 0.00> <Spt= 0.00> <nCl= 30> <al=0.69> <DB=  918.9144> <Mlp= 1254.0000> <PB=1254> 
<DWph=1> <it= 49> <et=0.56> <Mt= 0.00> <Spt= 0.01> <nCl= 26> <al=0.72> <DB= 1157.2941> <Mlp= 1254.0000> <PB=1254> 
<DWph=1> <it= 50> <et=0.56> <Mt= 0.00> <Spt= 0.00> <nCl= 30> <al=0.62> <DB= -185.9608> <Mlp= 1254.0000> <PB=1254> 
<DWph=1> <it= 51> <et=0.56> <Mt= 0.00> <Spt= 0.00> <nCl= 27> <al=0.66> <DB=  828.6812> <Mlp= 1254.0000> <PB=1254> 
<DWph=1> <it= 52> <et=0.57> <Mt= 0.00> <Spt= 0.00> <nCl= 20> <al=0.69> <DB= 1104.0227> <Mlp= 1254.0000> <PB=1254> 
<DWph=1> <it= 53> <et=0.57> <Mt= 0.00> <Spt= 0.01> <nCl= 13> <al=0.72> <DB= 1067.3611> <Mlp= 1254.0000> <PB=1254> 
<DWph=1> <it= 54> <et=0.57> <Mt= 0.00> <Spt= 0.00> <nCl= 17> <al=0.75> <DB= 1048.0297> <Mlp= 1254.0000> <PB=1254> 
Shrinking heuristic shrunk 27 edges
<DWph=1> <it= 55> <et=0.58> <Mt= 0.00> <Spt= 0.00> <nCl= 19> <al=0.65> <DB=  939.9059> <Mlp= 1248.0000> <PB=1248> 
<DWph=1> <it= 56> <et=0.58> <Mt= 0.00> <Spt= 0.00> <nCl= 21> <al=0.55> <DB= 1133.3588> <Mlp= 1248.0000> <PB=1248> 
<DWph=1> <it= 57> <et=0.58> <Mt= 0.00> <Spt= 0.01> <nCl= 29> <al=0.45> <DB=  867.2392> <Mlp= 1248.0000> <PB=1248> 
<DWph=1> <it= 58> <et=0.59> <Mt= 0.00> <Spt= 0.00> <nCl= 26> <al=0.50> <DB=  842.3295> <Mlp= 1248.0000> <PB=1248> 
<DWph=1> <it= 59> <et=0.59> <Mt= 0.01> <Spt= 0.00> <nCl= 30> <al=0.55> <DB= 1027.8337> <Mlp= 1248.0000> <PB=1248> 
<DWph=1> <it= 60> <et=0.59> <Mt= 0.00> <Spt= 0.00> <nCl= 16> <al=0.60> <DB= 1193.7000> <Mlp= 1248.0000> <PB=1248> 
<DWph=1> <it= 61> <et=0.59> <Mt= 0.00> <Spt= 0.01> <nCl= 29> <al=0.50> <DB=  850.2369> <Mlp= 1248.0000> <PB=1248> 
<DWph=1> <it= 62> <et=0.60> <Mt= 0.00> <Spt= 0.00> <nCl= 27> <al=0.55> <DB= 1095.9074> <Mlp= 1248.0000> <PB=1248> 
<DWph=1> <it= 63> <et=0.60> <Mt= 0.00> <Spt= 0.00> <nCl= 16> <al=0.59> <DB= 1161.9768> <Mlp= 1248.0000> <PB=1248> 
<DWph=1> <it= 64> <et=0.60> <Mt= 0.00> <Spt= 0.00> <nCl= 25> <al=0.49> <DB= 1091.0818> <Mlp= 1248.0000> <PB=1248> 
Shrinking heuristic shrunk 27 edges
<DWph=1> <it= 65> <et=0.61> <Mt= 0.00> <Spt= 0.01> <nCl= 18> <al=0.54> <DB= 1249.9582> <Mlp= 1246.0000> <PB=1246> 
    RCSP exact solver info for graph G_0 : TT = 0.004377, pt = 6e-06, dt = 0.003833, ct = 0.000266, ndl = 2297', bdl = 43126', odl = 3656', odf = 24642', bsi = 1185', cnt = 12468', bdch = 453733', odch = 73335', lcp = 44707', #sols = 150
<DWph=0> <it= 66> <et=0.61> <Mt= 0.00> <Spt= 0.00> <nCl=148> <al=0.59> <DB=  957.0782> <Mlp= 1246.0000> <PB=1246> 
Shrinking heuristic shrunk 28 edges
    RCSP exact solver info for graph G_0 : TT = 0.004111, pt = 1.5e-05, dt = 0.003501, ct = 0.000282, ndl = 2221', bdl = 41930', odl = 3608', odf = 24373', bsi = 1185', cnt = 12021', bdch = 433170', odch = 72210', lcp = 42347', #sols = 150
<DWph=0> <it= 67> <et=0.62> <Mt= 0.00> <Spt= 0.01> <nCl= 64> <al=0.63> <DB= 1108.5300> <Mlp= 1242.0000> <PB=1242> 
    RCSP exact solver info for graph G_0 : TT = 0.004029, pt = 1.5e-05, dt = 0.003462, ct = 0.000254, ndl = 2157', bdl = 41004', odl = 3335', odf = 22723', bsi = 1231', cnt = 10504', bdch = 394587', odch = 66934', lcp = 37939', #sols = 150
<DWph=0> <it= 68> <et=0.63> <Mt= 0.00> <Spt= 0.00> <nCl= 84> <al=0.53> <DB= 1139.5202> <Mlp= 1242.0000> <PB=1242> 
    RCSP exact solver info for graph G_0 : TT = 0.004584, pt = 1.4e-05, dt = 0.003916, ct = 0.000346, ndl = 2265', bdl = 43538', odl = 3598', odf = 24749', bsi = 1318', cnt = 10433', bdch = 455024', odch = 75518', lcp = 42576', #sols = 150
<DWph=0> <it= 69> <et=0.64> <Mt= 0.00> <Spt= 0.01> <nCl= 50> <al=0.58> <DB= 1167.9539> <Mlp= 1242.0000> <PB=1242> 
    RCSP exact solver info for graph G_0 : TT = 0.004524, pt = 1.4e-05, dt = 0.003908, ct = 0.000285, ndl = 2346', bdl = 45533', odl = 3722', odf = 25481', bsi = 1339', cnt = 11240', bdch = 494714', odch = 82117', lcp = 47282', #sols = 150
<DWph=0> <it= 70> <et=0.64> <Mt= 0.00> <Spt= 0.01> <nCl= 28> <al=0.62> <DB= 1196.0802> <Mlp= 1242.0000> <PB=1242> 
    RCSP exact solver info for graph G_0 : TT = 0.005028, pt = 1.5e-05, dt = 0.004283, ct = 0.000328, ndl = 2340', bdl = 44926', odl = 3707', odf = 25363', bsi = 1317', cnt = 11965', bdch = 483879', odch = 84009', lcp = 46645', #sols = 150
<DWph=0> <it= 71> <et=0.65> <Mt= 0.00> <Spt= 0.01> <nCl= 37> <al=0.52> <DB= 1207.2924> <Mlp= 1242.0000> <PB=1242> 
    RCSP exact solver info for graph G_0 : TT = 0.004976, pt = 1.6e-05, dt = 0.004251, ct = 0.000296, ndl = 2295', bdl = 43949', odl = 3484', odf = 24148', bsi = 1332', cnt = 11288', bdch = 447375', odch = 76739', lcp = 41517', #sols = 150
<DWph=0> <it= 72> <et=0.66> <Mt= 0.00> <Spt= 0.00> <nCl= 24> <al=0.57> <DB= 1222.2813> <Mlp= 1242.0000> <PB=1242> 
    RCSP exact solver info for graph G_0 : TT = 0.004945, pt = 1.4e-05, dt = 0.004136, ct = 0.000347, ndl = 2383', bdl = 46017', odl = 3509', odf = 24812', bsi = 1371', cnt = 11220', bdch = 480251', odch = 79819', lcp = 44055', #sols = 150
<DWph=0> <it= 73> <et=0.66> <Mt= 0.00> <Spt= 0.01> <nCl= 16> <al=0.47> <DB= 1232.7690> <Mlp= 1242.0000> <PB=1242> 
    RCSP exact solver info for graph G_0 : TT = 0.004856, pt = 1.5e-05, dt = 0.004274, ct = 0.000273, ndl = 2371', bdl = 45945', odl = 3483', odf = 24692', bsi = 1362', cnt = 11067', bdch = 475337', odch = 78872', lcp = 43229', #sols = 150
    RCSP exact solver info for graph G_0 : TT = 0.004531, pt = 1.4e-05, dt = 0.003934, ct = 0.000259, ndl = 2258', bdl = 43767', odl = 3432', odf = 23980', bsi = 1312', cnt = 10645', bdch = 439335', odch = 72964', lcp = 40130', #sols = 150
<DWph=0> <it= 74> <et=0.68> <Mt= 0.00> <Spt= 0.01> <nCl= 33> <al=0.00> <DB= 1242.0000> <Mlp= 1242.0000> <PB=1242> 
RCSP solver dynamic params and stats :  bidir.bord. = 375 aver.obdmd = 24.0625 aver.buck.num. = 26
@@ 1 0 1242 0.0042434 0.004611 91.914 0.68
ColGenEvalAlg final dual bound: 1242 (rounded: 1242)
New model incumbent solution 1242, TIME = 0h0m0s68t = 68
************************************************************************************************
Search is finished, global bounds : [ 1242 , 1242 ], TIME = 0h0m0s68t = 68
************************************************************************************************
[32mBaPCod : solution defined.[00m
statistics_cols: instance & :Optimal & cutoff & :bcRecRootDb & :bcTimeRootEval & :bcCountNodeProc & :bcRecBestDb & :bcRecBestInc & :bcTimeMain \\
statistics: instance_10-triangle & 1 & 1.0e7 & 1242.00 & 0.68 & 1 & 1242.00 & 1242 & 0.68 \\
########################################################
Route #1: 6 22 29 23 4 2 16 18 8 20 24 30 5 15 
Route #2: 19 21 7 25 26 12 11 13 9 1 17 10 3 14 28 27 
Cost 1242
########################################################

end_time=2026-04-19 23:11:03
exit_code=0
