instance_file=/mnt/c/Users/porin/OneDrive/Documentos/Python-Mestrado/Modelagem Matemática/Programação Inteira - Uchoa/Problema VRPRDL/instancias_turco/VRPRDL-triangle/vrp_convertidos/instance_3-triangle.vrp
instance_name=instance_3-triangle
start_time=2026-04-19 23:19:04

  Activating project at `~/VRPSolver/VRPSolverDemos`
Application parameters:
  batch  =>  nothing
  instance  =>  "/mnt/c/Users/porin/OneDrive/Documentos/Python-Mestrado/Modelagem Matemática/Programação Inteira - Uchoa/Problema VRPRDL/instancias_turco/VRPRDL-triangle/vrp_convertidos/instance_3-triangle.vrp"
  noround  =>  false
  cfg  =>  "/home/poringman/VRPSolver/VRPSolverDemos/src/../config/CVRP.cfg"
  edge_cuts  =>  false
  out  =>  nothing
  ub  =>  1.0e7
  cluster_branching  =>  1.0
  sol  =>  nothing
  single_resource  =>  false
  strong_kpath_cuts  =>  false
  tikz  =>  nothing
  maxr  =>  999
  update  =>  false
  show_complete_form  =>  false
  nosolve  =>  false
  minr  =>  1
  low_edge_priority  =>  false
~~~~~~~~~~~~~~~~~~~~~~~~~~~~~~~~~~~~~~~~~~~~~~~~~~~~~~~~~~~~~~~~~~~~~~~~~~~~~~~~~~~~~
GIT VERSION RCSP: 
GIT BRANCH: 
~~~~~~~~~~~~~~~~~~~~~~~~~~~~~~~~~~~~~~~~~~~~~~~~~~~~~~~~~~~~~~~~~~~~~~~~~~~~~~~~~~~~~
VRPSolver v0.6.16, 10/11/2025, © Inria Bordeaux, France, vrpsolver.math.u-bordeaux.fr
      Corresponds to the solver by Pessoa, Sadykov, Uchoa and Vanderbeck (2020)
                 Paper: dx.doi.org/10.1007/s10107-020-01523-z
~~~~~~~~~~~~~~~~~~~~~~~~~~~~~~~~~~~~~~~~~~~~~~~~~~~~~~~~~~~~~~~~~~~~~~~~~~~~~~~~~~~~~
GIT VERSION BAPCOD: a7cb21f19424236c9d0da5dcf94961797a519470
GIT BRANCH: main
~~~~~~~~~~~~~~~~~~~~~~~~~~~~~~~~~~~~~~~~~~~~~~~~~~~~~~~~~~~~~~~~~~~~~~~~~~~~~~~~~~~~~
   BaPCod v0.84, 10/11/2025, © Inria Bordeaux, France, bapcod.math.u-bordeaux.fr 
           THIS CODE IS PROVIDED AS IS, USE IT AT YOUR OWN RISK
~~~~~~~~~~~~~~~~~~~~~~~~~~~~~~~~~~~~~~~~~~~~~~~~~~~~~~~~~~~~~~~~~~~~~~~~~~~~~~~~~~~~~
--- MAIN PARAMETERS ---
GlobalTimeLimitInTick = 2147483645
GlobalTimeLimit = 21474836
ClockType = 0
MaxNbOfBBtreeNodeTreated = 100000
optimalityGapTolerance = 1e-06
relOptimalityGapTolerance = 1e-09
ApplyPreprocessing = false
PreprocessVariablesLocalBounds = false
treeSearchStrategy = 1
OpenNodesLimit = 1000
DEFAULTPRINTLEVEL = 0
--- MIP SOLVER PARAMETERS ---
solverName = CPLEX_SOLVER
MipSolverMaxBBNodes = 2000000
MipSolverMaxTime = 360000
MipSolverMultiThread = 1
--- COLUMN GENERATION PARAMETERS ---
SolverSelectForMast = a
  colGenSubProbSolMode = customSolver
mastInitMode = localArtCol
ArtVarPenaltyUpdateFactor = 2
ArtVarMaxNbOfPenaltyUpdates = 5
MaxNbOfStagesInColGenProcedure = 3
GenerateProperColumns = false
InsertAllGeneratedColumnsInFormRatherThanInPool = true
InsertNewNonNegColumnsDirectlyInFormRatherThanInPool = true
ColumnCleanupThreshold = 10000
ColumnCleanupRatio = 0.66
ReducedCostFixingThreshold = 0.9
--- CUT GENERATION PARAMETERS ---
MasterCuttingPlanesDepthLimit = 1000
MaxNbOfCutGeneratedAtEachIter = 1000
CutTailingOffThreshold = 0.015
CutTailingOffCounterThreshold = 3
CutCleanupThreshold = 1
CutCleanupRatio = 0.66
ColGenSpRelaxationImprovementPriority = 0
--- STABILIZATION PARAMETERS ---
colGenDualPriceSmoothingAlphaFactor = 1
colGenDualPriceSmoothingBetaFactor = 0
colGenStabilizationFunctionType = none
colGenProximalStabilizationRule = undefined
StabilFuncKappa = 1
colGenStabilizationMaxTreeDepth = 10000
StabilizationMinPhaseOfStage = 0
--- PRIMAL HEURISTIC PARAMETERS ---
UseInitialPrimalHeur = false
MaxTimeForRestrictedMasterIpHeur = -1
CallFrequencyOfRestrictedMasterIpHeur = 5
MIPemphasisInRestrictedMasterIpHeur = 1
PolishingAfterTimeInRestrictedMasterIpHeur = -1
DivingHeurUseDepthLimit = -1
CallFrequencyOfDivingHeur = 1
LeastFractional
Closest2RoundUp
LeastGreedyCost
LeastCost
FixIntValBeforeRoundingHeur = true
MaxNbOfCgIteDuringRh = 5000
MaxLDSbreadth = 0
MaxLDSdepth = 0
DivingHeurStopsWithFirstFeasSol = false
DivingHeurPreprocessBeforeChoosingVar = false
StrongDivingCandidatesNumber = 1
EvalAlgParamsInDiving = max#cand. = 1 max#cg.iters = 10000 min.lvl.sp.restr. = 1 min#cut.rounds = 0 max#cut.rounds = 0 red.cost.fix&enum. = false tree.size.ratio = 1
LocalSearchHeurUseDepthLimit = -1
LeastFractional
Closest2RoundUp
LeastGreedyCost
LeastCost
MaxFactorOfColFixedByLocalSearchHeur = 0.8
MaxLocalSearchIterationCounter = 3
--- STRONG BRANCHING PARAMETERS ---
SimplifiedStrongBranchingParameterisation = true
StrongBranchingPhaseOneCandidatesNumber = 100
StrongBranchingPhaseOneTreeSizeEstimRatio = 0.2
StrongBranchingPhaseTwoCandidatesNumber = 3
StrongBranchingPhaseTwoTreeSizeEstimRatio = 0.02
SafeDualBoundScaleFactor = -1
StrongBranchingPhaseOne = max#cand. = 100 max#cg.iters = 0 min.lvl.sp.restr. = 0 min#cut.rounds = 0 max#cut.rounds = 0 red.cost.fix&enum. = false tree.size.ratio = 0.2
StrongBranchingPhaseTwo = max#cand. = 3 max#cg.iters = 10000 min.lvl.sp.restr. = 1 min#cut.rounds = 0 max#cut.rounds = 0 red.cost.fix&enum. = false tree.size.ratio = 0.02
StrongBranchingPhaseThree = max#cand. = 1 max#cg.iters = 10000 min.lvl.sp.restr. = 0 min#cut.rounds = 0 max#cut.rounds = 10000 red.cost.fix&enum. = true tree.size.ratio = 1
StrongBranchingPhaseFour =not active
--- DEBUG OUTPUT PARAMETERS ---
printMasterPrimalSols = 0
--- VRPSOLVER PARAMETERS ---
RCSPstopCutGenTimeThresholdInPricing = 10
RCSPhardTimeThresholdInPricing = 25
RCSPredCostFixingTimeThreshold = 100
RCSPnumberOfBucketsPerVertex = 25
RCSPdynamicBucketSteps = 1
RCSPuseBidirectionalSearch = 2
RCSPapplyReducedCostFixing = 1
RCSPmaxNumOfColsPerIteration = 30
RCSPmaxNumOfColsPerExactIteration = 150
RCSPmaxNumOfLabelsInEnumeration = 500000
RCSPmaxNumOfLabelsInHeurEnumeration = 0
RCSPmaxNumOfEnumeratedSolutions = 5000000
RCSPmaxNumOfEnumSolutionsForMIP = 10000
RCSPmaxNumOfEnumSolsForEndOfNodeMIP = 10000
RCSPinitNGneighbourhoodSize = 8
RCSPmaxNGneighbourhoodSize = 8
RCSPrankOneCutsMaxNumRows = 5
RCSPrankOneCutsMaxNumPerRound = 100
RCSPrankOneCutsMemoryType = 0
RCSPrankOneCutsLSnumIterations = 1000
RCSPallowRoutesWithSameVerticesSet = true
RCSPredCostFixingFalseGap = 0
SafeDualBoundScaleFactor = -1
RCSPmaxNumOfLabelsInHeurEnumeration = 0
MaxNumEnumSolsInRestrictedMasterIpHeur = 5000

prName & bcTimeMain \\ 
New model incumbent solution 1e+07, TIME = 0h0m0s53t = 53
RCSP solver info : size of non-robust cut bitmask in a label is 640 bits
Bucket steps were recalculated for graph G_0 : [30]
RCSP solver info : symmetric case is detected for graph G_0! 
Bidirectional border value is initialised to 375
RCSP solver info : number of forw. reachable buckets / buck. strongly connected components is 415( 93.8914% ) / 365( 87.9518% )
RCSP solver info: std. label size is 56, ext. label size is 136
Generating neighbourhoods for rank-1 cuts separation
Building structures for 4- and 5-row rank-1 packing cut separation...done!
Model is built TIME = 0h0m0s53t = 53
************************************************************************************************
**** BaB tree root node
**** Local DB = -1e+12, global bounds : [ -1e+12 , 1e+07 ], TIME = 0h0m0s53t = 53
**** 1 open nodes, 0 columns (0 active), 0 dyn. constrs. (0 active), 32 art. vars. (32 active)
************************************************************************************************
--------------------------------------------------------------------------
BaPCod info : first we run the root node with rank-1 cuts with node memory
--------------------------------------------------------------------------
#<DWph=2> <it=  1> <et=0.53> <Mt= 0.00> <Spt= 0.00> <nCl= 15> <al=0.00> <DB=-8279961720.0000> <Mlp=372000000.0000> <PB=10000000> 
#<DWph=2> <it=  2> <et=0.53> <Mt= 0.00> <Spt= 0.00> <nCl= 15> <al=0.55> <DB=-6233002093.8600> <Mlp=196800459.5333> <PB=10000000> 
#<DWph=2> <it=  3> <et=0.53> <Mt= 0.00> <Spt= 0.00> <nCl= 15> <al=0.45> <DB=-5329224403.1345> <Mlp=177600613.6000> <PB=10000000> 
#<DWph=2> <it=  4> <et=0.53> <Mt= 0.00> <Spt= 0.00> <nCl= 15> <al=0.51> <DB=-4881776178.9893> <Mlp=122834314.8889> <PB=10000000> 
#<DWph=2> <it=  5> <et=0.53> <Mt= 0.00> <Spt= 0.00> <nCl= 15> <al=0.55> <DB=-4332032317.9739> <Mlp=96579277.8936> <PB=10000000> 
#<DWph=2> <it=  6> <et=0.53> <Mt= 0.00> <Spt= 0.00> <nCl= 15> <al=0.45> <DB=-4366679809.6849> <Mlp=40222683.4331> <PB=10000000> 
#<DWph=2> <it=  7> <et=0.53> <Mt= 0.00> <Spt= 0.00> <nCl= 15> <al=0.51> <DB=-3551606321.4880> <Mlp=14813431.1677> <PB=10000000> 
<DWph=2> <it=  8> <et=0.53> <Mt= 0.00> <Spt= 0.00> <nCl= 15> <al=0.00> <DB=-57293.3345> <Mlp= 1477.7355> <PB=10000000> 
<DWph=2> <it=  9> <et=0.53> <Mt= 0.00> <Spt= 0.00> <nCl= 15> <al=0.31> <DB=-18717.3764> <Mlp= 1320.9064> <PB=10000000> 
<DWph=2> <it= 10> <et=0.53> <Mt= 0.00> <Spt= 0.00> <nCl= 15> <al=0.21> <DB=-41159.7980> <Mlp= 1221.3473> <PB=10000000> 
<DWph=2> <it= 11> <et=0.53> <Mt= 0.00> <Spt= 0.00> <nCl= 15> <al=0.29> <DB=-21383.5885> <Mlp= 1100.6994> <PB=10000000> 
<DWph=2> <it= 12> <et=0.53> <Mt= 0.00> <Spt= 0.00> <nCl= 15> <al=0.36> <DB=-12363.8319> <Mlp= 1010.9679> <PB=10000000> 
<DWph=2> <it= 13> <et=0.54> <Mt= 0.00> <Spt= 0.00> <nCl= 15> <al=0.42> <DB=-7218.9901> <Mlp=  976.5256> <PB=10000000> 
<DWph=2> <it= 14> <et=0.54> <Mt= 0.00> <Spt= 0.00> <nCl= 15> <al=0.32> <DB=-4456.7262> <Mlp=  951.2043> <PB=10000000> 
<DWph=2> <it= 15> <et=0.54> <Mt= 0.00> <Spt= 0.00> <nCl= 15> <al=0.39> <DB=-4374.4887> <Mlp=  914.7662> <PB=10000000> 
<DWph=2> <it= 16> <et=0.54> <Mt= 0.00> <Spt= 0.00> <nCl= 15> <al=0.45> <DB=-3418.8921> <Mlp=  901.7144> <PB=10000000> 
<DWph=2> <it= 17> <et=0.54> <Mt= 0.00> <Spt= 0.00> <nCl= 15> <al=0.35> <DB=-1534.1524> <Mlp=  846.4000> <PB=10000000> 
Shrinking heuristic shrunk 14 edges
<DWph=2> <it= 18> <et=0.54> <Mt= 0.00> <Spt= 0.00> <nCl= 15> <al=0.25> <DB=-2344.4416> <Mlp=  746.0000> <PB=746> 
<DWph=2> <it= 19> <et=0.54> <Mt= 0.00> <Spt= 0.00> <nCl= 15> <al=0.33> <DB= -842.4256> <Mlp=  746.0000> <PB=746> 
<DWph=2> <it= 20> <et=0.54> <Mt= 0.00> <Spt= 0.00> <nCl= 15> <al=0.39> <DB= -530.3852> <Mlp=  746.0000> <PB=746> 
<DWph=2> <it= 21> <et=0.54> <Mt= 0.00> <Spt= 0.00> <nCl= 15> <al=0.29> <DB=-1788.8018> <Mlp=  746.0000> <PB=746> 
<DWph=2> <it= 22> <et=0.54> <Mt= 0.00> <Spt= 0.00> <nCl= 15> <al=0.36> <DB= -605.2534> <Mlp=  746.0000> <PB=746> 
<DWph=2> <it= 23> <et=0.54> <Mt= 0.00> <Spt= 0.00> <nCl= 15> <al=0.43> <DB= -138.7529> <Mlp=  746.0000> <PB=746> 
<DWph=2> <it= 24> <et=0.54> <Mt= 0.00> <Spt= 0.00> <nCl= 15> <al=0.33> <DB= -345.0258> <Mlp=  746.0000> <PB=746> 
<DWph=2> <it= 25> <et=0.54> <Mt= 0.00> <Spt= 0.01> <nCl= 15> <al=0.40> <DB=   39.8557> <Mlp=  746.0000> <PB=746> 
<DWph=2> <it= 26> <et=0.54> <Mt= 0.00> <Spt= 0.00> <nCl= 15> <al=0.46> <DB= -397.4544> <Mlp=  746.0000> <PB=746> 
<DWph=2> <it= 27> <et=0.54> <Mt= 0.00> <Spt= 0.00> <nCl= 14> <al=0.51> <DB=   11.7506> <Mlp=  746.0000> <PB=746> 
<DWph=2> <it= 28> <et=0.54> <Mt= 0.00> <Spt= 0.00> <nCl= 14> <al=0.56> <DB=  139.2263> <Mlp=  746.0000> <PB=746> 
<DWph=2> <it= 29> <et=0.55> <Mt= 0.00> <Spt= 0.00> <nCl= 15> <al=0.60> <DB=  125.8625> <Mlp=  746.0000> <PB=746> 
<DWph=2> <it= 30> <et=0.55> <Mt= 0.00> <Spt= 0.00> <nCl= 15> <al=0.64> <DB=  -28.1708> <Mlp=  746.0000> <PB=746> 
<DWph=2> <it= 31> <et=0.55> <Mt= 0.00> <Spt= 0.00> <nCl= 14> <al=0.68> <DB=  220.7672> <Mlp=  746.0000> <PB=746> 
<DWph=2> <it= 32> <et=0.55> <Mt= 0.00> <Spt= 0.00> <nCl= 14> <al=0.71> <DB=  166.3908> <Mlp=  746.0000> <PB=746> 
<DWph=2> <it= 33> <et=0.55> <Mt= 0.00> <Spt= 0.00> <nCl= 14> <al=0.74> <DB=  430.1437> <Mlp=  746.0000> <PB=746> 
<DWph=2> <it= 34> <et=0.55> <Mt= 0.00> <Spt= 0.00> <nCl= 14> <al=0.64> <DB=  368.1058> <Mlp=  746.0000> <PB=746> 
<DWph=2> <it= 35> <et=0.55> <Mt= 0.00> <Spt= 0.00> <nCl= 10> <al=0.54> <DB=  347.4119> <Mlp=  746.0000> <PB=746> 
<DWph=2> <it= 36> <et=0.55> <Mt= 0.00> <Spt= 0.00> <nCl=  9> <al=0.59> <DB=  503.1909> <Mlp=  746.0000> <PB=746> 
<DWph=2> <it= 37> <et=0.55> <Mt= 0.00> <Spt= 0.00> <nCl= 14> <al=0.49> <DB=  171.9742> <Mlp=  746.0000> <PB=746> 
<DWph=2> <it= 38> <et=0.55> <Mt= 0.00> <Spt= 0.00> <nCl= 12> <al=0.54> <DB=  145.1161> <Mlp=  746.0000> <PB=746> 
Shrinking heuristic shrunk 14 edges
<DWph=2> <it= 39> <et=0.55> <Mt= 0.00> <Spt= 0.00> <nCl= 14> <al=0.58> <DB=  522.6156> <Mlp=  711.0000> <PB=711> 
<DWph=2> <it= 40> <et=0.55> <Mt= 0.00> <Spt= 0.00> <nCl= 14> <al=0.63> <DB=  304.2383> <Mlp=  711.0000> <PB=711> 
<DWph=2> <it= 41> <et=0.55> <Mt= 0.00> <Spt= 0.00> <nCl= 14> <al=0.66> <DB=  468.8723> <Mlp=  711.0000> <PB=711> 
<DWph=2> <it= 42> <et=0.55> <Mt= 0.00> <Spt= 0.00> <nCl= 12> <al=0.70> <DB=  358.3689> <Mlp=  711.0000> <PB=711> 
<DWph=2> <it= 43> <et=0.55> <Mt= 0.00> <Spt= 0.00> <nCl=  8> <al=0.60> <DB=  587.0426> <Mlp=  711.0000> <PB=711> 
<DWph=2> <it= 44> <et=0.56> <Mt= 0.00> <Spt= 0.00> <nCl= 14> <al=0.64> <DB=  381.0265> <Mlp=  711.0000> <PB=711> 
<DWph=2> <it= 45> <et=0.56> <Mt= 0.00> <Spt= 0.00> <nCl= 14> <al=0.67> <DB=  488.5992> <Mlp=  711.0000> <PB=711> 
<DWph=2> <it= 46> <et=0.56> <Mt= 0.00> <Spt= 0.00> <nCl= 14> <al=0.57> <DB=  555.3280> <Mlp=  711.0000> <PB=711> 
<DWph=2> <it= 47> <et=0.56> <Mt= 0.00> <Spt= 0.00> <nCl= 10> <al=0.62> <DB=  590.6498> <Mlp=  711.0000> <PB=711> 
<DWph=2> <it= 48> <et=0.56> <Mt= 0.00> <Spt= 0.01> <nCl= 14> <al=0.52> <DB=  254.3109> <Mlp=  711.0000> <PB=711> 
<DWph=2> <it= 49> <et=0.56> <Mt= 0.00> <Spt= 0.00> <nCl= 14> <al=0.56> <DB=  430.6247> <Mlp=  711.0000> <PB=711> 
<DWph=2> <it= 50> <et=0.56> <Mt= 0.00> <Spt= 0.00> <nCl= 14> <al=0.61> <DB=  577.0879> <Mlp=  711.0000> <PB=711> 
<DWph=2> <it= 51> <et=0.56> <Mt= 0.00> <Spt= 0.00> <nCl= 11> <al=0.65> <DB=  650.0531> <Mlp=  711.0000> <PB=711> 
<DWph=2> <it= 52> <et=0.56> <Mt= 0.00> <Spt= 0.00> <nCl= 17> <al=0.09> <DB=  476.3309> <Mlp=  711.0000> <PB=711> 
<DWph=2> <it= 53> <et=0.56> <Mt= 0.00> <Spt= 0.00> <nCl= 12> <al=0.45> <DB=  695.7196> <Mlp=  711.0000> <PB=711> 
<DWph=2> <it= 54> <et=0.56> <Mt= 0.00> <Spt= 0.00> <nCl=  3> <al=0.35> <DB=  687.5644> <Mlp=  711.0000> <PB=711> 
<DWph=2> <it= 55> <et=0.56> <Mt= 0.01> <Spt= 0.00> <nCl=  2> <al=0.00> <DB=  711.0000> <Mlp=  711.0000> <PB=711> 
<DWph=1> <it= 56> <et=0.56> <Mt= 0.00> <Spt= 0.00> <nCl= 13> <al=0.31> <DB=  621.0000> <Mlp=  711.0000> <PB=711> 
<DWph=1> <it= 57> <et=0.56> <Mt= 0.00> <Spt= 0.00> <nCl= 13> <al=0.21> <DB=  575.6892> <Mlp=  711.0000> <PB=711> 
<DWph=1> <it= 58> <et=0.57> <Mt= 0.00> <Spt= 0.00> <nCl= 24> <al=0.00> <DB=  697.5000> <Mlp=  711.0000> <PB=711> 
<DWph=1> <it= 59> <et=0.57> <Mt= 0.00> <Spt= 0.00> <nCl= 10> <al=0.00> <DB=  711.0000> <Mlp=  711.0000> <PB=711> 
    RCSP exact solver info for graph G_0 : TT = 0.001117, pt = 4e-06, dt = 0.000759, ct = 0.000101, ndl = 479', bdl = 2858', odl = 1561', odf = 9913', bsi = 780', cnt = 4114', bdch = 30321', odch = 15375', lcp = 6916', #sols = 150
<DWph=0> <it= 60> <et=0.57> <Mt= 0.00> <Spt= 0.00> <nCl=143> <al=0.09> <DB=  568.5000> <Mlp=  711.0000> <PB=711> 
    RCSP exact solver info for graph G_0 : TT = 0.001194, pt = 1.2e-05, dt = 0.000815, ct = 0.000129, ndl = 661', bdl = 4146', odl = 1690', odf = 11656', bsi = 993', cnt = 5993', bdch = 47017', odch = 20381', lcp = 9836', #sols = 150
<DWph=0> <it= 61> <et=0.57> <Mt= 0.00> <Spt= 0.01> <nCl=113> <al=0.09> <DB=  678.1941> <Mlp=  711.0000> <PB=711> 
    RCSP exact solver info for graph G_0 : TT = 0.000767, pt = 1.1e-05, dt = 0.000499, ct = 3.2e-05, ndl = 358', bdl = 2165', odl = 1536', odf = 8862', bsi = 426', cnt = 829', bdch = 23535', odch = 11375', lcp = 5801', #sols = 150
<DWph=0> <it= 62> <et=0.58> <Mt= 0.00> <Spt= 0.00> <nCl=135> <al=0.00> <DB=  711.0000> <Mlp=  711.0000> <PB=711> 
RCSP solver dynamic params and stats :  bidir.bord. = 375 aver.obdmd = 23.4706 aver.buck.num. = 26
@@ 1 0 711 0.000778333 0.000944 92.4422 0.58
ColGenEvalAlg final dual bound: 711 (rounded: 711)
New model incumbent solution 711, TIME = 0h0m0s58t = 58
************************************************************************************************
Search is finished, global bounds : [ 711 , 711 ], TIME = 0h0m0s58t = 58
************************************************************************************************
[32mBaPCod : solution defined.[00m
statistics_cols: instance & :Optimal & cutoff & :bcRecRootDb & :bcTimeRootEval & :bcCountNodeProc & :bcRecBestDb & :bcRecBestInc & :bcTimeMain \\
statistics: instance_3-triangle & 1 & 1.0e7 & 711.00 & 0.58 & 1 & 711.00 & 711 & 0.58 \\
########################################################
Route #1: 1 3 8 7 14 6 15 5 13 9 10 11 2 12 4 
Cost 711
########################################################

end_time=2026-04-19 23:19:16
exit_code=0
