instance_file=/mnt/c/Users/porin/OneDrive/Documentos/Python-Mestrado/Modelagem Matemática/Programação Inteira - Uchoa/Problema VRPRDL/instancias_turco/VRPRDL-triangle/vrp_convertidos/instance_0-triangle.vrp
instance_name=instance_0-triangle
start_time=2026-04-19 23:09:40

  Activating project at `~/VRPSolver/VRPSolverDemos`
Precompiling packages...
    497.3 ms  ✓ TextWrap
    587.9 ms  ✓ Statistics
    618.9 ms  ✓ DocStringExtensions
    597.4 ms  ✓ StaticArraysCore
    653.9 ms  ✓ JLLWrappers
    755.4 ms  ✓ TranscodingStreams
    531.2 ms  ✓ DiffResults
    669.6 ms  ✓ Statistics → SparseArraysExt
    596.3 ms  ✓ CodecZlib
    731.4 ms  ✓ OpenBLAS32_jll
    750.5 ms  ✓ Bzip2_jll
    756.6 ms  ✓ OpenSpecFun_jll
    772.4 ms  ✓ HiGHS_jll
   1084.6 ms  ✓ ArgParse
   1686.9 ms  ✓ NaNMath
   1803.9 ms  ✓ OrderedCollections
    351.3 ms  ✓ CodecBzip2
   1841.3 ms  ✓ Compat
   1871.4 ms  ✓ StructUtils
    339.2 ms  ✓ Compat → CompatLinearAlgebraExt
    312.0 ms  ✓ StructUtils → StructUtilsStaticArraysCoreExt
   2236.0 ms  ✓ IrrationalConstants
    462.9 ms  ✓ LogExpFunctions
   2739.8 ms  ✓ MacroTools
   1204.1 ms  ✓ DataStructures
    350.9 ms  ✓ CommonSubexpressions
   3763.0 ms  ✓ MutableArithmetics
   1641.5 ms  ✓ SpecialFunctions
   2553.9 ms  ✓ JSON
    424.6 ms  ✓ DiffRules
    812.9 ms  ✓ BenchmarkTools
   2446.7 ms  ✓ ForwardDiff
  23735.8 ms  ✓ MathOptInterface
   1121.2 ms  ✓ MathOptIIS
   5656.8 ms  ✓ HiGHS
  13366.8 ms  ✓ JuMP
  36 dependencies successfully precompiled in 45 seconds. 22 already precompiled.
Precompiling packages...
   2245.4 ms  ✓ VrpSolver
  1 dependency successfully precompiled in 2 seconds. 53 already precompiled.
Application parameters:
  batch  =>  nothing
  instance  =>  "/mnt/c/Users/porin/OneDrive/Documentos/Python-Mestrado/Modelagem Matemática/Programação Inteira - Uchoa/Problema VRPRDL/instancias_turco/VRPRDL-triangle/vrp_convertidos/instance_0-triangle.vrp"
  noround  =>  false
  cfg  =>  "/home/poringman/VRPSolver/VRPSolverDemos/src/../config/CVRP.cfg"
  edge_cuts  =>  false
  out  =>  nothing
  ub  =>  1.0e7
  cluster_branching  =>  1.0
  sol  =>  nothing
  single_resource  =>  false
  strong_kpath_cuts  =>  false
  tikz  =>  nothing
  maxr  =>  999
  update  =>  false
  show_complete_form  =>  false
  nosolve  =>  false
  minr  =>  1
  low_edge_priority  =>  false
~~~~~~~~~~~~~~~~~~~~~~~~~~~~~~~~~~~~~~~~~~~~~~~~~~~~~~~~~~~~~~~~~~~~~~~~~~~~~~~~~~~~~
GIT VERSION RCSP: 
GIT BRANCH: 
~~~~~~~~~~~~~~~~~~~~~~~~~~~~~~~~~~~~~~~~~~~~~~~~~~~~~~~~~~~~~~~~~~~~~~~~~~~~~~~~~~~~~
VRPSolver v0.6.16, 10/11/2025, © Inria Bordeaux, France, vrpsolver.math.u-bordeaux.fr
      Corresponds to the solver by Pessoa, Sadykov, Uchoa and Vanderbeck (2020)
                 Paper: dx.doi.org/10.1007/s10107-020-01523-z
~~~~~~~~~~~~~~~~~~~~~~~~~~~~~~~~~~~~~~~~~~~~~~~~~~~~~~~~~~~~~~~~~~~~~~~~~~~~~~~~~~~~~
GIT VERSION BAPCOD: a7cb21f19424236c9d0da5dcf94961797a519470
GIT BRANCH: main
~~~~~~~~~~~~~~~~~~~~~~~~~~~~~~~~~~~~~~~~~~~~~~~~~~~~~~~~~~~~~~~~~~~~~~~~~~~~~~~~~~~~~
   BaPCod v0.84, 10/11/2025, © Inria Bordeaux, France, bapcod.math.u-bordeaux.fr 
           THIS CODE IS PROVIDED AS IS, USE IT AT YOUR OWN RISK
~~~~~~~~~~~~~~~~~~~~~~~~~~~~~~~~~~~~~~~~~~~~~~~~~~~~~~~~~~~~~~~~~~~~~~~~~~~~~~~~~~~~~
--- MAIN PARAMETERS ---
GlobalTimeLimitInTick = 2147483645
GlobalTimeLimit = 21474836
ClockType = 0
MaxNbOfBBtreeNodeTreated = 100000
optimalityGapTolerance = 1e-06
relOptimalityGapTolerance = 1e-09
ApplyPreprocessing = false
PreprocessVariablesLocalBounds = false
treeSearchStrategy = 1
OpenNodesLimit = 1000
DEFAULTPRINTLEVEL = 0
--- MIP SOLVER PARAMETERS ---
solverName = CPLEX_SOLVER
MipSolverMaxBBNodes = 2000000
MipSolverMaxTime = 360000
MipSolverMultiThread = 1
--- COLUMN GENERATION PARAMETERS ---
SolverSelectForMast = a
  colGenSubProbSolMode = customSolver
mastInitMode = localArtCol
ArtVarPenaltyUpdateFactor = 2
ArtVarMaxNbOfPenaltyUpdates = 5
MaxNbOfStagesInColGenProcedure = 3
GenerateProperColumns = false
InsertAllGeneratedColumnsInFormRatherThanInPool = true
InsertNewNonNegColumnsDirectlyInFormRatherThanInPool = true
ColumnCleanupThreshold = 10000
ColumnCleanupRatio = 0.66
ReducedCostFixingThreshold = 0.9
--- CUT GENERATION PARAMETERS ---
MasterCuttingPlanesDepthLimit = 1000
MaxNbOfCutGeneratedAtEachIter = 1000
CutTailingOffThreshold = 0.015
CutTailingOffCounterThreshold = 3
CutCleanupThreshold = 1
CutCleanupRatio = 0.66
ColGenSpRelaxationImprovementPriority = 0
--- STABILIZATION PARAMETERS ---
colGenDualPriceSmoothingAlphaFactor = 1
colGenDualPriceSmoothingBetaFactor = 0
colGenStabilizationFunctionType = none
colGenProximalStabilizationRule = undefined
StabilFuncKappa = 1
colGenStabilizationMaxTreeDepth = 10000
StabilizationMinPhaseOfStage = 0
--- PRIMAL HEURISTIC PARAMETERS ---
UseInitialPrimalHeur = false
MaxTimeForRestrictedMasterIpHeur = -1
CallFrequencyOfRestrictedMasterIpHeur = 5
MIPemphasisInRestrictedMasterIpHeur = 1
PolishingAfterTimeInRestrictedMasterIpHeur = -1
DivingHeurUseDepthLimit = -1
CallFrequencyOfDivingHeur = 1
LeastFractional
Closest2RoundUp
LeastGreedyCost
LeastCost
FixIntValBeforeRoundingHeur = true
MaxNbOfCgIteDuringRh = 5000
MaxLDSbreadth = 0
MaxLDSdepth = 0
DivingHeurStopsWithFirstFeasSol = false
DivingHeurPreprocessBeforeChoosingVar = false
StrongDivingCandidatesNumber = 1
EvalAlgParamsInDiving = max#cand. = 1 max#cg.iters = 10000 min.lvl.sp.restr. = 1 min#cut.rounds = 0 max#cut.rounds = 0 red.cost.fix&enum. = false tree.size.ratio = 1
LocalSearchHeurUseDepthLimit = -1
LeastFractional
Closest2RoundUp
LeastGreedyCost
LeastCost
MaxFactorOfColFixedByLocalSearchHeur = 0.8
MaxLocalSearchIterationCounter = 3
--- STRONG BRANCHING PARAMETERS ---
SimplifiedStrongBranchingParameterisation = true
StrongBranchingPhaseOneCandidatesNumber = 100
StrongBranchingPhaseOneTreeSizeEstimRatio = 0.2
StrongBranchingPhaseTwoCandidatesNumber = 3
StrongBranchingPhaseTwoTreeSizeEstimRatio = 0.02
SafeDualBoundScaleFactor = -1
StrongBranchingPhaseOne = max#cand. = 100 max#cg.iters = 0 min.lvl.sp.restr. = 0 min#cut.rounds = 0 max#cut.rounds = 0 red.cost.fix&enum. = false tree.size.ratio = 0.2
StrongBranchingPhaseTwo = max#cand. = 3 max#cg.iters = 10000 min.lvl.sp.restr. = 1 min#cut.rounds = 0 max#cut.rounds = 0 red.cost.fix&enum. = false tree.size.ratio = 0.02
StrongBranchingPhaseThree = max#cand. = 1 max#cg.iters = 10000 min.lvl.sp.restr. = 0 min#cut.rounds = 0 max#cut.rounds = 10000 red.cost.fix&enum. = true tree.size.ratio = 1
StrongBranchingPhaseFour =not active
--- DEBUG OUTPUT PARAMETERS ---
printMasterPrimalSols = 0
--- VRPSOLVER PARAMETERS ---
RCSPstopCutGenTimeThresholdInPricing = 10
RCSPhardTimeThresholdInPricing = 25
RCSPredCostFixingTimeThreshold = 100
RCSPnumberOfBucketsPerVertex = 25
RCSPdynamicBucketSteps = 1
RCSPuseBidirectionalSearch = 2
RCSPapplyReducedCostFixing = 1
RCSPmaxNumOfColsPerIteration = 30
RCSPmaxNumOfColsPerExactIteration = 150
RCSPmaxNumOfLabelsInEnumeration = 500000
RCSPmaxNumOfLabelsInHeurEnumeration = 0
RCSPmaxNumOfEnumeratedSolutions = 5000000
RCSPmaxNumOfEnumSolutionsForMIP = 10000
RCSPmaxNumOfEnumSolsForEndOfNodeMIP = 10000
RCSPinitNGneighbourhoodSize = 8
RCSPmaxNGneighbourhoodSize = 8
RCSPrankOneCutsMaxNumRows = 5
RCSPrankOneCutsMaxNumPerRound = 100
RCSPrankOneCutsMemoryType = 0
RCSPrankOneCutsLSnumIterations = 1000
RCSPallowRoutesWithSameVerticesSet = true
RCSPredCostFixingFalseGap = 0
SafeDualBoundScaleFactor = -1
RCSPmaxNumOfLabelsInHeurEnumeration = 0
MaxNumEnumSolsInRestrictedMasterIpHeur = 5000

prName & bcTimeMain \\ 
New model incumbent solution 1e+07, TIME = 0h0m0s41t = 41
RCSP solver info : size of non-robust cut bitmask in a label is 640 bits
Bucket steps were recalculated for graph G_0 : [30]
RCSP solver info : symmetric case is detected for graph G_0! 
Bidirectional border value is initialised to 375
RCSP solver info : number of forw. reachable buckets / buck. strongly connected components is 415( 93.8914% ) / 390( 93.9759% )
RCSP solver info: std. label size is 56, ext. label size is 136
Generating neighbourhoods for rank-1 cuts separation
Building structures for 4- and 5-row rank-1 packing cut separation...done!
Model is built TIME = 0h0m0s44t = 44
************************************************************************************************
**** BaB tree root node
**** Local DB = -1e+12, global bounds : [ -1e+12 , 1e+07 ], TIME = 0h0m0s44t = 44
**** 1 open nodes, 0 columns (0 active), 0 dyn. constrs. (0 active), 32 art. vars. (32 active)
************************************************************************************************
--------------------------------------------------------------------------
BaPCod info : first we run the root node with rank-1 cuts with node memory
--------------------------------------------------------------------------
#<DWph=2> <it=  1> <et=0.45> <Mt= 0.00> <Spt= 0.00> <nCl= 15> <al=0.00> <DB=-7199976360.0000> <Mlp=372000000.0000> <PB=10000000> 
#<DWph=2> <it=  2> <et=0.45> <Mt= 0.00> <Spt= 0.00> <nCl= 15> <al=0.55> <DB=-5186493889.5300> <Mlp=278400294.6000> <PB=10000000> 
#<DWph=2> <it=  3> <et=0.45> <Mt= 0.00> <Spt= 0.00> <nCl= 15> <al=0.45> <DB=-4936817375.6200> <Mlp=244235975.6471> <PB=10000000> 
#<DWph=2> <it=  4> <et=0.45> <Mt= 0.00> <Spt= 0.00> <nCl= 15> <al=0.51> <DB=-4732959321.2865> <Mlp=104001403.4667> <PB=10000000> 
#<DWph=2> <it=  5> <et=0.45> <Mt= 0.00> <Spt= 0.00> <nCl= 15> <al=0.41> <DB=-4575562007.4145> <Mlp=42001314.2500> <PB=10000000> 
#<DWph=2> <it=  6> <et=0.45> <Mt= 0.00> <Spt= 0.00> <nCl= 15> <al=0.46> <DB=-2851260638.5923> <Mlp=14318592.5466> <PB=10000000> 
#<DWph=2> <it=  7> <et=0.46> <Mt= 0.00> <Spt= 0.00> <nCl= 15> <al=0.36> <DB=-2893742940.9997> <Mlp=5546883.2755> <PB=10000000> 
<DWph=2> <it=  8> <et=0.46> <Mt= 0.00> <Spt= 0.00> <nCl= 16> <al=0.00> <DB=-62996.3505> <Mlp= 1335.4316> <PB=10000000> 
<DWph=2> <it=  9> <et=0.46> <Mt= 0.00> <Spt= 0.00> <nCl= 15> <al=0.33> <DB=-22777.6618> <Mlp= 1285.6438> <PB=10000000> 
<DWph=2> <it= 10> <et=0.46> <Mt= 0.00> <Spt= 0.00> <nCl= 15> <al=0.23> <DB=-7111.4200> <Mlp= 1215.0293> <PB=10000000> 
<DWph=2> <it= 11> <et=0.46> <Mt= 0.00> <Spt= 0.00> <nCl= 15> <al=0.13> <DB=-18389.7399> <Mlp= 1112.0462> <PB=10000000> 
<DWph=2> <it= 12> <et=0.46> <Mt= 0.00> <Spt= 0.00> <nCl= 15> <al=0.22> <DB=-8114.2730> <Mlp= 1095.1230> <PB=10000000> 
<DWph=2> <it= 13> <et=0.46> <Mt= 0.00> <Spt= 0.01> <nCl= 15> <al=0.29> <DB=-10027.9268> <Mlp= 1061.6873> <PB=10000000> 
<DWph=2> <it= 14> <et=0.46> <Mt= 0.00> <Spt= 0.00> <nCl= 15> <al=0.36> <DB=-6166.9992> <Mlp= 1034.7098> <PB=10000000> 
<DWph=2> <it= 15> <et=0.46> <Mt= 0.00> <Spt= 0.00> <nCl= 15> <al=0.43> <DB=-3861.0111> <Mlp= 1025.0717> <PB=10000000> 
<DWph=2> <it= 16> <et=0.46> <Mt= 0.00> <Spt= 0.00> <nCl= 15> <al=0.49> <DB=-5314.2811> <Mlp=  958.7080> <PB=10000000> 
<DWph=2> <it= 17> <et=0.46> <Mt= 0.00> <Spt= 0.00> <nCl= 15> <al=0.54> <DB=-3058.7815> <Mlp=  923.2646> <PB=10000000> 
<DWph=2> <it= 18> <et=0.46> <Mt= 0.00> <Spt= 0.00> <nCl= 15> <al=0.58> <DB=-2127.7375> <Mlp=  881.1805> <PB=10000000> 
<DWph=2> <it= 19> <et=0.46> <Mt= 0.00> <Spt= 0.00> <nCl= 15> <al=0.48> <DB=-1297.5446> <Mlp=  829.6522> <PB=10000000> 
<DWph=2> <it= 20> <et=0.46> <Mt= 0.00> <Spt= 0.00> <nCl= 15> <al=0.53> <DB=-2845.6552> <Mlp=  825.1111> <PB=10000000> 
<DWph=2> <it= 21> <et=0.47> <Mt= 0.00> <Spt= 0.00> <nCl= 15> <al=0.58> <DB= -669.3488> <Mlp=  825.1111> <PB=10000000> 
<DWph=2> <it= 22> <et=0.47> <Mt= 0.01> <Spt= 0.00> <nCl= 15> <al=0.62> <DB= -650.1400> <Mlp=  815.8426> <PB=10000000> 
<DWph=2> <it= 23> <et=0.47> <Mt= 0.00> <Spt= 0.00> <nCl= 15> <al=0.52> <DB=  -57.5325> <Mlp=  782.1429> <PB=10000000> 
<DWph=2> <it= 24> <et=0.47> <Mt= 0.00> <Spt= 0.00> <nCl= 15> <al=0.57> <DB=   64.4244> <Mlp=  782.1429> <PB=10000000> 
<DWph=2> <it= 25> <et=0.47> <Mt= 0.00> <Spt= 0.00> <nCl= 13> <al=0.61> <DB=  222.9918> <Mlp=  781.6364> <PB=10000000> 
<DWph=2> <it= 26> <et=0.47> <Mt= 0.00> <Spt= 0.00> <nCl= 15> <al=0.65> <DB=  153.4151> <Mlp=  781.6364> <PB=10000000> 
<DWph=2> <it= 27> <et=0.47> <Mt= 0.00> <Spt= 0.00> <nCl= 15> <al=0.69> <DB=  458.5318> <Mlp=  781.6364> <PB=10000000> 
<DWph=2> <it= 28> <et=0.47> <Mt= 0.00> <Spt= 0.00> <nCl= 15> <al=0.72> <DB=  263.9423> <Mlp=  778.0000> <PB=10000000> 
<DWph=2> <it= 29> <et=0.47> <Mt= 0.00> <Spt= 0.00> <nCl= 15> <al=0.75> <DB=  389.8173> <Mlp=  778.0000> <PB=10000000> 
<DWph=2> <it= 30> <et=0.47> <Mt= 0.00> <Spt= 0.00> <nCl= 29> <al=0.29> <DB=  294.8054> <Mlp=  778.0000> <PB=10000000> 
<DWph=2> <it= 31> <et=0.47> <Mt= 0.00> <Spt= 0.00> <nCl= 15> <al=0.55> <DB=  522.2646> <Mlp=  778.0000> <PB=10000000> 
<DWph=2> <it= 32> <et=0.47> <Mt= 0.00> <Spt= 0.00> <nCl= 12> <al=0.59> <DB=  582.8996> <Mlp=  775.6667> <PB=10000000> 
<DWph=2> <it= 33> <et=0.47> <Mt= 0.00> <Spt= 0.00> <nCl=  9> <al=0.63> <DB=  697.0674> <Mlp=  775.6667> <PB=10000000> 
<DWph=2> <it= 34> <et=0.47> <Mt= 0.00> <Spt= 0.00> <nCl= 15> <al=0.53> <DB=  691.9920> <Mlp=  775.6667> <PB=10000000> 
<DWph=2> <it= 35> <et=0.47> <Mt= 0.00> <Spt= 0.00> <nCl= 15> <al=0.43> <DB=  576.1995> <Mlp=  775.6667> <PB=10000000> 
<DWph=2> <it= 36> <et=0.47> <Mt= 0.00> <Spt= 0.01> <nCl= 22> <al=0.00> <DB=  570.6667> <Mlp=  775.6667> <PB=10000000> 
<DWph=2> <it= 37> <et=0.48> <Mt= 0.00> <Spt= 0.00> <nCl= 13> <al=0.39> <DB=  718.9890> <Mlp=  775.6667> <PB=10000000> 
<DWph=2> <it= 38> <et=0.48> <Mt= 0.00> <Spt= 0.00> <nCl= 14> <al=0.29> <DB=  649.9546> <Mlp=  775.0000> <PB=10000000> 
<DWph=2> <it= 39> <et=0.48> <Mt= 0.00> <Spt= 0.00> <nCl= 13> <al=0.19> <DB=  708.3213> <Mlp=  775.0000> <PB=10000000> 
<DWph=2> <it= 40> <et=0.48> <Mt= 0.00> <Spt= 0.00> <nCl=  4> <al=0.09> <DB=  686.9121> <Mlp=  775.0000> <PB=10000000> 
<DWph=2> <it= 41> <et=0.48> <Mt= 0.00> <Spt= 0.00> <nCl= 12> <al=0.18> <DB=  512.1754> <Mlp=  775.0000> <PB=10000000> 
Shrinking heuristic shrunk 14 edges
<DWph=2> <it= 42> <et=0.48> <Mt= 0.00> <Spt= 0.00> <nCl= 15> <al=0.08> <DB=  469.0779> <Mlp=  758.0000> <PB=758> 
<DWph=2> <it= 43> <et=0.48> <Mt= 0.00> <Spt= 0.00> <nCl= 15> <al=0.17> <DB=  473.6114> <Mlp=  758.0000> <PB=758> 
<DWph=2> <it= 44> <et=0.48> <Mt= 0.00> <Spt= 0.00> <nCl= 13> <al=0.26> <DB=  744.8861> <Mlp=  758.0000> <PB=758> 
<DWph=2> <it= 45> <et=0.48> <Mt= 0.00> <Spt= 0.00> <nCl=  6> <al=0.33> <DB=  728.5796> <Mlp=  758.0000> <PB=758> 
<DWph=2> <it= 46> <et=0.48> <Mt= 0.00> <Spt= 0.00> <nCl=  3> <al=0.40> <DB=  743.6749> <Mlp=  758.0000> <PB=758> 
<DWph=2> <it= 47> <et=0.48> <Mt= 0.00> <Spt= 0.00> <nCl=  3> <al=0.00> <DB=  753.0000> <Mlp=  758.0000> <PB=758> 
<DWph=2> <it= 48> <et=0.48> <Mt= 0.00> <Spt= 0.00> <nCl= 21> <al=0.00> <DB=  758.0000> <Mlp=  758.0000> <PB=758> 
<DWph=1> <it= 49> <et=0.48> <Mt= 0.00> <Spt= 0.00> <nCl= 15> <al=0.26> <DB=  738.0000> <Mlp=  758.0000> <PB=758> 
<DWph=1> <it= 50> <et=0.49> <Mt= 0.00> <Spt= 0.00> <nCl= 13> <al=0.26> <DB=  714.2852> <Mlp=  758.0000> <PB=758> 
<DWph=1> <it= 51> <et=0.49> <Mt= 0.00> <Spt= 0.00> <nCl=  5> <al=0.33> <DB=  734.6266> <Mlp=  758.0000> <PB=758> 
<DWph=1> <it= 52> <et=0.49> <Mt= 0.00> <Spt= 0.00> <nCl=  4> <al=0.00> <DB=  758.0000> <Mlp=  758.0000> <PB=758> 
    RCSP exact solver info for graph G_0 : TT = 0.002525, pt = 3e-06, dt = 0.001268, ct = 9.9e-05, ndl = 583', bdl = 3485', odl = 1746', odf = 12284', bsi = 738', cnt = 3697', bdch = 41934', odch = 23095', lcp = 9572', #sols = 150
<DWph=0> <it= 53> <et=0.49> <Mt= 0.00> <Spt= 0.01> <nCl=145> <al=0.30> <DB=  668.0000> <Mlp=  758.0000> <PB=758> 
    RCSP exact solver info for graph G_0 : TT = 0.001048, pt = 1e-05, dt = 0.000767, ct = 7.8e-05, ndl = 648', bdl = 4068', odl = 1859', odf = 12287', bsi = 778', cnt = 4579', bdch = 52032', odch = 25315', lcp = 11998', #sols = 150
<DWph=0> <it= 54> <et=0.50> <Mt= 0.00> <Spt= 0.00> <nCl=144> <al=0.30> <DB=  716.1521> <Mlp=  758.0000> <PB=758> 
    RCSP exact solver info for graph G_0 : TT = 0.000975, pt = 9e-06, dt = 0.000688, ct = 8.4e-05, ndl = 703', bdl = 4546', odl = 1798', odf = 12683', bsi = 867', cnt = 5541', bdch = 55469', odch = 26892', lcp = 12347', #sols = 150
<DWph=0> <it= 55> <et=0.50> <Mt= 0.00> <Spt= 0.00> <nCl= 90> <al=0.37> <DB=  740.8549> <Mlp=  758.0000> <PB=758> 
    RCSP exact solver info for graph G_0 : TT = 0.001053, pt = 8e-06, dt = 0.000771, ct = 8.5e-05, ndl = 706', bdl = 4562', odl = 1863', odf = 13110', bsi = 889', cnt = 5296', bdch = 58756', odch = 28309', lcp = 13047', #sols = 150
<DWph=0> <it= 56> <et=0.50> <Mt= 0.00> <Spt= 0.01> <nCl= 84> <al=0.27> <DB=  751.9488> <Mlp=  758.0000> <PB=758> 
    RCSP exact solver info for graph G_0 : TT = 0.001062, pt = 1e-05, dt = 0.000712, ct = 0.000101, ndl = 705', bdl = 4556', odl = 1859', odf = 13066', bsi = 892', cnt = 5272', bdch = 58570', odch = 28185', lcp = 12957', #sols = 150
    RCSP exact solver info for graph G_0 : TT = 0.001167, pt = 9e-06, dt = 0.000805, ct = 8.9e-05, ndl = 646', bdl = 4141', odl = 1775', odf = 12588', bsi = 902', cnt = 4035', bdch = 51272', odch = 24757', lcp = 11266', #sols = 150
<DWph=0> <it= 57> <et=0.51> <Mt= 0.00> <Spt= 0.00> <nCl= 53> <al=0.00> <DB=  758.0000> <Mlp=  758.0000> <PB=758> 
RCSP solver dynamic params and stats :  bidir.bord. = 375 aver.obdmd = 23.4706 aver.buck.num. = 26
@@ 1 0 758 0.0009245 0.001367 92.0994 0.51
ColGenEvalAlg final dual bound: 758 (rounded: 758)
New model incumbent solution 758, TIME = 0h0m0s51t = 51
************************************************************************************************
Search is finished, global bounds : [ 758 , 758 ], TIME = 0h0m0s51t = 51
************************************************************************************************
[32mBaPCod : solution defined.[00m
statistics_cols: instance & :Optimal & cutoff & :bcRecRootDb & :bcTimeRootEval & :bcCountNodeProc & :bcRecBestDb & :bcRecBestInc & :bcTimeMain \\
statistics: instance_0-triangle & 1 & 1.0e7 & 758.00 & 0.51 & 1 & 758.00 & 758 & 0.51 \\
########################################################
Route #1: 6 14 2 5 12 1 9 3 15 10 7 11 13 4 8 
Cost 758
########################################################

end_time=2026-04-19 23:10:43
exit_code=0
