instance_file=/mnt/c/Users/porin/OneDrive/Documentos/Python-Mestrado/Modelagem Matemática/Programação Inteira - Uchoa/Problema VRPRDL/instancias_turco/VRPRDL-triangle/vrp_convertidos/instance_4-triangle.vrp
instance_name=instance_4-triangle
start_time=2026-04-20 07:09:44

  Activating project at `~/VRPSolver/VRPSolverDemos`
Application parameters:
  batch  =>  nothing
  instance  =>  "/mnt/c/Users/porin/OneDrive/Documentos/Python-Mestrado/Modelagem Matemática/Programação Inteira - Uchoa/Problema VRPRDL/instancias_turco/VRPRDL-triangle/vrp_convertidos/instance_4-triangle.vrp"
  noround  =>  false
  cfg  =>  "/home/poringman/VRPSolver/VRPSolverDemos/src/../config/CVRP.cfg"
  edge_cuts  =>  false
  out  =>  nothing
  ub  =>  1.0e7
  cluster_branching  =>  1.0
  sol  =>  nothing
  single_resource  =>  false
  strong_kpath_cuts  =>  false
  tikz  =>  nothing
  maxr  =>  999
  update  =>  false
  show_complete_form  =>  false
  nosolve  =>  false
  minr  =>  1
  low_edge_priority  =>  false
~~~~~~~~~~~~~~~~~~~~~~~~~~~~~~~~~~~~~~~~~~~~~~~~~~~~~~~~~~~~~~~~~~~~~~~~~~~~~~~~~~~~~
GIT VERSION RCSP: 
GIT BRANCH: 
~~~~~~~~~~~~~~~~~~~~~~~~~~~~~~~~~~~~~~~~~~~~~~~~~~~~~~~~~~~~~~~~~~~~~~~~~~~~~~~~~~~~~
VRPSolver v0.6.16, 10/11/2025, © Inria Bordeaux, France, vrpsolver.math.u-bordeaux.fr
      Corresponds to the solver by Pessoa, Sadykov, Uchoa and Vanderbeck (2020)
                 Paper: dx.doi.org/10.1007/s10107-020-01523-z
~~~~~~~~~~~~~~~~~~~~~~~~~~~~~~~~~~~~~~~~~~~~~~~~~~~~~~~~~~~~~~~~~~~~~~~~~~~~~~~~~~~~~
GIT VERSION BAPCOD: a7cb21f19424236c9d0da5dcf94961797a519470
GIT BRANCH: main
~~~~~~~~~~~~~~~~~~~~~~~~~~~~~~~~~~~~~~~~~~~~~~~~~~~~~~~~~~~~~~~~~~~~~~~~~~~~~~~~~~~~~
   BaPCod v0.84, 10/11/2025, © Inria Bordeaux, France, bapcod.math.u-bordeaux.fr 
           THIS CODE IS PROVIDED AS IS, USE IT AT YOUR OWN RISK
~~~~~~~~~~~~~~~~~~~~~~~~~~~~~~~~~~~~~~~~~~~~~~~~~~~~~~~~~~~~~~~~~~~~~~~~~~~~~~~~~~~~~
--- MAIN PARAMETERS ---
GlobalTimeLimitInTick = 2147483645
GlobalTimeLimit = 21474836
ClockType = 0
MaxNbOfBBtreeNodeTreated = 100000
optimalityGapTolerance = 1e-06
relOptimalityGapTolerance = 1e-09
ApplyPreprocessing = false
PreprocessVariablesLocalBounds = false
treeSearchStrategy = 1
OpenNodesLimit = 1000
DEFAULTPRINTLEVEL = 0
--- MIP SOLVER PARAMETERS ---
solverName = CPLEX_SOLVER
MipSolverMaxBBNodes = 2000000
MipSolverMaxTime = 360000
MipSolverMultiThread = 1
--- COLUMN GENERATION PARAMETERS ---
SolverSelectForMast = a
  colGenSubProbSolMode = customSolver
mastInitMode = localArtCol
ArtVarPenaltyUpdateFactor = 2
ArtVarMaxNbOfPenaltyUpdates = 5
MaxNbOfStagesInColGenProcedure = 3
GenerateProperColumns = false
InsertAllGeneratedColumnsInFormRatherThanInPool = true
InsertNewNonNegColumnsDirectlyInFormRatherThanInPool = true
ColumnCleanupThreshold = 10000
ColumnCleanupRatio = 0.66
ReducedCostFixingThreshold = 0.9
--- CUT GENERATION PARAMETERS ---
MasterCuttingPlanesDepthLimit = 1000
MaxNbOfCutGeneratedAtEachIter = 1000
CutTailingOffThreshold = 0.015
CutTailingOffCounterThreshold = 3
CutCleanupThreshold = 1
CutCleanupRatio = 0.66
ColGenSpRelaxationImprovementPriority = 0
--- STABILIZATION PARAMETERS ---
colGenDualPriceSmoothingAlphaFactor = 1
colGenDualPriceSmoothingBetaFactor = 0
colGenStabilizationFunctionType = none
colGenProximalStabilizationRule = undefined
StabilFuncKappa = 1
colGenStabilizationMaxTreeDepth = 10000
StabilizationMinPhaseOfStage = 0
--- PRIMAL HEURISTIC PARAMETERS ---
UseInitialPrimalHeur = false
MaxTimeForRestrictedMasterIpHeur = -1
CallFrequencyOfRestrictedMasterIpHeur = 5
MIPemphasisInRestrictedMasterIpHeur = 1
PolishingAfterTimeInRestrictedMasterIpHeur = -1
DivingHeurUseDepthLimit = -1
CallFrequencyOfDivingHeur = 1
LeastFractional
Closest2RoundUp
LeastGreedyCost
LeastCost
FixIntValBeforeRoundingHeur = true
MaxNbOfCgIteDuringRh = 5000
MaxLDSbreadth = 0
MaxLDSdepth = 0
DivingHeurStopsWithFirstFeasSol = false
DivingHeurPreprocessBeforeChoosingVar = false
StrongDivingCandidatesNumber = 1
EvalAlgParamsInDiving = max#cand. = 1 max#cg.iters = 10000 min.lvl.sp.restr. = 1 min#cut.rounds = 0 max#cut.rounds = 0 red.cost.fix&enum. = false tree.size.ratio = 1
LocalSearchHeurUseDepthLimit = -1
LeastFractional
Closest2RoundUp
LeastGreedyCost
LeastCost
MaxFactorOfColFixedByLocalSearchHeur = 0.8
MaxLocalSearchIterationCounter = 3
--- STRONG BRANCHING PARAMETERS ---
SimplifiedStrongBranchingParameterisation = true
StrongBranchingPhaseOneCandidatesNumber = 100
StrongBranchingPhaseOneTreeSizeEstimRatio = 0.2
StrongBranchingPhaseTwoCandidatesNumber = 3
StrongBranchingPhaseTwoTreeSizeEstimRatio = 0.02
SafeDualBoundScaleFactor = -1
StrongBranchingPhaseOne = max#cand. = 100 max#cg.iters = 0 min.lvl.sp.restr. = 0 min#cut.rounds = 0 max#cut.rounds = 0 red.cost.fix&enum. = false tree.size.ratio = 0.2
StrongBranchingPhaseTwo = max#cand. = 3 max#cg.iters = 10000 min.lvl.sp.restr. = 1 min#cut.rounds = 0 max#cut.rounds = 0 red.cost.fix&enum. = false tree.size.ratio = 0.02
StrongBranchingPhaseThree = max#cand. = 1 max#cg.iters = 10000 min.lvl.sp.restr. = 0 min#cut.rounds = 0 max#cut.rounds = 10000 red.cost.fix&enum. = true tree.size.ratio = 1
StrongBranchingPhaseFour =not active
--- DEBUG OUTPUT PARAMETERS ---
printMasterPrimalSols = 0
--- VRPSOLVER PARAMETERS ---
RCSPstopCutGenTimeThresholdInPricing = 10
RCSPhardTimeThresholdInPricing = 25
RCSPredCostFixingTimeThreshold = 100
RCSPnumberOfBucketsPerVertex = 25
RCSPdynamicBucketSteps = 1
RCSPuseBidirectionalSearch = 2
RCSPapplyReducedCostFixing = 1
RCSPmaxNumOfColsPerIteration = 30
RCSPmaxNumOfColsPerExactIteration = 150
RCSPmaxNumOfLabelsInEnumeration = 500000
RCSPmaxNumOfLabelsInHeurEnumeration = 0
RCSPmaxNumOfEnumeratedSolutions = 5000000
RCSPmaxNumOfEnumSolutionsForMIP = 10000
RCSPmaxNumOfEnumSolsForEndOfNodeMIP = 10000
RCSPinitNGneighbourhoodSize = 8
RCSPmaxNGneighbourhoodSize = 8
RCSPrankOneCutsMaxNumRows = 5
RCSPrankOneCutsMaxNumPerRound = 100
RCSPrankOneCutsMemoryType = 0
RCSPrankOneCutsLSnumIterations = 1000
RCSPallowRoutesWithSameVerticesSet = true
RCSPredCostFixingFalseGap = 0
SafeDualBoundScaleFactor = -1
RCSPmaxNumOfLabelsInHeurEnumeration = 0
MaxNumEnumSolsInRestrictedMasterIpHeur = 5000

prName & bcTimeMain \\ 
New model incumbent solution 1e+07, TIME = 0h0m0s31t = 31
RCSP solver info : size of non-robust cut bitmask in a label is 640 bits
Bucket steps were recalculated for graph G_0 : [30]
RCSP solver info : symmetric case is detected for graph G_0! 
Bidirectional border value is initialised to 375
RCSP solver info : number of forw. reachable buckets / buck. strongly connected components is 409( 92.5339% ) / 409( 100% )
RCSP solver info: std. label size is 56, ext. label size is 136
Generating neighbourhoods for rank-1 cuts separation
Building structures for 4- and 5-row rank-1 packing cut separation...done!
Model is built TIME = 0h0m0s31t = 31
************************************************************************************************
**** BaB tree root node
**** Local DB = -1e+12, global bounds : [ -1e+12 , 1e+07 ], TIME = 0h0m0s31t = 31
**** 1 open nodes, 0 columns (0 active), 0 dyn. constrs. (0 active), 32 art. vars. (32 active)
************************************************************************************************
--------------------------------------------------------------------------
BaPCod info : first we run the root node with rank-1 cuts with node memory
--------------------------------------------------------------------------
#<DWph=2> <it=  1> <et=0.32> <Mt= 0.00> <Spt= 0.00> <nCl= 15> <al=0.00> <DB=-6479958090.0000> <Mlp=384000000.0000> <PB=10000000> 
#<DWph=2> <it=  2> <et=0.32> <Mt= 0.00> <Spt= 0.00> <nCl= 15> <al=0.55> <DB=-5183711611.8214> <Mlp=250286522.1429> <PB=10000000> 
#<DWph=2> <it=  3> <et=0.32> <Mt= 0.00> <Spt= 0.00> <nCl= 15> <al=0.45> <DB=-4354130558.1686> <Mlp=230401047.4500> <PB=10000000> 
#<DWph=2> <it=  4> <et=0.32> <Mt= 0.00> <Spt= 0.00> <nCl= 15> <al=0.51> <DB=-3727145790.7771> <Mlp=132001525.0833> <PB=10000000> 
#<DWph=2> <it=  5> <et=0.32> <Mt= 0.00> <Spt= 0.00> <nCl= 15> <al=0.55> <DB=-3721282209.9557> <Mlp=66002058.0000> <PB=10000000> 
#<DWph=2> <it=  6> <et=0.32> <Mt= 0.00> <Spt= 0.00> <nCl= 15> <al=0.60> <DB=-3104943522.6832> <Mlp=40217413.4982> <PB=10000000> 
#<DWph=2> <it=  7> <et=0.32> <Mt= 0.00> <Spt= 0.00> <nCl= 15> <al=0.64> <DB=-3032679063.5671> <Mlp=27259773.9609> <PB=10000000> 
#<DWph=2> <it=  8> <et=0.32> <Mt= 0.00> <Spt= 0.00> <nCl= 15> <al=0.68> <DB=-2163057296.3810> <Mlp=12661802.6201> <PB=10000000> 
#<DWph=2> <it=  9> <et=0.32> <Mt= 0.00> <Spt= 0.00> <nCl= 15> <al=0.58> <DB=-1428014213.6960> <Mlp=5321846.9464> <PB=10000000> 
#<DWph=2> <it= 10> <et=0.32> <Mt= 0.00> <Spt= 0.00> <nCl= 15> <al=0.62> <DB=-760635671.4978> <Mlp=71548.8635> <PB=10000000> 
<DWph=2> <it= 11> <et=0.32> <Mt= 0.00> <Spt= 0.00> <nCl= 15> <al=0.00> <DB=-23304.3066> <Mlp= 2023.3787> <PB=10000000> 
<DWph=2> <it= 12> <et=0.32> <Mt= 0.00> <Spt= 0.00> <nCl= 15> <al=0.42> <DB=-12001.8286> <Mlp= 1909.8494> <PB=10000000> 
<DWph=2> <it= 13> <et=0.32> <Mt= 0.00> <Spt= 0.00> <nCl= 15> <al=0.32> <DB=-10423.4109> <Mlp= 1795.7035> <PB=10000000> 
<DWph=2> <it= 14> <et=0.32> <Mt= 0.00> <Spt= 0.00> <nCl= 15> <al=0.39> <DB=-7498.2529> <Mlp= 1650.1106> <PB=10000000> 
<DWph=2> <it= 15> <et=0.32> <Mt= 0.00> <Spt= 0.00> <nCl= 15> <al=0.45> <DB=-7933.6769> <Mlp= 1542.8000> <PB=10000000> 
<DWph=2> <it= 16> <et=0.32> <Mt= 0.00> <Spt= 0.00> <nCl= 15> <al=0.50> <DB=-6241.7584> <Mlp= 1519.2348> <PB=10000000> 
<DWph=2> <it= 17> <et=0.32> <Mt= 0.00> <Spt= 0.00> <nCl= 15> <al=0.55> <DB=-5566.3039> <Mlp= 1498.2459> <PB=10000000> 
<DWph=2> <it= 18> <et=0.32> <Mt= 0.00> <Spt= 0.00> <nCl= 15> <al=0.60> <DB=-2346.1676> <Mlp= 1450.2472> <PB=10000000> 
<DWph=2> <it= 19> <et=0.33> <Mt= 0.00> <Spt= 0.00> <nCl= 15> <al=0.50> <DB=  -57.0079> <Mlp= 1343.6561> <PB=10000000> 
<DWph=2> <it= 20> <et=0.33> <Mt= 0.00> <Spt= 0.00> <nCl= 15> <al=0.55> <DB=  856.6213> <Mlp= 1333.1868> <PB=10000000> 
<DWph=2> <it= 21> <et=0.33> <Mt= 0.00> <Spt= 0.00> <nCl= 15> <al=0.45> <DB=-1485.5858> <Mlp= 1234.6966> <PB=10000000> 
<DWph=2> <it= 22> <et=0.33> <Mt= 0.00> <Spt= 0.00> <nCl= 15> <al=0.50> <DB=  589.4083> <Mlp= 1222.3611> <PB=10000000> 
<DWph=2> <it= 23> <et=0.33> <Mt= 0.00> <Spt= 0.00> <nCl= 15> <al=0.55> <DB=  512.9733> <Mlp= 1128.1667> <PB=10000000> 
<DWph=2> <it= 24> <et=0.33> <Mt= 0.00> <Spt= 0.00> <nCl=  8> <al=0.60> <DB=  952.9724> <Mlp= 1128.1667> <PB=10000000> 
<DWph=2> <it= 25> <et=0.33> <Mt= 0.00> <Spt= 0.00> <nCl= 13> <al=0.64> <DB=  605.3040> <Mlp= 1117.0000> <PB=10000000> 
<DWph=2> <it= 26> <et=0.33> <Mt= 0.00> <Spt= 0.00> <nCl=  9> <al=0.67> <DB=  898.9587> <Mlp= 1117.0000> <PB=10000000> 
<DWph=2> <it= 27> <et=0.33> <Mt= 0.00> <Spt= 0.00> <nCl=  3> <al=0.71> <DB= 1031.2254> <Mlp= 1103.4000> <PB=10000000> 
<DWph=2> <it= 28> <et=0.33> <Mt= 0.00> <Spt= 0.00> <nCl= 14> <al=0.74> <DB= 1021.5739> <Mlp= 1103.4000> <PB=10000000> 
<DWph=2> <it= 29> <et=0.33> <Mt= 0.00> <Spt= 0.01> <nCl=  9> <al=0.76> <DB= 1033.0697> <Mlp= 1071.5000> <PB=10000000> 
<DWph=2> <it= 30> <et=0.33> <Mt= 0.00> <Spt= 0.00> <nCl= 10> <al=0.79> <DB= 1040.3950> <Mlp= 1071.5000> <PB=10000000> 
<DWph=2> <it= 31> <et=0.33> <Mt= 0.00> <Spt= 0.00> <nCl= 10> <al=0.81> <DB= 1034.9449> <Mlp= 1071.5000> <PB=10000000> 
<DWph=2> <it= 32> <et=0.33> <Mt= 0.00> <Spt= 0.00> <nCl=  2> <al=0.83> <DB= 1045.7889> <Mlp= 1071.5000> <PB=10000000> 
<DWph=2> <it= 33> <et=0.33> <Mt= 0.00> <Spt= 0.00> <nCl=  3> <al=0.84> <DB= 1048.3970> <Mlp= 1062.5000> <PB=10000000> 
<DWph=2> <it= 34> <et=0.33> <Mt= 0.00> <Spt= 0.00> <nCl= 15> <al=0.74> <DB=  689.1302> <Mlp= 1062.5000> <PB=10000000> 
<DWph=2> <it= 35> <et=0.33> <Mt= 0.00> <Spt= 0.00> <nCl=  4> <al=0.77> <DB= 1051.6472> <Mlp= 1062.5000> <PB=10000000> 
<DWph=2> <it= 36> <et=0.33> <Mt= 0.00> <Spt= 0.00> <nCl=  7> <al=0.67> <DB= 1051.0466> <Mlp= 1062.5000> <PB=10000000> 
<DWph=2> <it= 37> <et=0.34> <Mt= 0.00> <Spt= 0.00> <nCl= 10> <al=0.41> <DB= 1052.9245> <Mlp= 1062.5000> <PB=10000000> 
<DWph=2> <it= 38> <et=0.34> <Mt= 0.00> <Spt= 0.00> <nCl= 13> <al=0.21> <DB= 1052.9030> <Mlp= 1062.5000> <PB=10000000> 
<DWph=2> <it= 39> <et=0.34> <Mt= 0.00> <Spt= 0.00> <nCl=  4> <al=0.50> <DB= 1055.9076> <Mlp= 1062.5000> <PB=10000000> 
<DWph=2> <it= 40> <et=0.34> <Mt= 0.00> <Spt= 0.00> <nCl=  4> <al=0.00> <DB= 1062.5000> <Mlp= 1062.5000> <PB=10000000> 
<DWph=1> <it= 41> <et=0.34> <Mt= 0.00> <Spt= 0.00> <nCl=  9> <al=0.45> <DB= 1057.5000> <Mlp= 1062.5000> <PB=10000000> 
<DWph=1> <it= 42> <et=0.34> <Mt= 0.00> <Spt= 0.00> <nCl=  0> <al=0.00> <DB= 1062.1667> <Mlp= 1062.1667> <PB=10000000> 
    RCSP exact solver info for graph G_0 : TT = 0.000806, pt = 3e-06, dt = 0.000507, ct = 0.000117, ndl = 394', bdl = 2081', odl = 1381', odf = 9886', bsi = 812', cnt = 1645', bdch = 22438', odch = 11609', lcp = 5431', #sols = 150
<DWph=0> <it= 43> <et=0.34> <Mt= 0.00> <Spt= 0.00> <nCl=126> <al=0.25> <DB= 1040.8333> <Mlp= 1062.1667> <PB=10000000> 
    RCSP exact solver info for graph G_0 : TT = 0.000758, pt = 1.2e-05, dt = 0.000477, ct = 8.5e-05, ndl = 401', bdl = 2075', odl = 1443', odf = 10549', bsi = 830', cnt = 1556', bdch = 23692', odch = 12274', lcp = 5703', #sols = 150
    RCSP exact solver info for graph G_0 : TT = 0.00089, pt = 1e-05, dt = 0.000621, ct = 8.3e-05, ndl = 388', bdl = 1986', odl = 1426', odf = 10443', bsi = 812', cnt = 1366', bdch = 22538', odch = 11636', lcp = 5407', #sols = 150
<DWph=0> <it= 44> <et=0.35> <Mt= 0.00> <Spt= 0.01> <nCl= 46> <al=0.00> <DB= 1062.1667> <Mlp= 1062.1667> <PB=10000000> 
RCSP solver dynamic params and stats :  bidir.bord. = 375 aver.obdmd = 23.1176 aver.buck.num. = 26
@@ 1 0 1062.17 0.00063 0.000704 90.9661 0.35
RCSP      solver labels distribution in 130 buckets (bucket size) : largest - 10, top 0.1% - 10, top 0.5% - 10, top 2% - 9, top 10% - 6, top 50% - 2
Reduced cost fixing for graph G_0...  TT = 0.000896, pt = 5.6e-05, dt = 0.000821, ct = 0, ndl = 938', bdl = 3723', odl = 1718', odf = 24240', lpcb = 735', cnt = 10896', bdch = 37252', odch = 35524', lcp = 7668'
5114 buck. arcs remain (97.9% from prev., 89% from max.) + 0 jump buck. arcs (0% from max.)
 TT = 0.002535, pt = 5.6e-05, dt = 0.000821, ct = 0.001607, ndl = 938', bdl = 3723', odl = 1718', odf = 24240', lpcb = 735', cnt = 15778', bdch = 37252', odch = 35524', lcp = 7668'
RCSP      solver labels distribution in 270 buckets (bucket size) : largest - 10, top 0.1% - 10, top 0.5% - 10, top 2% - 9, top 10% - 7, top 50% - 3
Run forward enumeration with border = 375... succeeded! lpt = 0.346113, ndl = 82105', dl = 330366', lpcb = 0', dch = 8360005'
Run enumeration concatenation with time limit 0.3 sec.... time limit reached, not succeeded.
Sorting and storing enumerated solutions ...  TT = 0.777932, pt = 0.005364, dt = 0.346113, ct = 0.392829, ndl = 82105', bdl = 330366', cnt = 3818476', bdch = 8360005', odch = 0', lcp = 0'
ColGenEvalAlg final dual bound: 1062.17 (rounded: 1063)
In total 1 RCC cut(s) are found by the connected components heuristic 
Shrinking heuristic shrunk 8 edges
In total 1 RCC cut(s) are found by the Fractional capacity min-cut heuristic 
----- Add fac. cuts : CAP(2), max.viol = 0.666667, aver.viol = 0.416667, sep/add took 0.000170233/0.000634288 sec. -----
664 columns (664 active), 2 dyn. constrs. (2 active), 34 art. vars. (34 active)
<DWph=2> <it=  1> <et=1.13> <Mt= 0.00> <Spt= 0.00> <nCl=  0> <al=0.00> <DB= 1062.5000> <Mlp= 1062.5000> <PB=10000000> 
<DWph=1> <it=  2> <et=1.13> <Mt= 0.00> <Spt= 0.00> <nCl=  1> <al=0.00> <DB= 1062.5000> <Mlp= 1062.5000> <PB=10000000> 
    RCSP exact solver info for graph G_0 : TT = 0.000676, pt = 4e-06, dt = 0.000415, ct = 7.9e-05, ndl = 375', bdl = 1907', odl = 1409', odf = 10294', bsi = 766', cnt = 1210', bdch = 21584', odch = 11123', lcp = 5160', #sols = 150
    RCSP exact solver info for graph G_0 : TT = 0.00066, pt = 1.1e-05, dt = 0.000385, ct = 7.1e-05, ndl = 375', bdl = 1907', odl = 1409', odf = 10294', bsi = 766', cnt = 1210', bdch = 21584', odch = 11123', lcp = 5160', #sols = 150
<DWph=0> <it=  3> <et=1.13> <Mt= 0.00> <Spt= 0.00> <nCl=  7> <al=0.00> <DB= 1062.5000> <Mlp= 1062.5000> <PB=10000000> 
RCSP solver dynamic params and stats :  bidir.bord. = 375 aver.obdmd = 23.1176 aver.buck.num. = 26
@@ 1 1 1062.5 0.000475 0.000494 89.0165 1.13
    Full reduced cost fixing is not called (gap ratio is 1)
ColGenEvalAlg final dual bound: 1062.5 (rounded: 1063)
False gap improvement since the last cut separation : 0.00313824 (1062.17)
Cut generation tailing off counter increased to 1
Current active cuts : CAP(1,-0.5)
Shrinking heuristic shrunk 13 edges
2 Rank-1 1-rows pack. cuts added ,  max viol. = 0.5, aver. viol. = 0.5
Building structures for heuristic rank-1 packing cut separation...done!
----- Add fac. cuts : R1C(2), max.viol = 0.5, aver.viol = 0.5, sep/add took 0.0141031/0.000479798 sec. -----
672 columns (672 active), 4 dyn. constrs. (3 active), 36 art. vars. (35 active)
Shrinking heuristic shrunk 13 edges
<DWph=2> <it=  1> <et=1.15> <Mt= 0.00> <Spt= 0.00> <nCl=  2> <al=0.00> <DB= 1053.3333> <Mlp= 1068.0000> <PB=1068> 
<DWph=2> <it=  2> <et=1.15> <Mt= 0.00> <Spt= 0.00> <nCl=  6> <al=0.00> <DB= 1065.3333> <Mlp= 1067.3333> <PB=1068> 
<DWph=2> <it=  3> <et=1.15> <Mt= 0.00> <Spt= 0.00> <nCl=  0> <al=0.00> <DB= 1067.0000> <Mlp= 1067.0000> <PB=1068> 
<DWph=1> <it=  4> <et=1.15> <Mt= 0.00> <Spt= 0.00> <nCl=  3> <al=0.00> <DB= 1067.0000> <Mlp= 1067.0000> <PB=1068> 
    RCSP exact solver info for graph G_0 : TT = 0.000917, pt = 8e-06, dt = 0.000615, ct = 9.4e-05, ndl = 458', bdl = 2434', odl = 1507', odf = 11285', bsi = 824', cnt = 1797', bdch = 29117', odch = 15658', lcp = 7130', #sols = 150
<DWph=0> <it=  5> <et=1.15> <Mt= 0.00> <Spt= 0.01> <nCl= 52> <al=0.10> <DB= 1058.3333> <Mlp= 1067.0000> <PB=1068> 
    RCSP exact solver info for graph G_0 : TT = 0.000841, pt = 1.5e-05, dt = 0.000534, ct = 8.6e-05, ndl = 409', bdl = 2099', odl = 1497', odf = 10914', bsi = 820', cnt = 1428', bdch = 25432', odch = 12846', lcp = 6280', #sols = 150
<DWph=0> <it=  6> <et=1.16> <Mt= 0.00> <Spt= 0.00> <nCl=  9> <al=0.00> <DB= 1065.5556> <Mlp= 1065.5556> <PB=1068> 
RCSP solver dynamic params and stats :  bidir.bord. = 375 aver.obdmd = 23.1176 aver.buck.num. = 26 nbR1C = 1 with avMem = 12
@@ 1 2 1065.56 0.0006645 0.000709 89.0165 1.16
RCSP      solver labels distribution in 128 buckets (bucket size) : largest - 10, top 0.1% - 10, top 0.5% - 10, top 2% - 9, top 10% - 6, top 50% - 3
Reduced cost fixing for graph G_0...  TT = 0.000246, pt = 5.8e-05, dt = 0.000165, ct = 0, ndl = 592', bdl = 494', odl = 383', odf = 4706', lpcb = 1871', cnt = 875', bdch = 5451', odch = 5678', lcp = 1348'
677 buck. arcs remain (13.2% from prev., 11.8% from max.) + 286 jump buck. arcs (4.98% from max.)
 TT = 0.000729, pt = 5.8e-05, dt = 0.000165, ct = 0.000461, ndl = 592', bdl = 494', odl = 383', odf = 4706', lpcb = 1871', cnt = 4811', bdch = 5451', odch = 5678', lcp = 1348'
RCSP      solver labels distribution in 208 buckets (bucket size) : largest - 10, top 0.1% - 10, top 0.5% - 9, top 2% - 8, top 10% - 6, top 50% - 2
Run forward enumeration with border = 375... succeeded! lpt = 0.00516, ndl = 159', dl = 0', lpcb = 131', dch = 20'
Run enumeration concatenation with time limit 0.3 sec.... succeeded!
Sorting and storing enumerated solutions ... done!
 TT = 0.006642, pt = 0, dt = 0.00516, ct = 3.9e-05, ndl = 159', bdl = 0', lpcb = 131', cnt = 806', bdch = 20', odch = 0', lcp = 0'
Enumeration succeeded!, number of elem. solutions is 23
Estimating inspection time...     TT = 1.9e-05, performed by inspection with 23 solutions, nbR1C = 1, nbDiscC = 0
Inspection time is low enough. Pricing will be done by inspection.
Added 29 columns in the formulation 
Removed 715 columns (not in the enumerated set) from the formulation
Regenerated 29 columns with the 'enumerated' flag
Added 9 columns in the formulation 
ColGenEvalAlg final dual bound: 1065.56 (rounded: 1066)
Gap improvement since the last cut separation : 0.555556 (1062.5)
Current active cuts : CAP(1,-5.44444) R1C(1+0,0) 1rowPackR1C(1)
----- Terminating the node by MIP -----
Version identifier: 22.1.2.0 | 2024-11-26 | 0edbb82fd
CPXPARAM_Advance                                 0
CPXPARAM_Preprocessing_Linear                    0
CPXPARAM_Threads                                 1
CPXPARAM_MIP_Strategy_CallbackReducedLP          0
CPXPARAM_MIP_Limits_Nodes                        2000000
CPXPARAM_Simplex_Tolerances_Optimality           9.9999999999999995e-08
CPXPARAM_Simplex_Tolerances_Feasibility          9.9999999999999995e-08
CPXPARAM_TimeLimit                               360000
CPXPARAM_MIP_Tolerances_UpperCutoff              1067.0000010000001
CPXPARAM_MIP_Tolerances_MIPGap                   1.0000000000000001e-09
Legacy callback                                  L
Warning: Control callbacks may disable some MIP features.
Tried aggregator 2 times.
MIP Presolve eliminated 15 rows and 36 columns.
MIP Presolve modified 222 coefficients.
Aggregator did 1 substitutions.
Reduced MIP has 0 rows, 1 columns, and 0 nonzeros.
Reduced MIP has 1 binaries, 0 generals, 0 SOSs, and 0 indicators.
Presolve time = 0.00 sec. (0.32 ticks)
Probing time = 0.00 sec. (0.00 ticks)
MIP emphasis: balance optimality and feasibility.
MIP search method: traditional branch-and-cut.
Parallel mode: none, using 1 thread.
Root relaxation solution time = 0.00 sec. (0.00 ticks)

        Nodes                                         Cuts/
   Node  Left     Objective  IInf  Best Integer    Best Bound    ItCnt     Gap         Variable B NodeID Parent  Depth

      0     0        cutoff                                          0         

Root node processing (before b&c):
  Real time             =    0.00 sec. (0.32 ticks)
Sequential b&c:
  Real time             =    0.00 sec. (0.00 ticks)
                          ------------
Total (root+branch&cut) =    0.00 sec. (0.32 ticks)
Solution status = Infeasible
New model incumbent solution 1068, TIME = 0h0m1s17t = 117
************************************************************************************************
Search is finished, global bounds : [ 1068 , 1068 ], TIME = 0h0m1s17t = 117
************************************************************************************************
[32mBaPCod : solution defined.[00m
statistics_cols: instance & :Optimal & cutoff & :bcRecRootDb & :bcTimeRootEval & :bcCountNodeProc & :bcRecBestDb & :bcRecBestInc & :bcTimeMain \\
statistics: instance_4-triangle & 1 & 1.0e7 & 1068.00 & 1.17 & 1 & 1068.00 & 1068 & 1.17 \\
########################################################
Route #1: 4 15 3 8 5 7 1 6 13 14 2 9 10 
Route #2: 11 12 
Cost 1068
########################################################

end_time=2026-04-20 07:09:54
exit_code=0
