instance_file=/mnt/c/Users/porin/OneDrive/Documentos/Python-Mestrado/Modelagem Matemática/Programação Inteira - Uchoa/Problema VRPRDL/instancias_turco/VRPRDL-triangle/vrp_convertidos/instance_12-triangle.vrp
instance_name=instance_12-triangle
start_time=2026-04-19 23:11:14

  Activating project at `~/VRPSolver/VRPSolverDemos`
Application parameters:
  batch  =>  nothing
  instance  =>  "/mnt/c/Users/porin/OneDrive/Documentos/Python-Mestrado/Modelagem Matemática/Programação Inteira - Uchoa/Problema VRPRDL/instancias_turco/VRPRDL-triangle/vrp_convertidos/instance_12-triangle.vrp"
  noround  =>  false
  cfg  =>  "/home/poringman/VRPSolver/VRPSolverDemos/src/../config/CVRP.cfg"
  edge_cuts  =>  false
  out  =>  nothing
  ub  =>  1.0e7
  cluster_branching  =>  1.0
  sol  =>  nothing
  single_resource  =>  false
  strong_kpath_cuts  =>  false
  tikz  =>  nothing
  maxr  =>  999
  update  =>  false
  show_complete_form  =>  false
  nosolve  =>  false
  minr  =>  1
  low_edge_priority  =>  false
~~~~~~~~~~~~~~~~~~~~~~~~~~~~~~~~~~~~~~~~~~~~~~~~~~~~~~~~~~~~~~~~~~~~~~~~~~~~~~~~~~~~~
GIT VERSION RCSP: 
GIT BRANCH: 
~~~~~~~~~~~~~~~~~~~~~~~~~~~~~~~~~~~~~~~~~~~~~~~~~~~~~~~~~~~~~~~~~~~~~~~~~~~~~~~~~~~~~
VRPSolver v0.6.16, 10/11/2025, © Inria Bordeaux, France, vrpsolver.math.u-bordeaux.fr
      Corresponds to the solver by Pessoa, Sadykov, Uchoa and Vanderbeck (2020)
                 Paper: dx.doi.org/10.1007/s10107-020-01523-z
~~~~~~~~~~~~~~~~~~~~~~~~~~~~~~~~~~~~~~~~~~~~~~~~~~~~~~~~~~~~~~~~~~~~~~~~~~~~~~~~~~~~~
GIT VERSION BAPCOD: a7cb21f19424236c9d0da5dcf94961797a519470
GIT BRANCH: main
~~~~~~~~~~~~~~~~~~~~~~~~~~~~~~~~~~~~~~~~~~~~~~~~~~~~~~~~~~~~~~~~~~~~~~~~~~~~~~~~~~~~~
   BaPCod v0.84, 10/11/2025, © Inria Bordeaux, France, bapcod.math.u-bordeaux.fr 
           THIS CODE IS PROVIDED AS IS, USE IT AT YOUR OWN RISK
~~~~~~~~~~~~~~~~~~~~~~~~~~~~~~~~~~~~~~~~~~~~~~~~~~~~~~~~~~~~~~~~~~~~~~~~~~~~~~~~~~~~~
--- MAIN PARAMETERS ---
GlobalTimeLimitInTick = 2147483645
GlobalTimeLimit = 21474836
ClockType = 0
MaxNbOfBBtreeNodeTreated = 100000
optimalityGapTolerance = 1e-06
relOptimalityGapTolerance = 1e-09
ApplyPreprocessing = false
PreprocessVariablesLocalBounds = false
treeSearchStrategy = 1
OpenNodesLimit = 1000
DEFAULTPRINTLEVEL = 0
--- MIP SOLVER PARAMETERS ---
solverName = CPLEX_SOLVER
MipSolverMaxBBNodes = 2000000
MipSolverMaxTime = 360000
MipSolverMultiThread = 1
--- COLUMN GENERATION PARAMETERS ---
SolverSelectForMast = a
  colGenSubProbSolMode = customSolver
mastInitMode = localArtCol
ArtVarPenaltyUpdateFactor = 2
ArtVarMaxNbOfPenaltyUpdates = 5
MaxNbOfStagesInColGenProcedure = 3
GenerateProperColumns = false
InsertAllGeneratedColumnsInFormRatherThanInPool = true
InsertNewNonNegColumnsDirectlyInFormRatherThanInPool = true
ColumnCleanupThreshold = 10000
ColumnCleanupRatio = 0.66
ReducedCostFixingThreshold = 0.9
--- CUT GENERATION PARAMETERS ---
MasterCuttingPlanesDepthLimit = 1000
MaxNbOfCutGeneratedAtEachIter = 1000
CutTailingOffThreshold = 0.015
CutTailingOffCounterThreshold = 3
CutCleanupThreshold = 1
CutCleanupRatio = 0.66
ColGenSpRelaxationImprovementPriority = 0
--- STABILIZATION PARAMETERS ---
colGenDualPriceSmoothingAlphaFactor = 1
colGenDualPriceSmoothingBetaFactor = 0
colGenStabilizationFunctionType = none
colGenProximalStabilizationRule = undefined
StabilFuncKappa = 1
colGenStabilizationMaxTreeDepth = 10000
StabilizationMinPhaseOfStage = 0
--- PRIMAL HEURISTIC PARAMETERS ---
UseInitialPrimalHeur = false
MaxTimeForRestrictedMasterIpHeur = -1
CallFrequencyOfRestrictedMasterIpHeur = 5
MIPemphasisInRestrictedMasterIpHeur = 1
PolishingAfterTimeInRestrictedMasterIpHeur = -1
DivingHeurUseDepthLimit = -1
CallFrequencyOfDivingHeur = 1
LeastFractional
Closest2RoundUp
LeastGreedyCost
LeastCost
FixIntValBeforeRoundingHeur = true
MaxNbOfCgIteDuringRh = 5000
MaxLDSbreadth = 0
MaxLDSdepth = 0
DivingHeurStopsWithFirstFeasSol = false
DivingHeurPreprocessBeforeChoosingVar = false
StrongDivingCandidatesNumber = 1
EvalAlgParamsInDiving = max#cand. = 1 max#cg.iters = 10000 min.lvl.sp.restr. = 1 min#cut.rounds = 0 max#cut.rounds = 0 red.cost.fix&enum. = false tree.size.ratio = 1
LocalSearchHeurUseDepthLimit = -1
LeastFractional
Closest2RoundUp
LeastGreedyCost
LeastCost
MaxFactorOfColFixedByLocalSearchHeur = 0.8
MaxLocalSearchIterationCounter = 3
--- STRONG BRANCHING PARAMETERS ---
SimplifiedStrongBranchingParameterisation = true
StrongBranchingPhaseOneCandidatesNumber = 100
StrongBranchingPhaseOneTreeSizeEstimRatio = 0.2
StrongBranchingPhaseTwoCandidatesNumber = 3
StrongBranchingPhaseTwoTreeSizeEstimRatio = 0.02
SafeDualBoundScaleFactor = -1
StrongBranchingPhaseOne = max#cand. = 100 max#cg.iters = 0 min.lvl.sp.restr. = 0 min#cut.rounds = 0 max#cut.rounds = 0 red.cost.fix&enum. = false tree.size.ratio = 0.2
StrongBranchingPhaseTwo = max#cand. = 3 max#cg.iters = 10000 min.lvl.sp.restr. = 1 min#cut.rounds = 0 max#cut.rounds = 0 red.cost.fix&enum. = false tree.size.ratio = 0.02
StrongBranchingPhaseThree = max#cand. = 1 max#cg.iters = 10000 min.lvl.sp.restr. = 0 min#cut.rounds = 0 max#cut.rounds = 10000 red.cost.fix&enum. = true tree.size.ratio = 1
StrongBranchingPhaseFour =not active
--- DEBUG OUTPUT PARAMETERS ---
printMasterPrimalSols = 0
--- VRPSOLVER PARAMETERS ---
RCSPstopCutGenTimeThresholdInPricing = 10
RCSPhardTimeThresholdInPricing = 25
RCSPredCostFixingTimeThreshold = 100
RCSPnumberOfBucketsPerVertex = 25
RCSPdynamicBucketSteps = 1
RCSPuseBidirectionalSearch = 2
RCSPapplyReducedCostFixing = 1
RCSPmaxNumOfColsPerIteration = 30
RCSPmaxNumOfColsPerExactIteration = 150
RCSPmaxNumOfLabelsInEnumeration = 500000
RCSPmaxNumOfLabelsInHeurEnumeration = 0
RCSPmaxNumOfEnumeratedSolutions = 5000000
RCSPmaxNumOfEnumSolutionsForMIP = 10000
RCSPmaxNumOfEnumSolsForEndOfNodeMIP = 10000
RCSPinitNGneighbourhoodSize = 8
RCSPmaxNGneighbourhoodSize = 8
RCSPrankOneCutsMaxNumRows = 5
RCSPrankOneCutsMaxNumPerRound = 100
RCSPrankOneCutsMemoryType = 0
RCSPrankOneCutsLSnumIterations = 1000
RCSPallowRoutesWithSameVerticesSet = true
RCSPredCostFixingFalseGap = 0
SafeDualBoundScaleFactor = -1
RCSPmaxNumOfLabelsInHeurEnumeration = 0
MaxNumEnumSolsInRestrictedMasterIpHeur = 5000

prName & bcTimeMain \\ 
New model incumbent solution 1e+07, TIME = 0h0m0s55t = 55
RCSP solver info : size of non-robust cut bitmask in a label is 640 bits
Bucket steps were recalculated for graph G_0 : [30]
RCSP solver info : symmetric case is detected for graph G_0! 
Bidirectional border value is initialised to 375
RCSP solver info : number of forw. reachable buckets / buck. strongly connected components is 798( 95.9135% ) / 623( 78.0702% )
RCSP solver info: std. label size is 56, ext. label size is 136
Generating neighbourhoods for rank-1 cuts separation
Building structures for 4- and 5-row rank-1 packing cut separation...done!
Model is built TIME = 0h0m0s56t = 56
************************************************************************************************
**** BaB tree root node
**** Local DB = -1e+12, global bounds : [ -1e+12 , 1e+07 ], TIME = 0h0m0s56t = 56
**** 1 open nodes, 0 columns (0 active), 0 dyn. constrs. (0 active), 62 art. vars. (62 active)
************************************************************************************************
--------------------------------------------------------------------------
BaPCod info : first we run the root node with rank-1 cuts with node memory
--------------------------------------------------------------------------
#<DWph=2> <it=  1> <et=0.56> <Mt= 0.00> <Spt= 0.00> <nCl= 30> <al=0.00> <DB=-17999968290.0000> <Mlp=756000000.0000> <PB=10000000> 
#<DWph=2> <it=  2> <et=0.56> <Mt= 0.00> <Spt= 0.00> <nCl= 30> <al=0.55> <DB=-15392249884.8000> <Mlp=651000256.0000> <PB=10000000> 
#<DWph=2> <it=  3> <et=0.56> <Mt= 0.00> <Spt= 0.00> <nCl= 30> <al=0.45> <DB=-13047745284.8180> <Mlp=635040242.4400> <PB=10000000> 
#<DWph=2> <it=  4> <et=0.56> <Mt= 0.00> <Spt= 0.00> <nCl= 30> <al=0.51> <DB=-10925520127.3078> <Mlp=563883683.1818> <PB=10000000> 
#<DWph=2> <it=  5> <et=0.56> <Mt= 0.00> <Spt= 0.00> <nCl= 30> <al=0.55> <DB=-10437026465.7238> <Mlp=502787173.3992> <PB=10000000> 
#<DWph=2> <it=  6> <et=0.56> <Mt= 0.00> <Spt= 0.00> <nCl= 30> <al=0.45> <DB=-8827290434.4304> <Mlp=445680789.0894> <PB=10000000> 
#<DWph=2> <it=  7> <et=0.57> <Mt= 0.00> <Spt= 0.00> <nCl= 30> <al=0.51> <DB=-9954010642.9099> <Mlp=237122725.3870> <PB=10000000> 
#<DWph=2> <it=  8> <et=0.57> <Mt= 0.00> <Spt= 0.00> <nCl= 30> <al=0.56> <DB=-8446648690.3185> <Mlp=230508913.3805> <PB=10000000> 
#<DWph=2> <it=  9> <et=0.57> <Mt= 0.00> <Spt= 0.01> <nCl= 30> <al=0.60> <DB=-8520724217.5602> <Mlp=218845674.6498> <PB=10000000> 
#<DWph=2> <it= 10> <et=0.57> <Mt= 0.00> <Spt= 0.00> <nCl= 30> <al=0.64> <DB=-8038370003.6574> <Mlp=122666567.6800> <PB=10000000> 
#<DWph=2> <it= 11> <et=0.57> <Mt= 0.00> <Spt= 0.00> <nCl= 30> <al=0.54> <DB=-7101920350.4553> <Mlp=83602199.8734> <PB=10000000> 
#<DWph=2> <it= 12> <et=0.57> <Mt= 0.00> <Spt= 0.00> <nCl= 30> <al=0.44> <DB=-6495662480.4491> <Mlp=35925377.2227> <PB=10000000> 
#<DWph=2> <it= 13> <et=0.58> <Mt= 0.00> <Spt= 0.00> <nCl= 11> <al=0.50> <DB=-3059718077.2686> <Mlp=10077728.3798> <PB=10000000> 
#<DWph=2> <it= 14> <et=0.58> <Mt= 0.00> <Spt= 0.00> <nCl= 30> <al=0.40> <DB=-1001692025.9248> <Mlp=10077726.5982> <PB=10000000> 
#<DWph=2> <it= 15> <et=0.58> <Mt= 0.00> <Spt= 0.00> <nCl= 30> <al=0.30> <DB=-70692891.3348> <Mlp=10019091.9134> <PB=10000000> 
#<DWph=2> <it= 16> <et=0.58> <Mt= 0.00> <Spt= 0.00> <nCl= 30> <al=0.20> <DB=-23676067.8016> <Mlp=9965798.6754> <PB=10000000> 
<DWph=2> <it= 17> <et=0.58> <Mt= 0.00> <Spt= 0.00> <nCl= 30> <al=0.00> <DB=-42582.9121> <Mlp= 2455.6967> <PB=10000000> 
<DWph=2> <it= 18> <et=0.58> <Mt= 0.00> <Spt= 0.01> <nCl= 30> <al=0.18> <DB=-24231.0273> <Mlp= 2254.0976> <PB=10000000> 
<DWph=2> <it= 19> <et=0.59> <Mt= 0.00> <Spt= 0.00> <nCl= 30> <al=0.26> <DB=-15832.4888> <Mlp= 2021.3591> <PB=10000000> 
<DWph=2> <it= 20> <et=0.59> <Mt= 0.00> <Spt= 0.00> <nCl= 30> <al=0.33> <DB=-18882.5615> <Mlp= 1878.2221> <PB=10000000> 
<DWph=2> <it= 21> <et=0.59> <Mt= 0.00> <Spt= 0.00> <nCl= 30> <al=0.40> <DB=-11270.8538> <Mlp= 1827.8047> <PB=10000000> 
<DWph=2> <it= 22> <et=0.59> <Mt= 0.00> <Spt= 0.00> <nCl= 30> <al=0.46> <DB=-13065.0967> <Mlp= 1726.3530> <PB=10000000> 
<DWph=2> <it= 23> <et=0.59> <Mt= 0.00> <Spt= 0.00> <nCl= 30> <al=0.51> <DB=-7177.6943> <Mlp= 1646.5425> <PB=10000000> 
<DWph=2> <it= 24> <et=0.60> <Mt= 0.00> <Spt= 0.00> <nCl= 30> <al=0.41> <DB=-5774.9783> <Mlp= 1585.5940> <PB=10000000> 
<DWph=2> <it= 25> <et=0.60> <Mt= 0.01> <Spt= 0.00> <nCl= 30> <al=0.47> <DB=-4712.3984> <Mlp= 1545.9513> <PB=10000000> 
<DWph=2> <it= 26> <et=0.60> <Mt= 0.00> <Spt= 0.01> <nCl= 30> <al=0.53> <DB=-5848.6388> <Mlp= 1472.1060> <PB=10000000> 
<DWph=2> <it= 27> <et=0.60> <Mt= 0.00> <Spt= 0.00> <nCl= 30> <al=0.57> <DB=-3226.4961> <Mlp= 1435.7601> <PB=10000000> 
<DWph=2> <it= 28> <et=0.61> <Mt= 0.00> <Spt= 0.00> <nCl= 30> <al=0.62> <DB=-2310.3779> <Mlp= 1421.1106> <PB=10000000> 
<DWph=2> <it= 29> <et=0.61> <Mt= 0.00> <Spt= 0.00> <nCl= 30> <al=0.52> <DB=-2023.8246> <Mlp= 1404.7740> <PB=10000000> 
<DWph=2> <it= 30> <et=0.61> <Mt= 0.00> <Spt= 0.00> <nCl= 30> <al=0.56> <DB= -646.1698> <Mlp= 1366.9439> <PB=10000000> 
<DWph=2> <it= 31> <et=0.61> <Mt= 0.00> <Spt= 0.01> <nCl= 27> <al=0.61> <DB= -305.5584> <Mlp= 1341.7304> <PB=10000000> 
<DWph=2> <it= 32> <et=0.61> <Mt= 0.00> <Spt= 0.00> <nCl= 30> <al=0.51> <DB=-1747.3263> <Mlp= 1338.9259> <PB=10000000> 
<DWph=2> <it= 33> <et=0.62> <Mt= 0.00> <Spt= 0.00> <nCl= 30> <al=0.56> <DB= -895.4087> <Mlp= 1338.9259> <PB=10000000> 
<DWph=2> <it= 34> <et=0.62> <Mt= 0.00> <Spt= 0.00> <nCl= 30> <al=0.60> <DB=  269.2357> <Mlp= 1338.9259> <PB=10000000> 
<DWph=2> <it= 35> <et=0.62> <Mt= 0.00> <Spt= 0.00> <nCl= 30> <al=0.50> <DB= -367.8062> <Mlp= 1334.1456> <PB=10000000> 
<DWph=2> <it= 36> <et=0.62> <Mt= 0.00> <Spt= 0.00> <nCl= 30> <al=0.55> <DB=  317.8387> <Mlp= 1333.9727> <PB=10000000> 
<DWph=2> <it= 37> <et=0.62> <Mt= 0.00> <Spt= 0.00> <nCl= 28> <al=0.60> <DB=  731.4669> <Mlp= 1324.2600> <PB=10000000> 
<DWph=2> <it= 38> <et=0.63> <Mt= 0.00> <Spt= 0.00> <nCl= 30> <al=0.64> <DB=  722.5801> <Mlp= 1318.4643> <PB=10000000> 
<DWph=2> <it= 39> <et=0.63> <Mt= 0.00> <Spt= 0.01> <nCl= 30> <al=0.54> <DB=   97.5630> <Mlp= 1313.5142> <PB=10000000> 
<DWph=2> <it= 40> <et=0.63> <Mt= 0.00> <Spt= 0.00> <nCl= 29> <al=0.44> <DB=  674.0740> <Mlp= 1308.9974> <PB=10000000> 
<DWph=2> <it= 41> <et=0.63> <Mt= 0.00> <Spt= 0.00> <nCl= 29> <al=0.49> <DB= 1060.7887> <Mlp= 1308.9974> <PB=10000000> 
<DWph=2> <it= 42> <et=0.63> <Mt= 0.01> <Spt= 0.00> <nCl= 30> <al=0.39> <DB= 1035.2609> <Mlp= 1307.2529> <PB=10000000> 
<DWph=2> <it= 43> <et=0.64> <Mt= 0.00> <Spt= 0.00> <nCl= 30> <al=0.45> <DB= 1263.8899> <Mlp= 1306.1944> <PB=10000000> 
<DWph=2> <it= 44> <et=0.64> <Mt= 0.00> <Spt= 0.00> <nCl= 28> <al=0.35> <DB= 1117.1087> <Mlp= 1304.1157> <PB=10000000> 
<DWph=2> <it= 45> <et=0.64> <Mt= 0.00> <Spt= 0.00> <nCl= 29> <al=0.42> <DB=  967.8881> <Mlp= 1300.9957> <PB=10000000> 
<DWph=2> <it= 46> <et=0.64> <Mt= 0.00> <Spt= 0.01> <nCl= 18> <al=0.48> <DB= 1278.7053> <Mlp= 1299.9474> <PB=10000000> 
<DWph=2> <it= 47> <et=0.64> <Mt= 0.00> <Spt= 0.00> <nCl= 18> <al=0.53> <DB= 1282.3467> <Mlp= 1299.6375> <PB=10000000> 
<DWph=2> <it= 48> <et=0.65> <Mt= 0.00> <Spt= 0.00> <nCl= 26> <al=0.58> <DB= 1059.4364> <Mlp= 1298.4808> <PB=10000000> 
<DWph=2> <it= 49> <et=0.65> <Mt= 0.00> <Spt= 0.00> <nCl= 19> <al=0.62> <DB= 1265.9690> <Mlp= 1295.7831> <PB=10000000> 
<DWph=2> <it= 50> <et=0.65> <Mt= 0.00> <Spt= 0.00> <nCl= 18> <al=0.66> <DB= 1278.8043> <Mlp= 1295.5731> <PB=10000000> 
<DWph=2> <it= 51> <et=0.65> <Mt= 0.00> <Spt= 0.00> <nCl= 17> <al=0.56> <DB= 1276.0369> <Mlp= 1295.1257> <PB=10000000> 
<DWph=2> <it= 52> <et=0.65> <Mt= 0.00> <Spt= 0.00> <nCl= 12> <al=0.60> <DB= 1292.8855> <Mlp= 1294.9157> <PB=10000000> 
<DWph=2> <it= 53> <et=0.66> <Mt= 0.00> <Spt= 0.01> <nCl= 23> <al=0.50> <DB= 1271.6740> <Mlp= 1294.9048> <PB=10000000> 
<DWph=2> <it= 54> <et=0.66> <Mt= 0.00> <Spt= 0.00> <nCl=  0> <al=0.55> <DB= 1271.6740> <Mlp= 1292.5949> <PB=10000000> 
<DWph=1> <it= 55> <et=0.66> <Mt= 0.00> <Spt= 0.00> <nCl= 20> <al=0.55> <DB= 1103.3768> <Mlp= 1292.5949> <PB=10000000> 
<DWph=1> <it= 56> <et=0.66> <Mt= 0.00> <Spt= 0.00> <nCl= 19> <al=0.60> <DB= 1250.5190> <Mlp= 1292.1098> <PB=10000000> 
<DWph=1> <it= 57> <et=0.66> <Mt= 0.00> <Spt= 0.00> <nCl= 13> <al=0.64> <DB= 1266.8565> <Mlp= 1289.0000> <PB=10000000> 
<DWph=1> <it= 58> <et=0.67> <Mt= 0.00> <Spt= 0.00> <nCl= 19> <al=0.54> <DB= 1275.2247> <Mlp= 1289.0000> <PB=10000000> 
<DWph=1> <it= 59> <et=0.67> <Mt= 0.00> <Spt= 0.01> <nCl= 19> <al=0.58> <DB= 1270.7509> <Mlp= 1288.6000> <PB=10000000> 
<DWph=1> <it= 60> <et=0.67> <Mt= 0.00> <Spt= 0.00> <nCl=  7> <al=0.62> <DB= 1280.1673> <Mlp= 1288.3784> <PB=10000000> 
<DWph=1> <it= 61> <et=0.68> <Mt= 0.00> <Spt= 0.00> <nCl=  5> <al=0.52> <DB= 1277.0428> <Mlp= 1288.3784> <PB=10000000> 
<DWph=1> <it= 62> <et=0.68> <Mt= 0.00> <Spt= 0.00> <nCl= 11> <al=0.42> <DB= 1278.0224> <Mlp= 1288.3784> <PB=10000000> 
<DWph=1> <it= 63> <et=0.68> <Mt= 0.00> <Spt= 0.01> <nCl=  3> <al=0.48> <DB= 1283.8805> <Mlp= 1288.3784> <PB=10000000> 
<DWph=1> <it= 64> <et=0.68> <Mt= 0.01> <Spt= 0.00> <nCl=  5> <al=0.38> <DB= 1286.1039> <Mlp= 1288.3784> <PB=10000000> 
<DWph=1> <it= 65> <et=0.69> <Mt= 0.00> <Spt= 0.00> <nCl=  3> <al=0.44> <DB= 1285.8323> <Mlp= 1288.3784> <PB=10000000> 
<DWph=1> <it= 66> <et=0.69> <Mt= 0.00> <Spt= 0.01> <nCl=  6> <al=0.00> <DB= 1280.1081> <Mlp= 1288.3784> <PB=10000000> 
<DWph=1> <it= 67> <et=0.70> <Mt= 0.00> <Spt= 0.00> <nCl= 10> <al=0.40> <DB= 1278.4743> <Mlp= 1288.2308> <PB=10000000> 
<DWph=1> <it= 68> <et=0.70> <Mt= 0.00> <Spt= 0.00> <nCl=  8> <al=0.46> <DB= 1284.2674> <Mlp= 1287.7941> <PB=10000000> 
<DWph=1> <it= 69> <et=0.70> <Mt= 0.00> <Spt= 0.01> <nCl= 14> <al=0.03> <DB= 1278.9128> <Mlp= 1287.7941> <PB=10000000> 
<DWph=1> <it= 70> <et=0.71> <Mt= 0.00> <Spt= 0.00> <nCl= 10> <al=0.00> <DB= 1280.6471> <Mlp= 1287.7941> <PB=10000000> 
<DWph=1> <it= 71> <et=0.71> <Mt= 0.00> <Spt= 0.01> <nCl=  3> <al=0.00> <DB= 1287.7941> <Mlp= 1287.7941> <PB=10000000> 
    RCSP exact solver info for graph G_0 : TT = 0.004407, pt = 8e-06, dt = 0.003842, ct = 0.000275, ndl = 1892', bdl = 37292', odl = 2709', odf = 18773', bsi = 1300', cnt = 11529', bdch = 329250', odch = 43981', lcp = 31232', #sols = 150
<DWph=0> <it= 72> <et=0.72> <Mt= 0.00> <Spt= 0.00> <nCl=150> <al=0.21> <DB= 1026.2647> <Mlp= 1287.7941> <PB=10000000> 
    RCSP exact solver info for graph G_0 : TT = 0.004705, pt = 1.8e-05, dt = 0.004037, ct = 0.000305, ndl = 2135', bdl = 41010', odl = 3006', odf = 22024', bsi = 1302', cnt = 15234', bdch = 400186', odch = 61462', lcp = 37345', #sols = 150
<DWph=0> <it= 73> <et=0.73> <Mt= 0.00> <Spt= 0.01> <nCl=104> <al=0.11> <DB= 1271.6473> <Mlp= 1286.3542> <PB=10000000> 
    RCSP exact solver info for graph G_0 : TT = 0.005083, pt = 1.5e-05, dt = 0.004393, ct = 0.000303, ndl = 2129', bdl = 41322', odl = 3059', odf = 22038', bsi = 1315', cnt = 15019', bdch = 407082', odch = 60409', lcp = 38506', #sols = 150
<DWph=0> <it= 74> <et=0.74> <Mt= 0.00> <Spt= 0.01> <nCl= 68> <al=0.20> <DB= 1280.9570> <Mlp= 1284.4545> <PB=10000000> 
    RCSP exact solver info for graph G_0 : TT = 0.004863, pt = 1.8e-05, dt = 0.004183, ct = 0.000354, ndl = 2133', bdl = 41446', odl = 3014', odf = 21408', bsi = 1346', cnt = 15007', bdch = 406756', odch = 59946', lcp = 38488', #sols = 150
    RCSP exact solver info for graph G_0 : TT = 0.004753, pt = 1.7e-05, dt = 0.004051, ct = 0.000328, ndl = 2001', bdl = 38970', odl = 2952', odf = 20567', bsi = 1336', cnt = 13485', bdch = 367758', odch = 54701', lcp = 35656', #sols = 150
<DWph=0> <it= 75> <et=0.75> <Mt= 0.00> <Spt= 0.01> <nCl= 31> <al=0.00> <DB= 1284.4545> <Mlp= 1284.4545> <PB=10000000> 
RCSP solver dynamic params and stats :  bidir.bord. = 375 aver.obdmd = 23.9688 aver.buck.num. = 26
@@ 1 0 1284.45 0.0044142 0.004696 91.4853 0.75
RCSP      solver labels distribution in 298 buckets (bucket size) : largest - 30, top 0.1% - 30, top 0.5% - 29, top 2% - 25, top 10% - 15, top 50% - 5
Reduced cost fixing for graph G_0...  TT = 0.008394, pt = 0.00064, dt = 0.007693, ct = 0, ndl = 4668', bdl = 62219', odl = 3691', odf = 44303', lpcb = 6780', cnt = 166294', bdch = 580542', odch = 150934', lcp = 61617'
20927 buck. arcs remain (98.8% from prev., 90.4% from max.) + 0 jump buck. arcs (0% from max.)
 TT = 0.017639, pt = 0.00064, dt = 0.007693, ct = 0.009183, ndl = 4668', bdl = 62219', odl = 3691', odf = 44303', lpcb = 6780', cnt = 192404', bdch = 580542', odch = 150934', lcp = 61617'
RCSP      solver labels distribution in 616 buckets (bucket size) : largest - 41, top 0.1% - 41, top 0.5% - 38, top 2% - 26, top 10% - 17, top 50% - 5
Run forward enumeration with border = 375... not succeeded (ratio 0.936702) lpt = 0.03468, ndl = 50017', dl = 36399', lpcb = 0', dch = 185196'
 TT = 0.044137, pt = 0.006851, dt = 0.03468, ct = 0, ndl = 50017', bdl = 36399', cnt = 292803', bdch = 185196', odch = 0', lcp = 0'
ColGenEvalAlg final dual bound: 1284.45 (rounded: 1285)
In total 2 RCC cut(s) are found by the connected components heuristic 
Shrinking heuristic shrunk 19 edges
In total 2 RCC cut(s) are found by the Fractional capacity min-cut heuristic 
In total 3 RCC cut(s) are found by the greedy construction heuristic 
----- Add fac. cuts : CAP(7), max.viol = 0.818182, aver.viol = 0.493506, sep/add took 0.00118977/0.00885696 sec. -----
2000 columns (2000 active), 7 dyn. constrs. (7 active), 69 art. vars. (69 active)
<DWph=2> <it=  1> <et=0.84> <Mt= 0.00> <Spt= 0.00> <nCl= 30> <al=0.50> <DB= 1286.1667> <Mlp= 1305.3333> <PB=10000000> 
<DWph=2> <it=  2> <et=0.84> <Mt= 0.00> <Spt= 0.01> <nCl= 25> <al=0.55> <DB= 1293.7417> <Mlp= 1303.0000> <PB=10000000> 
<DWph=2> <it=  3> <et=0.84> <Mt= 0.00> <Spt= 0.00> <nCl= 22> <al=0.45> <DB= 1291.8221> <Mlp= 1301.3333> <PB=10000000> 
<DWph=2> <it=  4> <et=0.85> <Mt= 0.01> <Spt= 0.00> <nCl= 10> <al=0.51> <DB= 1294.9356> <Mlp= 1300.3548> <PB=10000000> 
<DWph=2> <it=  5> <et=0.85> <Mt= 0.00> <Spt= 0.00> <nCl= 10> <al=0.41> <DB= 1298.0516> <Mlp= 1300.2857> <PB=10000000> 
<DWph=2> <it=  6> <et=0.85> <Mt= 0.00> <Spt= 0.00> <nCl= 12> <al=0.31> <DB= 1297.4605> <Mlp= 1300.1429> <PB=10000000> 
<DWph=2> <it=  7> <et=0.85> <Mt= 0.00> <Spt= 0.00> <nCl=  4> <al=0.00> <DB= 1296.8947> <Mlp= 1300.1429> <PB=10000000> 
<DWph=2> <it=  8> <et=0.86> <Mt= 0.00> <Spt= 0.01> <nCl=  1> <al=0.00> <DB= 1300.1429> <Mlp= 1300.1429> <PB=10000000> 
<DWph=1> <it=  9> <et=0.86> <Mt= 0.00> <Spt= 0.00> <nCl= 23> <al=0.17> <DB= 1145.0000> <Mlp= 1300.1429> <PB=10000000> 
<DWph=1> <it= 10> <et=0.86> <Mt= 0.00> <Spt= 0.00> <nCl= 18> <al=0.07> <DB= 1292.1565> <Mlp= 1299.4098> <PB=10000000> 
<DWph=1> <it= 11> <et=0.87> <Mt= 0.00> <Spt= 0.01> <nCl=  7> <al=0.00> <DB= 1290.6162> <Mlp= 1299.1919> <PB=10000000> 
<DWph=1> <it= 12> <et=0.87> <Mt= 0.00> <Spt= 0.00> <nCl=  6> <al=0.08> <DB= 1293.3402> <Mlp= 1299.1429> <PB=10000000> 
<DWph=1> <it= 13> <et=0.87> <Mt= 0.00> <Spt= 0.00> <nCl=  3> <al=0.17> <DB= 1294.7912> <Mlp= 1299.1429> <PB=10000000> 
<DWph=1> <it= 14> <et=0.88> <Mt= 0.00> <Spt= 0.00> <nCl= 10> <al=0.00> <DB= 1299.0000> <Mlp= 1299.0000> <PB=10000000> 
    RCSP exact solver info for graph G_0 : TT = 0.003745, pt = 8e-06, dt = 0.003294, ct = 0.000199, ndl = 1658', bdl = 33526', odl = 2749', odf = 20060', bsi = 1099', cnt = 8293', bdch = 271199', odch = 44600', lcp = 24997', #sols = 150
<DWph=0> <it= 15> <et=0.89> <Mt= 0.00> <Spt= 0.01> <nCl= 84> <al=0.15> <DB= 1298.0000> <Mlp= 1299.0000> <PB=10000000> 
    RCSP exact solver info for graph G_0 : TT = 0.003671, pt = 1.9e-05, dt = 0.003182, ct = 0.000195, ndl = 1658', bdl = 33603', odl = 2751', odf = 20040', bsi = 1080', cnt = 8484', bdch = 272285', odch = 44748', lcp = 25052', #sols = 150
    RCSP exact solver info for graph G_0 : TT = 0.003494, pt = 1.6e-05, dt = 0.00301, ct = 0.000206, ndl = 1647', bdl = 33398', odl = 2756', odf = 20349', bsi = 1079', cnt = 8466', bdch = 269118', odch = 45023', lcp = 24795', #sols = 150
<DWph=0> <it= 16> <et=0.90> <Mt= 0.00> <Spt= 0.01> <nCl= 19> <al=0.00> <DB= 1299.0000> <Mlp= 1299.0000> <PB=10000000> 
RCSP solver dynamic params and stats :  bidir.bord. = 375 aver.obdmd = 23.9688 aver.buck.num. = 26
@@ 1 1 1299 0.003362 0.003493 90.3584 0.9
    Full reduced cost fixing is not called (gap ratio is 0.999999)
ColGenEvalAlg final dual bound: 1299 (rounded: 1299)
False gap improvement since the last cut separation : 0.113242 (1284.45)
Current active cuts : CAP(3,102.667)
Shrinking heuristic shrunk 15 edges
In total 1 RCC cut(s) are found by the Fractional capacity min-cut heuristic 
----- Add fac. cuts : CAP(1), max.viol = 0.4, aver.viol = 0.4, sep/add took 0.000471377/0.0016802 sec. -----
2284 columns (2284 active), 8 dyn. constrs. (4 active), 70 art. vars. (66 active)
<DWph=2> <it=  1> <et=0.90> <Mt= 0.00> <Spt= 0.00> <nCl= 16> <al=0.50> <DB= 1298.5714> <Mlp= 1299.0893> <PB=10000000> 
<DWph=2> <it=  2> <et=0.91> <Mt= 0.01> <Spt= 0.01> <nCl= 29> <al=0.00> <DB= 1299.0513> <Mlp= 1299.0513> <PB=10000000> 
<DWph=1> <it=  3> <et=0.91> <Mt= 0.00> <Spt= 0.00> <nCl=  4> <al=0.00> <DB= 1299.0513> <Mlp= 1299.0513> <PB=10000000> 
    RCSP exact solver info for graph G_0 : TT = 0.003545, pt = 7e-06, dt = 0.00309, ct = 0.000203, ndl = 1689', bdl = 34267', odl = 2753', odf = 20598', bsi = 1087', cnt = 8856', bdch = 280118', odch = 46551', lcp = 25661', #sols = 150
<DWph=0> <it=  4> <et=0.92> <Mt= 0.00> <Spt= 0.01> <nCl= 22> <al=0.35> <DB= 1298.0359> <Mlp= 1299.0513> <PB=10000000> 
    RCSP exact solver info for graph G_0 : TT = 0.003513, pt = 1.4e-05, dt = 0.003061, ct = 0.00019, ndl = 1669', bdl = 33945', odl = 2766', odf = 20610', bsi = 1081', cnt = 8606', bdch = 278162', odch = 45806', lcp = 25563', #sols = 150
    RCSP exact solver info for graph G_0 : TT = 0.00404, pt = 1.7e-05, dt = 0.003554, ct = 0.000206, ndl = 1676', bdl = 34056', odl = 2769', odf = 20657', bsi = 1098', cnt = 8617', bdch = 278539', odch = 45991', lcp = 25671', #sols = 150
<DWph=0> <it=  5> <et=0.93> <Mt= 0.00> <Spt= 0.01> <nCl= 16> <al=0.00> <DB= 1299.0325> <Mlp= 1299.0325> <PB=10000000> 
RCSP solver dynamic params and stats :  bidir.bord. = 375 aver.obdmd = 23.9688 aver.buck.num. = 26
@@ 1 2 1299.03 0.00343467 0.00376 90.3584 0.93
    Full reduced cost fixing is not called (gap ratio is 0.999999)
ColGenEvalAlg final dual bound: 1299.03 (rounded: 1300)
False gap improvement since the last cut separation : 0.000250349 (1299)
Cut generation tailing off counter increased to 1
Current active cuts : CAP(3,97.8618)
In total 1 RCC cut(s) are found by the connected components heuristic 
Shrinking heuristic shrunk 12 edges
----- Add fac. cuts : CAP(1), max.viol = 0.0731707, aver.viol = 0.0731707, sep/add took 0.000760724/0.00150558 sec. -----
2371 columns (2371 active), 5 dyn. constrs. (4 active), 71 art. vars. (66 active)
<DWph=2> <it=  1> <et=0.94> <Mt= 0.00> <Spt= 0.00> <nCl= 12> <al=0.00> <DB= 1299.1667> <Mlp= 1299.1667> <PB=10000000> 
<DWph=1> <it=  2> <et=0.94> <Mt= 0.00> <Spt= 0.00> <nCl=  3> <al=0.00> <DB= 1299.1667> <Mlp= 1299.1667> <PB=10000000> 
    RCSP exact solver info for graph G_0 : TT = 0.003364, pt = 7e-06, dt = 0.002929, ct = 0.000193, ndl = 1611', bdl = 32348', odl = 2680', odf = 20292', bsi = 1059', cnt = 8152', bdch = 255619', odch = 43163', lcp = 23963', #sols = 150
    RCSP exact solver info for graph G_0 : TT = 0.003425, pt = 1.6e-05, dt = 0.002963, ct = 0.000189, ndl = 1611', bdl = 32348', odl = 2680', odf = 20292', bsi = 1059', cnt = 8152', bdch = 255619', odch = 43163', lcp = 23963', #sols = 150
<DWph=0> <it=  3> <et=0.96> <Mt= 0.00> <Spt= 0.01> <nCl= 17> <al=0.00> <DB= 1299.1667> <Mlp= 1299.1667> <PB=10000000> 
RCSP solver dynamic params and stats :  bidir.bord. = 375 aver.obdmd = 23.9688 aver.buck.num. = 26
@@ 1 3 1299.17 0.003137 0.003152 90.3584 0.96
    Full reduced cost fixing is not called (gap ratio is 0.999999)
ColGenEvalAlg final dual bound: 1299.17 (rounded: 1300)
False gap improvement since the last cut separation : 0.00103266 (1299.03)
Cut generation tailing off counter increased to 2
Current active cuts : CAP(4,129.417)
Shrinking heuristic shrunk 15 edges
150 Rank-1 3-rows pack. cuts added ,  max viol. = 0.333333, aver. viol. = 0.333333
----- Add fac. cuts : R1C(150), max.viol = 0.333333, aver.viol = 0.333333, sep/add took 0.00106482/0.139522 sec. -----
2403 columns (2403 active), 154 dyn. constrs. (154 active), 221 art. vars. (216 active)
Shrinking heuristic shrunk 26 edges
<DWph=2> <it=  1> <et=1.11> <Mt= 0.00> <Spt= 0.01> <nCl= 19> <al=0.50> <DB= 1296.7437> <Mlp= 1307.0000> <PB=1307> 
<DWph=2> <it=  2> <et=1.12> <Mt= 0.01> <Spt= 0.00> <nCl= 21> <al=0.55> <DB= 1294.5917> <Mlp= 1307.0000> <PB=1307> 
<DWph=2> <it=  3> <et=1.12> <Mt= 0.00> <Spt= 0.00> <nCl=  6> <al=0.60> <DB= 1302.3392> <Mlp= 1307.0000> <PB=1307> 
<DWph=2> <it=  4> <et=1.13> <Mt= 0.00> <Spt= 0.01> <nCl= 19> <al=0.64> <DB= 1253.8209> <Mlp= 1307.0000> <PB=1307> 
<DWph=2> <it=  5> <et=1.13> <Mt= 0.00> <Spt= 0.00> <nCl= 10> <al=0.67> <DB= 1072.3877> <Mlp= 1307.0000> <PB=1307> 
<DWph=2> <it=  6> <et=1.14> <Mt= 0.01> <Spt= 0.00> <nCl=  9> <al=0.70> <DB= 1181.4749> <Mlp= 1307.0000> <PB=1307> 
<DWph=2> <it=  7> <et=1.14> <Mt= 0.00> <Spt= 0.00> <nCl=  0> <al=0.73> <DB= 1181.4749> <Mlp= 1301.0000> <PB=1307> 
<DWph=1> <it=  8> <et=1.15> <Mt= 0.00> <Spt= 0.01> <nCl= 23> <al=0.73> <DB= 1248.1093> <Mlp= 1301.0000> <PB=1307> 
<DWph=1> <it=  9> <et=1.16> <Mt= 0.01> <Spt= 0.01> <nCl= 27> <al=0.76> <DB= 1263.5895> <Mlp= 1301.0000> <PB=1307> 
<DWph=1> <it= 10> <et=1.17> <Mt= 0.00> <Spt= 0.00> <nCl= 16> <al=0.78> <DB= 1212.9922> <Mlp= 1301.0000> <PB=1307> 
<DWph=1> <it= 11> <et=1.18> <Mt= 0.00> <Spt= 0.01> <nCl= 13> <al=0.81> <DB= 1244.2655> <Mlp= 1301.0000> <PB=1307> 
<DWph=1> <it= 12> <et=1.19> <Mt= 0.01> <Spt= 0.00> <nCl=  5> <al=0.71> <DB= 1239.7670> <Mlp= 1301.0000> <PB=1307> 
<DWph=1> <it= 13> <et=1.19> <Mt= 0.00> <Spt= 0.01> <nCl= 11> <al=0.61> <DB= 1298.5840> <Mlp= 1301.0000> <PB=1307> 
<DWph=1> <it= 14> <et=1.20> <Mt= 0.00> <Spt= 0.00> <nCl= 10> <al=0.65> <DB= 1231.9669> <Mlp= 1301.0000> <PB=1307> 
<DWph=1> <it= 15> <et=1.21> <Mt= 0.00> <Spt= 0.01> <nCl= 10> <al=0.68> <DB= 1282.5628> <Mlp= 1301.0000> <PB=1307> 
<DWph=1> <it= 16> <et=1.21> <Mt= 0.00> <Spt= 0.00> <nCl=  6> <al=0.71> <DB= 1270.5830> <Mlp= 1301.0000> <PB=1307> 
<DWph=1> <it= 17> <et=1.23> <Mt= 0.01> <Spt= 0.01> <nCl= 21> <al=0.23> <DB= 1251.6308> <Mlp= 1301.0000> <PB=1307> 
<DWph=1> <it= 18> <et=1.24> <Mt= 0.00> <Spt= 0.01> <nCl= 20> <al=0.00> <DB= 1301.0000> <Mlp= 1301.0000> <PB=1307> 
    RCSP exact solver info for graph G_0 : TT = 0.009037, pt = 7.2e-05, dt = 0.007946, ct = 0.000698, ndl = 3108', bdl = 58676', odl = 3593', odf = 30950', bsi = 1197', cnt = 53539', bdch = 703875', odch = 122325', lcp = 65166', #sols = 150
<DWph=0> <it= 19> <et=1.27> <Mt= 0.00> <Spt= 0.03> <nCl=150> <al=0.41> <DB= 1031.4874> <Mlp= 1301.0000> <PB=1307> 
    RCSP exact solver info for graph G_0 : TT = 0.008499, pt = 0.000116, dt = 0.007363, ct = 0.000588, ndl = 2925', bdl = 57001', odl = 3657', odf = 29329', bsi = 1181', cnt = 37151', bdch = 690365', odch = 104837', lcp = 62073', #sols = 150
<DWph=0> <it= 20> <et=1.30> <Mt= 0.01> <Spt= 0.02> <nCl= 91> <al=0.47> <DB= 1163.4516> <Mlp= 1301.0000> <PB=1307> 
    RCSP exact solver info for graph G_0 : TT = 0.007796, pt = 8.6e-05, dt = 0.006866, ct = 0.000492, ndl = 2883', bdl = 57031', odl = 3450', odf = 27863', bsi = 1195', cnt = 33997', bdch = 656176', odch = 100889', lcp = 58190', #sols = 150
<DWph=0> <it= 21> <et=1.32> <Mt= 0.00> <Spt= 0.02> <nCl= 35> <al=0.37> <DB= 1269.8637> <Mlp= 1301.0000> <PB=1307> 
    RCSP exact solver info for graph G_0 : TT = 0.008069, pt = 9.6e-05, dt = 0.007086, ct = 0.000519, ndl = 2884', bdl = 56483', odl = 3403', odf = 27927', bsi = 1202', cnt = 34343', bdch = 640830', odch = 101562', lcp = 56415', #sols = 150
<DWph=0> <it= 22> <et=1.33> <Mt= 0.00> <Spt= 0.01> <nCl= 20> <al=0.43> <DB= 1298.1478> <Mlp= 1301.0000> <PB=1307> 
    RCSP exact solver info for graph G_0 : TT = 0.008548, pt = 7.8e-05, dt = 0.007542, ct = 0.000561, ndl = 2889', bdl = 56541', odl = 3367', odf = 27904', bsi = 1196', cnt = 35863', bdch = 640296', odch = 101478', lcp = 55977', #sols = 150
<DWph=0> <it= 23> <et=1.34> <Mt= 0.00> <Spt= 0.01> <nCl=  4> <al=0.33> <DB= 1300.0459> <Mlp= 1301.0000> <PB=1307> 
    RCSP exact solver info for graph G_0 : TT = 0.008002, pt = 0.0001, dt = 0.006937, ct = 0.000512, ndl = 2887', bdl = 56541', odl = 3358', odf = 27874', bsi = 1212', cnt = 35841', bdch = 639839', odch = 101144', lcp = 56232', #sols = 150
    RCSP exact solver info for graph G_0 : TT = 0.00527, pt = 7.5e-05, dt = 0.004456, ct = 0.000405, ndl = 2238', bdl = 43502', odl = 3084', odf = 23919', bsi = 1176', cnt = 21578', bdch = 410160', odch = 68320', lcp = 39257', #sols = 150
<DWph=0> <it= 24> <et=1.37> <Mt= 0.01> <Spt= 0.02> <nCl= 19> <al=0.00> <DB= 1301.0000> <Mlp= 1301.0000> <PB=1307> 
RCSP solver dynamic params and stats :  bidir.bord. = 375 aver.obdmd = 23.9688 aver.buck.num. = 26 nbR1C = 6 with avMem = 8.83333
@@ 1 4 1301 0.00742443 0.008644 90.3584 1.37
RCSP      solver labels distribution in 301 buckets (bucket size) : largest - 33, top 0.1% - 33, top 0.5% - 29, top 2% - 26, top 10% - 17, top 50% - 5
Reduced cost fixing for graph G_0...  TT = 0.003014, pt = 0.000645, dt = 0.002285, ct = 0, ndl = 3878', bdl = 10315', odl = 863', odf = 21912', lpcb = 40620', cnt = 22173', bdch = 88025', odch = 63132', lcp = 10021'
2642 buck. arcs remain (12.6% from prev., 11.4% from max.) + 1119 jump buck. arcs (4.83% from max.)
 TT = 0.007103, pt = 0.000645, dt = 0.002285, ct = 0.004047, ndl = 3878', bdl = 10315', odl = 863', odf = 21912', lpcb = 40620', cnt = 112433', bdch = 88025', odch = 63132', lcp = 10021'
RCSP      solver labels distribution in 553 buckets (bucket size) : largest - 36, top 0.1% - 36, top 0.5% - 29, top 2% - 26, top 10% - 16, top 50% - 5
Run forward enumeration with border = 375... succeeded! lpt = 0.010666, ndl = 1491', dl = 58', lpcb = 4209', dch = 554'
Run enumeration concatenation with time limit 0.3 sec.... succeeded!
Sorting and storing enumerated solutions ... done!
 TT = 0.013339, pt = 0, dt = 0.010666, ct = 0.000383, ndl = 1491', bdl = 58', lpcb = 4209', cnt = 43797', bdch = 554', odch = 0', lcp = 0'
Enumeration succeeded!, number of elem. solutions is 500
Estimating inspection time...     TT = 0.000123, performed by inspection with 500 solutions, nbR1C = 6, nbDiscC = 0
Inspection time is low enough. Pricing will be done by inspection.
Added 446 columns in the formulation 
Removed 2522 columns (not in the enumerated set) from the formulation
Regenerated 446 columns with the 'enumerated' flag
Added 351 columns in the formulation 
ColGenEvalAlg final dual bound: 1301 (rounded: 1301)
Gap improvement since the last cut separation : 0.234043 (1299.17)
Current active cuts : CAP(2,136.311) R1C(6,31.0718) 3rowPackR1C(6)
----- Terminating the node by MIP -----
Version identifier: 22.1.2.0 | 2024-11-26 | 0edbb82fd
CPXPARAM_Advance                                 0
CPXPARAM_Preprocessing_Linear                    0
CPXPARAM_Threads                                 1
CPXPARAM_MIP_Strategy_CallbackReducedLP          0
CPXPARAM_MIP_Limits_Nodes                        2000000
CPXPARAM_Simplex_Tolerances_Optimality           9.9999999999999995e-08
CPXPARAM_Simplex_Tolerances_Feasibility          9.9999999999999995e-08
CPXPARAM_TimeLimit                               360000
CPXPARAM_MIP_Tolerances_UpperCutoff              1306.0000010000001
CPXPARAM_MIP_Tolerances_MIPGap                   1.0000000000000001e-09
Legacy callback                                  L
Warning: Control callbacks may disable some MIP features.
Tried aggregator 1 time.
MIP Presolve eliminated 171 rows and 744 columns.
MIP Presolve modified 13693 coefficients.
Reduced MIP has 15 rows, 53 columns, and 299 nonzeros.
Reduced MIP has 53 binaries, 0 generals, 0 SOSs, and 0 indicators.
Presolve time = 0.02 sec. (44.66 ticks)
Probing time = 0.00 sec. (0.16 ticks)
Clique table members: 102.
MIP emphasis: balance optimality and feasibility.
MIP search method: traditional branch-and-cut.
Parallel mode: none, using 1 thread.
Root relaxation solution time = 0.00 sec. (0.07 ticks)
Shrinking heuristic shrunk 27 edges

        Nodes                                         Cuts/
   Node  Left     Objective  IInf  Best Integer    Best Bound    ItCnt     Gap         Variable B NodeID Parent  Depth

*     0     0      integral     0     1301.0000     1301.0000       11    0.00%                        0             0
Elapsed time = 0.02 sec. (45.03 ticks, tree = 0.00 MB, solutions = 1)

Root node processing (before b&c):
  Real time             =    0.02 sec. (45.05 ticks)
Sequential b&c:
  Real time             =    0.00 sec. (0.00 ticks)
                          ------------
Total (root+branch&cut) =    0.02 sec. (45.05 ticks)
Solution status = Optimum
Shrinking heuristic shrunk 27 edges
New model incumbent solution 1301, TIME = 0h0m1s50t = 150
************************************************************************************************
Search is finished, global bounds : [ 1301 , 1301 ], TIME = 0h0m1s52t = 152
************************************************************************************************
[32mBaPCod : solution defined.[00m
statistics_cols: instance & :Optimal & cutoff & :bcRecRootDb & :bcTimeRootEval & :bcCountNodeProc & :bcRecBestDb & :bcRecBestInc & :bcTimeMain \\
statistics: instance_12-triangle & 1 & 1.0e7 & 1301.00 & 1.50 & 1 & 1301.00 & 1301 & 1.52 \\
########################################################
Route #1: 4 13 1 14 11 8 24 18 16 17 3 22 29 23 27 
Route #2: 10 19 
Route #3: 21 5 26 6 30 20 12 9 2 25 7 15 28 
Cost 1301
########################################################

end_time=2026-04-19 23:11:28
exit_code=0
