instance_file=/mnt/c/Users/porin/OneDrive/Documentos/Python-Mestrado/Modelagem Matemática/Programação Inteira - Uchoa/Problema VRPRDL/instancias_turco/VRPRDL-triangle/vrp_convertidos/instance_20-triangle.vrp
instance_name=instance_20-triangle
start_time=2026-04-19 23:12:58

  Activating project at `~/VRPSolver/VRPSolverDemos`
Application parameters:
  batch  =>  nothing
  instance  =>  "/mnt/c/Users/porin/OneDrive/Documentos/Python-Mestrado/Modelagem Matemática/Programação Inteira - Uchoa/Problema VRPRDL/instancias_turco/VRPRDL-triangle/vrp_convertidos/instance_20-triangle.vrp"
  noround  =>  false
  cfg  =>  "/home/poringman/VRPSolver/VRPSolverDemos/src/../config/CVRP.cfg"
  edge_cuts  =>  false
  out  =>  nothing
  ub  =>  1.0e7
  cluster_branching  =>  1.0
  sol  =>  nothing
  single_resource  =>  false
  strong_kpath_cuts  =>  false
  tikz  =>  nothing
  maxr  =>  999
  update  =>  false
  show_complete_form  =>  false
  nosolve  =>  false
  minr  =>  1
  low_edge_priority  =>  false
~~~~~~~~~~~~~~~~~~~~~~~~~~~~~~~~~~~~~~~~~~~~~~~~~~~~~~~~~~~~~~~~~~~~~~~~~~~~~~~~~~~~~
GIT VERSION RCSP: 
GIT BRANCH: 
~~~~~~~~~~~~~~~~~~~~~~~~~~~~~~~~~~~~~~~~~~~~~~~~~~~~~~~~~~~~~~~~~~~~~~~~~~~~~~~~~~~~~
VRPSolver v0.6.16, 10/11/2025, © Inria Bordeaux, France, vrpsolver.math.u-bordeaux.fr
      Corresponds to the solver by Pessoa, Sadykov, Uchoa and Vanderbeck (2020)
                 Paper: dx.doi.org/10.1007/s10107-020-01523-z
~~~~~~~~~~~~~~~~~~~~~~~~~~~~~~~~~~~~~~~~~~~~~~~~~~~~~~~~~~~~~~~~~~~~~~~~~~~~~~~~~~~~~
GIT VERSION BAPCOD: a7cb21f19424236c9d0da5dcf94961797a519470
GIT BRANCH: main
~~~~~~~~~~~~~~~~~~~~~~~~~~~~~~~~~~~~~~~~~~~~~~~~~~~~~~~~~~~~~~~~~~~~~~~~~~~~~~~~~~~~~
   BaPCod v0.84, 10/11/2025, © Inria Bordeaux, France, bapcod.math.u-bordeaux.fr 
           THIS CODE IS PROVIDED AS IS, USE IT AT YOUR OWN RISK
~~~~~~~~~~~~~~~~~~~~~~~~~~~~~~~~~~~~~~~~~~~~~~~~~~~~~~~~~~~~~~~~~~~~~~~~~~~~~~~~~~~~~
--- MAIN PARAMETERS ---
GlobalTimeLimitInTick = 2147483645
GlobalTimeLimit = 21474836
ClockType = 0
MaxNbOfBBtreeNodeTreated = 100000
optimalityGapTolerance = 1e-06
relOptimalityGapTolerance = 1e-09
ApplyPreprocessing = false
PreprocessVariablesLocalBounds = false
treeSearchStrategy = 1
OpenNodesLimit = 1000
DEFAULTPRINTLEVEL = 0
--- MIP SOLVER PARAMETERS ---
solverName = CPLEX_SOLVER
MipSolverMaxBBNodes = 2000000
MipSolverMaxTime = 360000
MipSolverMultiThread = 1
--- COLUMN GENERATION PARAMETERS ---
SolverSelectForMast = a
  colGenSubProbSolMode = customSolver
mastInitMode = localArtCol
ArtVarPenaltyUpdateFactor = 2
ArtVarMaxNbOfPenaltyUpdates = 5
MaxNbOfStagesInColGenProcedure = 3
GenerateProperColumns = false
InsertAllGeneratedColumnsInFormRatherThanInPool = true
InsertNewNonNegColumnsDirectlyInFormRatherThanInPool = true
ColumnCleanupThreshold = 10000
ColumnCleanupRatio = 0.66
ReducedCostFixingThreshold = 0.9
--- CUT GENERATION PARAMETERS ---
MasterCuttingPlanesDepthLimit = 1000
MaxNbOfCutGeneratedAtEachIter = 1000
CutTailingOffThreshold = 0.015
CutTailingOffCounterThreshold = 3
CutCleanupThreshold = 1
CutCleanupRatio = 0.66
ColGenSpRelaxationImprovementPriority = 0
--- STABILIZATION PARAMETERS ---
colGenDualPriceSmoothingAlphaFactor = 1
colGenDualPriceSmoothingBetaFactor = 0
colGenStabilizationFunctionType = none
colGenProximalStabilizationRule = undefined
StabilFuncKappa = 1
colGenStabilizationMaxTreeDepth = 10000
StabilizationMinPhaseOfStage = 0
--- PRIMAL HEURISTIC PARAMETERS ---
UseInitialPrimalHeur = false
MaxTimeForRestrictedMasterIpHeur = -1
CallFrequencyOfRestrictedMasterIpHeur = 5
MIPemphasisInRestrictedMasterIpHeur = 1
PolishingAfterTimeInRestrictedMasterIpHeur = -1
DivingHeurUseDepthLimit = -1
CallFrequencyOfDivingHeur = 1
LeastFractional
Closest2RoundUp
LeastGreedyCost
LeastCost
FixIntValBeforeRoundingHeur = true
MaxNbOfCgIteDuringRh = 5000
MaxLDSbreadth = 0
MaxLDSdepth = 0
DivingHeurStopsWithFirstFeasSol = false
DivingHeurPreprocessBeforeChoosingVar = false
StrongDivingCandidatesNumber = 1
EvalAlgParamsInDiving = max#cand. = 1 max#cg.iters = 10000 min.lvl.sp.restr. = 1 min#cut.rounds = 0 max#cut.rounds = 0 red.cost.fix&enum. = false tree.size.ratio = 1
LocalSearchHeurUseDepthLimit = -1
LeastFractional
Closest2RoundUp
LeastGreedyCost
LeastCost
MaxFactorOfColFixedByLocalSearchHeur = 0.8
MaxLocalSearchIterationCounter = 3
--- STRONG BRANCHING PARAMETERS ---
SimplifiedStrongBranchingParameterisation = true
StrongBranchingPhaseOneCandidatesNumber = 100
StrongBranchingPhaseOneTreeSizeEstimRatio = 0.2
StrongBranchingPhaseTwoCandidatesNumber = 3
StrongBranchingPhaseTwoTreeSizeEstimRatio = 0.02
SafeDualBoundScaleFactor = -1
StrongBranchingPhaseOne = max#cand. = 100 max#cg.iters = 0 min.lvl.sp.restr. = 0 min#cut.rounds = 0 max#cut.rounds = 0 red.cost.fix&enum. = false tree.size.ratio = 0.2
StrongBranchingPhaseTwo = max#cand. = 3 max#cg.iters = 10000 min.lvl.sp.restr. = 1 min#cut.rounds = 0 max#cut.rounds = 0 red.cost.fix&enum. = false tree.size.ratio = 0.02
StrongBranchingPhaseThree = max#cand. = 1 max#cg.iters = 10000 min.lvl.sp.restr. = 0 min#cut.rounds = 0 max#cut.rounds = 10000 red.cost.fix&enum. = true tree.size.ratio = 1
StrongBranchingPhaseFour =not active
--- DEBUG OUTPUT PARAMETERS ---
printMasterPrimalSols = 0
--- VRPSOLVER PARAMETERS ---
RCSPstopCutGenTimeThresholdInPricing = 10
RCSPhardTimeThresholdInPricing = 25
RCSPredCostFixingTimeThreshold = 100
RCSPnumberOfBucketsPerVertex = 25
RCSPdynamicBucketSteps = 1
RCSPuseBidirectionalSearch = 2
RCSPapplyReducedCostFixing = 1
RCSPmaxNumOfColsPerIteration = 30
RCSPmaxNumOfColsPerExactIteration = 150
RCSPmaxNumOfLabelsInEnumeration = 500000
RCSPmaxNumOfLabelsInHeurEnumeration = 0
RCSPmaxNumOfEnumeratedSolutions = 5000000
RCSPmaxNumOfEnumSolutionsForMIP = 10000
RCSPmaxNumOfEnumSolsForEndOfNodeMIP = 10000
RCSPinitNGneighbourhoodSize = 8
RCSPmaxNGneighbourhoodSize = 8
RCSPrankOneCutsMaxNumRows = 5
RCSPrankOneCutsMaxNumPerRound = 100
RCSPrankOneCutsMemoryType = 0
RCSPrankOneCutsLSnumIterations = 1000
RCSPallowRoutesWithSameVerticesSet = true
RCSPredCostFixingFalseGap = 0
SafeDualBoundScaleFactor = -1
RCSPmaxNumOfLabelsInHeurEnumeration = 0
MaxNumEnumSolsInRestrictedMasterIpHeur = 5000

prName & bcTimeMain \\ 
New model incumbent solution 1e+07, TIME = 0h0m0s48t = 48
RCSP solver info : size of non-robust cut bitmask in a label is 640 bits
Bucket steps were recalculated for graph G_0 : [30]
RCSP solver info : symmetric case is detected for graph G_0! 
Bidirectional border value is initialised to 375
RCSP solver info : number of forw. reachable buckets / buck. strongly connected components is 1572( 97.5186% ) / 997( 63.4224% )
RCSP solver info: std. label size is 56, ext. label size is 136
Generating neighbourhoods for rank-1 cuts separation
Building structures for 4- and 5-row rank-1 packing cut separation...done!
Model is built TIME = 0h0m0s49t = 49
************************************************************************************************
**** BaB tree root node
**** Local DB = -1e+12, global bounds : [ -1e+12 , 1e+07 ], TIME = 0h0m0s49t = 49
**** 1 open nodes, 0 columns (0 active), 0 dyn. constrs. (0 active), 122 art. vars. (122 active)
************************************************************************************************
--------------------------------------------------------------------------
BaPCod info : first we run the root node with rank-1 cuts with node memory
--------------------------------------------------------------------------
#<DWph=2> <it=  1> <et=0.50> <Mt= 0.00> <Spt= 0.00> <nCl= 30> <al=0.00> <DB=-69119680680.0000> <Mlp=1488000000.0000> <PB=10000000> 
#<DWph=2> <it=  2> <et=0.50> <Mt= 0.00> <Spt= 0.00> <nCl= 30> <al=0.55> <DB=-54312193803.1350> <Mlp=1433400259.7000> <PB=10000000> 
#<DWph=2> <it=  3> <et=0.50> <Mt= 0.00> <Spt= 0.01> <nCl= 30> <al=0.45> <DB=-38944346100.6595> <Mlp=1390875612.2750> <PB=10000000> 
#<DWph=2> <it=  4> <et=0.51> <Mt= 0.00> <Spt= 0.00> <nCl= 30> <al=0.51> <DB=-33928059172.7885> <Mlp=1268522647.1884> <PB=10000000> 
#<DWph=2> <it=  5> <et=0.51> <Mt= 0.00> <Spt= 0.00> <nCl= 30> <al=0.41> <DB=-34348716410.3692> <Mlp=1258001087.1833> <PB=10000000> 
#<DWph=2> <it=  6> <et=0.51> <Mt= 0.00> <Spt= 0.00> <nCl= 30> <al=0.46> <DB=-33500385888.4121> <Mlp=1200605772.4579> <PB=10000000> 
#<DWph=2> <it=  7> <et=0.52> <Mt= 0.00> <Spt= 0.01> <nCl= 30> <al=0.52> <DB=-30293204283.5191> <Mlp=1160511549.4527> <PB=10000000> 
#<DWph=2> <it=  8> <et=0.52> <Mt= 0.00> <Spt= 0.00> <nCl= 30> <al=0.57> <DB=-27029943464.8088> <Mlp=1141360326.9514> <PB=10000000> 
#<DWph=2> <it=  9> <et=0.52> <Mt= 0.00> <Spt= 0.00> <nCl= 30> <al=0.61> <DB=-26364608329.3016> <Mlp=1073161270.6311> <PB=10000000> 
#<DWph=2> <it= 10> <et=0.53> <Mt= 0.00> <Spt= 0.00> <nCl= 30> <al=0.65> <DB=-23398826683.3243> <Mlp=1047974014.4774> <PB=10000000> 
#<DWph=2> <it= 11> <et=0.53> <Mt= 0.00> <Spt= 0.01> <nCl= 30> <al=0.68> <DB=-23132879638.7228> <Mlp=1023151831.4658> <PB=10000000> 
#<DWph=2> <it= 12> <et=0.53> <Mt= 0.00> <Spt= 0.00> <nCl= 30> <al=0.72> <DB=-21988255950.8529> <Mlp=944841254.4535> <PB=10000000> 
#<DWph=2> <it= 13> <et=0.54> <Mt= 0.00> <Spt= 0.00> <nCl= 30> <al=0.74> <DB=-19005048734.0082> <Mlp=902363781.9709> <PB=10000000> 
#<DWph=2> <it= 14> <et=0.54> <Mt= 0.00> <Spt= 0.01> <nCl= 30> <al=0.77> <DB=-19270884149.4254> <Mlp=754037143.2928> <PB=10000000> 
#<DWph=2> <it= 15> <et=0.54> <Mt= 0.00> <Spt= 0.00> <nCl= 30> <al=0.79> <DB=-17595783795.8520> <Mlp=605357568.1568> <PB=10000000> 
#<DWph=2> <it= 16> <et=0.55> <Mt= 0.00> <Spt= 0.00> <nCl= 30> <al=0.69> <DB=-17109813885.4526> <Mlp=596433754.0963> <PB=10000000> 
#<DWph=2> <it= 17> <et=0.55> <Mt= 0.00> <Spt= 0.01> <nCl= 30> <al=0.72> <DB=-17662349541.1297> <Mlp=483404647.2522> <PB=10000000> 
#<DWph=2> <it= 18> <et=0.56> <Mt= 0.00> <Spt= 0.00> <nCl= 30> <al=0.75> <DB=-17128474313.7534> <Mlp=423757705.8339> <PB=10000000> 
#<DWph=2> <it= 19> <et=0.56> <Mt= 0.00> <Spt= 0.00> <nCl= 30> <al=0.78> <DB=-17264758780.7401> <Mlp=367537699.9098> <PB=10000000> 
#<DWph=2> <it= 20> <et=0.57> <Mt= 0.01> <Spt= 0.01> <nCl= 30> <al=0.80> <DB=-16942695068.7344> <Mlp=314050968.2536> <PB=10000000> 
#<DWph=2> <it= 21> <et=0.57> <Mt= 0.00> <Spt= 0.00> <nCl= 30> <al=0.82> <DB=-17121136283.2970> <Mlp=302113976.1828> <PB=10000000> 
#<DWph=2> <it= 22> <et=0.58> <Mt= 0.00> <Spt= 0.00> <nCl= 30> <al=0.84> <DB=-16199142262.4708> <Mlp=260175745.4702> <PB=10000000> 
#<DWph=2> <it= 23> <et=0.58> <Mt= 0.00> <Spt= 0.01> <nCl= 30> <al=0.85> <DB=-15934653127.4274> <Mlp=227871541.7916> <PB=10000000> 
#<DWph=2> <it= 24> <et=0.58> <Mt= 0.00> <Spt= 0.00> <nCl= 30> <al=0.87> <DB=-15040734750.7614> <Mlp=188179869.5414> <PB=10000000> 
#<DWph=2> <it= 25> <et=0.59> <Mt= 0.00> <Spt= 0.00> <nCl= 30> <al=0.77> <DB=-13725824803.4416> <Mlp=145992316.1375> <PB=10000000> 
#<DWph=2> <it= 26> <et=0.59> <Mt= 0.00> <Spt= 0.01> <nCl= 30> <al=0.67> <DB=-13759170667.0993> <Mlp=66914579.0108> <PB=10000000> 
#<DWph=2> <it= 27> <et=0.60> <Mt= 0.00> <Spt= 0.00> <nCl= 30> <al=0.70> <DB=-13044793549.5107> <Mlp=59776549.9131> <PB=10000000> 
#<DWph=2> <it= 28> <et=0.60> <Mt= 0.00> <Spt= 0.00> <nCl= 30> <al=0.73> <DB=-12454073121.5718> <Mlp=1881020.1739> <PB=10000000> 
<DWph=2> <it= 29> <et=0.61> <Mt= 0.01> <Spt= 0.01> <nCl= 30> <al=0.00> <DB=-199737.3492> <Mlp= 5675.0639> <PB=10000000> 
<DWph=2> <it= 30> <et=0.62> <Mt= 0.00> <Spt= 0.00> <nCl= 30> <al=0.53> <DB=-168772.1919> <Mlp= 5596.1291> <PB=10000000> 
<DWph=2> <it= 31> <et=0.62> <Mt= 0.00> <Spt= 0.01> <nCl= 30> <al=0.58> <DB=-134483.7213> <Mlp= 5438.7177> <PB=10000000> 
<DWph=2> <it= 32> <et=0.63> <Mt= 0.00> <Spt= 0.00> <nCl= 30> <al=0.62> <DB=-134167.9005> <Mlp= 5369.2557> <PB=10000000> 
<DWph=2> <it= 33> <et=0.64> <Mt= 0.00> <Spt= 0.01> <nCl= 30> <al=0.66> <DB=-128998.5196> <Mlp= 5301.9548> <PB=10000000> 
<DWph=2> <it= 34> <et=0.64> <Mt= 0.00> <Spt= 0.00> <nCl= 30> <al=0.56> <DB=-91170.6504> <Mlp= 5157.9968> <PB=10000000> 
<DWph=2> <it= 35> <et=0.65> <Mt= 0.01> <Spt= 0.01> <nCl= 30> <al=0.46> <DB=-62001.0776> <Mlp= 5081.7014> <PB=10000000> 
<DWph=2> <it= 36> <et=0.66> <Mt= 0.00> <Spt= 0.00> <nCl= 30> <al=0.51> <DB=-76668.2616> <Mlp= 4913.7174> <PB=10000000> 
<DWph=2> <it= 37> <et=0.66> <Mt= 0.00> <Spt= 0.01> <nCl= 30> <al=0.56> <DB=-54295.5023> <Mlp= 4884.7277> <PB=10000000> 
<DWph=2> <it= 38> <et=0.67> <Mt= 0.00> <Spt= 0.00> <nCl= 30> <al=0.60> <DB=-60399.1107> <Mlp= 4713.4083> <PB=10000000> 
<DWph=2> <it= 39> <et=0.68> <Mt= 0.00> <Spt= 0.01> <nCl= 30> <al=0.64> <DB=-66080.5451> <Mlp= 4659.4973> <PB=10000000> 
<DWph=2> <it= 40> <et=0.69> <Mt= 0.00> <Spt= 0.00> <nCl= 30> <al=0.68> <DB=-53791.4655> <Mlp= 4580.2894> <PB=10000000> 
<DWph=2> <it= 41> <et=0.69> <Mt= 0.01> <Spt= 0.01> <nCl= 30> <al=0.71> <DB=-52178.1444> <Mlp= 4334.4451> <PB=10000000> 
<DWph=2> <it= 42> <et=0.70> <Mt= 0.00> <Spt= 0.00> <nCl= 30> <al=0.74> <DB=-47627.4697> <Mlp= 4135.3376> <PB=10000000> 
<DWph=2> <it= 43> <et=0.71> <Mt= 0.00> <Spt= 0.01> <nCl= 30> <al=0.77> <DB=-49241.7129> <Mlp= 3919.8626> <PB=10000000> 
<DWph=2> <it= 44> <et=0.71> <Mt= 0.00> <Spt= 0.00> <nCl= 30> <al=0.79> <DB=-39819.5687> <Mlp= 3767.9824> <PB=10000000> 
<DWph=2> <it= 45> <et=0.72> <Mt= 0.01> <Spt= 0.00> <nCl= 30> <al=0.69> <DB=-45800.8000> <Mlp= 3546.7104> <PB=10000000> 
<DWph=2> <it= 46> <et=0.72> <Mt= 0.00> <Spt= 0.01> <nCl= 30> <al=0.72> <DB=-41541.2919> <Mlp= 3493.0935> <PB=10000000> 
<DWph=2> <it= 47> <et=0.73> <Mt= 0.00> <Spt= 0.00> <nCl= 30> <al=0.75> <DB=-35523.3950> <Mlp= 3423.7984> <PB=10000000> 
<DWph=2> <it= 48> <et=0.74> <Mt= 0.00> <Spt= 0.01> <nCl= 30> <al=0.65> <DB=-35433.0364> <Mlp= 3240.8132> <PB=10000000> 
<DWph=2> <it= 49> <et=0.74> <Mt= 0.00> <Spt= 0.00> <nCl= 30> <al=0.68> <DB=-30589.9983> <Mlp= 3095.6888> <PB=10000000> 
<DWph=2> <it= 50> <et=0.75> <Mt= 0.01> <Spt= 0.00> <nCl= 30> <al=0.58> <DB=-38513.8873> <Mlp= 3006.8326> <PB=10000000> 
<DWph=2> <it= 51> <et=0.76> <Mt= 0.00> <Spt= 0.01> <nCl= 30> <al=0.63> <DB=-30266.4608> <Mlp= 2954.1354> <PB=10000000> 
<DWph=2> <it= 52> <et=0.76> <Mt= 0.00> <Spt= 0.00> <nCl= 30> <al=0.66> <DB=-26933.2662> <Mlp= 2830.3090> <PB=10000000> 
<DWph=2> <it= 53> <et=0.77> <Mt= 0.00> <Spt= 0.00> <nCl= 30> <al=0.70> <DB=-25482.4076> <Mlp= 2752.0943> <PB=10000000> 
<DWph=2> <it= 54> <et=0.77> <Mt= 0.00> <Spt= 0.01> <nCl= 30> <al=0.73> <DB=-27160.3976> <Mlp= 2728.0615> <PB=10000000> 
<DWph=2> <it= 55> <et=0.78> <Mt= 0.01> <Spt= 0.00> <nCl= 30> <al=0.75> <DB=-20753.0841> <Mlp= 2668.4579> <PB=10000000> 
<DWph=2> <it= 56> <et=0.78> <Mt= 0.00> <Spt= 0.00> <nCl= 30> <al=0.78> <DB=-21434.0519> <Mlp= 2578.0159> <PB=10000000> 
<DWph=2> <it= 57> <et=0.79> <Mt= 0.00> <Spt= 0.01> <nCl= 30> <al=0.80> <DB=-19360.0679> <Mlp= 2544.4056> <PB=10000000> 
<DWph=2> <it= 58> <et=0.79> <Mt= 0.00> <Spt= 0.00> <nCl= 30> <al=0.82> <DB=-15948.5799> <Mlp= 2480.5213> <PB=10000000> 
<DWph=2> <it= 59> <et=0.80> <Mt= 0.00> <Spt= 0.01> <nCl= 30> <al=0.72> <DB=-14788.6880> <Mlp= 2383.7005> <PB=10000000> 
<DWph=2> <it= 60> <et=0.81> <Mt= 0.01> <Spt= 0.00> <nCl= 30> <al=0.75> <DB=-12001.6171> <Mlp= 2355.2081> <PB=10000000> 
<DWph=2> <it= 61> <et=0.81> <Mt= 0.00> <Spt= 0.00> <nCl= 30> <al=0.65> <DB=-9047.0164> <Mlp= 2334.8490> <PB=10000000> 
<DWph=2> <it= 62> <et=0.82> <Mt= 0.00> <Spt= 0.01> <nCl= 30> <al=0.68> <DB=-9150.0288> <Mlp= 2297.1469> <PB=10000000> 
<DWph=2> <it= 63> <et=0.82> <Mt= 0.00> <Spt= 0.00> <nCl= 30> <al=0.72> <DB=-7707.0772> <Mlp= 2273.9942> <PB=10000000> 
<DWph=2> <it= 64> <et=0.83> <Mt= 0.00> <Spt= 0.00> <nCl= 30> <al=0.62> <DB=-9211.2393> <Mlp= 2221.9460> <PB=10000000> 
<DWph=2> <it= 65> <et=0.84> <Mt= 0.01> <Spt= 0.01> <nCl= 30> <al=0.65> <DB=-5967.5401> <Mlp= 2215.3337> <PB=10000000> 
<DWph=2> <it= 66> <et=0.84> <Mt= 0.00> <Spt= 0.00> <nCl= 30> <al=0.55> <DB=-5242.3391> <Mlp= 2186.1637> <PB=10000000> 
<DWph=2> <it= 67> <et=0.85> <Mt= 0.00> <Spt= 0.01> <nCl= 30> <al=0.60> <DB=-3974.4314> <Mlp= 2151.1414> <PB=10000000> 
<DWph=2> <it= 68> <et=0.85> <Mt= 0.00> <Spt= 0.00> <nCl= 30> <al=0.64> <DB=-6427.1344> <Mlp= 2146.3516> <PB=10000000> 
<DWph=2> <it= 69> <et=0.86> <Mt= 0.00> <Spt= 0.00> <nCl= 30> <al=0.67> <DB=-3794.4281> <Mlp= 2143.7718> <PB=10000000> 
<DWph=2> <it= 70> <et=0.86> <Mt= 0.01> <Spt= 0.01> <nCl= 30> <al=0.71> <DB=-3641.0523> <Mlp= 2112.4313> <PB=10000000> 
<DWph=2> <it= 71> <et=0.87> <Mt= 0.00> <Spt= 0.00> <nCl= 30> <al=0.74> <DB=-2698.5681> <Mlp= 2080.4648> <PB=10000000> 
<DWph=2> <it= 72> <et=0.88> <Mt= 0.00> <Spt= 0.00> <nCl= 30> <al=0.76> <DB=-1800.8866> <Mlp= 2072.9596> <PB=10000000> 
<DWph=2> <it= 73> <et=0.88> <Mt= 0.00> <Spt= 0.01> <nCl= 30> <al=0.66> <DB=-1633.6154> <Mlp= 2063.0355> <PB=10000000> 
<DWph=2> <it= 74> <et=0.89> <Mt= 0.00> <Spt= 0.00> <nCl= 30> <al=0.70> <DB=-1501.4910> <Mlp= 2051.6573> <PB=10000000> 
<DWph=2> <it= 75> <et=0.90> <Mt= 0.01> <Spt= 0.01> <nCl= 30> <al=0.73> <DB=-1200.5005> <Mlp= 2039.7489> <PB=10000000> 
<DWph=2> <it= 76> <et=0.90> <Mt= 0.00> <Spt= 0.00> <nCl= 30> <al=0.63> <DB= -688.3472> <Mlp= 2031.5473> <PB=10000000> 
<DWph=2> <it= 77> <et=0.91> <Mt= 0.00> <Spt= 0.00> <nCl= 30> <al=0.53> <DB=-2174.9571> <Mlp= 2019.6082> <PB=10000000> 
<DWph=2> <it= 78> <et=0.91> <Mt= 0.00> <Spt= 0.01> <nCl= 30> <al=0.57> <DB=-1347.6682> <Mlp= 2019.6082> <PB=10000000> 
<DWph=2> <it= 79> <et=0.92> <Mt= 0.01> <Spt= 0.00> <nCl= 30> <al=0.62> <DB= -282.1593> <Mlp= 2016.5065> <PB=10000000> 
<DWph=2> <it= 80> <et=0.94> <Mt= 0.01> <Spt= 0.01> <nCl= 30> <al=0.66> <DB=  112.8500> <Mlp= 2010.9202> <PB=10000000> 
<DWph=2> <it= 81> <et=0.96> <Mt= 0.01> <Spt= 0.00> <nCl= 29> <al=0.69> <DB=  303.8356> <Mlp= 2008.3845> <PB=10000000> 
<DWph=2> <it= 82> <et=0.96> <Mt= 0.00> <Spt= 0.00> <nCl= 26> <al=0.72> <DB=  671.3007> <Mlp= 2006.9524> <PB=10000000> 
<DWph=2> <it= 83> <et=0.97> <Mt= 0.01> <Spt= 0.01> <nCl= 30> <al=0.62> <DB=  524.6282> <Mlp= 2006.1867> <PB=10000000> 
<DWph=2> <it= 84> <et=0.98> <Mt= 0.00> <Spt= 0.00> <nCl= 30> <al=0.66> <DB= 1149.5232> <Mlp= 2003.8683> <PB=10000000> 
<DWph=2> <it= 85> <et=0.99> <Mt= 0.01> <Spt= 0.01> <nCl= 27> <al=0.69> <DB=  803.9363> <Mlp= 2001.6935> <PB=10000000> 
<DWph=2> <it= 86> <et=1.00> <Mt= 0.01> <Spt= 0.00> <nCl= 26> <al=0.72> <DB= 1244.8798> <Mlp= 1996.2696> <PB=10000000> 
<DWph=2> <it= 87> <et=1.01> <Mt= 0.00> <Spt= 0.01> <nCl= 21> <al=0.75> <DB= 1211.9655> <Mlp= 1993.5732> <PB=10000000> 
<DWph=2> <it= 88> <et=1.01> <Mt= 0.00> <Spt= 0.00> <nCl= 14> <al=0.78> <DB= 1308.6316> <Mlp= 1991.5346> <PB=10000000> 
<DWph=2> <it= 89> <et=1.02> <Mt= 0.00> <Spt= 0.00> <nCl= 19> <al=0.68> <DB= 1441.3453> <Mlp= 1991.1811> <PB=10000000> 
<DWph=2> <it= 90> <et=1.02> <Mt= 0.00> <Spt= 0.01> <nCl= 23> <al=0.71> <DB= 1400.6292> <Mlp= 1990.7515> <PB=10000000> 
<DWph=2> <it= 91> <et=1.03> <Mt= 0.00> <Spt= 0.00> <nCl= 19> <al=0.61> <DB= 1379.7910> <Mlp= 1990.2683> <PB=10000000> 
<DWph=2> <it= 92> <et=1.03> <Mt= 0.00> <Spt= 0.01> <nCl= 19> <al=0.65> <DB= 1668.3533> <Mlp= 1989.7141> <PB=10000000> 
<DWph=2> <it= 93> <et=1.04> <Mt= 0.00> <Spt= 0.00> <nCl= 19> <al=0.55> <DB= 1581.1664> <Mlp= 1988.7635> <PB=10000000> 
<DWph=2> <it= 94> <et=1.04> <Mt= 0.01> <Spt= 0.00> <nCl= 26> <al=0.45> <DB= 1429.8324> <Mlp= 1988.0830> <PB=10000000> 
<DWph=2> <it= 95> <et=1.05> <Mt= 0.00> <Spt= 0.01> <nCl= 15> <al=0.50> <DB= 1381.5493> <Mlp= 1988.0830> <PB=10000000> 
<DWph=2> <it= 96> <et=1.06> <Mt= 0.00> <Spt= 0.00> <nCl= 20> <al=0.55> <DB= 1697.3038> <Mlp= 1986.9385> <PB=10000000> 
<DWph=2> <it= 97> <et=1.07> <Mt= 0.00> <Spt= 0.01> <nCl= 30> <al=0.60> <DB=-10173.5858> <Mlp= 1986.5221> <PB=10000000> 
<DWph=2> <it= 98> <et=1.07> <Mt= 0.01> <Spt= 0.00> <nCl= 26> <al=0.64> <DB= 1307.0967> <Mlp= 1986.5221> <PB=10000000> 
<DWph=2> <it= 99> <et=1.08> <Mt= 0.00> <Spt= 0.00> <nCl= 18> <al=0.67> <DB= 1829.7303> <Mlp= 1986.5221> <PB=10000000> 
<DWph=2> <it=100> <et=1.08> <Mt= 0.00> <Spt= 0.01> <nCl= 23> <al=0.57> <DB= 1464.3100> <Mlp= 1986.4950> <PB=10000000> 
<DWph=2> <it=101> <et=1.09> <Mt= 0.00> <Spt= 0.00> <nCl= 19> <al=0.47> <DB= 1592.7865> <Mlp= 1985.7516> <PB=10000000> 
<DWph=2> <it=102> <et=1.09> <Mt= 0.00> <Spt= 0.00> <nCl= 13> <al=0.53> <DB= 1661.4876> <Mlp= 1985.5983> <PB=10000000> 
<DWph=2> <it=103> <et=1.09> <Mt= 0.00> <Spt= 0.01> <nCl= 13> <al=0.43> <DB= 1657.8006> <Mlp= 1985.4743> <PB=10000000> 
<DWph=2> <it=104> <et=1.10> <Mt= 0.00> <Spt= 0.00> <nCl= 17> <al=0.33> <DB= 1813.6507> <Mlp= 1985.1455> <PB=10000000> 
<DWph=2> <it=105> <et=1.11> <Mt= 0.00> <Spt= 0.01> <nCl= 16> <al=0.23> <DB= 1797.3557> <Mlp= 1985.1240> <PB=10000000> 
<DWph=2> <it=106> <et=1.12> <Mt= 0.00> <Spt= 0.01> <nCl= 21> <al=0.00> <DB= 1656.2786> <Mlp= 1985.0700> <PB=10000000> 
<DWph=2> <it=107> <et=1.12> <Mt= 0.01> <Spt= 0.00> <nCl= 10> <al=0.20> <DB= 1968.8415> <Mlp= 1984.8820> <PB=10000000> 
<DWph=2> <it=108> <et=1.13> <Mt= 0.00> <Spt= 0.00> <nCl=  7> <al=0.28> <DB= 1790.4126> <Mlp= 1984.8820> <PB=10000000> 
<DWph=2> <it=109> <et=1.13> <Mt= 0.00> <Spt= 0.01> <nCl= 13> <al=0.36> <DB= 1884.4967> <Mlp= 1984.8298> <PB=10000000> 
<DWph=2> <it=110> <et=1.14> <Mt= 0.00> <Spt= 0.00> <nCl=  5> <al=0.42> <DB= 1344.3301> <Mlp= 1984.8179> <PB=10000000> 
<DWph=2> <it=111> <et=1.14> <Mt= 0.00> <Spt= 0.01> <nCl=  5> <al=0.00> <DB= 1925.2907> <Mlp= 1984.8179> <PB=10000000> 
<DWph=2> <it=112> <et=1.15> <Mt= 0.00> <Spt= 0.00> <nCl=  2> <al=0.00> <DB= 1913.2727> <Mlp= 1984.7840> <PB=10000000> 
<DWph=2> <it=113> <et=1.15> <Mt= 0.00> <Spt= 0.01> <nCl=  6> <al=0.28> <DB= 1722.1028> <Mlp= 1984.7840> <PB=10000000> 
<DWph=2> <it=114> <et=1.16> <Mt= 0.00> <Spt= 0.00> <nCl=  7> <al=0.00> <DB= 1984.7840> <Mlp= 1984.7840> <PB=10000000> 
<DWph=1> <it=115> <et=1.17> <Mt= 0.00> <Spt= 0.01> <nCl= 26> <al=0.08> <DB= 1695.6405> <Mlp= 1984.7840> <PB=10000000> 
<DWph=1> <it=116> <et=1.19> <Mt= 0.00> <Spt= 0.01> <nCl= 26> <al=0.17> <DB= 1314.5788> <Mlp= 1983.1213> <PB=10000000> 
<DWph=1> <it=117> <et=1.20> <Mt= 0.00> <Spt= 0.01> <nCl= 20> <al=0.25> <DB= 1571.4375> <Mlp= 1982.5497> <PB=10000000> 
<DWph=1> <it=118> <et=1.21> <Mt= 0.01> <Spt= 0.02> <nCl= 22> <al=0.15> <DB= 1844.5070> <Mlp= 1981.5305> <PB=10000000> 
<DWph=1> <it=119> <et=1.22> <Mt= 0.00> <Spt= 0.01> <nCl= 14> <al=0.24> <DB= 1818.2382> <Mlp= 1981.3471> <PB=10000000> 
<DWph=1> <it=120> <et=1.23> <Mt= 0.00> <Spt= 0.01> <nCl= 15> <al=0.31> <DB= 1915.1066> <Mlp= 1981.2622> <PB=10000000> 
<DWph=1> <it=121> <et=1.25> <Mt= 0.00> <Spt= 0.01> <nCl= 12> <al=0.38> <DB= 1808.9806> <Mlp= 1981.2565> <PB=10000000> 
<DWph=1> <it=122> <et=1.26> <Mt= 0.00> <Spt= 0.01> <nCl=  9> <al=0.44> <DB= 1955.5139> <Mlp= 1980.8893> <PB=10000000> 
<DWph=1> <it=123> <et=1.27> <Mt= 0.00> <Spt= 0.01> <nCl=  7> <al=0.50> <DB= 1964.7424> <Mlp= 1980.8763> <PB=10000000> 
<DWph=1> <it=124> <et=1.28> <Mt= 0.00> <Spt= 0.01> <nCl=  2> <al=0.55> <DB= 1966.9745> <Mlp= 1980.8741> <PB=10000000> 
<DWph=1> <it=125> <et=1.31> <Mt= 0.00> <Spt= 0.03> <nCl= 11> <al=0.00> <DB= 1917.4186> <Mlp= 1980.8693> <PB=10000000> 
<DWph=1> <it=126> <et=1.34> <Mt= 0.00> <Spt= 0.02> <nCl=  3> <al=0.00> <DB= 1853.0838> <Mlp= 1980.8223> <PB=10000000> 
<DWph=1> <it=127> <et=1.36> <Mt= 0.01> <Spt= 0.02> <nCl=  4> <al=0.00> <DB= 1980.8223> <Mlp= 1980.8223> <PB=10000000> 
    RCSP exact solver info for graph G_0 : TT = 0.033236, pt = 1.7e-05, dt = 0.031591, ct = 0.001044, ndl = 7831', bdl = 348263', odl = 6598', odf = 47909', bsi = 1542', cnt = 19383', bdch = 4571120', odch = 208536', lcp = 153394', #sols = 150
<DWph=0> <it=128> <et=1.40> <Mt= 0.00> <Spt= 0.04> <nCl=147> <al=0.29> <DB= 1591.5952> <Mlp= 1980.8223> <PB=10000000> 
    RCSP exact solver info for graph G_0 : TT = 0.02845, pt = 3e-05, dt = 0.02689, ct = 0.001017, ndl = 7581', bdl = 335991', odl = 6585', odf = 46239', bsi = 1601', cnt = 20652', bdch = 4305098', odch = 199610', lcp = 145091', #sols = 150
<DWph=0> <it=129> <et=1.43> <Mt= 0.00> <Spt= 0.03> <nCl=128> <al=0.19> <DB= 1720.1666> <Mlp= 1979.4293> <PB=10000000> 
    RCSP exact solver info for graph G_0 : TT = 0.030941, pt = 3.2e-05, dt = 0.029123, ct = 0.001103, ndl = 7704', bdl = 339920', odl = 6360', odf = 47243', bsi = 1566', cnt = 22453', bdch = 4353903', odch = 199948', lcp = 142511', #sols = 150
<DWph=0> <it=130> <et=1.47> <Mt= 0.00> <Spt= 0.04> <nCl= 72> <al=0.28> <DB= 1907.6164> <Mlp= 1978.8367> <PB=10000000> 
    RCSP exact solver info for graph G_0 : TT = 0.031521, pt = 2.8e-05, dt = 0.029834, ct = 0.001093, ndl = 7848', bdl = 344585', odl = 6398', odf = 47683', bsi = 1579', cnt = 25179', bdch = 4493208', odch = 203441', lcp = 145996', #sols = 150
<DWph=0> <it=131> <et=1.50> <Mt= 0.00> <Spt= 0.03> <nCl= 27> <al=0.18> <DB= 1938.0135> <Mlp= 1978.8156> <PB=10000000> 
    RCSP exact solver info for graph G_0 : TT = 0.029147, pt = 2.6e-05, dt = 0.027506, ct = 0.001092, ndl = 7800', bdl = 342661', odl = 6397', odf = 47598', bsi = 1588', cnt = 24352', bdch = 4462555', odch = 201284', lcp = 145421', #sols = 150
    RCSP exact solver info for graph G_0 : TT = 0.028269, pt = 2.7e-05, dt = 0.026565, ct = 0.001067, ndl = 7740', bdl = 340519', odl = 6429', odf = 47512', bsi = 1575', cnt = 23650', bdch = 4423651', odch = 199443', lcp = 144751', #sols = 150
<DWph=0> <it=132> <et=1.57> <Mt= 0.00> <Spt= 0.07> <nCl= 16> <al=0.00> <DB= 1978.8156> <Mlp= 1978.8156> <PB=10000000> 
RCSP solver dynamic params and stats :  bidir.bord. = 375 aver.obdmd = 24.371 aver.buck.num. = 26
@@ 1 0 1978.82 0.0296542 0.032635 91.8025 1.57
RCSP      solver labels distribution in 685 buckets (bucket size) : largest - 57, top 0.1% - 57, top 0.5% - 51, top 2% - 43, top 10% - 27, top 50% - 8
Reduced cost fixing for graph G_0...  TT = 0.066666, pt = 0.004445, dt = 0.062057, ct = 0, ndl = 19980', bdl = 663124', odl = 6432', odf = 90654', lpcb = 54128', cnt = 1956600', bdch = 8936518', odch = 660039', lcp = 271263'
84271 buck. arcs remain (99% from prev., 90.8% from max.) + 0 jump buck. arcs (0% from max.)
 TT = 0.108493, pt = 0.004445, dt = 0.062057, ct = 0.041726, ndl = 19980', bdl = 663124', odl = 6432', odf = 90654', lpcb = 54128', cnt = 2100089', bdch = 8936518', odch = 660039', lcp = 271263'
RCSP      solver labels distribution in 1378 buckets (bucket size) : largest - 62, top 0.1% - 59, top 0.5% - 57, top 2% - 48, top 10% - 34, top 50% - 11
Run forward enumeration with border = 375... not succeeded (ratio 0.982313) lpt = 0.017122, ndl = 20015', dl = 580', lpcb = 0', dch = 13621'
 TT = 0.028329, pt = 0.00845, dt = 0.017122, ct = 0, ndl = 20015', bdl = 580', cnt = 93194', bdch = 13621', odch = 0', lcp = 0'
Bucket graph for G_0 is regenerated as bucket steps were adjusted for 62 vertices
RCSP solver info : number of forw. reachable buckets / buck. strongly connected components is 3031( 95.8571% ) / 2931( 96.7008% )
164848 forw. buck. arcs remain (92.1969% from max.) + 0 jump buck. arcs
ColGenEvalAlg final dual bound: 1978.82 (rounded: 1979)
In total 2 RCC cut(s) are found by the connected components heuristic 
Shrinking heuristic shrunk 23 edges
In total 4 RCC cut(s) are found by the Fractional capacity min-cut heuristic 
In total 19 RCC cut(s) are found by the greedy construction heuristic 
----- Add fac. cuts : CAP(25), max.viol = 0.584546, aver.viol = 0.307586, sep/add took 0.00473759/0.0457741 sec. -----
3575 columns (3575 active), 25 dyn. constrs. (25 active), 147 art. vars. (147 active)
<DWph=2> <it=  1> <et=1.80> <Mt= 0.01> <Spt= 0.00> <nCl= 30> <al=0.50> <DB= 1181.2056> <Mlp= 1995.7899> <PB=10000000> 
<DWph=2> <it=  2> <et=1.83> <Mt= 0.01> <Spt= 0.01> <nCl= 17> <al=0.55> <DB= 1982.6283> <Mlp= 1987.2883> <PB=10000000> 
<DWph=2> <it=  3> <et=1.84> <Mt= 0.01> <Spt= 0.01> <nCl= 26> <al=0.45> <DB= 1584.8285> <Mlp= 1987.1926> <PB=10000000> 
<DWph=2> <it=  4> <et=1.85> <Mt= 0.00> <Spt= 0.00> <nCl= 21> <al=0.51> <DB= 1971.0955> <Mlp= 1986.0526> <PB=10000000> 
<DWph=2> <it=  5> <et=1.85> <Mt= 0.00> <Spt= 0.01> <nCl=  9> <al=0.55> <DB= 1891.3843> <Mlp= 1986.0526> <PB=10000000> 
<DWph=2> <it=  6> <et=1.86> <Mt= 0.00> <Spt= 0.01> <nCl=  8> <al=0.60> <DB= 1982.5747> <Mlp= 1985.8331> <PB=10000000> 
<DWph=2> <it=  7> <et=1.87> <Mt= 0.00> <Spt= 0.00> <nCl= 12> <al=0.64> <DB= 1851.1440> <Mlp= 1985.6630> <PB=10000000> 
<DWph=2> <it=  8> <et=1.88> <Mt= 0.01> <Spt= 0.01> <nCl= 13> <al=0.68> <DB= 1983.5806> <Mlp= 1985.5606> <PB=10000000> 
<DWph=2> <it=  9> <et=1.89> <Mt= 0.00> <Spt= 0.01> <nCl= 19> <al=0.58> <DB= 1952.9434> <Mlp= 1985.4759> <PB=10000000> 
<DWph=2> <it= 10> <et=1.90> <Mt= 0.00> <Spt= 0.01> <nCl= 21> <al=0.24> <DB= 1834.8681> <Mlp= 1985.4117> <PB=10000000> 
<DWph=2> <it= 11> <et=1.91> <Mt= 0.00> <Spt= 0.00> <nCl= 13> <al=0.52> <DB= 1976.0373> <Mlp= 1985.4117> <PB=10000000> 
<DWph=2> <it= 12> <et=1.92> <Mt= 0.00> <Spt= 0.01> <nCl= 21> <al=0.13> <DB= 1877.1611> <Mlp= 1985.4042> <PB=10000000> 
<DWph=2> <it= 13> <et=1.94> <Mt= 0.00> <Spt= 0.02> <nCl= 34> <al=0.00> <DB= 1777.4447> <Mlp= 1985.4042> <PB=10000000> 
<DWph=2> <it= 14> <et=1.94> <Mt= 0.00> <Spt= 0.00> <nCl= 17> <al=0.37> <DB= 1832.9070> <Mlp= 1985.3103> <PB=10000000> 
<DWph=2> <it= 15> <et=1.96> <Mt= 0.01> <Spt= 0.02> <nCl= 25> <al=0.00> <DB= 1919.7118> <Mlp= 1985.3103> <PB=10000000> 
<DWph=2> <it= 16> <et=1.97> <Mt= 0.00> <Spt= 0.01> <nCl=  7> <al=0.00> <DB= 1985.3103> <Mlp= 1985.3103> <PB=10000000> 
<DWph=1> <it= 17> <et=1.98> <Mt= 0.00> <Spt= 0.01> <nCl= 18> <al=0.23> <DB= 1721.3657> <Mlp= 1985.3103> <PB=10000000> 
<DWph=1> <it= 18> <et=2.00> <Mt= 0.00> <Spt= 0.02> <nCl= 18> <al=0.13> <DB= 1818.4040> <Mlp= 1985.2179> <PB=10000000> 
<DWph=1> <it= 19> <et=2.02> <Mt= 0.00> <Spt= 0.01> <nCl= 19> <al=0.22> <DB= 1876.9368> <Mlp= 1985.0507> <PB=10000000> 
<DWph=1> <it= 20> <et=2.04> <Mt= 0.00> <Spt= 0.02> <nCl=  8> <al=0.29> <DB= 1925.0621> <Mlp= 1985.0507> <PB=10000000> 
<DWph=1> <it= 21> <et=2.05> <Mt= 0.01> <Spt= 0.01> <nCl=  8> <al=0.37> <DB= 1942.3518> <Mlp= 1985.0231> <PB=10000000> 
<DWph=1> <it= 22> <et=2.08> <Mt= 0.00> <Spt= 0.03> <nCl= 12> <al=0.00> <DB= 1985.0082> <Mlp= 1985.0082> <PB=10000000> 
    RCSP exact solver info for graph G_0 : TT = 0.029061, pt = 4.1e-05, dt = 0.027305, ct = 0.001181, ndl = 7925', bdl = 344755', odl = 10013', odf = 93523', bsi = 1490', cnt = 17614', bdch = 3076487', odch = 262906', lcp = 123797', #sols = 150
<DWph=0> <it= 23> <et=2.12> <Mt= 0.00> <Spt= 0.03> <nCl= 71> <al=0.33> <DB= 1866.5777> <Mlp= 1985.0082> <PB=10000000> 
    RCSP exact solver info for graph G_0 : TT = 0.029976, pt = 6.6e-05, dt = 0.027984, ct = 0.001177, ndl = 7981', bdl = 348022', odl = 10087', odf = 95190', bsi = 1461', cnt = 17493', bdch = 3126636', odch = 271789', lcp = 124128', #sols = 150
    RCSP exact solver info for graph G_0 : TT = 0.029751, pt = 7.2e-05, dt = 0.027932, ct = 0.001076, ndl = 7854', bdl = 344217', odl = 10155', odf = 94442', bsi = 1446', cnt = 16332', bdch = 3076739', odch = 264809', lcp = 122355', #sols = 150
<DWph=0> <it= 24> <et=2.19> <Mt= 0.00> <Spt= 0.07> <nCl= 41> <al=0.00> <DB= 1984.8593> <Mlp= 1984.8593> <PB=10000000> 
RCSP solver dynamic params and stats :  bidir.bord. = 375 aver.obdmd = 48.7419 aver.buck.num. = 51
@@ 1 1 1984.86 0.028885 0.029161 92.1969 2.19
    Full reduced cost fixing is not called (gap ratio is 0.999999)
ColGenEvalAlg final dual bound: 1984.86 (rounded: 1985)
False gap improvement since the last cut separation : 0.0305418 (1978.82)
Current active cuts : CAP(6,275.674)
Shrinking heuristic shrunk 21 edges
In total 1 RCC cut(s) are found by the greedy construction heuristic 
In total 2 RCC cut(s) are found by the global pool greedy search heuristic 
----- Add fac. cuts : CAP(3), max.viol = 0.280426, aver.viol = 0.10016, sep/add took 0.0046149/0.00977591 sec. -----
4063 columns (4063 active), 28 dyn. constrs. (9 active), 150 art. vars. (131 active)
<DWph=2> <it=  1> <et=2.22> <Mt= 0.01> <Spt= 0.01> <nCl= 12> <al=0.50> <DB= 1985.9130> <Mlp= 1986.9667> <PB=10000000> 
<DWph=2> <it=  2> <et=2.23> <Mt= 0.00> <Spt= 0.00> <nCl= 10> <al=0.40> <DB= 1979.2030> <Mlp= 1986.9666> <PB=10000000> 
<DWph=2> <it=  3> <et=2.24> <Mt= 0.00> <Spt= 0.01> <nCl=  3> <al=0.46> <DB= 1985.5411> <Mlp= 1986.9321> <PB=10000000> 
<DWph=2> <it=  4> <et=2.25> <Mt= 0.00> <Spt= 0.02> <nCl= 14> <al=0.03> <DB= 1983.6843> <Mlp= 1986.9016> <PB=10000000> 
<DWph=2> <it=  5> <et=2.27> <Mt= 0.00> <Spt= 0.01> <nCl= 22> <al=0.00> <DB= 1981.3720> <Mlp= 1986.8345> <PB=10000000> 
<DWph=2> <it=  6> <et=2.28> <Mt= 0.00> <Spt= 0.01> <nCl=  4> <al=0.00> <DB= 1986.8276> <Mlp= 1986.8276> <PB=10000000> 
<DWph=1> <it=  7> <et=2.29> <Mt= 0.00> <Spt= 0.01> <nCl= 16> <al=0.21> <DB= 1979.8767> <Mlp= 1986.8276> <PB=10000000> 
<DWph=1> <it=  8> <et=2.31> <Mt= 0.00> <Spt= 0.02> <nCl=  6> <al=0.11> <DB= 1983.9165> <Mlp= 1986.7815> <PB=10000000> 
<DWph=1> <it=  9> <et=2.34> <Mt= 0.01> <Spt= 0.02> <nCl=  8> <al=0.00> <DB= 1986.7777> <Mlp= 1986.7777> <PB=10000000> 
    RCSP exact solver info for graph G_0 : TT = 0.029305, pt = 3.6e-05, dt = 0.027614, ct = 0.00112, ndl = 7921', bdl = 344793', odl = 9837', odf = 95391', bsi = 1436', cnt = 19275', bdch = 3055920', odch = 279014', lcp = 123108', #sols = 150
<DWph=0> <it= 10> <et=2.37> <Mt= 0.00> <Spt= 0.04> <nCl= 59> <al=0.10> <DB= 1978.3667> <Mlp= 1986.7777> <PB=10000000> 
    RCSP exact solver info for graph G_0 : TT = 0.031146, pt = 4.7e-05, dt = 0.029204, ct = 0.001228, ndl = 8028', bdl = 349823', odl = 9843', odf = 96049', bsi = 1405', cnt = 18657', bdch = 3126892', odch = 282872', lcp = 126011', #sols = 150
<DWph=0> <it= 11> <et=2.41> <Mt= 0.00> <Spt= 0.03> <nCl= 20> <al=0.19> <DB= 1984.1261> <Mlp= 1986.5374> <PB=10000000> 
    RCSP exact solver info for graph G_0 : TT = 0.030551, pt = 6.6e-05, dt = 0.028629, ct = 0.001232, ndl = 8082', bdl = 351587', odl = 9832', odf = 96148', bsi = 1411', cnt = 19257', bdch = 3154717', odch = 283161', lcp = 126843', #sols = 150
<DWph=0> <it= 12> <et=2.45> <Mt= 0.00> <Spt= 0.04> <nCl= 15> <al=0.27> <DB= 1985.5791> <Mlp= 1986.5374> <PB=10000000> 
    RCSP exact solver info for graph G_0 : TT = 0.029982, pt = 4.5e-05, dt = 0.028314, ct = 0.001066, ndl = 8091', bdl = 352553', odl = 9854', odf = 96567', bsi = 1412', cnt = 19319', bdch = 3175637', odch = 285563', lcp = 128086', #sols = 150
    RCSP exact solver info for graph G_0 : TT = 0.029207, pt = 5e-05, dt = 0.027673, ct = 0.000965, ndl = 8078', bdl = 351770', odl = 9850', odf = 96445', bsi = 1420', cnt = 19595', bdch = 3160931', odch = 287212', lcp = 127394', #sols = 150
<DWph=0> <it= 13> <et=2.51> <Mt= 0.00> <Spt= 0.06> <nCl=  3> <al=0.00> <DB= 1986.5330> <Mlp= 1986.5330> <PB=10000000> 
RCSP solver dynamic params and stats :  bidir.bord. = 375 aver.obdmd = 48.7419 aver.buck.num. = 51
@@ 1 2 1986.53 0.029409 0.030432 92.1969 2.51
    Full reduced cost fixing is not called (gap ratio is 0.999999)
ColGenEvalAlg final dual bound: 1986.53 (rounded: 1987)
False gap improvement since the last cut separation : 0.00843233 (1984.86)
Cut generation tailing off counter increased to 1
Current active cuts : CAP(7,508.856)
In total 1 RCC cut(s) are found by the connected components heuristic 
Shrinking heuristic shrunk 21 edges
In total 2 RCC cut(s) are found by the Fractional capacity min-cut heuristic 
In total 4 RCC cut(s) are found by the greedy construction heuristic 
----- Add fac. cuts : CAP(7), max.viol = 0.031703, aver.viol = 0.031703, sep/add took 0.0048554/0.0163207 sec. -----
4255 columns (4255 active), 16 dyn. constrs. (14 active), 157 art. vars. (136 active)
<DWph=2> <it=  1> <et=2.57> <Mt= 0.00> <Spt= 0.01> <nCl= 16> <al=0.00> <DB= 1986.1076> <Mlp= 1986.6281> <PB=10000000> 
<DWph=2> <it=  2> <et=2.58> <Mt= 0.01> <Spt= 0.02> <nCl=  1> <al=0.00> <DB= 1986.6281> <Mlp= 1986.6281> <PB=10000000> 
<DWph=1> <it=  3> <et=2.61> <Mt= 0.00> <Spt= 0.03> <nCl=  6> <al=0.00> <DB= 1986.6281> <Mlp= 1986.6281> <PB=10000000> 
    RCSP exact solver info for graph G_0 : TT = 0.032047, pt = 4.9e-05, dt = 0.030365, ct = 0.001068, ndl = 7832', bdl = 342977', odl = 9981', odf = 96970', bsi = 1331', cnt = 18568', bdch = 3061988', odch = 278423', lcp = 123068', #sols = 150
<DWph=0> <it=  4> <et=2.65> <Mt= 0.00> <Spt= 0.03> <nCl= 13> <al=0.20> <DB= 1985.9668> <Mlp= 1986.6281> <PB=10000000> 
    RCSP exact solver info for graph G_0 : TT = 0.030893, pt = 6e-05, dt = 0.029126, ct = 0.001125, ndl = 7834', bdl = 343115', odl = 9977', odf = 97035', bsi = 1333', cnt = 18535', bdch = 3062896', odch = 278810', lcp = 122906', #sols = 150
    RCSP exact solver info for graph G_0 : TT = 0.026447, pt = 6.2e-05, dt = 0.024924, ct = 0.000934, ndl = 7834', bdl = 343049', odl = 9967', odf = 97030', bsi = 1328', cnt = 18591', bdch = 3060614', odch = 278819', lcp = 122941', #sols = 150
<DWph=0> <it=  5> <et=2.71> <Mt= 0.00> <Spt= 0.07> <nCl=  1> <al=0.00> <DB= 1986.6281> <Mlp= 1986.6281> <PB=10000000> 
RCSP solver dynamic params and stats :  bidir.bord. = 375 aver.obdmd = 48.7419 aver.buck.num. = 51
@@ 1 3 1986.63 0.0291807 0.031433 92.1969 2.71
    Full reduced cost fixing is not called (gap ratio is 0.999999)
ColGenEvalAlg final dual bound: 1986.63 (rounded: 1987)
False gap improvement since the last cut separation : 0.000478927 (1986.53)
Cut generation tailing off counter increased to 2
Current active cuts : CAP(9,558.46)
Shrinking heuristic shrunk 22 edges
In total 1 RCC cut(s) are found by the greedy construction heuristic 
----- Add fac. cuts : CAP(1), max.viol = 0.104795, aver.viol = 0.104795, sep/add took 0.00418353/0.00328234 sec. -----
4292 columns (4292 active), 15 dyn. constrs. (11 active), 158 art. vars. (133 active)
<DWph=2> <it=  1> <et=2.74> <Mt= 0.00> <Spt= 0.01> <nCl= 10> <al=0.00> <DB= 1986.6566> <Mlp= 1986.6566> <PB=10000000> 
<DWph=1> <it=  2> <et=2.77> <Mt= 0.00> <Spt= 0.02> <nCl=  6> <al=0.00> <DB= 1986.6566> <Mlp= 1986.6566> <PB=10000000> 
    RCSP exact solver info for graph G_0 : TT = 0.02804, pt = 4e-05, dt = 0.026336, ct = 0.001113, ndl = 7777', bdl = 338776', odl = 9873', odf = 97099', bsi = 1382', cnt = 18316', bdch = 2974995', odch = 281648', lcp = 119961', #sols = 150
    RCSP exact solver info for graph G_0 : TT = 0.028301, pt = 5.1e-05, dt = 0.026605, ct = 0.001065, ndl = 7777', bdl = 338776', odl = 9873', odf = 97099', bsi = 1382', cnt = 18316', bdch = 2974995', odch = 281648', lcp = 119961', #sols = 150
<DWph=0> <it=  3> <et=2.83> <Mt= 0.00> <Spt= 0.07> <nCl=  2> <al=0.00> <DB= 1986.6566> <Mlp= 1986.6566> <PB=10000000> 
RCSP solver dynamic params and stats :  bidir.bord. = 375 aver.obdmd = 48.7419 aver.buck.num. = 51
@@ 1 4 1986.66 0.0275595 0.02767 92.1969 2.83
    Full reduced cost fixing is not called (gap ratio is 0.999999)
ColGenEvalAlg final dual bound: 1986.66 (rounded: 1987)
False gap improvement since the last cut separation : 0.000143687 (1986.63)
----- Cut separators priority level decreased to 1-----
Current active cuts : CAP(10,545.168)
Shrinking heuristic shrunk 21 edges
7 Rank-1 1-rows pack. cuts added ,  max viol. = 0.147131, aver. viol. = 0.118437
150 Rank-1 3-rows pack. cuts added ,  max viol. = 0.367227, aver. viol. = 0.285031
----- Add fac. cuts : R1C(157), max.viol = 0.375818, aver.viol = 0.279902, sep/add took 0.00586544/0.194714 sec. -----
4310 columns (4310 active), 168 dyn. constrs. (167 active), 315 art. vars. (289 active)
<DWph=2> <it=  1> <et=3.08> <Mt= 0.03> <Spt= 0.01> <nCl= 30> <al=0.50> <DB= 1166.0769> <Mlp= 2016.6118> <PB=10000000> 
<DWph=2> <it=  2> <et=3.12> <Mt= 0.03> <Spt= 0.01> <nCl= 29> <al=0.55> <DB= 1334.0783> <Mlp= 2015.5379> <PB=10000000> 
<DWph=2> <it=  3> <et=3.17> <Mt= 0.04> <Spt= 0.01> <nCl= 25> <al=0.60> <DB= 1631.7869> <Mlp= 2014.1634> <PB=10000000> 
<DWph=2> <it=  4> <et=3.20> <Mt= 0.01> <Spt= 0.01> <nCl= 24> <al=0.64> <DB= 1714.5115> <Mlp= 2010.8652> <PB=10000000> 
<DWph=2> <it=  5> <et=3.22> <Mt= 0.02> <Spt= 0.01> <nCl= 19> <al=0.67> <DB= 1989.9977> <Mlp= 2006.4587> <PB=10000000> 
<DWph=2> <it=  6> <et=3.23> <Mt= 0.00> <Spt= 0.01> <nCl= 18> <al=0.70> <DB= 1995.4695> <Mlp= 2006.3325> <PB=10000000> 
<DWph=2> <it=  7> <et=3.25> <Mt= 0.00> <Spt= 0.01> <nCl= 21> <al=0.73> <DB= 1919.9464> <Mlp= 2005.8347> <PB=10000000> 
<DWph=2> <it=  8> <et=3.26> <Mt= 0.01> <Spt= 0.01> <nCl= 20> <al=0.76> <DB= 1998.9643> <Mlp= 2005.4090> <PB=10000000> 
<DWph=2> <it=  9> <et=3.28> <Mt= 0.00> <Spt= 0.01> <nCl= 16> <al=0.78> <DB= 2000.3475> <Mlp= 2005.3909> <PB=10000000> 
<DWph=2> <it= 10> <et=3.29> <Mt= 0.00> <Spt= 0.01> <nCl= 21> <al=0.81> <DB= 1811.8475> <Mlp= 2005.3675> <PB=10000000> 
<DWph=2> <it= 11> <et=3.30> <Mt= 0.01> <Spt= 0.01> <nCl=  9> <al=0.83> <DB= 1949.3480> <Mlp= 2004.9191> <PB=10000000> 
<DWph=2> <it= 12> <et=3.32> <Mt= 0.00> <Spt= 0.01> <nCl= 11> <al=0.73> <DB= 1968.3753> <Mlp= 2004.9096> <PB=10000000> 
<DWph=2> <it= 13> <et=3.33> <Mt= 0.00> <Spt= 0.01> <nCl= 16> <al=0.63> <DB= 1852.4123> <Mlp= 2004.9096> <PB=10000000> 
<DWph=2> <it= 14> <et=3.35> <Mt= 0.01> <Spt= 0.02> <nCl= 26> <al=0.33> <DB= 1274.1139> <Mlp= 2004.8547> <PB=10000000> 
<DWph=2> <it= 15> <et=3.38> <Mt= 0.00> <Spt= 0.02> <nCl= 32> <al=0.13> <DB= 1783.3839> <Mlp= 2004.4722> <PB=10000000> 
<DWph=2> <it= 16> <et=3.39> <Mt= 0.00> <Spt= 0.01> <nCl= 17> <al=0.46> <DB= 1761.3808> <Mlp= 2004.4722> <PB=10000000> 
<DWph=2> <it= 17> <et=3.41> <Mt= 0.01> <Spt= 0.01> <nCl=  9> <al=0.52> <DB= 1908.0760> <Mlp= 2004.1187> <PB=10000000> 
<DWph=2> <it= 18> <et=3.43> <Mt= 0.00> <Spt= 0.02> <nCl= 32> <al=0.00> <DB= 1459.9029> <Mlp= 2004.1173> <PB=10000000> 
<DWph=2> <it= 19> <et=3.44> <Mt= 0.00> <Spt= 0.01> <nCl=  9> <al=0.32> <DB= 1942.3494> <Mlp= 2004.1173> <PB=10000000> 
<DWph=2> <it= 20> <et=3.46> <Mt= 0.01> <Spt= 0.01> <nCl= 24> <al=0.00> <DB= 1727.9545> <Mlp= 2004.1173> <PB=10000000> 
<DWph=2> <it= 21> <et=3.47> <Mt= 0.00> <Spt= 0.01> <nCl= 16> <al=0.12> <DB= 1963.7849> <Mlp= 2004.1173> <PB=10000000> 
<DWph=2> <it= 22> <et=3.49> <Mt= 0.00> <Spt= 0.02> <nCl= 15> <al=0.00> <DB= 2004.1173> <Mlp= 2004.1173> <PB=10000000> 
<DWph=1> <it= 23> <et=3.52> <Mt= 0.00> <Spt= 0.02> <nCl= 23> <al=0.11> <DB= 1625.0679> <Mlp= 2004.1173> <PB=10000000> 
<DWph=1> <it= 24> <et=3.54> <Mt= 0.01> <Spt= 0.03> <nCl= 25> <al=0.01> <DB= 1289.4040> <Mlp= 2004.1170> <PB=10000000> 
<DWph=1> <it= 25> <et=3.57> <Mt= 0.00> <Spt= 0.02> <nCl= 18> <al=0.10> <DB= 1682.8019> <Mlp= 2004.1170> <PB=10000000> 
<DWph=1> <it= 26> <et=3.59> <Mt= 0.00> <Spt= 0.02> <nCl= 21> <al=0.00> <DB= 1858.3024> <Mlp= 2003.3622> <PB=10000000> 
<DWph=1> <it= 27> <et=3.61> <Mt= 0.01> <Spt= 0.02> <nCl=  9> <al=0.10> <DB= 1892.2409> <Mlp= 2003.3011> <PB=10000000> 
<DWph=1> <it= 28> <et=3.64> <Mt= 0.00> <Spt= 0.02> <nCl=  5> <al=0.00> <DB= 2001.8782> <Mlp= 2003.3011> <PB=10000000> 
<DWph=1> <it= 29> <et=3.66> <Mt= 0.00> <Spt= 0.01> <nCl=  4> <al=0.00> <DB= 1918.6473> <Mlp= 2003.3011> <PB=10000000> 
<DWph=1> <it= 30> <et=3.68> <Mt= 0.00> <Spt= 0.02> <nCl= 19> <al=0.00> <DB= 1728.7031> <Mlp= 2003.2459> <PB=10000000> 
<DWph=1> <it= 31> <et=3.71> <Mt= 0.01> <Spt= 0.02> <nCl= 12> <al=0.00> <DB= 1885.0545> <Mlp= 2003.1274> <PB=10000000> 
<DWph=1> <it= 32> <et=3.73> <Mt= 0.00> <Spt= 0.02> <nCl=  9> <al=0.03> <DB= 1981.0632> <Mlp= 2003.1274> <PB=10000000> 
<DWph=1> <it= 33> <et=3.77> <Mt= 0.00> <Spt= 0.04> <nCl=  7> <al=0.00> <DB= 2003.1267> <Mlp= 2003.1267> <PB=10000000> 
    RCSP exact solver info for graph G_0 : TT = 0.063821, pt = 0.000192, dt = 0.059867, ct = 0.003147, ndl = 12816', bdl = 546890', odl = 12209', odf = 143985', bsi = 1840', cnt = 174824', bdch = 6922495', odch = 762443', lcp = 274199', #sols = 150
<DWph=0> <it= 34> <et=3.85> <Mt= 0.01> <Spt= 0.09> <nCl=150> <al=0.03> <DB= 1426.8519> <Mlp= 2003.1267> <PB=10000000> 
    RCSP exact solver info for graph G_0 : TT = 0.047603, pt = 0.000326, dt = 0.043618, ct = 0.003029, ndl = 11751', bdl = 492149', odl = 12320', odf = 139823', bsi = 1709', cnt = 118019', bdch = 5988033', odch = 628984', lcp = 261446', #sols = 150
<DWph=0> <it= 35> <et=3.93> <Mt= 0.01> <Spt= 0.06> <nCl=134> <al=0.13> <DB= 1645.5947> <Mlp= 2001.6935> <PB=10000000> 
    RCSP exact solver info for graph G_0 : TT = 0.046027, pt = 0.000316, dt = 0.042325, ct = 0.002695, ndl = 10975', bdl = 458128', odl = 12291', odf = 132976', bsi = 1665', cnt = 107649', bdch = 5415193', odch = 557717', lcp = 235650', #sols = 150
<DWph=0> <it= 36> <et=4.00> <Mt= 0.00> <Spt= 0.06> <nCl= 91> <al=0.21> <DB= 1800.7996> <Mlp= 2000.7964> <PB=10000000> 
    RCSP exact solver info for graph G_0 : TT = 0.046043, pt = 0.000314, dt = 0.042355, ct = 0.002687, ndl = 10889', bdl = 455586', odl = 12075', odf = 133489', bsi = 1618', cnt = 117410', bdch = 5348423', odch = 558937', lcp = 227460', #sols = 150
<DWph=0> <it= 37> <et=4.05> <Mt= 0.01> <Spt= 0.05> <nCl= 22> <al=0.29> <DB= 1996.8828> <Mlp= 2000.6716> <PB=10000000> 
    RCSP exact solver info for graph G_0 : TT = 0.047071, pt = 0.000411, dt = 0.043066, ct = 0.00277, ndl = 11044', bdl = 461513', odl = 12063', odf = 136178', bsi = 1643', cnt = 129893', bdch = 5460331', odch = 577102', lcp = 231046', #sols = 150
<DWph=0> <it= 38> <et=4.11> <Mt= 0.00> <Spt= 0.05> <nCl= 14> <al=0.19> <DB= 1999.9429> <Mlp= 2000.6681> <PB=10000000> 
    RCSP exact solver info for graph G_0 : TT = 0.046841, pt = 0.000313, dt = 0.04324, ct = 0.00261, ndl = 10966', bdl = 459209', odl = 12052', odf = 135198', bsi = 1642', cnt = 122596', bdch = 5400391', odch = 568710', lcp = 229001', #sols = 150
    RCSP exact solver info for graph G_0 : TT = 0.041575, pt = 0.000273, dt = 0.037852, ct = 0.002744, ndl = 10877', bdl = 454085', odl = 12060', odf = 134452', bsi = 1650', cnt = 124953', bdch = 5313639', odch = 562028', lcp = 226974', #sols = 150
<DWph=0> <it= 39> <et=4.21> <Mt= 0.00> <Spt= 0.10> <nCl= 25> <al=0.00> <DB= 2000.6681> <Mlp= 2000.6681> <PB=10000000> 
RCSP solver dynamic params and stats :  bidir.bord. = 375 aver.obdmd = 48.7419 aver.buck.num. = 51 nbR1C = 22 with avMem = 9.90909
@@ 1 5 2000.67 0.0474293 0.063014 92.1969 4.21
    Full reduced cost fixing is not called (gap ratio is 0.999998)
Bucket graph for G_0 is regenerated as bucket steps were adjusted for 62 vertices
RCSP solver info : number of forw. reachable buckets / buck. strongly connected components is 5980( 95.4966% ) / 5980( 100% )
326192 forw. buck. arcs remain (92.4738% from max.) + 0 jump buck. arcs
ColGenEvalAlg final dual bound: 2000.67 (rounded: 2001)
False gap improvement since the last cut separation : 0.0705276 (1986.66)
Current active cuts : CAP(6,314.445) R1C(2+20,86.8642) 1rowPackR1C(2) 3rowPackR1C(20)
In total 1 RCC cut(s) are found by the connected components heuristic 
Shrinking heuristic shrunk 17 edges
In total 5 RCC cut(s) are found by the Fractional capacity min-cut heuristic 
In total 5 RCC cut(s) are found by the greedy construction heuristic 
In total 3 RCC cut(s) are found by the global pool greedy search heuristic 
6 Rank-1 1-rows pack. cuts added ,  max viol. = 0.39429, aver. viol. = 0.107812
150 Rank-1 3-rows pack. cuts added ,  max viol. = 0.226852, aver. viol. = 0.159933
----- Add fac. cuts : CAP(14) R1C(156), max.viol = 0.39429, aver.viol = 0.154513, sep/add took 0.00809922/0.324289 sec. -----
5337 columns (5337 active), 337 dyn. constrs. (198 active), 485 art. vars. (320 active)
<DWph=2> <it=  1> <et=4.65> <Mt= 0.03> <Spt= 0.02> <nCl= 13> <al=0.50> <DB= 1997.5709> <Mlp= 2004.1469> <PB=10000000> 
<DWph=2> <it=  2> <et=4.76> <Mt= 0.09> <Spt= 0.02> <nCl= 17> <al=0.55> <DB= 2002.1935> <Mlp= 2004.0579> <PB=10000000> 
<DWph=2> <it=  3> <et=4.79> <Mt= 0.00> <Spt= 0.02> <nCl= 15> <al=0.60> <DB= 2002.6877> <Mlp= 2004.0471> <PB=10000000> 
<DWph=2> <it=  4> <et=4.81> <Mt= 0.01> <Spt= 0.02> <nCl= 18> <al=0.64> <DB= 2002.6287> <Mlp= 2004.0453> <PB=10000000> 
<DWph=2> <it=  5> <et=4.83> <Mt= 0.00> <Spt= 0.02> <nCl=  7> <al=0.67> <DB= 2003.1311> <Mlp= 2004.0393> <PB=10000000> 
<DWph=2> <it=  6> <et=4.86> <Mt= 0.01> <Spt= 0.02> <nCl=  7> <al=0.70> <DB= 1963.6969> <Mlp= 2004.0393> <PB=10000000> 
<DWph=2> <it=  7> <et=4.91> <Mt= 0.01> <Spt= 0.04> <nCl= 24> <al=0.47> <DB= 1981.3119> <Mlp= 2003.9367> <PB=10000000> 
<DWph=2> <it=  8> <et=4.94> <Mt= 0.01> <Spt= 0.02> <nCl=  9> <al=0.63> <DB= 1995.5965> <Mlp= 2003.9021> <PB=10000000> 
<DWph=2> <it=  9> <et=5.01> <Mt= 0.00> <Spt= 0.06> <nCl= 25> <al=0.00> <DB= 1982.0784> <Mlp= 2003.9021> <PB=10000000> 
<DWph=2> <it= 10> <et=5.03> <Mt= 0.00> <Spt= 0.02> <nCl=  6> <al=0.57> <DB= 1977.8607> <Mlp= 2003.9021> <PB=10000000> 
<DWph=2> <it= 11> <et=5.06> <Mt= 0.01> <Spt= 0.02> <nCl=  4> <al=0.61> <DB= 1978.6176> <Mlp= 2003.8762> <PB=10000000> 
<DWph=2> <it= 12> <et=5.10> <Mt= 0.00> <Spt= 0.04> <nCl=  6> <al=0.30> <DB= 2000.3319> <Mlp= 2003.8761> <PB=10000000> 
<DWph=2> <it= 13> <et=5.15> <Mt= 0.01> <Spt= 0.04> <nCl=  8> <al=0.10> <DB= 1996.2560> <Mlp= 2003.8761> <PB=10000000> 
<DWph=2> <it= 14> <et=5.19> <Mt= 0.00> <Spt= 0.04> <nCl=  8> <al=0.00> <DB= 2003.8761> <Mlp= 2003.8761> <PB=10000000> 
<DWph=1> <it= 15> <et=5.23> <Mt= 0.00> <Spt= 0.04> <nCl= 19> <al=0.35> <DB= 1943.8761> <Mlp= 2003.8761> <PB=10000000> 
<DWph=1> <it= 16> <et=5.31> <Mt= 0.01> <Spt= 0.08> <nCl=  7> <al=0.00> <DB= 2003.8732> <Mlp= 2003.8732> <PB=10000000> 
    RCSP exact solver info for graph G_0 : TT = 0.08082, pt = 0.000403, dt = 0.075587, ct = 0.003989, ndl = 16231', bdl = 675110', odl = 20975', odf = 356686', bsi = 1722', cnt = 157557', bdch = 6613142', odch = 1280381', lcp = 334605', #sols = 150
<DWph=0> <it= 17> <et=5.41> <Mt= 0.00> <Spt= 0.10> <nCl=150> <al=0.15> <DB= 1655.6561> <Mlp= 2003.8732> <PB=10000000> 
    RCSP exact solver info for graph G_0 : TT = 0.069957, pt = 0.000567, dt = 0.06529, ct = 0.003365, ndl = 13942', bdl = 576279', odl = 20034', odf = 315297', bsi = 1694', cnt = 130051', bdch = 5203222', odch = 951686', lcp = 249949', #sols = 150
<DWph=0> <it= 18> <et=5.51> <Mt= 0.01> <Spt= 0.08> <nCl= 58> <al=0.05> <DB= 1893.6077> <Mlp= 2003.7493> <PB=10000000> 
    RCSP exact solver info for graph G_0 : TT = 0.070214, pt = 0.000451, dt = 0.065439, ct = 0.003546, ndl = 13956', bdl = 575967', odl = 20229', odf = 320312', bsi = 1680', cnt = 129060', bdch = 5185733', odch = 988519', lcp = 258900', #sols = 150
<DWph=0> <it= 19> <et=5.59> <Mt= 0.01> <Spt= 0.08> <nCl= 44> <al=0.15> <DB= 1914.3881> <Mlp= 2003.6378> <PB=10000000> 
    RCSP exact solver info for graph G_0 : TT = 0.071757, pt = 0.000515, dt = 0.066812, ct = 0.003634, ndl = 14154', bdl = 584672', odl = 20255', odf = 324052', bsi = 1704', cnt = 131834', bdch = 5308742', odch = 1007363', lcp = 265190', #sols = 150
<DWph=0> <it= 20> <et=5.68> <Mt= 0.00> <Spt= 0.07> <nCl=  4> <al=0.23> <DB= 1982.8884> <Mlp= 2003.6318> <PB=10000000> 
    RCSP exact solver info for graph G_0 : TT = 0.070478, pt = 0.000541, dt = 0.065595, ct = 0.003543, ndl = 14087', bdl = 581793', odl = 20184', odf = 322937', bsi = 1699', cnt = 129803', bdch = 5256846', odch = 999392', lcp = 262481', #sols = 150
    RCSP exact solver info for graph G_0 : TT = 0.06393, pt = 0.000514, dt = 0.05894, ct = 0.003679, ndl = 14092', bdl = 581701', odl = 20165', odf = 322987', bsi = 1694', cnt = 129374', bdch = 5249386', odch = 1001588', lcp = 262807', #sols = 150
<DWph=0> <it= 21> <et=5.82> <Mt= 0.01> <Spt= 0.15> <nCl=  9> <al=0.00> <DB= 2003.6318> <Mlp= 2003.6318> <PB=10000000> 
RCSP solver dynamic params and stats :  bidir.bord. = 375 aver.obdmd = 97.4839 aver.buck.num. = 101 nbR1C = 37 with avMem = 11.2703
@@ 1 6 2003.63 0.0699032 0.079576 92.4738 5.82
    Full reduced cost fixing is not called (gap ratio is 0.999998)
ColGenEvalAlg final dual bound: 2003.63 (rounded: 2004)
False gap improvement since the last cut separation : 0.0148136 (2000.67)
Separator R1C not in maximum phase
Cut generation tailing off counter increased to 0
Current active cuts : CAP(7,174.262) R1C(7+30,108.558) 1rowPackR1C(7) 3rowPackR1C(30)
Shrinking heuristic shrunk 16 edges
In total 3 RCC cut(s) are found by the Fractional capacity min-cut heuristic 
In total 1 RCC cut(s) are found by the greedy construction heuristic 
In total 1 RCC cut(s) are found by the global pool greedy search heuristic 
4 Rank-1 1-rows pack. cuts added ,  max viol. = 0.191027, aver. viol. = 0.0722707
150 Rank-1 3-rows pack. cuts added ,  max viol. = 0.285409, aver. viol. = 0.129041
Building structures for heuristic rank-1 packing cut separation...done!
100 Rank-1 4-rows pack. cuts added ,  max viol. = 0.30936, aver. viol. = 0.205898
----- Add fac. cuts : CAP(5) R1C(254), max.viol = 0.348169, aver.viol = 0.164547, sep/add took 0.0411215/0.482909 sec. -----
5795 columns (5795 active), 461 dyn. constrs. (304 active), 744 art. vars. (426 active)
Shrinking heuristic shrunk 56 edges
<DWph=2> <it=  1> <et=6.45> <Mt= 0.01> <Spt= 0.05> <nCl= 20> <al=0.00> <DB= 1987.4585> <Mlp= 2005.0000> <PB=2005> 
<DWph=2> <it=  2> <et=6.51> <Mt= 0.01> <Spt= 0.05> <nCl=  7> <al=0.00> <DB= 1994.7925> <Mlp= 2005.0000> <PB=2005> 
<DWph=2> <it=  3> <et=6.56> <Mt= 0.00> <Spt= 0.05> <nCl=  5> <al=0.00> <DB= 2005.0000> <Mlp= 2005.0000> <PB=2005> 
<DWph=1> <it=  4> <et=6.61> <Mt= 0.01> <Spt= 0.05> <nCl= 16> <al=0.20> <DB= 1945.0000> <Mlp= 2005.0000> <PB=2005> 
<DWph=1> <it=  5> <et=6.67> <Mt= 0.01> <Spt= 0.05> <nCl=  6> <al=0.28> <DB= 1944.6258> <Mlp= 2005.0000> <PB=2005> 
<DWph=1> <it=  6> <et=6.77> <Mt= 0.01> <Spt= 0.09> <nCl=  7> <al=0.00> <DB= 2000.5328> <Mlp= 2005.0000> <PB=2005> 
<DWph=1> <it=  7> <et=6.86> <Mt= 0.01> <Spt= 0.08> <nCl=  0> <al=0.00> <DB= 2005.0000> <Mlp= 2005.0000> <PB=2005> 
    RCSP exact solver info for graph G_0 : TT = 0.086075, pt = 0.000514, dt = 0.080484, ct = 0.004188, ndl = 15727', bdl = 642961', odl = 21028', odf = 353741', bsi = 1787', cnt = 184985', bdch = 6365269', odch = 1188265', lcp = 309719', #sols = 150
<DWph=0> <it=  8> <et=6.97> <Mt= 0.00> <Spt= 0.10> <nCl= 64> <al=0.15> <DB= 1934.2635> <Mlp= 2005.0000> <PB=2005> 
    RCSP exact solver info for graph G_0 : TT = 0.084038, pt = 0.00058, dt = 0.07841, ct = 0.004092, ndl = 15324', bdl = 628238', odl = 20857', odf = 346473', bsi = 1723', cnt = 170022', bdch = 6103225', odch = 1137602', lcp = 302470', #sols = 150
<DWph=0> <it=  9> <et=7.07> <Mt= 0.01> <Spt= 0.10> <nCl= 13> <al=0.05> <DB= 1956.0516> <Mlp= 2005.0000> <PB=2005> 
    RCSP exact solver info for graph G_0 : TT = 0.088914, pt = 0.000649, dt = 0.082941, ct = 0.004398, ndl = 15537', bdl = 633969', odl = 20909', odf = 351758', bsi = 1710', cnt = 176347', bdch = 6220956', odch = 1175998', lcp = 308205', #sols = 150
<DWph=0> <it= 10> <et=7.18> <Mt= 0.01> <Spt= 0.09> <nCl= 13> <al=0.15> <DB= 1987.0120> <Mlp= 2005.0000> <PB=2005> 
    RCSP exact solver info for graph G_0 : TT = 0.08873, pt = 0.000625, dt = 0.08259, ct = 0.004536, ndl = 15511', bdl = 635593', odl = 20826', odf = 350793', bsi = 1714', cnt = 173955', bdch = 6225819', odch = 1166533', lcp = 304359', #sols = 150
    RCSP exact solver info for graph G_0 : TT = 0.085305, pt = 0.000519, dt = 0.079473, ct = 0.004413, ndl = 15539', bdl = 638020', odl = 20896', odf = 350864', bsi = 1730', cnt = 174552', bdch = 6254303', odch = 1170874', lcp = 307016', #sols = 150
<DWph=0> <it= 11> <et=7.37> <Mt= 0.01> <Spt= 0.19> <nCl=  6> <al=0.00> <DB= 2005.0000> <Mlp= 2005.0000> <PB=2005> 
RCSP solver dynamic params and stats :  bidir.bord. = 375 aver.obdmd = 97.4839 aver.buck.num. = 101 nbR1C = 42 with avMem = 12.9286
@@ 1 7 2005 0.085105 0.087339 92.4738 7.37
ColGenEvalAlg final dual bound: 2005 (rounded: 2005)
Gap improvement since the last cut separation : 1 (2003.63)
Current active cuts : CAP(6,198.912) R1C(7+35,112.685) 1rowPackR1C(7) 3rowPackR1C(29) 4rowPackR1C(6)
New model incumbent solution 2005, TIME = 0h0m7s41t = 741
************************************************************************************************
Search is finished, global bounds : [ 2005 , 2005 ], TIME = 0h0m7s41t = 741
************************************************************************************************
[32mBaPCod : solution defined.[00m
statistics_cols: instance & :Optimal & cutoff & :bcRecRootDb & :bcTimeRootEval & :bcCountNodeProc & :bcRecBestDb & :bcRecBestInc & :bcTimeMain \\
statistics: instance_20-triangle & 1 & 1.0e7 & 2005.00 & 7.41 & 1 & 2005.00 & 2005 & 7.41 \\
########################################################
Route #1: 3 56 26 24 5 6 59 30 41 55 23 42 31 
Route #2: 7 52 38 29 34 58 20 21 11 57 35 25 36 51 43 
Route #3: 12 13 4 53 60 19 50 39 18 2 1 40 16 22 33 15 
Route #4: 28 27 14 8 17 37 45 32 10 46 54 49 9 44 47 48 
Cost 2005
########################################################

end_time=2026-04-19 23:13:17
exit_code=0
