instance_file=/mnt/c/Users/porin/OneDrive/Documentos/Python-Mestrado/Modelagem Matemática/Programação Inteira - Uchoa/Problema VRPRDL/instancias_turco/VRPRDL-triangle/vrp_convertidos/instance_23-triangle.vrp
instance_name=instance_23-triangle
start_time=2026-04-19 23:13:52

  Activating project at `~/VRPSolver/VRPSolverDemos`
Application parameters:
  batch  =>  nothing
  instance  =>  "/mnt/c/Users/porin/OneDrive/Documentos/Python-Mestrado/Modelagem Matemática/Programação Inteira - Uchoa/Problema VRPRDL/instancias_turco/VRPRDL-triangle/vrp_convertidos/instance_23-triangle.vrp"
  noround  =>  false
  cfg  =>  "/home/poringman/VRPSolver/VRPSolverDemos/src/../config/CVRP.cfg"
  edge_cuts  =>  false
  out  =>  nothing
  ub  =>  1.0e7
  cluster_branching  =>  1.0
  sol  =>  nothing
  single_resource  =>  false
  strong_kpath_cuts  =>  false
  tikz  =>  nothing
  maxr  =>  999
  update  =>  false
  show_complete_form  =>  false
  nosolve  =>  false
  minr  =>  1
  low_edge_priority  =>  false
~~~~~~~~~~~~~~~~~~~~~~~~~~~~~~~~~~~~~~~~~~~~~~~~~~~~~~~~~~~~~~~~~~~~~~~~~~~~~~~~~~~~~
GIT VERSION RCSP: 
GIT BRANCH: 
~~~~~~~~~~~~~~~~~~~~~~~~~~~~~~~~~~~~~~~~~~~~~~~~~~~~~~~~~~~~~~~~~~~~~~~~~~~~~~~~~~~~~
VRPSolver v0.6.16, 10/11/2025, © Inria Bordeaux, France, vrpsolver.math.u-bordeaux.fr
      Corresponds to the solver by Pessoa, Sadykov, Uchoa and Vanderbeck (2020)
                 Paper: dx.doi.org/10.1007/s10107-020-01523-z
~~~~~~~~~~~~~~~~~~~~~~~~~~~~~~~~~~~~~~~~~~~~~~~~~~~~~~~~~~~~~~~~~~~~~~~~~~~~~~~~~~~~~
GIT VERSION BAPCOD: a7cb21f19424236c9d0da5dcf94961797a519470
GIT BRANCH: main
~~~~~~~~~~~~~~~~~~~~~~~~~~~~~~~~~~~~~~~~~~~~~~~~~~~~~~~~~~~~~~~~~~~~~~~~~~~~~~~~~~~~~
   BaPCod v0.84, 10/11/2025, © Inria Bordeaux, France, bapcod.math.u-bordeaux.fr 
           THIS CODE IS PROVIDED AS IS, USE IT AT YOUR OWN RISK
~~~~~~~~~~~~~~~~~~~~~~~~~~~~~~~~~~~~~~~~~~~~~~~~~~~~~~~~~~~~~~~~~~~~~~~~~~~~~~~~~~~~~
--- MAIN PARAMETERS ---
GlobalTimeLimitInTick = 2147483645
GlobalTimeLimit = 21474836
ClockType = 0
MaxNbOfBBtreeNodeTreated = 100000
optimalityGapTolerance = 1e-06
relOptimalityGapTolerance = 1e-09
ApplyPreprocessing = false
PreprocessVariablesLocalBounds = false
treeSearchStrategy = 1
OpenNodesLimit = 1000
DEFAULTPRINTLEVEL = 0
--- MIP SOLVER PARAMETERS ---
solverName = CPLEX_SOLVER
MipSolverMaxBBNodes = 2000000
MipSolverMaxTime = 360000
MipSolverMultiThread = 1
--- COLUMN GENERATION PARAMETERS ---
SolverSelectForMast = a
  colGenSubProbSolMode = customSolver
mastInitMode = localArtCol
ArtVarPenaltyUpdateFactor = 2
ArtVarMaxNbOfPenaltyUpdates = 5
MaxNbOfStagesInColGenProcedure = 3
GenerateProperColumns = false
InsertAllGeneratedColumnsInFormRatherThanInPool = true
InsertNewNonNegColumnsDirectlyInFormRatherThanInPool = true
ColumnCleanupThreshold = 10000
ColumnCleanupRatio = 0.66
ReducedCostFixingThreshold = 0.9
--- CUT GENERATION PARAMETERS ---
MasterCuttingPlanesDepthLimit = 1000
MaxNbOfCutGeneratedAtEachIter = 1000
CutTailingOffThreshold = 0.015
CutTailingOffCounterThreshold = 3
CutCleanupThreshold = 1
CutCleanupRatio = 0.66
ColGenSpRelaxationImprovementPriority = 0
--- STABILIZATION PARAMETERS ---
colGenDualPriceSmoothingAlphaFactor = 1
colGenDualPriceSmoothingBetaFactor = 0
colGenStabilizationFunctionType = none
colGenProximalStabilizationRule = undefined
StabilFuncKappa = 1
colGenStabilizationMaxTreeDepth = 10000
StabilizationMinPhaseOfStage = 0
--- PRIMAL HEURISTIC PARAMETERS ---
UseInitialPrimalHeur = false
MaxTimeForRestrictedMasterIpHeur = -1
CallFrequencyOfRestrictedMasterIpHeur = 5
MIPemphasisInRestrictedMasterIpHeur = 1
PolishingAfterTimeInRestrictedMasterIpHeur = -1
DivingHeurUseDepthLimit = -1
CallFrequencyOfDivingHeur = 1
LeastFractional
Closest2RoundUp
LeastGreedyCost
LeastCost
FixIntValBeforeRoundingHeur = true
MaxNbOfCgIteDuringRh = 5000
MaxLDSbreadth = 0
MaxLDSdepth = 0
DivingHeurStopsWithFirstFeasSol = false
DivingHeurPreprocessBeforeChoosingVar = false
StrongDivingCandidatesNumber = 1
EvalAlgParamsInDiving = max#cand. = 1 max#cg.iters = 10000 min.lvl.sp.restr. = 1 min#cut.rounds = 0 max#cut.rounds = 0 red.cost.fix&enum. = false tree.size.ratio = 1
LocalSearchHeurUseDepthLimit = -1
LeastFractional
Closest2RoundUp
LeastGreedyCost
LeastCost
MaxFactorOfColFixedByLocalSearchHeur = 0.8
MaxLocalSearchIterationCounter = 3
--- STRONG BRANCHING PARAMETERS ---
SimplifiedStrongBranchingParameterisation = true
StrongBranchingPhaseOneCandidatesNumber = 100
StrongBranchingPhaseOneTreeSizeEstimRatio = 0.2
StrongBranchingPhaseTwoCandidatesNumber = 3
StrongBranchingPhaseTwoTreeSizeEstimRatio = 0.02
SafeDualBoundScaleFactor = -1
StrongBranchingPhaseOne = max#cand. = 100 max#cg.iters = 0 min.lvl.sp.restr. = 0 min#cut.rounds = 0 max#cut.rounds = 0 red.cost.fix&enum. = false tree.size.ratio = 0.2
StrongBranchingPhaseTwo = max#cand. = 3 max#cg.iters = 10000 min.lvl.sp.restr. = 1 min#cut.rounds = 0 max#cut.rounds = 0 red.cost.fix&enum. = false tree.size.ratio = 0.02
StrongBranchingPhaseThree = max#cand. = 1 max#cg.iters = 10000 min.lvl.sp.restr. = 0 min#cut.rounds = 0 max#cut.rounds = 10000 red.cost.fix&enum. = true tree.size.ratio = 1
StrongBranchingPhaseFour =not active
--- DEBUG OUTPUT PARAMETERS ---
printMasterPrimalSols = 0
--- VRPSOLVER PARAMETERS ---
RCSPstopCutGenTimeThresholdInPricing = 10
RCSPhardTimeThresholdInPricing = 25
RCSPredCostFixingTimeThreshold = 100
RCSPnumberOfBucketsPerVertex = 25
RCSPdynamicBucketSteps = 1
RCSPuseBidirectionalSearch = 2
RCSPapplyReducedCostFixing = 1
RCSPmaxNumOfColsPerIteration = 30
RCSPmaxNumOfColsPerExactIteration = 150
RCSPmaxNumOfLabelsInEnumeration = 500000
RCSPmaxNumOfLabelsInHeurEnumeration = 0
RCSPmaxNumOfEnumeratedSolutions = 5000000
RCSPmaxNumOfEnumSolutionsForMIP = 10000
RCSPmaxNumOfEnumSolsForEndOfNodeMIP = 10000
RCSPinitNGneighbourhoodSize = 8
RCSPmaxNGneighbourhoodSize = 8
RCSPrankOneCutsMaxNumRows = 5
RCSPrankOneCutsMaxNumPerRound = 100
RCSPrankOneCutsMemoryType = 0
RCSPrankOneCutsLSnumIterations = 1000
RCSPallowRoutesWithSameVerticesSet = true
RCSPredCostFixingFalseGap = 0
SafeDualBoundScaleFactor = -1
RCSPmaxNumOfLabelsInHeurEnumeration = 0
MaxNumEnumSolsInRestrictedMasterIpHeur = 5000

prName & bcTimeMain \\ 
New model incumbent solution 1e+07, TIME = 0h0m0s43t = 43
RCSP solver info : size of non-robust cut bitmask in a label is 640 bits
Bucket steps were recalculated for graph G_0 : [30]
RCSP solver info : symmetric case is detected for graph G_0! 
Bidirectional border value is initialised to 375
RCSP solver info : number of forw. reachable buckets / buck. strongly connected components is 1571( 97.4566% ) / 1146( 72.9472% )
RCSP solver info: std. label size is 56, ext. label size is 136
Generating neighbourhoods for rank-1 cuts separation
Building structures for 4- and 5-row rank-1 packing cut separation...done!
Model is built TIME = 0h0m0s45t = 45
************************************************************************************************
**** BaB tree root node
**** Local DB = -1e+12, global bounds : [ -1e+12 , 1e+07 ], TIME = 0h0m0s45t = 45
**** 1 open nodes, 0 columns (0 active), 0 dyn. constrs. (0 active), 122 art. vars. (122 active)
************************************************************************************************
--------------------------------------------------------------------------
BaPCod info : first we run the root node with rank-1 cuts with node memory
--------------------------------------------------------------------------
#<DWph=2> <it=  1> <et=0.45> <Mt= 0.00> <Spt= 0.00> <nCl= 30> <al=0.00> <DB=-43199827260.0000> <Mlp=1488000000.0000> <PB=10000000> 
#<DWph=2> <it=  2> <et=0.45> <Mt= 0.00> <Spt= 0.00> <nCl= 30> <al=0.55> <DB=-33175261424.3250> <Mlp=1365000701.5000> <PB=10000000> 
#<DWph=2> <it=  3> <et=0.46> <Mt= 0.00> <Spt= 0.00> <nCl= 30> <al=0.60> <DB=-33220342667.3419> <Mlp=1321200702.3000> <PB=10000000> 
#<DWph=2> <it=  4> <et=0.46> <Mt= 0.00> <Spt= 0.01> <nCl= 30> <al=0.64> <DB=-30455868365.2309> <Mlp=1267011191.4515> <PB=10000000> 
#<DWph=2> <it=  5> <et=0.46> <Mt= 0.00> <Spt= 0.00> <nCl= 30> <al=0.67> <DB=-26347569068.6708> <Mlp=1238765895.1452> <PB=10000000> 
#<DWph=2> <it=  6> <et=0.47> <Mt= 0.00> <Spt= 0.00> <nCl= 30> <al=0.57> <DB=-24463765340.9560> <Mlp=1214842249.1583> <PB=10000000> 
#<DWph=2> <it=  7> <et=0.47> <Mt= 0.00> <Spt= 0.01> <nCl= 30> <al=0.61> <DB=-21985849663.6268> <Mlp=1174435467.0071> <PB=10000000> 
#<DWph=2> <it=  8> <et=0.47> <Mt= 0.00> <Spt= 0.00> <nCl= 30> <al=0.65> <DB=-22299815903.4839> <Mlp=1003511933.9481> <PB=10000000> 
#<DWph=2> <it=  9> <et=0.48> <Mt= 0.00> <Spt= 0.00> <nCl= 30> <al=0.69> <DB=-21865508521.9754> <Mlp=908235689.5559> <PB=10000000> 
#<DWph=2> <it= 10> <et=0.48> <Mt= 0.00> <Spt= 0.01> <nCl= 30> <al=0.72> <DB=-22040197228.2725> <Mlp=821810917.7467> <PB=10000000> 
#<DWph=2> <it= 11> <et=0.48> <Mt= 0.00> <Spt= 0.00> <nCl= 30> <al=0.75> <DB=-19726217870.0307> <Mlp=766002711.3735> <PB=10000000> 
#<DWph=2> <it= 12> <et=0.49> <Mt= 0.00> <Spt= 0.00> <nCl= 30> <al=0.77> <DB=-19746548761.0926> <Mlp=722727114.2939> <PB=10000000> 
#<DWph=2> <it= 13> <et=0.49> <Mt= 0.00> <Spt= 0.00> <nCl= 30> <al=0.80> <DB=-19361761455.0535> <Mlp=702960635.3809> <PB=10000000> 
#<DWph=2> <it= 14> <et=0.49> <Mt= 0.00> <Spt= 0.01> <nCl= 30> <al=0.82> <DB=-17753196917.7069> <Mlp=609334753.6207> <PB=10000000> 
#<DWph=2> <it= 15> <et=0.50> <Mt= 0.00> <Spt= 0.00> <nCl= 30> <al=0.83> <DB=-17517505279.0189> <Mlp=523897239.9642> <PB=10000000> 
#<DWph=2> <it= 16> <et=0.50> <Mt= 0.00> <Spt= 0.00> <nCl= 30> <al=0.73> <DB=-18032559422.5057> <Mlp=439346750.4236> <PB=10000000> 
#<DWph=2> <it= 17> <et=0.51> <Mt= 0.00> <Spt= 0.01> <nCl= 30> <al=0.76> <DB=-16994387520.2812> <Mlp=331010722.2247> <PB=10000000> 
#<DWph=2> <it= 18> <et=0.51> <Mt= 0.00> <Spt= 0.00> <nCl= 30> <al=0.78> <DB=-17042287424.1201> <Mlp=302196636.1463> <PB=10000000> 
#<DWph=2> <it= 19> <et=0.51> <Mt= 0.00> <Spt= 0.00> <nCl= 30> <al=0.81> <DB=-16830781653.7856> <Mlp=226314397.9962> <PB=10000000> 
#<DWph=2> <it= 20> <et=0.52> <Mt= 0.01> <Spt= 0.00> <nCl= 30> <al=0.83> <DB=-15451736713.3440> <Mlp=198686014.3464> <PB=10000000> 
#<DWph=2> <it= 21> <et=0.52> <Mt= 0.00> <Spt= 0.01> <nCl= 30> <al=0.73> <DB=-15282966313.3689> <Mlp=158985044.5724> <PB=10000000> 
#<DWph=2> <it= 22> <et=0.52> <Mt= 0.00> <Spt= 0.00> <nCl= 30> <al=0.75> <DB=-14085589177.4624> <Mlp=123992921.2341> <PB=10000000> 
#<DWph=2> <it= 23> <et=0.53> <Mt= 0.00> <Spt= 0.00> <nCl= 30> <al=0.78> <DB=-13398496651.4061> <Mlp=95539051.7814> <PB=10000000> 
#<DWph=2> <it= 24> <et=0.53> <Mt= 0.00> <Spt= 0.01> <nCl= 30> <al=0.68> <DB=-13017464565.2557> <Mlp=55439881.4968> <PB=10000000> 
#<DWph=2> <it= 25> <et=0.54> <Mt= 0.00> <Spt= 0.00> <nCl= 30> <al=0.71> <DB=-11769315763.6925> <Mlp=18024679.9908> <PB=10000000> 
<DWph=2> <it= 26> <et=0.55> <Mt= 0.00> <Spt= 0.01> <nCl= 30> <al=0.00> <DB=-513843.8461> <Mlp= 5755.5735> <PB=10000000> 
<DWph=2> <it= 27> <et=0.55> <Mt= 0.00> <Spt= 0.00> <nCl= 30> <al=0.51> <DB=-275155.2582> <Mlp= 5712.2690> <PB=10000000> 
<DWph=2> <it= 28> <et=0.56> <Mt= 0.01> <Spt= 0.00> <nCl= 30> <al=0.41> <DB=-178997.5281> <Mlp= 5592.4118> <PB=10000000> 
<DWph=2> <it= 29> <et=0.56> <Mt= 0.00> <Spt= 0.01> <nCl= 30> <al=0.31> <DB=-162717.9035> <Mlp= 5397.1373> <PB=10000000> 
<DWph=2> <it= 30> <et=0.56> <Mt= 0.00> <Spt= 0.00> <nCl= 30> <al=0.38> <DB=-150770.7934> <Mlp= 5242.8679> <PB=10000000> 
<DWph=2> <it= 31> <et=0.57> <Mt= 0.00> <Spt= 0.00> <nCl= 30> <al=0.44> <DB=-109548.4914> <Mlp= 5153.9302> <PB=10000000> 
<DWph=2> <it= 32> <et=0.57> <Mt= 0.00> <Spt= 0.00> <nCl= 30> <al=0.50> <DB=-101036.0102> <Mlp= 4973.2233> <PB=10000000> 
<DWph=2> <it= 33> <et=0.58> <Mt= 0.00> <Spt= 0.01> <nCl= 30> <al=0.55> <DB=-91727.4748> <Mlp= 4572.9768> <PB=10000000> 
<DWph=2> <it= 34> <et=0.58> <Mt= 0.00> <Spt= 0.00> <nCl= 30> <al=0.59> <DB=-85682.2127> <Mlp= 4424.9660> <PB=10000000> 
<DWph=2> <it= 35> <et=0.59> <Mt= 0.01> <Spt= 0.00> <nCl= 30> <al=0.63> <DB=-85133.5743> <Mlp= 4274.1332> <PB=10000000> 
<DWph=2> <it= 36> <et=0.59> <Mt= 0.00> <Spt= 0.01> <nCl= 30> <al=0.67> <DB=-72348.5619> <Mlp= 4085.0891> <PB=10000000> 
<DWph=2> <it= 37> <et=0.60> <Mt= 0.00> <Spt= 0.00> <nCl= 30> <al=0.70> <DB=-61190.0992> <Mlp= 4010.3780> <PB=10000000> 
<DWph=2> <it= 38> <et=0.60> <Mt= 0.00> <Spt= 0.00> <nCl= 30> <al=0.73> <DB=-55783.3427> <Mlp= 3768.5990> <PB=10000000> 
<DWph=2> <it= 39> <et=0.61> <Mt= 0.00> <Spt= 0.01> <nCl= 30> <al=0.76> <DB=-54136.9116> <Mlp= 3635.5817> <PB=10000000> 
<DWph=2> <it= 40> <et=0.61> <Mt= 0.00> <Spt= 0.00> <nCl= 30> <al=0.78> <DB=-47763.4305> <Mlp= 3463.8035> <PB=10000000> 
<DWph=2> <it= 41> <et=0.62> <Mt= 0.01> <Spt= 0.00> <nCl= 30> <al=0.81> <DB=-43576.0864> <Mlp= 3335.6867> <PB=10000000> 
<DWph=2> <it= 42> <et=0.62> <Mt= 0.00> <Spt= 0.01> <nCl= 30> <al=0.71> <DB=-40714.7656> <Mlp= 3175.5713> <PB=10000000> 
<DWph=2> <it= 43> <et=0.63> <Mt= 0.00> <Spt= 0.00> <nCl= 30> <al=0.73> <DB=-31157.5721> <Mlp= 3104.6972> <PB=10000000> 
<DWph=2> <it= 44> <et=0.63> <Mt= 0.00> <Spt= 0.00> <nCl= 30> <al=0.63> <DB=-28166.3570> <Mlp= 3000.1323> <PB=10000000> 
<DWph=2> <it= 45> <et=0.64> <Mt= 0.00> <Spt= 0.01> <nCl= 30> <al=0.67> <DB=-28054.2606> <Mlp= 2856.7906> <PB=10000000> 
<DWph=2> <it= 46> <et=0.64> <Mt= 0.00> <Spt= 0.00> <nCl= 30> <al=0.70> <DB=-24025.1838> <Mlp= 2718.8499> <PB=10000000> 
<DWph=2> <it= 47> <et=0.65> <Mt= 0.01> <Spt= 0.00> <nCl= 30> <al=0.60> <DB=-19522.6301> <Mlp= 2638.9328> <PB=10000000> 
<DWph=2> <it= 48> <et=0.66> <Mt= 0.00> <Spt= 0.01> <nCl= 30> <al=0.64> <DB=-17232.3308> <Mlp= 2510.5912> <PB=10000000> 
<DWph=2> <it= 49> <et=0.66> <Mt= 0.00> <Spt= 0.00> <nCl= 30> <al=0.68> <DB=-19964.6210> <Mlp= 2449.5017> <PB=10000000> 
<DWph=2> <it= 50> <et=0.67> <Mt= 0.00> <Spt= 0.00> <nCl= 30> <al=0.71> <DB=-12786.3313> <Mlp= 2427.6729> <PB=10000000> 
<DWph=2> <it= 51> <et=0.67> <Mt= 0.00> <Spt= 0.01> <nCl= 30> <al=0.61> <DB=-11026.8788> <Mlp= 2367.6733> <PB=10000000> 
<DWph=2> <it= 52> <et=0.68> <Mt= 0.00> <Spt= 0.00> <nCl= 30> <al=0.65> <DB=-8940.8839> <Mlp= 2320.9209> <PB=10000000> 
<DWph=2> <it= 53> <et=0.68> <Mt= 0.01> <Spt= 0.01> <nCl= 30> <al=0.55> <DB=-7765.2261> <Mlp= 2282.0787> <PB=10000000> 
<DWph=2> <it= 54> <et=0.69> <Mt= 0.00> <Spt= 0.00> <nCl= 30> <al=0.60> <DB=-8339.5380> <Mlp= 2227.1240> <PB=10000000> 
<DWph=2> <it= 55> <et=0.70> <Mt= 0.00> <Spt= 0.01> <nCl= 30> <al=0.64> <DB=-5364.8494> <Mlp= 2199.3945> <PB=10000000> 
<DWph=2> <it= 56> <et=0.70> <Mt= 0.00> <Spt= 0.00> <nCl= 29> <al=0.67> <DB=-4033.7369> <Mlp= 2155.8191> <PB=10000000> 
<DWph=2> <it= 57> <et=0.71> <Mt= 0.00> <Spt= 0.01> <nCl= 30> <al=0.70> <DB=-4256.5803> <Mlp= 2127.9889> <PB=10000000> 
<DWph=2> <it= 58> <et=0.72> <Mt= 0.01> <Spt= 0.00> <nCl= 30> <al=0.60> <DB=-2990.7606> <Mlp= 2092.1887> <PB=10000000> 
<DWph=2> <it= 59> <et=0.72> <Mt= 0.00> <Spt= 0.00> <nCl= 30> <al=0.64> <DB=-2289.8860> <Mlp= 2079.3841> <PB=10000000> 
<DWph=2> <it= 60> <et=0.73> <Mt= 0.00> <Spt= 0.01> <nCl= 30> <al=0.68> <DB=-3336.7930> <Mlp= 2066.9070> <PB=10000000> 
<DWph=2> <it= 61> <et=0.73> <Mt= 0.00> <Spt= 0.00> <nCl= 30> <al=0.71> <DB=-2424.0027> <Mlp= 2064.7394> <PB=10000000> 
<DWph=2> <it= 62> <et=0.74> <Mt= 0.00> <Spt= 0.00> <nCl= 30> <al=0.74> <DB=-1704.3350> <Mlp= 2051.6066> <PB=10000000> 
<DWph=2> <it= 63> <et=0.74> <Mt= 0.00> <Spt= 0.01> <nCl= 30> <al=0.77> <DB=-1338.3623> <Mlp= 2043.8275> <PB=10000000> 
<DWph=2> <it= 64> <et=0.75> <Mt= 0.00> <Spt= 0.00> <nCl= 21> <al=0.79> <DB= -937.0977> <Mlp= 2039.1971> <PB=10000000> 
<DWph=2> <it= 65> <et=0.75> <Mt= 0.01> <Spt= 0.01> <nCl= 30> <al=0.69> <DB= -666.3556> <Mlp= 2034.7496> <PB=10000000> 
<DWph=2> <it= 66> <et=0.76> <Mt= 0.00> <Spt= 0.00> <nCl= 28> <al=0.72> <DB= -183.4743> <Mlp= 2027.9303> <PB=10000000> 
<DWph=2> <it= 67> <et=0.76> <Mt= 0.00> <Spt= 0.00> <nCl= 28> <al=0.75> <DB=   85.2396> <Mlp= 2024.5303> <PB=10000000> 
<DWph=2> <it= 68> <et=0.77> <Mt= 0.00> <Spt= 0.01> <nCl= 27> <al=0.77> <DB=  108.8413> <Mlp= 2016.2533> <PB=10000000> 
<DWph=2> <it= 69> <et=0.78> <Mt= 0.00> <Spt= 0.00> <nCl= 30> <al=0.67> <DB=  356.7359> <Mlp= 2008.5038> <PB=10000000> 
<DWph=2> <it= 70> <et=0.78> <Mt= 0.01> <Spt= 0.00> <nCl= 30> <al=0.57> <DB=  644.0246> <Mlp= 1997.4024> <PB=10000000> 
<DWph=2> <it= 71> <et=0.79> <Mt= 0.00> <Spt= 0.01> <nCl= 27> <al=0.62> <DB=  585.9112> <Mlp= 1989.4744> <PB=10000000> 
<DWph=2> <it= 72> <et=0.79> <Mt= 0.00> <Spt= 0.00> <nCl= 28> <al=0.65> <DB=  910.0811> <Mlp= 1987.6481> <PB=10000000> 
<DWph=2> <it= 73> <et=0.80> <Mt= 0.00> <Spt= 0.01> <nCl= 26> <al=0.69> <DB=  651.3794> <Mlp= 1986.7733> <PB=10000000> 
<DWph=2> <it= 74> <et=0.80> <Mt= 0.00> <Spt= 0.00> <nCl= 22> <al=0.59> <DB= 1271.3318> <Mlp= 1986.0205> <PB=10000000> 
<DWph=2> <it= 75> <et=0.81> <Mt= 0.00> <Spt= 0.00> <nCl= 24> <al=0.63> <DB= 1271.3182> <Mlp= 1984.7045> <PB=10000000> 
<DWph=2> <it= 76> <et=0.81> <Mt= 0.00> <Spt= 0.01> <nCl= 17> <al=0.67> <DB= 1345.6684> <Mlp= 1983.9991> <PB=10000000> 
<DWph=2> <it= 77> <et=0.82> <Mt= 0.01> <Spt= 0.00> <nCl= 22> <al=0.70> <DB= 1274.3368> <Mlp= 1981.0473> <PB=10000000> 
<DWph=2> <it= 78> <et=0.82> <Mt= 0.00> <Spt= 0.00> <nCl= 22> <al=0.60> <DB= 1624.6077> <Mlp= 1979.5523> <PB=10000000> 
<DWph=2> <it= 79> <et=0.83> <Mt= 0.00> <Spt= 0.01> <nCl= 17> <al=0.64> <DB= 1499.3714> <Mlp= 1978.5917> <PB=10000000> 
<DWph=2> <it= 80> <et=0.83> <Mt= 0.00> <Spt= 0.00> <nCl= 19> <al=0.54> <DB= 1111.7577> <Mlp= 1976.9474> <PB=10000000> 
<DWph=2> <it= 81> <et=0.84> <Mt= 0.00> <Spt= 0.00> <nCl= 14> <al=0.59> <DB= 1772.0722> <Mlp= 1976.0072> <PB=10000000> 
<DWph=2> <it= 82> <et=0.84> <Mt= 0.00> <Spt= 0.01> <nCl= 28> <al=0.49> <DB= 1486.5126> <Mlp= 1975.6480> <PB=10000000> 
<DWph=2> <it= 83> <et=0.85> <Mt= 0.00> <Spt= 0.00> <nCl= 20> <al=0.54> <DB= 1844.2024> <Mlp= 1974.6429> <PB=10000000> 
<DWph=2> <it= 84> <et=0.85> <Mt= 0.00> <Spt= 0.00> <nCl= 25> <al=0.58> <DB= 1350.5214> <Mlp= 1974.2179> <PB=10000000> 
<DWph=2> <it= 85> <et=0.86> <Mt= 0.00> <Spt= 0.01> <nCl= 18> <al=0.63> <DB= 1594.9996> <Mlp= 1974.2179> <PB=10000000> 
<DWph=2> <it= 86> <et=0.86> <Mt= 0.01> <Spt= 0.00> <nCl= 15> <al=0.66> <DB= 1711.8648> <Mlp= 1973.8478> <PB=10000000> 
<DWph=2> <it= 87> <et=0.86> <Mt= 0.00> <Spt= 0.00> <nCl= 10> <al=0.56> <DB= 1781.3654> <Mlp= 1973.8478> <PB=10000000> 
<DWph=2> <it= 88> <et=0.87> <Mt= 0.00> <Spt= 0.01> <nCl= 15> <al=0.46> <DB= 1539.4299> <Mlp= 1973.6250> <PB=10000000> 
<DWph=2> <it= 89> <et=0.87> <Mt= 0.00> <Spt= 0.00> <nCl= 17> <al=0.52> <DB= 1344.9035> <Mlp= 1973.6250> <PB=10000000> 
<DWph=2> <it= 90> <et=0.88> <Mt= 0.00> <Spt= 0.00> <nCl= 11> <al=0.42> <DB= 1574.5372> <Mlp= 1973.6250> <PB=10000000> 
<DWph=2> <it= 91> <et=0.88> <Mt= 0.00> <Spt= 0.01> <nCl= 20> <al=0.32> <DB= 1569.0394> <Mlp= 1973.4472> <PB=10000000> 
<DWph=2> <it= 92> <et=0.89> <Mt= 0.00> <Spt= 0.00> <nCl= 21> <al=0.39> <DB= 1419.3947> <Mlp= 1972.5190> <PB=10000000> 
<DWph=2> <it= 93> <et=0.89> <Mt= 0.00> <Spt= 0.00> <nCl= 24> <al=0.29> <DB= 1649.1811> <Mlp= 1972.2037> <PB=10000000> 
<DWph=2> <it= 94> <et=0.90> <Mt= 0.00> <Spt= 0.01> <nCl= 15> <al=0.36> <DB= 1217.4047> <Mlp= 1972.1723> <PB=10000000> 
<DWph=2> <it= 95> <et=0.90> <Mt= 0.00> <Spt= 0.00> <nCl= 16> <al=0.42> <DB= 1711.8222> <Mlp= 1971.5419> <PB=10000000> 
<DWph=2> <it= 96> <et=0.91> <Mt= 0.00> <Spt= 0.01> <nCl= 48> <al=0.00> <DB= 1244.8969> <Mlp= 1971.0811> <PB=10000000> 
<DWph=2> <it= 97> <et=0.91> <Mt= 0.01> <Spt= 0.00> <nCl= 25> <al=0.22> <DB= 1531.8873> <Mlp= 1970.9050> <PB=10000000> 
<DWph=2> <it= 98> <et=0.92> <Mt= 0.00> <Spt= 0.01> <nCl= 19> <al=0.12> <DB= 1656.3688> <Mlp= 1970.7965> <PB=10000000> 
<DWph=2> <it= 99> <et=0.92> <Mt= 0.00> <Spt= 0.00> <nCl= 27> <al=0.02> <DB= 1141.1377> <Mlp= 1969.6341> <PB=10000000> 
<DWph=2> <it=100> <et=0.93> <Mt= 0.00> <Spt= 0.00> <nCl= 10> <al=0.12> <DB= 1724.7652> <Mlp= 1969.6322> <PB=10000000> 
<DWph=2> <it=101> <et=0.93> <Mt= 0.00> <Spt= 0.01> <nCl= 18> <al=0.21> <DB= 1724.8316> <Mlp= 1969.0200> <PB=10000000> 
<DWph=2> <it=102> <et=0.94> <Mt= 0.00> <Spt= 0.00> <nCl= 18> <al=0.29> <DB= 1826.1733> <Mlp= 1969.0200> <PB=10000000> 
<DWph=2> <it=103> <et=0.94> <Mt= 0.00> <Spt= 0.00> <nCl=  7> <al=0.36> <DB= 1850.9911> <Mlp= 1969.0200> <PB=10000000> 
<DWph=2> <it=104> <et=0.95> <Mt= 0.00> <Spt= 0.01> <nCl= 34> <al=0.00> <DB= 1704.9183> <Mlp= 1969.0200> <PB=10000000> 
<DWph=2> <it=105> <et=0.95> <Mt= 0.00> <Spt= 0.00> <nCl=  9> <al=0.16> <DB= 1962.9244> <Mlp= 1969.0200> <PB=10000000> 
<DWph=2> <it=106> <et=0.96> <Mt= 0.00> <Spt= 0.01> <nCl= 22> <al=0.00> <DB= 1958.4574> <Mlp= 1969.0200> <PB=10000000> 
<DWph=2> <it=107> <et=0.96> <Mt= 0.00> <Spt= 0.00> <nCl=  0> <al=0.00> <DB= 1969.0200> <Mlp= 1969.0200> <PB=10000000> 
<DWph=1> <it=108> <et=0.97> <Mt= 0.00> <Spt= 0.01> <nCl= 20> <al=0.00> <DB= 1123.2849> <Mlp= 1969.0200> <PB=10000000> 
<DWph=1> <it=109> <et=0.98> <Mt= 0.01> <Spt= 0.01> <nCl= 21> <al=0.00> <DB= 1418.9850> <Mlp= 1969.0133> <PB=10000000> 
<DWph=1> <it=110> <et=0.99> <Mt= 0.00> <Spt= 0.01> <nCl= 15> <al=0.00> <DB= 1718.1981> <Mlp= 1969.0112> <PB=10000000> 
<DWph=1> <it=111> <et=1.01> <Mt= 0.00> <Spt= 0.01> <nCl=  4> <al=0.07> <DB= 1950.2526> <Mlp= 1968.9875> <PB=10000000> 
<DWph=1> <it=112> <et=1.02> <Mt= 0.00> <Spt= 0.01> <nCl=  2> <al=0.00> <DB= 1968.9875> <Mlp= 1968.9875> <PB=10000000> 
    RCSP exact solver info for graph G_0 : TT = 0.035979, pt = 1.8e-05, dt = 0.033985, ct = 0.001506, ndl = 8594', bdl = 357389', odl = 7073', odf = 53281', bsi = 1492', cnt = 63867', bdch = 5384786', odch = 244874', lcp = 192949', #sols = 150
<DWph=0> <it=113> <et=1.06> <Mt= 0.00> <Spt= 0.04> <nCl=150> <al=0.00> <DB=  975.8897> <Mlp= 1968.9875> <PB=10000000> 
    RCSP exact solver info for graph G_0 : TT = 0.034069, pt = 4.8e-05, dt = 0.032329, ct = 0.001193, ndl = 8354', bdl = 353304', odl = 7063', odf = 49941', bsi = 1332', cnt = 17142', bdch = 5209305', odch = 222104', lcp = 189412', #sols = 150
<DWph=0> <it=114> <et=1.10> <Mt= 0.00> <Spt= 0.04> <nCl=150> <al=0.00> <DB= 1176.7787> <Mlp= 1964.4383> <PB=10000000> 
    RCSP exact solver info for graph G_0 : TT = 0.030743, pt = 3e-05, dt = 0.028966, ct = 0.001171, ndl = 8267', bdl = 344355', odl = 6964', odf = 49945', bsi = 1391', cnt = 20739', bdch = 5069349', odch = 220451', lcp = 184381', #sols = 150
<DWph=0> <it=115> <et=1.14> <Mt= 0.00> <Spt= 0.04> <nCl=150> <al=0.00> <DB= 1477.5736> <Mlp= 1963.9629> <PB=10000000> 
    RCSP exact solver info for graph G_0 : TT = 0.034466, pt = 4.3e-05, dt = 0.03217, ct = 0.00163, ndl = 8680', bdl = 369005', odl = 6793', odf = 52937', bsi = 1449', cnt = 27410', bdch = 5564718', odch = 240922', lcp = 199703', #sols = 150
<DWph=0> <it=116> <et=1.18> <Mt= 0.01> <Spt= 0.04> <nCl=150> <al=0.01> <DB= 1412.1880> <Mlp= 1962.8865> <PB=10000000> 
    RCSP exact solver info for graph G_0 : TT = 0.037574, pt = 3.9e-05, dt = 0.035456, ct = 0.001396, ndl = 9028', bdl = 382536', odl = 6909', odf = 53794', bsi = 1417', cnt = 34957', bdch = 5934617', odch = 259817', lcp = 203240', #sols = 150
<DWph=0> <it=117> <et=1.23> <Mt= 0.00> <Spt= 0.04> <nCl= 71> <al=0.11> <DB= 1738.5988> <Mlp= 1962.7403> <PB=10000000> 
    RCSP exact solver info for graph G_0 : TT = 0.036823, pt = 2.9e-05, dt = 0.034833, ct = 0.001374, ndl = 9153', bdl = 388182', odl = 6906', odf = 54740', bsi = 1403', cnt = 34983', bdch = 6074763', odch = 266591', lcp = 209655', #sols = 150
<DWph=0> <it=118> <et=1.27> <Mt= 0.00> <Spt= 0.04> <nCl= 14> <al=0.20> <DB= 1918.7870> <Mlp= 1962.7366> <PB=10000000> 
    RCSP exact solver info for graph G_0 : TT = 0.036284, pt = 3.5e-05, dt = 0.034352, ct = 0.001299, ndl = 9091', bdl = 385179', odl = 6984', odf = 54797', bsi = 1401', cnt = 33581', bdch = 6000709', odch = 261578', lcp = 208857', #sols = 150
<DWph=0> <it=119> <et=1.31> <Mt= 0.01> <Spt= 0.04> <nCl=  9> <al=0.10> <DB= 1913.6868> <Mlp= 1962.7366> <PB=10000000> 
    RCSP exact solver info for graph G_0 : TT = 0.037622, pt = 2.8e-05, dt = 0.035584, ct = 0.00141, ndl = 9195', bdl = 389638', odl = 6986', odf = 55182', bsi = 1412', cnt = 34786', bdch = 6120229', odch = 268792', lcp = 213325', #sols = 150
    RCSP exact solver info for graph G_0 : TT = 0.035725, pt = 2.8e-05, dt = 0.033783, ct = 0.001339, ndl = 9017', bdl = 381515', odl = 6996', odf = 54608', bsi = 1425', cnt = 31280', bdch = 5908033', odch = 256782', lcp = 207337', #sols = 150
<DWph=0> <it=120> <et=1.39> <Mt= 0.00> <Spt= 0.07> <nCl= 20> <al=0.00> <DB= 1962.7366> <Mlp= 1962.7366> <PB=10000000> 
RCSP solver dynamic params and stats :  bidir.bord. = 375 aver.obdmd = 24.3548 aver.buck.num. = 26
@@ 1 0 1962.74 0.034864 0.036994 91.7886 1.39
RCSP      solver labels distribution in 701 buckets (bucket size) : largest - 67, top 0.1% - 67, top 0.5% - 63, top 2% - 56, top 10% - 33, top 50% - 7
Reduced cost fixing for graph G_0...  TT = 0.111389, pt = 0.006894, dt = 0.10432, ct = 0, ndl = 28784', bdl = 1019038', odl = 7784', odf = 129196', lpcb = 98983', cnt = 3180717', bdch = 19871556', odch = 1219343', lcp = 573582'
84144 buck. arcs remain (98.9% from prev., 90.8% from max.) + 0 jump buck. arcs (0% from max.)
 TT = 0.158124, pt = 0.006894, dt = 0.10432, ct = 0.04664, ndl = 28784', bdl = 1019038', odl = 7784', odf = 129196', lpcb = 98983', cnt = 3367303', bdch = 19871556', odch = 1219343', lcp = 573582'
RCSP      solver labels distribution in 1374 buckets (bucket size) : largest - 170, top 0.1% - 153, top 0.5% - 129, top 2% - 91, top 10% - 52, top 50% - 13
Run forward enumeration with border = 375... not succeeded (ratio 0.982313) lpt = 0.017585, ndl = 20015', dl = 580', lpcb = 0', dch = 13553'
 TT = 0.028918, pt = 0.008927, dt = 0.017585, ct = 0, ndl = 20015', bdl = 580', cnt = 106262', bdch = 13553', odch = 0', lcp = 0'
Bucket graph for G_0 is regenerated as bucket steps were adjusted for 62 vertices
RCSP solver info : number of forw. reachable buckets / buck. strongly connected components is 3025( 95.6673% ) / 3025( 100% )
164402 forw. buck. arcs remain (92.1329% from max.) + 0 jump buck. arcs
ColGenEvalAlg final dual bound: 1962.74 (rounded: 1963)
In total 1 RCC cut(s) are found by the connected components heuristic 
Shrinking heuristic shrunk 25 edges
In total 9 RCC cut(s) are found by the Fractional capacity min-cut heuristic 
In total 10 RCC cut(s) are found by the greedy construction heuristic 
----- Add fac. cuts : CAP(20), max.viol = 0.421393, aver.viol = 0.216679, sep/add took 0.00454767/0.0347654 sec. -----
3589 columns (3589 active), 20 dyn. constrs. (20 active), 142 art. vars. (142 active)
<DWph=2> <it=  1> <et=1.66> <Mt= 0.00> <Spt= 0.01> <nCl= 17> <al=0.50> <DB= 1879.7797> <Mlp= 1971.7564> <PB=10000000> 
<DWph=2> <it=  2> <et=1.67> <Mt= 0.01> <Spt= 0.01> <nCl= 11> <al=0.55> <DB= 1903.8892> <Mlp= 1971.5920> <PB=10000000> 
<DWph=2> <it=  3> <et=1.68> <Mt= 0.00> <Spt= 0.00> <nCl= 10> <al=0.60> <DB= 1966.3230> <Mlp= 1971.5920> <PB=10000000> 
<DWph=2> <it=  4> <et=1.68> <Mt= 0.00> <Spt= 0.01> <nCl= 18> <al=0.50> <DB= 1810.5856> <Mlp= 1971.5920> <PB=10000000> 
<DWph=2> <it=  5> <et=1.70> <Mt= 0.00> <Spt= 0.00> <nCl= 16> <al=0.55> <DB= 1716.4301> <Mlp= 1970.5250> <PB=10000000> 
<DWph=2> <it=  6> <et=1.71> <Mt= 0.01> <Spt= 0.01> <nCl=  6> <al=0.59> <DB= 1968.0418> <Mlp= 1970.5250> <PB=10000000> 
<DWph=2> <it=  7> <et=1.71> <Mt= 0.00> <Spt= 0.01> <nCl= 21> <al=0.49> <DB= 1530.6199> <Mlp= 1970.5250> <PB=10000000> 
<DWph=2> <it=  8> <et=1.72> <Mt= 0.00> <Spt= 0.00> <nCl=  6> <al=0.54> <DB= 1956.8282> <Mlp= 1970.5118> <PB=10000000> 
<DWph=2> <it=  9> <et=1.73> <Mt= 0.00> <Spt= 0.01> <nCl= 20> <al=0.00> <DB= 1616.3903> <Mlp= 1970.5118> <PB=10000000> 
<DWph=2> <it= 10> <et=1.74> <Mt= 0.00> <Spt= 0.01> <nCl= 18> <al=0.00> <DB= 1812.4839> <Mlp= 1970.4929> <PB=10000000> 
<DWph=2> <it= 11> <et=1.75> <Mt= 0.00> <Spt= 0.01> <nCl=  9> <al=0.24> <DB= 1969.9001> <Mlp= 1970.4929> <PB=10000000> 
<DWph=2> <it= 12> <et=1.76> <Mt= 0.00> <Spt= 0.01> <nCl=  7> <al=0.00> <DB= 1932.7542> <Mlp= 1970.4929> <PB=10000000> 
<DWph=2> <it= 13> <et=1.77> <Mt= 0.01> <Spt= 0.01> <nCl= 12> <al=0.00> <DB= 1970.4909> <Mlp= 1970.4909> <PB=10000000> 
<DWph=1> <it= 14> <et=1.79> <Mt= 0.00> <Spt= 0.01> <nCl= 22> <al=0.00> <DB= 1791.9137> <Mlp= 1970.4909> <PB=10000000> 
<DWph=1> <it= 15> <et=1.80> <Mt= 0.00> <Spt= 0.02> <nCl= 15> <al=0.00> <DB= 1889.0773> <Mlp= 1970.0698> <PB=10000000> 
<DWph=1> <it= 16> <et=1.82> <Mt= 0.00> <Spt= 0.01> <nCl=  9> <al=0.00> <DB= 1945.9952> <Mlp= 1970.0645> <PB=10000000> 
<DWph=1> <it= 17> <et=1.83> <Mt= 0.00> <Spt= 0.01> <nCl=  1> <al=0.06> <DB= 1945.9952> <Mlp= 1970.0645> <PB=10000000> 
<DWph=1> <it= 18> <et=1.86> <Mt= 0.00> <Spt= 0.03> <nCl=  0> <al=0.00> <DB= 1970.0645> <Mlp= 1970.0645> <PB=10000000> 
    RCSP exact solver info for graph G_0 : TT = 0.028232, pt = 3.4e-05, dt = 0.026132, ct = 0.001413, ndl = 7605', bdl = 322274', odl = 10680', odf = 96516', bsi = 1338', cnt = 17546', bdch = 3083160', odch = 241966', lcp = 133403', #sols = 150
<DWph=0> <it= 19> <et=1.89> <Mt= 0.00> <Spt= 0.03> <nCl= 86> <al=0.00> <DB= 1733.9952> <Mlp= 1970.0645> <PB=10000000> 
    RCSP exact solver info for graph G_0 : TT = 0.026862, pt = 5.2e-05, dt = 0.025258, ct = 0.001005, ndl = 7558', bdl = 321529', odl = 10764', odf = 97572', bsi = 1304', cnt = 18830', bdch = 3063659', odch = 240017', lcp = 131454', #sols = 150
<DWph=0> <it= 20> <et=1.93> <Mt= 0.00> <Spt= 0.03> <nCl= 34> <al=0.00> <DB= 1924.3855> <Mlp= 1969.8627> <PB=10000000> 
    RCSP exact solver info for graph G_0 : TT = 0.029474, pt = 4.9e-05, dt = 0.027922, ct = 0.000988, ndl = 7702', bdl = 327131', odl = 10807', odf = 97769', bsi = 1309', cnt = 18925', bdch = 3159001', odch = 247976', lcp = 132826', #sols = 150
<DWph=0> <it= 21> <et=1.96> <Mt= 0.01> <Spt= 0.03> <nCl= 14> <al=0.07> <DB= 1961.4566> <Mlp= 1969.7703> <PB=10000000> 
    RCSP exact solver info for graph G_0 : TT = 0.028657, pt = 5.8e-05, dt = 0.026554, ct = 0.001214, ndl = 7813', bdl = 332950', odl = 10856', odf = 98398', bsi = 1317', cnt = 19606', bdch = 3250908', odch = 251706', lcp = 135659', #sols = 150
<DWph=0> <it= 22> <et=1.99> <Mt= 0.00> <Spt= 0.03> <nCl= 11> <al=0.16> <DB= 1962.0019> <Mlp= 1969.7695> <PB=10000000> 
    RCSP exact solver info for graph G_0 : TT = 0.028892, pt = 4.9e-05, dt = 0.027284, ct = 0.001017, ndl = 7890', bdl = 337136', odl = 10876', odf = 98791', bsi = 1299', cnt = 19846', bdch = 3310919', odch = 253328', lcp = 137530', #sols = 150
    RCSP exact solver info for graph G_0 : TT = 0.02667, pt = 4.8e-05, dt = 0.025011, ct = 0.001052, ndl = 7475', bdl = 317929', odl = 10738', odf = 96291', bsi = 1288', cnt = 19936', bdch = 3039575', odch = 237275', lcp = 129663', #sols = 150
<DWph=0> <it= 23> <et=2.06> <Mt= 0.00> <Spt= 0.07> <nCl=  6> <al=0.00> <DB= 1969.7687> <Mlp= 1969.7687> <PB=10000000> 
RCSP solver dynamic params and stats :  bidir.bord. = 375 aver.obdmd = 48.7097 aver.buck.num. = 51
@@ 1 1 1969.77 0.027475 0.02891 92.1329 2.06
    Full reduced cost fixing is not called (gap ratio is 0.999999)
ColGenEvalAlg final dual bound: 1969.77 (rounded: 1970)
False gap improvement since the last cut separation : 0.0358283 (1962.74)
Current active cuts : CAP(4,418.404)
Shrinking heuristic shrunk 19 edges
In total 4 RCC cut(s) are found by the Fractional capacity min-cut heuristic 
In total 23 RCC cut(s) are found by the greedy construction heuristic 
In total 2 RCC cut(s) are found by the global pool greedy search heuristic 
----- Add fac. cuts : CAP(29), max.viol = 0.14586, aver.viol = 0.0608363, sep/add took 0.00590655/0.0656495 sec. -----
3958 columns (3958 active), 49 dyn. constrs. (33 active), 171 art. vars. (155 active)
<DWph=2> <it=  1> <et=2.15> <Mt= 0.01> <Spt= 0.00> <nCl=  4> <al=0.50> <DB= 1753.6076> <Mlp= 1970.8254> <PB=10000000> 
<DWph=2> <it=  2> <et=2.16> <Mt= 0.00> <Spt= 0.02> <nCl= 29> <al=0.10> <DB= 1602.7306> <Mlp= 1970.6023> <PB=10000000> 
<DWph=2> <it=  3> <et=2.18> <Mt= 0.00> <Spt= 0.01> <nCl= 14> <al=0.00> <DB= 1970.2230> <Mlp= 1970.3923> <PB=10000000> 
<DWph=2> <it=  4> <et=2.19> <Mt= 0.00> <Spt= 0.01> <nCl=  1> <al=0.00> <DB= 1970.3923> <Mlp= 1970.3923> <PB=10000000> 
<DWph=1> <it=  5> <et=2.22> <Mt= 0.00> <Spt= 0.02> <nCl= 14> <al=0.00> <DB= 1970.3923> <Mlp= 1970.3923> <PB=10000000> 
    RCSP exact solver info for graph G_0 : TT = 0.028714, pt = 4.6e-05, dt = 0.026896, ct = 0.001137, ndl = 7407', bdl = 315501', odl = 10555', odf = 94963', bsi = 1282', cnt = 20856', bdch = 2951723', odch = 231214', lcp = 127865', #sols = 150
<DWph=0> <it=  6> <et=2.25> <Mt= 0.00> <Spt= 0.04> <nCl= 31> <al=0.15> <DB= 1848.1542> <Mlp= 1970.3923> <PB=10000000> 
    RCSP exact solver info for graph G_0 : TT = 0.026763, pt = 6.6e-05, dt = 0.024933, ct = 0.001104, ndl = 7602', bdl = 321817', odl = 10601', odf = 96159', bsi = 1281', cnt = 21679', bdch = 3072819', odch = 241704', lcp = 132434', #sols = 150
    RCSP exact solver info for graph G_0 : TT = 0.027048, pt = 7e-05, dt = 0.025355, ct = 0.001003, ndl = 7489', bdl = 317787', odl = 10639', odf = 95545', bsi = 1277', cnt = 21430', bdch = 3017230', odch = 237778', lcp = 130962', #sols = 150
<DWph=0> <it=  7> <et=2.31> <Mt= 0.01> <Spt= 0.06> <nCl=  4> <al=0.00> <DB= 1970.3743> <Mlp= 1970.3743> <PB=10000000> 
RCSP solver dynamic params and stats :  bidir.bord. = 375 aver.obdmd = 48.7097 aver.buck.num. = 51
@@ 1 2 1970.37 0.0268093 0.028033 92.1329 2.31
    Full reduced cost fixing is not called (gap ratio is 0.999999)
ColGenEvalAlg final dual bound: 1970.37 (rounded: 1971)
False gap improvement since the last cut separation : 0.00307424 (1969.77)
Cut generation tailing off counter increased to 1
Current active cuts : CAP(8,717.1)
Shrinking heuristic shrunk 21 edges
In total 1 RCC cut(s) are found by the global pool greedy search heuristic 
----- Add fac. cuts : CAP(1), max.viol = 0.0438393, aver.viol = 0.0438393, sep/add took 0.00458063/0.00377311 sec. -----
4055 columns (4055 active), 34 dyn. constrs. (9 active), 172 art. vars. (131 active)
<DWph=2> <it=  1> <et=2.35> <Mt= 0.00> <Spt= 0.01> <nCl= 12> <al=0.00> <DB= 1970.4412> <Mlp= 1970.4412> <PB=10000000> 
<DWph=1> <it=  2> <et=2.38> <Mt= 0.00> <Spt= 0.03> <nCl=  4> <al=0.00> <DB= 1970.4412> <Mlp= 1970.4412> <PB=10000000> 
    RCSP exact solver info for graph G_0 : TT = 0.026572, pt = 3.8e-05, dt = 0.024863, ct = 0.00105, ndl = 7344', bdl = 313358', odl = 10299', odf = 92295', bsi = 1279', cnt = 20916', bdch = 2887734', odch = 228613', lcp = 126034', #sols = 150
    RCSP exact solver info for graph G_0 : TT = 0.0261, pt = 9.2e-05, dt = 0.024333, ct = 0.001021, ndl = 7344', bdl = 313358', odl = 10299', odf = 92295', bsi = 1279', cnt = 20916', bdch = 2887734', odch = 228613', lcp = 126034', #sols = 150
<DWph=0> <it=  3> <et=2.44> <Mt= 0.00> <Spt= 0.05> <nCl=  7> <al=0.00> <DB= 1970.4412> <Mlp= 1970.4412> <PB=10000000> 
RCSP solver dynamic params and stats :  bidir.bord. = 375 aver.obdmd = 48.7097 aver.buck.num. = 51
@@ 1 3 1970.44 0.0256335 0.025913 92.1329 2.44
    Full reduced cost fixing is not called (gap ratio is 0.999999)
ColGenEvalAlg final dual bound: 1970.44 (rounded: 1971)
False gap improvement since the last cut separation : 0.000339591 (1970.37)
Cut generation tailing off counter increased to 2
Current active cuts : CAP(8,749.449)
Shrinking heuristic shrunk 16 edges
In total 3 RCC cut(s) are found by the global pool greedy search heuristic 
----- Add fac. cuts : CAP(3), max.viol = 0.00369798, aver.viol = 0.00203321, sep/add took 0.00721519/0.00594866 sec. -----
4078 columns (4078 active), 12 dyn. constrs. (11 active), 175 art. vars. (133 active)
<DWph=2> <it=  1> <et=2.48> <Mt= 0.00> <Spt= 0.01> <nCl=  5> <al=0.00> <DB= 1970.4417> <Mlp= 1970.4417> <PB=10000000> 
<DWph=1> <it=  2> <et=2.51> <Mt= 0.00> <Spt= 0.03> <nCl=  3> <al=0.00> <DB= 1970.4417> <Mlp= 1970.4417> <PB=10000000> 
    RCSP exact solver info for graph G_0 : TT = 0.0265, pt = 3.5e-05, dt = 0.024809, ct = 0.001073, ndl = 7504', bdl = 319656', odl = 10356', odf = 93798', bsi = 1284', cnt = 21771', bdch = 2989735', odch = 238291', lcp = 129961', #sols = 150
    RCSP exact solver info for graph G_0 : TT = 0.027033, pt = 4.7e-05, dt = 0.025268, ct = 0.001096, ndl = 7504', bdl = 319656', odl = 10356', odf = 93798', bsi = 1284', cnt = 21771', bdch = 2989735', odch = 238291', lcp = 129961', #sols = 150
<DWph=0> <it=  3> <et=2.57> <Mt= 0.00> <Spt= 0.06> <nCl=  1> <al=0.00> <DB= 1970.4417> <Mlp= 1970.4417> <PB=10000000> 
RCSP solver dynamic params and stats :  bidir.bord. = 375 aver.obdmd = 48.7097 aver.buck.num. = 51
@@ 1 4 1970.44 0.026123 0.026364 92.1329 2.57
    Full reduced cost fixing is not called (gap ratio is 0.999999)
ColGenEvalAlg final dual bound: 1970.44 (rounded: 1971)
False gap improvement since the last cut separation : 2.74446e-06 (1970.44)
----- Cut separators priority level decreased to 1-----
Current active cuts : CAP(9,750.421)
Shrinking heuristic shrunk 16 edges
In total 1 RCC cut(s) are found by the global pool greedy search heuristic 
12 Rank-1 1-rows pack. cuts added ,  max viol. = 0.375199, aver. viol. = 0.169453
150 Rank-1 3-rows pack. cuts added ,  max viol. = 0.43415, aver. viol. = 0.15169
----- Add fac. cuts : CAP(1) R1C(162), max.viol = 0.43415, aver.viol = 0.203347, sep/add took 0.00829383/0.180618 sec. -----
4087 columns (4087 active), 174 dyn. constrs. (173 active), 338 art. vars. (295 active)
<DWph=2> <it=  1> <et=2.81> <Mt= 0.03> <Spt= 0.01> <nCl= 30> <al=0.50> <DB=  358.7572> <Mlp= 2000.0000> <PB=10000000> 
<DWph=2> <it=  2> <et=3.04> <Mt= 0.22> <Spt= 0.02> <nCl= 30> <al=0.55> <DB=-2142.7280> <Mlp= 1992.7813> <PB=10000000> 
<DWph=2> <it=  3> <et=3.10> <Mt= 0.05> <Spt= 0.01> <nCl= 27> <al=0.60> <DB= 1383.2828> <Mlp= 1992.7812> <PB=10000000> 
<DWph=2> <it=  4> <et=3.24> <Mt= 0.12> <Spt= 0.01> <nCl= 26> <al=0.64> <DB= 1578.7830> <Mlp= 1987.8026> <PB=10000000> 
<DWph=2> <it=  5> <et=3.37> <Mt= 0.13> <Spt= 0.01> <nCl= 21> <al=0.67> <DB= 1896.2111> <Mlp= 1983.5455> <PB=10000000> 
<DWph=2> <it=  6> <et=3.39> <Mt= 0.01> <Spt= 0.01> <nCl= 19> <al=0.70> <DB= 1860.2949> <Mlp= 1983.5455> <PB=10000000> 
<DWph=2> <it=  7> <et=3.47> <Mt= 0.06> <Spt= 0.01> <nCl= 11> <al=0.73> <DB= 1973.9237> <Mlp= 1983.5455> <PB=10000000> 
<DWph=2> <it=  8> <et=3.48> <Mt= 0.00> <Spt= 0.01> <nCl= 29> <al=0.63> <DB= 1708.0321> <Mlp= 1983.5455> <PB=10000000> 
<DWph=2> <it=  9> <et=3.50> <Mt= 0.02> <Spt= 0.01> <nCl= 19> <al=0.67> <DB= 1878.2412> <Mlp= 1983.5263> <PB=10000000> 
<DWph=2> <it= 10> <et=3.62> <Mt= 0.10> <Spt= 0.02> <nCl= 17> <al=0.70> <DB= 1919.1097> <Mlp= 1981.4444> <PB=10000000> 
<DWph=2> <it= 11> <et=3.64> <Mt= 0.01> <Spt= 0.01> <nCl= 12> <al=0.73> <DB= 1855.5615> <Mlp= 1981.4444> <PB=10000000> 
<DWph=2> <it= 12> <et=3.65> <Mt= 0.00> <Spt= 0.01> <nCl=  7> <al=0.76> <DB= 1976.2408> <Mlp= 1981.4444> <PB=10000000> 
<DWph=2> <it= 13> <et=3.67> <Mt= 0.00> <Spt= 0.01> <nCl=  9> <al=0.78> <DB= 1782.0329> <Mlp= 1981.4444> <PB=10000000> 
<DWph=2> <it= 14> <et=3.68> <Mt= 0.01> <Spt= 0.01> <nCl=  7> <al=0.81> <DB= 1884.2100> <Mlp= 1980.8000> <PB=10000000> 
<DWph=2> <it= 15> <et=3.87> <Mt= 0.17> <Spt= 0.01> <nCl=  8> <al=0.83> <DB= 1958.3641> <Mlp= 1978.7519> <PB=10000000> 
<DWph=2> <it= 16> <et=3.89> <Mt= 0.01> <Spt= 0.01> <nCl=  9> <al=0.73> <DB= 1960.8352> <Mlp= 1978.7519> <PB=10000000> 
<DWph=2> <it= 17> <et=3.90> <Mt= 0.00> <Spt= 0.01> <nCl= 18> <al=0.63> <DB= 1723.7189> <Mlp= 1978.7519> <PB=10000000> 
<DWph=2> <it= 18> <et=3.92> <Mt= 0.01> <Spt= 0.02> <nCl= 17> <al=0.66> <DB= 1765.3305> <Mlp= 1978.7519> <PB=10000000> 
<DWph=2> <it= 19> <et=3.93> <Mt= 0.00> <Spt= 0.01> <nCl= 12> <al=0.70> <DB= 1911.1119> <Mlp= 1978.7519> <PB=10000000> 
<DWph=2> <it= 20> <et=3.96> <Mt= 0.00> <Spt= 0.02> <nCl= 19> <al=0.45> <DB= 1351.1550> <Mlp= 1978.7519> <PB=10000000> 
<DWph=2> <it= 21> <et=3.98> <Mt= 0.01> <Spt= 0.02> <nCl= 32> <al=0.25> <DB= 1665.2445> <Mlp= 1978.7519> <PB=10000000> 
<DWph=2> <it= 22> <et=4.00> <Mt= 0.00> <Spt= 0.01> <nCl= 23> <al=0.53> <DB= 1005.5957> <Mlp= 1978.7217> <PB=10000000> 
<DWph=2> <it= 23> <et=4.01> <Mt= 0.00> <Spt= 0.01> <nCl= 12> <al=0.57> <DB= 1968.4319> <Mlp= 1978.7217> <PB=10000000> 
<DWph=2> <it= 24> <et=4.03> <Mt= 0.01> <Spt= 0.01> <nCl=  8> <al=0.47> <DB= 1683.7600> <Mlp= 1978.7217> <PB=10000000> 
<DWph=2> <it= 25> <et=4.05> <Mt= 0.00> <Spt= 0.03> <nCl= 27> <al=0.05> <DB= 1572.5782> <Mlp= 1978.7217> <PB=10000000> 
<DWph=2> <it= 26> <et=4.08> <Mt= 0.00> <Spt= 0.02> <nCl= 33> <al=0.00> <DB= 1753.8271> <Mlp= 1978.6970> <PB=10000000> 
<DWph=2> <it= 27> <et=4.10> <Mt= 0.00> <Spt= 0.02> <nCl= 15> <al=0.00> <DB= 1941.3137> <Mlp= 1978.6970> <PB=10000000> 
<DWph=2> <it= 28> <et=4.12> <Mt= 0.01> <Spt= 0.02> <nCl=  9> <al=0.00> <DB= 1901.3730> <Mlp= 1978.6970> <PB=10000000> 
<DWph=2> <it= 29> <et=4.13> <Mt= 0.00> <Spt= 0.01> <nCl=  1> <al=0.13> <DB= 1943.1432> <Mlp= 1978.6970> <PB=10000000> 
<DWph=2> <it= 30> <et=4.16> <Mt= 0.00> <Spt= 0.02> <nCl=  4> <al=0.00> <DB= 1978.6970> <Mlp= 1978.6970> <PB=10000000> 
<DWph=1> <it= 31> <et=4.18> <Mt= 0.00> <Spt= 0.02> <nCl= 23> <al=0.11> <DB= 1367.6852> <Mlp= 1978.6970> <PB=10000000> 
<DWph=1> <it= 32> <et=4.27> <Mt= 0.07> <Spt= 0.02> <nCl= 20> <al=0.01> <DB= 1599.9599> <Mlp= 1978.0807> <PB=10000000> 
<DWph=1> <it= 33> <et=4.30> <Mt= 0.00> <Spt= 0.02> <nCl= 19> <al=0.11> <DB= 1610.3678> <Mlp= 1978.0807> <PB=10000000> 
<DWph=1> <it= 34> <et=4.32> <Mt= 0.01> <Spt= 0.03> <nCl= 16> <al=0.01> <DB= 1694.4920> <Mlp= 1978.0807> <PB=10000000> 
<DWph=1> <it= 35> <et=4.35> <Mt= 0.00> <Spt= 0.02> <nCl= 15> <al=0.00> <DB= 1865.4905> <Mlp= 1978.0612> <PB=10000000> 
<DWph=1> <it= 36> <et=4.37> <Mt= 0.00> <Spt= 0.02> <nCl=  8> <al=0.02> <DB= 1951.5306> <Mlp= 1978.0612> <PB=10000000> 
<DWph=1> <it= 37> <et=4.41> <Mt= 0.00> <Spt= 0.04> <nCl=  2> <al=0.00> <DB= 1978.0612> <Mlp= 1978.0612> <PB=10000000> 
    RCSP exact solver info for graph G_0 : TT = 0.083836, pt = 0.000247, dt = 0.078517, ct = 0.004338, ndl = 15424', bdl = 608066', odl = 13547', odf = 164279', bsi = 1507', cnt = 158469', bdch = 9703046', odch = 913659', lcp = 386278', #sols = 150
<DWph=0> <it= 38> <et=4.52> <Mt= 0.00> <Spt= 0.10> <nCl=150> <al=0.00> <DB= 1505.9496> <Mlp= 1978.0612> <PB=10000000> 
    RCSP exact solver info for graph G_0 : TT = 0.055452, pt = 0.000259, dt = 0.051377, ct = 0.003169, ndl = 13617', bdl = 549640', odl = 12936', odf = 146987', bsi = 1569', cnt = 106334', bdch = 7736497', odch = 718768', lcp = 322119', #sols = 150
<DWph=0> <it= 39> <et=4.60> <Mt= 0.01> <Spt= 0.08> <nCl=132> <al=0.00> <DB= 1606.1421> <Mlp= 1977.6171> <PB=10000000> 
    RCSP exact solver info for graph G_0 : TT = 0.054722, pt = 0.000244, dt = 0.050365, ct = 0.003445, ndl = 13678', bdl = 554559', odl = 13122', odf = 148150', bsi = 1574', cnt = 99946', bdch = 7823828', odch = 736642', lcp = 324566', #sols = 150
<DWph=0> <it= 40> <et=4.66> <Mt= 0.00> <Spt= 0.06> <nCl= 44> <al=0.03> <DB= 1831.0510> <Mlp= 1977.6171> <PB=10000000> 
    RCSP exact solver info for graph G_0 : TT = 0.050311, pt = 0.000226, dt = 0.046458, ct = 0.002971, ndl = 13477', bdl = 547834', odl = 13053', odf = 146548', bsi = 1543', cnt = 94602', bdch = 7675126', odch = 718252', lcp = 318584', #sols = 150
<DWph=0> <it= 41> <et=4.72> <Mt= 0.01> <Spt= 0.05> <nCl= 13> <al=0.13> <DB= 1937.7574> <Mlp= 1977.6171> <PB=10000000> 
    RCSP exact solver info for graph G_0 : TT = 0.052126, pt = 0.000231, dt = 0.048209, ct = 0.003045, ndl = 13450', bdl = 546085', odl = 13039', odf = 146103', bsi = 1547', cnt = 94559', bdch = 7651326', odch = 714332', lcp = 317233', #sols = 150
    RCSP exact solver info for graph G_0 : TT = 0.051346, pt = 0.000186, dt = 0.04741, ct = 0.003118, ndl = 13353', bdl = 543491', odl = 13023', odf = 144719', bsi = 1551', cnt = 91885', bdch = 7557720', odch = 697071', lcp = 312490', #sols = 150
<DWph=0> <it= 42> <et=4.83> <Mt= 0.00> <Spt= 0.11> <nCl= 13> <al=0.00> <DB= 1977.6171> <Mlp= 1977.6171> <PB=10000000> 
RCSP solver dynamic params and stats :  bidir.bord. = 375 aver.obdmd = 48.7097 aver.buck.num. = 51 nbR1C = 17 with avMem = 11.7059
@@ 1 5 1977.62 0.0570703 0.082855 92.1329 4.83
    Full reduced cost fixing is not called (gap ratio is 0.999999)
Bucket graph for G_0 is regenerated as bucket steps were adjusted for 62 vertices
RCSP solver info : number of forw. reachable buckets / buck. strongly connected components is 5959( 95.1613% ) / 5959( 100% )
324894 forw. buck. arcs remain (92.4044% from max.) + 0 jump buck. arcs
ColGenEvalAlg final dual bound: 1977.62 (rounded: 1978)
False gap improvement since the last cut separation : 0.0364152 (1970.44)
Current active cuts : CAP(3,600.868) R1C(5+12,93.5677) 1rowPackR1C(5) 3rowPackR1C(12)
Shrinking heuristic shrunk 37 edges
In total 1 RCC cut(s) are found by the Fractional capacity min-cut heuristic 
In total 2 RCC cut(s) are found by the greedy construction heuristic 
In total 1 RCC cut(s) are found by the global pool greedy search heuristic 
1 Rank-1 1-rows pack. cuts added ,  max viol. = 0.148571, aver. viol. = 0.148571
114 Rank-1 3-rows pack. cuts added ,  max viol. = 0.16, aver. viol. = 0.125363
Building structures for heuristic rank-1 packing cut separation...done!
100 Rank-1 4-rows pack. cuts added ,  max viol. = 0.16, aver. viol. = 0.148057
----- Add fac. cuts : CAP(4) R1C(215), max.viol = 0.325714, aver.viol = 0.164932, sep/add took 0.015994/0.304863 sec. -----
5053 columns (5053 active), 392 dyn. constrs. (239 active), 557 art. vars. (361 active)
<DWph=2> <it=  1> <et=5.24> <Mt= 0.01> <Spt= 0.02> <nCl= 10> <al=0.50> <DB= 1913.8233> <Mlp= 1978.9171> <PB=10000000> 
<DWph=2> <it=  2> <et=5.26> <Mt= 0.01> <Spt= 0.02> <nCl=  7> <al=0.55> <DB= 1771.8582> <Mlp= 1978.8840> <PB=10000000> 
<DWph=2> <it=  3> <et=5.30> <Mt= 0.00> <Spt= 0.03> <nCl= 20> <al=0.19> <DB= 1740.1976> <Mlp= 1978.8695> <PB=10000000> 
<DWph=2> <it=  4> <et=5.32> <Mt= 0.01> <Spt= 0.01> <nCl= 11> <al=0.50> <DB= 1807.6170> <Mlp= 1978.8047> <PB=10000000> 
<DWph=2> <it=  5> <et=5.37> <Mt= 0.01> <Spt= 0.03> <nCl= 11> <al=0.09> <DB= 1955.2938> <Mlp= 1978.7100> <PB=10000000> 
<DWph=2> <it=  6> <et=5.39> <Mt= 0.00> <Spt= 0.02> <nCl=  2> <al=0.45> <DB= 1975.9071> <Mlp= 1978.7025> <PB=10000000> 
<DWph=2> <it=  7> <et=5.41> <Mt= 0.01> <Spt= 0.02> <nCl=  1> <al=0.50> <DB= 1975.3214> <Mlp= 1978.6951> <PB=10000000> 
<DWph=2> <it=  8> <et=5.44> <Mt= 0.00> <Spt= 0.03> <nCl=  6> <al=0.10> <DB= 1906.8527> <Mlp= 1978.6866> <PB=10000000> 
<DWph=2> <it=  9> <et=5.48> <Mt= 0.00> <Spt= 0.03> <nCl=  2> <al=0.00> <DB= 1978.6682> <Mlp= 1978.6682> <PB=10000000> 
<DWph=1> <it= 10> <et=5.51> <Mt= 0.00> <Spt= 0.03> <nCl= 10> <al=0.35> <DB= 1812.8506> <Mlp= 1978.6682> <PB=10000000> 
<DWph=1> <it= 11> <et=5.58> <Mt= 0.01> <Spt= 0.07> <nCl=  5> <al=0.00> <DB= 1978.6348> <Mlp= 1978.6682> <PB=10000000> 
<DWph=1> <it= 12> <et=5.64> <Mt= 0.00> <Spt= 0.05> <nCl=  0> <al=0.00> <DB= 1978.6682> <Mlp= 1978.6682> <PB=10000000> 
    RCSP exact solver info for graph G_0 : TT = 0.066159, pt = 0.000356, dt = 0.061837, ct = 0.003315, ndl = 15053', bdl = 606528', odl = 20702', odf = 326151', bsi = 1463', cnt = 111977', bdch = 6181921', odch = 1096271', lcp = 287242', #sols = 150
<DWph=0> <it= 13> <et=5.72> <Mt= 0.00> <Spt= 0.09> <nCl=101> <al=0.05> <DB= 1731.8127> <Mlp= 1978.6682> <PB=10000000> 
    RCSP exact solver info for graph G_0 : TT = 0.06211, pt = 0.000401, dt = 0.057681, ct = 0.003259, ndl = 13689', bdl = 547808', odl = 19977', odf = 308302', bsi = 1487', cnt = 79679', bdch = 5356772', odch = 890019', lcp = 242342', #sols = 150
<DWph=0> <it= 14> <et=5.81> <Mt= 0.01> <Spt= 0.08> <nCl=107> <al=0.15> <DB= 1671.8719> <Mlp= 1978.4364> <PB=10000000> 
    RCSP exact solver info for graph G_0 : TT = 0.060798, pt = 0.00035, dt = 0.056105, ct = 0.003551, ndl = 13772', bdl = 545516', odl = 19676', odf = 313432', bsi = 1521', cnt = 87705', bdch = 5273062', odch = 915112', lcp = 248807', #sols = 150
<DWph=0> <it= 15> <et=5.89> <Mt= 0.01> <Spt= 0.06> <nCl= 12> <al=0.23> <DB= 1878.2498> <Mlp= 1978.4364> <PB=10000000> 
    RCSP exact solver info for graph G_0 : TT = 0.063154, pt = 0.000404, dt = 0.058328, ct = 0.003571, ndl = 13515', bdl = 537597', odl = 19531', odf = 303083', bsi = 1496', cnt = 80325', bdch = 5128594', odch = 871112', lcp = 238131', #sols = 150
<DWph=0> <it= 16> <et=5.96> <Mt= 0.00> <Spt= 0.07> <nCl= 10> <al=0.31> <DB= 1916.2863> <Mlp= 1978.4364> <PB=10000000> 
    RCSP exact solver info for graph G_0 : TT = 0.064123, pt = 0.000365, dt = 0.058522, ct = 0.004315, ndl = 13573', bdl = 539611', odl = 19542', odf = 302620', bsi = 1487', cnt = 79370', bdch = 5179044', odch = 872128', lcp = 240045', #sols = 150
    RCSP exact solver info for graph G_0 : TT = 0.058748, pt = 0.000327, dt = 0.054255, ct = 0.003311, ndl = 13128', bdl = 522647', odl = 19467', odf = 296694', bsi = 1478', cnt = 71718', bdch = 4921438', odch = 817151', lcp = 229343', #sols = 150
<DWph=0> <it= 17> <et=6.09> <Mt= 0.00> <Spt= 0.13> <nCl= 20> <al=0.00> <DB= 1928.7111> <Mlp= 1978.4364> <PB=10000000> 
    RCSP exact solver info for graph G_0 : TT = 0.062767, pt = 0.000448, dt = 0.057648, ct = 0.003793, ndl = 13436', bdl = 534488', odl = 19605', odf = 301085', bsi = 1479', cnt = 74717', bdch = 5108013', odch = 844420', lcp = 237060', #sols = 150
    RCSP exact solver info for graph G_0 : TT = 0.058564, pt = 0.000333, dt = 0.054135, ct = 0.00327, ndl = 13168', bdl = 525539', odl = 19559', odf = 297512', bsi = 1472', cnt = 72838', bdch = 4952341', odch = 820399', lcp = 231205', #sols = 150
<DWph=0> <it= 18> <et=6.23> <Mt= 0.01> <Spt= 0.13> <nCl=  2> <al=0.00> <DB= 1978.4364> <Mlp= 1978.4364> <PB=10000000> 
RCSP solver dynamic params and stats :  bidir.bord. = 375 aver.obdmd = 97.4194 aver.buck.num. = 101 nbR1C = 19 with avMem = 11.0526
@@ 1 6 1978.44 0.060862 0.065152 92.4044 6.23
    Full reduced cost fixing is not called (gap ratio is 0.999998)
ColGenEvalAlg final dual bound: 1978.44 (rounded: 1979)
False gap improvement since the last cut separation : 0.00414246 (1977.62)
Separator R1C not in maximum phase
Cut generation tailing off counter increased to 0
Current active cuts : CAP(6,562.826) R1C(5+14,73.3688) 1rowPackR1C(5) 3rowPackR1C(11) 4rowPackR1C(3)
Shrinking heuristic shrunk 35 edges
In total 1 RCC cut(s) are found by the Fractional capacity min-cut heuristic 
3 Rank-1 1-rows pack. cuts added ,  max viol. = 0.0363636, aver. viol. = 0.0363636
150 Rank-1 3-rows pack. cuts added ,  max viol. = 0.163636, aver. viol. = 0.105333
Building structures for heuristic rank-1 packing cut separation...done!
100 Rank-1 4-rows pack. cuts added ,  max viol. = 0.290909, aver. viol. = 0.132545
100 Rank-1 5-rows pack. cuts added ,  max viol. = 0.290909, aver. viol. = 0.256455
----- Add fac. cuts : CAP(1) R1C(353), max.viol = 0.418182, aver.viol = 0.181715, sep/add took 0.174363/0.606188 sec. -----
5390 columns (5390 active), 600 dyn. constrs. (380 active), 911 art. vars. (502 active)
<DWph=2> <it=  1> <et=7.09> <Mt= 0.03> <Spt= 0.02> <nCl=  6> <al=0.50> <DB= 1902.1648> <Mlp= 1979.4847> <PB=10000000> 
<DWph=2> <it=  2> <et=7.14> <Mt= 0.01> <Spt= 0.05> <nCl= 15> <al=0.10> <DB= 1899.4563> <Mlp= 1979.4798> <PB=10000000> 
<DWph=2> <it=  3> <et=7.17> <Mt= 0.00> <Spt= 0.02> <nCl=  8> <al=0.45> <DB= 1965.1103> <Mlp= 1979.4711> <PB=10000000> 
<DWph=2> <it=  4> <et=7.21> <Mt= 0.01> <Spt= 0.03> <nCl=  7> <al=0.01> <DB= 1936.5086> <Mlp= 1979.4711> <PB=10000000> 
<DWph=2> <it=  5> <et=7.23> <Mt= 0.00> <Spt= 0.02> <nCl=  5> <al=0.41> <DB= 1905.2791> <Mlp= 1979.4710> <PB=10000000> 
<DWph=2> <it=  6> <et=7.28> <Mt= 0.01> <Spt= 0.04> <nCl=  7> <al=0.00> <DB= 1923.4002> <Mlp= 1979.4406> <PB=10000000> 
<DWph=2> <it=  7> <et=7.33> <Mt= 0.01> <Spt= 0.04> <nCl=  6> <al=0.00> <DB= 1953.2013> <Mlp= 1979.4314> <PB=10000000> 
<DWph=2> <it=  8> <et=7.37> <Mt= 0.01> <Spt= 0.04> <nCl=  1> <al=0.00> <DB= 1979.4314> <Mlp= 1979.4314> <PB=10000000> 
<DWph=1> <it=  9> <et=7.41> <Mt= 0.00> <Spt= 0.03> <nCl=  8> <al=0.16> <DB= 1951.5731> <Mlp= 1979.4314> <PB=10000000> 
<DWph=1> <it= 10> <et=7.49> <Mt= 0.00> <Spt= 0.07> <nCl=  3> <al=0.00> <DB= 1979.4312> <Mlp= 1979.4312> <PB=10000000> 
    RCSP exact solver info for graph G_0 : TT = 0.080239, pt = 0.000398, dt = 0.074384, ct = 0.004544, ndl = 16276', bdl = 643380', odl = 20625', odf = 349761', bsi = 1479', cnt = 124747', bdch = 6935215', odch = 1249658', lcp = 299716', #sols = 150
<DWph=0> <it= 11> <et=7.59> <Mt= 0.01> <Spt= 0.10> <nCl= 47> <al=0.00> <DB= 1862.6616> <Mlp= 1979.4312> <PB=10000000> 
    RCSP exact solver info for graph G_0 : TT = 0.084969, pt = 0.00056, dt = 0.079238, ct = 0.004108, ndl = 16560', bdl = 658006', odl = 20893', odf = 357436', bsi = 1442', cnt = 135959', bdch = 7166209', odch = 1426806', lcp = 323068', #sols = 150
<DWph=0> <it= 12> <et=7.71> <Mt= 0.02> <Spt= 0.09> <nCl= 16> <al=0.00> <DB= 1972.0794> <Mlp= 1979.3848> <PB=10000000> 
    RCSP exact solver info for graph G_0 : TT = 0.082272, pt = 0.000522, dt = 0.07693, ct = 0.003902, ndl = 16606', bdl = 660032', odl = 20939', odf = 359479', bsi = 1437', cnt = 136657', bdch = 7207611', odch = 1435706', lcp = 323804', #sols = 150
<DWph=0> <it= 13> <et=7.79> <Mt= 0.00> <Spt= 0.09> <nCl=  0> <al=0.00> <DB= 1979.3848> <Mlp= 1979.3848> <PB=10000000> 
RCSP solver dynamic params and stats :  bidir.bord. = 375 aver.obdmd = 97.4194 aver.buck.num. = 101 nbR1C = 39 with avMem = 13.3077
@@ 1 7 1979.38 0.0810353 0.083346 92.4044 7.79
    Full reduced cost fixing is not called (gap ratio is 0.999998)
ColGenEvalAlg final dual bound: 1979.38 (rounded: 1980)
False gap improvement since the last cut separation : 0.00479378 (1978.44)
Cut generation tailing off counter increased to 1
Current active cuts : CAP(4,566.668) R1C(6+33,90.169) 1rowPackR1C(6) 3rowPackR1C(19) 4rowPackR1C(12) 5rowPackR1C(2)
Shrinking heuristic shrunk 17 edges
In total 1 RCC cut(s) are found by the Fractional capacity min-cut heuristic 
In total 3 RCC cut(s) are found by the greedy construction heuristic 
In total 8 RCC cut(s) are found by the global pool greedy search heuristic 
6 Rank-1 1-rows pack. cuts added ,  max viol. = 0.0685344, aver. viol. = 0.0453057
150 Rank-1 3-rows pack. cuts added ,  max viol. = 0.117589, aver. viol. = 0.0491716
Building structures for heuristic rank-1 packing cut separation...done!
23 Rank-1 4-rows pack. cuts added ,  max viol. = 0.118165, aver. viol. = 0.0659848
100 Rank-1 5-rows pack. cuts added ,  max viol. = 0.118199, aver. viol. = 0.0770645
----- Add fac. cuts : CAP(12) R1C(279), max.viol = 0.287282, aver.viol = 0.0868017, sep/add took 0.314779/0.598194 sec. -----
5519 columns (5519 active), 678 dyn. constrs. (336 active), 1202 art. vars. (458 active)
<DWph=2> <it=  1> <et=8.80> <Mt= 0.04> <Spt= 0.03> <nCl= 11> <al=0.50> <DB= 1907.7291> <Mlp= 1981.1020> <PB=10000000> 
<DWph=2> <it=  2> <et=9.08> <Mt= 0.25> <Spt= 0.03> <nCl= 10> <al=0.55> <DB= 1926.5160> <Mlp= 1980.8462> <PB=10000000> 
<DWph=2> <it=  3> <et=9.15> <Mt= 0.01> <Spt= 0.05> <nCl= 13> <al=0.19> <DB= 1862.6412> <Mlp= 1980.8462> <PB=10000000> 
<DWph=2> <it=  4> <et=9.18> <Mt= 0.01> <Spt= 0.03> <nCl=  8> <al=0.50> <DB= 1812.0515> <Mlp= 1980.8462> <PB=10000000> 
<DWph=2> <it=  5> <et=9.22> <Mt= 0.02> <Spt= 0.02> <nCl=  6> <al=0.55> <DB= 1935.2651> <Mlp= 1980.8462> <PB=10000000> 
<DWph=2> <it=  6> <et=9.26> <Mt= 0.01> <Spt= 0.03> <nCl= 10> <al=0.59> <DB= 1527.4381> <Mlp= 1980.8462> <PB=10000000> 
<DWph=2> <it=  7> <et=9.47> <Mt= 0.15> <Spt= 0.05> <nCl= 16> <al=0.26> <DB= 1912.8762> <Mlp= 1980.8462> <PB=10000000> 
<DWph=2> <it=  8> <et=9.53> <Mt= 0.01> <Spt= 0.06> <nCl= 17> <al=0.06> <DB= 1960.1685> <Mlp= 1980.8462> <PB=10000000> 
<DWph=2> <it=  9> <et=9.58> <Mt= 0.00> <Spt= 0.05> <nCl= 10> <al=0.00> <DB= 1980.8462> <Mlp= 1980.8462> <PB=10000000> 
<DWph=1> <it= 10> <et=9.63> <Mt= 0.00> <Spt= 0.04> <nCl= 13> <al=0.33> <DB= 1806.4475> <Mlp= 1980.8462> <PB=10000000> 
<DWph=1> <it= 11> <et=9.69> <Mt= 0.02> <Spt= 0.05> <nCl= 11> <al=0.23> <DB= 1931.7189> <Mlp= 1980.8462> <PB=10000000> 
<DWph=1> <it= 12> <et=9.74> <Mt= 0.00> <Spt= 0.05> <nCl=  6> <al=0.31> <DB= 1797.0306> <Mlp= 1980.8462> <PB=10000000> 
<DWph=1> <it= 13> <et=9.85> <Mt= 0.05> <Spt= 0.05> <nCl= 12> <al=0.21> <DB= 1751.8030> <Mlp= 1980.8442> <PB=10000000> 
<DWph=1> <it= 14> <et=9.91> <Mt= 0.01> <Spt= 0.05> <nCl=  6> <al=0.29> <DB= 1908.9326> <Mlp= 1980.8442> <PB=10000000> 
<DWph=1> <it= 15> <et=10.00> <Mt= 0.01> <Spt= 0.09> <nCl=  1> <al=0.00> <DB= 1917.7273> <Mlp= 1980.8442> <PB=10000000> 
<DWph=1> <it= 16> <et=10.09> <Mt= 0.00> <Spt= 0.08> <nCl=  0> <al=0.00> <DB= 1980.8442> <Mlp= 1980.8442> <PB=10000000> 
    RCSP exact solver info for graph G_0 : TT = 0.190226, pt = 0.000519, dt = 0.176852, ct = 0.011796, ndl = 27842', bdl = 1050748', odl = 25176', odf = 602818', bsi = 1594', cnt = 642868', bdch = 16085896', odch = 6270897', lcp = 941664', #sols = 150
<DWph=0> <it= 17> <et=10.33> <Mt= 0.00> <Spt= 0.24> <nCl=150> <al=0.16> <DB= 1698.6231> <Mlp= 1980.8442> <PB=10000000> 
    RCSP exact solver info for graph G_0 : TT = 0.166803, pt = 0.000721, dt = 0.154667, ct = 0.010292, ndl = 25511', bdl = 968715', odl = 25162', odf = 547258', bsi = 1440', cnt = 445180', bdch = 14535579', odch = 4371799', lcp = 776050', #sols = 150
<DWph=0> <it= 18> <et=10.57> <Mt= 0.04> <Spt= 0.20> <nCl=109> <al=0.06> <DB= 1783.6197> <Mlp= 1980.8173> <PB=10000000> 
    RCSP exact solver info for graph G_0 : TT = 0.183978, pt = 0.000905, dt = 0.170828, ct = 0.010934, ndl = 25224', bdl = 962546', odl = 24849', odf = 534013', bsi = 1488', cnt = 460845', bdch = 14057529', odch = 4293147', lcp = 731188', #sols = 150
<DWph=0> <it= 19> <et=10.98> <Mt= 0.21> <Spt= 0.19> <nCl= 20> <al=0.15> <DB= 1933.8516> <Mlp= 1980.7882> <PB=10000000> 
    RCSP exact solver info for graph G_0 : TT = 0.191674, pt = 0.00097, dt = 0.18132, ct = 0.008355, ndl = 25361', bdl = 967978', odl = 24635', odf = 535687', bsi = 1734', cnt = 249277', bdch = 14189622', odch = 4350588', lcp = 742804', #sols = 150
<DWph=0> <it= 20> <et=11.42> <Mt= 0.22> <Spt= 0.22> <nCl=150> <al=0.24> <DB=  461.4101> <Mlp= 1980.7882> <PB=10000000> 
    RCSP exact solver info for graph G_0 : TT = 0.197946, pt = 0.000944, dt = 0.183257, ct = 0.012535, ndl = 25651', bdl = 980948', odl = 24739', odf = 538129', bsi = 1500', cnt = 467616', bdch = 14520362', odch = 4470848', lcp = 758141', #sols = 150
<DWph=0> <it= 21> <et=11.83> <Mt= 0.21> <Spt= 0.21> <nCl=  5> <al=0.31> <DB= 1966.0489> <Mlp= 1980.7882> <PB=10000000> 
    RCSP exact solver info for graph G_0 : TT = 0.193771, pt = 0.000889, dt = 0.181084, ct = 0.010619, ndl = 25958', bdl = 990900', odl = 24714', odf = 542513', bsi = 1519', cnt = 493771', bdch = 14748832', odch = 4622937', lcp = 775814', #sols = 150
<DWph=0> <it= 22> <et=12.04> <Mt= 0.01> <Spt= 0.20> <nCl=  3> <al=0.21> <DB= 1977.6336> <Mlp= 1980.7882> <PB=10000000> 
    RCSP exact solver info for graph G_0 : TT = 0.202419, pt = 0.000983, dt = 0.188508, ct = 0.011394, ndl = 25885', bdl = 988869', odl = 24686', odf = 541133', bsi = 1526', cnt = 494916', bdch = 14672201', odch = 4622937', lcp = 776261', #sols = 150
<DWph=0> <it= 23> <et=12.25> <Mt= 0.00> <Spt= 0.21> <nCl=  5> <al=0.11> <DB= 1976.4666> <Mlp= 1980.7882> <PB=10000000> 
    RCSP exact solver info for graph G_0 : TT = 0.191971, pt = 0.000955, dt = 0.179753, ct = 0.010137, ndl = 25889', bdl = 989328', odl = 24689', odf = 541646', bsi = 1520', cnt = 491746', bdch = 14684065', odch = 4629459', lcp = 777539', #sols = 150
    RCSP exact solver info for graph G_0 : TT = 0.158046, pt = 0.000661, dt = 0.147577, ct = 0.008807, ndl = 25248', bdl = 967461', odl = 24685', odf = 529613', bsi = 1485', cnt = 464731', bdch = 14098823', odch = 4391549', lcp = 752353', #sols = 150
<DWph=0> <it= 24> <et=12.62> <Mt= 0.00> <Spt= 0.36> <nCl= 15> <al=0.00> <DB= 1980.7882> <Mlp= 1980.7882> <PB=10000000> 
RCSP solver dynamic params and stats :  bidir.bord. = 375 aver.obdmd = 97.4194 aver.buck.num. = 101 nbR1C = 54 with avMem = 14.2037
@@ 1 8 1980.79 0.184302 0.199902 92.4044 12.62
    Full reduced cost fixing is not called (gap ratio is 0.999998)
Bucket graph for G_0 is regenerated as bucket steps were adjusted for 62 vertices
RCSP solver info : number of forw. reachable buckets / buck. strongly connected components is 11581( 94.3385% ) / 11581( 100% )
632438 forw. buck. arcs remain (92.5673% from max.) + 0 jump buck. arcs
ColGenEvalAlg final dual bound: 1980.79 (rounded: 1981)
False gap improvement since the last cut separation : 0.00709035 (1979.38)
Cut generation tailing off counter increased to 2
Current active cuts : CAP(6,481.177) R1C(9+45,120.272) 1rowPackR1C(9) 3rowPackR1C(31) 4rowPackR1C(7) 5rowPackR1C(7)
Shrinking heuristic shrunk 31 edges
4 Rank-1 1-rows pack. cuts added ,  max viol. = 0.123529, aver. viol. = 0.0485294
73 Rank-1 3-rows pack. cuts added ,  max viol. = 0.170588, aver. viol. = 0.0742143
Building structures for heuristic rank-1 packing cut separation...done!
54 Rank-1 4-rows pack. cuts added ,  max viol. = 0.158824, aver. viol. = 0.0845316
100 Rank-1 5-rows pack. cuts added ,  max viol. = 0.158824, aver. viol. = 0.127735
----- Add fac. cuts : R1C(231), max.viol = 0.294118, aver.viol = 0.14655, sep/add took 0.228685/0.520713 sec. -----
6126 columns (6126 active), 574 dyn. constrs. (291 active), 1433 art. vars. (413 active)
<DWph=2> <it=  1> <et=13.62> <Mt= 0.04> <Spt= 0.05> <nCl=  6> <al=0.50> <DB= 1974.0779> <Mlp= 1981.2222> <PB=10000000> 
<DWph=2> <it=  2> <et=13.72> <Mt= 0.01> <Spt= 0.09> <nCl=  9> <al=0.10> <DB= 1865.7401> <Mlp= 1981.2222> <PB=10000000> 
<DWph=2> <it=  3> <et=14.42> <Mt= 0.65> <Spt= 0.05> <nCl=  2> <al=0.45> <DB= 1956.0242> <Mlp= 1981.2184> <PB=10000000> 
<DWph=2> <it=  4> <et=14.48> <Mt= 0.01> <Spt= 0.05> <nCl=  2> <al=0.51> <DB= 1981.0998> <Mlp= 1981.2184> <PB=10000000> 
<DWph=2> <it=  5> <et=14.53> <Mt= 0.00> <Spt= 0.05> <nCl=  1> <al=0.41> <DB= 1981.1703> <Mlp= 1981.2183> <PB=10000000> 
<DWph=2> <it=  6> <et=14.58> <Mt= 0.01> <Spt= 0.04> <nCl=  7> <al=0.31> <DB= 1805.5891> <Mlp= 1981.2183> <PB=10000000> 
<DWph=2> <it=  7> <et=14.67> <Mt= 0.00> <Spt= 0.09> <nCl=  5> <al=0.00> <DB= 1911.3321> <Mlp= 1981.2181> <PB=10000000> 
<DWph=2> <it=  8> <et=14.75> <Mt= 0.00> <Spt= 0.08> <nCl=  1> <al=0.00> <DB= 1981.2181> <Mlp= 1981.2181> <PB=10000000> 
<DWph=1> <it=  9> <et=14.83> <Mt= 0.01> <Spt= 0.07> <nCl=  9> <al=0.17> <DB= 1755.7418> <Mlp= 1981.2181> <PB=10000000> 
<DWph=1> <it= 10> <et=14.92> <Mt= 0.02> <Spt= 0.07> <nCl=  8> <al=0.07> <DB= 1930.4675> <Mlp= 1981.1598> <PB=10000000> 
<DWph=1> <it= 11> <et=15.00> <Mt= 0.01> <Spt= 0.07> <nCl=  8> <al=0.00> <DB= 1932.1136> <Mlp= 1981.1559> <PB=10000000> 
<DWph=1> <it= 12> <et=15.15> <Mt= 0.00> <Spt= 0.15> <nCl=  0> <al=0.00> <DB= 1981.1559> <Mlp= 1981.1559> <PB=10000000> 
    RCSP exact solver info for graph G_0 : TT = 0.179066, pt = 0.000763, dt = 0.166783, ct = 0.009978, ndl = 25920', bdl = 978602', odl = 35830', odf = 1149450', bsi = 1447', cnt = 269852', bdch = 9349307', odch = 4643902', lcp = 522064', #sols = 150
<DWph=0> <it= 13> <et=15.35> <Mt= 0.00> <Spt= 0.20> <nCl= 53> <al=0.00> <DB= 1842.4477> <Mlp= 1981.1559> <PB=10000000> 
    RCSP exact solver info for graph G_0 : TT = 0.179813, pt = 0.000907, dt = 0.165475, ct = 0.012048, ndl = 27610', bdl = 1029645', odl = 36603', odf = 1243923', bsi = 1540', cnt = 363721', bdch = 10246319', odch = 5754104', lcp = 606903', #sols = 150
<DWph=0> <it= 14> <et=15.56> <Mt= 0.02> <Spt= 0.19> <nCl= 47> <al=0.00> <DB= 1922.7167> <Mlp= 1981.0000> <PB=10000000> 
    RCSP exact solver info for graph G_0 : TT = 0.170073, pt = 0.000758, dt = 0.158184, ct = 0.009928, ndl = 27195', bdl = 1011191', odl = 36256', odf = 1210993', bsi = 1489', cnt = 355442', bdch = 9993102', odch = 5540651', lcp = 586613', #sols = 150
<DWph=0> <it= 15> <et=15.76> <Mt= 0.01> <Spt= 0.18> <nCl= 13> <al=0.08> <DB= 1968.8539> <Mlp= 1981.0000> <PB=10000000> 
    RCSP exact solver info for graph G_0 : TT = 0.168461, pt = 0.000684, dt = 0.156178, ct = 0.010329, ndl = 27718', bdl = 1032834', odl = 36661', odf = 1228955', bsi = 1496', cnt = 369478', bdch = 10367684', odch = 5786852', lcp = 609300', #sols = 150
    RCSP exact solver info for graph G_0 : TT = 0.159517, pt = 0.000664, dt = 0.148308, ct = 0.009335, ndl = 26317', bdl = 990406', odl = 35901', odf = 1161934', bsi = 1483', cnt = 327982', bdch = 9542440', odch = 5039465', lcp = 543212', #sols = 150
<DWph=0> <it= 16> <et=16.10> <Mt= 0.01> <Spt= 0.34> <nCl=  6> <al=0.00> <DB= 1981.0000> <Mlp= 1981.0000> <PB=10000000> 
RCSP solver dynamic params and stats :  bidir.bord. = 375 aver.obdmd = 194.839 aver.buck.num. = 198 nbR1C = 44 with avMem = 15
@@ 1 9 1981 0.169309 0.177523 92.5673 16.1
    Full reduced cost fixing is not called (gap ratio is 0.999998)
ColGenEvalAlg final dual bound: 1981 (rounded: 1981)
False gap improvement since the last cut separation : 0.00106909 (1980.79)
----- Cut generation is stopped due to tailing off -----
Current active cuts : CAP(5,384.918) R1C(8+36,125.509) 1rowPackR1C(8) 3rowPackR1C(25) 4rowPackR1C(4) 5rowPackR1C(7)
**** Strong branching phase 1 is started *****
SB phase 1 cand.  1 branch on colGenSp (4.5000)                         : [ 1990.0000,  1992.0430], score = 99.39      <et=16.27>
SB phase 1 cand.  2 branch on var x[(0, 13)]_0_654_0_OspV (lhs=0.5000)  : [ 1981.5000,  1981.5000], score = 0.25      <et=16.29>
SB phase 1 cand.  3 branch on var x[(0, 19)]_0_927_0_OspV (lhs=0.5000)  : [ 1981.3333,  1982.6087], score = 0.54      <et=16.33>
SB phase 1 cand.  4 branch on var x[(0, 33)]_0_1424_0_OspV (lhs=0.5000) : [ 1981.7857,  1984.2500], score = 2.55      <et=16.37>
SB phase 1 cand.  5 branch on var x[(0, 36)]_0_1505_0_OspV (lhs=0.5000) : [ 1981.5000,  1981.7850], score = 0.39      <et=16.39>
SB phase 1 cand.  6 branch on var x[(0, 46)]_0_1710_0_OspV (lhs=0.5000) : [ 1981.6487,  1983.8571], score = 1.85      <et=16.43>
SB phase 1 cand.  7 branch on var x[(0, 51)]_0_1775_0_OspV (lhs=0.5000) : [ 1981.4468,  1981.5000], score = 0.22      <et=16.46>
SB phase 1 cand.  8 branch on var x[(0, 52)]_0_1785_0_OspV (lhs=0.5000) : [ 1981.5000,  1982.6082], score = 0.80      <et=16.49>
SB phase 1 cand.  9 branch on var x[(0, 53)]_0_1794_0_OspV (lhs=0.5000) : [ 1982.8302,  1983.7273], score = 4.99      <et=16.53>
SB phase 1 cand. 10 branch on var x[(13, 40)]_0_681_0_OspV (lhs=0.5000) : [ 1981.5000,  1981.5000], score = 0.25      <et=16.56>
SB phase 1 cand. 11 branch on var x[(16, 45)]_0_824_0_OspV (lhs=0.5000) : [ 1982.0000,  1983.0000], score = 2.00      <et=16.58>
SB phase 1 cand. 12 branch on var x[(19, 36)]_0_944_0_OspV (lhs=0.5000) : [ 1981.3333,  1983.0827], score = 0.69      <et=16.62>
SB phase 1 cand. 13 branch on var x[(19, 40)]_0_948_0_OspV (lhs=0.5000) : [ 1981.5000,  1982.3724], score = 0.69      <et=16.65>
SB phase 1 cand. 14 branch on var x[(19, 52)]_0_960_0_OspV (lhs=0.5000) : [ 1982.0000,  1982.0769], score = 1.08      <et=16.67>
SB phase 1 cand. 15 branch on var x[(22, 57)]_0_1085_0_OspV (lhs=0.5000): [ 1983.0000,  1983.8790], score = 5.76      <et=16.72>
SB phase 1 cand. 16 branch on var x[(23, 41)]_0_1107_0_OspV (lhs=0.5000): [ 1981.8876,  1983.7273], score = 2.42      <et=16.76>
SB phase 1 cand. 17 branch on var x[(23, 50)]_0_1116_0_OspV (lhs=0.5000): [ 1982.6667,  1985.3988], score = 7.33      <et=16.8>
SB phase 1 cand. 18 branch on var x[(26, 46)]_0_1220_0_OspV (lhs=0.5000): [ 1981.5000,  1982.8091], score = 0.90      <et=16.82>
SB phase 1 cand. 19 branch on var x[(26, 51)]_0_1225_0_OspV (lhs=0.5000): [ 1981.5000,  1981.8302], score = 0.42      <et=16.85>
SB phase 1 cand. 20 branch on var x[(29, 42)]_0_1315_0_OspV (lhs=0.5000): [ 1981.5000,  1981.8077], score = 0.40      <et=16.88>
SB phase 1 cand. 21 branch on var x[(29, 44)]_0_1317_0_OspV (lhs=0.5000): [ 1981.5000,  1982.2222], score = 0.61      <et=16.9>
SB phase 1 cand. 22 branch on var x[(29, 51)]_0_1324_0_OspV (lhs=0.5000): [ 1981.5000,  1982.6667], score = 0.83      <et=16.93>
SB phase 1 cand. 23 branch on var x[(32, 46)]_0_1409_0_OspV (lhs=0.5000): [ 1981.5000,  1984.9040], score = 1.95      <et=16.96>
SB phase 1 cand. 24 branch on var x[(32, 51)]_0_1414_0_OspV (lhs=0.5000): [ 1981.5000,  1981.6902], score = 0.35      <et=16.99>
SB phase 1 cand. 25 branch on var x[(33, 52)]_0_1443_0_OspV (lhs=0.5000): [ 1981.4444,  1984.0000], score = 1.33      <et=17.02>
SB phase 1 cand. 26 branch on var x[(33, 55)]_0_1446_0_OspV (lhs=0.5000): [ 1981.5000,  1981.5867], score = 0.29      <et=17.04>
SB phase 1 cand. 27 branch on var x[(39, 44)]_0_1582_0_OspV (lhs=0.5000): [ 1981.5000,  1982.6174], score = 0.81      <et=17.08>
SB phase 1 cand. 28 branch on var x[(4, 29)]_0_202_0_OspV (lhs=0.5000)  : [ 1981.5000,  1982.1852], score = 0.59      <et=17.11>
SB phase 1 cand. 29 branch on var x[(4, 44)]_0_217_0_OspV (lhs=0.5000)  : [ 1981.5000,  1982.0283], score = 0.51      <et=17.14>
SB phase 1 cand. 30 branch on var x[(41, 53)]_0_1632_0_OspV (lhs=0.5000): [ 1982.9366,  1984.3333], score = 6.46      <et=17.18>
SB phase 1 cand. 31 branch on var x[(42, 44)]_0_1642_0_OspV (lhs=0.5000): [ 1981.5000,  1982.2222], score = 0.61      <et=17.21>
SB phase 1 cand. 32 branch on var x[(46, 50)]_0_1714_0_OspV (lhs=0.5000): [ 1981.6484,  1985.0000], score = 2.59      <et=17.25>
SB phase 1 cand. 33 branch on var x[(7, 33)]_0_371_0_OspV (lhs=0.5000)  : [ 1981.5000,  1981.7503], score = 0.38      <et=17.28>
SB phase 1 cand. 34 branch on var x[(7, 39)]_0_377_0_OspV (lhs=0.5000)  : [ 1981.5000,  1981.9054], score = 0.45      <et=17.3>
SB phase 1 cand. 35 branch on var x[(7, 52)]_0_390_0_OspV (lhs=0.5000)  : [ 1981.5000,  1981.6331], score = 0.32      <et=17.33>
SB phase 1 cand. 36 branch on var x[(7, 55)]_0_393_0_OspV (lhs=0.5000)  : [ 1981.5000,  1981.9915], score = 0.50      <et=17.36>
SB phase 1 cand. 37 branch on var x[(8, 16)]_0_407_0_OspV (lhs=0.5000)  : [ 1983.0000,  1984.0667], score = 6.13      <et=17.4>
SB phase 1 cand. 38 branch on var x[(8, 22)]_0_413_0_OspV (lhs=0.5000)  : [ 1983.0000,  1983.5000], score = 5.00      <et=17.44>
SB phase 1 cand. 39 branch on var x[(8, 45)]_0_436_0_OspV (lhs=0.5000)  : [ 1983.0000,  1983.8790], score = 5.76      <et=17.48>
SB phase 1 cand. 40 branch on var x[(8, 57)]_0_448_0_OspV (lhs=0.5000)  : [ 1983.0000,  1983.6242], score = 5.25      <et=17.52>
**** Strong branching phase 2 is started *****
<DWph=1> <it= 18> <et=18.76> <Mt= 0.12> <Spt= 1.04> <nCl=149> <al=0.00> <DB= 1989.9256> <Mlp= 1989.9256> <PB=10000000> 
Shrinking heuristic shrunk 55 edges
Shrinking heuristic shrunk 55 edges
<DWph=1> <it= 16> <et=20.02> <Mt= 0.42> <Spt= 0.74> <nCl=166> <al=0.00> <DB= 1983.0000> <Mlp= 1983.0000> <PB=1983> 
SB phase 2 cand.  1 branch on colGenSp (4.5000)                         : [ 1983.0000,  1989.9256], score = 17.85      <et=20.03>
<DWph=1> <it= 20> <et=21.18> <Mt= 0.09> <Spt= 0.98> <nCl=123> <al=0.00> <DB= 1983.0000> <Mlp= 1983.0000> <PB=1983> 
<DWph=1> <it=  7> <et=21.72> <Mt= 0.03> <Spt= 0.41> <nCl= 56> <al=0.00> <DB= 1982.6667> <Mlp= 1982.6667> <PB=1983> 
SB phase 2 cand.  2 branch on var x[(23, 50)]_0_1116_0_OspV (lhs=0.5000): [ 1982.6667,  1983.0000], score = 3.33      <et=21.73>
<DWph=1> <it= 18> <et=22.99> <Mt= 0.15> <Spt= 1.02> <nCl=143> <al=0.00> <DB= 1984.0000> <Mlp= 1984.0000> <PB=1983> 
<DWph=1> <it= 15> <et=24.14> <Mt= 0.04> <Spt= 0.99> <nCl= 49> <al=0.00> <DB= 1982.7429> <Mlp= 1982.7429> <PB=1983> 
SB phase 2 cand.  3 branch on var x[(41, 53)]_0_1632_0_OspV (lhs=0.5000): [ 1982.7429,  1984.0000], score = 5.23      <et=24.15>
**** Strong branching phase 3 is started *****
**** SB phase 3 evaluation of candidate 1, branch 1 ( [ colGenSp ] <= 4 ), value = 1989.93
<DWph=2> <it=  1> <et=24.84> <Mt= 0.55> <Spt= 0.04> <nCl=  8> <al=0.50> <DB= 1982.9266> <Mlp= 1989.9256> <PB=1983> 
<DWph=2> <it=  2> <et=24.88> <Mt= 0.00> <Spt= 0.03> <nCl=  8> <al=0.55> <DB= 1985.9165> <Mlp= 1989.9053> <PB=1983> 
<DWph=2> <it=  3> <et=24.92> <Mt= 0.00> <Spt= 0.04> <nCl=  2> <al=0.60> <DB= 1987.5319> <Mlp= 1989.9053> <PB=1983> 
<DWph=2> <it=  4> <et=24.99> <Mt= 0.00> <Spt= 0.07> <nCl=  7> <al=0.00> <DB= 1984.2429> <Mlp= 1989.9030> <PB=1983> 
<DWph=2> <it=  5> <et=25.06> <Mt= 0.01> <Spt= 0.07> <nCl=  7> <al=0.00> <DB= 1989.9013> <Mlp= 1989.9013> <PB=1983> 
<DWph=1> <it=  6> <et=25.13> <Mt= 0.00> <Spt= 0.07> <nCl=  9> <al=0.30> <DB= 1980.9483> <Mlp= 1989.9013> <PB=1983> 
<DWph=1> <it=  7> <et=25.20> <Mt= 0.00> <Spt= 0.07> <nCl=  8> <al=0.37> <DB= 1968.4821> <Mlp= 1989.8923> <PB=1983> 
<DWph=1> <it=  8> <et=25.35> <Mt= 0.00> <Spt= 0.14> <nCl= 10> <al=0.00> <DB= 1984.8159> <Mlp= 1989.8849> <PB=1983> 
<DWph=1> <it=  9> <et=25.49> <Mt= 0.00> <Spt= 0.14> <nCl=  1> <al=0.00> <DB= 1989.8849> <Mlp= 1989.8849> <PB=1983> 
    RCSP exact solver info for graph G_0 : TT = 0.257584, pt = 0.000617, dt = 0.241662, ct = 0.014059, ndl = 47915', bdl = 1778648', odl = 35476', odf = 585297', bsi = 4572', cnt = 691237', bdch = 25758112', odch = 4412956', lcp = 936674', #sols = 150
<DWph=0> <it= 10> <et=25.76> <Mt= 0.01> <Spt= 0.27> <nCl=140> <al=0.23> <DB= 1965.7767> <Mlp= 1989.8849> <PB=1983> 
    RCSP exact solver info for graph G_0 : TT = 0.206936, pt = 0.000639, dt = 0.193878, ct = 0.010981, ndl = 40819', bdl = 1530224', odl = 36724', odf = 626646', bsi = 4041', cnt = 212642', bdch = 20255396', odch = 3485087', lcp = 748880', #sols = 150
<DWph=0> <it= 11> <et=26.00> <Mt= 0.02> <Spt= 0.21> <nCl= 32> <al=0.31> <DB= 1980.5045> <Mlp= 1987.0000> <PB=1983> 
    RCSP exact solver info for graph G_0 : TT = 0.199057, pt = 0.000603, dt = 0.187214, ct = 0.010099, ndl = 40173', bdl = 1513130', odl = 37827', odf = 655050', bsi = 3929', cnt = 208337', bdch = 19763030', odch = 3634838', lcp = 751957', #sols = 150
<DWph=0> <it= 12> <et=26.21> <Mt= 0.01> <Spt= 0.21> <nCl= 50> <al=0.21> <DB= 1980.3299> <Mlp= 1987.0000> <PB=1983> 
    RCSP exact solver info for graph G_0 : TT = 0.192551, pt = 0.000647, dt = 0.181166, ct = 0.009505, ndl = 38274', bdl = 1440474', odl = 37076', odf = 650959', bsi = 3759', cnt = 223834', bdch = 18488776', odch = 3466874', lcp = 695136', #sols = 150
<DWph=0> <it= 13> <et=26.43> <Mt= 0.02> <Spt= 0.19> <nCl=  3> <al=0.29> <DB= 1985.1459> <Mlp= 1987.0000> <PB=1983> 
RCSP solver dynamic params and stats :  bidir.bord. = 375 aver.obdmd = 194.839 aver.buck.num. = 198 nbR1C = 37 with avMem = 13.5946
@@ 88 0 1985.15 0.212141 0.255721 92.5673 26.43
ColGenEvalAlg final dual bound: 1985.15 (rounded: 1986)
Current active cuts : CAP(5,416.813) R1C(8+25,97.5482) 1rowPackR1C(8) 3rowPackR1C(18) 4rowPackR1C(2) 5rowPackR1C(5)
**** SB phase 3 evaluation of candidate 1, branch 2 ( [ colGenSp ] >= 5 ), value = 1983
<DWph=2> <it=  1> <et=27.00> <Mt= 0.43> <Spt= 0.04> <nCl= 12> <al=0.50> <DB= 1981.0527> <Mlp= 1983.0000> <PB=1983> 
<DWph=2> <it=  2> <et=27.10> <Mt= 0.02> <Spt= 0.08> <nCl= 19> <al=0.10> <DB= 1757.8002> <Mlp= 1983.0000> <PB=1983> 
<DWph=1> <it=  3> <et=27.20> <Mt= 0.01> <Spt= 0.07> <nCl=  9> <al=0.45> <DB= 1982.8573> <Mlp= 1983.0000> <PB=1983> 
<DWph=1> <it=  4> <et=27.27> <Mt= 0.01> <Spt= 0.07> <nCl= 13> <al=0.51> <DB= 1975.3355> <Mlp= 1983.0000> <PB=1983> 
<DWph=1> <it=  5> <et=27.34> <Mt= 0.00> <Spt= 0.07> <nCl=  6> <al=0.55> <DB= 1982.9209> <Mlp= 1983.0000> <PB=1983> 
<DWph=1> <it=  6> <et=27.41> <Mt= 0.00> <Spt= 0.06> <nCl=  9> <al=0.60> <DB= 1978.3173> <Mlp= 1983.0000> <PB=1983> 
<DWph=1> <it=  7> <et=27.54> <Mt= 0.01> <Spt= 0.13> <nCl= 10> <al=0.28> <DB= 1967.2635> <Mlp= 1983.0000> <PB=1983> 
<DWph=1> <it=  8> <et=27.61> <Mt= 0.00> <Spt= 0.07> <nCl=  4> <al=0.54> <DB= 1978.0269> <Mlp= 1983.0000> <PB=1983> 
<DWph=1> <it=  9> <et=27.74> <Mt= 0.00> <Spt= 0.12> <nCl=  8> <al=0.17> <DB= 1979.7190> <Mlp= 1983.0000> <PB=1983> 
<DWph=1> <it= 10> <et=27.85> <Mt= 0.00> <Spt= 0.11> <nCl=  8> <al=0.00> <DB= 1975.8872> <Mlp= 1983.0000> <PB=1983> 
    RCSP exact solver info for graph G_0 : TT = 0.111016, pt = 0.00068, dt = 0.103084, ct = 0.006068, ndl = 16277', bdl = 640739', odl = 30089', odf = 795813', bsi = 1489', cnt = 373312', bdch = 4587051', odch = 1841293', lcp = 256923', #sols = 150
<DWph=0> <it= 11> <et=27.97> <Mt= 0.01> <Spt= 0.12> <nCl= 76> <al=0.39> <DB= 1968.6667> <Mlp= 1983.0000> <PB=1983> 
    RCSP exact solver info for graph G_0 : TT = 0.105262, pt = 0.000748, dt = 0.097637, ct = 0.005719, ndl = 15697', bdl = 615176', odl = 29429', odf = 766198', bsi = 1492', cnt = 336542', bdch = 4289240', odch = 1670937', lcp = 236458', #sols = 150
<DWph=0> <it= 12> <et=28.09> <Mt= 0.00> <Spt= 0.11> <nCl= 55> <al=0.45> <DB= 1973.3495> <Mlp= 1983.0000> <PB=1983> 
    RCSP exact solver info for graph G_0 : TT = 0.110239, pt = 0.000756, dt = 0.102624, ct = 0.005648, ndl = 16003', bdl = 627181', odl = 29683', odf = 774429', bsi = 1492', cnt = 329437', bdch = 4442637', odch = 1710301', lcp = 241713', #sols = 150
<DWph=0> <it= 13> <et=28.20> <Mt= 0.00> <Spt= 0.12> <nCl= 29> <al=0.50> <DB= 1976.0487> <Mlp= 1983.0000> <PB=1983> 
    RCSP exact solver info for graph G_0 : TT = 0.109078, pt = 0.000766, dt = 0.101621, ct = 0.005523, ndl = 16062', bdl = 626371', odl = 29403', odf = 781905', bsi = 1488', cnt = 318420', bdch = 4436093', odch = 1697430', lcp = 239854', #sols = 150
<DWph=0> <it= 14> <et=28.32> <Mt= 0.01> <Spt= 0.11> <nCl= 19> <al=0.55> <DB= 1977.1602> <Mlp= 1983.0000> <PB=1983> 
    RCSP exact solver info for graph G_0 : TT = 0.103956, pt = 0.000663, dt = 0.096852, ct = 0.00531, ndl = 15773', bdl = 614048', odl = 29144', odf = 773904', bsi = 1503', cnt = 307822', bdch = 4283942', odch = 1645004', lcp = 232529', #sols = 150
<DWph=0> <it= 15> <et=28.43> <Mt= 0.00> <Spt= 0.11> <nCl= 12> <al=0.60> <DB= 1979.1560> <Mlp= 1983.0000> <PB=1983> 
    RCSP exact solver info for graph G_0 : TT = 0.110549, pt = 0.000759, dt = 0.102673, ct = 0.005664, ndl = 15565', bdl = 607708', odl = 29061', odf = 763862', bsi = 1488', cnt = 305194', bdch = 4196757', odch = 1596471', lcp = 229069', #sols = 150
<DWph=0> <it= 16> <et=28.55> <Mt= 0.00> <Spt= 0.12> <nCl= 12> <al=0.64> <DB= 1980.5515> <Mlp= 1983.0000> <PB=1983> 
    RCSP exact solver info for graph G_0 : TT = 0.114676, pt = 0.000756, dt = 0.106419, ct = 0.005984, ndl = 15451', bdl = 605756', odl = 29139', odf = 761472', bsi = 1492', cnt = 304046', bdch = 4161743', odch = 1579044', lcp = 228880', #sols = 150
<DWph=0> <it= 17> <et=28.67> <Mt= 0.00> <Spt= 0.12> <nCl=  2> <al=0.54> <DB= 1981.6852> <Mlp= 1983.0000> <PB=1983> 
    RCSP exact solver info for graph G_0 : TT = 0.113102, pt = 0.000801, dt = 0.105125, ct = 0.0058, ndl = 15309', bdl = 599832', odl = 29045', odf = 754750', bsi = 1496', cnt = 302249', bdch = 4104401', odch = 1560043', lcp = 226615', #sols = 150
<DWph=0> <it= 18> <et=28.79> <Mt= 0.01> <Spt= 0.11> <nCl=  4> <al=0.44> <DB= 1982.4254> <Mlp= 1983.0000> <PB=1983> 
RCSP solver dynamic params and stats :  bidir.bord. = 375 aver.obdmd = 194.839 aver.buck.num. = 198 nbR1C = 43 with avMem = 15.093
@@ 89 0 1982.43 0.107719 0.112403 92.5673 28.79
ColGenEvalAlg final dual bound: 1982.43 (rounded: 1983)
Current active cuts : CAP(3,589.398) R1C(5+16,100.542) 1rowPackR1C(5) 3rowPackR1C(12) 4rowPackR1C(2) 5rowPackR1C(2)
 SB phase 3 candidate 1 is conquered !
SB with phases chosed candidate colGenSp (4.5)
New model incumbent solution 1983, TIME = 0h0m28s82t = 2882
************************************************************************************************
Search is finished, global bounds : [ 1983 , 1983 ], TIME = 0h0m28s82t = 2882
************************************************************************************************
[32mBaPCod : solution defined.[00m
statistics_cols: instance & :Optimal & cutoff & :bcRecRootDb & :bcTimeRootEval & :bcCountNodeProc & :bcRecBestDb & :bcRecBestInc & :bcTimeMain \\
statistics: instance_23-triangle & 1 & 1.0e7 & 1981.00 & 16.19 & 3 & 1983.00 & 1983 & 28.82 \\
########################################################
Route #1: 6 16 45 59 20 43 48 56 58 25 38 24 53 41 
Route #2: 19 52 7 39 3 18 47 4 44 29 42 30 36 
Route #3: 26 46 
Route #4: 33 55 21 11 9 5 60 1 22 8 57 15 27 13 40 
Route #5: 50 23 49 10 54 35 12 31 28 34 17 37 2 14 32 51 
Cost 1983
########################################################

end_time=2026-04-19 23:14:33
exit_code=0
