instance_file=/mnt/c/Users/porin/OneDrive/Documentos/Python-Mestrado/Modelagem Matemática/Programação Inteira - Uchoa/Problema VRPRDL/instancias_turco/VRPRDL-triangle/vrp_convertidos/instance_7-triangle.vrp
instance_name=instance_7-triangle
start_time=2026-04-20 07:10:18

  Activating project at `~/VRPSolver/VRPSolverDemos`
Application parameters:
  batch  =>  nothing
  instance  =>  "/mnt/c/Users/porin/OneDrive/Documentos/Python-Mestrado/Modelagem Matemática/Programação Inteira - Uchoa/Problema VRPRDL/instancias_turco/VRPRDL-triangle/vrp_convertidos/instance_7-triangle.vrp"
  noround  =>  false
  cfg  =>  "/home/poringman/VRPSolver/VRPSolverDemos/src/../config/CVRP.cfg"
  edge_cuts  =>  false
  out  =>  nothing
  ub  =>  1.0e7
  cluster_branching  =>  1.0
  sol  =>  nothing
  single_resource  =>  false
  strong_kpath_cuts  =>  false
  tikz  =>  nothing
  maxr  =>  999
  update  =>  false
  show_complete_form  =>  false
  nosolve  =>  false
  minr  =>  1
  low_edge_priority  =>  false
~~~~~~~~~~~~~~~~~~~~~~~~~~~~~~~~~~~~~~~~~~~~~~~~~~~~~~~~~~~~~~~~~~~~~~~~~~~~~~~~~~~~~
GIT VERSION RCSP: 
GIT BRANCH: 
~~~~~~~~~~~~~~~~~~~~~~~~~~~~~~~~~~~~~~~~~~~~~~~~~~~~~~~~~~~~~~~~~~~~~~~~~~~~~~~~~~~~~
VRPSolver v0.6.16, 10/11/2025, © Inria Bordeaux, France, vrpsolver.math.u-bordeaux.fr
      Corresponds to the solver by Pessoa, Sadykov, Uchoa and Vanderbeck (2020)
                 Paper: dx.doi.org/10.1007/s10107-020-01523-z
~~~~~~~~~~~~~~~~~~~~~~~~~~~~~~~~~~~~~~~~~~~~~~~~~~~~~~~~~~~~~~~~~~~~~~~~~~~~~~~~~~~~~
GIT VERSION BAPCOD: a7cb21f19424236c9d0da5dcf94961797a519470
GIT BRANCH: main
~~~~~~~~~~~~~~~~~~~~~~~~~~~~~~~~~~~~~~~~~~~~~~~~~~~~~~~~~~~~~~~~~~~~~~~~~~~~~~~~~~~~~
   BaPCod v0.84, 10/11/2025, © Inria Bordeaux, France, bapcod.math.u-bordeaux.fr 
           THIS CODE IS PROVIDED AS IS, USE IT AT YOUR OWN RISK
~~~~~~~~~~~~~~~~~~~~~~~~~~~~~~~~~~~~~~~~~~~~~~~~~~~~~~~~~~~~~~~~~~~~~~~~~~~~~~~~~~~~~
--- MAIN PARAMETERS ---
GlobalTimeLimitInTick = 2147483645
GlobalTimeLimit = 21474836
ClockType = 0
MaxNbOfBBtreeNodeTreated = 100000
optimalityGapTolerance = 1e-06
relOptimalityGapTolerance = 1e-09
ApplyPreprocessing = false
PreprocessVariablesLocalBounds = false
treeSearchStrategy = 1
OpenNodesLimit = 1000
DEFAULTPRINTLEVEL = 0
--- MIP SOLVER PARAMETERS ---
solverName = CPLEX_SOLVER
MipSolverMaxBBNodes = 2000000
MipSolverMaxTime = 360000
MipSolverMultiThread = 1
--- COLUMN GENERATION PARAMETERS ---
SolverSelectForMast = a
  colGenSubProbSolMode = customSolver
mastInitMode = localArtCol
ArtVarPenaltyUpdateFactor = 2
ArtVarMaxNbOfPenaltyUpdates = 5
MaxNbOfStagesInColGenProcedure = 3
GenerateProperColumns = false
InsertAllGeneratedColumnsInFormRatherThanInPool = true
InsertNewNonNegColumnsDirectlyInFormRatherThanInPool = true
ColumnCleanupThreshold = 10000
ColumnCleanupRatio = 0.66
ReducedCostFixingThreshold = 0.9
--- CUT GENERATION PARAMETERS ---
MasterCuttingPlanesDepthLimit = 1000
MaxNbOfCutGeneratedAtEachIter = 1000
CutTailingOffThreshold = 0.015
CutTailingOffCounterThreshold = 3
CutCleanupThreshold = 1
CutCleanupRatio = 0.66
ColGenSpRelaxationImprovementPriority = 0
--- STABILIZATION PARAMETERS ---
colGenDualPriceSmoothingAlphaFactor = 1
colGenDualPriceSmoothingBetaFactor = 0
colGenStabilizationFunctionType = none
colGenProximalStabilizationRule = undefined
StabilFuncKappa = 1
colGenStabilizationMaxTreeDepth = 10000
StabilizationMinPhaseOfStage = 0
--- PRIMAL HEURISTIC PARAMETERS ---
UseInitialPrimalHeur = false
MaxTimeForRestrictedMasterIpHeur = -1
CallFrequencyOfRestrictedMasterIpHeur = 5
MIPemphasisInRestrictedMasterIpHeur = 1
PolishingAfterTimeInRestrictedMasterIpHeur = -1
DivingHeurUseDepthLimit = -1
CallFrequencyOfDivingHeur = 1
LeastFractional
Closest2RoundUp
LeastGreedyCost
LeastCost
FixIntValBeforeRoundingHeur = true
MaxNbOfCgIteDuringRh = 5000
MaxLDSbreadth = 0
MaxLDSdepth = 0
DivingHeurStopsWithFirstFeasSol = false
DivingHeurPreprocessBeforeChoosingVar = false
StrongDivingCandidatesNumber = 1
EvalAlgParamsInDiving = max#cand. = 1 max#cg.iters = 10000 min.lvl.sp.restr. = 1 min#cut.rounds = 0 max#cut.rounds = 0 red.cost.fix&enum. = false tree.size.ratio = 1
LocalSearchHeurUseDepthLimit = -1
LeastFractional
Closest2RoundUp
LeastGreedyCost
LeastCost
MaxFactorOfColFixedByLocalSearchHeur = 0.8
MaxLocalSearchIterationCounter = 3
--- STRONG BRANCHING PARAMETERS ---
SimplifiedStrongBranchingParameterisation = true
StrongBranchingPhaseOneCandidatesNumber = 100
StrongBranchingPhaseOneTreeSizeEstimRatio = 0.2
StrongBranchingPhaseTwoCandidatesNumber = 3
StrongBranchingPhaseTwoTreeSizeEstimRatio = 0.02
SafeDualBoundScaleFactor = -1
StrongBranchingPhaseOne = max#cand. = 100 max#cg.iters = 0 min.lvl.sp.restr. = 0 min#cut.rounds = 0 max#cut.rounds = 0 red.cost.fix&enum. = false tree.size.ratio = 0.2
StrongBranchingPhaseTwo = max#cand. = 3 max#cg.iters = 10000 min.lvl.sp.restr. = 1 min#cut.rounds = 0 max#cut.rounds = 0 red.cost.fix&enum. = false tree.size.ratio = 0.02
StrongBranchingPhaseThree = max#cand. = 1 max#cg.iters = 10000 min.lvl.sp.restr. = 0 min#cut.rounds = 0 max#cut.rounds = 10000 red.cost.fix&enum. = true tree.size.ratio = 1
StrongBranchingPhaseFour =not active
--- DEBUG OUTPUT PARAMETERS ---
printMasterPrimalSols = 0
--- VRPSOLVER PARAMETERS ---
RCSPstopCutGenTimeThresholdInPricing = 10
RCSPhardTimeThresholdInPricing = 25
RCSPredCostFixingTimeThreshold = 100
RCSPnumberOfBucketsPerVertex = 25
RCSPdynamicBucketSteps = 1
RCSPuseBidirectionalSearch = 2
RCSPapplyReducedCostFixing = 1
RCSPmaxNumOfColsPerIteration = 30
RCSPmaxNumOfColsPerExactIteration = 150
RCSPmaxNumOfLabelsInEnumeration = 500000
RCSPmaxNumOfLabelsInHeurEnumeration = 0
RCSPmaxNumOfEnumeratedSolutions = 5000000
RCSPmaxNumOfEnumSolutionsForMIP = 10000
RCSPmaxNumOfEnumSolsForEndOfNodeMIP = 10000
RCSPinitNGneighbourhoodSize = 8
RCSPmaxNGneighbourhoodSize = 8
RCSPrankOneCutsMaxNumRows = 5
RCSPrankOneCutsMaxNumPerRound = 100
RCSPrankOneCutsMemoryType = 0
RCSPrankOneCutsLSnumIterations = 1000
RCSPallowRoutesWithSameVerticesSet = true
RCSPredCostFixingFalseGap = 0
SafeDualBoundScaleFactor = -1
RCSPmaxNumOfLabelsInHeurEnumeration = 0
MaxNumEnumSolsInRestrictedMasterIpHeur = 5000

prName & bcTimeMain \\ 
New model incumbent solution 1e+07, TIME = 0h0m0s31t = 31
RCSP solver info : size of non-robust cut bitmask in a label is 640 bits
Bucket steps were recalculated for graph G_0 : [30]
RCSP solver info : symmetric case is detected for graph G_0! 
Bidirectional border value is initialised to 375
RCSP solver info : number of forw. reachable buckets / buck. strongly connected components is 544( 95.1049% ) / 444( 81.6176% )
RCSP solver info: std. label size is 56, ext. label size is 136
Generating neighbourhoods for rank-1 cuts separation
Building structures for 4- and 5-row rank-1 packing cut separation...done!
Model is built TIME = 0h0m0s31t = 31
************************************************************************************************
**** BaB tree root node
**** Local DB = -1e+12, global bounds : [ -1e+12 , 1e+07 ], TIME = 0h0m0s31t = 31
**** 1 open nodes, 0 columns (0 active), 0 dyn. constrs. (0 active), 42 art. vars. (42 active)
************************************************************************************************
--------------------------------------------------------------------------
BaPCod info : first we run the root node with rank-1 cuts with node memory
--------------------------------------------------------------------------
#<DWph=2> <it=  1> <et=0.32> <Mt= 0.00> <Spt= 0.00> <nCl= 20> <al=0.00> <DB=-11039938520.0000> <Mlp=504000000.0000> <PB=10000000> 
#<DWph=2> <it=  2> <et=0.32> <Mt= 0.00> <Spt= 0.00> <nCl= 20> <al=0.55> <DB=-8235861831.4250> <Mlp=442000463.5000> <PB=10000000> 
#<DWph=2> <it=  3> <et=0.32> <Mt= 0.00> <Spt= 0.00> <nCl= 20> <al=0.45> <DB=-7281670420.1079> <Mlp=378286847.3333> <PB=10000000> 
#<DWph=2> <it=  4> <et=0.32> <Mt= 0.00> <Spt= 0.00> <nCl= 20> <al=0.51> <DB=-6930885150.9208> <Mlp=161249747.1387> <PB=10000000> 
#<DWph=2> <it=  5> <et=0.32> <Mt= 0.00> <Spt= 0.00> <nCl= 20> <al=0.55> <DB=-7623452463.1598> <Mlp=126262387.5187> <PB=10000000> 
#<DWph=2> <it=  6> <et=0.32> <Mt= 0.00> <Spt= 0.00> <nCl= 20> <al=0.60> <DB=-6586008743.9981> <Mlp=95163954.7894> <PB=10000000> 
#<DWph=2> <it=  7> <et=0.32> <Mt= 0.00> <Spt= 0.00> <nCl= 20> <al=0.64> <DB=-4969394969.2159> <Mlp=83977620.2281> <PB=10000000> 
#<DWph=2> <it=  8> <et=0.32> <Mt= 0.00> <Spt= 0.00> <nCl= 20> <al=0.54> <DB=-5039537501.2608> <Mlp=53176405.3451> <PB=10000000> 
#<DWph=2> <it=  9> <et=0.32> <Mt= 0.00> <Spt= 0.00> <nCl= 20> <al=0.59> <DB=-4041406415.7992> <Mlp=23179693.2391> <PB=10000000> 
#<DWph=2> <it= 10> <et=0.32> <Mt= 0.00> <Spt= 0.00> <nCl= 37> <al=0.25> <DB=-890697939.9870> <Mlp=8051784.5203> <PB=10000000> 
#<DWph=2> <it= 11> <et=0.32> <Mt= 0.00> <Spt= 0.00> <nCl= 20> <al=0.53> <DB=-360920846.8722> <Mlp=7952258.2328> <PB=10000000> 
#<DWph=2> <it= 12> <et=0.32> <Mt= 0.00> <Spt= 0.00> <nCl= 20> <al=0.43> <DB=-32384837.9889> <Mlp=7948812.6076> <PB=10000000> 
#<DWph=2> <it= 13> <et=0.32> <Mt= 0.00> <Spt= 0.00> <nCl= 20> <al=0.33> <DB=-13775504.0532> <Mlp=7841287.1348> <PB=10000000> 
<DWph=2> <it= 14> <et=0.32> <Mt= 0.00> <Spt= 0.00> <nCl= 20> <al=0.00> <DB=-35998.8043> <Mlp= 1967.5997> <PB=10000000> 
<DWph=2> <it= 15> <et=0.32> <Mt= 0.00> <Spt= 0.00> <nCl= 20> <al=0.29> <DB=-21120.0967> <Mlp= 1845.5840> <PB=10000000> 
<DWph=2> <it= 16> <et=0.33> <Mt= 0.00> <Spt= 0.00> <nCl= 20> <al=0.19> <DB=-23392.4326> <Mlp= 1492.3530> <PB=10000000> 
<DWph=2> <it= 17> <et=0.33> <Mt= 0.00> <Spt= 0.00> <nCl= 20> <al=0.27> <DB=-16126.5573> <Mlp= 1445.6293> <PB=10000000> 
<DWph=2> <it= 18> <et=0.33> <Mt= 0.00> <Spt= 0.00> <nCl= 20> <al=0.35> <DB=-13264.7563> <Mlp= 1395.6049> <PB=10000000> 
<DWph=2> <it= 19> <et=0.33> <Mt= 0.00> <Spt= 0.00> <nCl= 20> <al=0.41> <DB=-9811.7520> <Mlp= 1355.6267> <PB=10000000> 
<DWph=2> <it= 20> <et=0.33> <Mt= 0.00> <Spt= 0.00> <nCl= 20> <al=0.47> <DB=-6894.4192> <Mlp= 1321.0331> <PB=10000000> 
<DWph=2> <it= 21> <et=0.33> <Mt= 0.00> <Spt= 0.01> <nCl= 20> <al=0.37> <DB=-5804.0344> <Mlp= 1245.8729> <PB=10000000> 
<DWph=2> <it= 22> <et=0.33> <Mt= 0.00> <Spt= 0.00> <nCl= 20> <al=0.43> <DB=-3283.1222> <Mlp= 1233.4636> <PB=10000000> 
<DWph=2> <it= 23> <et=0.33> <Mt= 0.00> <Spt= 0.00> <nCl= 20> <al=0.49> <DB=-2736.4157> <Mlp= 1197.1667> <PB=10000000> 
<DWph=2> <it= 24> <et=0.33> <Mt= 0.00> <Spt= 0.00> <nCl= 20> <al=0.39> <DB=-3929.3259> <Mlp= 1175.7829> <PB=10000000> 
<DWph=2> <it= 25> <et=0.33> <Mt= 0.00> <Spt= 0.00> <nCl= 20> <al=0.45> <DB=-3805.8800> <Mlp= 1172.4065> <PB=10000000> 
<DWph=2> <it= 26> <et=0.33> <Mt= 0.00> <Spt= 0.00> <nCl= 20> <al=0.51> <DB=-2201.8219> <Mlp= 1165.3888> <PB=10000000> 
<DWph=2> <it= 27> <et=0.33> <Mt= 0.00> <Spt= 0.00> <nCl= 20> <al=0.41> <DB=-2806.7337> <Mlp= 1142.2893> <PB=10000000> 
<DWph=2> <it= 28> <et=0.34> <Mt= 0.00> <Spt= 0.00> <nCl= 20> <al=0.47> <DB=-1703.0444> <Mlp= 1140.5947> <PB=10000000> 
<DWph=2> <it= 29> <et=0.34> <Mt= 0.00> <Spt= 0.00> <nCl= 20> <al=0.52> <DB=-1094.9316> <Mlp= 1046.0000> <PB=10000000> 
<DWph=2> <it= 30> <et=0.34> <Mt= 0.00> <Spt= 0.00> <nCl= 20> <al=0.42> <DB=-1363.6074> <Mlp= 1046.0000> <PB=10000000> 
<DWph=2> <it= 31> <et=0.34> <Mt= 0.00> <Spt= 0.00> <nCl= 20> <al=0.48> <DB= -600.6917> <Mlp= 1045.5556> <PB=10000000> 
<DWph=2> <it= 32> <et=0.34> <Mt= 0.00> <Spt= 0.00> <nCl= 20> <al=0.38> <DB= -680.7846> <Mlp= 1041.8000> <PB=10000000> 
<DWph=2> <it= 33> <et=0.34> <Mt= 0.00> <Spt= 0.00> <nCl= 20> <al=0.44> <DB= -189.6128> <Mlp= 1041.8000> <PB=10000000> 
<DWph=2> <it= 34> <et=0.34> <Mt= 0.00> <Spt= 0.00> <nCl= 20> <al=0.34> <DB=    4.0465> <Mlp= 1031.1429> <PB=10000000> 
<DWph=2> <it= 35> <et=0.34> <Mt= 0.00> <Spt= 0.00> <nCl= 19> <al=0.41> <DB=   65.4935> <Mlp= 1024.7500> <PB=10000000> 
<DWph=2> <it= 36> <et=0.34> <Mt= 0.00> <Spt= 0.00> <nCl= 18> <al=0.47> <DB=   78.4540> <Mlp= 1024.7500> <PB=10000000> 
<DWph=2> <it= 37> <et=0.35> <Mt= 0.00> <Spt= 0.01> <nCl= 17> <al=0.37> <DB=  130.1296> <Mlp= 1024.7500> <PB=10000000> 
<DWph=2> <it= 38> <et=0.35> <Mt= 0.00> <Spt= 0.00> <nCl= 18> <al=0.43> <DB=  744.6204> <Mlp= 1024.7500> <PB=10000000> 
<DWph=2> <it= 39> <et=0.35> <Mt= 0.00> <Spt= 0.00> <nCl= 20> <al=0.33> <DB=  524.8017> <Mlp= 1018.7500> <PB=10000000> 
<DWph=2> <it= 40> <et=0.35> <Mt= 0.01> <Spt= 0.00> <nCl= 20> <al=0.40> <DB=  147.8768> <Mlp= 1018.7500> <PB=10000000> 
<DWph=2> <it= 41> <et=0.35> <Mt= 0.00> <Spt= 0.00> <nCl= 20> <al=0.46> <DB=  995.7878> <Mlp= 1018.7500> <PB=10000000> 
<DWph=2> <it= 42> <et=0.35> <Mt= 0.00> <Spt= 0.00> <nCl= 20> <al=0.51> <DB=  918.5537> <Mlp= 1018.7500> <PB=10000000> 
<DWph=2> <it= 43> <et=0.35> <Mt= 0.00> <Spt= 0.00> <nCl= 19> <al=0.56> <DB=  993.4110> <Mlp= 1018.7500> <PB=10000000> 
<DWph=2> <it= 44> <et=0.35> <Mt= 0.00> <Spt= 0.00> <nCl= 17> <al=0.46> <DB=  976.6728> <Mlp= 1015.5000> <PB=10000000> 
<DWph=2> <it= 45> <et=0.35> <Mt= 0.00> <Spt= 0.00> <nCl= 20> <al=0.51> <DB=  915.9338> <Mlp= 1015.5000> <PB=10000000> 
<DWph=2> <it= 46> <et=0.35> <Mt= 0.00> <Spt= 0.00> <nCl= 14> <al=0.41> <DB=  733.7276> <Mlp= 1015.5000> <PB=10000000> 
<DWph=2> <it= 47> <et=0.35> <Mt= 0.00> <Spt= 0.00> <nCl= 19> <al=0.47> <DB=  923.7828> <Mlp= 1015.5000> <PB=10000000> 
<DWph=2> <it= 48> <et=0.35> <Mt= 0.00> <Spt= 0.00> <nCl= 11> <al=0.52> <DB=  997.4319> <Mlp= 1011.0000> <PB=10000000> 
<DWph=2> <it= 49> <et=0.36> <Mt= 0.00> <Spt= 0.00> <nCl= 17> <al=0.42> <DB=  918.0958> <Mlp= 1011.0000> <PB=10000000> 
<DWph=2> <it= 50> <et=0.36> <Mt= 0.00> <Spt= 0.00> <nCl=  4> <al=0.48> <DB= 1004.4541> <Mlp= 1011.0000> <PB=10000000> 
<DWph=2> <it= 51> <et=0.36> <Mt= 0.00> <Spt= 0.00> <nCl= 11> <al=0.38> <DB= 1003.4354> <Mlp= 1011.0000> <PB=10000000> 
<DWph=2> <it= 52> <et=0.36> <Mt= 0.00> <Spt= 0.00> <nCl=  7> <al=0.28> <DB=  919.6397> <Mlp= 1011.0000> <PB=10000000> 
<DWph=2> <it= 53> <et=0.36> <Mt= 0.00> <Spt= 0.00> <nCl=  1> <al=0.35> <DB= 1006.2090> <Mlp= 1011.0000> <PB=10000000> 
<DWph=2> <it= 54> <et=0.36> <Mt= 0.00> <Spt= 0.00> <nCl=  7> <al=0.42> <DB= 1006.1738> <Mlp= 1011.0000> <PB=10000000> 
<DWph=2> <it= 55> <et=0.36> <Mt= 0.00> <Spt= 0.01> <nCl=  1> <al=0.00> <DB= 1011.0000> <Mlp= 1011.0000> <PB=10000000> 
<DWph=1> <it= 56> <et=0.36> <Mt= 0.00> <Spt= 0.00> <nCl= 19> <al=0.38> <DB=  938.0000> <Mlp= 1011.0000> <PB=10000000> 
<DWph=1> <it= 57> <et=0.36> <Mt= 0.00> <Spt= 0.00> <nCl= 20> <al=0.28> <DB=  668.3382> <Mlp= 1011.0000> <PB=10000000> 
<DWph=1> <it= 58> <et=0.36> <Mt= 0.00> <Spt= 0.00> <nCl= 14> <al=0.35> <DB=  778.1327> <Mlp= 1011.0000> <PB=10000000> 
<DWph=1> <it= 59> <et=0.37> <Mt= 0.00> <Spt= 0.00> <nCl= 13> <al=0.41> <DB=  878.3363> <Mlp= 1011.0000> <PB=10000000> 
<DWph=1> <it= 60> <et=0.37> <Mt= 0.00> <Spt= 0.00> <nCl=  7> <al=0.47> <DB=  888.9178> <Mlp= 1011.0000> <PB=10000000> 
<DWph=1> <it= 61> <et=0.37> <Mt= 0.00> <Spt= 0.00> <nCl= 13> <al=0.37> <DB= 1005.8306> <Mlp= 1011.0000> <PB=10000000> 
<DWph=1> <it= 62> <et=0.37> <Mt= 0.00> <Spt= 0.00> <nCl= 17> <al=0.27> <DB=  882.5006> <Mlp= 1011.0000> <PB=10000000> 
<DWph=1> <it= 63> <et=0.37> <Mt= 0.00> <Spt= 0.00> <nCl= 12> <al=0.35> <DB=  854.7758> <Mlp= 1011.0000> <PB=10000000> 
<DWph=1> <it= 64> <et=0.37> <Mt= 0.00> <Spt= 0.00> <nCl= 10> <al=0.41> <DB=  818.6329> <Mlp= 1011.0000> <PB=10000000> 
<DWph=1> <it= 65> <et=0.37> <Mt= 0.00> <Spt= 0.01> <nCl=  9> <al=0.47> <DB=  820.4977> <Mlp= 1011.0000> <PB=10000000> 
<DWph=1> <it= 66> <et=0.37> <Mt= 0.00> <Spt= 0.00> <nCl=  7> <al=0.05> <DB= 1005.8337> <Mlp= 1011.0000> <PB=10000000> 
<DWph=1> <it= 67> <et=0.38> <Mt= 0.00> <Spt= 0.00> <nCl= 10> <al=0.42> <DB=  876.4193> <Mlp= 1011.0000> <PB=10000000> 
<DWph=1> <it= 68> <et=0.38> <Mt= 0.00> <Spt= 0.00> <nCl= 10> <al=0.48> <DB=  893.2811> <Mlp= 1011.0000> <PB=10000000> 
<DWph=1> <it= 69> <et=0.38> <Mt= 0.00> <Spt= 0.00> <nCl=  7> <al=0.53> <DB=  936.6897> <Mlp= 1011.0000> <PB=10000000> 
<DWph=1> <it= 70> <et=0.38> <Mt= 0.00> <Spt= 0.00> <nCl=  0> <al=0.58> <DB=  936.6897> <Mlp= 1007.5000> <PB=10000000> 
    RCSP exact solver info for graph G_0 : TT = 0.001485, pt = 3e-06, dt = 0.001131, ct = 0.000113, ndl = 866', bdl = 9608', odl = 2091', odf = 13037', bsi = 969', cnt = 3810', bdch = 87529', odch = 21749', lcp = 13660', #sols = 150
<DWph=0> <it= 71> <et=0.38> <Mt= 0.00> <Spt= 0.00> <nCl=144> <al=0.58> <DB=  886.4767> <Mlp= 1007.5000> <PB=10000000> 
    RCSP exact solver info for graph G_0 : TT = 0.001463, pt = 1.2e-05, dt = 0.001092, ct = 0.00013, ndl = 924', bdl = 9990', odl = 2029', odf = 13068', bsi = 972', cnt = 5434', bdch = 90358', odch = 23357', lcp = 13718', #sols = 150
<DWph=0> <it= 72> <et=0.38> <Mt= 0.00> <Spt= 0.01> <nCl= 34> <al=0.48> <DB=  998.4876> <Mlp= 1007.5000> <PB=10000000> 
    RCSP exact solver info for graph G_0 : TT = 0.001511, pt = 1.1e-05, dt = 0.001151, ct = 0.000123, ndl = 946', bdl = 10176', odl = 2106', odf = 13579', bsi = 998', cnt = 5543', bdch = 96966', odch = 24104', lcp = 15047', #sols = 150
<DWph=0> <it= 73> <et=0.39> <Mt= 0.00> <Spt= 0.00> <nCl= 30> <al=0.38> <DB=  996.4218> <Mlp= 1007.5000> <PB=10000000> 
    RCSP exact solver info for graph G_0 : TT = 0.001299, pt = 1e-05, dt = 0.000961, ct = 0.000106, ndl = 785', bdl = 8665', odl = 1977', odf = 12163', bsi = 929', cnt = 2991', bdch = 73951', odch = 18648', lcp = 11444', #sols = 150
<DWph=0> <it= 74> <et=0.39> <Mt= 0.00> <Spt= 0.00> <nCl= 21> <al=0.44> <DB= 1003.5221> <Mlp= 1007.5000> <PB=10000000> 
    RCSP exact solver info for graph G_0 : TT = 0.001302, pt = 1e-05, dt = 0.000971, ct = 9.3e-05, ndl = 766', bdl = 8585', odl = 2012', odf = 12490', bsi = 911', cnt = 2409', bdch = 74961', odch = 18720', lcp = 11294', #sols = 150
<DWph=0> <it= 75> <et=0.39> <Mt= 0.00> <Spt= 0.00> <nCl= 17> <al=0.34> <DB= 1006.1420> <Mlp= 1007.5000> <PB=10000000> 
    RCSP exact solver info for graph G_0 : TT = 0.001279, pt = 1e-05, dt = 0.000945, ct = 9.1e-05, ndl = 755', bdl = 8471', odl = 2005', odf = 12452', bsi = 902', cnt = 2264', bdch = 74097', odch = 18693', lcp = 11152', #sols = 150
    RCSP exact solver info for graph G_0 : TT = 0.00105, pt = 1e-05, dt = 0.000763, ct = 7.4e-05, ndl = 579', bdl = 6884', odl = 1761', odf = 10460', bsi = 828', cnt = 1129', bdch = 51626', odch = 12284', lcp = 7443', #sols = 150
<DWph=0> <it= 76> <et=0.40> <Mt= 0.00> <Spt= 0.01> <nCl=104> <al=0.00> <DB= 1007.5000> <Mlp= 1007.5000> <PB=10000000> 
RCSP solver dynamic params and stats :  bidir.bord. = 375 aver.obdmd = 23.7727 aver.buck.num. = 26
@@ 1 0 1007.5 0.00110629 0.001274 92.0753 0.4
RCSP      solver labels distribution in 175 buckets (bucket size) : largest - 14, top 0.1% - 14, top 0.5% - 14, top 2% - 11, top 10% - 7, top 50% - 2
Reduced cost fixing for graph G_0...  TT = 0.000743, pt = 4.3e-05, dt = 0.000676, ct = 0, ndl = 921', bdl = 3795', odl = 1647', odf = 19359', lpcb = 569', cnt = 12866', bdch = 24592', odch = 21667', lcp = 4664'
9482 buck. arcs remain (99.4% from prev., 91.5% from max.) + 0 jump buck. arcs (0% from max.)
 TT = 0.003701, pt = 4.3e-05, dt = 0.000676, ct = 0.002941, ndl = 921', bdl = 3795', odl = 1647', odf = 19359', lpcb = 569', cnt = 19953', bdch = 24592', odch = 21667', lcp = 4664'
RCSP      solver labels distribution in 296 buckets (bucket size) : largest - 14, top 0.1% - 14, top 0.5% - 13, top 2% - 10, top 10% - 7, top 50% - 2
Run forward enumeration with border = 375... not succeeded (ratio 0.784149) lpt = 0.352581, ndl = 170006', dl = 407880', lpcb = 0', dch = 4810931'
 TT = 0.364442, pt = 0.00967, dt = 0.352581, ct = 0, ndl = 170006', bdl = 407880', cnt = 1621434', bdch = 4810931', odch = 0', lcp = 0'
ColGenEvalAlg final dual bound: 1007.5 (rounded: 1008)
In total 1 RCC cut(s) are found by the connected components heuristic 
Shrinking heuristic shrunk 16 edges
----- Add fac. cuts : CAP(1), max.viol = 0.5, aver.viol = 0.5, sep/add took 0.0001874/0.00106527 sec. -----
1515 columns (1515 active), 1 dyn. constrs. (1 active), 43 art. vars. (43 active)
<DWph=2> <it=  1> <et=0.77> <Mt= 0.00> <Spt= 0.00> <nCl= 22> <al=0.00> <DB=  969.0000> <Mlp= 1011.0000> <PB=10000000> 
<DWph=2> <it=  2> <et=0.78> <Mt= 0.00> <Spt= 0.00> <nCl= 10> <al=0.00> <DB= 1009.5000> <Mlp= 1009.5000> <PB=10000000> 
<DWph=1> <it=  3> <et=0.78> <Mt= 0.00> <Spt= 0.00> <nCl=  4> <al=0.30> <DB= 1006.5000> <Mlp= 1009.5000> <PB=10000000> 
<DWph=1> <it=  4> <et=0.78> <Mt= 0.00> <Spt= 0.00> <nCl=  9> <al=0.00> <DB= 1009.5000> <Mlp= 1009.5000> <PB=10000000> 
    RCSP exact solver info for graph G_0 : TT = 0.001012, pt = 4e-06, dt = 0.000759, ct = 6.8e-05, ndl = 555', bdl = 6494', odl = 1819', odf = 10718', bsi = 795', cnt = 891', bdch = 50212', odch = 12341', lcp = 7799', #sols = 150
    RCSP exact solver info for graph G_0 : TT = 0.001029, pt = 1.3e-05, dt = 0.000769, ct = 6.8e-05, ndl = 555', bdl = 6494', odl = 1819', odf = 10718', bsi = 795', cnt = 891', bdch = 50212', odch = 12341', lcp = 7799', #sols = 150
<DWph=0> <it=  5> <et=0.78> <Mt= 0.01> <Spt= 0.01> <nCl= 44> <al=0.00> <DB= 1009.5000> <Mlp= 1009.5000> <PB=10000000> 
RCSP solver dynamic params and stats :  bidir.bord. = 375 aver.obdmd = 23.7727 aver.buck.num. = 26
@@ 1 1 1009.5 0.000832 0.000837 91.5251 0.78
    Full reduced cost fixing is not called (gap ratio is 1)
ColGenEvalAlg final dual bound: 1009.5 (rounded: 1010)
False gap improvement since the last cut separation : 0.0198511 (1007.5)
Current active cuts : CAP(1,-5.5)
In total 1 RCC cut(s) are found by the connected components heuristic 
Shrinking heuristic shrunk 15 edges
In total 1 RCC cut(s) are found by the Fractional capacity min-cut heuristic 
----- Add fac. cuts : CAP(2), max.viol = 0.5, aver.viol = 0.5, sep/add took 7.2515e-05/0.00157667 sec. -----
1604 columns (1604 active), 3 dyn. constrs. (3 active), 45 art. vars. (45 active)
<DWph=2> <it=  1> <et=0.79> <Mt= 0.00> <Spt= 0.00> <nCl=  4> <al=0.50> <DB= 1019.0357> <Mlp= 1028.5714> <PB=10000000> 
<DWph=2> <it=  2> <et=0.79> <Mt= 0.00> <Spt= 0.00> <nCl= 20> <al=0.55> <DB=  994.0839> <Mlp= 1027.4444> <PB=10000000> 
<DWph=2> <it=  3> <et=0.79> <Mt= 0.00> <Spt= 0.00> <nCl= 14> <al=0.60> <DB= 1022.2368> <Mlp= 1026.8000> <PB=10000000> 
<DWph=2> <it=  4> <et=0.79> <Mt= 0.00> <Spt= 0.00> <nCl= 14> <al=0.64> <DB= 1009.8600> <Mlp= 1026.8000> <PB=10000000> 
<DWph=2> <it=  5> <et=0.79> <Mt= 0.00> <Spt= 0.00> <nCl=  6> <al=0.67> <DB= 1023.7337> <Mlp= 1026.8000> <PB=10000000> 
<DWph=2> <it=  6> <et=0.79> <Mt= 0.00> <Spt= 0.00> <nCl=  7> <al=0.57> <DB= 1024.4200> <Mlp= 1026.8000> <PB=10000000> 
<DWph=2> <it=  7> <et=0.79> <Mt= 0.00> <Spt= 0.00> <nCl=  6> <al=0.61> <DB= 1024.1405> <Mlp= 1026.2000> <PB=10000000> 
<DWph=2> <it=  8> <et=0.79> <Mt= 0.00> <Spt= 0.00> <nCl=  6> <al=0.31> <DB= 1023.8966> <Mlp= 1025.5000> <PB=10000000> 
<DWph=2> <it=  9> <et=0.79> <Mt= 0.00> <Spt= 0.01> <nCl=  8> <al=0.11> <DB= 1022.1308> <Mlp= 1025.5000> <PB=10000000> 
<DWph=2> <it= 10> <et=0.80> <Mt= 0.00> <Spt= 0.00> <nCl=  9> <al=0.00> <DB= 1023.1667> <Mlp= 1025.5000> <PB=10000000> 
<DWph=2> <it= 11> <et=0.80> <Mt= 0.00> <Spt= 0.00> <nCl=  2> <al=0.00> <DB= 1025.5000> <Mlp= 1025.5000> <PB=10000000> 
<DWph=1> <it= 12> <et=0.80> <Mt= 0.00> <Spt= 0.00> <nCl=  3> <al=0.25> <DB= 1023.5000> <Mlp= 1025.5000> <PB=10000000> 
<DWph=1> <it= 13> <et=0.80> <Mt= 0.00> <Spt= 0.00> <nCl=  7> <al=0.00> <DB= 1025.0000> <Mlp= 1025.0000> <PB=10000000> 
    RCSP exact solver info for graph G_0 : TT = 0.001006, pt = 4e-06, dt = 0.000676, ct = 7.4e-05, ndl = 555', bdl = 6250', odl = 1722', odf = 10988', bsi = 801', cnt = 1295', bdch = 43581', odch = 13305', lcp = 7022', #sols = 150
    RCSP exact solver info for graph G_0 : TT = 0.001089, pt = 1e-05, dt = 0.000776, ct = 8.1e-05, ndl = 555', bdl = 6250', odl = 1722', odf = 10988', bsi = 801', cnt = 1295', bdch = 43581', odch = 13305', lcp = 7022', #sols = 150
<DWph=0> <it= 14> <et=0.80> <Mt= 0.00> <Spt= 0.00> <nCl= 88> <al=0.00> <DB= 1025.0000> <Mlp= 1025.0000> <PB=10000000> 
RCSP solver dynamic params and stats :  bidir.bord. = 375 aver.obdmd = 23.7727 aver.buck.num. = 26
@@ 1 2 1025 0.0008035 0.000857 91.5251 0.8
    Full reduced cost fixing is not called (gap ratio is 0.999998)
ColGenEvalAlg final dual bound: 1025 (rounded: 1025)
False gap improvement since the last cut separation : 0.153541 (1009.5)
Current active cuts : CAP(1+1,-1)
In total 1 RCC cut(s) are found by the connected components heuristic 
Shrinking heuristic shrunk 16 edges
----- Add fac. cuts : CAP(1), max.viol = 0.5, aver.viol = 0.5, sep/add took 6.5844e-05/0.000947857 sec. -----
1798 columns (1798 active), 4 dyn. constrs. (3 active), 46 art. vars. (45 active)
<DWph=2> <it=  1> <et=0.81> <Mt= 0.00> <Spt= 0.00> <nCl=  0> <al=0.00> <DB= 1025.5000> <Mlp= 1025.5000> <PB=10000000> 
<DWph=1> <it=  2> <et=0.81> <Mt= 0.00> <Spt= 0.01> <nCl=  0> <al=0.00> <DB= 1025.5000> <Mlp= 1025.5000> <PB=10000000> 
    RCSP exact solver info for graph G_0 : TT = 0.001034, pt = 5e-06, dt = 0.000765, ct = 7e-05, ndl = 527', bdl = 5834', odl = 1702', odf = 10777', bsi = 789', cnt = 1192', bdch = 41058', odch = 12422', lcp = 6675', #sols = 150
    RCSP exact solver info for graph G_0 : TT = 0.001031, pt = 9e-06, dt = 0.000727, ct = 7e-05, ndl = 527', bdl = 5834', odl = 1702', odf = 10777', bsi = 789', cnt = 1192', bdch = 41058', odch = 12422', lcp = 6675', #sols = 150
<DWph=0> <it=  3> <et=0.81> <Mt= 0.00> <Spt= 0.00> <nCl=  8> <al=0.00> <DB= 1025.5000> <Mlp= 1025.5000> <PB=10000000> 
RCSP solver dynamic params and stats :  bidir.bord. = 375 aver.obdmd = 23.7727 aver.buck.num. = 26
@@ 1 3 1025.5 0.000816 0.000835 91.5251 0.81
    Full reduced cost fixing is not called (gap ratio is 0.999998)
ColGenEvalAlg final dual bound: 1025.5 (rounded: 1026)
False gap improvement since the last cut separation : 0.00487805 (1025)
Cut generation tailing off counter increased to 1
Current active cuts : CAP(2+0,0)
In total 1 RCC cut(s) are found by the connected components heuristic 
Shrinking heuristic shrunk 15 edges
In total 1 RCC cut(s) are found by the Fractional capacity min-cut heuristic 
----- Add fac. cuts : CAP(2), max.viol = 0.5, aver.viol = 0.5, sep/add took 8.8532e-05/0.00159362 sec. -----
1806 columns (1806 active), 5 dyn. constrs. (4 active), 48 art. vars. (46 active)
<DWph=2> <it=  1> <et=0.82> <Mt= 0.00> <Spt= 0.00> <nCl=  0> <al=0.00> <DB= 1026.2500> <Mlp= 1026.2500> <PB=10000000> 
<DWph=1> <it=  2> <et=0.82> <Mt= 0.00> <Spt= 0.00> <nCl=  1> <al=0.00> <DB= 1026.2500> <Mlp= 1026.2500> <PB=10000000> 
    RCSP exact solver info for graph G_0 : TT = 0.000939, pt = 3e-06, dt = 0.00067, ct = 7.1e-05, ndl = 539', bdl = 6055', odl = 1709', odf = 10951', bsi = 780', cnt = 1150', bdch = 42479', odch = 12707', lcp = 6755', #sols = 150
    RCSP exact solver info for graph G_0 : TT = 0.000974, pt = 9e-06, dt = 0.000683, ct = 7.2e-05, ndl = 539', bdl = 6055', odl = 1709', odf = 10951', bsi = 780', cnt = 1150', bdch = 42479', odch = 12707', lcp = 6755', #sols = 150
<DWph=0> <it=  3> <et=0.82> <Mt= 0.00> <Spt= 0.01> <nCl= 10> <al=0.00> <DB= 1026.2500> <Mlp= 1026.2500> <PB=10000000> 
RCSP solver dynamic params and stats :  bidir.bord. = 375 aver.obdmd = 23.7727 aver.buck.num. = 26
@@ 1 4 1026.25 0.000748 0.000755 91.5251 0.82
    Full reduced cost fixing is not called (gap ratio is 0.999998)
ColGenEvalAlg final dual bound: 1026.25 (rounded: 1027)
False gap improvement since the last cut separation : 0.00731351 (1025.5)
Cut generation tailing off counter increased to 2
Current active cuts : CAP(3+0,0)
In total 2 RCC cut(s) are found by the connected components heuristic 
Shrinking heuristic shrunk 13 edges
In total 2 RCC cut(s) are found by the Fractional capacity min-cut heuristic 
In total 2 RCC cut(s) are found by the greedy construction heuristic 
----- Add fac. cuts : CAP(6), max.viol = 0.5, aver.viol = 0.291667, sep/add took 0.000151656/0.00364999 sec. -----
1817 columns (1817 active), 10 dyn. constrs. (9 active), 54 art. vars. (51 active)
<DWph=2> <it=  1> <et=0.83> <Mt= 0.00> <Spt= 0.00> <nCl=  4> <al=0.50> <DB= 1036.8750> <Mlp= 1047.5000> <PB=10000000> 
<DWph=2> <it=  2> <et=0.83> <Mt= 0.00> <Spt= 0.00> <nCl= 20> <al=0.40> <DB=  825.1500> <Mlp= 1047.5000> <PB=10000000> 
<DWph=2> <it=  3> <et=0.83> <Mt= 0.00> <Spt= 0.00> <nCl= 17> <al=0.46> <DB=  973.5625> <Mlp= 1042.6667> <PB=10000000> 
<DWph=2> <it=  4> <et=0.83> <Mt= 0.00> <Spt= 0.00> <nCl= 16> <al=0.51> <DB= 1035.6273> <Mlp= 1041.3750> <PB=10000000> 
<DWph=2> <it=  5> <et=0.84> <Mt= 0.00> <Spt= 0.00> <nCl= 21> <al=0.13> <DB=  757.7485> <Mlp= 1039.5000> <PB=10000000> 
<DWph=2> <it=  6> <et=0.84> <Mt= 0.00> <Spt= 0.00> <nCl= 16> <al=0.46> <DB= 1035.8194> <Mlp= 1039.5000> <PB=10000000> 
<DWph=2> <it=  7> <et=0.84> <Mt= 0.01> <Spt= 0.00> <nCl=  4> <al=0.52> <DB= 1034.4335> <Mlp= 1039.5000> <PB=10000000> 
<DWph=2> <it=  8> <et=0.84> <Mt= 0.00> <Spt= 0.00> <nCl=  4> <al=0.56> <DB= 1037.7608> <Mlp= 1039.5000> <PB=10000000> 
<DWph=2> <it=  9> <et=0.84> <Mt= 0.00> <Spt= 0.00> <nCl=  7> <al=0.61> <DB= 1036.5031> <Mlp= 1039.5000> <PB=10000000> 
<DWph=2> <it= 10> <et=0.84> <Mt= 0.00> <Spt= 0.00> <nCl=  6> <al=0.00> <DB= 1039.5000> <Mlp= 1039.5000> <PB=10000000> 
<DWph=1> <it= 11> <et=0.84> <Mt= 0.00> <Spt= 0.01> <nCl=  3> <al=0.00> <DB= 1039.5000> <Mlp= 1039.5000> <PB=10000000> 
    RCSP exact solver info for graph G_0 : TT = 0.000744, pt = 4e-06, dt = 0.000527, ct = 5.1e-05, ndl = 381', bdl = 4278', odl = 1511', odf = 10354', bsi = 609', cnt = 766', bdch = 27120', odch = 9149', lcp = 4014', #sols = 150
<DWph=0> <it= 12> <et=0.85> <Mt= 0.00> <Spt= 0.00> <nCl= 99> <al=0.45> <DB= 1035.5000> <Mlp= 1039.5000> <PB=10000000> 
    RCSP exact solver info for graph G_0 : TT = 0.000794, pt = 1e-05, dt = 0.000553, ct = 5.2e-05, ndl = 397', bdl = 4408', odl = 1548', odf = 10743', bsi = 645', cnt = 880', bdch = 28714', odch = 9831', lcp = 4174', #sols = 150
<DWph=0> <it= 13> <et=0.85> <Mt= 0.00> <Spt= 0.00> <nCl= 25> <al=0.45> <DB= 1037.1578> <Mlp= 1038.5000> <PB=10000000> 
    RCSP exact solver info for graph G_0 : TT = 0.000876, pt = 1.3e-05, dt = 0.000488, ct = 0.000187, ndl = 395', bdl = 4376', odl = 1537', odf = 10635', bsi = 654', cnt = 959', bdch = 28240', odch = 9746', lcp = 4135', #sols = 150
    RCSP exact solver info for graph G_0 : TT = 0.000835, pt = 9e-06, dt = 0.000586, ct = 5.7e-05, ndl = 386', bdl = 4267', odl = 1555', odf = 10721', bsi = 639', cnt = 885', bdch = 27902', odch = 9807', lcp = 4113', #sols = 150
<DWph=0> <it= 14> <et=0.86> <Mt= 0.00> <Spt= 0.01> <nCl= 15> <al=0.00> <DB= 1038.5000> <Mlp= 1038.5000> <PB=10000000> 
RCSP solver dynamic params and stats :  bidir.bord. = 375 aver.obdmd = 23.7727 aver.buck.num. = 26
@@ 1 5 1038.5 0.00062525 0.000675 91.5251 0.86
    Full reduced cost fixing is not called (gap ratio is 0.999997)
ColGenEvalAlg final dual bound: 1038.5 (rounded: 1039)
False gap improvement since the last cut separation : 0.119367 (1026.25)
Current active cuts : CAP(2+1,65.5)
In total 1 RCC cut(s) are found by the connected components heuristic 
Shrinking heuristic shrunk 16 edges
----- Add fac. cuts : CAP(1), max.viol = 0.5, aver.viol = 0.5, sep/add took 6.916e-05/0.00104814 sec. -----
2074 columns (2074 active), 10 dyn. constrs. (4 active), 55 art. vars. (46 active)
<DWph=2> <it=  1> <et=0.86> <Mt= 0.00> <Spt= 0.00> <nCl=  1> <al=0.50> <DB= 1038.2000> <Mlp= 1039.4000> <PB=10000000> 
<DWph=2> <it=  2> <et=0.86> <Mt= 0.00> <Spt= 0.00> <nCl=  2> <al=0.00> <DB= 1039.4000> <Mlp= 1039.4000> <PB=10000000> 
<DWph=1> <it=  3> <et=0.86> <Mt= 0.00> <Spt= 0.00> <nCl=  0> <al=0.00> <DB= 1039.4000> <Mlp= 1039.4000> <PB=10000000> 
    RCSP exact solver info for graph G_0 : TT = 0.000757, pt = 4e-06, dt = 0.000524, ct = 5.3e-05, ndl = 382', bdl = 4292', odl = 1522', odf = 10372', bsi = 640', cnt = 791', bdch = 27262', odch = 9498', lcp = 4025', #sols = 150
    RCSP exact solver info for graph G_0 : TT = 0.000905, pt = 9e-06, dt = 0.000651, ct = 5.7e-05, ndl = 382', bdl = 4292', odl = 1522', odf = 10372', bsi = 640', cnt = 791', bdch = 27262', odch = 9498', lcp = 4025', #sols = 150
<DWph=0> <it=  4> <et=0.87> <Mt= 0.00> <Spt= 0.00> <nCl= 15> <al=0.00> <DB= 1039.4000> <Mlp= 1039.4000> <PB=10000000> 
RCSP solver dynamic params and stats :  bidir.bord. = 375 aver.obdmd = 23.7727 aver.buck.num. = 26
@@ 1 6 1039.4 0.0006425 0.000708 91.5251 0.87
    Full reduced cost fixing is not called (gap ratio is 0.999997)
ColGenEvalAlg final dual bound: 1039.4 (rounded: 1040)
False gap improvement since the last cut separation : 0.00866635 (1038.5)
----- Cut separators priority level decreased to 1-----
Current active cuts : CAP(3+1,64.4)
Shrinking heuristic shrunk 13 edges
In total 1 RCC cut(s) are found by the Fractional capacity min-cut heuristic 
In total 3 RCC cut(s) are found by the greedy construction heuristic 
150 Rank-1 3-rows pack. cuts added ,  max viol. = 0.4, aver. viol. = 0.32
----- Add fac. cuts : CAP(4) R1C(150), max.viol = 0.4, aver.viol = 0.316883, sep/add took 0.000672435/0.114209 sec. -----
2092 columns (2092 active), 158 dyn. constrs. (158 active), 209 art. vars. (200 active)
Shrinking heuristic shrunk 16 edges
<DWph=2> <it=  1> <et=0.99> <Mt= 0.00> <Spt= 0.00> <nCl= 20> <al=0.50> <DB=  934.7000> <Mlp= 1060.0000> <PB=1060> 
<DWph=2> <it=  2> <et=1.04> <Mt= 0.05> <Spt= 0.01> <nCl= 15> <al=0.55> <DB= 1037.5500> <Mlp= 1050.0000> <PB=1060> 
<DWph=2> <it=  3> <et=1.04> <Mt= 0.00> <Spt= 0.00> <nCl= 11> <al=0.60> <DB= 1035.4745> <Mlp= 1050.0000> <PB=1060> 
<DWph=2> <it=  4> <et=1.05> <Mt= 0.00> <Spt= 0.00> <nCl= 10> <al=0.64> <DB= 1040.4485> <Mlp= 1050.0000> <PB=1060> 
<DWph=2> <it=  5> <et=1.05> <Mt= 0.01> <Spt= 0.00> <nCl=  4> <al=0.67> <DB= 1042.4337> <Mlp= 1046.5000> <PB=1060> 
<DWph=2> <it=  6> <et=1.05> <Mt= 0.00> <Spt= 0.00> <nCl=  7> <al=0.70> <DB=  968.8113> <Mlp= 1046.5000> <PB=1060> 
<DWph=2> <it=  7> <et=1.06> <Mt= 0.00> <Spt= 0.00> <nCl=  3> <al=0.73> <DB= 1042.9646> <Mlp= 1046.5000> <PB=1060> 
Shrinking heuristic shrunk 18 edges
<DWph=2> <it=  8> <et=1.06> <Mt= 0.00> <Spt= 0.01> <nCl= 16> <al=0.76> <DB=  674.7663> <Mlp= 1045.0000> <PB=1045> 
<DWph=2> <it=  9> <et=1.06> <Mt= 0.00> <Spt= 0.00> <nCl=  4> <al=0.78> <DB= 1031.3229> <Mlp= 1045.0000> <PB=1045> 
<DWph=2> <it= 10> <et=1.07> <Mt= 0.01> <Spt= 0.00> <nCl= 18> <al=0.37> <DB=  899.8512> <Mlp= 1045.0000> <PB=1045> 
<DWph=2> <it= 11> <et=1.07> <Mt= 0.00> <Spt= 0.00> <nCl= 14> <al=0.58> <DB=  993.8862> <Mlp= 1045.0000> <PB=1045> 
<DWph=2> <it= 12> <et=1.08> <Mt= 0.00> <Spt= 0.01> <nCl= 17> <al=0.48> <DB=  938.1461> <Mlp= 1045.0000> <PB=1045> 
<DWph=2> <it= 13> <et=1.08> <Mt= 0.00> <Spt= 0.00> <nCl=  8> <al=0.54> <DB= 1044.9545> <Mlp= 1045.0000> <PB=1045> 
<DWph=2> <it= 14> <et=1.09> <Mt= 0.00> <Spt= 0.00> <nCl= 17> <al=0.58> <DB=  854.7550> <Mlp= 1045.0000> <PB=1045> 
<DWph=2> <it= 15> <et=1.09> <Mt= 0.00> <Spt= 0.00> <nCl=  7> <al=0.62> <DB= 1034.8069> <Mlp= 1045.0000> <PB=1045> 
<DWph=2> <it= 16> <et=1.09> <Mt= 0.01> <Spt= 0.00> <nCl= 15> <al=0.66> <DB= 1037.5795> <Mlp= 1045.0000> <PB=1045> 
<DWph=2> <it= 17> <et=1.09> <Mt= 0.00> <Spt= 0.00> <nCl=  8> <al=0.70> <DB= 1042.6732> <Mlp= 1045.0000> <PB=1045> 
<DWph=2> <it= 18> <et=1.10> <Mt= 0.00> <Spt= 0.01> <nCl=  8> <al=0.60> <DB= 1029.2628> <Mlp= 1045.0000> <PB=1045> 
<DWph=2> <it= 19> <et=1.10> <Mt= 0.00> <Spt= 0.00> <nCl= 25> <al=0.27> <DB=  945.3545> <Mlp= 1045.0000> <PB=1045> 
<DWph=2> <it= 20> <et=1.11> <Mt= 0.00> <Spt= 0.00> <nCl= 21> <al=0.07> <DB=  790.6937> <Mlp= 1045.0000> <PB=1045> 
<DWph=2> <it= 21> <et=1.11> <Mt= 0.00> <Spt= 0.01> <nCl= 24> <al=0.00> <DB=  685.0000> <Mlp= 1045.0000> <PB=1045> 
<DWph=2> <it= 22> <et=1.12> <Mt= 0.00> <Spt= 0.00> <nCl= 20> <al=0.34> <DB=  979.0956> <Mlp= 1045.0000> <PB=1045> 
<DWph=2> <it= 23> <et=1.12> <Mt= 0.01> <Spt= 0.00> <nCl= 11> <al=0.40> <DB= 1039.5283> <Mlp= 1045.0000> <PB=1045> 
<DWph=2> <it= 24> <et=1.12> <Mt= 0.00> <Spt= 0.00> <nCl=  4> <al=0.46> <DB= 1019.4257> <Mlp= 1045.0000> <PB=1045> 
<DWph=2> <it= 25> <et=1.13> <Mt= 0.00> <Spt= 0.00> <nCl=  7> <al=0.52> <DB= 1044.9957> <Mlp= 1045.0000> <PB=1045> 
<DWph=2> <it= 26> <et=1.13> <Mt= 0.00> <Spt= 0.00> <nCl= 13> <al=0.56> <DB=  903.7912> <Mlp= 1045.0000> <PB=1045> 
<DWph=2> <it= 27> <et=1.13> <Mt= 0.00> <Spt= 0.01> <nCl= 17> <al=0.61> <DB=  770.2252> <Mlp= 1045.0000> <PB=1045> 
<DWph=2> <it= 28> <et=1.14> <Mt= 0.00> <Spt= 0.00> <nCl= 19> <al=0.29> <DB=  987.1027> <Mlp= 1045.0000> <PB=1045> 
<DWph=2> <it= 29> <et=1.14> <Mt= 0.01> <Spt= 0.00> <nCl=  8> <al=0.09> <DB= 1027.7119> <Mlp= 1045.0000> <PB=1045> 
<DWph=2> <it= 30> <et=1.15> <Mt= 0.00> <Spt= 0.01> <nCl= 18> <al=0.00> <DB=  900.4286> <Mlp= 1045.0000> <PB=1045> 
<DWph=2> <it= 31> <et=1.15> <Mt= 0.00> <Spt= 0.00> <nCl=  3> <al=0.35> <DB= 1036.1086> <Mlp= 1045.0000> <PB=1045> 
<DWph=2> <it= 32> <et=1.15> <Mt= 0.00> <Spt= 0.00> <nCl= 18> <al=0.41> <DB=  861.2746> <Mlp= 1045.0000> <PB=1045> 
<DWph=2> <it= 33> <et=1.16> <Mt= 0.00> <Spt= 0.00> <nCl=  5> <al=0.00> <DB= 1045.0000> <Mlp= 1045.0000> <PB=1045> 
<DWph=1> <it= 34> <et=1.16> <Mt= 0.00> <Spt= 0.00> <nCl= 18> <al=0.21> <DB=  805.0000> <Mlp= 1045.0000> <PB=1045> 
<DWph=1> <it= 35> <et=1.17> <Mt= 0.00> <Spt= 0.01> <nCl= 12> <al=0.29> <DB=  967.8350> <Mlp= 1045.0000> <PB=1045> 
<DWph=1> <it= 36> <et=1.17> <Mt= 0.00> <Spt= 0.00> <nCl= 15> <al=0.19> <DB=  965.0000> <Mlp= 1045.0000> <PB=1045> 
<DWph=1> <it= 37> <et=1.18> <Mt= 0.01> <Spt= 0.00> <nCl= 18> <al=0.19> <DB=  851.1922> <Mlp= 1045.0000> <PB=1045> 
<DWph=1> <it= 38> <et=1.18> <Mt= 0.00> <Spt= 0.01> <nCl=  8> <al=0.27> <DB= 1024.0016> <Mlp= 1045.0000> <PB=1045> 
<DWph=1> <it= 39> <et=1.18> <Mt= 0.00> <Spt= 0.00> <nCl= 20> <al=0.17> <DB=  732.8092> <Mlp= 1045.0000> <PB=1045> 
<DWph=1> <it= 40> <et=1.19> <Mt= 0.00> <Spt= 0.00> <nCl= 19> <al=0.25> <DB=  828.0407> <Mlp= 1045.0000> <PB=1045> 
<DWph=1> <it= 41> <et=1.20> <Mt= 0.01> <Spt= 0.01> <nCl= 21> <al=0.00> <DB= 1031.6667> <Mlp= 1045.0000> <PB=1045> 
    RCSP exact solver info for graph G_0 : TT = 0.001912, pt = 1.7e-05, dt = 0.001483, ct = 0.00018, ndl = 1095', bdl = 12330', odl = 2501', odf = 17317', bsi = 1004', cnt = 8002', bdch = 131821', odch = 42243', lcp = 22296', #sols = 150
<DWph=0> <it= 42> <et=1.22> <Mt= 0.00> <Spt= 0.02> <nCl=139> <al=0.23> <DB=  880.8379> <Mlp= 1045.0000> <PB=1045> 
    RCSP exact solver info for graph G_0 : TT = 0.001948, pt = 3.8e-05, dt = 0.001518, ct = 0.000146, ndl = 1059', bdl = 11712', odl = 2602', odf = 17501', bsi = 972', cnt = 8657', bdch = 130567', odch = 41004', lcp = 23304', #sols = 150
<DWph=0> <it= 43> <et=1.24> <Mt= 0.00> <Spt= 0.01> <nCl= 85> <al=0.31> <DB=  951.3228> <Mlp= 1045.0000> <PB=1045> 
    RCSP exact solver info for graph G_0 : TT = 0.002127, pt = 3.3e-05, dt = 0.001667, ct = 0.000152, ndl = 1159', bdl = 12845', odl = 2704', odf = 18949', bsi = 968', cnt = 8872', bdch = 149642', odch = 45291', lcp = 24823', #sols = 150
<DWph=0> <it= 44> <et=1.25> <Mt= 0.00> <Spt= 0.01> <nCl= 71> <al=0.21> <DB= 1016.6855> <Mlp= 1045.0000> <PB=1045> 
    RCSP exact solver info for graph G_0 : TT = 0.002083, pt = 6.2e-05, dt = 0.001608, ct = 0.000151, ndl = 1182', bdl = 13096', odl = 2766', odf = 19363', bsi = 961', cnt = 9110', bdch = 156943', odch = 46726', lcp = 26352', #sols = 150
<DWph=0> <it= 45> <et=1.26> <Mt= 0.01> <Spt= 0.01> <nCl=  5> <al=0.29> <DB= 1030.0211> <Mlp= 1045.0000> <PB=1045> 
    RCSP exact solver info for graph G_0 : TT = 0.002118, pt = 3.8e-05, dt = 0.001623, ct = 0.000163, ndl = 1189', bdl = 13160', odl = 2786', odf = 19510', bsi = 941', cnt = 8924', bdch = 157152', odch = 47194', lcp = 26251', #sols = 150
    RCSP exact solver info for graph G_0 : TT = 0.001717, pt = 2.8e-05, dt = 0.00135, ct = 0.000106, ndl = 992', bdl = 11327', odl = 2545', odf = 17355', bsi = 891', cnt = 5733', bdch = 122195', odch = 38565', lcp = 20362', #sols = 150
<DWph=0> <it= 46> <et=1.27> <Mt= 0.00> <Spt= 0.01> <nCl= 25> <al=0.00> <DB= 1045.0000> <Mlp= 1045.0000> <PB=1045> 
RCSP solver dynamic params and stats :  bidir.bord. = 375 aver.obdmd = 23.7727 aver.buck.num. = 26 nbR1C = 3 with avMem = 6.33333
@@ 1 7 1045 0.00169117 0.001819 91.5251 1.27
ColGenEvalAlg final dual bound: 1045 (rounded: 1045)
Gap improvement since the last cut separation : 1 (1039.4)
Current active cuts : CAP(4,113) R1C(3,66) 3rowPackR1C(3)
New model incumbent solution 1045, TIME = 0h0m1s28t = 128
************************************************************************************************
Search is finished, global bounds : [ 1045 , 1045 ], TIME = 0h0m1s28t = 128
************************************************************************************************
[32mBaPCod : solution defined.[00m
statistics_cols: instance & :Optimal & cutoff & :bcRecRootDb & :bcTimeRootEval & :bcCountNodeProc & :bcRecBestDb & :bcRecBestInc & :bcTimeMain \\
statistics: instance_7-triangle & 1 & 1.0e7 & 1045.00 & 1.28 & 1 & 1045.00 & 1045 & 1.28 \\
########################################################
Route #1: 1 10 7 15 6 16 4 3 14 2 19 12 18 8 13 
Route #2: 5 9 17 11 20 
Cost 1045
########################################################

end_time=2026-04-20 07:10:28
exit_code=0
