instance_file=/mnt/c/Users/porin/OneDrive/Documentos/Python-Mestrado/Modelagem Matemática/Programação Inteira - Uchoa/Problema VRPRDL/instancias_turco/VRPRDL-triangle/vrp_convertidos/instance_2-triangle.vrp
instance_name=instance_2-triangle
start_time=2026-04-19 23:12:48

  Activating project at `~/VRPSolver/VRPSolverDemos`
Application parameters:
  batch  =>  nothing
  instance  =>  "/mnt/c/Users/porin/OneDrive/Documentos/Python-Mestrado/Modelagem Matemática/Programação Inteira - Uchoa/Problema VRPRDL/instancias_turco/VRPRDL-triangle/vrp_convertidos/instance_2-triangle.vrp"
  noround  =>  false
  cfg  =>  "/home/poringman/VRPSolver/VRPSolverDemos/src/../config/CVRP.cfg"
  edge_cuts  =>  false
  out  =>  nothing
  ub  =>  1.0e7
  cluster_branching  =>  1.0
  sol  =>  nothing
  single_resource  =>  false
  strong_kpath_cuts  =>  false
  tikz  =>  nothing
  maxr  =>  999
  update  =>  false
  show_complete_form  =>  false
  nosolve  =>  false
  minr  =>  1
  low_edge_priority  =>  false
~~~~~~~~~~~~~~~~~~~~~~~~~~~~~~~~~~~~~~~~~~~~~~~~~~~~~~~~~~~~~~~~~~~~~~~~~~~~~~~~~~~~~
GIT VERSION RCSP: 
GIT BRANCH: 
~~~~~~~~~~~~~~~~~~~~~~~~~~~~~~~~~~~~~~~~~~~~~~~~~~~~~~~~~~~~~~~~~~~~~~~~~~~~~~~~~~~~~
VRPSolver v0.6.16, 10/11/2025, © Inria Bordeaux, France, vrpsolver.math.u-bordeaux.fr
      Corresponds to the solver by Pessoa, Sadykov, Uchoa and Vanderbeck (2020)
                 Paper: dx.doi.org/10.1007/s10107-020-01523-z
~~~~~~~~~~~~~~~~~~~~~~~~~~~~~~~~~~~~~~~~~~~~~~~~~~~~~~~~~~~~~~~~~~~~~~~~~~~~~~~~~~~~~
GIT VERSION BAPCOD: a7cb21f19424236c9d0da5dcf94961797a519470
GIT BRANCH: main
~~~~~~~~~~~~~~~~~~~~~~~~~~~~~~~~~~~~~~~~~~~~~~~~~~~~~~~~~~~~~~~~~~~~~~~~~~~~~~~~~~~~~
   BaPCod v0.84, 10/11/2025, © Inria Bordeaux, France, bapcod.math.u-bordeaux.fr 
           THIS CODE IS PROVIDED AS IS, USE IT AT YOUR OWN RISK
~~~~~~~~~~~~~~~~~~~~~~~~~~~~~~~~~~~~~~~~~~~~~~~~~~~~~~~~~~~~~~~~~~~~~~~~~~~~~~~~~~~~~
--- MAIN PARAMETERS ---
GlobalTimeLimitInTick = 2147483645
GlobalTimeLimit = 21474836
ClockType = 0
MaxNbOfBBtreeNodeTreated = 100000
optimalityGapTolerance = 1e-06
relOptimalityGapTolerance = 1e-09
ApplyPreprocessing = false
PreprocessVariablesLocalBounds = false
treeSearchStrategy = 1
OpenNodesLimit = 1000
DEFAULTPRINTLEVEL = 0
--- MIP SOLVER PARAMETERS ---
solverName = CPLEX_SOLVER
MipSolverMaxBBNodes = 2000000
MipSolverMaxTime = 360000
MipSolverMultiThread = 1
--- COLUMN GENERATION PARAMETERS ---
SolverSelectForMast = a
  colGenSubProbSolMode = customSolver
mastInitMode = localArtCol
ArtVarPenaltyUpdateFactor = 2
ArtVarMaxNbOfPenaltyUpdates = 5
MaxNbOfStagesInColGenProcedure = 3
GenerateProperColumns = false
InsertAllGeneratedColumnsInFormRatherThanInPool = true
InsertNewNonNegColumnsDirectlyInFormRatherThanInPool = true
ColumnCleanupThreshold = 10000
ColumnCleanupRatio = 0.66
ReducedCostFixingThreshold = 0.9
--- CUT GENERATION PARAMETERS ---
MasterCuttingPlanesDepthLimit = 1000
MaxNbOfCutGeneratedAtEachIter = 1000
CutTailingOffThreshold = 0.015
CutTailingOffCounterThreshold = 3
CutCleanupThreshold = 1
CutCleanupRatio = 0.66
ColGenSpRelaxationImprovementPriority = 0
--- STABILIZATION PARAMETERS ---
colGenDualPriceSmoothingAlphaFactor = 1
colGenDualPriceSmoothingBetaFactor = 0
colGenStabilizationFunctionType = none
colGenProximalStabilizationRule = undefined
StabilFuncKappa = 1
colGenStabilizationMaxTreeDepth = 10000
StabilizationMinPhaseOfStage = 0
--- PRIMAL HEURISTIC PARAMETERS ---
UseInitialPrimalHeur = false
MaxTimeForRestrictedMasterIpHeur = -1
CallFrequencyOfRestrictedMasterIpHeur = 5
MIPemphasisInRestrictedMasterIpHeur = 1
PolishingAfterTimeInRestrictedMasterIpHeur = -1
DivingHeurUseDepthLimit = -1
CallFrequencyOfDivingHeur = 1
LeastFractional
Closest2RoundUp
LeastGreedyCost
LeastCost
FixIntValBeforeRoundingHeur = true
MaxNbOfCgIteDuringRh = 5000
MaxLDSbreadth = 0
MaxLDSdepth = 0
DivingHeurStopsWithFirstFeasSol = false
DivingHeurPreprocessBeforeChoosingVar = false
StrongDivingCandidatesNumber = 1
EvalAlgParamsInDiving = max#cand. = 1 max#cg.iters = 10000 min.lvl.sp.restr. = 1 min#cut.rounds = 0 max#cut.rounds = 0 red.cost.fix&enum. = false tree.size.ratio = 1
LocalSearchHeurUseDepthLimit = -1
LeastFractional
Closest2RoundUp
LeastGreedyCost
LeastCost
MaxFactorOfColFixedByLocalSearchHeur = 0.8
MaxLocalSearchIterationCounter = 3
--- STRONG BRANCHING PARAMETERS ---
SimplifiedStrongBranchingParameterisation = true
StrongBranchingPhaseOneCandidatesNumber = 100
StrongBranchingPhaseOneTreeSizeEstimRatio = 0.2
StrongBranchingPhaseTwoCandidatesNumber = 3
StrongBranchingPhaseTwoTreeSizeEstimRatio = 0.02
SafeDualBoundScaleFactor = -1
StrongBranchingPhaseOne = max#cand. = 100 max#cg.iters = 0 min.lvl.sp.restr. = 0 min#cut.rounds = 0 max#cut.rounds = 0 red.cost.fix&enum. = false tree.size.ratio = 0.2
StrongBranchingPhaseTwo = max#cand. = 3 max#cg.iters = 10000 min.lvl.sp.restr. = 1 min#cut.rounds = 0 max#cut.rounds = 0 red.cost.fix&enum. = false tree.size.ratio = 0.02
StrongBranchingPhaseThree = max#cand. = 1 max#cg.iters = 10000 min.lvl.sp.restr. = 0 min#cut.rounds = 0 max#cut.rounds = 10000 red.cost.fix&enum. = true tree.size.ratio = 1
StrongBranchingPhaseFour =not active
--- DEBUG OUTPUT PARAMETERS ---
printMasterPrimalSols = 0
--- VRPSOLVER PARAMETERS ---
RCSPstopCutGenTimeThresholdInPricing = 10
RCSPhardTimeThresholdInPricing = 25
RCSPredCostFixingTimeThreshold = 100
RCSPnumberOfBucketsPerVertex = 25
RCSPdynamicBucketSteps = 1
RCSPuseBidirectionalSearch = 2
RCSPapplyReducedCostFixing = 1
RCSPmaxNumOfColsPerIteration = 30
RCSPmaxNumOfColsPerExactIteration = 150
RCSPmaxNumOfLabelsInEnumeration = 500000
RCSPmaxNumOfLabelsInHeurEnumeration = 0
RCSPmaxNumOfEnumeratedSolutions = 5000000
RCSPmaxNumOfEnumSolutionsForMIP = 10000
RCSPmaxNumOfEnumSolsForEndOfNodeMIP = 10000
RCSPinitNGneighbourhoodSize = 8
RCSPmaxNGneighbourhoodSize = 8
RCSPrankOneCutsMaxNumRows = 5
RCSPrankOneCutsMaxNumPerRound = 100
RCSPrankOneCutsMemoryType = 0
RCSPrankOneCutsLSnumIterations = 1000
RCSPallowRoutesWithSameVerticesSet = true
RCSPredCostFixingFalseGap = 0
SafeDualBoundScaleFactor = -1
RCSPmaxNumOfLabelsInHeurEnumeration = 0
MaxNumEnumSolsInRestrictedMasterIpHeur = 5000

prName & bcTimeMain \\ 
New model incumbent solution 1e+07, TIME = 0h0m0s32t = 32
RCSP solver info : size of non-robust cut bitmask in a label is 640 bits
Bucket steps were recalculated for graph G_0 : [30]
RCSP solver info : symmetric case is detected for graph G_0! 
Bidirectional border value is initialised to 375
RCSP solver info : number of forw. reachable buckets / buck. strongly connected components is 413( 93.4389% ) / 413( 100% )
RCSP solver info: std. label size is 56, ext. label size is 136
Generating neighbourhoods for rank-1 cuts separation
Building structures for 4- and 5-row rank-1 packing cut separation...done!
Model is built TIME = 0h0m0s32t = 32
************************************************************************************************
**** BaB tree root node
**** Local DB = -1e+12, global bounds : [ -1e+12 , 1e+07 ], TIME = 0h0m0s32t = 32
**** 1 open nodes, 0 columns (0 active), 0 dyn. constrs. (0 active), 32 art. vars. (32 active)
************************************************************************************************
--------------------------------------------------------------------------
BaPCod info : first we run the root node with rank-1 cuts with node memory
--------------------------------------------------------------------------
#<DWph=2> <it=  1> <et=0.32> <Mt= 0.00> <Spt= 0.00> <nCl= 15> <al=0.00> <DB=-7199976225.0000> <Mlp=372000000.0000> <PB=10000000> 
#<DWph=2> <it=  2> <et=0.32> <Mt= 0.00> <Spt= 0.00> <nCl= 15> <al=0.55> <DB=-6319768552.1250> <Mlp=168000662.5000> <PB=10000000> 
#<DWph=2> <it=  3> <et=0.32> <Mt= 0.00> <Spt= 0.00> <nCl= 15> <al=0.45> <DB=-5343258122.2408> <Mlp=157920695.8600> <PB=10000000> 
#<DWph=2> <it=  4> <et=0.32> <Mt= 0.00> <Spt= 0.00> <nCl= 15> <al=0.51> <DB=-4509789897.6998> <Mlp=137647977.5294> <PB=10000000> 
#<DWph=2> <it=  5> <et=0.32> <Mt= 0.00> <Spt= 0.00> <nCl= 15> <al=0.55> <DB=-4524476520.6732> <Mlp=83854016.2285> <PB=10000000> 
#<DWph=2> <it=  6> <et=0.32> <Mt= 0.00> <Spt= 0.00> <nCl= 15> <al=0.60> <DB=-4105344130.3779> <Mlp=35649644.6341> <PB=10000000> 
#<DWph=2> <it=  7> <et=0.32> <Mt= 0.00> <Spt= 0.00> <nCl= 15> <al=0.50> <DB=-3127036281.7761> <Mlp=11550406.0538> <PB=10000000> 
#<DWph=2> <it=  8> <et=0.32> <Mt= 0.00> <Spt= 0.00> <nCl= 15> <al=0.40> <DB=-2295275162.3551> <Mlp=895158.4198> <PB=10000000> 
<DWph=2> <it=  9> <et=0.32> <Mt= 0.00> <Spt= 0.00> <nCl= 16> <al=0.00> <DB=-13503.5623> <Mlp= 1558.1430> <PB=10000000> 
<DWph=2> <it= 10> <et=0.32> <Mt= 0.00> <Spt= 0.00> <nCl= 15> <al=0.20> <DB=-15116.1883> <Mlp= 1468.3583> <PB=10000000> 
<DWph=2> <it= 11> <et=0.32> <Mt= 0.00> <Spt= 0.00> <nCl= 15> <al=0.28> <DB=-15166.3264> <Mlp= 1397.5769> <PB=10000000> 
<DWph=2> <it= 12> <et=0.32> <Mt= 0.00> <Spt= 0.00> <nCl= 15> <al=0.35> <DB=-17393.6132> <Mlp= 1384.1532> <PB=10000000> 
<DWph=2> <it= 13> <et=0.33> <Mt= 0.00> <Spt= 0.00> <nCl= 15> <al=0.42> <DB=-11276.4437> <Mlp= 1250.6447> <PB=10000000> 
<DWph=2> <it= 14> <et=0.33> <Mt= 0.00> <Spt= 0.00> <nCl= 15> <al=0.47> <DB=-7713.6039> <Mlp= 1219.5759> <PB=10000000> 
<DWph=2> <it= 15> <et=0.33> <Mt= 0.00> <Spt= 0.00> <nCl= 15> <al=0.37> <DB=-4271.9677> <Mlp= 1136.1321> <PB=10000000> 
<DWph=2> <it= 16> <et=0.33> <Mt= 0.00> <Spt= 0.00> <nCl= 15> <al=0.44> <DB=-4162.1831> <Mlp= 1112.0583> <PB=10000000> 
<DWph=2> <it= 17> <et=0.33> <Mt= 0.00> <Spt= 0.00> <nCl= 15> <al=0.49> <DB=-3360.8379> <Mlp= 1091.1601> <PB=10000000> 
<DWph=2> <it= 18> <et=0.33> <Mt= 0.00> <Spt= 0.00> <nCl= 15> <al=0.54> <DB=-2161.3502> <Mlp= 1056.3707> <PB=10000000> 
<DWph=2> <it= 19> <et=0.33> <Mt= 0.00> <Spt= 0.00> <nCl= 15> <al=0.59> <DB=-1516.7693> <Mlp=  994.7258> <PB=10000000> 
<DWph=2> <it= 20> <et=0.33> <Mt= 0.00> <Spt= 0.00> <nCl= 15> <al=0.49> <DB=-1148.6423> <Mlp=  965.0000> <PB=10000000> 
<DWph=2> <it= 21> <et=0.33> <Mt= 0.00> <Spt= 0.00> <nCl= 15> <al=0.39> <DB=-1254.7502> <Mlp=  946.8974> <PB=10000000> 
<DWph=2> <it= 22> <et=0.33> <Mt= 0.00> <Spt= 0.00> <nCl= 15> <al=0.45> <DB= -503.1737> <Mlp=  931.5915> <PB=10000000> 
<DWph=2> <it= 23> <et=0.33> <Mt= 0.00> <Spt= 0.00> <nCl= 15> <al=0.51> <DB=  -36.5928> <Mlp=  931.5455> <PB=10000000> 
<DWph=2> <it= 24> <et=0.33> <Mt= 0.00> <Spt= 0.00> <nCl= 15> <al=0.41> <DB= -121.0085> <Mlp=  931.5455> <PB=10000000> 
<DWph=2> <it= 25> <et=0.33> <Mt= 0.00> <Spt= 0.01> <nCl= 15> <al=0.31> <DB= -171.8826> <Mlp=  930.2326> <PB=10000000> 
Shrinking heuristic shrunk 14 edges
<DWph=2> <it= 26> <et=0.33> <Mt= 0.00> <Spt= 0.00> <nCl= 15> <al=0.21> <DB=-1371.6566> <Mlp=  888.0000> <PB=888> 
<DWph=2> <it= 27> <et=0.33> <Mt= 0.00> <Spt= 0.00> <nCl= 15> <al=0.29> <DB= -358.6482> <Mlp=  888.0000> <PB=888> 
<DWph=2> <it= 28> <et=0.34> <Mt= 0.00> <Spt= 0.00> <nCl= 15> <al=0.36> <DB=  132.5612> <Mlp=  888.0000> <PB=888> 
<DWph=2> <it= 29> <et=0.34> <Mt= 0.00> <Spt= 0.00> <nCl= 15> <al=0.42> <DB=  272.0748> <Mlp=  888.0000> <PB=888> 
<DWph=2> <it= 30> <et=0.34> <Mt= 0.00> <Spt= 0.00> <nCl= 15> <al=0.48> <DB=  416.1889> <Mlp=  888.0000> <PB=888> 
<DWph=2> <it= 31> <et=0.34> <Mt= 0.00> <Spt= 0.00> <nCl= 15> <al=0.38> <DB=  123.5290> <Mlp=  888.0000> <PB=888> 
<DWph=2> <it= 32> <et=0.34> <Mt= 0.00> <Spt= 0.00> <nCl= 15> <al=0.44> <DB=  354.2391> <Mlp=  888.0000> <PB=888> 
<DWph=2> <it= 33> <et=0.34> <Mt= 0.00> <Spt= 0.00> <nCl= 15> <al=0.50> <DB=   99.2182> <Mlp=  888.0000> <PB=888> 
<DWph=2> <it= 34> <et=0.34> <Mt= 0.00> <Spt= 0.00> <nCl= 14> <al=0.55> <DB=  272.3271> <Mlp=  888.0000> <PB=888> 
<DWph=2> <it= 35> <et=0.34> <Mt= 0.00> <Spt= 0.00> <nCl= 14> <al=0.59> <DB=  550.7770> <Mlp=  888.0000> <PB=888> 
<DWph=2> <it= 36> <et=0.34> <Mt= 0.00> <Spt= 0.00> <nCl= 15> <al=0.63> <DB=  402.2711> <Mlp=  888.0000> <PB=888> 
<DWph=2> <it= 37> <et=0.34> <Mt= 0.00> <Spt= 0.00> <nCl= 15> <al=0.53> <DB=  130.6349> <Mlp=  888.0000> <PB=888> 
<DWph=2> <it= 38> <et=0.34> <Mt= 0.00> <Spt= 0.00> <nCl= 15> <al=0.58> <DB=  482.5899> <Mlp=  888.0000> <PB=888> 
<DWph=2> <it= 39> <et=0.34> <Mt= 0.00> <Spt= 0.00> <nCl= 14> <al=0.62> <DB=  730.1500> <Mlp=  888.0000> <PB=888> 
<DWph=2> <it= 40> <et=0.34> <Mt= 0.00> <Spt= 0.00> <nCl= 15> <al=0.66> <DB=  392.7907> <Mlp=  888.0000> <PB=888> 
<DWph=2> <it= 41> <et=0.34> <Mt= 0.00> <Spt= 0.00> <nCl= 14> <al=0.69> <DB=  604.9915> <Mlp=  888.0000> <PB=888> 
<DWph=2> <it= 42> <et=0.34> <Mt= 0.00> <Spt= 0.00> <nCl= 13> <al=0.72> <DB=  671.6562> <Mlp=  888.0000> <PB=888> 
<DWph=2> <it= 43> <et=0.34> <Mt= 0.00> <Spt= 0.00> <nCl= 15> <al=0.62> <DB=  617.5243> <Mlp=  888.0000> <PB=888> 
<DWph=2> <it= 44> <et=0.35> <Mt= 0.00> <Spt= 0.00> <nCl= 14> <al=0.66> <DB=  644.7616> <Mlp=  888.0000> <PB=888> 
<DWph=2> <it= 45> <et=0.35> <Mt= 0.00> <Spt= 0.00> <nCl= 27> <al=0.39> <DB=  644.4439> <Mlp=  888.0000> <PB=888> 
<DWph=2> <it= 46> <et=0.35> <Mt= 0.00> <Spt= 0.00> <nCl= 14> <al=0.60> <DB=  694.5772> <Mlp=  888.0000> <PB=888> 
Shrinking heuristic shrunk 14 edges
<DWph=2> <it= 47> <et=0.35> <Mt= 0.00> <Spt= 0.01> <nCl= 14> <al=0.50> <DB=  725.1063> <Mlp=  876.0000> <PB=876> 
<DWph=2> <it= 48> <et=0.35> <Mt= 0.00> <Spt= 0.00> <nCl= 14> <al=0.55> <DB=  770.7135> <Mlp=  876.0000> <PB=876> 
<DWph=2> <it= 49> <et=0.35> <Mt= 0.00> <Spt= 0.00> <nCl= 11> <al=0.59> <DB=  813.7195> <Mlp=  876.0000> <PB=876> 
<DWph=2> <it= 50> <et=0.35> <Mt= 0.00> <Spt= 0.00> <nCl= 13> <al=0.49> <DB=  808.3170> <Mlp=  876.0000> <PB=876> 
<DWph=2> <it= 51> <et=0.35> <Mt= 0.00> <Spt= 0.00> <nCl=  6> <al=0.54> <DB=  855.0536> <Mlp=  876.0000> <PB=876> 
<DWph=2> <it= 52> <et=0.35> <Mt= 0.00> <Spt= 0.00> <nCl= 12> <al=0.44> <DB=  851.7391> <Mlp=  876.0000> <PB=876> 
<DWph=2> <it= 53> <et=0.35> <Mt= 0.00> <Spt= 0.00> <nCl= 13> <al=0.34> <DB=  809.2531> <Mlp=  876.0000> <PB=876> 
<DWph=2> <it= 54> <et=0.35> <Mt= 0.00> <Spt= 0.00> <nCl=  5> <al=0.41> <DB=  860.5620> <Mlp=  876.0000> <PB=876> 
<DWph=2> <it= 55> <et=0.35> <Mt= 0.00> <Spt= 0.00> <nCl= 12> <al=0.31> <DB=  806.1746> <Mlp=  876.0000> <PB=876> 
<DWph=2> <it= 56> <et=0.35> <Mt= 0.01> <Spt= 0.00> <nCl= 12> <al=0.38> <DB=  811.4634> <Mlp=  876.0000> <PB=876> 
<DWph=2> <it= 57> <et=0.36> <Mt= 0.00> <Spt= 0.00> <nCl= 14> <al=0.00> <DB=  849.2143> <Mlp=  876.0000> <PB=876> 
<DWph=2> <it= 58> <et=0.36> <Mt= 0.00> <Spt= 0.00> <nCl=  5> <al=0.34> <DB=  857.6141> <Mlp=  876.0000> <PB=876> 
<DWph=2> <it= 59> <et=0.36> <Mt= 0.00> <Spt= 0.00> <nCl=  6> <al=0.24> <DB=  872.4189> <Mlp=  876.0000> <PB=876> 
<DWph=2> <it= 60> <et=0.36> <Mt= 0.00> <Spt= 0.00> <nCl=  2> <al=0.00> <DB=  876.0000> <Mlp=  876.0000> <PB=876> 
<DWph=1> <it= 61> <et=0.36> <Mt= 0.00> <Spt= 0.00> <nCl= 13> <al=0.04> <DB=  805.7368> <Mlp=  876.0000> <PB=876> 
<DWph=1> <it= 62> <et=0.36> <Mt= 0.00> <Spt= 0.00> <nCl= 13> <al=0.14> <DB=  825.2153> <Mlp=  876.0000> <PB=876> 
<DWph=1> <it= 63> <et=0.36> <Mt= 0.00> <Spt= 0.00> <nCl= 13> <al=0.04> <DB=  856.2349> <Mlp=  876.0000> <PB=876> 
<DWph=1> <it= 64> <et=0.36> <Mt= 0.00> <Spt= 0.00> <nCl=  4> <al=0.13> <DB=  863.4274> <Mlp=  876.0000> <PB=876> 
<DWph=1> <it= 65> <et=0.36> <Mt= 0.00> <Spt= 0.00> <nCl=  1> <al=0.03> <DB=  870.8851> <Mlp=  876.0000> <PB=876> 
<DWph=1> <it= 66> <et=0.36> <Mt= 0.00> <Spt= 0.00> <nCl=  8> <al=0.00> <DB=  876.0000> <Mlp=  876.0000> <PB=876> 
    RCSP exact solver info for graph G_0 : TT = 0.001049, pt = 3e-06, dt = 0.000718, ct = 0.00011, ndl = 594', bdl = 3665', odl = 1446', odf = 10278', bsi = 947', cnt = 4586', bdch = 36830', odch = 16557', lcp = 10296', #sols = 150
<DWph=0> <it= 67> <et=0.37> <Mt= 0.00> <Spt= 0.01> <nCl=150> <al=0.03> <DB=  769.6364> <Mlp=  876.0000> <PB=876> 
    RCSP exact solver info for graph G_0 : TT = 0.000853, pt = 1e-05, dt = 0.000546, ct = 8e-05, ndl = 484', bdl = 2985', odl = 1418', odf = 9145', bsi = 788', cnt = 2378', bdch = 27972', odch = 13086', lcp = 7783', #sols = 150
<DWph=0> <it= 68> <et=0.37> <Mt= 0.00> <Spt= 0.00> <nCl=147> <al=0.13> <DB=  810.3831> <Mlp=  876.0000> <PB=876> 
    RCSP exact solver info for graph G_0 : TT = 0.001038, pt = 2.7e-05, dt = 0.00068, ct = 0.000106, ndl = 623', bdl = 3737', odl = 1437', odf = 10441', bsi = 906', cnt = 5170', bdch = 37304', odch = 17825', lcp = 9708', #sols = 150
<DWph=0> <it= 69> <et=0.37> <Mt= 0.00> <Spt= 0.00> <nCl= 79> <al=0.03> <DB=  859.9928> <Mlp=  876.0000> <PB=876> 
    RCSP exact solver info for graph G_0 : TT = 0.001054, pt = 1e-05, dt = 0.000703, ct = 0.000111, ndl = 638', bdl = 3778', odl = 1446', odf = 10676', bsi = 909', cnt = 5283', bdch = 38366', odch = 18295', lcp = 10049', #sols = 150
    RCSP exact solver info for graph G_0 : TT = 0.00097, pt = 8e-06, dt = 0.000605, ct = 0.000104, ndl = 524', bdl = 3117', odl = 1360', odf = 8946', bsi = 826', cnt = 4545', bdch = 29180', odch = 13309', lcp = 7901', #sols = 150
<DWph=0> <it= 70> <et=0.38> <Mt= 0.00> <Spt= 0.01> <nCl=107> <al=0.00> <DB=  876.0000> <Mlp=  876.0000> <PB=876> 
RCSP solver dynamic params and stats :  bidir.bord. = 375 aver.obdmd = 23.3529 aver.buck.num. = 26
@@ 1 0 876 0.0007526 0.000828 92.0758 0.38
ColGenEvalAlg final dual bound: 876 (rounded: 876)
New model incumbent solution 876, TIME = 0h0m0s38t = 38
************************************************************************************************
Search is finished, global bounds : [ 876 , 876 ], TIME = 0h0m0s38t = 38
************************************************************************************************
[32mBaPCod : solution defined.[00m
statistics_cols: instance & :Optimal & cutoff & :bcRecRootDb & :bcTimeRootEval & :bcCountNodeProc & :bcRecBestDb & :bcRecBestInc & :bcTimeMain \\
statistics: instance_2-triangle & 1 & 1.0e7 & 876.00 & 0.38 & 1 & 876.00 & 876 & 0.38 \\
########################################################
Route #1: 9 10 12 4 6 15 3 11 2 8 1 7 5 14 13 
Cost 876
########################################################

end_time=2026-04-19 23:12:58
exit_code=0
