instance_file=/mnt/c/Users/porin/OneDrive/Documentos/Python-Mestrado/Modelagem Matemática/Programação Inteira - Uchoa/Problema VRPRDL/instancias_turco/VRPRDL-triangle/vrp_convertidos/instance_11-triangle.vrp
instance_name=instance_11-triangle
start_time=2026-04-19 23:11:03

  Activating project at `~/VRPSolver/VRPSolverDemos`
Application parameters:
  batch  =>  nothing
  instance  =>  "/mnt/c/Users/porin/OneDrive/Documentos/Python-Mestrado/Modelagem Matemática/Programação Inteira - Uchoa/Problema VRPRDL/instancias_turco/VRPRDL-triangle/vrp_convertidos/instance_11-triangle.vrp"
  noround  =>  false
  cfg  =>  "/home/poringman/VRPSolver/VRPSolverDemos/src/../config/CVRP.cfg"
  edge_cuts  =>  false
  out  =>  nothing
  ub  =>  1.0e7
  cluster_branching  =>  1.0
  sol  =>  nothing
  single_resource  =>  false
  strong_kpath_cuts  =>  false
  tikz  =>  nothing
  maxr  =>  999
  update  =>  false
  show_complete_form  =>  false
  nosolve  =>  false
  minr  =>  1
  low_edge_priority  =>  false
~~~~~~~~~~~~~~~~~~~~~~~~~~~~~~~~~~~~~~~~~~~~~~~~~~~~~~~~~~~~~~~~~~~~~~~~~~~~~~~~~~~~~
GIT VERSION RCSP: 
GIT BRANCH: 
~~~~~~~~~~~~~~~~~~~~~~~~~~~~~~~~~~~~~~~~~~~~~~~~~~~~~~~~~~~~~~~~~~~~~~~~~~~~~~~~~~~~~
VRPSolver v0.6.16, 10/11/2025, © Inria Bordeaux, France, vrpsolver.math.u-bordeaux.fr
      Corresponds to the solver by Pessoa, Sadykov, Uchoa and Vanderbeck (2020)
                 Paper: dx.doi.org/10.1007/s10107-020-01523-z
~~~~~~~~~~~~~~~~~~~~~~~~~~~~~~~~~~~~~~~~~~~~~~~~~~~~~~~~~~~~~~~~~~~~~~~~~~~~~~~~~~~~~
GIT VERSION BAPCOD: a7cb21f19424236c9d0da5dcf94961797a519470
GIT BRANCH: main
~~~~~~~~~~~~~~~~~~~~~~~~~~~~~~~~~~~~~~~~~~~~~~~~~~~~~~~~~~~~~~~~~~~~~~~~~~~~~~~~~~~~~
   BaPCod v0.84, 10/11/2025, © Inria Bordeaux, France, bapcod.math.u-bordeaux.fr 
           THIS CODE IS PROVIDED AS IS, USE IT AT YOUR OWN RISK
~~~~~~~~~~~~~~~~~~~~~~~~~~~~~~~~~~~~~~~~~~~~~~~~~~~~~~~~~~~~~~~~~~~~~~~~~~~~~~~~~~~~~
--- MAIN PARAMETERS ---
GlobalTimeLimitInTick = 2147483645
GlobalTimeLimit = 21474836
ClockType = 0
MaxNbOfBBtreeNodeTreated = 100000
optimalityGapTolerance = 1e-06
relOptimalityGapTolerance = 1e-09
ApplyPreprocessing = false
PreprocessVariablesLocalBounds = false
treeSearchStrategy = 1
OpenNodesLimit = 1000
DEFAULTPRINTLEVEL = 0
--- MIP SOLVER PARAMETERS ---
solverName = CPLEX_SOLVER
MipSolverMaxBBNodes = 2000000
MipSolverMaxTime = 360000
MipSolverMultiThread = 1
--- COLUMN GENERATION PARAMETERS ---
SolverSelectForMast = a
  colGenSubProbSolMode = customSolver
mastInitMode = localArtCol
ArtVarPenaltyUpdateFactor = 2
ArtVarMaxNbOfPenaltyUpdates = 5
MaxNbOfStagesInColGenProcedure = 3
GenerateProperColumns = false
InsertAllGeneratedColumnsInFormRatherThanInPool = true
InsertNewNonNegColumnsDirectlyInFormRatherThanInPool = true
ColumnCleanupThreshold = 10000
ColumnCleanupRatio = 0.66
ReducedCostFixingThreshold = 0.9
--- CUT GENERATION PARAMETERS ---
MasterCuttingPlanesDepthLimit = 1000
MaxNbOfCutGeneratedAtEachIter = 1000
CutTailingOffThreshold = 0.015
CutTailingOffCounterThreshold = 3
CutCleanupThreshold = 1
CutCleanupRatio = 0.66
ColGenSpRelaxationImprovementPriority = 0
--- STABILIZATION PARAMETERS ---
colGenDualPriceSmoothingAlphaFactor = 1
colGenDualPriceSmoothingBetaFactor = 0
colGenStabilizationFunctionType = none
colGenProximalStabilizationRule = undefined
StabilFuncKappa = 1
colGenStabilizationMaxTreeDepth = 10000
StabilizationMinPhaseOfStage = 0
--- PRIMAL HEURISTIC PARAMETERS ---
UseInitialPrimalHeur = false
MaxTimeForRestrictedMasterIpHeur = -1
CallFrequencyOfRestrictedMasterIpHeur = 5
MIPemphasisInRestrictedMasterIpHeur = 1
PolishingAfterTimeInRestrictedMasterIpHeur = -1
DivingHeurUseDepthLimit = -1
CallFrequencyOfDivingHeur = 1
LeastFractional
Closest2RoundUp
LeastGreedyCost
LeastCost
FixIntValBeforeRoundingHeur = true
MaxNbOfCgIteDuringRh = 5000
MaxLDSbreadth = 0
MaxLDSdepth = 0
DivingHeurStopsWithFirstFeasSol = false
DivingHeurPreprocessBeforeChoosingVar = false
StrongDivingCandidatesNumber = 1
EvalAlgParamsInDiving = max#cand. = 1 max#cg.iters = 10000 min.lvl.sp.restr. = 1 min#cut.rounds = 0 max#cut.rounds = 0 red.cost.fix&enum. = false tree.size.ratio = 1
LocalSearchHeurUseDepthLimit = -1
LeastFractional
Closest2RoundUp
LeastGreedyCost
LeastCost
MaxFactorOfColFixedByLocalSearchHeur = 0.8
MaxLocalSearchIterationCounter = 3
--- STRONG BRANCHING PARAMETERS ---
SimplifiedStrongBranchingParameterisation = true
StrongBranchingPhaseOneCandidatesNumber = 100
StrongBranchingPhaseOneTreeSizeEstimRatio = 0.2
StrongBranchingPhaseTwoCandidatesNumber = 3
StrongBranchingPhaseTwoTreeSizeEstimRatio = 0.02
SafeDualBoundScaleFactor = -1
StrongBranchingPhaseOne = max#cand. = 100 max#cg.iters = 0 min.lvl.sp.restr. = 0 min#cut.rounds = 0 max#cut.rounds = 0 red.cost.fix&enum. = false tree.size.ratio = 0.2
StrongBranchingPhaseTwo = max#cand. = 3 max#cg.iters = 10000 min.lvl.sp.restr. = 1 min#cut.rounds = 0 max#cut.rounds = 0 red.cost.fix&enum. = false tree.size.ratio = 0.02
StrongBranchingPhaseThree = max#cand. = 1 max#cg.iters = 10000 min.lvl.sp.restr. = 0 min#cut.rounds = 0 max#cut.rounds = 10000 red.cost.fix&enum. = true tree.size.ratio = 1
StrongBranchingPhaseFour =not active
--- DEBUG OUTPUT PARAMETERS ---
printMasterPrimalSols = 0
--- VRPSOLVER PARAMETERS ---
RCSPstopCutGenTimeThresholdInPricing = 10
RCSPhardTimeThresholdInPricing = 25
RCSPredCostFixingTimeThreshold = 100
RCSPnumberOfBucketsPerVertex = 25
RCSPdynamicBucketSteps = 1
RCSPuseBidirectionalSearch = 2
RCSPapplyReducedCostFixing = 1
RCSPmaxNumOfColsPerIteration = 30
RCSPmaxNumOfColsPerExactIteration = 150
RCSPmaxNumOfLabelsInEnumeration = 500000
RCSPmaxNumOfLabelsInHeurEnumeration = 0
RCSPmaxNumOfEnumeratedSolutions = 5000000
RCSPmaxNumOfEnumSolutionsForMIP = 10000
RCSPmaxNumOfEnumSolsForEndOfNodeMIP = 10000
RCSPinitNGneighbourhoodSize = 8
RCSPmaxNGneighbourhoodSize = 8
RCSPrankOneCutsMaxNumRows = 5
RCSPrankOneCutsMaxNumPerRound = 100
RCSPrankOneCutsMemoryType = 0
RCSPrankOneCutsLSnumIterations = 1000
RCSPallowRoutesWithSameVerticesSet = true
RCSPredCostFixingFalseGap = 0
SafeDualBoundScaleFactor = -1
RCSPmaxNumOfLabelsInHeurEnumeration = 0
MaxNumEnumSolsInRestrictedMasterIpHeur = 5000

prName & bcTimeMain \\ 
New model incumbent solution 1e+07, TIME = 0h0m0s48t = 48
RCSP solver info : size of non-robust cut bitmask in a label is 640 bits
Bucket steps were recalculated for graph G_0 : [30]
RCSP solver info : symmetric case is detected for graph G_0! 
Bidirectional border value is initialised to 375
RCSP solver info : number of forw. reachable buckets / buck. strongly connected components is 802( 96.3942% ) / 302( 37.6559% )
RCSP solver info: std. label size is 56, ext. label size is 136
Generating neighbourhoods for rank-1 cuts separation
Building structures for 4- and 5-row rank-1 packing cut separation...done!
Model is built TIME = 0h0m0s48t = 48
************************************************************************************************
**** BaB tree root node
**** Local DB = -1e+12, global bounds : [ -1e+12 , 1e+07 ], TIME = 0h0m0s48t = 48
**** 1 open nodes, 0 columns (0 active), 0 dyn. constrs. (0 active), 62 art. vars. (62 active)
************************************************************************************************
--------------------------------------------------------------------------
BaPCod info : first we run the root node with rank-1 cuts with node memory
--------------------------------------------------------------------------
#<DWph=2> <it=  1> <et=0.48> <Mt= 0.00> <Spt= 0.00> <nCl= 30> <al=0.00> <DB=-40319889600.0000> <Mlp=744000000.0000> <PB=10000000> 
#<DWph=2> <it=  2> <et=0.48> <Mt= 0.00> <Spt= 0.00> <nCl= 30> <al=0.55> <DB=-28949550640.4712> <Mlp=694615515.1923> <PB=10000000> 
#<DWph=2> <it=  3> <et=0.49> <Mt= 0.00> <Spt= 0.00> <nCl= 30> <al=0.45> <DB=-16201168676.8081> <Mlp=690762186.4365> <PB=10000000> 
#<DWph=2> <it=  4> <et=0.49> <Mt= 0.00> <Spt= 0.00> <nCl= 30> <al=0.35> <DB=-15481308312.0012> <Mlp=608615779.5256> <PB=10000000> 
#<DWph=2> <it=  5> <et=0.49> <Mt= 0.00> <Spt= 0.00> <nCl= 30> <al=0.42> <DB=-14090126535.9586> <Mlp=581808211.7542> <PB=10000000> 
#<DWph=2> <it=  6> <et=0.49> <Mt= 0.00> <Spt= 0.00> <nCl= 30> <al=0.47> <DB=-12784390037.9579> <Mlp=504641235.6876> <PB=10000000> 
#<DWph=2> <it=  7> <et=0.49> <Mt= 0.00> <Spt= 0.00> <nCl= 30> <al=0.37> <DB=-12332198325.9526> <Mlp=449943684.6574> <PB=10000000> 
#<DWph=2> <it=  8> <et=0.49> <Mt= 0.00> <Spt= 0.00> <nCl= 30> <al=0.44> <DB=-12168451887.0546> <Mlp=411376321.3125> <PB=10000000> 
#<DWph=2> <it=  9> <et=0.49> <Mt= 0.00> <Spt= 0.01> <nCl= 30> <al=0.49> <DB=-11464477874.4379> <Mlp=367457472.4611> <PB=10000000> 
#<DWph=2> <it= 10> <et=0.49> <Mt= 0.00> <Spt= 0.00> <nCl= 30> <al=0.54> <DB=-10757773173.6721> <Mlp=325655726.4566> <PB=10000000> 
#<DWph=2> <it= 11> <et=0.50> <Mt= 0.00> <Spt= 0.00> <nCl= 30> <al=0.59> <DB=-9836433631.5117> <Mlp=267348161.9356> <PB=10000000> 
#<DWph=2> <it= 12> <et=0.50> <Mt= 0.00> <Spt= 0.00> <nCl= 30> <al=0.49> <DB=-9401203938.1274> <Mlp=183950663.0056> <PB=10000000> 
#<DWph=2> <it= 13> <et=0.50> <Mt= 0.00> <Spt= 0.00> <nCl= 30> <al=0.54> <DB=-8745939511.1557> <Mlp=143330571.6106> <PB=10000000> 
#<DWph=2> <it= 14> <et=0.50> <Mt= 0.00> <Spt= 0.00> <nCl= 30> <al=0.59> <DB=-8579234710.2512> <Mlp=55328036.5283> <PB=10000000> 
#<DWph=2> <it= 15> <et=0.50> <Mt= 0.00> <Spt= 0.00> <nCl= 30> <al=0.63> <DB=-7298374504.7615> <Mlp=16517603.7472> <PB=10000000> 
#<DWph=2> <it= 16> <et=0.50> <Mt= 0.00> <Spt= 0.00> <nCl= 30> <al=0.53> <DB=-3645144568.0642> <Mlp=2249888.7148> <PB=10000000> 
#<DWph=2> <it= 17> <et=0.50> <Mt= 0.00> <Spt= 0.00> <nCl= 30> <al=0.43> <DB=-1330049436.6936> <Mlp=2038658.9764> <PB=10000000> 
#<DWph=2> <it= 18> <et=0.51> <Mt= 0.00> <Spt= 0.00> <nCl= 30> <al=0.33> <DB=-258588255.1015> <Mlp=2005769.1256> <PB=10000000> 
#<DWph=2> <it= 19> <et=0.51> <Mt= 0.00> <Spt= 0.00> <nCl= 30> <al=0.23> <DB=-19996725.6934> <Mlp=1912828.2372> <PB=10000000> 
<DWph=2> <it= 20> <et=0.51> <Mt= 0.00> <Spt= 0.01> <nCl= 30> <al=0.00> <DB=-43318.4996> <Mlp= 2775.3548> <PB=10000000> 
<DWph=2> <it= 21> <et=0.51> <Mt= 0.00> <Spt= 0.00> <nCl= 30> <al=0.03> <DB=-64296.1737> <Mlp= 2592.3191> <PB=10000000> 
<DWph=2> <it= 22> <et=0.51> <Mt= 0.00> <Spt= 0.00> <nCl= 30> <al=0.12> <DB=-37950.9299> <Mlp= 2542.0247> <PB=10000000> 
<DWph=2> <it= 23> <et=0.51> <Mt= 0.00> <Spt= 0.00> <nCl= 30> <al=0.21> <DB=-39539.4715> <Mlp= 2306.6927> <PB=10000000> 
<DWph=2> <it= 24> <et=0.52> <Mt= 0.00> <Spt= 0.00> <nCl= 30> <al=0.29> <DB=-25306.9949> <Mlp= 2269.5971> <PB=10000000> 
<DWph=2> <it= 25> <et=0.52> <Mt= 0.00> <Spt= 0.00> <nCl= 30> <al=0.36> <DB=-24526.4935> <Mlp= 2175.1612> <PB=10000000> 
<DWph=2> <it= 26> <et=0.52> <Mt= 0.00> <Spt= 0.00> <nCl= 30> <al=0.43> <DB=-21567.5670> <Mlp= 2040.4043> <PB=10000000> 
<DWph=2> <it= 27> <et=0.52> <Mt= 0.00> <Spt= 0.00> <nCl= 30> <al=0.48> <DB=-18352.4345> <Mlp= 1900.1966> <PB=10000000> 
<DWph=2> <it= 28> <et=0.52> <Mt= 0.01> <Spt= 0.01> <nCl= 30> <al=0.53> <DB=-17620.7463> <Mlp= 1851.0800> <PB=10000000> 
<DWph=2> <it= 29> <et=0.52> <Mt= 0.00> <Spt= 0.00> <nCl= 30> <al=0.58> <DB=-14347.9392> <Mlp= 1773.1408> <PB=10000000> 
<DWph=2> <it= 30> <et=0.53> <Mt= 0.00> <Spt= 0.00> <nCl= 30> <al=0.62> <DB=-11762.4469> <Mlp= 1615.7315> <PB=10000000> 
<DWph=2> <it= 31> <et=0.53> <Mt= 0.00> <Spt= 0.00> <nCl= 30> <al=0.66> <DB=-9465.0965> <Mlp= 1560.0985> <PB=10000000> 
<DWph=2> <it= 32> <et=0.53> <Mt= 0.00> <Spt= 0.00> <nCl= 30> <al=0.69> <DB=-8988.3694> <Mlp= 1533.0975> <PB=10000000> 
<DWph=2> <it= 33> <et=0.53> <Mt= 0.00> <Spt= 0.00> <nCl= 30> <al=0.73> <DB=-7407.6490> <Mlp= 1470.5873> <PB=10000000> 
<DWph=2> <it= 34> <et=0.53> <Mt= 0.00> <Spt= 0.00> <nCl= 30> <al=0.75> <DB=-6006.6562> <Mlp= 1441.3048> <PB=10000000> 
<DWph=2> <it= 35> <et=0.54> <Mt= 0.00> <Spt= 0.00> <nCl= 30> <al=0.65> <DB=-5011.0904> <Mlp= 1380.2353> <PB=10000000> 
<DWph=2> <it= 36> <et=0.54> <Mt= 0.00> <Spt= 0.01> <nCl= 30> <al=0.69> <DB=-3904.7751> <Mlp= 1362.6442> <PB=10000000> 
<DWph=2> <it= 37> <et=0.54> <Mt= 0.00> <Spt= 0.00> <nCl= 30> <al=0.59> <DB=-3946.1129> <Mlp= 1346.9678> <PB=10000000> 
<DWph=2> <it= 38> <et=0.54> <Mt= 0.00> <Spt= 0.00> <nCl= 30> <al=0.63> <DB=-2893.9535> <Mlp= 1329.8612> <PB=10000000> 
<DWph=2> <it= 39> <et=0.55> <Mt= 0.00> <Spt= 0.00> <nCl= 30> <al=0.53> <DB=-2583.0419> <Mlp= 1313.5869> <PB=10000000> 
<DWph=2> <it= 40> <et=0.55> <Mt= 0.00> <Spt= 0.00> <nCl= 30> <al=0.58> <DB=-1256.2812> <Mlp= 1296.7414> <PB=10000000> 
<DWph=2> <it= 41> <et=0.55> <Mt= 0.00> <Spt= 0.00> <nCl= 30> <al=0.48> <DB= -275.5682> <Mlp= 1291.6250> <PB=10000000> 
<DWph=2> <it= 42> <et=0.55> <Mt= 0.00> <Spt= 0.00> <nCl= 30> <al=0.38> <DB=-1695.4143> <Mlp= 1287.0368> <PB=10000000> 
<DWph=2> <it= 43> <et=0.55> <Mt= 0.00> <Spt= 0.01> <nCl= 30> <al=0.44> <DB=   76.8401> <Mlp= 1287.0368> <PB=10000000> 
<DWph=2> <it= 44> <et=0.56> <Mt= 0.01> <Spt= 0.00> <nCl= 30> <al=0.49> <DB=   95.7040> <Mlp= 1285.5220> <PB=10000000> 
<DWph=2> <it= 45> <et=0.56> <Mt= 0.00> <Spt= 0.00> <nCl= 30> <al=0.55> <DB=  361.4676> <Mlp= 1282.1333> <PB=10000000> 
<DWph=2> <it= 46> <et=0.56> <Mt= 0.00> <Spt= 0.00> <nCl= 28> <al=0.59> <DB=  272.8858> <Mlp= 1270.5359> <PB=10000000> 
<DWph=2> <it= 47> <et=0.56> <Mt= 0.00> <Spt= 0.00> <nCl= 30> <al=0.63> <DB=  950.1377> <Mlp= 1258.7315> <PB=10000000> 
<DWph=2> <it= 48> <et=0.57> <Mt= 0.00> <Spt= 0.00> <nCl= 30> <al=0.67> <DB= 1049.2359> <Mlp= 1256.7188> <PB=10000000> 
<DWph=2> <it= 49> <et=0.57> <Mt= 0.00> <Spt= 0.00> <nCl= 30> <al=0.70> <DB=  769.1514> <Mlp= 1254.0455> <PB=10000000> 
<DWph=2> <it= 50> <et=0.57> <Mt= 0.00> <Spt= 0.01> <nCl= 30> <al=0.73> <DB= 1206.2933> <Mlp= 1251.2158> <PB=10000000> 
<DWph=2> <it= 51> <et=0.57> <Mt= 0.00> <Spt= 0.00> <nCl= 30> <al=0.76> <DB= 1165.5384> <Mlp= 1249.1151> <PB=10000000> 
<DWph=2> <it= 52> <et=0.57> <Mt= 0.00> <Spt= 0.00> <nCl= 30> <al=0.78> <DB= 1207.9269> <Mlp= 1242.3362> <PB=10000000> 
<DWph=2> <it= 53> <et=0.58> <Mt= 0.00> <Spt= 0.00> <nCl= 24> <al=0.80> <DB= 1228.6380> <Mlp= 1234.9467> <PB=10000000> 
<DWph=2> <it= 54> <et=0.58> <Mt= 0.00> <Spt= 0.00> <nCl= 30> <al=0.70> <DB= 1026.0725> <Mlp= 1232.2418> <PB=10000000> 
<DWph=2> <it= 55> <et=0.58> <Mt= 0.00> <Spt= 0.00> <nCl= 25> <al=0.73> <DB= 1210.6565> <Mlp= 1231.5254> <PB=10000000> 
<DWph=2> <it= 56> <et=0.58> <Mt= 0.00> <Spt= 0.00> <nCl= 30> <al=0.63> <DB= 1221.8245> <Mlp= 1231.5049> <PB=10000000> 
<DWph=2> <it= 57> <et=0.58> <Mt= 0.00> <Spt= 0.01> <nCl= 27> <al=0.67> <DB= 1215.3316> <Mlp= 1231.5049> <PB=10000000> 
<DWph=2> <it= 58> <et=0.58> <Mt= 0.00> <Spt= 0.00> <nCl= 25> <al=0.57> <DB= 1215.2817> <Mlp= 1231.4754> <PB=10000000> 
<DWph=2> <it= 59> <et=0.59> <Mt= 0.00> <Spt= 0.00> <nCl= 19> <al=0.47> <DB= 1220.0162> <Mlp= 1231.3404> <PB=10000000> 
<DWph=2> <it= 60> <et=0.59> <Mt= 0.00> <Spt= 0.00> <nCl= 29> <al=0.52> <DB= 1222.6929> <Mlp= 1231.3404> <PB=10000000> 
<DWph=2> <it= 61> <et=0.59> <Mt= 0.00> <Spt= 0.00> <nCl= 13> <al=0.57> <DB= 1215.2058> <Mlp= 1231.3404> <PB=10000000> 
<DWph=2> <it= 62> <et=0.59> <Mt= 0.01> <Spt= 0.00> <nCl= 44> <al=0.00> <DB=  920.5319> <Mlp= 1231.3404> <PB=10000000> 
<DWph=1> <it= 63> <et=0.60> <Mt= 0.00> <Spt= 0.01> <nCl= 30> <al=0.37> <DB= 1064.6691> <Mlp= 1231.3404> <PB=10000000> 
<DWph=1> <it= 64> <et=0.60> <Mt= 0.00> <Spt= 0.00> <nCl= 30> <al=0.43> <DB= 1194.9415> <Mlp= 1226.3333> <PB=10000000> 
<DWph=1> <it= 65> <et=0.61> <Mt= 0.00> <Spt= 0.00> <nCl= 29> <al=0.49> <DB= 1152.1648> <Mlp= 1225.4912> <PB=10000000> 
<DWph=1> <it= 66> <et=0.61> <Mt= 0.00> <Spt= 0.00> <nCl= 26> <al=0.54> <DB= 1202.7573> <Mlp= 1225.4912> <PB=10000000> 
<DWph=1> <it= 67> <et=0.61> <Mt= 0.00> <Spt= 0.01> <nCl= 27> <al=0.44> <DB= 1170.3457> <Mlp= 1225.1053> <PB=10000000> 
<DWph=1> <it= 68> <et=0.62> <Mt= 0.00> <Spt= 0.00> <nCl= 25> <al=0.50> <DB= 1195.1912> <Mlp= 1225.1053> <PB=10000000> 
Shrinking heuristic shrunk 28 edges
<DWph=1> <it= 69> <et=0.62> <Mt= 0.00> <Spt= 0.00> <nCl= 27> <al=0.55> <DB= 1189.2433> <Mlp= 1219.0000> <PB=1219> 
<DWph=1> <it= 70> <et=0.62> <Mt= 0.00> <Spt= 0.00> <nCl= 26> <al=0.45> <DB= 1195.4982> <Mlp= 1219.0000> <PB=1219> 
<DWph=1> <it= 71> <et=0.63> <Mt= 0.00> <Spt= 0.01> <nCl= 30> <al=0.50> <DB= 1185.8619> <Mlp= 1219.0000> <PB=1219> 
<DWph=1> <it= 72> <et=0.63> <Mt= 0.01> <Spt= 0.00> <nCl= 25> <al=0.40> <DB= 1206.0280> <Mlp= 1219.0000> <PB=1219> 
<DWph=1> <it= 73> <et=0.63> <Mt= 0.00> <Spt= 0.00> <nCl= 29> <al=0.30> <DB= 1198.2577> <Mlp= 1218.6000> <PB=1219> 
<DWph=1> <it= 74> <et=0.64> <Mt= 0.00> <Spt= 0.00> <nCl= 29> <al=0.37> <DB= 1194.1227> <Mlp= 1218.6000> <PB=1219> 
<DWph=1> <it= 75> <et=0.64> <Mt= 0.00> <Spt= 0.01> <nCl= 28> <al=0.44> <DB= 1213.0000> <Mlp= 1218.6000> <PB=1219> 
<DWph=1> <it= 76> <et=0.64> <Mt= 0.00> <Spt= 0.00> <nCl= 28> <al=0.34> <DB= 1195.2826> <Mlp= 1217.8333> <PB=1219> 
<DWph=1> <it= 77> <et=0.65> <Mt= 0.00> <Spt= 0.00> <nCl= 27> <al=0.24> <DB= 1206.1545> <Mlp= 1217.8333> <PB=1219> 
<DWph=1> <it= 78> <et=0.65> <Mt= 0.00> <Spt= 0.01> <nCl= 19> <al=0.31> <DB= 1207.3756> <Mlp= 1217.8333> <PB=1219> 
<DWph=1> <it= 79> <et=0.65> <Mt= 0.00> <Spt= 0.00> <nCl= 21> <al=0.21> <DB= 1204.6859> <Mlp= 1217.8333> <PB=1219> 
<DWph=1> <it= 80> <et=0.66> <Mt= 0.00> <Spt= 0.00> <nCl= 35> <al=0.00> <DB= 1216.0441> <Mlp= 1217.8333> <PB=1219> 
<DWph=1> <it= 81> <et=0.66> <Mt= 0.00> <Spt= 0.01> <nCl= 16> <al=0.19> <DB= 1193.2403> <Mlp= 1217.8333> <PB=1219> 
<DWph=1> <it= 82> <et=0.67> <Mt= 0.00> <Spt= 0.00> <nCl= 22> <al=0.27> <DB= 1204.9647> <Mlp= 1217.8333> <PB=1219> 
<DWph=1> <it= 83> <et=0.67> <Mt= 0.00> <Spt= 0.00> <nCl=  8> <al=0.34> <DB= 1215.6215> <Mlp= 1217.8333> <PB=1219> 
<DWph=1> <it= 84> <et=0.67> <Mt= 0.00> <Spt= 0.01> <nCl= 37> <al=0.00> <DB= 1207.1667> <Mlp= 1217.8333> <PB=1219> 
    RCSP exact solver info for graph G_0 : TT = 0.004273, pt = 8e-06, dt = 0.003585, ct = 0.000287, ndl = 1762', bdl = 34045', odl = 3175', odf = 20101', bsi = 1306', cnt = 15554', bdch = 277970', odch = 55147', lcp = 37347', #sols = 150
<DWph=0> <it= 85> <et=0.68> <Mt= 0.00> <Spt= 0.00> <nCl=150> <al=0.14> <DB= 1182.7924> <Mlp= 1217.8333> <PB=1219> 
    RCSP exact solver info for graph G_0 : TT = 0.003532, pt = 1.5e-05, dt = 0.002929, ct = 0.000265, ndl = 1862', bdl = 35588', odl = 3061', odf = 20557', bsi = 1276', cnt = 19229', bdch = 279568', odch = 60755', lcp = 31488', #sols = 150
<DWph=0> <it= 86> <et=0.69> <Mt= 0.01> <Spt= 0.01> <nCl=150> <al=0.04> <DB= 1202.1062> <Mlp= 1217.8333> <PB=1219> 
    RCSP exact solver info for graph G_0 : TT = 0.003497, pt = 1.5e-05, dt = 0.002898, ct = 0.000244, ndl = 1796', bdl = 34678', odl = 3171', odf = 21078', bsi = 1165', cnt = 14713', bdch = 277294', odch = 58286', lcp = 32990', #sols = 150
<DWph=0> <it= 87> <et=0.70> <Mt= 0.00> <Spt= 0.01> <nCl=105> <al=0.14> <DB= 1208.5342> <Mlp= 1215.0000> <PB=1219> 
    RCSP exact solver info for graph G_0 : TT = 0.00355, pt = 1.4e-05, dt = 0.002987, ct = 0.000238, ndl = 1806', bdl = 34821', odl = 3155', odf = 21201', bsi = 1137', cnt = 14523', bdch = 281598', odch = 62394', lcp = 33824', #sols = 150
<DWph=0> <it= 88> <et=0.70> <Mt= 0.00> <Spt= 0.00> <nCl= 67> <al=0.23> <DB= 1209.7347> <Mlp= 1215.0000> <PB=1219> 
    RCSP exact solver info for graph G_0 : TT = 0.003509, pt = 1.3e-05, dt = 0.002934, ct = 0.000244, ndl = 1775', bdl = 34027', odl = 3116', odf = 20931', bsi = 1161', cnt = 14350', bdch = 271211', odch = 60379', lcp = 32384', #sols = 150
    RCSP exact solver info for graph G_0 : TT = 0.003012, pt = 1.5e-05, dt = 0.002492, ct = 0.000197, ndl = 1458', bdl = 27635', odl = 3013', odf = 20069', bsi = 1097', cnt = 8612', bdch = 202755', odch = 46883', lcp = 25580', #sols = 150
<DWph=0> <it= 89> <et=0.72> <Mt= 0.00> <Spt= 0.01> <nCl= 93> <al=0.00> <DB= 1215.0000> <Mlp= 1215.0000> <PB=1219> 
RCSP solver dynamic params and stats :  bidir.bord. = 375 aver.obdmd = 24.0938 aver.buck.num. = 26
@@ 1 0 1215 0.00321667 0.003872 92.4914 0.72
RCSP      solver labels distribution in 273 buckets (bucket size) : largest - 28, top 0.1% - 28, top 0.5% - 25, top 2% - 22, top 10% - 12, top 50% - 4
Reduced cost fixing for graph G_0...  TT = 0.001624, pt = 0.000365, dt = 0.001203, ct = 0, ndl = 2576', bdl = 6743', odl = 692', odf = 12375', lpcb = 27945', cnt = 11078', bdch = 62653', odch = 34810', lcp = 7661'
1833 buck. arcs remain (8.51% from prev., 7.87% from max.) + 996 jump buck. arcs (4.28% from max.)
 TT = 0.00416, pt = 0.000365, dt = 0.001203, ct = 0.002517, ndl = 2576', bdl = 6743', odl = 692', odf = 12375', lpcb = 27945', cnt = 58516', bdch = 62653', odch = 34810', lcp = 7661'
RCSP      solver labels distribution in 480 buckets (bucket size) : largest - 30, top 0.1% - 30, top 0.5% - 25, top 2% - 21, top 10% - 12, top 50% - 4
Run forward enumeration with border = 375... succeeded! lpt = 0.010212, ndl = 768', dl = 26', lpcb = 1469', dch = 132'
Run enumeration concatenation with time limit 0.3 sec.... succeeded!
Sorting and storing enumerated solutions ... done!
 TT = 0.019344, pt = 0.006446, dt = 0.010212, ct = 0.000141, ndl = 768', bdl = 26', lpcb = 1469', cnt = 14935', bdch = 132', odch = 0', lcp = 0'
Enumeration succeeded!, number of elem. solutions is 100
Estimating inspection time...     TT = 3.8e-05, performed by inspection with 100 solutions, nbR1C = 0, nbDiscC = 0
Inspection time is low enough. Pricing will be done by inspection.
Added 93 columns in the formulation 
Removed 2870 columns (not in the enumerated set) from the formulation
Regenerated 93 columns with the 'enumerated' flag
Added 58 columns in the formulation 
ColGenEvalAlg final dual bound: 1215 (rounded: 1215)
----- Terminating the node by MIP -----
Version identifier: 22.1.2.0 | 2024-11-26 | 0edbb82fd
CPXPARAM_Advance                                 0
CPXPARAM_Preprocessing_Linear                    0
CPXPARAM_Threads                                 1
CPXPARAM_MIP_Strategy_CallbackReducedLP          0
CPXPARAM_MIP_Limits_Nodes                        2000000
CPXPARAM_Simplex_Tolerances_Optimality           9.9999999999999995e-08
CPXPARAM_Simplex_Tolerances_Feasibility          9.9999999999999995e-08
CPXPARAM_TimeLimit                               360000
CPXPARAM_MIP_Tolerances_UpperCutoff              1218.0000010000001
CPXPARAM_MIP_Tolerances_MIPGap                   1.0000000000000001e-09
Legacy callback                                  L
Warning: Control callbacks may disable some MIP features.
Tried aggregator 1 time.
MIP Presolve eliminated 25 rows and 121 columns.
MIP Presolve modified 949 coefficients.
Reduced MIP has 7 rows, 30 columns, and 81 nonzeros.
Reduced MIP has 30 binaries, 0 generals, 0 SOSs, and 0 indicators.
Presolve time = 0.01 sec. (2.55 ticks)
Probing time = 0.00 sec. (0.05 ticks)
Clique table members: 50.
MIP emphasis: balance optimality and feasibility.
MIP search method: traditional branch-and-cut.
Parallel mode: none, using 1 thread.
Root relaxation solution time = 0.00 sec. (0.02 ticks)
Shrinking heuristic shrunk 28 edges

        Nodes                                         Cuts/
   Node  Left     Objective  IInf  Best Integer    Best Bound    ItCnt     Gap         Variable B NodeID Parent  Depth

*     0     0      integral     0     1215.0000     1215.0000        7    0.00%                        0             0
Elapsed time = 0.01 sec. (2.66 ticks, tree = 0.00 MB, solutions = 1)

Root node processing (before b&c):
  Real time             =    0.02 sec. (2.67 ticks)
Sequential b&c:
  Real time             =    0.00 sec. (0.00 ticks)
                          ------------
Total (root+branch&cut) =    0.02 sec. (2.67 ticks)
Solution status = Optimum
Shrinking heuristic shrunk 28 edges
New model incumbent solution 1215, TIME = 0h0m0s78t = 78
************************************************************************************************
Search is finished, global bounds : [ 1215 , 1215 ], TIME = 0h0m0s78t = 78
************************************************************************************************
[32mBaPCod : solution defined.[00m
statistics_cols: instance & :Optimal & cutoff & :bcRecRootDb & :bcTimeRootEval & :bcCountNodeProc & :bcRecBestDb & :bcRecBestInc & :bcTimeMain \\
statistics: instance_11-triangle & 1 & 1.0e7 & 1215.00 & 0.78 & 1 & 1215.00 & 1215 & 0.78 \\
########################################################
Route #1: 6 8 20 4 1 10 22 28 14 30 7 26 25 12 15 18 16 21 
Route #2: 19 13 9 2 5 23 29 24 11 17 3 27 
Cost 1215
########################################################

end_time=2026-04-19 23:11:14
exit_code=0
