instance_file=/mnt/c/Users/porin/OneDrive/Documentos/Python-Mestrado/Modelagem Matemática/Programação Inteira - Uchoa/Problema VRPRDL/instancias_turco/VRPRDL-triangle/vrp_convertidos/instance_6-triangle.vrp
instance_name=instance_6-triangle
start_time=2026-04-20 07:10:08

  Activating project at `~/VRPSolver/VRPSolverDemos`
Application parameters:
  batch  =>  nothing
  instance  =>  "/mnt/c/Users/porin/OneDrive/Documentos/Python-Mestrado/Modelagem Matemática/Programação Inteira - Uchoa/Problema VRPRDL/instancias_turco/VRPRDL-triangle/vrp_convertidos/instance_6-triangle.vrp"
  noround  =>  false
  cfg  =>  "/home/poringman/VRPSolver/VRPSolverDemos/src/../config/CVRP.cfg"
  edge_cuts  =>  false
  out  =>  nothing
  ub  =>  1.0e7
  cluster_branching  =>  1.0
  sol  =>  nothing
  single_resource  =>  false
  strong_kpath_cuts  =>  false
  tikz  =>  nothing
  maxr  =>  999
  update  =>  false
  show_complete_form  =>  false
  nosolve  =>  false
  minr  =>  1
  low_edge_priority  =>  false
~~~~~~~~~~~~~~~~~~~~~~~~~~~~~~~~~~~~~~~~~~~~~~~~~~~~~~~~~~~~~~~~~~~~~~~~~~~~~~~~~~~~~
GIT VERSION RCSP: 
GIT BRANCH: 
~~~~~~~~~~~~~~~~~~~~~~~~~~~~~~~~~~~~~~~~~~~~~~~~~~~~~~~~~~~~~~~~~~~~~~~~~~~~~~~~~~~~~
VRPSolver v0.6.16, 10/11/2025, © Inria Bordeaux, France, vrpsolver.math.u-bordeaux.fr
      Corresponds to the solver by Pessoa, Sadykov, Uchoa and Vanderbeck (2020)
                 Paper: dx.doi.org/10.1007/s10107-020-01523-z
~~~~~~~~~~~~~~~~~~~~~~~~~~~~~~~~~~~~~~~~~~~~~~~~~~~~~~~~~~~~~~~~~~~~~~~~~~~~~~~~~~~~~
GIT VERSION BAPCOD: a7cb21f19424236c9d0da5dcf94961797a519470
GIT BRANCH: main
~~~~~~~~~~~~~~~~~~~~~~~~~~~~~~~~~~~~~~~~~~~~~~~~~~~~~~~~~~~~~~~~~~~~~~~~~~~~~~~~~~~~~
   BaPCod v0.84, 10/11/2025, © Inria Bordeaux, France, bapcod.math.u-bordeaux.fr 
           THIS CODE IS PROVIDED AS IS, USE IT AT YOUR OWN RISK
~~~~~~~~~~~~~~~~~~~~~~~~~~~~~~~~~~~~~~~~~~~~~~~~~~~~~~~~~~~~~~~~~~~~~~~~~~~~~~~~~~~~~
--- MAIN PARAMETERS ---
GlobalTimeLimitInTick = 2147483645
GlobalTimeLimit = 21474836
ClockType = 0
MaxNbOfBBtreeNodeTreated = 100000
optimalityGapTolerance = 1e-06
relOptimalityGapTolerance = 1e-09
ApplyPreprocessing = false
PreprocessVariablesLocalBounds = false
treeSearchStrategy = 1
OpenNodesLimit = 1000
DEFAULTPRINTLEVEL = 0
--- MIP SOLVER PARAMETERS ---
solverName = CPLEX_SOLVER
MipSolverMaxBBNodes = 2000000
MipSolverMaxTime = 360000
MipSolverMultiThread = 1
--- COLUMN GENERATION PARAMETERS ---
SolverSelectForMast = a
  colGenSubProbSolMode = customSolver
mastInitMode = localArtCol
ArtVarPenaltyUpdateFactor = 2
ArtVarMaxNbOfPenaltyUpdates = 5
MaxNbOfStagesInColGenProcedure = 3
GenerateProperColumns = false
InsertAllGeneratedColumnsInFormRatherThanInPool = true
InsertNewNonNegColumnsDirectlyInFormRatherThanInPool = true
ColumnCleanupThreshold = 10000
ColumnCleanupRatio = 0.66
ReducedCostFixingThreshold = 0.9
--- CUT GENERATION PARAMETERS ---
MasterCuttingPlanesDepthLimit = 1000
MaxNbOfCutGeneratedAtEachIter = 1000
CutTailingOffThreshold = 0.015
CutTailingOffCounterThreshold = 3
CutCleanupThreshold = 1
CutCleanupRatio = 0.66
ColGenSpRelaxationImprovementPriority = 0
--- STABILIZATION PARAMETERS ---
colGenDualPriceSmoothingAlphaFactor = 1
colGenDualPriceSmoothingBetaFactor = 0
colGenStabilizationFunctionType = none
colGenProximalStabilizationRule = undefined
StabilFuncKappa = 1
colGenStabilizationMaxTreeDepth = 10000
StabilizationMinPhaseOfStage = 0
--- PRIMAL HEURISTIC PARAMETERS ---
UseInitialPrimalHeur = false
MaxTimeForRestrictedMasterIpHeur = -1
CallFrequencyOfRestrictedMasterIpHeur = 5
MIPemphasisInRestrictedMasterIpHeur = 1
PolishingAfterTimeInRestrictedMasterIpHeur = -1
DivingHeurUseDepthLimit = -1
CallFrequencyOfDivingHeur = 1
LeastFractional
Closest2RoundUp
LeastGreedyCost
LeastCost
FixIntValBeforeRoundingHeur = true
MaxNbOfCgIteDuringRh = 5000
MaxLDSbreadth = 0
MaxLDSdepth = 0
DivingHeurStopsWithFirstFeasSol = false
DivingHeurPreprocessBeforeChoosingVar = false
StrongDivingCandidatesNumber = 1
EvalAlgParamsInDiving = max#cand. = 1 max#cg.iters = 10000 min.lvl.sp.restr. = 1 min#cut.rounds = 0 max#cut.rounds = 0 red.cost.fix&enum. = false tree.size.ratio = 1
LocalSearchHeurUseDepthLimit = -1
LeastFractional
Closest2RoundUp
LeastGreedyCost
LeastCost
MaxFactorOfColFixedByLocalSearchHeur = 0.8
MaxLocalSearchIterationCounter = 3
--- STRONG BRANCHING PARAMETERS ---
SimplifiedStrongBranchingParameterisation = true
StrongBranchingPhaseOneCandidatesNumber = 100
StrongBranchingPhaseOneTreeSizeEstimRatio = 0.2
StrongBranchingPhaseTwoCandidatesNumber = 3
StrongBranchingPhaseTwoTreeSizeEstimRatio = 0.02
SafeDualBoundScaleFactor = -1
StrongBranchingPhaseOne = max#cand. = 100 max#cg.iters = 0 min.lvl.sp.restr. = 0 min#cut.rounds = 0 max#cut.rounds = 0 red.cost.fix&enum. = false tree.size.ratio = 0.2
StrongBranchingPhaseTwo = max#cand. = 3 max#cg.iters = 10000 min.lvl.sp.restr. = 1 min#cut.rounds = 0 max#cut.rounds = 0 red.cost.fix&enum. = false tree.size.ratio = 0.02
StrongBranchingPhaseThree = max#cand. = 1 max#cg.iters = 10000 min.lvl.sp.restr. = 0 min#cut.rounds = 0 max#cut.rounds = 10000 red.cost.fix&enum. = true tree.size.ratio = 1
StrongBranchingPhaseFour =not active
--- DEBUG OUTPUT PARAMETERS ---
printMasterPrimalSols = 0
--- VRPSOLVER PARAMETERS ---
RCSPstopCutGenTimeThresholdInPricing = 10
RCSPhardTimeThresholdInPricing = 25
RCSPredCostFixingTimeThreshold = 100
RCSPnumberOfBucketsPerVertex = 25
RCSPdynamicBucketSteps = 1
RCSPuseBidirectionalSearch = 2
RCSPapplyReducedCostFixing = 1
RCSPmaxNumOfColsPerIteration = 30
RCSPmaxNumOfColsPerExactIteration = 150
RCSPmaxNumOfLabelsInEnumeration = 500000
RCSPmaxNumOfLabelsInHeurEnumeration = 0
RCSPmaxNumOfEnumeratedSolutions = 5000000
RCSPmaxNumOfEnumSolutionsForMIP = 10000
RCSPmaxNumOfEnumSolsForEndOfNodeMIP = 10000
RCSPinitNGneighbourhoodSize = 8
RCSPmaxNGneighbourhoodSize = 8
RCSPrankOneCutsMaxNumRows = 5
RCSPrankOneCutsMaxNumPerRound = 100
RCSPrankOneCutsMemoryType = 0
RCSPrankOneCutsLSnumIterations = 1000
RCSPallowRoutesWithSameVerticesSet = true
RCSPredCostFixingFalseGap = 0
SafeDualBoundScaleFactor = -1
RCSPmaxNumOfLabelsInHeurEnumeration = 0
MaxNumEnumSolsInRestrictedMasterIpHeur = 5000

prName & bcTimeMain \\ 
New model incumbent solution 1e+07, TIME = 0h0m0s39t = 39
RCSP solver info : size of non-robust cut bitmask in a label is 640 bits
Bucket steps were recalculated for graph G_0 : [30]
RCSP solver info : symmetric case is detected for graph G_0! 
Bidirectional border value is initialised to 375
RCSP solver info : number of forw. reachable buckets / buck. strongly connected components is 540( 94.4056% ) / 365( 67.5926% )
RCSP solver info: std. label size is 56, ext. label size is 136
Generating neighbourhoods for rank-1 cuts separation
Building structures for 4- and 5-row rank-1 packing cut separation...done!
Model is built TIME = 0h0m0s39t = 39
************************************************************************************************
**** BaB tree root node
**** Local DB = -1e+12, global bounds : [ -1e+12 , 1e+07 ], TIME = 0h0m0s39t = 39
**** 1 open nodes, 0 columns (0 active), 0 dyn. constrs. (0 active), 42 art. vars. (42 active)
************************************************************************************************
--------------------------------------------------------------------------
BaPCod info : first we run the root node with rank-1 cuts with node memory
--------------------------------------------------------------------------
#<DWph=2> <it=  1> <et=0.39> <Mt= 0.00> <Spt= 0.00> <nCl= 20> <al=0.00> <DB=-11999972620.0000> <Mlp=504000000.0000> <PB=10000000> 
#<DWph=2> <it=  2> <et=0.39> <Mt= 0.00> <Spt= 0.00> <nCl= 20> <al=0.55> <DB=-8506021118.3375> <Mlp=375000359.2500> <PB=10000000> 
#<DWph=2> <it=  3> <et=0.39> <Mt= 0.00> <Spt= 0.00> <nCl= 20> <al=0.45> <DB=-9344964798.4144> <Mlp=375000359.2500> <PB=10000000> 
#<DWph=2> <it=  4> <et=0.39> <Mt= 0.00> <Spt= 0.00> <nCl= 20> <al=0.51> <DB=-7851326642.5311> <Mlp=329572061.2857> <PB=10000000> 
#<DWph=2> <it=  5> <et=0.40> <Mt= 0.00> <Spt= 0.00> <nCl= 20> <al=0.41> <DB=-7029914811.0141> <Mlp=292800795.7400> <PB=10000000> 
#<DWph=2> <it=  6> <et=0.40> <Mt= 0.00> <Spt= 0.00> <nCl= 20> <al=0.46> <DB=-6657190189.6290> <Mlp=250228439.0000> <PB=10000000> 
#<DWph=2> <it=  7> <et=0.40> <Mt= 0.00> <Spt= 0.00> <nCl= 20> <al=0.52> <DB=-6102373326.4801> <Mlp=194940644.0203> <PB=10000000> 
#<DWph=2> <it=  8> <et=0.40> <Mt= 0.00> <Spt= 0.00> <nCl= 20> <al=0.57> <DB=-5743692780.2077> <Mlp=174201589.9619> <PB=10000000> 
#<DWph=2> <it=  9> <et=0.40> <Mt= 0.00> <Spt= 0.00> <nCl= 20> <al=0.61> <DB=-5491743552.7214> <Mlp=118272190.9689> <PB=10000000> 
#<DWph=2> <it= 10> <et=0.40> <Mt= 0.00> <Spt= 0.00> <nCl= 20> <al=0.65> <DB=-4915734714.5424> <Mlp=87938121.5278> <PB=10000000> 
#<DWph=2> <it= 11> <et=0.40> <Mt= 0.00> <Spt= 0.00> <nCl= 20> <al=0.68> <DB=-4121200149.7270> <Mlp=41058597.1640> <PB=10000000> 
#<DWph=2> <it= 12> <et=0.40> <Mt= 0.00> <Spt= 0.00> <nCl= 20> <al=0.58> <DB=-2349542092.5172> <Mlp=7470993.6887> <PB=10000000> 
#<DWph=2> <it= 13> <et=0.40> <Mt= 0.00> <Spt= 0.00> <nCl= 20> <al=0.48> <DB=-1029687789.0773> <Mlp=7453452.1164> <PB=10000000> 
#<DWph=2> <it= 14> <et=0.40> <Mt= 0.00> <Spt= 0.00> <nCl= 40> <al=0.00> <DB=-16387907.1769> <Mlp=7339875.8027> <PB=10000000> 
<DWph=2> <it= 15> <et=0.40> <Mt= 0.00> <Spt= 0.00> <nCl= 20> <al=0.00> <DB=-16325.7395> <Mlp= 1884.3462> <PB=10000000> 
<DWph=2> <it= 16> <et=0.40> <Mt= 0.00> <Spt= 0.00> <nCl= 20> <al=0.18> <DB=-28565.8186> <Mlp= 1641.9926> <PB=10000000> 
<DWph=2> <it= 17> <et=0.40> <Mt= 0.00> <Spt= 0.00> <nCl= 20> <al=0.27> <DB=-14957.7122> <Mlp= 1527.7085> <PB=10000000> 
<DWph=2> <it= 18> <et=0.41> <Mt= 0.00> <Spt= 0.00> <nCl= 20> <al=0.34> <DB=-11688.7809> <Mlp= 1427.8453> <PB=10000000> 
<DWph=2> <it= 19> <et=0.41> <Mt= 0.00> <Spt= 0.01> <nCl= 20> <al=0.40> <DB=-7167.3411> <Mlp= 1310.7045> <PB=10000000> 
<DWph=2> <it= 20> <et=0.41> <Mt= 0.00> <Spt= 0.00> <nCl= 20> <al=0.30> <DB=-8305.4051> <Mlp= 1256.5675> <PB=10000000> 
<DWph=2> <it= 21> <et=0.41> <Mt= 0.00> <Spt= 0.00> <nCl= 20> <al=0.37> <DB=-7704.4675> <Mlp= 1205.3583> <PB=10000000> 
<DWph=2> <it= 22> <et=0.41> <Mt= 0.00> <Spt= 0.00> <nCl= 20> <al=0.44> <DB=-5510.7101> <Mlp= 1160.5215> <PB=10000000> 
<DWph=2> <it= 23> <et=0.41> <Mt= 0.00> <Spt= 0.00> <nCl= 20> <al=0.34> <DB=-4392.6935> <Mlp= 1138.1405> <PB=10000000> 
<DWph=2> <it= 24> <et=0.41> <Mt= 0.00> <Spt= 0.00> <nCl= 20> <al=0.40> <DB=-2712.2757> <Mlp= 1125.0165> <PB=10000000> 
<DWph=2> <it= 25> <et=0.41> <Mt= 0.00> <Spt= 0.00> <nCl= 20> <al=0.46> <DB=-1391.4884> <Mlp= 1090.4587> <PB=10000000> 
<DWph=2> <it= 26> <et=0.41> <Mt= 0.00> <Spt= 0.00> <nCl= 20> <al=0.36> <DB= -582.8119> <Mlp= 1079.4837> <PB=10000000> 
<DWph=2> <it= 27> <et=0.41> <Mt= 0.00> <Spt= 0.00> <nCl= 20> <al=0.26> <DB=-1353.8341> <Mlp= 1056.4872> <PB=10000000> 
<DWph=2> <it= 28> <et=0.42> <Mt= 0.00> <Spt= 0.00> <nCl= 20> <al=0.34> <DB= -859.3986> <Mlp= 1051.0142> <PB=10000000> 
<DWph=2> <it= 29> <et=0.42> <Mt= 0.00> <Spt= 0.00> <nCl= 20> <al=0.40> <DB=-1540.8698> <Mlp= 1032.9421> <PB=10000000> 
<DWph=2> <it= 30> <et=0.42> <Mt= 0.00> <Spt= 0.00> <nCl= 20> <al=0.46> <DB=  -26.0903> <Mlp= 1015.3469> <PB=10000000> 
<DWph=2> <it= 31> <et=0.42> <Mt= 0.00> <Spt= 0.00> <nCl= 20> <al=0.52> <DB=  159.1008> <Mlp= 1015.3469> <PB=10000000> 
<DWph=2> <it= 32> <et=0.42> <Mt= 0.00> <Spt= 0.00> <nCl= 20> <al=0.56> <DB=  754.0105> <Mlp= 1015.3469> <PB=10000000> 
<DWph=2> <it= 33> <et=0.42> <Mt= 0.00> <Spt= 0.00> <nCl= 20> <al=0.61> <DB=  568.1844> <Mlp= 1015.3469> <PB=10000000> 
<DWph=2> <it= 34> <et=0.42> <Mt= 0.00> <Spt= 0.01> <nCl= 20> <al=0.65> <DB=  792.4116> <Mlp= 1014.0000> <PB=10000000> 
<DWph=2> <it= 35> <et=0.42> <Mt= 0.00> <Spt= 0.00> <nCl= 20> <al=0.68> <DB=  264.0924> <Mlp= 1008.2812> <PB=10000000> 
<DWph=2> <it= 36> <et=0.42> <Mt= 0.00> <Spt= 0.00> <nCl= 20> <al=0.71> <DB=  811.8340> <Mlp= 1003.8393> <PB=10000000> 
<DWph=2> <it= 37> <et=0.42> <Mt= 0.00> <Spt= 0.00> <nCl= 20> <al=0.61> <DB=  825.8298> <Mlp= 1003.8393> <PB=10000000> 
<DWph=2> <it= 38> <et=0.43> <Mt= 0.01> <Spt= 0.00> <nCl= 20> <al=0.51> <DB=  416.4878> <Mlp= 1001.3824> <PB=10000000> 
<DWph=2> <it= 39> <et=0.43> <Mt= 0.00> <Spt= 0.00> <nCl= 20> <al=0.56> <DB=  949.4539> <Mlp=  996.5116> <PB=10000000> 
<DWph=2> <it= 40> <et=0.43> <Mt= 0.00> <Spt= 0.00> <nCl= 20> <al=0.46> <DB=  842.3945> <Mlp=  994.3803> <PB=10000000> 
<DWph=2> <it= 41> <et=0.43> <Mt= 0.00> <Spt= 0.00> <nCl= 15> <al=0.52> <DB=  964.1719> <Mlp=  991.9841> <PB=10000000> 
<DWph=2> <it= 42> <et=0.43> <Mt= 0.00> <Spt= 0.00> <nCl= 15> <al=0.57> <DB=  958.0346> <Mlp=  990.7789> <PB=10000000> 
<DWph=2> <it= 43> <et=0.43> <Mt= 0.00> <Spt= 0.00> <nCl= 19> <al=0.61> <DB=  963.4855> <Mlp=  990.4286> <PB=10000000> 
<DWph=2> <it= 44> <et=0.43> <Mt= 0.00> <Spt= 0.00> <nCl= 15> <al=0.65> <DB=  979.8863> <Mlp=  988.1169> <PB=10000000> 
<DWph=2> <it= 45> <et=0.43> <Mt= 0.00> <Spt= 0.00> <nCl= 16> <al=0.55> <DB=  974.0497> <Mlp=  987.8261> <PB=10000000> 
<DWph=2> <it= 46> <et=0.43> <Mt= 0.00> <Spt= 0.00> <nCl= 11> <al=0.45> <DB=  982.7734> <Mlp=  987.2500> <PB=10000000> 
<DWph=2> <it= 47> <et=0.43> <Mt= 0.00> <Spt= 0.00> <nCl= 20> <al=0.35> <DB=  963.0219> <Mlp=  986.7333> <PB=10000000> 
<DWph=2> <it= 48> <et=0.44> <Mt= 0.00> <Spt= 0.00> <nCl= 16> <al=0.41> <DB=  968.6859> <Mlp=  985.2745> <PB=10000000> 
<DWph=2> <it= 49> <et=0.44> <Mt= 0.00> <Spt= 0.00> <nCl= 18> <al=0.31> <DB=  977.5435> <Mlp=  984.1500> <PB=10000000> 
<DWph=2> <it= 50> <et=0.44> <Mt= 0.00> <Spt= 0.01> <nCl= 13> <al=0.38> <DB=  985.1796> <Mlp=  984.0990> <PB=10000000> 
<DWph=1> <it= 51> <et=0.44> <Mt= 0.00> <Spt= 0.00> <nCl= 18> <al=0.44> <DB=  953.7245> <Mlp=  984.0990> <PB=10000000> 
<DWph=1> <it= 52> <et=0.44> <Mt= 0.00> <Spt= 0.00> <nCl= 10> <al=0.50> <DB=  979.7703> <Mlp=  983.1000> <PB=10000000> 
<DWph=1> <it= 53> <et=0.44> <Mt= 0.00> <Spt= 0.00> <nCl= 14> <al=0.40> <DB=  968.8241> <Mlp=  983.1000> <PB=10000000> 
<DWph=1> <it= 54> <et=0.44> <Mt= 0.00> <Spt= 0.00> <nCl= 10> <al=0.46> <DB=  974.6305> <Mlp=  982.9383> <PB=10000000> 
<DWph=1> <it= 55> <et=0.45> <Mt= 0.00> <Spt= 0.00> <nCl=  4> <al=0.03> <DB=  980.6962> <Mlp=  982.7143> <PB=10000000> 
<DWph=1> <it= 56> <et=0.45> <Mt= 0.00> <Spt= 0.00> <nCl=  3> <al=0.00> <DB=  982.7143> <Mlp=  982.7143> <PB=10000000> 
    RCSP exact solver info for graph G_0 : TT = 0.001806, pt = 4e-06, dt = 0.001421, ct = 0.000178, ndl = 1178', bdl = 11882', odl = 2347', odf = 15025', bsi = 1466', cnt = 10045', bdch = 128911', odch = 36461', lcp = 20061', #sols = 150
<DWph=0> <it= 57> <et=0.45> <Mt= 0.00> <Spt= 0.01> <nCl=130> <al=0.31> <DB=  962.7143> <Mlp=  982.7143> <PB=10000000> 
    RCSP exact solver info for graph G_0 : TT = 0.001982, pt = 1.2e-05, dt = 0.001504, ct = 0.000248, ndl = 1337', bdl = 12659', odl = 2369', odf = 15983', bsi = 1527', cnt = 17627', bdch = 153747', odch = 40631', lcp = 21618', #sols = 150
<DWph=0> <it= 58> <et=0.46> <Mt= 0.00> <Spt= 0.00> <nCl= 95> <al=0.21> <DB=  971.8936> <Mlp=  980.2222> <PB=10000000> 
    RCSP exact solver info for graph G_0 : TT = 0.002032, pt = 1e-05, dt = 0.00156, ct = 0.000237, ndl = 1308', bdl = 12903', odl = 2203', odf = 14928', bsi = 1482', cnt = 16575', bdch = 140408', odch = 39338', lcp = 19568', #sols = 150
<DWph=0> <it= 59> <et=0.46> <Mt= 0.00> <Spt= 0.00> <nCl= 42> <al=0.29> <DB=  975.8324> <Mlp=  978.8750> <PB=10000000> 
    RCSP exact solver info for graph G_0 : TT = 0.00183, pt = 1.1e-05, dt = 0.001386, ct = 0.000214, ndl = 1337', bdl = 13244', odl = 2208', odf = 15041', bsi = 1484', cnt = 19447', bdch = 144913', odch = 40587', lcp = 20128', #sols = 150
<DWph=0> <it= 60> <et=0.46> <Mt= 0.00> <Spt= 0.01> <nCl= 24> <al=0.36> <DB=  977.7490> <Mlp=  978.7692> <PB=10000000> 
    RCSP exact solver info for graph G_0 : TT = 0.002142, pt = 9e-06, dt = 0.001679, ct = 0.000221, ndl = 1385', bdl = 13735', odl = 2188', odf = 15122', bsi = 1495', cnt = 22362', bdch = 150828', odch = 42908', lcp = 20646', #sols = 150
    RCSP exact solver info for graph G_0 : TT = 0.00188, pt = 9e-06, dt = 0.001448, ct = 0.000219, ndl = 1321', bdl = 13197', odl = 2133', odf = 14614', bsi = 1444', cnt = 21350', bdch = 139774', odch = 40384', lcp = 19209', #sols = 150
<DWph=0> <it= 61> <et=0.47> <Mt= 0.00> <Spt= 0.00> <nCl= 29> <al=0.00> <DB=  978.7692> <Mlp=  978.7692> <PB=10000000> 
RCSP solver dynamic params and stats :  bidir.bord. = 375 aver.obdmd = 23.5909 aver.buck.num. = 26
@@ 1 0 978.769 0.00171917 0.0019 91.7996 0.47
RCSP      solver labels distribution in 198 buckets (bucket size) : largest - 37, top 0.1% - 37, top 0.5% - 37, top 2% - 28, top 10% - 15, top 50% - 4
Reduced cost fixing for graph G_0...  TT = 0.005705, pt = 0.000286, dt = 0.005386, ct = 0, ndl = 4324', bdl = 40763', odl = 3642', odf = 48147', lpcb = 3763', cnt = 136249', bdch = 631528', odch = 245475', lcp = 76846'
9304 buck. arcs remain (98.6% from prev., 90.5% from max.) + 0 jump buck. arcs (0% from max.)
 TT = 0.010065, pt = 0.000286, dt = 0.005386, ct = 0.004313, ndl = 4324', bdl = 40763', odl = 3642', odf = 48147', lpcb = 3763', cnt = 150444', bdch = 631528', odch = 245475', lcp = 76846'
RCSP      solver labels distribution in 396 buckets (bucket size) : largest - 46, top 0.1% - 46, top 0.5% - 44, top 2% - 40, top 10% - 28, top 50% - 7
Run forward enumeration with border = 375... not succeeded (ratio 0.804161) lpt = 0.250856, ndl = 150011', dl = 318105', lpcb = 0', dch = 3484704'
 TT = 0.258666, pt = 0.005943, dt = 0.250856, ct = 0, ndl = 150011', bdl = 318105', cnt = 2860597', bdch = 3484704', odch = 0', lcp = 0'
ColGenEvalAlg final dual bound: 978.769 (rounded: 979)
In total 1 RCC cut(s) are found by the connected components heuristic 
Shrinking heuristic shrunk 12 edges
In total 2 RCC cut(s) are found by the Fractional capacity min-cut heuristic 
In total 2 RCC cut(s) are found by the greedy construction heuristic 
----- Add fac. cuts : CAP(5), max.viol = 0.769231, aver.viol = 0.415385, sep/add took 0.000260826/0.00342073 sec. -----
1357 columns (1357 active), 5 dyn. constrs. (5 active), 47 art. vars. (47 active)
<DWph=2> <it=  1> <et=0.75> <Mt= 0.00> <Spt= 0.01> <nCl= 25> <al=0.00> <DB=  977.4444> <Mlp=  981.4444> <PB=10000000> 
<DWph=2> <it=  2> <et=0.75> <Mt= 0.00> <Spt= 0.00> <nCl= 21> <al=0.00> <DB=  981.4444> <Mlp=  981.4444> <PB=10000000> 
<DWph=1> <it=  3> <et=0.75> <Mt= 0.00> <Spt= 0.00> <nCl=  7> <al=0.00> <DB=  981.4444> <Mlp=  981.4444> <PB=10000000> 
    RCSP exact solver info for graph G_0 : TT = 0.001469, pt = 4e-06, dt = 0.00113, ct = 0.000166, ndl = 1052', bdl = 10179', odl = 2201', odf = 14594', bsi = 1370', cnt = 10396', bdch = 101166', odch = 32767', lcp = 16998', #sols = 150
<DWph=0> <it=  4> <et=0.76> <Mt= 0.00> <Spt= 0.00> <nCl= 92> <al=0.20> <DB=  973.6667> <Mlp=  981.4444> <PB=10000000> 
    RCSP exact solver info for graph G_0 : TT = 0.001567, pt = 1e-05, dt = 0.001181, ct = 0.00019, ndl = 1102', bdl = 10775', odl = 2207', odf = 14820', bsi = 1361', cnt = 11136', bdch = 107932', odch = 35189', lcp = 17970', #sols = 150
    RCSP exact solver info for graph G_0 : TT = 0.00154, pt = 8e-06, dt = 0.001156, ct = 0.000161, ndl = 1082', bdl = 10597', odl = 2203', odf = 14841', bsi = 1350', cnt = 11042', bdch = 105117', odch = 35923', lcp = 17564', #sols = 150
<DWph=0> <it=  5> <et=0.76> <Mt= 0.00> <Spt= 0.01> <nCl= 17> <al=0.00> <DB=  981.4444> <Mlp=  981.4444> <PB=10000000> 
RCSP solver dynamic params and stats :  bidir.bord. = 375 aver.obdmd = 23.5909 aver.buck.num. = 26
@@ 1 1 981.444 0.001328 0.001371 90.5058 0.76
    Full reduced cost fixing is not called (gap ratio is 1)
ColGenEvalAlg final dual bound: 981.444 (rounded: 982)
False gap improvement since the last cut separation : 0.0273324 (978.769)
Current active cuts : CAP(1+0,0)
In total 1 RCC cut(s) are found by the connected components heuristic 
Shrinking heuristic shrunk 11 edges
In total 1 RCC cut(s) are found by the Fractional capacity min-cut heuristic 
In total 1 RCC cut(s) are found by the greedy construction heuristic 
----- Add fac. cuts : CAP(3), max.viol = 0.777778, aver.viol = 0.481481, sep/add took 0.000137588/0.00181552 sec. -----
1519 columns (1519 active), 8 dyn. constrs. (4 active), 50 art. vars. (46 active)
<DWph=2> <it=  1> <et=0.77> <Mt= 0.00> <Spt= 0.00> <nCl= 25> <al=0.00> <DB=  987.5000> <Mlp=  995.5000> <PB=10000000> 
<DWph=2> <it=  2> <et=0.77> <Mt= 0.01> <Spt= 0.00> <nCl= 18> <al=0.00> <DB=  993.9444> <Mlp=  994.1667> <PB=10000000> 
<DWph=2> <it=  3> <et=0.77> <Mt= 0.00> <Spt= 0.00> <nCl=  0> <al=0.00> <DB=  994.1667> <Mlp=  994.1667> <PB=10000000> 
<DWph=1> <it=  4> <et=0.77> <Mt= 0.00> <Spt= 0.00> <nCl= 13> <al=0.20> <DB=  991.5000> <Mlp=  994.1667> <PB=10000000> 
<DWph=1> <it=  5> <et=0.77> <Mt= 0.00> <Spt= 0.00> <nCl=  1> <al=0.28> <DB=  993.1667> <Mlp=  994.1667> <PB=10000000> 
<DWph=1> <it=  6> <et=0.77> <Mt= 0.00> <Spt= 0.00> <nCl=  7> <al=0.00> <DB=  992.0000> <Mlp=  994.0000> <PB=10000000> 
<DWph=1> <it=  7> <et=0.77> <Mt= 0.00> <Spt= 0.00> <nCl=  0> <al=0.18> <DB=  992.0000> <Mlp=  993.5000> <PB=10000000> 
    RCSP exact solver info for graph G_0 : TT = 0.001294, pt = 3e-06, dt = 0.000975, ct = 0.000139, ndl = 919', bdl = 8688', odl = 2077', odf = 14259', bsi = 1136', cnt = 10133', bdch = 80468', odch = 29843', lcp = 13411', #sols = 150
<DWph=0> <it=  8> <et=0.77> <Mt= 0.00> <Spt= 0.01> <nCl= 65> <al=0.18> <DB=  992.3308> <Mlp=  993.5000> <PB=10000000> 
    RCSP exact solver info for graph G_0 : TT = 0.001501, pt = 1.1e-05, dt = 0.001145, ct = 0.000146, ndl = 930', bdl = 8775', odl = 2087', odf = 14364', bsi = 1150', cnt = 10331', bdch = 82310', odch = 30227', lcp = 13593', #sols = 150
    RCSP exact solver info for graph G_0 : TT = 0.001316, pt = 9e-06, dt = 0.000997, ct = 0.000126, ndl = 840', bdl = 8091', odl = 2035', odf = 13721', bsi = 1089', cnt = 7785', bdch = 71772', odch = 26186', lcp = 11737', #sols = 150
<DWph=0> <it=  9> <et=0.78> <Mt= 0.00> <Spt= 0.00> <nCl= 18> <al=0.00> <DB=  993.5000> <Mlp=  993.5000> <PB=10000000> 
RCSP solver dynamic params and stats :  bidir.bord. = 375 aver.obdmd = 23.5909 aver.buck.num. = 26
@@ 1 2 993.5 0.001176 0.001291 90.5058 0.78
    Full reduced cost fixing is not called (gap ratio is 0.999999)
ColGenEvalAlg final dual bound: 993.5 (rounded: 994)
False gap improvement since the last cut separation : 0.122835 (981.444)
Current active cuts : CAP(1,24.5)
In total 1 RCC cut(s) are found by the connected components heuristic 
Shrinking heuristic shrunk 17 edges
----- Add fac. cuts : CAP(1), max.viol = 0.5, aver.viol = 0.5, sep/add took 5.5189e-05/0.000733235 sec. -----
1666 columns (1666 active), 5 dyn. constrs. (3 active), 51 art. vars. (45 active)
Shrinking heuristic shrunk 18 edges
<DWph=2> <it=  1> <et=0.78> <Mt= 0.00> <Spt= 0.00> <nCl=  5> <al=0.00> <DB=  995.0000> <Mlp=  995.0000> <PB=995> 
<DWph=1> <it=  2> <et=0.79> <Mt= 0.00> <Spt= 0.00> <nCl=  8> <al=0.00> <DB=  995.0000> <Mlp=  995.0000> <PB=995> 
    RCSP exact solver info for graph G_0 : TT = 0.001171, pt = 4e-06, dt = 0.000844, ct = 0.000114, ndl = 718', bdl = 6852', odl = 1885', odf = 12919', bsi = 974', cnt = 6195', bdch = 55484', odch = 21507', lcp = 9301', #sols = 150
    RCSP exact solver info for graph G_0 : TT = 0.001261, pt = 1e-05, dt = 0.000842, ct = 0.000139, ndl = 718', bdl = 6852', odl = 1885', odf = 12919', bsi = 974', cnt = 6195', bdch = 55484', odch = 21507', lcp = 9301', #sols = 150
<DWph=0> <it=  3> <et=0.79> <Mt= 0.00> <Spt= 0.01> <nCl= 37> <al=0.00> <DB=  995.0000> <Mlp=  995.0000> <PB=995> 
RCSP solver dynamic params and stats :  bidir.bord. = 375 aver.obdmd = 23.5909 aver.buck.num. = 26
@@ 1 3 995 0.0009695 0.000981 90.5058 0.79
ColGenEvalAlg final dual bound: 995 (rounded: 995)
Gap improvement since the last cut separation : 1 (993.5)
Current active cuts : CAP(2+1,23)
New model incumbent solution 995, TIME = 0h0m0s79t = 79
************************************************************************************************
Search is finished, global bounds : [ 995 , 995 ], TIME = 0h0m0s79t = 79
************************************************************************************************
[32mBaPCod : solution defined.[00m
statistics_cols: instance & :Optimal & cutoff & :bcRecRootDb & :bcTimeRootEval & :bcCountNodeProc & :bcRecBestDb & :bcRecBestInc & :bcTimeMain \\
statistics: instance_6-triangle & 1 & 1.0e7 & 995.00 & 0.79 & 1 & 995.00 & 995 & 0.79 \\
########################################################
Route #1: 3 5 11 14 7 17 4 10 
Route #2: 15 19 12 13 6 2 8 20 9 16 1 18 
Cost 995
########################################################

end_time=2026-04-20 07:10:18
exit_code=0
