instance_file=/mnt/c/Users/porin/OneDrive/Documentos/Python-Mestrado/Modelagem Matemática/Programação Inteira - Uchoa/Problema VRPRDL/instancias_turco/VRPRDL-triangle/vrp_convertidos/instance_19-triangle.vrp
instance_name=instance_19-triangle
start_time=2026-04-19 23:12:37

  Activating project at `~/VRPSolver/VRPSolverDemos`
Application parameters:
  batch  =>  nothing
  instance  =>  "/mnt/c/Users/porin/OneDrive/Documentos/Python-Mestrado/Modelagem Matemática/Programação Inteira - Uchoa/Problema VRPRDL/instancias_turco/VRPRDL-triangle/vrp_convertidos/instance_19-triangle.vrp"
  noround  =>  false
  cfg  =>  "/home/poringman/VRPSolver/VRPSolverDemos/src/../config/CVRP.cfg"
  edge_cuts  =>  false
  out  =>  nothing
  ub  =>  1.0e7
  cluster_branching  =>  1.0
  sol  =>  nothing
  single_resource  =>  false
  strong_kpath_cuts  =>  false
  tikz  =>  nothing
  maxr  =>  999
  update  =>  false
  show_complete_form  =>  false
  nosolve  =>  false
  minr  =>  1
  low_edge_priority  =>  false
~~~~~~~~~~~~~~~~~~~~~~~~~~~~~~~~~~~~~~~~~~~~~~~~~~~~~~~~~~~~~~~~~~~~~~~~~~~~~~~~~~~~~
GIT VERSION RCSP: 
GIT BRANCH: 
~~~~~~~~~~~~~~~~~~~~~~~~~~~~~~~~~~~~~~~~~~~~~~~~~~~~~~~~~~~~~~~~~~~~~~~~~~~~~~~~~~~~~
VRPSolver v0.6.16, 10/11/2025, © Inria Bordeaux, France, vrpsolver.math.u-bordeaux.fr
      Corresponds to the solver by Pessoa, Sadykov, Uchoa and Vanderbeck (2020)
                 Paper: dx.doi.org/10.1007/s10107-020-01523-z
~~~~~~~~~~~~~~~~~~~~~~~~~~~~~~~~~~~~~~~~~~~~~~~~~~~~~~~~~~~~~~~~~~~~~~~~~~~~~~~~~~~~~
GIT VERSION BAPCOD: a7cb21f19424236c9d0da5dcf94961797a519470
GIT BRANCH: main
~~~~~~~~~~~~~~~~~~~~~~~~~~~~~~~~~~~~~~~~~~~~~~~~~~~~~~~~~~~~~~~~~~~~~~~~~~~~~~~~~~~~~
   BaPCod v0.84, 10/11/2025, © Inria Bordeaux, France, bapcod.math.u-bordeaux.fr 
           THIS CODE IS PROVIDED AS IS, USE IT AT YOUR OWN RISK
~~~~~~~~~~~~~~~~~~~~~~~~~~~~~~~~~~~~~~~~~~~~~~~~~~~~~~~~~~~~~~~~~~~~~~~~~~~~~~~~~~~~~
--- MAIN PARAMETERS ---
GlobalTimeLimitInTick = 2147483645
GlobalTimeLimit = 21474836
ClockType = 0
MaxNbOfBBtreeNodeTreated = 100000
optimalityGapTolerance = 1e-06
relOptimalityGapTolerance = 1e-09
ApplyPreprocessing = false
PreprocessVariablesLocalBounds = false
treeSearchStrategy = 1
OpenNodesLimit = 1000
DEFAULTPRINTLEVEL = 0
--- MIP SOLVER PARAMETERS ---
solverName = CPLEX_SOLVER
MipSolverMaxBBNodes = 2000000
MipSolverMaxTime = 360000
MipSolverMultiThread = 1
--- COLUMN GENERATION PARAMETERS ---
SolverSelectForMast = a
  colGenSubProbSolMode = customSolver
mastInitMode = localArtCol
ArtVarPenaltyUpdateFactor = 2
ArtVarMaxNbOfPenaltyUpdates = 5
MaxNbOfStagesInColGenProcedure = 3
GenerateProperColumns = false
InsertAllGeneratedColumnsInFormRatherThanInPool = true
InsertNewNonNegColumnsDirectlyInFormRatherThanInPool = true
ColumnCleanupThreshold = 10000
ColumnCleanupRatio = 0.66
ReducedCostFixingThreshold = 0.9
--- CUT GENERATION PARAMETERS ---
MasterCuttingPlanesDepthLimit = 1000
MaxNbOfCutGeneratedAtEachIter = 1000
CutTailingOffThreshold = 0.015
CutTailingOffCounterThreshold = 3
CutCleanupThreshold = 1
CutCleanupRatio = 0.66
ColGenSpRelaxationImprovementPriority = 0
--- STABILIZATION PARAMETERS ---
colGenDualPriceSmoothingAlphaFactor = 1
colGenDualPriceSmoothingBetaFactor = 0
colGenStabilizationFunctionType = none
colGenProximalStabilizationRule = undefined
StabilFuncKappa = 1
colGenStabilizationMaxTreeDepth = 10000
StabilizationMinPhaseOfStage = 0
--- PRIMAL HEURISTIC PARAMETERS ---
UseInitialPrimalHeur = false
MaxTimeForRestrictedMasterIpHeur = -1
CallFrequencyOfRestrictedMasterIpHeur = 5
MIPemphasisInRestrictedMasterIpHeur = 1
PolishingAfterTimeInRestrictedMasterIpHeur = -1
DivingHeurUseDepthLimit = -1
CallFrequencyOfDivingHeur = 1
LeastFractional
Closest2RoundUp
LeastGreedyCost
LeastCost
FixIntValBeforeRoundingHeur = true
MaxNbOfCgIteDuringRh = 5000
MaxLDSbreadth = 0
MaxLDSdepth = 0
DivingHeurStopsWithFirstFeasSol = false
DivingHeurPreprocessBeforeChoosingVar = false
StrongDivingCandidatesNumber = 1
EvalAlgParamsInDiving = max#cand. = 1 max#cg.iters = 10000 min.lvl.sp.restr. = 1 min#cut.rounds = 0 max#cut.rounds = 0 red.cost.fix&enum. = false tree.size.ratio = 1
LocalSearchHeurUseDepthLimit = -1
LeastFractional
Closest2RoundUp
LeastGreedyCost
LeastCost
MaxFactorOfColFixedByLocalSearchHeur = 0.8
MaxLocalSearchIterationCounter = 3
--- STRONG BRANCHING PARAMETERS ---
SimplifiedStrongBranchingParameterisation = true
StrongBranchingPhaseOneCandidatesNumber = 100
StrongBranchingPhaseOneTreeSizeEstimRatio = 0.2
StrongBranchingPhaseTwoCandidatesNumber = 3
StrongBranchingPhaseTwoTreeSizeEstimRatio = 0.02
SafeDualBoundScaleFactor = -1
StrongBranchingPhaseOne = max#cand. = 100 max#cg.iters = 0 min.lvl.sp.restr. = 0 min#cut.rounds = 0 max#cut.rounds = 0 red.cost.fix&enum. = false tree.size.ratio = 0.2
StrongBranchingPhaseTwo = max#cand. = 3 max#cg.iters = 10000 min.lvl.sp.restr. = 1 min#cut.rounds = 0 max#cut.rounds = 0 red.cost.fix&enum. = false tree.size.ratio = 0.02
StrongBranchingPhaseThree = max#cand. = 1 max#cg.iters = 10000 min.lvl.sp.restr. = 0 min#cut.rounds = 0 max#cut.rounds = 10000 red.cost.fix&enum. = true tree.size.ratio = 1
StrongBranchingPhaseFour =not active
--- DEBUG OUTPUT PARAMETERS ---
printMasterPrimalSols = 0
--- VRPSOLVER PARAMETERS ---
RCSPstopCutGenTimeThresholdInPricing = 10
RCSPhardTimeThresholdInPricing = 25
RCSPredCostFixingTimeThreshold = 100
RCSPnumberOfBucketsPerVertex = 25
RCSPdynamicBucketSteps = 1
RCSPuseBidirectionalSearch = 2
RCSPapplyReducedCostFixing = 1
RCSPmaxNumOfColsPerIteration = 30
RCSPmaxNumOfColsPerExactIteration = 150
RCSPmaxNumOfLabelsInEnumeration = 500000
RCSPmaxNumOfLabelsInHeurEnumeration = 0
RCSPmaxNumOfEnumeratedSolutions = 5000000
RCSPmaxNumOfEnumSolutionsForMIP = 10000
RCSPmaxNumOfEnumSolsForEndOfNodeMIP = 10000
RCSPinitNGneighbourhoodSize = 8
RCSPmaxNGneighbourhoodSize = 8
RCSPrankOneCutsMaxNumRows = 5
RCSPrankOneCutsMaxNumPerRound = 100
RCSPrankOneCutsMemoryType = 0
RCSPrankOneCutsLSnumIterations = 1000
RCSPallowRoutesWithSameVerticesSet = true
RCSPredCostFixingFalseGap = 0
SafeDualBoundScaleFactor = -1
RCSPmaxNumOfLabelsInHeurEnumeration = 0
MaxNumEnumSolsInRestrictedMasterIpHeur = 5000

prName & bcTimeMain \\ 
New model incumbent solution 1e+07, TIME = 0h0m0s48t = 48
RCSP solver info : size of non-robust cut bitmask in a label is 640 bits
Bucket steps were recalculated for graph G_0 : [30]
RCSP solver info : symmetric case is detected for graph G_0! 
Bidirectional border value is initialised to 375
RCSP solver info : number of forw. reachable buckets / buck. strongly connected components is 800( 96.1538% ) / 725( 90.625% )
RCSP solver info: std. label size is 56, ext. label size is 136
Generating neighbourhoods for rank-1 cuts separation
Building structures for 4- and 5-row rank-1 packing cut separation...done!
Model is built TIME = 0h0m0s48t = 48
************************************************************************************************
**** BaB tree root node
**** Local DB = -1e+12, global bounds : [ -1e+12 , 1e+07 ], TIME = 0h0m0s48t = 48
**** 1 open nodes, 0 columns (0 active), 0 dyn. constrs. (0 active), 62 art. vars. (62 active)
************************************************************************************************
--------------------------------------------------------------------------
BaPCod info : first we run the root node with rank-1 cuts with node memory
--------------------------------------------------------------------------
#<DWph=2> <it=  1> <et=0.48> <Mt= 0.00> <Spt= 0.00> <nCl= 30> <al=0.00> <DB=-16559960730.0000> <Mlp=744000000.0000> <PB=10000000> 
#<DWph=2> <it=  2> <et=0.49> <Mt= 0.00> <Spt= 0.00> <nCl= 30> <al=0.55> <DB=-16607171332.7250> <Mlp=639000349.5000> <PB=10000000> 
#<DWph=2> <it=  3> <et=0.49> <Mt= 0.00> <Spt= 0.00> <nCl= 30> <al=0.60> <DB=-14810870408.6828> <Mlp=598691834.7091> <PB=10000000> 
#<DWph=2> <it=  4> <et=0.49> <Mt= 0.00> <Spt= 0.00> <nCl= 30> <al=0.50> <DB=-12410731088.8911> <Mlp=578363022.9764> <PB=10000000> 
#<DWph=2> <it=  5> <et=0.49> <Mt= 0.00> <Spt= 0.00> <nCl= 30> <al=0.55> <DB=-11619090565.1162> <Mlp=497938629.6146> <PB=10000000> 
#<DWph=2> <it=  6> <et=0.49> <Mt= 0.00> <Spt= 0.00> <nCl= 30> <al=0.59> <DB=-10356614757.7039> <Mlp=455730867.7355> <PB=10000000> 
#<DWph=2> <it=  7> <et=0.49> <Mt= 0.00> <Spt= 0.00> <nCl= 30> <al=0.49> <DB=-10893664945.5971> <Mlp=323792339.6260> <PB=10000000> 
#<DWph=2> <it=  8> <et=0.49> <Mt= 0.00> <Spt= 0.00> <nCl= 30> <al=0.54> <DB=-11131989730.0171> <Mlp=279846697.7167> <PB=10000000> 
#<DWph=2> <it=  9> <et=0.49> <Mt= 0.00> <Spt= 0.00> <nCl= 30> <al=0.59> <DB=-11002281804.2909> <Mlp=267057807.8890> <PB=10000000> 
#<DWph=2> <it= 10> <et=0.50> <Mt= 0.00> <Spt= 0.01> <nCl= 30> <al=0.49> <DB=-10279869825.7826> <Mlp=240160010.3825> <PB=10000000> 
#<DWph=2> <it= 11> <et=0.50> <Mt= 0.00> <Spt= 0.00> <nCl= 30> <al=0.54> <DB=-9638367545.7790> <Mlp=223152745.0383> <PB=10000000> 
#<DWph=2> <it= 12> <et=0.50> <Mt= 0.00> <Spt= 0.00> <nCl= 30> <al=0.59> <DB=-9669408333.6757> <Mlp=195777744.1556> <PB=10000000> 
#<DWph=2> <it= 13> <et=0.50> <Mt= 0.00> <Spt= 0.00> <nCl= 30> <al=0.63> <DB=-8602328278.1963> <Mlp=173106699.8900> <PB=10000000> 
#<DWph=2> <it= 14> <et=0.50> <Mt= 0.00> <Spt= 0.00> <nCl= 30> <al=0.66> <DB=-8897222020.0690> <Mlp=125180381.9142> <PB=10000000> 
#<DWph=2> <it= 15> <et=0.50> <Mt= 0.00> <Spt= 0.00> <nCl= 30> <al=0.70> <DB=-7513780124.7517> <Mlp=96793862.1546> <PB=10000000> 
#<DWph=2> <it= 16> <et=0.50> <Mt= 0.00> <Spt= 0.00> <nCl= 30> <al=0.60> <DB=-7081227025.2783> <Mlp=45221439.7194> <PB=10000000> 
#<DWph=2> <it= 17> <et=0.51> <Mt= 0.00> <Spt= 0.00> <nCl= 30> <al=0.64> <DB=-4718845244.7468> <Mlp=187212.7100> <PB=10000000> 
#<DWph=2> <it= 18> <et=0.51> <Mt= 0.00> <Spt= 0.00> <nCl= 30> <al=0.54> <DB=-2301444872.6724> <Mlp=66469.6330> <PB=10000000> 
#<DWph=2> <it= 19> <et=0.51> <Mt= 0.00> <Spt= 0.00> <nCl= 31> <al=0.00> <DB=-23091791.1416> <Mlp=12289.9540> <PB=10000000> 
<DWph=2> <it= 20> <et=0.51> <Mt= 0.00> <Spt= 0.01> <nCl= 30> <al=0.00> <DB=-47670.4836> <Mlp= 2739.2600> <PB=10000000> 
<DWph=2> <it= 21> <et=0.51> <Mt= 0.00> <Spt= 0.00> <nCl= 30> <al=0.24> <DB=-31282.9986> <Mlp= 2416.7901> <PB=10000000> 
<DWph=2> <it= 22> <et=0.51> <Mt= 0.00> <Spt= 0.00> <nCl= 30> <al=0.14> <DB=-25236.1186> <Mlp= 2015.0643> <PB=10000000> 
<DWph=2> <it= 23> <et=0.52> <Mt= 0.00> <Spt= 0.00> <nCl= 30> <al=0.22> <DB=-23234.3578> <Mlp= 1970.3420> <PB=10000000> 
<DWph=2> <it= 24> <et=0.52> <Mt= 0.00> <Spt= 0.00> <nCl= 30> <al=0.30> <DB=-18052.1221> <Mlp= 1926.4332> <PB=10000000> 
<DWph=2> <it= 25> <et=0.52> <Mt= 0.00> <Spt= 0.00> <nCl= 30> <al=0.37> <DB=-17539.1415> <Mlp= 1842.9613> <PB=10000000> 
<DWph=2> <it= 26> <et=0.52> <Mt= 0.00> <Spt= 0.00> <nCl= 30> <al=0.43> <DB=-14619.8209> <Mlp= 1828.5324> <PB=10000000> 
<DWph=2> <it= 27> <et=0.52> <Mt= 0.00> <Spt= 0.00> <nCl= 30> <al=0.49> <DB=-10746.1826> <Mlp= 1764.3907> <PB=10000000> 
<DWph=2> <it= 28> <et=0.52> <Mt= 0.00> <Spt= 0.00> <nCl= 30> <al=0.54> <DB=-9736.4296> <Mlp= 1664.3462> <PB=10000000> 
<DWph=2> <it= 29> <et=0.52> <Mt= 0.01> <Spt= 0.01> <nCl= 30> <al=0.59> <DB=-7825.6657> <Mlp= 1584.5488> <PB=10000000> 
<DWph=2> <it= 30> <et=0.53> <Mt= 0.00> <Spt= 0.00> <nCl= 30> <al=0.63> <DB=-5944.0569> <Mlp= 1551.5256> <PB=10000000> 
<DWph=2> <it= 31> <et=0.53> <Mt= 0.00> <Spt= 0.00> <nCl= 30> <al=0.53> <DB=-5076.3981> <Mlp= 1488.7561> <PB=10000000> 
<DWph=2> <it= 32> <et=0.53> <Mt= 0.00> <Spt= 0.00> <nCl= 30> <al=0.58> <DB=-5132.6535> <Mlp= 1420.0182> <PB=10000000> 
<DWph=2> <it= 33> <et=0.53> <Mt= 0.00> <Spt= 0.00> <nCl= 30> <al=0.62> <DB=-3699.6690> <Mlp= 1398.4653> <PB=10000000> 
<DWph=2> <it= 34> <et=0.53> <Mt= 0.00> <Spt= 0.00> <nCl= 30> <al=0.66> <DB=-3157.4249> <Mlp= 1369.4763> <PB=10000000> 
<DWph=2> <it= 35> <et=0.54> <Mt= 0.00> <Spt= 0.00> <nCl= 30> <al=0.56> <DB=-3441.6332> <Mlp= 1345.3985> <PB=10000000> 
<DWph=2> <it= 36> <et=0.54> <Mt= 0.00> <Spt= 0.00> <nCl= 30> <al=0.60> <DB=-2497.4722> <Mlp= 1324.3508> <PB=10000000> 
<DWph=2> <it= 37> <et=0.54> <Mt= 0.00> <Spt= 0.01> <nCl= 30> <al=0.64> <DB=-1604.8385> <Mlp= 1318.2131> <PB=10000000> 
<DWph=2> <it= 38> <et=0.54> <Mt= 0.00> <Spt= 0.00> <nCl= 30> <al=0.54> <DB=-3009.7114> <Mlp= 1310.1047> <PB=10000000> 
<DWph=2> <it= 39> <et=0.54> <Mt= 0.00> <Spt= 0.00> <nCl= 30> <al=0.59> <DB= -585.6292> <Mlp= 1305.8146> <PB=10000000> 
<DWph=2> <it= 40> <et=0.55> <Mt= 0.00> <Spt= 0.00> <nCl= 30> <al=0.49> <DB= -895.6251> <Mlp= 1298.5775> <PB=10000000> 
<DWph=2> <it= 41> <et=0.55> <Mt= 0.00> <Spt= 0.00> <nCl= 30> <al=0.54> <DB= -528.5160> <Mlp= 1297.9255> <PB=10000000> 
<DWph=2> <it= 42> <et=0.55> <Mt= 0.00> <Spt= 0.00> <nCl= 30> <al=0.58> <DB= -149.9653> <Mlp= 1297.2495> <PB=10000000> 
<DWph=2> <it= 43> <et=0.55> <Mt= 0.00> <Spt= 0.00> <nCl= 30> <al=0.63> <DB= -939.8415> <Mlp= 1289.8750> <PB=10000000> 
<DWph=2> <it= 44> <et=0.55> <Mt= 0.01> <Spt= 0.00> <nCl= 30> <al=0.66> <DB=   29.5822> <Mlp= 1289.8750> <PB=10000000> 
<DWph=2> <it= 45> <et=0.56> <Mt= 0.00> <Spt= 0.01> <nCl= 30> <al=0.70> <DB=  290.4628> <Mlp= 1288.7908> <PB=10000000> 
<DWph=2> <it= 46> <et=0.56> <Mt= 0.00> <Spt= 0.00> <nCl= 30> <al=0.73> <DB=  462.7008> <Mlp= 1288.0943> <PB=10000000> 
<DWph=2> <it= 47> <et=0.56> <Mt= 0.00> <Spt= 0.00> <nCl= 30> <al=0.63> <DB= -294.3235> <Mlp= 1283.7277> <PB=10000000> 
<DWph=2> <it= 48> <et=0.56> <Mt= 0.00> <Spt= 0.00> <nCl= 29> <al=0.66> <DB=  592.5466> <Mlp= 1282.7903> <PB=10000000> 
<DWph=2> <it= 49> <et=0.57> <Mt= 0.00> <Spt= 0.00> <nCl= 30> <al=0.56> <DB=  229.8518> <Mlp= 1282.5432> <PB=10000000> 
<DWph=2> <it= 50> <et=0.57> <Mt= 0.00> <Spt= 0.00> <nCl= 30> <al=0.61> <DB=  473.8166> <Mlp= 1280.9211> <PB=10000000> 
<DWph=2> <it= 51> <et=0.57> <Mt= 0.00> <Spt= 0.00> <nCl= 28> <al=0.51> <DB=  691.3661> <Mlp= 1278.2587> <PB=10000000> 
<DWph=2> <it= 52> <et=0.57> <Mt= 0.00> <Spt= 0.00> <nCl= 28> <al=0.41> <DB=  594.4760> <Mlp= 1273.7161> <PB=10000000> 
<DWph=2> <it= 53> <et=0.57> <Mt= 0.00> <Spt= 0.01> <nCl= 30> <al=0.47> <DB=  809.1192> <Mlp= 1271.0333> <PB=10000000> 
<DWph=2> <it= 54> <et=0.58> <Mt= 0.00> <Spt= 0.00> <nCl= 30> <al=0.52> <DB=  469.0583> <Mlp= 1271.0333> <PB=10000000> 
<DWph=2> <it= 55> <et=0.58> <Mt= 0.00> <Spt= 0.00> <nCl= 28> <al=0.57> <DB=  517.7992> <Mlp= 1271.0333> <PB=10000000> 
<DWph=2> <it= 56> <et=0.58> <Mt= 0.00> <Spt= 0.00> <nCl= 30> <al=0.61> <DB= 1035.7897> <Mlp= 1271.0333> <PB=10000000> 
<DWph=2> <it= 57> <et=0.58> <Mt= 0.00> <Spt= 0.00> <nCl= 27> <al=0.65> <DB= 1042.3535> <Mlp= 1271.0333> <PB=10000000> 
<DWph=2> <it= 58> <et=0.58> <Mt= 0.00> <Spt= 0.00> <nCl= 28> <al=0.37> <DB= 1060.7168> <Mlp= 1271.0333> <PB=10000000> 
<DWph=2> <it= 59> <et=0.59> <Mt= 0.01> <Spt= 0.00> <nCl= 13> <al=0.59> <DB= 1179.2771> <Mlp= 1271.0333> <PB=10000000> 
<DWph=2> <it= 60> <et=0.59> <Mt= 0.00> <Spt= 0.01> <nCl= 30> <al=0.49> <DB= 1088.0418> <Mlp= 1271.0333> <PB=10000000> 
<DWph=2> <it= 61> <et=0.59> <Mt= 0.00> <Spt= 0.00> <nCl= 48> <al=0.07> <DB= 1184.3872> <Mlp= 1270.8969> <PB=10000000> 
<DWph=1> <it= 62> <et=0.59> <Mt= 0.00> <Spt= 0.00> <nCl= 30> <al=0.44> <DB=  405.9710> <Mlp= 1270.8969> <PB=10000000> 
<DWph=1> <it= 63> <et=0.60> <Mt= 0.00> <Spt= 0.00> <nCl= 21> <al=0.49> <DB=  901.6095> <Mlp= 1270.8969> <PB=10000000> 
<DWph=1> <it= 64> <et=0.60> <Mt= 0.00> <Spt= 0.01> <nCl= 13> <al=0.39> <DB=  995.9723> <Mlp= 1270.8969> <PB=10000000> 
<DWph=1> <it= 65> <et=0.60> <Mt= 0.00> <Spt= 0.00> <nCl= 19> <al=0.45> <DB=  958.6711> <Mlp= 1270.8867> <PB=10000000> 
<DWph=1> <it= 66> <et=0.61> <Mt= 0.00> <Spt= 0.00> <nCl= 17> <al=0.51> <DB= 1102.1146> <Mlp= 1270.8632> <PB=10000000> 
<DWph=1> <it= 67> <et=0.61> <Mt= 0.00> <Spt= 0.00> <nCl= 25> <al=0.41> <DB=  948.1275> <Mlp= 1270.8571> <PB=10000000> 
<DWph=1> <it= 68> <et=0.61> <Mt= 0.00> <Spt= 0.01> <nCl= 22> <al=0.31> <DB=  977.6108> <Mlp= 1270.8033> <PB=10000000> 
<DWph=1> <it= 69> <et=0.61> <Mt= 0.00> <Spt= 0.00> <nCl= 30> <al=0.21> <DB= 1060.4774> <Mlp= 1270.3016> <PB=10000000> 
<DWph=1> <it= 70> <et=0.62> <Mt= 0.00> <Spt= 0.00> <nCl= 27> <al=0.11> <DB=  865.2987> <Mlp= 1269.9375> <PB=10000000> 
<DWph=1> <it= 71> <et=0.62> <Mt= 0.00> <Spt= 0.00> <nCl= 29> <al=0.20> <DB=  468.7489> <Mlp= 1269.9375> <PB=10000000> 
<DWph=1> <it= 72> <et=0.62> <Mt= 0.00> <Spt= 0.00> <nCl= 30> <al=0.28> <DB=  336.5193> <Mlp= 1266.0174> <PB=10000000> 
<DWph=1> <it= 73> <et=0.63> <Mt= 0.00> <Spt= 0.01> <nCl= 30> <al=0.35> <DB=  685.5249> <Mlp= 1265.9688> <PB=10000000> 
<DWph=1> <it= 74> <et=0.63> <Mt= 0.00> <Spt= 0.00> <nCl= 28> <al=0.25> <DB=  256.9662> <Mlp= 1263.0000> <PB=10000000> 
<DWph=1> <it= 75> <et=0.63> <Mt= 0.00> <Spt= 0.00> <nCl= 24> <al=0.33> <DB=  875.2355> <Mlp= 1263.0000> <PB=10000000> 
<DWph=1> <it= 76> <et=0.64> <Mt= 0.00> <Spt= 0.00> <nCl= 27> <al=0.39> <DB=  863.6512> <Mlp= 1263.0000> <PB=10000000> 
<DWph=1> <it= 77> <et=0.64> <Mt= 0.00> <Spt= 0.01> <nCl= 28> <al=0.29> <DB=  948.3088> <Mlp= 1260.4026> <PB=10000000> 
<DWph=1> <it= 78> <et=0.64> <Mt= 0.01> <Spt= 0.00> <nCl= 21> <al=0.36> <DB= 1006.3244> <Mlp= 1260.4026> <PB=10000000> 
<DWph=1> <it= 79> <et=0.64> <Mt= 0.00> <Spt= 0.00> <nCl= 14> <al=0.26> <DB= 1022.2434> <Mlp= 1260.4026> <PB=10000000> 
<DWph=1> <it= 80> <et=0.65> <Mt= 0.00> <Spt= 0.00> <nCl= 24> <al=0.16> <DB=  950.3164> <Mlp= 1259.8033> <PB=10000000> 
<DWph=1> <it= 81> <et=0.65> <Mt= 0.00> <Spt= 0.01> <nCl= 27> <al=0.06> <DB=  719.9072> <Mlp= 1259.2593> <PB=10000000> 
<DWph=1> <it= 82> <et=0.65> <Mt= 0.00> <Spt= 0.00> <nCl= 27> <al=0.16> <DB= 1032.8811> <Mlp= 1259.2593> <PB=10000000> 
<DWph=1> <it= 83> <et=0.66> <Mt= 0.00> <Spt= 0.00> <nCl= 28> <al=0.24> <DB=  855.0100> <Mlp= 1257.8750> <PB=10000000> 
<DWph=1> <it= 84> <et=0.66> <Mt= 0.00> <Spt= 0.00> <nCl= 26> <al=0.14> <DB=  964.4165> <Mlp= 1257.8750> <PB=10000000> 
<DWph=1> <it= 85> <et=0.66> <Mt= 0.00> <Spt= 0.01> <nCl= 21> <al=0.23> <DB=  977.3647> <Mlp= 1257.2857> <PB=10000000> 
<DWph=1> <it= 86> <et=0.66> <Mt= 0.00> <Spt= 0.00> <nCl= 25> <al=0.13> <DB= 1056.8100> <Mlp= 1257.2857> <PB=10000000> 
<DWph=1> <it= 87> <et=0.67> <Mt= 0.00> <Spt= 0.00> <nCl= 27> <al=0.21> <DB=  734.3670> <Mlp= 1257.2857> <PB=10000000> 
<DWph=1> <it= 88> <et=0.67> <Mt= 0.00> <Spt= 0.00> <nCl= 17> <al=0.29> <DB= 1124.1144> <Mlp= 1257.2857> <PB=10000000> 
<DWph=1> <it= 89> <et=0.67> <Mt= 0.00> <Spt= 0.00> <nCl= 24> <al=0.19> <DB= 1087.8227> <Mlp= 1257.2857> <PB=10000000> 
<DWph=1> <it= 90> <et=0.68> <Mt= 0.00> <Spt= 0.01> <nCl= 28> <al=0.09> <DB=  942.9897> <Mlp= 1256.5714> <PB=10000000> 
<DWph=1> <it= 91> <et=0.68> <Mt= 0.00> <Spt= 0.00> <nCl= 21> <al=0.18> <DB= 1163.4165> <Mlp= 1256.5714> <PB=10000000> 
<DWph=1> <it= 92> <et=0.68> <Mt= 0.00> <Spt= 0.00> <nCl= 22> <al=0.08> <DB= 1143.0594> <Mlp= 1256.5625> <PB=10000000> 
<DWph=1> <it= 93> <et=0.69> <Mt= 0.00> <Spt= 0.01> <nCl= 29> <al=0.00> <DB=  498.6333> <Mlp= 1256.4333> <PB=10000000> 
<DWph=1> <it= 94> <et=0.69> <Mt= 0.00> <Spt= 0.00> <nCl= 14> <al=0.00> <DB= 1256.4333> <Mlp= 1256.4333> <PB=10000000> 
    RCSP exact solver info for graph G_0 : TT = 0.003621, pt = 6e-06, dt = 0.003098, ct = 0.000221, ndl = 1604', bdl = 32454', odl = 3419', odf = 19460', bsi = 1165', cnt = 3412', bdch = 297536', odch = 38867', lcp = 31962', #sols = 150
<DWph=0> <it= 95> <et=0.70> <Mt= 0.00> <Spt= 0.01> <nCl=150> <al=0.00> <DB=  532.4333> <Mlp= 1256.4333> <PB=10000000> 
    RCSP exact solver info for graph G_0 : TT = 0.004036, pt = 1.5e-05, dt = 0.00356, ct = 0.000185, ndl = 2032', bdl = 39577', odl = 3595', odf = 21616', bsi = 1210', cnt = 4531', bdch = 406666', odch = 50909', lcp = 41933', #sols = 150
<DWph=0> <it= 96> <et=0.71> <Mt= 0.00> <Spt= 0.00> <nCl=150> <al=0.00> <DB=   96.4407> <Mlp= 1252.1017> <PB=10000000> 
    RCSP exact solver info for graph G_0 : TT = 0.003578, pt = 1.4e-05, dt = 0.003122, ct = 0.000195, ndl = 1783', bdl = 35021', odl = 3535', odf = 20522', bsi = 1289', cnt = 5200', bdch = 339644', odch = 43636', lcp = 35092', #sols = 150
<DWph=0> <it= 97> <et=0.71> <Mt= 0.01> <Spt= 0.01> <nCl=150> <al=0.00> <DB=  801.0847> <Mlp= 1252.1017> <PB=10000000> 
    RCSP exact solver info for graph G_0 : TT = 0.004145, pt = 1.6e-05, dt = 0.003541, ct = 0.000224, ndl = 1915', bdl = 38624', odl = 3861', odf = 21913', bsi = 1344', cnt = 6762', bdch = 408322', odch = 48315', lcp = 41456', #sols = 150
<DWph=0> <it= 98> <et=0.72> <Mt= 0.00> <Spt= 0.01> <nCl=115> <al=0.09> <DB= 1044.4209> <Mlp= 1251.7826> <PB=10000000> 
    RCSP exact solver info for graph G_0 : TT = 0.004274, pt = 1.3e-05, dt = 0.003773, ct = 0.000218, ndl = 2012', bdl = 39794', odl = 3767', odf = 22613', bsi = 1359', cnt = 7168', bdch = 421793', odch = 53808', lcp = 41613', #sols = 150
<DWph=0> <it= 99> <et=0.73> <Mt= 0.00> <Spt= 0.00> <nCl= 39> <al=0.18> <DB= 1183.1489> <Mlp= 1251.7333> <PB=10000000> 
    RCSP exact solver info for graph G_0 : TT = 0.004138, pt = 1.4e-05, dt = 0.00366, ct = 0.000203, ndl = 1990', bdl = 39134', odl = 3770', odf = 22995', bsi = 1342', cnt = 7432', bdch = 412566', odch = 55280', lcp = 41154', #sols = 150
<DWph=0> <it=100> <et=0.73> <Mt= 0.00> <Spt= 0.01> <nCl= 29> <al=0.26> <DB= 1233.7082> <Mlp= 1251.6667> <PB=10000000> 
    RCSP exact solver info for graph G_0 : TT = 0.004372, pt = 1.6e-05, dt = 0.003546, ct = 0.000366, ndl = 2008', bdl = 39452', odl = 3765', odf = 23046', bsi = 1341', cnt = 7637', bdch = 416744', odch = 56030', lcp = 41219', #sols = 150
    RCSP exact solver info for graph G_0 : TT = 0.004607, pt = 1.6e-05, dt = 0.004064, ct = 0.000218, ndl = 1877', bdl = 37472', odl = 3694', odf = 22141', bsi = 1294', cnt = 5779', bdch = 385041', odch = 51109', lcp = 37928', #sols = 150
<DWph=0> <it=101> <et=0.75> <Mt= 0.00> <Spt= 0.01> <nCl= 33> <al=0.00> <DB= 1251.6667> <Mlp= 1251.6667> <PB=10000000> 
RCSP solver dynamic params and stats :  bidir.bord. = 375 aver.obdmd = 24.0312 aver.buck.num. = 26
@@ 1 0 1251.67 0.00377425 0.004282 91.9595 0.75
RCSP      solver labels distribution in 303 buckets (bucket size) : largest - 25, top 0.1% - 25, top 0.5% - 22, top 2% - 19, top 10% - 15, top 50% - 4
Reduced cost fixing for graph G_0...  TT = 0.007433, pt = 0.000421, dt = 0.006953, ct = 0, ndl = 4408', bdl = 58864', odl = 4627', odf = 44692', lpcb = 5200', cnt = 165689', bdch = 657553', odch = 149292', lcp = 67764'
21150 buck. arcs remain (99% from prev., 91.1% from max.) + 0 jump buck. arcs (0% from max.)
 TT = 0.015274, pt = 0.000421, dt = 0.006953, ct = 0.007786, ndl = 4408', bdl = 58864', odl = 4627', odf = 44692', lpcb = 5200', cnt = 192519', bdch = 657553', odch = 149292', lcp = 67764'
RCSP      solver labels distribution in 649 buckets (bucket size) : largest - 30, top 0.1% - 30, top 0.5% - 25, top 2% - 20, top 10% - 14, top 50% - 6
Run forward enumeration with border = 375... not succeeded (ratio 0.93982) lpt = 0.028286, ndl = 50017', dl = 32187', lpcb = 0', dch = 168249'
 TT = 0.036407, pt = 0.005773, dt = 0.028286, ct = 0, ndl = 50017', bdl = 32187', cnt = 270310', bdch = 168249', odch = 0', lcp = 0'
ColGenEvalAlg final dual bound: 1251.67 (rounded: 1252)
Shrinking heuristic shrunk 16 edges
In total 5 RCC cut(s) are found by the Fractional capacity min-cut heuristic 
In total 5 RCC cut(s) are found by the greedy construction heuristic 
----- Add fac. cuts : CAP(10), max.viol = 0.444444, aver.viol = 0.277778, sep/add took 0.000687395/0.0199475 sec. -----
3281 columns (3281 active), 10 dyn. constrs. (10 active), 72 art. vars. (72 active)
<DWph=2> <it=  1> <et=0.83> <Mt= 0.00> <Spt= 0.00> <nCl= 27> <al=0.50> <DB= 1264.1631> <Mlp= 1276.6596> <PB=10000000> 
<DWph=2> <it=  2> <et=0.83> <Mt= 0.00> <Spt= 0.00> <nCl= 30> <al=0.40> <DB=  929.4743> <Mlp= 1276.5882> <PB=10000000> 
<DWph=2> <it=  3> <et=0.83> <Mt= 0.00> <Spt= 0.01> <nCl= 26> <al=0.46> <DB= 1141.4930> <Mlp= 1273.6400> <PB=10000000> 
<DWph=2> <it=  4> <et=0.84> <Mt= 0.00> <Spt= 0.00> <nCl= 17> <al=0.51> <DB= 1222.8456> <Mlp= 1272.5050> <PB=10000000> 
<DWph=2> <it=  5> <et=0.84> <Mt= 0.00> <Spt= 0.00> <nCl= 12> <al=0.56> <DB= 1267.5972> <Mlp= 1272.0143> <PB=10000000> 
<DWph=2> <it=  6> <et=0.84> <Mt= 0.01> <Spt= 0.00> <nCl= 12> <al=0.46> <DB= 1167.7120> <Mlp= 1271.7407> <PB=10000000> 
<DWph=2> <it=  7> <et=0.84> <Mt= 0.00> <Spt= 0.00> <nCl= 10> <al=0.52> <DB= 1258.6538> <Mlp= 1271.2561> <PB=10000000> 
<DWph=2> <it=  8> <et=0.85> <Mt= 0.00> <Spt= 0.00> <nCl=  9> <al=0.56> <DB= 1172.8004> <Mlp= 1271.0847> <PB=10000000> 
<DWph=2> <it=  9> <et=0.85> <Mt= 0.00> <Spt= 0.00> <nCl= 17> <al=0.61> <DB= 1172.1209> <Mlp= 1270.0714> <PB=10000000> 
<DWph=2> <it= 10> <et=0.85> <Mt= 0.00> <Spt= 0.00> <nCl= 11> <al=0.51> <DB= 1266.9316> <Mlp= 1269.8750> <PB=10000000> 
<DWph=2> <it= 11> <et=0.85> <Mt= 0.00> <Spt= 0.01> <nCl= 26> <al=0.11> <DB= 1232.5661> <Mlp= 1269.8651> <PB=10000000> 
<DWph=2> <it= 12> <et=0.86> <Mt= 0.00> <Spt= 0.00> <nCl= 30> <al=0.00> <DB= 1222.4556> <Mlp= 1269.7889> <PB=10000000> 
<DWph=2> <it= 13> <et=0.86> <Mt= 0.00> <Spt= 0.00> <nCl=  9> <al=0.00> <DB= 1262.1222> <Mlp= 1269.7889> <PB=10000000> 
<DWph=2> <it= 14> <et=0.86> <Mt= 0.00> <Spt= 0.00> <nCl=  5> <al=0.26> <DB= 1210.0629> <Mlp= 1269.7798> <PB=10000000> 
<DWph=2> <it= 15> <et=0.86> <Mt= 0.00> <Spt= 0.00> <nCl=  0> <al=0.33> <DB= 1210.0629> <Mlp= 1269.2500> <PB=10000000> 
<DWph=1> <it= 16> <et=0.87> <Mt= 0.00> <Spt= 0.01> <nCl= 25> <al=0.33> <DB= 1175.0843> <Mlp= 1269.2500> <PB=10000000> 
<DWph=1> <it= 17> <et=0.87> <Mt= 0.00> <Spt= 0.00> <nCl= 27> <al=0.23> <DB= 1168.2664> <Mlp= 1268.9691> <PB=10000000> 
<DWph=1> <it= 18> <et=0.87> <Mt= 0.01> <Spt= 0.00> <nCl= 19> <al=0.31> <DB= 1239.9160> <Mlp= 1268.8400> <PB=10000000> 
Shrinking heuristic shrunk 28 edges
<DWph=1> <it= 19> <et=0.88> <Mt= 0.00> <Spt= 0.01> <nCl= 27> <al=0.21> <DB= 1129.8019> <Mlp= 1268.0000> <PB=1268> 
<DWph=1> <it= 20> <et=0.88> <Mt= 0.00> <Spt= 0.00> <nCl= 28> <al=0.29> <DB= 1209.5170> <Mlp= 1268.0000> <PB=1268> 
<DWph=1> <it= 21> <et=0.89> <Mt= 0.00> <Spt= 0.00> <nCl= 16> <al=0.36> <DB= 1242.1440> <Mlp= 1268.0000> <PB=1268> 
<DWph=1> <it= 22> <et=0.89> <Mt= 0.00> <Spt= 0.00> <nCl=  9> <al=0.42> <DB= 1251.9744> <Mlp= 1268.0000> <PB=1268> 
<DWph=1> <it= 23> <et=0.89> <Mt= 0.00> <Spt= 0.01> <nCl= 13> <al=0.48> <DB= 1252.3097> <Mlp= 1268.0000> <PB=1268> 
<DWph=1> <it= 24> <et=0.90> <Mt= 0.00> <Spt= 0.01> <nCl= 10> <al=0.00> <DB= 1268.0000> <Mlp= 1268.0000> <PB=1268> 
    RCSP exact solver info for graph G_0 : TT = 0.004955, pt = 6e-06, dt = 0.004425, ct = 0.000239, ndl = 2149', bdl = 42548', odl = 3802', odf = 24329', bsi = 1385', cnt = 5315', bdch = 469739', odch = 69393', lcp = 46771', #sols = 150
<DWph=0> <it= 25> <et=0.91> <Mt= 0.00> <Spt= 0.00> <nCl=150> <al=0.43> <DB=  804.3095> <Mlp= 1268.0000> <PB=1268> 
    RCSP exact solver info for graph G_0 : TT = 0.004722, pt = 2.3e-05, dt = 0.004105, ct = 0.000237, ndl = 1935', bdl = 38756', odl = 3635', odf = 21874', bsi = 1424', cnt = 5950', bdch = 407714', odch = 52155', lcp = 40652', #sols = 150
<DWph=0> <it= 26> <et=0.93> <Mt= 0.01> <Spt= 0.01> <nCl= 78> <al=0.49> <DB= 1063.0080> <Mlp= 1266.5000> <PB=1268> 
    RCSP exact solver info for graph G_0 : TT = 0.004531, pt = 1.8e-05, dt = 0.003933, ct = 0.000259, ndl = 1963', bdl = 38406', odl = 3498', odf = 21509', bsi = 1451', cnt = 9446', bdch = 390319', odch = 52255', lcp = 42580', #sols = 150
<DWph=0> <it= 27> <et=0.94> <Mt= 0.00> <Spt= 0.01> <nCl=121> <al=0.39> <DB= 1233.7660> <Mlp= 1266.5000> <PB=1268> 
    RCSP exact solver info for graph G_0 : TT = 0.004393, pt = 2.2e-05, dt = 0.003746, ct = 0.000271, ndl = 1988', bdl = 39645', odl = 3505', odf = 21407', bsi = 1405', cnt = 9084', bdch = 409434', odch = 51566', lcp = 43990', #sols = 150
<DWph=0> <it= 28> <et=0.95> <Mt= 0.00> <Spt= 0.01> <nCl= 73> <al=0.45> <DB= 1261.8106> <Mlp= 1266.5000> <PB=1268> 
    RCSP exact solver info for graph G_0 : TT = 0.004837, pt = 2.5e-05, dt = 0.004122, ct = 0.000288, ndl = 2033', bdl = 40979', odl = 3601', odf = 22178', bsi = 1295', cnt = 7929', bdch = 431246', odch = 55182', lcp = 43985', #sols = 150
<DWph=0> <it= 29> <et=0.96> <Mt= 0.00> <Spt= 0.01> <nCl= 46> <al=0.35> <DB= 1263.3020> <Mlp= 1266.5000> <PB=1268> 
    RCSP exact solver info for graph G_0 : TT = 0.004598, pt = 2e-05, dt = 0.003909, ct = 0.000246, ndl = 1998', bdl = 40325', odl = 3577', odf = 22095', bsi = 1208', cnt = 7651', bdch = 420265', odch = 54140', lcp = 42749', #sols = 150
<DWph=0> <it= 30> <et=0.97> <Mt= 0.00> <Spt= 0.01> <nCl= 12> <al=0.42> <DB= 1265.1716> <Mlp= 1266.5000> <PB=1268> 
    RCSP exact solver info for graph G_0 : TT = 0.005081, pt = 2.4e-05, dt = 0.004364, ct = 0.000279, ndl = 1981', bdl = 39789', odl = 3564', odf = 22038', bsi = 1197', cnt = 7440', bdch = 412463', odch = 53224', lcp = 42108', #sols = 150
<DWph=0> <it= 31> <et=0.98> <Mt= 0.01> <Spt= 0.00> <nCl= 12> <al=0.32> <DB= 1265.6380> <Mlp= 1266.5000> <PB=1268> 
    RCSP exact solver info for graph G_0 : TT = 0.005049, pt = 1.4e-05, dt = 0.004436, ct = 0.000217, ndl = 2023', bdl = 40556', odl = 3615', odf = 22225', bsi = 1219', cnt = 8066', bdch = 427074', odch = 55498', lcp = 44532', #sols = 150
<DWph=0> <it= 32> <et=0.99> <Mt= 0.00> <Spt= 0.01> <nCl=  6> <al=0.38> <DB= 1266.1691> <Mlp= 1266.5000> <PB=1268> 
    RCSP exact solver info for graph G_0 : TT = 0.00474, pt = 1.7e-05, dt = 0.004145, ct = 0.000234, ndl = 2006', bdl = 40223', odl = 3604', odf = 22100', bsi = 1219', cnt = 7991', bdch = 420960', odch = 54622', lcp = 44007', #sols = 150
    RCSP exact solver info for graph G_0 : TT = 0.004277, pt = 1.5e-05, dt = 0.003664, ct = 0.000247, ndl = 1864', bdl = 37566', odl = 3479', odf = 21094', bsi = 1281', cnt = 7527', bdch = 371482', odch = 49285', lcp = 39080', #sols = 150
<DWph=0> <it= 33> <et=1.00> <Mt= 0.00> <Spt= 0.01> <nCl= 13> <al=0.00> <DB= 1266.5000> <Mlp= 1266.5000> <PB=1268> 
RCSP solver dynamic params and stats :  bidir.bord. = 375 aver.obdmd = 24.0312 aver.buck.num. = 26
@@ 1 1 1266.5 0.0043366 0.004664 91.0853 1
RCSP      solver labels distribution in 300 buckets (bucket size) : largest - 23, top 0.1% - 23, top 0.5% - 22, top 2% - 19, top 10% - 15, top 50% - 4
Reduced cost fixing for graph G_0...  TT = 0.001331, pt = 0.000379, dt = 0.000829, ct = 0, ndl = 2483', bdl = 6736', odl = 732', odf = 7316', lpcb = 15746', cnt = 5873', bdch = 60492', odch = 19370', lcp = 7265'
1177 buck. arcs remain (5.57% from prev., 5.07% from max.) + 1107 jump buck. arcs (4.77% from max.)
 TT = 0.002871, pt = 0.000379, dt = 0.000829, ct = 0.001515, ndl = 2483', bdl = 6736', odl = 732', odf = 7316', lpcb = 15746', cnt = 43949', bdch = 60492', odch = 19370', lcp = 7265'
RCSP      solver labels distribution in 496 buckets (bucket size) : largest - 23, top 0.1% - 23, top 0.5% - 22, top 2% - 19, top 10% - 13, top 50% - 3
Run forward enumeration with border = 375... succeeded! lpt = 0.005758, ndl = 339', dl = 3', lpcb = 475', dch = 27'
Run enumeration concatenation with time limit 0.3 sec.... succeeded!
Sorting and storing enumerated solutions ... done!
 TT = 0.007803, pt = 0, dt = 0.005758, ct = 7.6e-05, ndl = 339', bdl = 3', lpcb = 475', cnt = 2852', bdch = 27', odch = 0', lcp = 0'
Enumeration succeeded!, number of elem. solutions is 42
Estimating inspection time...     TT = 2.5e-05, performed by inspection with 42 solutions, nbR1C = 0, nbDiscC = 0
Inspection time is low enough. Pricing will be done by inspection.
Added 75 columns in the formulation 
Removed 4132 columns (not in the enumerated set) from the formulation
Regenerated 75 columns with the 'enumerated' flag
Added 11 columns in the formulation 
ColGenEvalAlg final dual bound: 1266.5 (rounded: 1267)
Gap improvement since the last cut separation : 0.908163 (1251.67)
Current active cuts : CAP(7,696.539)
----- Terminating the node by MIP -----
Version identifier: 22.1.2.0 | 2024-11-26 | 0edbb82fd
CPXPARAM_Advance                                 0
CPXPARAM_Preprocessing_Linear                    0
CPXPARAM_Threads                                 1
CPXPARAM_MIP_Strategy_CallbackReducedLP          0
CPXPARAM_MIP_Limits_Nodes                        2000000
CPXPARAM_Simplex_Tolerances_Optimality           9.9999999999999995e-08
CPXPARAM_Simplex_Tolerances_Feasibility          9.9999999999999995e-08
CPXPARAM_TimeLimit                               360000
CPXPARAM_MIP_Tolerances_UpperCutoff              1267.0000010000001
CPXPARAM_MIP_Tolerances_MIPGap                   1.0000000000000001e-09
Legacy callback                                  L
Warning: Control callbacks may disable some MIP features.
Infeasibility row 'deg[1]_0_OmastC_':  0  = 1.
Presolve time = 0.00 sec. (1.44 ticks)

Root node processing (before b&c):
  Real time             =    0.00 sec. (1.45 ticks)
Sequential b&c:
  Real time             =    0.00 sec. (0.00 ticks)
                          ------------
Total (root+branch&cut) =    0.00 sec. (1.45 ticks)
Solution status = Infeasible
New model incumbent solution 1268, TIME = 0h0m1s6t = 106
************************************************************************************************
Search is finished, global bounds : [ 1268 , 1268 ], TIME = 0h0m1s6t = 106
************************************************************************************************
[32mBaPCod : solution defined.[00m
statistics_cols: instance & :Optimal & cutoff & :bcRecRootDb & :bcTimeRootEval & :bcCountNodeProc & :bcRecBestDb & :bcRecBestInc & :bcTimeMain \\
statistics: instance_19-triangle & 1 & 1.0e7 & 1268.00 & 1.06 & 1 & 1268.00 & 1268 & 1.06 \\
########################################################
Route #1: 7 12 29 25 28 30 2 10 4 19 15 8 5 21 17 
Route #2: 13 14 26 18 3 11 20 27 23 1 9 16 22 6 24 
Cost 1268
########################################################

end_time=2026-04-19 23:12:48
exit_code=0
