instance_file=/mnt/c/Users/porin/OneDrive/Documentos/Python-Mestrado/Modelagem Matemática/Programação Inteira - Uchoa/Problema VRPRDL/instancias_turco/VRPRDL-triangle/vrp_convertidos/instance_14-triangle.vrp
instance_name=instance_14-triangle
start_time=2026-04-19 23:11:40

  Activating project at `~/VRPSolver/VRPSolverDemos`
Application parameters:
  batch  =>  nothing
  instance  =>  "/mnt/c/Users/porin/OneDrive/Documentos/Python-Mestrado/Modelagem Matemática/Programação Inteira - Uchoa/Problema VRPRDL/instancias_turco/VRPRDL-triangle/vrp_convertidos/instance_14-triangle.vrp"
  noround  =>  false
  cfg  =>  "/home/poringman/VRPSolver/VRPSolverDemos/src/../config/CVRP.cfg"
  edge_cuts  =>  false
  out  =>  nothing
  ub  =>  1.0e7
  cluster_branching  =>  1.0
  sol  =>  nothing
  single_resource  =>  false
  strong_kpath_cuts  =>  false
  tikz  =>  nothing
  maxr  =>  999
  update  =>  false
  show_complete_form  =>  false
  nosolve  =>  false
  minr  =>  1
  low_edge_priority  =>  false
~~~~~~~~~~~~~~~~~~~~~~~~~~~~~~~~~~~~~~~~~~~~~~~~~~~~~~~~~~~~~~~~~~~~~~~~~~~~~~~~~~~~~
GIT VERSION RCSP: 
GIT BRANCH: 
~~~~~~~~~~~~~~~~~~~~~~~~~~~~~~~~~~~~~~~~~~~~~~~~~~~~~~~~~~~~~~~~~~~~~~~~~~~~~~~~~~~~~
VRPSolver v0.6.16, 10/11/2025, © Inria Bordeaux, France, vrpsolver.math.u-bordeaux.fr
      Corresponds to the solver by Pessoa, Sadykov, Uchoa and Vanderbeck (2020)
                 Paper: dx.doi.org/10.1007/s10107-020-01523-z
~~~~~~~~~~~~~~~~~~~~~~~~~~~~~~~~~~~~~~~~~~~~~~~~~~~~~~~~~~~~~~~~~~~~~~~~~~~~~~~~~~~~~
GIT VERSION BAPCOD: a7cb21f19424236c9d0da5dcf94961797a519470
GIT BRANCH: main
~~~~~~~~~~~~~~~~~~~~~~~~~~~~~~~~~~~~~~~~~~~~~~~~~~~~~~~~~~~~~~~~~~~~~~~~~~~~~~~~~~~~~
   BaPCod v0.84, 10/11/2025, © Inria Bordeaux, France, bapcod.math.u-bordeaux.fr 
           THIS CODE IS PROVIDED AS IS, USE IT AT YOUR OWN RISK
~~~~~~~~~~~~~~~~~~~~~~~~~~~~~~~~~~~~~~~~~~~~~~~~~~~~~~~~~~~~~~~~~~~~~~~~~~~~~~~~~~~~~
--- MAIN PARAMETERS ---
GlobalTimeLimitInTick = 2147483645
GlobalTimeLimit = 21474836
ClockType = 0
MaxNbOfBBtreeNodeTreated = 100000
optimalityGapTolerance = 1e-06
relOptimalityGapTolerance = 1e-09
ApplyPreprocessing = false
PreprocessVariablesLocalBounds = false
treeSearchStrategy = 1
OpenNodesLimit = 1000
DEFAULTPRINTLEVEL = 0
--- MIP SOLVER PARAMETERS ---
solverName = CPLEX_SOLVER
MipSolverMaxBBNodes = 2000000
MipSolverMaxTime = 360000
MipSolverMultiThread = 1
--- COLUMN GENERATION PARAMETERS ---
SolverSelectForMast = a
  colGenSubProbSolMode = customSolver
mastInitMode = localArtCol
ArtVarPenaltyUpdateFactor = 2
ArtVarMaxNbOfPenaltyUpdates = 5
MaxNbOfStagesInColGenProcedure = 3
GenerateProperColumns = false
InsertAllGeneratedColumnsInFormRatherThanInPool = true
InsertNewNonNegColumnsDirectlyInFormRatherThanInPool = true
ColumnCleanupThreshold = 10000
ColumnCleanupRatio = 0.66
ReducedCostFixingThreshold = 0.9
--- CUT GENERATION PARAMETERS ---
MasterCuttingPlanesDepthLimit = 1000
MaxNbOfCutGeneratedAtEachIter = 1000
CutTailingOffThreshold = 0.015
CutTailingOffCounterThreshold = 3
CutCleanupThreshold = 1
CutCleanupRatio = 0.66
ColGenSpRelaxationImprovementPriority = 0
--- STABILIZATION PARAMETERS ---
colGenDualPriceSmoothingAlphaFactor = 1
colGenDualPriceSmoothingBetaFactor = 0
colGenStabilizationFunctionType = none
colGenProximalStabilizationRule = undefined
StabilFuncKappa = 1
colGenStabilizationMaxTreeDepth = 10000
StabilizationMinPhaseOfStage = 0
--- PRIMAL HEURISTIC PARAMETERS ---
UseInitialPrimalHeur = false
MaxTimeForRestrictedMasterIpHeur = -1
CallFrequencyOfRestrictedMasterIpHeur = 5
MIPemphasisInRestrictedMasterIpHeur = 1
PolishingAfterTimeInRestrictedMasterIpHeur = -1
DivingHeurUseDepthLimit = -1
CallFrequencyOfDivingHeur = 1
LeastFractional
Closest2RoundUp
LeastGreedyCost
LeastCost
FixIntValBeforeRoundingHeur = true
MaxNbOfCgIteDuringRh = 5000
MaxLDSbreadth = 0
MaxLDSdepth = 0
DivingHeurStopsWithFirstFeasSol = false
DivingHeurPreprocessBeforeChoosingVar = false
StrongDivingCandidatesNumber = 1
EvalAlgParamsInDiving = max#cand. = 1 max#cg.iters = 10000 min.lvl.sp.restr. = 1 min#cut.rounds = 0 max#cut.rounds = 0 red.cost.fix&enum. = false tree.size.ratio = 1
LocalSearchHeurUseDepthLimit = -1
LeastFractional
Closest2RoundUp
LeastGreedyCost
LeastCost
MaxFactorOfColFixedByLocalSearchHeur = 0.8
MaxLocalSearchIterationCounter = 3
--- STRONG BRANCHING PARAMETERS ---
SimplifiedStrongBranchingParameterisation = true
StrongBranchingPhaseOneCandidatesNumber = 100
StrongBranchingPhaseOneTreeSizeEstimRatio = 0.2
StrongBranchingPhaseTwoCandidatesNumber = 3
StrongBranchingPhaseTwoTreeSizeEstimRatio = 0.02
SafeDualBoundScaleFactor = -1
StrongBranchingPhaseOne = max#cand. = 100 max#cg.iters = 0 min.lvl.sp.restr. = 0 min#cut.rounds = 0 max#cut.rounds = 0 red.cost.fix&enum. = false tree.size.ratio = 0.2
StrongBranchingPhaseTwo = max#cand. = 3 max#cg.iters = 10000 min.lvl.sp.restr. = 1 min#cut.rounds = 0 max#cut.rounds = 0 red.cost.fix&enum. = false tree.size.ratio = 0.02
StrongBranchingPhaseThree = max#cand. = 1 max#cg.iters = 10000 min.lvl.sp.restr. = 0 min#cut.rounds = 0 max#cut.rounds = 10000 red.cost.fix&enum. = true tree.size.ratio = 1
StrongBranchingPhaseFour =not active
--- DEBUG OUTPUT PARAMETERS ---
printMasterPrimalSols = 0
--- VRPSOLVER PARAMETERS ---
RCSPstopCutGenTimeThresholdInPricing = 10
RCSPhardTimeThresholdInPricing = 25
RCSPredCostFixingTimeThreshold = 100
RCSPnumberOfBucketsPerVertex = 25
RCSPdynamicBucketSteps = 1
RCSPuseBidirectionalSearch = 2
RCSPapplyReducedCostFixing = 1
RCSPmaxNumOfColsPerIteration = 30
RCSPmaxNumOfColsPerExactIteration = 150
RCSPmaxNumOfLabelsInEnumeration = 500000
RCSPmaxNumOfLabelsInHeurEnumeration = 0
RCSPmaxNumOfEnumeratedSolutions = 5000000
RCSPmaxNumOfEnumSolutionsForMIP = 10000
RCSPmaxNumOfEnumSolsForEndOfNodeMIP = 10000
RCSPinitNGneighbourhoodSize = 8
RCSPmaxNGneighbourhoodSize = 8
RCSPrankOneCutsMaxNumRows = 5
RCSPrankOneCutsMaxNumPerRound = 100
RCSPrankOneCutsMemoryType = 0
RCSPrankOneCutsLSnumIterations = 1000
RCSPallowRoutesWithSameVerticesSet = true
RCSPredCostFixingFalseGap = 0
SafeDualBoundScaleFactor = -1
RCSPmaxNumOfLabelsInHeurEnumeration = 0
MaxNumEnumSolsInRestrictedMasterIpHeur = 5000

prName & bcTimeMain \\ 
New model incumbent solution 1e+07, TIME = 0h0m0s45t = 45
RCSP solver info : size of non-robust cut bitmask in a label is 640 bits
Bucket steps were recalculated for graph G_0 : [30]
RCSP solver info : symmetric case is detected for graph G_0! 
Bidirectional border value is initialised to 375
RCSP solver info : number of forw. reachable buckets / buck. strongly connected components is 799( 96.0337% ) / 799( 100% )
RCSP solver info: std. label size is 56, ext. label size is 136
Generating neighbourhoods for rank-1 cuts separation
Building structures for 4- and 5-row rank-1 packing cut separation...done!
Model is built TIME = 0h0m0s45t = 45
************************************************************************************************
**** BaB tree root node
**** Local DB = -1e+12, global bounds : [ -1e+12 , 1e+07 ], TIME = 0h0m0s45t = 45
**** 1 open nodes, 0 columns (0 active), 0 dyn. constrs. (0 active), 62 art. vars. (62 active)
************************************************************************************************
--------------------------------------------------------------------------
BaPCod info : first we run the root node with rank-1 cuts with node memory
--------------------------------------------------------------------------
#<DWph=2> <it=  1> <et=0.45> <Mt= 0.00> <Spt= 0.00> <nCl= 30> <al=0.00> <DB=-14399948070.0000> <Mlp=756000000.0000> <PB=10000000> 
#<DWph=2> <it=  2> <et=0.46> <Mt= 0.00> <Spt= 0.00> <nCl= 30> <al=0.55> <DB=-12455612886.2727> <Mlp=662182138.1818> <PB=10000000> 
#<DWph=2> <it=  3> <et=0.46> <Mt= 0.00> <Spt= 0.00> <nCl= 30> <al=0.45> <DB=-11628710899.6732> <Mlp=592800867.9000> <PB=10000000> 
#<DWph=2> <it=  4> <et=0.46> <Mt= 0.00> <Spt= 0.00> <nCl= 30> <al=0.51> <DB=-9855183114.3020> <Mlp=513074140.9756> <PB=10000000> 
#<DWph=2> <it=  5> <et=0.46> <Mt= 0.00> <Spt= 0.00> <nCl= 30> <al=0.55> <DB=-9871736841.1232> <Mlp=346227710.5283> <PB=10000000> 
#<DWph=2> <it=  6> <et=0.46> <Mt= 0.00> <Spt= 0.00> <nCl= 30> <al=0.60> <DB=-8954010841.1783> <Mlp=288177846.6813> <PB=10000000> 
#<DWph=2> <it=  7> <et=0.46> <Mt= 0.00> <Spt= 0.00> <nCl= 30> <al=0.64> <DB=-8446660775.1148> <Mlp=226001906.9000> <PB=10000000> 
#<DWph=2> <it=  8> <et=0.46> <Mt= 0.00> <Spt= 0.00> <nCl= 30> <al=0.68> <DB=-8523112840.1541> <Mlp=144256908.6681> <PB=10000000> 
#<DWph=2> <it=  9> <et=0.47> <Mt= 0.00> <Spt= 0.00> <nCl= 30> <al=0.71> <DB=-8733525234.2398> <Mlp=111780822.3802> <PB=10000000> 
#<DWph=2> <it= 10> <et=0.47> <Mt= 0.00> <Spt= 0.00> <nCl= 30> <al=0.74> <DB=-8233596834.0499> <Mlp=87211876.9492> <PB=10000000> 
#<DWph=2> <it= 11> <et=0.47> <Mt= 0.00> <Spt= 0.01> <nCl= 30> <al=0.76> <DB=-6358357138.6540> <Mlp=50714434.3837> <PB=10000000> 
#<DWph=2> <it= 12> <et=0.47> <Mt= 0.00> <Spt= 0.00> <nCl= 30> <al=0.66> <DB=-5973314510.5749> <Mlp=32497060.0532> <PB=10000000> 
#<DWph=2> <it= 13> <et=0.47> <Mt= 0.00> <Spt= 0.00> <nCl=  7> <al=0.70> <DB=-4049560391.9783> <Mlp=9722513.1616> <PB=10000000> 
#<DWph=2> <it= 14> <et=0.47> <Mt= 0.00> <Spt= 0.00> <nCl= 30> <al=0.19> <DB=-511829611.4628> <Mlp=9680388.0253> <PB=10000000> 
#<DWph=2> <it= 15> <et=0.47> <Mt= 0.00> <Spt= 0.00> <nCl= 30> <al=0.50> <DB=-89839966.1956> <Mlp=9531180.3985> <PB=10000000> 
#<DWph=2> <it= 16> <et=0.47> <Mt= 0.00> <Spt= 0.00> <nCl= 30> <al=0.40> <DB=-21016533.1410> <Mlp=9428301.2424> <PB=10000000> 
<DWph=2> <it= 17> <et=0.48> <Mt= 0.00> <Spt= 0.00> <nCl= 30> <al=0.00> <DB=-30198.4244> <Mlp= 2653.3557> <PB=10000000> 
<DWph=2> <it= 18> <et=0.48> <Mt= 0.00> <Spt= 0.00> <nCl= 30> <al=0.20> <DB=-40495.3015> <Mlp= 2408.6707> <PB=10000000> 
<DWph=2> <it= 19> <et=0.48> <Mt= 0.00> <Spt= 0.00> <nCl= 30> <al=0.28> <DB=-33402.4253> <Mlp= 2359.3905> <PB=10000000> 
<DWph=2> <it= 20> <et=0.48> <Mt= 0.00> <Spt= 0.00> <nCl= 30> <al=0.35> <DB=-31031.7025> <Mlp= 2193.9235> <PB=10000000> 
<DWph=2> <it= 21> <et=0.48> <Mt= 0.00> <Spt= 0.01> <nCl= 30> <al=0.41> <DB=-20625.8016> <Mlp= 2150.6684> <PB=10000000> 
<DWph=2> <it= 22> <et=0.48> <Mt= 0.00> <Spt= 0.00> <nCl= 30> <al=0.47> <DB=-20764.7104> <Mlp= 1977.2656> <PB=10000000> 
<DWph=2> <it= 23> <et=0.49> <Mt= 0.00> <Spt= 0.00> <nCl= 30> <al=0.53> <DB=-19008.8430> <Mlp= 1823.8674> <PB=10000000> 
<DWph=2> <it= 24> <et=0.49> <Mt= 0.00> <Spt= 0.00> <nCl= 30> <al=0.57> <DB=-13232.1597> <Mlp= 1744.8995> <PB=10000000> 
<DWph=2> <it= 25> <et=0.49> <Mt= 0.00> <Spt= 0.00> <nCl= 30> <al=0.47> <DB=-11167.6876> <Mlp= 1618.9023> <PB=10000000> 
<DWph=2> <it= 26> <et=0.49> <Mt= 0.01> <Spt= 0.00> <nCl= 30> <al=0.53> <DB=-9763.9906> <Mlp= 1592.3362> <PB=10000000> 
<DWph=2> <it= 27> <et=0.49> <Mt= 0.00> <Spt= 0.00> <nCl= 30> <al=0.57> <DB=-6142.5995> <Mlp= 1553.6571> <PB=10000000> 
<DWph=2> <it= 28> <et=0.49> <Mt= 0.00> <Spt= 0.00> <nCl= 30> <al=0.47> <DB=-3618.8022> <Mlp= 1474.5907> <PB=10000000> 
<DWph=2> <it= 29> <et=0.50> <Mt= 0.00> <Spt= 0.00> <nCl= 30> <al=0.37> <DB=-3379.6294> <Mlp= 1436.7028> <PB=10000000> 
<DWph=2> <it= 30> <et=0.50> <Mt= 0.00> <Spt= 0.01> <nCl= 30> <al=0.44> <DB=-3264.8463> <Mlp= 1405.3290> <PB=10000000> 
<DWph=2> <it= 31> <et=0.50> <Mt= 0.00> <Spt= 0.00> <nCl= 30> <al=0.49> <DB=-2676.5386> <Mlp= 1387.6603> <PB=10000000> 
<DWph=2> <it= 32> <et=0.50> <Mt= 0.00> <Spt= 0.00> <nCl= 30> <al=0.54> <DB=-2391.2166> <Mlp= 1373.3580> <PB=10000000> 
<DWph=2> <it= 33> <et=0.50> <Mt= 0.00> <Spt= 0.00> <nCl= 30> <al=0.59> <DB=-1887.1814> <Mlp= 1358.8838> <PB=10000000> 
<DWph=2> <it= 34> <et=0.50> <Mt= 0.00> <Spt= 0.00> <nCl= 30> <al=0.63> <DB= -597.0164> <Mlp= 1348.7843> <PB=10000000> 
<DWph=2> <it= 35> <et=0.51> <Mt= 0.00> <Spt= 0.00> <nCl= 30> <al=0.53> <DB= -894.4692> <Mlp= 1343.1667> <PB=10000000> 
<DWph=2> <it= 36> <et=0.51> <Mt= 0.00> <Spt= 0.00> <nCl= 30> <al=0.58> <DB= -682.3048> <Mlp= 1310.9360> <PB=10000000> 
<DWph=2> <it= 37> <et=0.51> <Mt= 0.00> <Spt= 0.00> <nCl= 30> <al=0.62> <DB= -980.4639> <Mlp= 1301.0000> <PB=10000000> 
<DWph=2> <it= 38> <et=0.51> <Mt= 0.00> <Spt= 0.00> <nCl= 29> <al=0.66> <DB=  192.4647> <Mlp= 1296.6176> <PB=10000000> 
<DWph=2> <it= 39> <et=0.51> <Mt= 0.00> <Spt= 0.01> <nCl= 30> <al=0.56> <DB=   11.4788> <Mlp= 1293.9024> <PB=10000000> 
<DWph=2> <it= 40> <et=0.52> <Mt= 0.00> <Spt= 0.00> <nCl= 29> <al=0.46> <DB=  208.8703> <Mlp= 1283.3759> <PB=10000000> 
<DWph=2> <it= 41> <et=0.52> <Mt= 0.00> <Spt= 0.00> <nCl= 30> <al=0.51> <DB=  -27.9036> <Mlp= 1275.5050> <PB=10000000> 
<DWph=2> <it= 42> <et=0.52> <Mt= 0.00> <Spt= 0.00> <nCl= 30> <al=0.56> <DB= -206.1175> <Mlp= 1269.9091> <PB=10000000> 
<DWph=2> <it= 43> <et=0.52> <Mt= 0.00> <Spt= 0.00> <nCl= 30> <al=0.60> <DB=  184.0745> <Mlp= 1266.2857> <PB=10000000> 
<DWph=2> <it= 44> <et=0.52> <Mt= 0.00> <Spt= 0.00> <nCl= 23> <al=0.64> <DB=  456.0578> <Mlp= 1266.2143> <PB=10000000> 
<DWph=2> <it= 45> <et=0.52> <Mt= 0.01> <Spt= 0.00> <nCl= 28> <al=0.54> <DB=  644.1108> <Mlp= 1266.2143> <PB=10000000> 
<DWph=2> <it= 46> <et=0.53> <Mt= 0.00> <Spt= 0.00> <nCl= 27> <al=0.44> <DB=  255.1036> <Mlp= 1264.3836> <PB=10000000> 
<DWph=2> <it= 47> <et=0.53> <Mt= 0.00> <Spt= 0.01> <nCl= 30> <al=0.50> <DB=  589.8896> <Mlp= 1264.2941> <PB=10000000> 
<DWph=2> <it= 48> <et=0.53> <Mt= 0.00> <Spt= 0.00> <nCl= 29> <al=0.40> <DB=  734.2995> <Mlp= 1262.4667> <PB=10000000> 
<DWph=2> <it= 49> <et=0.53> <Mt= 0.00> <Spt= 0.00> <nCl= 29> <al=0.46> <DB=  634.1257> <Mlp= 1260.0000> <PB=10000000> 
<DWph=2> <it= 50> <et=0.53> <Mt= 0.00> <Spt= 0.00> <nCl= 30> <al=0.51> <DB=  726.5292> <Mlp= 1256.0000> <PB=10000000> 
<DWph=2> <it= 51> <et=0.53> <Mt= 0.00> <Spt= 0.00> <nCl= 28> <al=0.56> <DB=  767.3655> <Mlp= 1253.1538> <PB=10000000> 
<DWph=2> <it= 52> <et=0.54> <Mt= 0.00> <Spt= 0.00> <nCl= 27> <al=0.46> <DB=  675.9325> <Mlp= 1252.5385> <PB=10000000> 
<DWph=2> <it= 53> <et=0.54> <Mt= 0.00> <Spt= 0.00> <nCl= 24> <al=0.52> <DB=  964.3529> <Mlp= 1252.5385> <PB=10000000> 
<DWph=2> <it= 54> <et=0.54> <Mt= 0.00> <Spt= 0.00> <nCl= 25> <al=0.56> <DB=  965.8463> <Mlp= 1252.5385> <PB=10000000> 
<DWph=2> <it= 55> <et=0.54> <Mt= 0.00> <Spt= 0.01> <nCl= 27> <al=0.46> <DB= 1019.1090> <Mlp= 1252.5385> <PB=10000000> 
<DWph=2> <it= 56> <et=0.54> <Mt= 0.00> <Spt= 0.00> <nCl= 30> <al=0.36> <DB=  809.8233> <Mlp= 1252.1818> <PB=10000000> 
<DWph=2> <it= 57> <et=0.54> <Mt= 0.00> <Spt= 0.00> <nCl= 17> <al=0.43> <DB=  980.9723> <Mlp= 1252.1818> <PB=10000000> 
<DWph=2> <it= 58> <et=0.55> <Mt= 0.00> <Spt= 0.00> <nCl= 34> <al=0.00> <DB= 1031.2727> <Mlp= 1252.1818> <PB=10000000> 
<DWph=2> <it= 59> <et=0.55> <Mt= 0.00> <Spt= 0.00> <nCl=  9> <al=0.39> <DB= 1208.6208> <Mlp= 1252.1818> <PB=10000000> 
<DWph=2> <it= 60> <et=0.55> <Mt= 0.00> <Spt= 0.00> <nCl= 13> <al=0.29> <DB= 1206.1373> <Mlp= 1252.1818> <PB=10000000> 
<DWph=2> <it= 61> <et=0.55> <Mt= 0.00> <Spt= 0.00> <nCl= 11> <al=0.00> <DB= 1246.7273> <Mlp= 1252.1818> <PB=10000000> 
<DWph=2> <it= 62> <et=0.55> <Mt= 0.00> <Spt= 0.00> <nCl= 13> <al=0.26> <DB= 1151.9773> <Mlp= 1252.1818> <PB=10000000> 
<DWph=2> <it= 63> <et=0.56> <Mt= 0.00> <Spt= 0.01> <nCl=  8> <al=0.00> <DB= 1252.1818> <Mlp= 1252.1818> <PB=10000000> 
<DWph=1> <it= 64> <et=0.56> <Mt= 0.00> <Spt= 0.00> <nCl= 25> <al=0.23> <DB=  791.2727> <Mlp= 1252.1818> <PB=10000000> 
<DWph=1> <it= 65> <et=0.56> <Mt= 0.00> <Spt= 0.00> <nCl= 29> <al=0.23> <DB=  373.9256> <Mlp= 1238.0000> <PB=10000000> 
<DWph=1> <it= 66> <et=0.56> <Mt= 0.00> <Spt= 0.00> <nCl= 28> <al=0.31> <DB=  814.1512> <Mlp= 1238.0000> <PB=10000000> 
<DWph=1> <it= 67> <et=0.57> <Mt= 0.00> <Spt= 0.01> <nCl= 28> <al=0.38> <DB=  730.8710> <Mlp= 1238.0000> <PB=10000000> 
<DWph=1> <it= 68> <et=0.57> <Mt= 0.00> <Spt= 0.00> <nCl= 25> <al=0.44> <DB=  870.5589> <Mlp= 1238.0000> <PB=10000000> 
<DWph=1> <it= 69> <et=0.57> <Mt= 0.00> <Spt= 0.00> <nCl= 29> <al=0.50> <DB=  984.9091> <Mlp= 1238.0000> <PB=10000000> 
<DWph=1> <it= 70> <et=0.58> <Mt= 0.01> <Spt= 0.00> <nCl= 29> <al=0.40> <DB=  991.2707> <Mlp= 1238.0000> <PB=10000000> 
<DWph=1> <it= 71> <et=0.58> <Mt= 0.00> <Spt= 0.01> <nCl= 25> <al=0.46> <DB=  949.5102> <Mlp= 1238.0000> <PB=10000000> 
<DWph=1> <it= 72> <et=0.58> <Mt= 0.00> <Spt= 0.00> <nCl= 22> <al=0.36> <DB= 1010.2661> <Mlp= 1238.0000> <PB=10000000> 
<DWph=1> <it= 73> <et=0.59> <Mt= 0.00> <Spt= 0.00> <nCl= 29> <al=0.42> <DB=  925.9149> <Mlp= 1238.0000> <PB=10000000> 
<DWph=1> <it= 74> <et=0.59> <Mt= 0.00> <Spt= 0.00> <nCl= 16> <al=0.48> <DB=  982.3167> <Mlp= 1238.0000> <PB=10000000> 
<DWph=1> <it= 75> <et=0.59> <Mt= 0.00> <Spt= 0.01> <nCl= 22> <al=0.53> <DB=  920.5040> <Mlp= 1238.0000> <PB=10000000> 
<DWph=1> <it= 76> <et=0.59> <Mt= 0.00> <Spt= 0.00> <nCl=  9> <al=0.58> <DB= 1181.2222> <Mlp= 1238.0000> <PB=10000000> 
<DWph=1> <it= 77> <et=0.60> <Mt= 0.00> <Spt= 0.00> <nCl= 29> <al=0.48> <DB= 1076.5969> <Mlp= 1238.0000> <PB=10000000> 
<DWph=1> <it= 78> <et=0.60> <Mt= 0.00> <Spt= 0.00> <nCl= 17> <al=0.53> <DB= 1126.1416> <Mlp= 1238.0000> <PB=10000000> 
<DWph=1> <it= 79> <et=0.60> <Mt= 0.00> <Spt= 0.01> <nCl= 14> <al=0.43> <DB= 1104.2476> <Mlp= 1238.0000> <PB=10000000> 
<DWph=1> <it= 80> <et=0.61> <Mt= 0.00> <Spt= 0.00> <nCl= 37> <al=0.00> <DB= 1134.5385> <Mlp= 1238.0000> <PB=10000000> 
<DWph=1> <it= 81> <et=0.61> <Mt= 0.00> <Spt= 0.00> <nCl=  9> <al=0.39> <DB= 1160.1828> <Mlp= 1238.0000> <PB=10000000> 
<DWph=1> <it= 82> <et=0.62> <Mt= 0.00> <Spt= 0.01> <nCl= 21> <al=0.00> <DB= 1131.2590> <Mlp= 1238.0000> <PB=10000000> 
<DWph=1> <it= 83> <et=0.62> <Mt= 0.00> <Spt= 0.00> <nCl= 13> <al=0.19> <DB= 1204.6901> <Mlp= 1238.0000> <PB=10000000> 
<DWph=1> <it= 84> <et=0.63> <Mt= 0.00> <Spt= 0.01> <nCl=  8> <al=0.00> <DB= 1171.7182> <Mlp= 1238.0000> <PB=10000000> 
<DWph=1> <it= 85> <et=0.63> <Mt= 0.00> <Spt= 0.00> <nCl=  3> <al=0.00> <DB= 1238.0000> <Mlp= 1238.0000> <PB=10000000> 
    RCSP exact solver info for graph G_0 : TT = 0.004816, pt = 6e-06, dt = 0.004161, ct = 0.000373, ndl = 2540', bdl = 46154', odl = 3084', odf = 21517', bsi = 1523', cnt = 14163', bdch = 494019', odch = 58992', lcp = 42839', #sols = 150
<DWph=0> <it= 86> <et=0.64> <Mt= 0.00> <Spt= 0.01> <nCl=150> <al=0.07> <DB= 1024.6517> <Mlp= 1238.0000> <PB=10000000> 
    RCSP exact solver info for graph G_0 : TT = 0.004863, pt = 1.3e-05, dt = 0.004118, ct = 0.000473, ndl = 2532', bdl = 46327', odl = 3060', odf = 21559', bsi = 1668', cnt = 9902', bdch = 487826', odch = 65017', lcp = 46747', #sols = 150
<DWph=0> <it= 87> <et=0.65> <Mt= 0.00> <Spt= 0.00> <nCl=150> <al=0.00> <DB=  582.2056> <Mlp= 1238.0000> <PB=10000000> 
    RCSP exact solver info for graph G_0 : TT = 0.005134, pt = 1.5e-05, dt = 0.00447, ct = 0.000387, ndl = 2883', bdl = 51476', odl = 2995', odf = 23664', bsi = 1828', cnt = 18661', bdch = 573220', odch = 79041', lcp = 50860', #sols = 150
<DWph=0> <it= 88> <et=0.65> <Mt= 0.00> <Spt= 0.01> <nCl=150> <al=0.07> <DB=  948.0962> <Mlp= 1238.0000> <PB=10000000> 
    RCSP exact solver info for graph G_0 : TT = 0.005664, pt = 1.7e-05, dt = 0.004856, ct = 0.000484, ndl = 2966', bdl = 53271', odl = 3198', odf = 24501', bsi = 1839', cnt = 18549', bdch = 625045', odch = 79654', lcp = 54648', #sols = 150
<DWph=0> <it= 89> <et=0.66> <Mt= 0.01> <Spt= 0.01> <nCl= 69> <al=0.16> <DB= 1201.8817> <Mlp= 1238.0000> <PB=10000000> 
    RCSP exact solver info for graph G_0 : TT = 0.005845, pt = 1.3e-05, dt = 0.004835, ct = 0.000634, ndl = 3055', bdl = 54089', odl = 3155', odf = 24933', bsi = 1822', cnt = 20553', bdch = 640540', odch = 85343', lcp = 56316', #sols = 150
<DWph=0> <it= 90> <et=0.67> <Mt= 0.00> <Spt= 0.01> <nCl= 45> <al=0.25> <DB= 1195.4637> <Mlp= 1238.0000> <PB=10000000> 
    RCSP exact solver info for graph G_0 : TT = 0.005606, pt = 1.6e-05, dt = 0.004807, ct = 0.00047, ndl = 2857', bdl = 51158', odl = 3198', odf = 23778', bsi = 1818', cnt = 22141', bdch = 582054', odch = 77673', lcp = 51737', #sols = 150
<DWph=0> <it= 91> <et=0.68> <Mt= 0.00> <Spt= 0.00> <nCl= 16> <al=0.32> <DB= 1226.3363> <Mlp= 1238.0000> <PB=10000000> 
    RCSP exact solver info for graph G_0 : TT = 0.005719, pt = 1.4e-05, dt = 0.004816, ct = 0.000524, ndl = 2810', bdl = 50329', odl = 3177', odf = 23417', bsi = 1825', cnt = 22224', bdch = 564944', odch = 76657', lcp = 50893', #sols = 150
<DWph=0> <it= 92> <et=0.69> <Mt= 0.00> <Spt= 0.01> <nCl= 17> <al=0.22> <DB= 1231.3488> <Mlp= 1238.0000> <PB=10000000> 
    RCSP exact solver info for graph G_0 : TT = 0.005758, pt = 1.7e-05, dt = 0.004563, ct = 0.000763, ndl = 2815', bdl = 50456', odl = 3179', odf = 23412', bsi = 1790', cnt = 21916', bdch = 568117', odch = 76435', lcp = 51273', #sols = 150
    RCSP exact solver info for graph G_0 : TT = 0.005333, pt = 1.7e-05, dt = 0.004567, ct = 0.000396, ndl = 2776', bdl = 49732', odl = 3196', odf = 23200', bsi = 1772', cnt = 21024', bdch = 556382', odch = 74116', lcp = 50250', #sols = 150
<DWph=0> <it= 93> <et=0.70> <Mt= 0.00> <Spt= 0.02> <nCl=  8> <al=0.00> <DB= 1238.0000> <Mlp= 1238.0000> <PB=10000000> 
RCSP solver dynamic params and stats :  bidir.bord. = 375 aver.obdmd = 24 aver.buck.num. = 26
@@ 1 0 1238 0.00507744 0.005469 91.492 0.7
RCSP      solver labels distribution in 330 buckets (bucket size) : largest - 37, top 0.1% - 37, top 0.5% - 33, top 2% - 28, top 10% - 20, top 50% - 6
Reduced cost fixing for graph G_0...  TT = 0.016519, pt = 0.00101, dt = 0.015444, ct = 0, ndl = 9324', bdl = 152117', odl = 4285', odf = 74667', lpcb = 16319', cnt = 435568', bdch = 2504990', odch = 474410', lcp = 151358'
20985 buck. arcs remain (98.9% from prev., 90.5% from max.) + 0 jump buck. arcs (0% from max.)
 TT = 0.026338, pt = 0.00101, dt = 0.015444, ct = 0.009711, ndl = 9324', bdl = 152117', odl = 4285', odf = 74667', lpcb = 16319', cnt = 474066', bdch = 2504990', odch = 474410', lcp = 151358'
RCSP      solver labels distribution in 655 buckets (bucket size) : largest - 74, top 0.1% - 74, top 0.5% - 54, top 2% - 50, top 10% - 32, top 50% - 11
Run forward enumeration with border = 375... not succeeded (ratio 0.938081) lpt = 0.031944, ndl = 50017', dl = 34536', lpcb = 0', dch = 178699'
 TT = 0.039575, pt = 0.005681, dt = 0.031944, ct = 0, ndl = 50017', bdl = 34536', cnt = 419567', bdch = 178699', odch = 0', lcp = 0'
ColGenEvalAlg final dual bound: 1238 (rounded: 1238)
In total 1 RCC cut(s) are found by the connected components heuristic 
Shrinking heuristic shrunk 26 edges
----- Add fac. cuts : CAP(1), max.viol = 0.5, aver.viol = 0.5, sep/add took 0.000318301/0.00256315 sec. -----
2799 columns (2799 active), 1 dyn. constrs. (1 active), 63 art. vars. (63 active)
<DWph=2> <it=  1> <et=0.78> <Mt= 0.00> <Spt= 0.00> <nCl= 44> <al=0.00> <DB= 1239.6333> <Mlp= 1239.8333> <PB=10000000> 
<DWph=2> <it=  2> <et=0.78> <Mt= 0.00> <Spt= 0.00> <nCl=  0> <al=0.00> <DB= 1239.8333> <Mlp= 1239.8333> <PB=10000000> 
<DWph=1> <it=  3> <et=0.79> <Mt= 0.00> <Spt= 0.00> <nCl= 26> <al=0.30> <DB= 1233.1867> <Mlp= 1239.8333> <PB=10000000> 
<DWph=1> <it=  4> <et=0.79> <Mt= 0.00> <Spt= 0.01> <nCl= 27> <al=0.00> <DB= 1239.8333> <Mlp= 1239.8333> <PB=10000000> 
    RCSP exact solver info for graph G_0 : TT = 0.004922, pt = 5e-06, dt = 0.00432, ct = 0.000349, ndl = 2502', bdl = 45470', odl = 3018', odf = 21834', bsi = 1744', cnt = 13492', bdch = 474796', odch = 61977', lcp = 42484', #sols = 150
<DWph=0> <it=  5> <et=0.80> <Mt= 0.00> <Spt= 0.00> <nCl= 73> <al=0.27> <DB= 1154.0333> <Mlp= 1239.8333> <PB=10000000> 
    RCSP exact solver info for graph G_0 : TT = 0.004122, pt = 1.4e-05, dt = 0.003542, ct = 0.000305, ndl = 2240', bdl = 42049', odl = 2821', odf = 19410', bsi = 1543', cnt = 7471', bdch = 412380', odch = 51906', lcp = 35979', #sols = 150
<DWph=0> <it=  6> <et=0.81> <Mt= 0.00> <Spt= 0.01> <nCl=108> <al=0.17> <DB= 1183.2529> <Mlp= 1239.1111> <PB=10000000> 
    RCSP exact solver info for graph G_0 : TT = 0.004753, pt = 1.4e-05, dt = 0.00414, ct = 0.000314, ndl = 2387', bdl = 44135', odl = 2815', odf = 20012', bsi = 1539', cnt = 8823', bdch = 443125', odch = 56428', lcp = 38813', #sols = 150
<DWph=0> <it=  7> <et=0.81> <Mt= 0.00> <Spt= 0.01> <nCl= 48> <al=0.25> <DB= 1235.0434> <Mlp= 1239.1111> <PB=10000000> 
    RCSP exact solver info for graph G_0 : TT = 0.004331, pt = 1.7e-05, dt = 0.003785, ct = 0.000282, ndl = 2369', bdl = 43753', odl = 2789', odf = 19867', bsi = 1573', cnt = 8636', bdch = 433825', odch = 55521', lcp = 37971', #sols = 150
<DWph=0> <it=  8> <et=0.82> <Mt= 0.00> <Spt= 0.00> <nCl= 23> <al=0.33> <DB= 1237.7781> <Mlp= 1239.1111> <PB=10000000> 
    RCSP exact solver info for graph G_0 : TT = 0.004165, pt = 1.6e-05, dt = 0.003648, ct = 0.00027, ndl = 2341', bdl = 43425', odl = 2810', odf = 19751', bsi = 1586', cnt = 8459', bdch = 430378', odch = 54543', lcp = 37717', #sols = 150
    RCSP exact solver info for graph G_0 : TT = 0.004286, pt = 1.2e-05, dt = 0.003626, ct = 0.000305, ndl = 2243', bdl = 42014', odl = 2794', odf = 19184', bsi = 1580', cnt = 7901', bdch = 405492', odch = 51138', lcp = 35740', #sols = 150
<DWph=0> <it=  9> <et=0.83> <Mt= 0.00> <Spt= 0.02> <nCl= 21> <al=0.00> <DB= 1239.1111> <Mlp= 1239.1111> <PB=10000000> 
RCSP solver dynamic params and stats :  bidir.bord. = 375 aver.obdmd = 24 aver.buck.num. = 26
@@ 1 1 1239.11 0.00414767 0.004669 90.4916 0.83
    Full reduced cost fixing is not called (gap ratio is 1)
ColGenEvalAlg final dual bound: 1239.11 (rounded: 1240)
False gap improvement since the last cut separation : 0.00897505 (1238)
Cut generation tailing off counter increased to 1
Current active cuts : CAP(1,28.8889)
In total 1 RCC cut(s) are found by the connected components heuristic 
Shrinking heuristic shrunk 20 edges
In total 1 RCC cut(s) are found by the Fractional capacity min-cut heuristic 
----- Add fac. cuts : CAP(2), max.viol = 0.444444, aver.viol = 0.277778, sep/add took 0.000208989/0.0042199 sec. -----
3169 columns (3169 active), 3 dyn. constrs. (3 active), 65 art. vars. (65 active)
Shrinking heuristic shrunk 27 edges
<DWph=2> <it=  1> <et=0.84> <Mt= 0.00> <Spt= 0.00> <nCl= 42> <al=0.00> <DB= 1241.0000> <Mlp= 1241.0000> <PB=1241> 
<DWph=1> <it=  2> <et=0.85> <Mt= 0.01> <Spt= 0.00> <nCl= 20> <al=0.00> <DB= 1241.0000> <Mlp= 1241.0000> <PB=1241> 
    RCSP exact solver info for graph G_0 : TT = 0.003271, pt = 5e-06, dt = 0.0028, ct = 0.000252, ndl = 1883', bdl = 35023', odl = 2743', odf = 18054', bsi = 1494', cnt = 5849', bdch = 304776', odch = 41744', lcp = 28788', #sols = 150
    RCSP exact solver info for graph G_0 : TT = 0.003268, pt = 1.1e-05, dt = 0.002756, ct = 0.000253, ndl = 1883', bdl = 35023', odl = 2743', odf = 18054', bsi = 1494', cnt = 5849', bdch = 304776', odch = 41744', lcp = 28788', #sols = 150
<DWph=0> <it=  3> <et=0.86> <Mt= 0.00> <Spt= 0.01> <nCl= 22> <al=0.00> <DB= 1241.0000> <Mlp= 1241.0000> <PB=1241> 
RCSP solver dynamic params and stats :  bidir.bord. = 375 aver.obdmd = 24 aver.buck.num. = 26
@@ 1 2 1241 0.0030305 0.003052 90.4916 0.86
ColGenEvalAlg final dual bound: 1241 (rounded: 1241)
Gap improvement since the last cut separation : 1 (1239.11)
Current active cuts : CAP(3,50.1429)
New model incumbent solution 1241, TIME = 0h0m0s86t = 86
************************************************************************************************
Search is finished, global bounds : [ 1241 , 1241 ], TIME = 0h0m0s86t = 86
************************************************************************************************
[32mBaPCod : solution defined.[00m
statistics_cols: instance & :Optimal & cutoff & :bcRecRootDb & :bcTimeRootEval & :bcCountNodeProc & :bcRecBestDb & :bcRecBestInc & :bcTimeMain \\
statistics: instance_14-triangle & 1 & 1.0e7 & 1241.00 & 0.86 & 1 & 1241.00 & 1241 & 0.86 \\
########################################################
Route #1: 6 2 16 
Route #2: 7 26 9 20 5 24 21 15 12 19 3 30 14 
Route #3: 25 18 8 11 27 17 23 4 10 13 1 28 22 29 
Cost 1241
########################################################

end_time=2026-04-19 23:11:50
exit_code=0
