instance_file=/mnt/c/Users/porin/OneDrive/Documentos/Python-Mestrado/Modelagem Matemática/Programação Inteira - Uchoa/Problema VRPRDL/instancias_turco/VRPRDL-triangle/vrp_convertidos/instance_15-triangle.vrp
instance_name=instance_15-triangle
start_time=2026-04-19 23:11:50

  Activating project at `~/VRPSolver/VRPSolverDemos`
Application parameters:
  batch  =>  nothing
  instance  =>  "/mnt/c/Users/porin/OneDrive/Documentos/Python-Mestrado/Modelagem Matemática/Programação Inteira - Uchoa/Problema VRPRDL/instancias_turco/VRPRDL-triangle/vrp_convertidos/instance_15-triangle.vrp"
  noround  =>  false
  cfg  =>  "/home/poringman/VRPSolver/VRPSolverDemos/src/../config/CVRP.cfg"
  edge_cuts  =>  false
  out  =>  nothing
  ub  =>  1.0e7
  cluster_branching  =>  1.0
  sol  =>  nothing
  single_resource  =>  false
  strong_kpath_cuts  =>  false
  tikz  =>  nothing
  maxr  =>  999
  update  =>  false
  show_complete_form  =>  false
  nosolve  =>  false
  minr  =>  1
  low_edge_priority  =>  false
~~~~~~~~~~~~~~~~~~~~~~~~~~~~~~~~~~~~~~~~~~~~~~~~~~~~~~~~~~~~~~~~~~~~~~~~~~~~~~~~~~~~~
GIT VERSION RCSP: 
GIT BRANCH: 
~~~~~~~~~~~~~~~~~~~~~~~~~~~~~~~~~~~~~~~~~~~~~~~~~~~~~~~~~~~~~~~~~~~~~~~~~~~~~~~~~~~~~
VRPSolver v0.6.16, 10/11/2025, © Inria Bordeaux, France, vrpsolver.math.u-bordeaux.fr
      Corresponds to the solver by Pessoa, Sadykov, Uchoa and Vanderbeck (2020)
                 Paper: dx.doi.org/10.1007/s10107-020-01523-z
~~~~~~~~~~~~~~~~~~~~~~~~~~~~~~~~~~~~~~~~~~~~~~~~~~~~~~~~~~~~~~~~~~~~~~~~~~~~~~~~~~~~~
GIT VERSION BAPCOD: a7cb21f19424236c9d0da5dcf94961797a519470
GIT BRANCH: main
~~~~~~~~~~~~~~~~~~~~~~~~~~~~~~~~~~~~~~~~~~~~~~~~~~~~~~~~~~~~~~~~~~~~~~~~~~~~~~~~~~~~~
   BaPCod v0.84, 10/11/2025, © Inria Bordeaux, France, bapcod.math.u-bordeaux.fr 
           THIS CODE IS PROVIDED AS IS, USE IT AT YOUR OWN RISK
~~~~~~~~~~~~~~~~~~~~~~~~~~~~~~~~~~~~~~~~~~~~~~~~~~~~~~~~~~~~~~~~~~~~~~~~~~~~~~~~~~~~~
--- MAIN PARAMETERS ---
GlobalTimeLimitInTick = 2147483645
GlobalTimeLimit = 21474836
ClockType = 0
MaxNbOfBBtreeNodeTreated = 100000
optimalityGapTolerance = 1e-06
relOptimalityGapTolerance = 1e-09
ApplyPreprocessing = false
PreprocessVariablesLocalBounds = false
treeSearchStrategy = 1
OpenNodesLimit = 1000
DEFAULTPRINTLEVEL = 0
--- MIP SOLVER PARAMETERS ---
solverName = CPLEX_SOLVER
MipSolverMaxBBNodes = 2000000
MipSolverMaxTime = 360000
MipSolverMultiThread = 1
--- COLUMN GENERATION PARAMETERS ---
SolverSelectForMast = a
  colGenSubProbSolMode = customSolver
mastInitMode = localArtCol
ArtVarPenaltyUpdateFactor = 2
ArtVarMaxNbOfPenaltyUpdates = 5
MaxNbOfStagesInColGenProcedure = 3
GenerateProperColumns = false
InsertAllGeneratedColumnsInFormRatherThanInPool = true
InsertNewNonNegColumnsDirectlyInFormRatherThanInPool = true
ColumnCleanupThreshold = 10000
ColumnCleanupRatio = 0.66
ReducedCostFixingThreshold = 0.9
--- CUT GENERATION PARAMETERS ---
MasterCuttingPlanesDepthLimit = 1000
MaxNbOfCutGeneratedAtEachIter = 1000
CutTailingOffThreshold = 0.015
CutTailingOffCounterThreshold = 3
CutCleanupThreshold = 1
CutCleanupRatio = 0.66
ColGenSpRelaxationImprovementPriority = 0
--- STABILIZATION PARAMETERS ---
colGenDualPriceSmoothingAlphaFactor = 1
colGenDualPriceSmoothingBetaFactor = 0
colGenStabilizationFunctionType = none
colGenProximalStabilizationRule = undefined
StabilFuncKappa = 1
colGenStabilizationMaxTreeDepth = 10000
StabilizationMinPhaseOfStage = 0
--- PRIMAL HEURISTIC PARAMETERS ---
UseInitialPrimalHeur = false
MaxTimeForRestrictedMasterIpHeur = -1
CallFrequencyOfRestrictedMasterIpHeur = 5
MIPemphasisInRestrictedMasterIpHeur = 1
PolishingAfterTimeInRestrictedMasterIpHeur = -1
DivingHeurUseDepthLimit = -1
CallFrequencyOfDivingHeur = 1
LeastFractional
Closest2RoundUp
LeastGreedyCost
LeastCost
FixIntValBeforeRoundingHeur = true
MaxNbOfCgIteDuringRh = 5000
MaxLDSbreadth = 0
MaxLDSdepth = 0
DivingHeurStopsWithFirstFeasSol = false
DivingHeurPreprocessBeforeChoosingVar = false
StrongDivingCandidatesNumber = 1
EvalAlgParamsInDiving = max#cand. = 1 max#cg.iters = 10000 min.lvl.sp.restr. = 1 min#cut.rounds = 0 max#cut.rounds = 0 red.cost.fix&enum. = false tree.size.ratio = 1
LocalSearchHeurUseDepthLimit = -1
LeastFractional
Closest2RoundUp
LeastGreedyCost
LeastCost
MaxFactorOfColFixedByLocalSearchHeur = 0.8
MaxLocalSearchIterationCounter = 3
--- STRONG BRANCHING PARAMETERS ---
SimplifiedStrongBranchingParameterisation = true
StrongBranchingPhaseOneCandidatesNumber = 100
StrongBranchingPhaseOneTreeSizeEstimRatio = 0.2
StrongBranchingPhaseTwoCandidatesNumber = 3
StrongBranchingPhaseTwoTreeSizeEstimRatio = 0.02
SafeDualBoundScaleFactor = -1
StrongBranchingPhaseOne = max#cand. = 100 max#cg.iters = 0 min.lvl.sp.restr. = 0 min#cut.rounds = 0 max#cut.rounds = 0 red.cost.fix&enum. = false tree.size.ratio = 0.2
StrongBranchingPhaseTwo = max#cand. = 3 max#cg.iters = 10000 min.lvl.sp.restr. = 1 min#cut.rounds = 0 max#cut.rounds = 0 red.cost.fix&enum. = false tree.size.ratio = 0.02
StrongBranchingPhaseThree = max#cand. = 1 max#cg.iters = 10000 min.lvl.sp.restr. = 0 min#cut.rounds = 0 max#cut.rounds = 10000 red.cost.fix&enum. = true tree.size.ratio = 1
StrongBranchingPhaseFour =not active
--- DEBUG OUTPUT PARAMETERS ---
printMasterPrimalSols = 0
--- VRPSOLVER PARAMETERS ---
RCSPstopCutGenTimeThresholdInPricing = 10
RCSPhardTimeThresholdInPricing = 25
RCSPredCostFixingTimeThreshold = 100
RCSPnumberOfBucketsPerVertex = 25
RCSPdynamicBucketSteps = 1
RCSPuseBidirectionalSearch = 2
RCSPapplyReducedCostFixing = 1
RCSPmaxNumOfColsPerIteration = 30
RCSPmaxNumOfColsPerExactIteration = 150
RCSPmaxNumOfLabelsInEnumeration = 500000
RCSPmaxNumOfLabelsInHeurEnumeration = 0
RCSPmaxNumOfEnumeratedSolutions = 5000000
RCSPmaxNumOfEnumSolutionsForMIP = 10000
RCSPmaxNumOfEnumSolsForEndOfNodeMIP = 10000
RCSPinitNGneighbourhoodSize = 8
RCSPmaxNGneighbourhoodSize = 8
RCSPrankOneCutsMaxNumRows = 5
RCSPrankOneCutsMaxNumPerRound = 100
RCSPrankOneCutsMemoryType = 0
RCSPrankOneCutsLSnumIterations = 1000
RCSPallowRoutesWithSameVerticesSet = true
RCSPredCostFixingFalseGap = 0
SafeDualBoundScaleFactor = -1
RCSPmaxNumOfLabelsInHeurEnumeration = 0
MaxNumEnumSolsInRestrictedMasterIpHeur = 5000

prName & bcTimeMain \\ 
New model incumbent solution 1e+07, TIME = 0h0m0s49t = 49
RCSP solver info : size of non-robust cut bitmask in a label is 640 bits
Bucket steps were recalculated for graph G_0 : [30]
RCSP solver info : symmetric case is detected for graph G_0! 
Bidirectional border value is initialised to 375
RCSP solver info : number of forw. reachable buckets / buck. strongly connected components is 798( 95.9135% ) / 398( 49.8747% )
RCSP solver info: std. label size is 56, ext. label size is 136
Generating neighbourhoods for rank-1 cuts separation
Building structures for 4- and 5-row rank-1 packing cut separation...done!
Model is built TIME = 0h0m0s49t = 49
************************************************************************************************
**** BaB tree root node
**** Local DB = -1e+12, global bounds : [ -1e+12 , 1e+07 ], TIME = 0h0m0s49t = 49
**** 1 open nodes, 0 columns (0 active), 0 dyn. constrs. (0 active), 62 art. vars. (62 active)
************************************************************************************************
--------------------------------------------------------------------------
BaPCod info : first we run the root node with rank-1 cuts with node memory
--------------------------------------------------------------------------
#<DWph=2> <it=  1> <et=0.49> <Mt= 0.00> <Spt= 0.00> <nCl= 30> <al=0.00> <DB=-23039911080.0000> <Mlp=744000000.0000> <PB=10000000> 
#<DWph=2> <it=  2> <et=0.49> <Mt= 0.00> <Spt= 0.00> <nCl= 30> <al=0.55> <DB=-14129330369.4500> <Mlp=665333611.2222> <PB=10000000> 
#<DWph=2> <it=  3> <et=0.50> <Mt= 0.00> <Spt= 0.00> <nCl= 30> <al=0.45> <DB=-13336166185.1666> <Mlp=600783242.8478> <PB=10000000> 
#<DWph=2> <it=  4> <et=0.50> <Mt= 0.00> <Spt= 0.00> <nCl= 30> <al=0.51> <DB=-11479115097.6147> <Mlp=583112138.5185> <PB=10000000> 
#<DWph=2> <it=  5> <et=0.50> <Mt= 0.00> <Spt= 0.00> <nCl= 30> <al=0.41> <DB=-13071306137.6480> <Mlp=471978808.6685> <PB=10000000> 
#<DWph=2> <it=  6> <et=0.50> <Mt= 0.00> <Spt= 0.00> <nCl= 30> <al=0.46> <DB=-11013687050.1466> <Mlp=455450461.9442> <PB=10000000> 
#<DWph=2> <it=  7> <et=0.50> <Mt= 0.00> <Spt= 0.00> <nCl= 30> <al=0.52> <DB=-11209352813.1770> <Mlp=420397174.4487> <PB=10000000> 
#<DWph=2> <it=  8> <et=0.50> <Mt= 0.00> <Spt= 0.00> <nCl= 30> <al=0.57> <DB=-10114181284.9943> <Mlp=326544411.7106> <PB=10000000> 
#<DWph=2> <it=  9> <et=0.50> <Mt= 0.00> <Spt= 0.00> <nCl= 30> <al=0.61> <DB=-10378757594.3695> <Mlp=317523552.7489> <PB=10000000> 
#<DWph=2> <it= 10> <et=0.50> <Mt= 0.00> <Spt= 0.01> <nCl= 30> <al=0.51> <DB=-8870020442.7035> <Mlp=280034468.1166> <PB=10000000> 
#<DWph=2> <it= 11> <et=0.51> <Mt= 0.00> <Spt= 0.00> <nCl= 30> <al=0.56> <DB=-8594532752.0045> <Mlp=256391322.8649> <PB=10000000> 
#<DWph=2> <it= 12> <et=0.51> <Mt= 0.00> <Spt= 0.00> <nCl= 30> <al=0.60> <DB=-8338907383.3836> <Mlp=131102704.8844> <PB=10000000> 
#<DWph=2> <it= 13> <et=0.51> <Mt= 0.00> <Spt= 0.00> <nCl= 30> <al=0.50> <DB=-7937379973.7994> <Mlp=119352855.0116> <PB=10000000> 
#<DWph=2> <it= 14> <et=0.51> <Mt= 0.00> <Spt= 0.00> <nCl= 30> <al=0.55> <DB=-8077122147.3421> <Mlp=86033963.8007> <PB=10000000> 
#<DWph=2> <it= 15> <et=0.51> <Mt= 0.00> <Spt= 0.00> <nCl= 30> <al=0.60> <DB=-7975858243.7468> <Mlp=39242631.7219> <PB=10000000> 
#<DWph=2> <it= 16> <et=0.51> <Mt= 0.00> <Spt= 0.00> <nCl= 30> <al=0.64> <DB=-6696245769.7554> <Mlp=21820821.0439> <PB=10000000> 
#<DWph=2> <it= 17> <et=0.51> <Mt= 0.00> <Spt= 0.00> <nCl= 30> <al=0.54> <DB=-4539787387.0241> <Mlp=2810705.6104> <PB=10000000> 
<DWph=2> <it= 18> <et=0.52> <Mt= 0.00> <Spt= 0.00> <nCl= 30> <al=0.00> <DB=-4707.1792> <Mlp= 2806.7475> <PB=10000000> 
<DWph=2> <it= 19> <et=0.52> <Mt= 0.00> <Spt= 0.00> <nCl= 30> <al=0.34> <DB=-17678.2766> <Mlp= 2666.7061> <PB=10000000> 
<DWph=2> <it= 20> <et=0.52> <Mt= 0.00> <Spt= 0.00> <nCl= 30> <al=0.40> <DB=-7580.2355> <Mlp= 2521.0482> <PB=10000000> 
<DWph=2> <it= 21> <et=0.52> <Mt= 0.00> <Spt= 0.01> <nCl= 29> <al=0.46> <DB= -484.5118> <Mlp= 2468.0309> <PB=10000000> 
<DWph=2> <it= 22> <et=0.52> <Mt= 0.00> <Spt= 0.00> <nCl= 30> <al=0.36> <DB=-14313.8069> <Mlp= 2223.2261> <PB=10000000> 
<DWph=2> <it= 23> <et=0.52> <Mt= 0.00> <Spt= 0.00> <nCl= 30> <al=0.43> <DB=-11873.4688> <Mlp= 1901.4866> <PB=10000000> 
<DWph=2> <it= 24> <et=0.53> <Mt= 0.00> <Spt= 0.00> <nCl= 30> <al=0.48> <DB=-3859.8944> <Mlp= 1787.7809> <PB=10000000> 
<DWph=2> <it= 25> <et=0.53> <Mt= 0.00> <Spt= 0.00> <nCl= 30> <al=0.54> <DB=-2280.3951> <Mlp= 1726.2079> <PB=10000000> 
<DWph=2> <it= 26> <et=0.53> <Mt= 0.00> <Spt= 0.00> <nCl= 23> <al=0.58> <DB=  437.0919> <Mlp= 1706.0204> <PB=10000000> 
<DWph=2> <it= 27> <et=0.53> <Mt= 0.00> <Spt= 0.00> <nCl= 30> <al=0.48> <DB=-4327.1580> <Mlp= 1610.7025> <PB=10000000> 
<DWph=2> <it= 28> <et=0.53> <Mt= 0.00> <Spt= 0.00> <nCl= 30> <al=0.53> <DB=-3570.7792> <Mlp= 1574.4676> <PB=10000000> 
<DWph=2> <it= 29> <et=0.53> <Mt= 0.01> <Spt= 0.00> <nCl= 30> <al=0.58> <DB=-1054.0084> <Mlp= 1548.4608> <PB=10000000> 
<DWph=2> <it= 30> <et=0.53> <Mt= 0.00> <Spt= 0.01> <nCl= 30> <al=0.62> <DB=-1167.4660> <Mlp= 1508.3680> <PB=10000000> 
<DWph=2> <it= 31> <et=0.54> <Mt= 0.00> <Spt= 0.00> <nCl= 25> <al=0.66> <DB=  688.6186> <Mlp= 1464.5555> <PB=10000000> 
<DWph=2> <it= 32> <et=0.54> <Mt= 0.00> <Spt= 0.00> <nCl= 30> <al=0.69> <DB=   33.9838> <Mlp= 1452.1635> <PB=10000000> 
<DWph=2> <it= 33> <et=0.54> <Mt= 0.00> <Spt= 0.00> <nCl= 30> <al=0.72> <DB=  554.3592> <Mlp= 1347.6857> <PB=10000000> 
<DWph=2> <it= 34> <et=0.54> <Mt= 0.00> <Spt= 0.00> <nCl= 26> <al=0.75> <DB=  855.5892> <Mlp= 1293.3125> <PB=10000000> 
<DWph=2> <it= 35> <et=0.54> <Mt= 0.00> <Spt= 0.00> <nCl= 25> <al=0.78> <DB= 1002.4442> <Mlp= 1284.5560> <PB=10000000> 
<DWph=2> <it= 36> <et=0.54> <Mt= 0.00> <Spt= 0.00> <nCl= 30> <al=0.68> <DB= -902.8159> <Mlp= 1264.3871> <PB=10000000> 
<DWph=2> <it= 37> <et=0.55> <Mt= 0.00> <Spt= 0.00> <nCl= 24> <al=0.71> <DB= 1022.8271> <Mlp= 1224.9200> <PB=10000000> 
<DWph=2> <it= 38> <et=0.55> <Mt= 0.00> <Spt= 0.00> <nCl= 29> <al=0.74> <DB= 1031.5781> <Mlp= 1173.0000> <PB=10000000> 
<DWph=2> <it= 39> <et=0.55> <Mt= 0.00> <Spt= 0.01> <nCl= 30> <al=0.76> <DB=  374.3276> <Mlp= 1170.0000> <PB=10000000> 
<DWph=2> <it= 40> <et=0.55> <Mt= 0.00> <Spt= 0.00> <nCl= 30> <al=0.79> <DB=  772.0656> <Mlp= 1170.0000> <PB=10000000> 
<DWph=2> <it= 41> <et=0.55> <Mt= 0.00> <Spt= 0.00> <nCl= 21> <al=0.81> <DB=  940.7454> <Mlp= 1170.0000> <PB=10000000> 
<DWph=2> <it= 42> <et=0.56> <Mt= 0.00> <Spt= 0.00> <nCl= 28> <al=0.71> <DB=  765.6325> <Mlp= 1162.5000> <PB=10000000> 
<DWph=2> <it= 43> <et=0.56> <Mt= 0.00> <Spt= 0.00> <nCl= 24> <al=0.74> <DB=  923.6952> <Mlp= 1162.5000> <PB=10000000> 
<DWph=2> <it= 44> <et=0.56> <Mt= 0.00> <Spt= 0.00> <nCl= 19> <al=0.76> <DB=  902.0265> <Mlp= 1153.5000> <PB=10000000> 
<DWph=2> <it= 45> <et=0.56> <Mt= 0.01> <Spt= 0.00> <nCl= 20> <al=0.79> <DB= 1099.6578> <Mlp= 1150.0000> <PB=10000000> 
<DWph=2> <it= 46> <et=0.57> <Mt= 0.00> <Spt= 0.00> <nCl= 30> <al=0.69> <DB=  680.3809> <Mlp= 1150.0000> <PB=10000000> 
<DWph=2> <it= 47> <et=0.57> <Mt= 0.00> <Spt= 0.01> <nCl= 25> <al=0.72> <DB=  890.6123> <Mlp= 1150.0000> <PB=10000000> 
<DWph=2> <it= 48> <et=0.57> <Mt= 0.00> <Spt= 0.00> <nCl= 29> <al=0.75> <DB= 1002.6189> <Mlp= 1150.0000> <PB=10000000> 
<DWph=2> <it= 49> <et=0.57> <Mt= 0.00> <Spt= 0.00> <nCl= 27> <al=0.77> <DB=  616.8475> <Mlp= 1150.0000> <PB=10000000> 
<DWph=2> <it= 50> <et=0.58> <Mt= 0.00> <Spt= 0.00> <nCl= 14> <al=0.80> <DB=  849.7148> <Mlp= 1150.0000> <PB=10000000> 
<DWph=2> <it= 51> <et=0.58> <Mt= 0.00> <Spt= 0.00> <nCl= 18> <al=0.70> <DB=  887.4684> <Mlp= 1150.0000> <PB=10000000> 
<DWph=2> <it= 52> <et=0.58> <Mt= 0.00> <Spt= 0.00> <nCl= 21> <al=0.60> <DB= 1006.9605> <Mlp= 1145.7000> <PB=10000000> 
<DWph=2> <it= 53> <et=0.58> <Mt= 0.00> <Spt= 0.00> <nCl= 15> <al=0.50> <DB= 1046.4577> <Mlp= 1145.6842> <PB=10000000> 
<DWph=2> <it= 54> <et=0.58> <Mt= 0.00> <Spt= 0.00> <nCl=  9> <al=0.55> <DB=  965.7168> <Mlp= 1145.6000> <PB=10000000> 
<DWph=2> <it= 55> <et=0.58> <Mt= 0.01> <Spt= 0.01> <nCl= 33> <al=0.18> <DB=  155.1922> <Mlp= 1145.6000> <PB=10000000> 
<DWph=2> <it= 56> <et=0.59> <Mt= 0.00> <Spt= 0.00> <nCl= 29> <al=0.49> <DB=  721.6499> <Mlp= 1144.0000> <PB=10000000> 
<DWph=2> <it= 57> <et=0.59> <Mt= 0.00> <Spt= 0.00> <nCl= 15> <al=0.54> <DB=  882.3676> <Mlp= 1138.3333> <PB=10000000> 
<DWph=2> <it= 58> <et=0.59> <Mt= 0.00> <Spt= 0.00> <nCl= 29> <al=0.44> <DB=  676.8963> <Mlp= 1138.3333> <PB=10000000> 
<DWph=2> <it= 59> <et=0.59> <Mt= 0.00> <Spt= 0.00> <nCl= 30> <al=0.50> <DB=  963.8422> <Mlp= 1123.0000> <PB=10000000> 
<DWph=2> <it= 60> <et=0.59> <Mt= 0.00> <Spt= 0.00> <nCl= 13> <al=0.55> <DB= 1124.7259> <Mlp= 1123.0000> <PB=10000000> 
<DWph=1> <it= 61> <et=0.60> <Mt= 0.00> <Spt= 0.00> <nCl= 30> <al=0.59> <DB=  941.0102> <Mlp= 1123.0000> <PB=10000000> 
<DWph=1> <it= 62> <et=0.60> <Mt= 0.00> <Spt= 0.01> <nCl= 24> <al=0.63> <DB=  730.3610> <Mlp= 1123.0000> <PB=10000000> 
<DWph=1> <it= 63> <et=0.60> <Mt= 0.00> <Spt= 0.00> <nCl= 26> <al=0.67> <DB= 1033.1156> <Mlp= 1123.0000> <PB=10000000> 
<DWph=1> <it= 64> <et=0.61> <Mt= 0.00> <Spt= 0.00> <nCl= 21> <al=0.70> <DB=  889.7844> <Mlp= 1123.0000> <PB=10000000> 
<DWph=1> <it= 65> <et=0.61> <Mt= 0.00> <Spt= 0.01> <nCl= 38> <al=0.47> <DB= 1060.4551> <Mlp= 1123.0000> <PB=10000000> 
<DWph=1> <it= 66> <et=0.61> <Mt= 0.00> <Spt= 0.00> <nCl= 21> <al=0.63> <DB=  948.2755> <Mlp= 1123.0000> <PB=10000000> 
<DWph=1> <it= 67> <et=0.62> <Mt= 0.00> <Spt= 0.00> <nCl= 10> <al=0.67> <DB= 1050.4728> <Mlp= 1123.0000> <PB=10000000> 
<DWph=1> <it= 68> <et=0.62> <Mt= 0.00> <Spt= 0.00> <nCl= 14> <al=0.57> <DB= 1079.9297> <Mlp= 1123.0000> <PB=10000000> 
<DWph=1> <it= 69> <et=0.62> <Mt= 0.00> <Spt= 0.01> <nCl= 19> <al=0.61> <DB= 1090.7729> <Mlp= 1123.0000> <PB=10000000> 
<DWph=1> <it= 70> <et=0.63> <Mt= 0.00> <Spt= 0.00> <nCl=  8> <al=0.65> <DB= 1087.3463> <Mlp= 1123.0000> <PB=10000000> 
<DWph=1> <it= 71> <et=0.63> <Mt= 0.00> <Spt= 0.00> <nCl= 10> <al=0.69> <DB=  798.9703> <Mlp= 1123.0000> <PB=10000000> 
<DWph=1> <it= 72> <et=0.64> <Mt= 0.00> <Spt= 0.01> <nCl= 11> <al=0.44> <DB=  938.3815> <Mlp= 1123.0000> <PB=10000000> 
<DWph=1> <it= 73> <et=0.64> <Mt= 0.00> <Spt= 0.00> <nCl=  3> <al=0.62> <DB= 1017.4143> <Mlp= 1122.2000> <PB=10000000> 
<DWph=1> <it= 74> <et=0.64> <Mt= 0.00> <Spt= 0.00> <nCl=  1> <al=0.52> <DB= 1034.2794> <Mlp= 1122.0000> <PB=10000000> 
<DWph=1> <it= 75> <et=0.64> <Mt= 0.00> <Spt= 0.00> <nCl= 11> <al=0.42> <DB=  828.9744> <Mlp= 1122.0000> <PB=10000000> 
<DWph=1> <it= 76> <et=0.65> <Mt= 0.01> <Spt= 0.01> <nCl= 17> <al=0.48> <DB= 1015.5584> <Mlp= 1122.0000> <PB=10000000> 
<DWph=1> <it= 77> <et=0.65> <Mt= 0.00> <Spt= 0.00> <nCl= 28> <al=0.06> <DB= 1002.5734> <Mlp= 1122.0000> <PB=10000000> 
Shrinking heuristic shrunk 28 edges
<DWph=1> <it= 78> <et=0.66> <Mt= 0.00> <Spt= 0.00> <nCl= 19> <al=0.43> <DB= 1019.9255> <Mlp= 1118.0000> <PB=1118> 
<DWph=1> <it= 79> <et=0.66> <Mt= 0.00> <Spt= 0.01> <nCl= 19> <al=0.33> <DB= 1116.4897> <Mlp= 1118.0000> <PB=1118> 
<DWph=1> <it= 80> <et=0.66> <Mt= 0.00> <Spt= 0.00> <nCl= 16> <al=0.40> <DB= 1057.3998> <Mlp= 1118.0000> <PB=1118> 
<DWph=1> <it= 81> <et=0.67> <Mt= 0.00> <Spt= 0.00> <nCl=  9> <al=0.46> <DB= 1100.9925> <Mlp= 1118.0000> <PB=1118> 
<DWph=1> <it= 82> <et=0.67> <Mt= 0.00> <Spt= 0.01> <nCl= 23> <al=0.02> <DB= 1074.2842> <Mlp= 1118.0000> <PB=1118> 
<DWph=1> <it= 83> <et=0.68> <Mt= 0.00> <Spt= 0.00> <nCl=  5> <al=0.00> <DB= 1118.0000> <Mlp= 1118.0000> <PB=1118> 
    RCSP exact solver info for graph G_0 : TT = 0.005834, pt = 6e-06, dt = 0.005165, ct = 0.000384, ndl = 2467', bdl = 47774', odl = 3646', odf = 23567', bsi = 1467', cnt = 22121', bdch = 553896', odch = 81609', lcp = 47816', #sols = 150
<DWph=0> <it= 84> <et=0.69> <Mt= 0.00> <Spt= 0.01> <nCl=150> <al=0.31> <DB=  568.6667> <Mlp= 1118.0000> <PB=1118> 
    RCSP exact solver info for graph G_0 : TT = 0.005498, pt = 1.5e-05, dt = 0.004802, ct = 0.000384, ndl = 2717', bdl = 53489', odl = 3711', odf = 25158', bsi = 1341', cnt = 34965', bdch = 659965', odch = 99258', lcp = 57859', #sols = 150
<DWph=0> <it= 85> <et=0.69> <Mt= 0.00> <Spt= 0.01> <nCl= 83> <al=0.38> <DB=  794.4743> <Mlp= 1118.0000> <PB=1118> 
    RCSP exact solver info for graph G_0 : TT = 0.006773, pt = 1.6e-05, dt = 0.005918, ct = 0.000443, ndl = 2963', bdl = 57462', odl = 3764', odf = 27447', bsi = 1373', cnt = 46867', bdch = 748687', odch = 118101', lcp = 63948', #sols = 150
<DWph=0> <it= 86> <et=0.70> <Mt= 0.00> <Spt= 0.01> <nCl=105> <al=0.44> <DB=  815.7766> <Mlp= 1118.0000> <PB=1118> 
    RCSP exact solver info for graph G_0 : TT = 0.006288, pt = 1.4e-05, dt = 0.005567, ct = 0.000406, ndl = 3134', bdl = 60663', odl = 4016', odf = 29192', bsi = 1259', cnt = 52892', bdch = 871612', odch = 133590', lcp = 75111', #sols = 150
<DWph=0> <it= 87> <et=0.71> <Mt= 0.00> <Spt= 0.01> <nCl= 86> <al=0.50> <DB=  969.6042> <Mlp= 1118.0000> <PB=1118> 
    RCSP exact solver info for graph G_0 : TT = 0.006796, pt = 1.4e-05, dt = 0.005295, ct = 0.000942, ndl = 2916', bdl = 57089', odl = 4004', odf = 28352', bsi = 1198', cnt = 34946', bdch = 797068', odch = 117048', lcp = 65479', #sols = 150
<DWph=0> <it= 88> <et=0.72> <Mt= 0.00> <Spt= 0.00> <nCl= 58> <al=0.40> <DB= 1059.0444> <Mlp= 1118.0000> <PB=1118> 
    RCSP exact solver info for graph G_0 : TT = 0.007328, pt = 1.6e-05, dt = 0.006586, ct = 0.000406, ndl = 3139', bdl = 61252', odl = 4329', odf = 30860', bsi = 1177', cnt = 47226', bdch = 953546', odch = 137860', lcp = 80640', #sols = 150
<DWph=0> <it= 89> <et=0.73> <Mt= 0.00> <Spt= 0.01> <nCl= 37> <al=0.30> <DB= 1100.4733> <Mlp= 1118.0000> <PB=1118> 
    RCSP exact solver info for graph G_0 : TT = 0.006715, pt = 1.6e-05, dt = 0.005998, ct = 0.000377, ndl = 3164', bdl = 61998', odl = 4338', odf = 30937', bsi = 1161', cnt = 45982', bdch = 966067', odch = 139145', lcp = 81475', #sols = 150
    RCSP exact solver info for graph G_0 : TT = 0.007221, pt = 1.3e-05, dt = 0.00621, ct = 0.000466, ndl = 3098', bdl = 60919', odl = 4309', odf = 30392', bsi = 1181', cnt = 43205', bdch = 935738', odch = 133129', lcp = 78302', #sols = 150
<DWph=0> <it= 90> <et=0.75> <Mt= 0.00> <Spt= 0.02> <nCl= 34> <al=0.00> <DB= 1112.6154> <Mlp= 1118.0000> <PB=1118> 
    RCSP exact solver info for graph G_0 : TT = 0.007619, pt = 1.6e-05, dt = 0.006798, ct = 0.000497, ndl = 3124', bdl = 61192', odl = 4337', odf = 30656', bsi = 1163', cnt = 43714', bdch = 946315', odch = 135428', lcp = 79850', #sols = 150
    RCSP exact solver info for graph G_0 : TT = 0.006251, pt = 1.5e-05, dt = 0.005554, ct = 0.000388, ndl = 3080', bdl = 60599', odl = 4316', odf = 30364', bsi = 1171', cnt = 43573', bdch = 928477', odch = 132119', lcp = 77788', #sols = 150
<DWph=0> <it= 91> <et=0.77> <Mt= 0.00> <Spt= 0.02> <nCl=  2> <al=0.00> <DB= 1118.0000> <Mlp= 1118.0000> <PB=1118> 
RCSP solver dynamic params and stats :  bidir.bord. = 375 aver.obdmd = 23.9688 aver.buck.num. = 26
@@ 1 0 1118 0.0062586 0.007295 91.9991 0.77
ColGenEvalAlg final dual bound: 1118 (rounded: 1118)
New model incumbent solution 1118, TIME = 0h0m0s77t = 77
************************************************************************************************
Search is finished, global bounds : [ 1118 , 1118 ], TIME = 0h0m0s77t = 77
************************************************************************************************
[32mBaPCod : solution defined.[00m
statistics_cols: instance & :Optimal & cutoff & :bcRecRootDb & :bcTimeRootEval & :bcCountNodeProc & :bcRecBestDb & :bcRecBestInc & :bcTimeMain \\
statistics: instance_15-triangle & 1 & 1.0e7 & 1118.00 & 0.77 & 1 & 1118.00 & 1118 & 0.77 \\
########################################################
Route #1: 7 8 13 4 28 26 23 10 6 24 3 15 22 18 16 21 
Route #2: 11 1 29 14 25 17 9 12 20 30 2 27 5 19 
Cost 1118
########################################################

end_time=2026-04-19 23:12:02
exit_code=0
