instance_file=/mnt/c/Users/porin/OneDrive/Documentos/Python-Mestrado/Modelagem Matemática/Programação Inteira - Uchoa/Problema VRPRDL/instancias_turco/VRPRDL-triangle/vrptw_convertidos/instance_2-triangle.txt
instance_name=instance_2-triangle
start_time=2026-04-20 14:13:37

  Activating project at `~/VRPSolver/VRPSolverDemos/other/VRPTW`
Application parameters:
  batch  =>  nothing
  update  =>  false
  tikz  =>  nothing
  instance  =>  "/mnt/c/Users/porin/OneDrive/Documentos/Python-Mestrado/Modelagem Matemática/Programação Inteira - Uchoa/Problema VRPRDL/instancias_turco/VRPRDL-triangle/vrptw_convertidos/instance_2-triangle.txt"
  out  =>  nothing
  nosolve  =>  false
  ub  =>  1.0e7
  sol  =>  nothing
  cfg  =>  "/home/poringman/VRPSolver/VRPSolverDemos/other/VRPTW/config/VRPTW_set_2.cfg"
  enable_cap_res  =>  false
~~~~~~~~~~~~~~~~~~~~~~~~~~~~~~~~~~~~~~~~~~~~~~~~~~~~~~~~~~~~~~~~~~~~~~~~~~~~~~~~~~~~~
GIT VERSION RCSP: 
GIT BRANCH: 
~~~~~~~~~~~~~~~~~~~~~~~~~~~~~~~~~~~~~~~~~~~~~~~~~~~~~~~~~~~~~~~~~~~~~~~~~~~~~~~~~~~~~
VRPSolver v0.6.16, 10/11/2025, © Inria Bordeaux, France, vrpsolver.math.u-bordeaux.fr
      Corresponds to the solver by Pessoa, Sadykov, Uchoa and Vanderbeck (2020)
                 Paper: dx.doi.org/10.1007/s10107-020-01523-z
~~~~~~~~~~~~~~~~~~~~~~~~~~~~~~~~~~~~~~~~~~~~~~~~~~~~~~~~~~~~~~~~~~~~~~~~~~~~~~~~~~~~~
GIT VERSION BAPCOD: a7cb21f19424236c9d0da5dcf94961797a519470
GIT BRANCH: main
~~~~~~~~~~~~~~~~~~~~~~~~~~~~~~~~~~~~~~~~~~~~~~~~~~~~~~~~~~~~~~~~~~~~~~~~~~~~~~~~~~~~~
   BaPCod v0.84, 10/11/2025, © Inria Bordeaux, France, bapcod.math.u-bordeaux.fr 
           THIS CODE IS PROVIDED AS IS, USE IT AT YOUR OWN RISK
~~~~~~~~~~~~~~~~~~~~~~~~~~~~~~~~~~~~~~~~~~~~~~~~~~~~~~~~~~~~~~~~~~~~~~~~~~~~~~~~~~~~~
--- MAIN PARAMETERS ---
GlobalTimeLimitInTick = 2147483645
GlobalTimeLimit = 21474836
ClockType = 0
MaxNbOfBBtreeNodeTreated = 100000
optimalityGapTolerance = 1e-06
relOptimalityGapTolerance = 1e-09
ApplyPreprocessing = true
PreprocessVariablesLocalBounds = false
treeSearchStrategy = 1
OpenNodesLimit = 1000
DEFAULTPRINTLEVEL = 0
--- MIP SOLVER PARAMETERS ---
solverName = CPLEX_SOLVER
MipSolverMaxBBNodes = 2000000
MipSolverMaxTime = 360000
MipSolverMultiThread = 1
--- COLUMN GENERATION PARAMETERS ---
SolverSelectForMast = a
  colGenSubProbSolMode = customSolver
mastInitMode = localArtCol
ArtVarPenaltyUpdateFactor = 2
ArtVarMaxNbOfPenaltyUpdates = 5
MaxNbOfStagesInColGenProcedure = 3
GenerateProperColumns = false
InsertAllGeneratedColumnsInFormRatherThanInPool = true
InsertNewNonNegColumnsDirectlyInFormRatherThanInPool = true
ColumnCleanupThreshold = 10000
ColumnCleanupRatio = 0.66
ReducedCostFixingThreshold = 0.9
--- CUT GENERATION PARAMETERS ---
MasterCuttingPlanesDepthLimit = 1000
MaxNbOfCutGeneratedAtEachIter = 1000
CutTailingOffThreshold = 0.015
CutTailingOffCounterThreshold = 3
CutCleanupThreshold = 1
CutCleanupRatio = 0.66
ColGenSpRelaxationImprovementPriority = 2
--- STABILIZATION PARAMETERS ---
colGenDualPriceSmoothingAlphaFactor = 1
colGenDualPriceSmoothingBetaFactor = 0
colGenStabilizationFunctionType = none
colGenProximalStabilizationRule = undefined
StabilFuncKappa = 1
colGenStabilizationMaxTreeDepth = 10000
StabilizationMinPhaseOfStage = 0
--- PRIMAL HEURISTIC PARAMETERS ---
UseInitialPrimalHeur = false
MaxTimeForRestrictedMasterIpHeur = -1
CallFrequencyOfRestrictedMasterIpHeur = 5
MIPemphasisInRestrictedMasterIpHeur = 1
PolishingAfterTimeInRestrictedMasterIpHeur = -1
DivingHeurUseDepthLimit = -1
CallFrequencyOfDivingHeur = 1
LeastFractional
Closest2RoundUp
LeastGreedyCost
LeastCost
FixIntValBeforeRoundingHeur = true
MaxNbOfCgIteDuringRh = 5000
MaxLDSbreadth = 0
MaxLDSdepth = 0
DivingHeurStopsWithFirstFeasSol = false
DivingHeurPreprocessBeforeChoosingVar = false
StrongDivingCandidatesNumber = 1
EvalAlgParamsInDiving = max#cand. = 1 max#cg.iters = 10000 min.lvl.sp.restr. = 1 min#cut.rounds = 0 max#cut.rounds = 0 red.cost.fix&enum. = false tree.size.ratio = 1
LocalSearchHeurUseDepthLimit = -1
LeastFractional
Closest2RoundUp
LeastGreedyCost
LeastCost
MaxFactorOfColFixedByLocalSearchHeur = 0.8
MaxLocalSearchIterationCounter = 3
--- STRONG BRANCHING PARAMETERS ---
SimplifiedStrongBranchingParameterisation = true
StrongBranchingPhaseOneCandidatesNumber = 50
StrongBranchingPhaseOneTreeSizeEstimRatio = 100
StrongBranchingPhaseTwoCandidatesNumber = 3
StrongBranchingPhaseTwoTreeSizeEstimRatio = 100
SafeDualBoundScaleFactor = -1
StrongBranchingPhaseOne = max#cand. = 50 max#cg.iters = 0 min.lvl.sp.restr. = 0 min#cut.rounds = 0 max#cut.rounds = 0 red.cost.fix&enum. = false tree.size.ratio = 100
StrongBranchingPhaseTwo = max#cand. = 3 max#cg.iters = 10000 min.lvl.sp.restr. = 1 min#cut.rounds = 0 max#cut.rounds = 0 red.cost.fix&enum. = false tree.size.ratio = 100
StrongBranchingPhaseThree = max#cand. = 1 max#cg.iters = 10000 min.lvl.sp.restr. = 0 min#cut.rounds = 0 max#cut.rounds = 10000 red.cost.fix&enum. = true tree.size.ratio = 1
StrongBranchingPhaseFour =not active
--- DEBUG OUTPUT PARAMETERS ---
printMasterPrimalSols = 0
--- VRPSOLVER PARAMETERS ---
RCSPstopCutGenTimeThresholdInPricing = 30
RCSPhardTimeThresholdInPricing = 20
RCSPredCostFixingTimeThreshold = 100
RCSPnumberOfBucketsPerVertex = 25
RCSPdynamicBucketSteps = 1
RCSPuseBidirectionalSearch = 1
RCSPapplyReducedCostFixing = 1
RCSPmaxNumOfColsPerIteration = 30
RCSPmaxNumOfColsPerExactIteration = 150
RCSPmaxNumOfLabelsInEnumeration = 1000000
RCSPmaxNumOfLabelsInHeurEnumeration = 0
RCSPmaxNumOfEnumeratedSolutions = 5000000
RCSPmaxNumOfEnumSolutionsForMIP = 10000
RCSPmaxNumOfEnumSolsForEndOfNodeMIP = 10000
RCSPinitNGneighbourhoodSize = 8
RCSPmaxNGneighbourhoodSize = 16
RCSPrankOneCutsMaxNumRows = 5
RCSPrankOneCutsMaxNumPerRound = 100
RCSPrankOneCutsMemoryType = 1
RCSPrankOneCutsLSnumIterations = 1000
RCSPallowRoutesWithSameVerticesSet = true
RCSPredCostFixingFalseGap = 0
SafeDualBoundScaleFactor = -1
RCSPmaxNumOfLabelsInHeurEnumeration = 0
MaxNumEnumSolsInRestrictedMasterIpHeur = 5000

prName & bcTimeMain \\ 
New model incumbent solution 1e+07, TIME = 0h0m0s32t = 32
RCSP solver info : size of non-robust cut bitmask in a label is 640 bits
Bucket steps were recalculated for graph G_0 : [28.8]
RCSP solver info : non-symmetric case as associated vars of the reverse arc of 0->15 are not the same
Bidirectional border value is initialised to 378
RCSP solver info : number of forw. reachable buckets / buck. strongly connected components is 213( 84.1897% ) / 185( 86.8545% )
RCSP solver info : number of back. reachable buckets / buck. strongly connected components is 215( 84.9802% ) / 174( 80.9302% )
RCSP solver info: std. label size is 56, ext. label size is 136
Generating neighbourhoods for rank-1 cuts separation
Building structures for 4- and 5-row rank-1 packing cut separation...done!
Model is built TIME = 0h0m0s32t = 32
************************************************************************************************
**** BaB tree root node
**** Local DB = -1e+12, global bounds : [ -1e+12 , 1e+07 ], TIME = 0h0m0s32t = 32
**** 1 open nodes, 0 columns (0 active), 0 dyn. constrs. (0 active), 32 art. vars. (32 active)
************************************************************************************************
#<DWph=2> <it=  1> <et=0.33> <Mt= 0.00> <Spt= 0.00> <nCl= 30> <al=0.00> <DB=-2159989975.5000> <Mlp=192000000.0000> <PB=10000000> 
#<DWph=2> <it=  2> <et=0.33> <Mt= 0.00> <Spt= 0.00> <nCl= 19> <al=0.55> <DB=-1160994225.1200> <Mlp=60000580.9000> <PB=10000000> 
#<DWph=2> <it=  3> <et=0.33> <Mt= 0.00> <Spt= 0.00> <nCl= 30> <al=0.45> <DB=-1014891478.7802> <Mlp=57000767.4250> <PB=10000000> 
#<DWph=2> <it=  4> <et=0.33> <Mt= 0.00> <Spt= 0.00> <nCl= 30> <al=0.35> <DB=-734119702.8188> <Mlp=12001265.1000> <PB=10000000> 
#<DWph=2> <it=  5> <et=0.33> <Mt= 0.00> <Spt= 0.00> <nCl= 30> <al=0.42> <DB=-446879395.8195> <Mlp=9334407.4222> <PB=10000000> 
<DWph=2> <it=  6> <et=0.33> <Mt= 0.00> <Spt= 0.00> <nCl= 30> <al=0.00> <DB=-3939.5962> <Mlp= 1192.2500> <PB=10000000> 
<DWph=2> <it=  7> <et=0.33> <Mt= 0.00> <Spt= 0.00> <nCl= 30> <al=0.37> <DB=-1857.2993> <Mlp= 1125.1179> <PB=10000000> 
<DWph=2> <it=  8> <et=0.33> <Mt= 0.00> <Spt= 0.00> <nCl= 30> <al=0.27> <DB=-1431.9411> <Mlp= 1117.2500> <PB=10000000> 
<DWph=2> <it=  9> <et=0.33> <Mt= 0.00> <Spt= 0.00> <nCl= 30> <al=0.35> <DB= -411.1565> <Mlp= 1093.2622> <PB=10000000> 
<DWph=2> <it= 10> <et=0.33> <Mt= 0.00> <Spt= 0.00> <nCl= 30> <al=0.25> <DB= -321.6944> <Mlp= 1053.7750> <PB=10000000> 
<DWph=2> <it= 11> <et=0.33> <Mt= 0.00> <Spt= 0.00> <nCl= 20> <al=0.32> <DB=  404.9281> <Mlp= 1014.7500> <PB=10000000> 
<DWph=2> <it= 12> <et=0.33> <Mt= 0.00> <Spt= 0.00> <nCl= 29> <al=0.22> <DB=  337.3248> <Mlp= 1014.6000> <PB=10000000> 
<DWph=2> <it= 13> <et=0.33> <Mt= 0.00> <Spt= 0.00> <nCl= 29> <al=0.30> <DB=  565.7017> <Mlp=  996.1000> <PB=10000000> 
Shrinking heuristic shrunk 12 edges
avgVertexMem: 8 , colsForbidden = 0, phase-I = 0, phase-II = 0, colNonElem = 0, colElem = 3, TT =  0.000148
<DWph=2> <it= 14> <et=0.33> <Mt= 0.00> <Spt= 0.00> <nCl= 27> <al=0.37> <DB=  798.0370> <Mlp=  974.4000> <PB=974.4> 
<DWph=2> <it= 15> <et=0.33> <Mt= 0.00> <Spt= 0.00> <nCl= 20> <al=0.43> <DB=  860.6558> <Mlp=  974.4000> <PB=974.4> 
<DWph=2> <it= 16> <et=0.33> <Mt= 0.00> <Spt= 0.00> <nCl= 11> <al=0.49> <DB=  881.2403> <Mlp=  973.1417> <PB=974.4> 
Shrinking heuristic shrunk 12 edges
ng-neighbourhood is not increased: max avg neigh size is reached 
<DWph=2> <it= 17> <et=0.34> <Mt= 0.00> <Spt= 0.00> <nCl= 22> <al=0.00> <DB=  721.4000> <Mlp=  967.9000> <PB=967.9> 
<DWph=2> <it= 18> <et=0.34> <Mt= 0.00> <Spt= 0.00> <nCl=  3> <al=0.29> <DB=  892.3827> <Mlp=  967.9000> <PB=967.9> 
<DWph=2> <it= 19> <et=0.34> <Mt= 0.00> <Spt= 0.00> <nCl=  6> <al=0.00> <DB=  966.4000> <Mlp=  967.9000> <PB=967.9> 
<DWph=2> <it= 20> <et=0.34> <Mt= 0.00> <Spt= 0.00> <nCl=  3> <al=0.00> <DB=  967.9000> <Mlp=  967.9000> <PB=967.9> 
<DWph=1> <it= 21> <et=0.34> <Mt= 0.00> <Spt= 0.00> <nCl=  8> <al=0.00> <DB=  963.4000> <Mlp=  967.9000> <PB=967.9> 
<DWph=1> <it= 22> <et=0.34> <Mt= 0.00> <Spt= 0.00> <nCl=  0> <al=0.00> <DB=  967.9000> <Mlp=  967.9000> <PB=967.9> 
    RCSP exact solver info for graph G_0 : TT = 0.000246, pt = 4e-06, dt = 0.00011, ct = 3.7e-05, ndl = 117', bdl = 103', odl = 279', odf = 1832', bsi = 379', cnt = 296', bdch = 1055', odch = 1002', lcp = 297', #sols = 150
<DWph=0> <it= 23> <et=0.34> <Mt= 0.00> <Spt= 0.00> <nCl= 93> <al=0.00> <DB=  910.9000> <Mlp=  967.9000> <PB=967.9> 
    RCSP exact solver info for graph G_0 : TT = 0.000214, pt = 1e-05, dt = 7.3e-05, ct = 3.9e-05, ndl = 71', bdl = 71', odl = 183', odf = 1086', bsi = 329', cnt = 281', bdch = 345', odch = 351', lcp = 57', #sols = 150
<DWph=0> <it= 24> <et=0.34> <Mt= 0.00> <Spt= 0.01> <nCl= 55> <al=0.00> <DB=  963.4000> <Mlp=  967.9000> <PB=967.9> 
    RCSP exact solver info for graph G_0 : TT = 0.000261, pt = 9e-06, dt = 9.8e-05, ct = 4.4e-05, ndl = 86', bdl = 138', odl = 201', odf = 1253', bsi = 362', cnt = 333', bdch = 506', odch = 421', lcp = 105', #sols = 150
    RCSP exact solver info for graph G_0 : TT = 0.000229, pt = 8e-06, dt = 8.4e-05, ct = 4.2e-05, ndl = 85', bdl = 137', odl = 194', odf = 1211', bsi = 357', cnt = 330', bdch = 489', odch = 366', lcp = 100', #sols = 150
<DWph=0> <it= 25> <et=0.34> <Mt= 0.00> <Spt= 0.00> <nCl= 41> <al=0.00> <DB=  967.9000> <Mlp=  967.9000> <PB=967.9> 
RCSP solver dynamic params and stats :  bidir.bord. = 426.7 aver.obdmd = 11.7059 aver.buck.num. = 14.8824
@@ 1 0 967.9 0.00013175 0.000147 59.9645 0.34
ColGenEvalAlg final dual bound: 967.9 (rounded: 967.9)
New model incumbent solution 967.9, TIME = 0h0m0s34t = 34
************************************************************************************************
Search is finished, global bounds : [ 967.9 , 967.9 ], TIME = 0h0m0s34t = 34
************************************************************************************************
[32mBaPCod : solution defined.[00m
statistics_cols: instance & :Optimal & cutoff & :bcRecRootDb & :bcTimeRootEval & :bcCountNodeProc & :bcRecBestDb & :bcRecBestInc & :bcTimeMain \\
statistics: instance_2-triangle & 1 & 1.0e7 & 967.90 & 0.34 & 1 & 967.90 & 967.90 & 0.34 \\
########################################################
Route #1: 3 
Route #2: 4 15 6 11 12 10 9 
Route #3: 13 14 5 7 2 8 1 
Cost 967.9000000000001
########################################################

end_time=2026-04-20 14:13:46
exit_code=0
