instance_file=/mnt/c/Users/porin/OneDrive/Documentos/Python-Mestrado/Modelagem Matemática/Programação Inteira - Uchoa/Problema VRPRDL/instancias_turco/VRPRDL-triangle/vrptw_convertidos/instance_27-triangle.txt
instance_name=instance_27-triangle
start_time=2026-04-20 14:15:48

  Activating project at `~/VRPSolver/VRPSolverDemos/other/VRPTW`
Application parameters:
  batch  =>  nothing
  update  =>  false
  tikz  =>  nothing
  instance  =>  "/mnt/c/Users/porin/OneDrive/Documentos/Python-Mestrado/Modelagem Matemática/Programação Inteira - Uchoa/Problema VRPRDL/instancias_turco/VRPRDL-triangle/vrptw_convertidos/instance_27-triangle.txt"
  out  =>  nothing
  nosolve  =>  false
  ub  =>  1.0e7
  sol  =>  nothing
  cfg  =>  "/home/poringman/VRPSolver/VRPSolverDemos/other/VRPTW/config/VRPTW_set_2.cfg"
  enable_cap_res  =>  false
~~~~~~~~~~~~~~~~~~~~~~~~~~~~~~~~~~~~~~~~~~~~~~~~~~~~~~~~~~~~~~~~~~~~~~~~~~~~~~~~~~~~~
GIT VERSION RCSP: 
GIT BRANCH: 
~~~~~~~~~~~~~~~~~~~~~~~~~~~~~~~~~~~~~~~~~~~~~~~~~~~~~~~~~~~~~~~~~~~~~~~~~~~~~~~~~~~~~
VRPSolver v0.6.16, 10/11/2025, © Inria Bordeaux, France, vrpsolver.math.u-bordeaux.fr
      Corresponds to the solver by Pessoa, Sadykov, Uchoa and Vanderbeck (2020)
                 Paper: dx.doi.org/10.1007/s10107-020-01523-z
~~~~~~~~~~~~~~~~~~~~~~~~~~~~~~~~~~~~~~~~~~~~~~~~~~~~~~~~~~~~~~~~~~~~~~~~~~~~~~~~~~~~~
GIT VERSION BAPCOD: a7cb21f19424236c9d0da5dcf94961797a519470
GIT BRANCH: main
~~~~~~~~~~~~~~~~~~~~~~~~~~~~~~~~~~~~~~~~~~~~~~~~~~~~~~~~~~~~~~~~~~~~~~~~~~~~~~~~~~~~~
   BaPCod v0.84, 10/11/2025, © Inria Bordeaux, France, bapcod.math.u-bordeaux.fr 
           THIS CODE IS PROVIDED AS IS, USE IT AT YOUR OWN RISK
~~~~~~~~~~~~~~~~~~~~~~~~~~~~~~~~~~~~~~~~~~~~~~~~~~~~~~~~~~~~~~~~~~~~~~~~~~~~~~~~~~~~~
--- MAIN PARAMETERS ---
GlobalTimeLimitInTick = 2147483645
GlobalTimeLimit = 21474836
ClockType = 0
MaxNbOfBBtreeNodeTreated = 100000
optimalityGapTolerance = 1e-06
relOptimalityGapTolerance = 1e-09
ApplyPreprocessing = true
PreprocessVariablesLocalBounds = false
treeSearchStrategy = 1
OpenNodesLimit = 1000
DEFAULTPRINTLEVEL = 0
--- MIP SOLVER PARAMETERS ---
solverName = CPLEX_SOLVER
MipSolverMaxBBNodes = 2000000
MipSolverMaxTime = 360000
MipSolverMultiThread = 1
--- COLUMN GENERATION PARAMETERS ---
SolverSelectForMast = a
  colGenSubProbSolMode = customSolver
mastInitMode = localArtCol
ArtVarPenaltyUpdateFactor = 2
ArtVarMaxNbOfPenaltyUpdates = 5
MaxNbOfStagesInColGenProcedure = 3
GenerateProperColumns = false
InsertAllGeneratedColumnsInFormRatherThanInPool = true
InsertNewNonNegColumnsDirectlyInFormRatherThanInPool = true
ColumnCleanupThreshold = 10000
ColumnCleanupRatio = 0.66
ReducedCostFixingThreshold = 0.9
--- CUT GENERATION PARAMETERS ---
MasterCuttingPlanesDepthLimit = 1000
MaxNbOfCutGeneratedAtEachIter = 1000
CutTailingOffThreshold = 0.015
CutTailingOffCounterThreshold = 3
CutCleanupThreshold = 1
CutCleanupRatio = 0.66
ColGenSpRelaxationImprovementPriority = 2
--- STABILIZATION PARAMETERS ---
colGenDualPriceSmoothingAlphaFactor = 1
colGenDualPriceSmoothingBetaFactor = 0
colGenStabilizationFunctionType = none
colGenProximalStabilizationRule = undefined
StabilFuncKappa = 1
colGenStabilizationMaxTreeDepth = 10000
StabilizationMinPhaseOfStage = 0
--- PRIMAL HEURISTIC PARAMETERS ---
UseInitialPrimalHeur = false
MaxTimeForRestrictedMasterIpHeur = -1
CallFrequencyOfRestrictedMasterIpHeur = 5
MIPemphasisInRestrictedMasterIpHeur = 1
PolishingAfterTimeInRestrictedMasterIpHeur = -1
DivingHeurUseDepthLimit = -1
CallFrequencyOfDivingHeur = 1
LeastFractional
Closest2RoundUp
LeastGreedyCost
LeastCost
FixIntValBeforeRoundingHeur = true
MaxNbOfCgIteDuringRh = 5000
MaxLDSbreadth = 0
MaxLDSdepth = 0
DivingHeurStopsWithFirstFeasSol = false
DivingHeurPreprocessBeforeChoosingVar = false
StrongDivingCandidatesNumber = 1
EvalAlgParamsInDiving = max#cand. = 1 max#cg.iters = 10000 min.lvl.sp.restr. = 1 min#cut.rounds = 0 max#cut.rounds = 0 red.cost.fix&enum. = false tree.size.ratio = 1
LocalSearchHeurUseDepthLimit = -1
LeastFractional
Closest2RoundUp
LeastGreedyCost
LeastCost
MaxFactorOfColFixedByLocalSearchHeur = 0.8
MaxLocalSearchIterationCounter = 3
--- STRONG BRANCHING PARAMETERS ---
SimplifiedStrongBranchingParameterisation = true
StrongBranchingPhaseOneCandidatesNumber = 50
StrongBranchingPhaseOneTreeSizeEstimRatio = 100
StrongBranchingPhaseTwoCandidatesNumber = 3
StrongBranchingPhaseTwoTreeSizeEstimRatio = 100
SafeDualBoundScaleFactor = -1
StrongBranchingPhaseOne = max#cand. = 50 max#cg.iters = 0 min.lvl.sp.restr. = 0 min#cut.rounds = 0 max#cut.rounds = 0 red.cost.fix&enum. = false tree.size.ratio = 100
StrongBranchingPhaseTwo = max#cand. = 3 max#cg.iters = 10000 min.lvl.sp.restr. = 1 min#cut.rounds = 0 max#cut.rounds = 0 red.cost.fix&enum. = false tree.size.ratio = 100
StrongBranchingPhaseThree = max#cand. = 1 max#cg.iters = 10000 min.lvl.sp.restr. = 0 min#cut.rounds = 0 max#cut.rounds = 10000 red.cost.fix&enum. = true tree.size.ratio = 1
StrongBranchingPhaseFour =not active
--- DEBUG OUTPUT PARAMETERS ---
printMasterPrimalSols = 0
--- VRPSOLVER PARAMETERS ---
RCSPstopCutGenTimeThresholdInPricing = 30
RCSPhardTimeThresholdInPricing = 20
RCSPredCostFixingTimeThreshold = 100
RCSPnumberOfBucketsPerVertex = 25
RCSPdynamicBucketSteps = 1
RCSPuseBidirectionalSearch = 1
RCSPapplyReducedCostFixing = 1
RCSPmaxNumOfColsPerIteration = 30
RCSPmaxNumOfColsPerExactIteration = 150
RCSPmaxNumOfLabelsInEnumeration = 1000000
RCSPmaxNumOfLabelsInHeurEnumeration = 0
RCSPmaxNumOfEnumeratedSolutions = 5000000
RCSPmaxNumOfEnumSolutionsForMIP = 10000
RCSPmaxNumOfEnumSolsForEndOfNodeMIP = 10000
RCSPinitNGneighbourhoodSize = 8
RCSPmaxNGneighbourhoodSize = 16
RCSPrankOneCutsMaxNumRows = 5
RCSPrankOneCutsMaxNumPerRound = 100
RCSPrankOneCutsMemoryType = 1
RCSPrankOneCutsLSnumIterations = 1000
RCSPallowRoutesWithSameVerticesSet = true
RCSPredCostFixingFalseGap = 0
SafeDualBoundScaleFactor = -1
RCSPmaxNumOfLabelsInHeurEnumeration = 0
MaxNumEnumSolsInRestrictedMasterIpHeur = 5000

prName & bcTimeMain \\ 
New model incumbent solution 1e+07, TIME = 0h0m0s58t = 58
RCSP solver info : size of non-robust cut bitmask in a label is 640 bits
Bucket steps were recalculated for graph G_0 : [28.8]
RCSP solver info : non-symmetric case as associated vars of the reverse arc of 0->60 are not the same
Bidirectional border value is initialised to 400.3
RCSP solver info : number of forw. reachable buckets / buck. strongly connected components is 615( 92.6205% ) / 359( 58.374% )
RCSP solver info : number of back. reachable buckets / buck. strongly connected components is 594( 89.4578% ) / 353( 59.4276% )
RCSP solver info: std. label size is 56, ext. label size is 136
Generating neighbourhoods for rank-1 cuts separation
Building structures for 4- and 5-row rank-1 packing cut separation...done!
Model is built TIME = 0h0m0s59t = 59
************************************************************************************************
**** BaB tree root node
**** Local DB = -1e+12, global bounds : [ -1e+12 , 1e+07 ], TIME = 0h0m0s59t = 59
**** 1 open nodes, 0 columns (0 active), 0 dyn. constrs. (0 active), 122 art. vars. (122 active)
************************************************************************************************
#<DWph=2> <it=  1> <et=0.60> <Mt= 0.00> <Spt= 0.00> <nCl= 30> <al=0.00> <DB=-28079958642.0000> <Mlp=732000000.0000> <PB=10000000> 
#<DWph=2> <it=  2> <et=0.60> <Mt= 0.00> <Spt= 0.00> <nCl= 30> <al=0.55> <DB=-20062756850.7150> <Mlp=628000233.9667> <PB=10000000> 
#<DWph=2> <it=  3> <et=0.60> <Mt= 0.00> <Spt= 0.00> <nCl= 30> <al=0.45> <DB=-15880014736.5078> <Mlp=520800560.7800> <PB=10000000> 
#<DWph=2> <it=  4> <et=0.61> <Mt= 0.00> <Spt= 0.01> <nCl= 30> <al=0.35> <DB=-12844166375.5500> <Mlp=433470085.7327> <PB=10000000> 
#<DWph=2> <it=  5> <et=0.61> <Mt= 0.00> <Spt= 0.00> <nCl= 30> <al=0.42> <DB=-9862809325.4203> <Mlp=374000874.3083> <PB=10000000> 
#<DWph=2> <it=  6> <et=0.61> <Mt= 0.00> <Spt= 0.00> <nCl= 30> <al=0.47> <DB=-8973762093.5017> <Mlp=312294688.9803> <PB=10000000> 
#<DWph=2> <it=  7> <et=0.61> <Mt= 0.00> <Spt= 0.00> <nCl= 30> <al=0.53> <DB=-8189149211.5979> <Mlp=296520226.5411> <PB=10000000> 
#<DWph=2> <it=  8> <et=0.62> <Mt= 0.00> <Spt= 0.00> <nCl= 30> <al=0.57> <DB=-5936293460.9827> <Mlp=242530552.0630> <PB=10000000> 
#<DWph=2> <it=  9> <et=0.62> <Mt= 0.00> <Spt= 0.01> <nCl= 30> <al=0.62> <DB=-5412219180.8190> <Mlp=180055866.2771> <PB=10000000> 
#<DWph=2> <it= 10> <et=0.62> <Mt= 0.00> <Spt= 0.00> <nCl= 30> <al=0.65> <DB=-4977683925.9312> <Mlp=154072297.5530> <PB=10000000> 
#<DWph=2> <it= 11> <et=0.62> <Mt= 0.00> <Spt= 0.00> <nCl= 30> <al=0.69> <DB=-4183898347.9363> <Mlp=117902041.6796> <PB=10000000> 
#<DWph=2> <it= 12> <et=0.63> <Mt= 0.00> <Spt= 0.00> <nCl= 30> <al=0.72> <DB=-4090905204.7853> <Mlp=84506815.4497> <PB=10000000> 
#<DWph=2> <it= 13> <et=0.63> <Mt= 0.00> <Spt= 0.00> <nCl= 30> <al=0.75> <DB=-4016976121.8485> <Mlp=71981306.2602> <PB=10000000> 
#<DWph=2> <it= 14> <et=0.63> <Mt= 0.00> <Spt= 0.01> <nCl= 30> <al=0.77> <DB=-3324350492.8525> <Mlp=42262632.5650> <PB=10000000> 
#<DWph=2> <it= 15> <et=0.64> <Mt= 0.00> <Spt= 0.00> <nCl= 30> <al=0.80> <DB=-2989032923.7925> <Mlp=29881806.6646> <PB=10000000> 
#<DWph=2> <it= 16> <et=0.64> <Mt= 0.01> <Spt= 0.00> <nCl= 30> <al=0.82> <DB=-3315638699.3852> <Mlp=24952420.6261> <PB=10000000> 
#<DWph=2> <it= 17> <et=0.64> <Mt= 0.00> <Spt= 0.00> <nCl= 30> <al=0.72> <DB=-2291253834.2522> <Mlp=17536925.4401> <PB=10000000> 
#<DWph=2> <it= 18> <et=0.65> <Mt= 0.00> <Spt= 0.01> <nCl= 30> <al=0.62> <DB=-1733722123.2491> <Mlp=16548262.3641> <PB=10000000> 
#<DWph=2> <it= 19> <et=0.65> <Mt= 0.00> <Spt= 0.00> <nCl= 30> <al=0.52> <DB=-2104478366.4663> <Mlp=2574108.1864> <PB=10000000> 
<DWph=2> <it= 20> <et=0.66> <Mt= 0.00> <Spt= 0.00> <nCl= 30> <al=0.00> <DB=-64395.9065> <Mlp= 3509.6381> <PB=10000000> 
<DWph=2> <it= 21> <et=0.66> <Mt= 0.00> <Spt= 0.01> <nCl= 30> <al=0.46> <DB=-34279.8308> <Mlp= 3466.4259> <PB=10000000> 
<DWph=2> <it= 22> <et=0.67> <Mt= 0.00> <Spt= 0.00> <nCl= 30> <al=0.36> <DB=-22865.1406> <Mlp= 3441.5577> <PB=10000000> 
<DWph=2> <it= 23> <et=0.67> <Mt= 0.00> <Spt= 0.00> <nCl= 30> <al=0.43> <DB=-18601.4807> <Mlp= 3405.0048> <PB=10000000> 
<DWph=2> <it= 24> <et=0.67> <Mt= 0.01> <Spt= 0.00> <nCl= 30> <al=0.49> <DB=-16444.9882> <Mlp= 3389.7879> <PB=10000000> 
<DWph=2> <it= 25> <et=0.68> <Mt= 0.00> <Spt= 0.00> <nCl= 30> <al=0.54> <DB=-13748.8189> <Mlp= 3353.6567> <PB=10000000> 
<DWph=2> <it= 26> <et=0.68> <Mt= 0.00> <Spt= 0.01> <nCl= 30> <al=0.58> <DB=-13298.2927> <Mlp= 3317.1379> <PB=10000000> 
<DWph=2> <it= 27> <et=0.68> <Mt= 0.00> <Spt= 0.00> <nCl= 30> <al=0.62> <DB=-14028.5431> <Mlp= 3270.4196> <PB=10000000> 
<DWph=2> <it= 28> <et=0.69> <Mt= 0.00> <Spt= 0.00> <nCl= 30> <al=0.52> <DB=-18415.2981> <Mlp= 3228.2772> <PB=10000000> 
<DWph=2> <it= 29> <et=0.69> <Mt= 0.00> <Spt= 0.00> <nCl= 30> <al=0.57> <DB=-10692.0564> <Mlp= 3168.6464> <PB=10000000> 
<DWph=2> <it= 30> <et=0.70> <Mt= 0.00> <Spt= 0.01> <nCl= 30> <al=0.62> <DB=-11243.1670> <Mlp= 3133.2862> <PB=10000000> 
<DWph=2> <it= 31> <et=0.70> <Mt= 0.00> <Spt= 0.00> <nCl= 30> <al=0.65> <DB=-15600.6687> <Mlp= 3093.4024> <PB=10000000> 
<DWph=2> <it= 32> <et=0.70> <Mt= 0.01> <Spt= 0.00> <nCl= 30> <al=0.69> <DB=-11639.2393> <Mlp= 3043.2563> <PB=10000000> 
<DWph=2> <it= 33> <et=0.71> <Mt= 0.00> <Spt= 0.00> <nCl= 30> <al=0.72> <DB=-10236.3866> <Mlp= 2991.7108> <PB=10000000> 
<DWph=2> <it= 34> <et=0.71> <Mt= 0.00> <Spt= 0.01> <nCl= 30> <al=0.62> <DB=-9165.8618> <Mlp= 2965.6979> <PB=10000000> 
<DWph=2> <it= 35> <et=0.71> <Mt= 0.00> <Spt= 0.00> <nCl= 30> <al=0.66> <DB=-7064.8622> <Mlp= 2897.9909> <PB=10000000> 
<DWph=2> <it= 36> <et=0.72> <Mt= 0.00> <Spt= 0.00> <nCl= 30> <al=0.56> <DB=-5625.0932> <Mlp= 2848.3960> <PB=10000000> 
<DWph=2> <it= 37> <et=0.72> <Mt= 0.00> <Spt= 0.00> <nCl= 30> <al=0.46> <DB=-7848.8782> <Mlp= 2765.8071> <PB=10000000> 
<DWph=2> <it= 38> <et=0.73> <Mt= 0.01> <Spt= 0.00> <nCl= 30> <al=0.51> <DB=-5732.6916> <Mlp= 2726.9483> <PB=10000000> 
<DWph=2> <it= 39> <et=0.73> <Mt= 0.00> <Spt= 0.01> <nCl= 30> <al=0.56> <DB=-10074.6637> <Mlp= 2699.3232> <PB=10000000> 
<DWph=2> <it= 40> <et=0.73> <Mt= 0.00> <Spt= 0.00> <nCl= 28> <al=0.60> <DB=-4840.0513> <Mlp= 2685.9906> <PB=10000000> 
<DWph=2> <it= 41> <et=0.74> <Mt= 0.00> <Spt= 0.00> <nCl= 30> <al=0.50> <DB=-3901.7663> <Mlp= 2663.8726> <PB=10000000> 
<DWph=2> <it= 42> <et=0.74> <Mt= 0.00> <Spt= 0.00> <nCl= 30> <al=0.55> <DB=-2309.1186> <Mlp= 2649.9158> <PB=10000000> 
<DWph=2> <it= 43> <et=0.75> <Mt= 0.00> <Spt= 0.01> <nCl= 27> <al=0.60> <DB=-2289.9888> <Mlp= 2634.4096> <PB=10000000> 
<DWph=2> <it= 44> <et=0.75> <Mt= 0.00> <Spt= 0.00> <nCl= 30> <al=0.50> <DB=-1991.4732> <Mlp= 2625.4796> <PB=10000000> 
<DWph=2> <it= 45> <et=0.75> <Mt= 0.00> <Spt= 0.00> <nCl= 30> <al=0.55> <DB=-1183.5773> <Mlp= 2617.2571> <PB=10000000> 
<DWph=2> <it= 46> <et=0.76> <Mt= 0.00> <Spt= 0.00> <nCl= 25> <al=0.59> <DB= 1084.3052> <Mlp= 2612.1582> <PB=10000000> 
<DWph=2> <it= 47> <et=0.76> <Mt= 0.01> <Spt= 0.01> <nCl= 30> <al=0.49> <DB=-1025.4073> <Mlp= 2611.0155> <PB=10000000> 
<DWph=2> <it= 48> <et=0.76> <Mt= 0.00> <Spt= 0.00> <nCl= 30> <al=0.39> <DB=-2548.4438> <Mlp= 2602.1980> <PB=10000000> 
<DWph=2> <it= 49> <et=0.77> <Mt= 0.00> <Spt= 0.00> <nCl= 30> <al=0.45> <DB= 1142.7099> <Mlp= 2592.5538> <PB=10000000> 
<DWph=2> <it= 50> <et=0.77> <Mt= 0.00> <Spt= 0.00> <nCl= 30> <al=0.51> <DB=  907.8438> <Mlp= 2589.0506> <PB=10000000> 
<DWph=2> <it= 51> <et=0.78> <Mt= 0.00> <Spt= 0.01> <nCl= 28> <al=0.56> <DB=  -64.3888> <Mlp= 2582.8583> <PB=10000000> 
<DWph=2> <it= 52> <et=0.78> <Mt= 0.00> <Spt= 0.00> <nCl= 24> <al=0.60> <DB= -922.7623> <Mlp= 2581.8562> <PB=10000000> 
<DWph=2> <it= 53> <et=0.78> <Mt= 0.00> <Spt= 0.00> <nCl= 17> <al=0.50> <DB= 1947.2498> <Mlp= 2578.6685> <PB=10000000> 
<DWph=2> <it= 54> <et=0.79> <Mt= 0.00> <Spt= 0.00> <nCl= 21> <al=0.40> <DB= 2292.9717> <Mlp= 2578.5115> <PB=10000000> 
<DWph=2> <it= 55> <et=0.79> <Mt= 0.00> <Spt= 0.01> <nCl= 29> <al=0.30> <DB= 2153.2987> <Mlp= 2578.0040> <PB=10000000> 
<DWph=2> <it= 56> <et=0.79> <Mt= 0.00> <Spt= 0.00> <nCl= 15> <al=0.20> <DB= 2296.3824> <Mlp= 2577.5582> <PB=10000000> 
<DWph=2> <it= 57> <et=0.79> <Mt= 0.01> <Spt= 0.00> <nCl= 13> <al=0.28> <DB= 2371.0996> <Mlp= 2577.4832> <PB=10000000> 
<DWph=2> <it= 58> <et=0.80> <Mt= 0.00> <Spt= 0.00> <nCl= 10> <al=0.18> <DB=  731.7729> <Mlp= 2577.4183> <PB=10000000> 
<DWph=2> <it= 59> <et=0.80> <Mt= 0.00> <Spt= 0.00> <nCl= 10> <al=0.08> <DB= 2430.0892> <Mlp= 2574.9350> <PB=10000000> 
<DWph=2> <it= 60> <et=0.80> <Mt= 0.00> <Spt= 0.00> <nCl= 13> <al=0.17> <DB= 2446.2165> <Mlp= 2574.8107> <PB=10000000> 
<DWph=2> <it= 61> <et=0.80> <Mt= 0.00> <Spt= 0.01> <nCl=  4> <al=0.26> <DB= 2538.1656> <Mlp= 2574.6473> <PB=10000000> 
<DWph=2> <it= 62> <et=0.81> <Mt= 0.00> <Spt= 0.00> <nCl= 11> <al=0.33> <DB=  907.6602> <Mlp= 2574.6047> <PB=10000000> 
<DWph=2> <it= 63> <et=0.81> <Mt= 0.00> <Spt= 0.00> <nCl= 13> <al=0.23> <DB=  817.4931> <Mlp= 2570.9059> <PB=10000000> 
<DWph=2> <it= 64> <et=0.81> <Mt= 0.00> <Spt= 0.00> <nCl= 10> <al=0.31> <DB=  803.9074> <Mlp= 2567.6464> <PB=10000000> 
<DWph=2> <it= 65> <et=0.81> <Mt= 0.00> <Spt= 0.00> <nCl= 16> <al=0.38> <DB=-1988.4901> <Mlp= 2564.4105> <PB=10000000> 
<DWph=2> <it= 66> <et=0.82> <Mt= 0.00> <Spt= 0.01> <nCl= 24> <al=0.44> <DB= 1181.1943> <Mlp= 2550.1647> <PB=10000000> 
<DWph=2> <it= 67> <et=0.82> <Mt= 0.00> <Spt= 0.00> <nCl= 23> <al=0.50> <DB= 1249.6206> <Mlp= 2543.6595> <PB=10000000> 
<DWph=2> <it= 68> <et=0.83> <Mt= 0.00> <Spt= 0.00> <nCl=  8> <al=0.55> <DB= 1935.4430> <Mlp= 2540.7289> <PB=10000000> 
<DWph=2> <it= 69> <et=0.83> <Mt= 0.00> <Spt= 0.00> <nCl=  7> <al=0.45> <DB= 2007.1270> <Mlp= 2540.3423> <PB=10000000> 
<DWph=2> <it= 70> <et=0.83> <Mt= 0.01> <Spt= 0.00> <nCl=  6> <al=0.35> <DB= 2309.4956> <Mlp= 2539.9197> <PB=10000000> 
<DWph=2> <it= 71> <et=0.83> <Mt= 0.00> <Spt= 0.01> <nCl=  9> <al=0.41> <DB= 1453.2665> <Mlp= 2539.8011> <PB=10000000> 
<DWph=2> <it= 72> <et=0.83> <Mt= 0.00> <Spt= 0.00> <nCl=  6> <al=0.47> <DB= 1505.1781> <Mlp= 2539.6671> <PB=10000000> 
<DWph=2> <it= 73> <et=0.84> <Mt= 0.00> <Spt= 0.00> <nCl=  7> <al=0.37> <DB= 1904.9514> <Mlp= 2538.7039> <PB=10000000> 
<DWph=2> <it= 74> <et=0.84> <Mt= 0.00> <Spt= 0.00> <nCl=  0> <al=0.27> <DB= 1904.9514> <Mlp= 2536.9616> <PB=10000000> 
<DWph=1> <it= 75> <et=0.84> <Mt= 0.00> <Spt= 0.00> <nCl= 27> <al=0.27> <DB= -500.7979> <Mlp= 2536.9616> <PB=10000000> 
<DWph=1> <it= 76> <et=0.84> <Mt= 0.00> <Spt= 0.00> <nCl= 23> <al=0.34> <DB=-2327.9960> <Mlp= 2532.8683> <PB=10000000> 
<DWph=1> <it= 77> <et=0.85> <Mt= 0.00> <Spt= 0.01> <nCl= 14> <al=0.41> <DB= -270.0399> <Mlp= 2530.9837> <PB=10000000> 
<DWph=1> <it= 78> <et=0.85> <Mt= 0.00> <Spt= 0.00> <nCl= 30> <al=0.31> <DB=-2148.6830> <Mlp= 2525.4708> <PB=10000000> 
<DWph=1> <it= 79> <et=0.85> <Mt= 0.00> <Spt= 0.00> <nCl= 30> <al=0.38> <DB= -587.5233> <Mlp= 2514.8795> <PB=10000000> 
<DWph=1> <it= 80> <et=0.86> <Mt= 0.00> <Spt= 0.00> <nCl= 30> <al=0.44> <DB=  113.1376> <Mlp= 2503.7962> <PB=10000000> 
<DWph=1> <it= 81> <et=0.86> <Mt= 0.01> <Spt= 0.01> <nCl= 30> <al=0.34> <DB=  528.1907> <Mlp= 2493.6429> <PB=10000000> 
<DWph=1> <it= 82> <et=0.87> <Mt= 0.00> <Spt= 0.00> <nCl= 28> <al=0.41> <DB= 1196.9079> <Mlp= 2493.6429> <PB=10000000> 
<DWph=1> <it= 83> <et=0.87> <Mt= 0.00> <Spt= 0.00> <nCl= 30> <al=0.31> <DB=  189.8136> <Mlp= 2491.7000> <PB=10000000> 
<DWph=1> <it= 84> <et=0.88> <Mt= 0.00> <Spt= 0.00> <nCl= 24> <al=0.38> <DB= 1262.6672> <Mlp= 2490.9545> <PB=10000000> 
<DWph=1> <it= 85> <et=0.88> <Mt= 0.00> <Spt= 0.01> <nCl= 28> <al=0.44> <DB= 1730.7352> <Mlp= 2490.7909> <PB=10000000> 
<DWph=1> <it= 86> <et=0.88> <Mt= 0.00> <Spt= 0.00> <nCl= 16> <al=0.49> <DB= 1908.2691> <Mlp= 2490.6714> <PB=10000000> 
<DWph=1> <it= 87> <et=0.89> <Mt= 0.00> <Spt= 0.00> <nCl= 28> <al=0.39> <DB= 1375.6670> <Mlp= 2488.9833> <PB=10000000> 
<DWph=1> <it= 88> <et=0.89> <Mt= 0.00> <Spt= 0.00> <nCl= 12> <al=0.45> <DB= 1724.4787> <Mlp= 2488.4273> <PB=10000000> 
<DWph=1> <it= 89> <et=0.89> <Mt= 0.00> <Spt= 0.01> <nCl=  9> <al=0.51> <DB= 2251.5669> <Mlp= 2484.5238> <PB=10000000> 
<DWph=1> <it= 90> <et=0.89> <Mt= 0.00> <Spt= 0.00> <nCl= 19> <al=0.56> <DB= 1920.1894> <Mlp= 2484.4947> <PB=10000000> 
<DWph=1> <it= 91> <et=0.90> <Mt= 0.01> <Spt= 0.00> <nCl= 13> <al=0.60> <DB= 1866.3266> <Mlp= 2484.4579> <PB=10000000> 
<DWph=1> <it= 92> <et=0.90> <Mt= 0.00> <Spt= 0.00> <nCl=  4> <al=0.64> <DB= 2262.9896> <Mlp= 2484.4474> <PB=10000000> 
<DWph=1> <it= 93> <et=0.91> <Mt= 0.00> <Spt= 0.01> <nCl= 16> <al=0.68> <DB= 1403.9247> <Mlp= 2484.4474> <PB=10000000> 
<DWph=1> <it= 94> <et=0.91> <Mt= 0.00> <Spt= 0.00> <nCl= 10> <al=0.71> <DB= 2064.5022> <Mlp= 2484.4474> <PB=10000000> 
<DWph=1> <it= 95> <et=0.91> <Mt= 0.00> <Spt= 0.00> <nCl=  5> <al=0.61> <DB= 2207.4629> <Mlp= 2484.4474> <PB=10000000> 
<DWph=1> <it= 96> <et=0.91> <Mt= 0.00> <Spt= 0.00> <nCl=  6> <al=0.51> <DB= 2245.7576> <Mlp= 2484.4474> <PB=10000000> 
<DWph=1> <it= 97> <et=0.92> <Mt= 0.00> <Spt= 0.01> <nCl=  5> <al=0.12> <DB= 2321.8952> <Mlp= 2484.4474> <PB=10000000> 
<DWph=1> <it= 98> <et=0.92> <Mt= 0.00> <Spt= 0.00> <nCl= 14> <al=0.00> <DB= 2373.4474> <Mlp= 2484.4474> <PB=10000000> 
<DWph=1> <it= 99> <et=0.93> <Mt= 0.00> <Spt= 0.00> <nCl=  5> <al=0.36> <DB= 2387.3118> <Mlp= 2484.4474> <PB=10000000> 
<DWph=1> <it=100> <et=0.93> <Mt= 0.00> <Spt= 0.00> <nCl=  1> <al=0.42> <DB= 2471.1380> <Mlp= 2484.4474> <PB=10000000> 
<DWph=1> <it=101> <et=0.93> <Mt= 0.00> <Spt= 0.01> <nCl=  4> <al=0.32> <DB= 2475.3781> <Mlp= 2484.4474> <PB=10000000> 
<DWph=1> <it=102> <et=0.94> <Mt= 0.00> <Spt= 0.00> <nCl=  3> <al=0.00> <DB= 2424.4474> <Mlp= 2484.4474> <PB=10000000> 
<DWph=1> <it=103> <et=0.94> <Mt= 0.00> <Spt= 0.00> <nCl=  1> <al=0.00> <DB= 2423.8158> <Mlp= 2483.8158> <PB=10000000> 
<DWph=1> <it=104> <et=0.94> <Mt= 0.00> <Spt= 0.01> <nCl=  1> <al=0.19> <DB= 2483.3558> <Mlp= 2483.4474> <PB=10000000> 
<DWph=1> <it=105> <et=0.95> <Mt= 0.00> <Spt= 0.00> <nCl=  4> <al=0.00> <DB= 2471.4474> <Mlp= 2483.4474> <PB=10000000> 
<DWph=1> <it=106> <et=0.95> <Mt= 0.00> <Spt= 0.00> <nCl=  0> <al=0.00> <DB= 2483.4474> <Mlp= 2483.4474> <PB=10000000> 
    RCSP exact solver info for graph G_0 : TT = 0.002104, pt = 2e-05, dt = 0.001551, ct = 0.000251, ndl = 1162', bdl = 11512', odl = 2035', odf = 10756', bsi = 1165', cnt = 1052', bdch = 45896', odch = 13581', lcp = 11624', #sols = 150
<DWph=0> <it=107> <et=0.96> <Mt= 0.00> <Spt= 0.01> <nCl=103> <al=0.00> <DB= 1469.4474> <Mlp= 2483.4474> <PB=10000000> 
    RCSP exact solver info for graph G_0 : TT = 0.002229, pt = 2.5e-05, dt = 0.001626, ct = 0.000238, ndl = 1128', bdl = 11173', odl = 2024', odf = 10848', bsi = 1145', cnt = 1026', bdch = 44053', odch = 13135', lcp = 10498', #sols = 150
<DWph=0> <it=108> <et=0.96> <Mt= 0.01> <Spt= 0.00> <nCl=130> <al=0.00> <DB= 1815.5200> <Mlp= 2477.9200> <PB=10000000> 
    RCSP exact solver info for graph G_0 : TT = 0.002093, pt = 2e-05, dt = 0.001607, ct = 0.000171, ndl = 1259', bdl = 13096', odl = 2125', odf = 11218', bsi = 1030', cnt = 825', bdch = 53275', odch = 15187', lcp = 13043', #sols = 150
<DWph=0> <it=109> <et=0.97> <Mt= 0.00> <Spt= 0.01> <nCl= 96> <al=0.00> <DB= 2253.1880> <Mlp= 2474.8250> <PB=10000000> 
    RCSP exact solver info for graph G_0 : TT = 0.001908, pt = 2.1e-05, dt = 0.0014, ct = 0.000171, ndl = 1084', bdl = 10765', odl = 1935', odf = 10147', bsi = 1058', cnt = 885', bdch = 40529', odch = 12012', lcp = 9774', #sols = 150
<DWph=0> <it=110> <et=0.97> <Mt= 0.00> <Spt= 0.00> <nCl= 28> <al=0.10> <DB= 2353.5964> <Mlp= 2474.8250> <PB=10000000> 
    RCSP exact solver info for graph G_0 : TT = 0.001795, pt = 2.1e-05, dt = 0.001332, ct = 0.000175, ndl = 1014', bdl = 10063', odl = 1815', odf = 9500', bsi = 1060', cnt = 834', bdch = 35603', odch = 10813', lcp = 8269', #sols = 150
<DWph=0> <it=111> <et=0.98> <Mt= 0.00> <Spt= 0.01> <nCl= 59> <al=0.00> <DB= 2443.8505> <Mlp= 2474.0000> <PB=10000000> 
    RCSP exact solver info for graph G_0 : TT = 0.001694, pt = 2.1e-05, dt = 0.001263, ct = 0.000162, ndl = 949', bdl = 9483', odl = 1773', odf = 9223', bsi = 1054', cnt = 808', bdch = 33842', odch = 10305', lcp = 7755', #sols = 150
<DWph=0> <it=112> <et=0.98> <Mt= 0.00> <Spt= 0.00> <nCl= 68> <al=0.00> <DB= 2450.0000> <Mlp= 2474.0000> <PB=10000000> 
    RCSP exact solver info for graph G_0 : TT = 0.002382, pt = 5.2e-05, dt = 0.001614, ct = 0.000205, ndl = 969', bdl = 9637', odl = 1793', odf = 9407', bsi = 1056', cnt = 805', bdch = 34630', odch = 10698', lcp = 8024', #sols = 150
<DWph=0> <it=113> <et=0.99> <Mt= 0.00> <Spt= 0.00> <nCl= 11> <al=0.00> <DB= 2450.0000> <Mlp= 2474.0000> <PB=10000000> 
    RCSP exact solver info for graph G_0 : TT = 0.002484, pt = 3.3e-05, dt = 0.0018, ct = 0.000218, ndl = 941', bdl = 9576', odl = 1779', odf = 9212', bsi = 1075', cnt = 854', bdch = 33812', odch = 10154', lcp = 7760', #sols = 150
<DWph=0> <it=114> <et=0.99> <Mt= 0.00> <Spt= 0.01> <nCl= 32> <al=0.00> <DB= 2473.8250> <Mlp= 2473.8250> <PB=10000000> 
RCSP solver dynamic params and stats :  bidir.bord. = 411.7 aver.obdmd = 8.59677 aver.buck.num. = 10.7097
@@ 1 0 2473.82 0.001723 0.002018 51.7733 0.99
RCSP      solver labels distribution in 267 buckets (bucket size) : largest - 30, top 0.1% - 30, top 0.5% - 29, top 2% - 14, top 10% - 7, top 50% - 2
Reduced cost fixing for graph G_0...  TT = 0.003234, pt = 0.000321, dt = 0.002728, ct = 0, ndl = 1744', bdl = 36321', odl = 2677', odf = 15943', lpcb = 4556', cnt = 40083', bdch = 113448', odch = 16793', lcp = 12702'
16388 buck. arcs remain (86.7% from prev., 46.4% from max.) + 652 jump buck. arcs (1.84% from max.)
Backward reduced cost fixing... 15213 buck. arcs remain (89.3% from prev., 44.6% from max.) + 994 jump buck. arcs (2.92% from max.)
 TT = 0.015137, pt = 0.000321, dt = 0.002728, ct = 0.011792, ndl = 1744', bdl = 36321', odl = 2677', odf = 15943', lpcb = 4556', cnt = 64825', bdch = 113448', odch = 16793', lcp = 12702'
RCSP      solver labels distribution in 492 buckets (bucket size) : largest - 30, top 0.1% - 30, top 0.5% - 22, top 2% - 15, top 10% - 7, top 50% - 2
Run forward enumeration with border = 411.7... not succeeded (ratio 0.816783) lpt = 0.94073, ndl = 280002', dl = 603882', lpcb = 29933', dch = 30133035'
 TT = 0.962595, pt = 0.017111, dt = 0.94073, ct = 0, ndl = 280002', bdl = 603882', lpcb = 29933', cnt = 2889206', bdch = 30133035', odch = 0', lcp = 0'
ColGenEvalAlg final dual bound: 2473.82 (rounded: 2473.82)
Shrinking heuristic shrunk 44 edges
In total 1 RCC cut(s) are found by the Fractional capacity min-cut heuristic 
----- Add fac. cuts : CAP(1), max.viol = 0.5, aver.viol = 0.5, sep/add took 0.000753121/0.00136789 sec. -----
2811 columns (2811 active), 1 dyn. constrs. (1 active), 123 art. vars. (123 active)
<DWph=2> <it=  1> <et=2.06> <Mt= 0.00> <Spt= 0.00> <nCl=  1> <al=0.00> <DB= 2468.0000> <Mlp= 2474.0000> <PB=10000000> 
<DWph=2> <it=  2> <et=2.06> <Mt= 0.00> <Spt= 0.01> <nCl=  0> <al=0.00> <DB= 2474.0000> <Mlp= 2474.0000> <PB=10000000> 
<DWph=1> <it=  3> <et=2.07> <Mt= 0.00> <Spt= 0.00> <nCl=  3> <al=0.30> <DB= 2468.0000> <Mlp= 2474.0000> <PB=10000000> 
<DWph=1> <it=  4> <et=2.07> <Mt= 0.00> <Spt= 0.00> <nCl=  4> <al=0.37> <DB= 2468.0000> <Mlp= 2474.0000> <PB=10000000> 
<DWph=1> <it=  5> <et=2.07> <Mt= 0.00> <Spt= 0.00> <nCl=  0> <al=0.00> <DB= 2474.0000> <Mlp= 2474.0000> <PB=10000000> 
    RCSP exact solver info for graph G_0 : TT = 0.001773, pt = 1.7e-05, dt = 0.00122, ct = 0.000167, ndl = 938', bdl = 9240', odl = 1730', odf = 8997', bsi = 1053', cnt = 816', bdch = 32934', odch = 9986', lcp = 7538', #sols = 150
<DWph=0> <it=  6> <et=2.08> <Mt= 0.00> <Spt= 0.01> <nCl=  9> <al=0.27> <DB= 2468.0000> <Mlp= 2474.0000> <PB=10000000> 
    RCSP exact solver info for graph G_0 : TT = 0.001617, pt = 2.1e-05, dt = 0.00119, ct = 0.000157, ndl = 962', bdl = 9395', odl = 1749', odf = 9195', bsi = 1049', cnt = 801', bdch = 33787', odch = 10389', lcp = 7822', #sols = 150
<DWph=0> <it=  7> <et=2.08> <Mt= 0.01> <Spt= 0.00> <nCl=  6> <al=0.27> <DB= 2468.0000> <Mlp= 2474.0000> <PB=10000000> 
    RCSP exact solver info for graph G_0 : TT = 0.001769, pt = 1.9e-05, dt = 0.0012, ct = 0.000192, ndl = 947', bdl = 9421', odl = 1754', odf = 9083', bsi = 1056', cnt = 814', bdch = 33541', odch = 10074', lcp = 7656', #sols = 150
    RCSP exact solver info for graph G_0 : TT = 0.001763, pt = 2.4e-05, dt = 0.001289, ct = 0.000171, ndl = 938', bdl = 9422', odl = 1754', odf = 9057', bsi = 1063', cnt = 831', bdch = 33377', odch = 10035', lcp = 7628', #sols = 150
<DWph=0> <it=  8> <et=2.09> <Mt= 0.00> <Spt= 0.00> <nCl=  2> <al=0.00> <DB= 2473.9750> <Mlp= 2473.9750> <PB=10000000> 
RCSP solver dynamic params and stats :  bidir.bord. = 411.7 aver.obdmd = 8.59677 aver.buck.num. = 10.7097
@@ 1 1 2473.98 0.0013965 0.00146 45.5215 2.09
    Full reduced cost fixing is not called (gap ratio is 1)
ColGenEvalAlg final dual bound: 2473.98 (rounded: 2473.98)
False gap improvement since the last cut separation : 0.000606348 (2473.82)
Cut generation tailing off counter increased to 1
Current active cuts : CAP(1,4.2)
Shrinking heuristic shrunk 42 edges
avgVertexMem: 8 , colsForbidden = 0, phase-I = 0, phase-II = 0, colNonElem = 0, colElem = 16, TT =  0.001273
150 Rank-1 3-rows pack. cuts added ,  max viol. = 0.5, aver. viol. = 0.285
----- Add fac. cuts : R1C(150), max.viol = 0.5, aver.viol = 0.285, sep/add took 0.00297039/0.0914299 sec. -----
2836 columns (2836 active), 151 dyn. constrs. (151 active), 273 art. vars. (273 active)
<DWph=2> <it=  1> <et=2.19> <Mt= 0.00> <Spt= 0.01> <nCl= 15> <al=0.50> <DB= 2395.8018> <Mlp= 2484.5571> <PB=10000000> 
<DWph=2> <it=  2> <et=2.20> <Mt= 0.00> <Spt= 0.00> <nCl= 20> <al=0.10> <DB= 1867.6632> <Mlp= 2484.5571> <PB=10000000> 
<DWph=2> <it=  3> <et=2.20> <Mt= 0.00> <Spt= 0.01> <nCl=  8> <al=0.45> <DB= 2481.4666> <Mlp= 2483.7000> <PB=10000000> 
<DWph=2> <it=  4> <et=2.21> <Mt= 0.00> <Spt= 0.00> <nCl=  4> <al=0.35> <DB= 2482.9183> <Mlp= 2483.7000> <PB=10000000> 
<DWph=2> <it=  5> <et=2.21> <Mt= 0.00> <Spt= 0.00> <nCl= 10> <al=0.25> <DB= 2156.5152> <Mlp= 2483.6750> <PB=10000000> 
<DWph=2> <it=  6> <et=2.21> <Mt= 0.01> <Spt= 0.00> <nCl=  0> <al=0.33> <DB= 2156.5152> <Mlp= 2481.7667> <PB=10000000> 
<DWph=1> <it=  7> <et=2.22> <Mt= 0.00> <Spt= 0.01> <nCl= 13> <al=0.33> <DB= 2424.3805> <Mlp= 2481.7667> <PB=10000000> 
<DWph=1> <it=  8> <et=2.23> <Mt= 0.00> <Spt= 0.00> <nCl= 19> <al=0.00> <DB= 2481.7667> <Mlp= 2481.7667> <PB=10000000> 
    RCSP exact solver info for graph G_0 : TT = 0.001939, pt = 0.000101, dt = 0.001392, ct = 0.000183, ndl = 952', bdl = 9439', odl = 1737', odf = 9025', bsi = 1032', cnt = 882', bdch = 32846', odch = 9857', lcp = 8252', #sols = 150
<DWph=0> <it=  9> <et=2.24> <Mt= 0.00> <Spt= 0.01> <nCl= 93> <al=0.13> <DB= 2193.7667> <Mlp= 2481.7667> <PB=10000000> 
    RCSP exact solver info for graph G_0 : TT = 0.002417, pt = 0.000144, dt = 0.001634, ct = 0.000265, ndl = 965', bdl = 9716', odl = 1761', odf = 9114', bsi = 1066', cnt = 981', bdch = 33599', odch = 10344', lcp = 8385', #sols = 150
<DWph=0> <it= 10> <et=2.25> <Mt= 0.00> <Spt= 0.01> <nCl= 71> <al=0.03> <DB= 2284.4417> <Mlp= 2481.7667> <PB=10000000> 
    RCSP exact solver info for graph G_0 : TT = 0.002724, pt = 0.00015, dt = 0.001908, ct = 0.000283, ndl = 1100', bdl = 10621', odl = 1996', odf = 10455', bsi = 1155', cnt = 1232', bdch = 43155', odch = 13574', lcp = 11787', #sols = 150
<DWph=0> <it= 11> <et=2.26> <Mt= 0.00> <Spt= 0.02> <nCl= 80> <al=0.00> <DB= 2462.6000> <Mlp= 2480.6000> <PB=10000000> 
    RCSP exact solver info for graph G_0 : TT = 0.002409, pt = 0.000141, dt = 0.00165, ct = 0.00023, ndl = 1111', bdl = 10223', odl = 1890', odf = 10102', bsi = 1214', cnt = 1348', bdch = 40134', odch = 12822', lcp = 10430', #sols = 150
    RCSP exact solver info for graph G_0 : TT = 0.002218, pt = 0.000129, dt = 0.001556, ct = 0.000235, ndl = 1031', bdl = 9884', odl = 1747', odf = 9302', bsi = 1165', cnt = 1167', bdch = 35013', odch = 10913', lcp = 8291', #sols = 150
<DWph=0> <it= 12> <et=2.28> <Mt= 0.00> <Spt= 0.01> <nCl= 40> <al=0.00> <DB= 2480.6000> <Mlp= 2480.6000> <PB=10000000> 
RCSP solver dynamic params and stats :  bidir.bord. = 427.1 aver.obdmd = 8.59677 aver.buck.num. = 10.7097 nbR1C = 5 with avMem = 17.2
@@ 1 2 2480.6 0.0018672 0.002191 47.8925 2.28
    Full reduced cost fixing is not called (gap ratio is 0.999999)
ColGenEvalAlg final dual bound: 2480.6 (rounded: 2480.6)
False gap improvement since the last cut separation : 0.0267788 (2473.98)
Current active cuts : CAP(1,4.2) R1C(5,31.95) 3rowPackR1C(5)
Shrinking heuristic shrunk 44 edges
In total 1 RCC cut(s) are found by the Fractional capacity min-cut heuristic 
150 Rank-1 3-rows pack. cuts added ,  max viol. = 0.333333, aver. viol. = 0.333333
----- Add fac. cuts : CAP(1) R1C(150), max.viol = 0.333333, aver.viol = 0.333333, sep/add took 0.00148845/0.112417 sec. -----
3209 columns (3209 active), 302 dyn. constrs. (157 active), 424 art. vars. (279 active)
<DWph=2> <it=  1> <et=2.41> <Mt= 0.01> <Spt= 0.00> <nCl= 13> <al=0.50> <DB= 2405.0018> <Mlp= 2485.4036> <PB=10000000> 
<DWph=2> <it=  2> <et=2.42> <Mt= 0.00> <Spt= 0.01> <nCl= 13> <al=0.10> <DB= 2374.5018> <Mlp= 2485.4036> <PB=10000000> 
<DWph=2> <it=  3> <et=2.43> <Mt= 0.00> <Spt= 0.00> <nCl=  5> <al=0.45> <DB= 2471.2730> <Mlp= 2485.2289> <PB=10000000> 
<DWph=2> <it=  4> <et=2.44> <Mt= 0.01> <Spt= 0.01> <nCl=  8> <al=0.01> <DB= 2311.5767> <Mlp= 2485.1797> <PB=10000000> 
<DWph=2> <it=  5> <et=2.44> <Mt= 0.00> <Spt= 0.00> <nCl=  2> <al=0.41> <DB= 2484.2411> <Mlp= 2484.4333> <PB=10000000> 
<DWph=2> <it=  6> <et=2.45> <Mt= 0.00> <Spt= 0.00> <nCl=  8> <al=0.31> <DB= 2387.8494> <Mlp= 2484.4333> <PB=10000000> 
<DWph=2> <it=  7> <et=2.45> <Mt= 0.00> <Spt= 0.01> <nCl=  5> <al=0.37> <DB= 2471.9202> <Mlp= 2484.4333> <PB=10000000> 
<DWph=2> <it=  8> <et=2.46> <Mt= 0.00> <Spt= 0.00> <nCl=  4> <al=0.44> <DB= 2481.5227> <Mlp= 2484.4333> <PB=10000000> 
<DWph=2> <it=  9> <et=2.46> <Mt= 0.00> <Spt= 0.00> <nCl=  6> <al=0.00> <DB= 2484.4333> <Mlp= 2484.4333> <PB=10000000> 
<DWph=1> <it= 10> <et=2.47> <Mt= 0.00> <Spt= 0.01> <nCl= 12> <al=0.39> <DB= 2292.8037> <Mlp= 2484.4333> <PB=10000000> 
<DWph=1> <it= 11> <et=2.47> <Mt= 0.01> <Spt= 0.00> <nCl=  3> <al=0.45> <DB= 2358.1202> <Mlp= 2484.4333> <PB=10000000> 
<DWph=1> <it= 12> <et=2.48> <Mt= 0.00> <Spt= 0.01> <nCl=  6> <al=0.00> <DB= 2352.4333> <Mlp= 2484.4333> <PB=10000000> 
<DWph=1> <it= 13> <et=2.49> <Mt= 0.00> <Spt= 0.00> <nCl=  0> <al=0.00> <DB= 2484.4333> <Mlp= 2484.4333> <PB=10000000> 
    RCSP exact solver info for graph G_0 : TT = 0.002843, pt = 0.000133, dt = 0.002135, ct = 0.000287, ndl = 1127', bdl = 9702', odl = 1728', odf = 9423', bsi = 1204', cnt = 1248', bdch = 36440', odch = 11525', lcp = 8911', #sols = 150
<DWph=0> <it= 14> <et=2.50> <Mt= 0.00> <Spt= 0.01> <nCl= 72> <al=0.15> <DB= 2364.4333> <Mlp= 2484.4333> <PB=10000000> 
    RCSP exact solver info for graph G_0 : TT = 0.002633, pt = 0.000175, dt = 0.001766, ct = 0.000272, ndl = 1080', bdl = 9298', odl = 1721', odf = 9357', bsi = 1178', cnt = 1171', bdch = 34316', odch = 11110', lcp = 8213', #sols = 150
<DWph=0> <it= 15> <et=2.51> <Mt= 0.00> <Spt= 0.01> <nCl= 15> <al=0.05> <DB= 2470.8111> <Mlp= 2484.4333> <PB=10000000> 
    RCSP exact solver info for graph G_0 : TT = 0.002579, pt = 0.000169, dt = 0.001773, ct = 0.000263, ndl = 1101', bdl = 9364', odl = 1742', odf = 9426', bsi = 1187', cnt = 1172', bdch = 35041', odch = 11394', lcp = 8457', #sols = 150
<DWph=0> <it= 16> <et=2.52> <Mt= 0.00> <Spt= 0.01> <nCl=  8> <al=0.15> <DB= 2478.4333> <Mlp= 2484.4333> <PB=10000000> 
    RCSP exact solver info for graph G_0 : TT = 0.002811, pt = 0.000174, dt = 0.001939, ct = 0.000293, ndl = 1128', bdl = 9469', odl = 1751', odf = 9606', bsi = 1183', cnt = 1168', bdch = 36088', odch = 11765', lcp = 8712', #sols = 150
<DWph=0> <it= 17> <et=2.53> <Mt= 0.01> <Spt= 0.00> <nCl= 24> <al=0.15> <DB= 2478.4333> <Mlp= 2484.4333> <PB=10000000> 
    RCSP exact solver info for graph G_0 : TT = 0.002514, pt = 0.000165, dt = 0.001708, ct = 0.000255, ndl = 1098', bdl = 9444', odl = 1747', odf = 9434', bsi = 1175', cnt = 1160', bdch = 35188', odch = 11445', lcp = 8450', #sols = 150
<DWph=0> <it= 18> <et=2.53> <Mt= 0.00> <Spt= 0.01> <nCl= 24> <al=0.15> <DB= 2473.4538> <Mlp= 2484.4333> <PB=10000000> 
    RCSP exact solver info for graph G_0 : TT = 0.00268, pt = 0.000158, dt = 0.001747, ct = 0.000304, ndl = 1103', bdl = 9450', odl = 1745', odf = 9438', bsi = 1185', cnt = 1173', bdch = 35291', odch = 11441', lcp = 8469', #sols = 150
<DWph=0> <it= 19> <et=2.54> <Mt= 0.00> <Spt= 0.00> <nCl= 12> <al=0.23> <DB= 2478.4333> <Mlp= 2484.4333> <PB=10000000> 
    RCSP exact solver info for graph G_0 : TT = 0.002674, pt = 0.000183, dt = 0.001853, ct = 0.000275, ndl = 1129', bdl = 9606', odl = 1752', odf = 9613', bsi = 1184', cnt = 1185', bdch = 36356', odch = 11824', lcp = 8731', #sols = 150
<DWph=0> <it= 20> <et=2.55> <Mt= 0.00> <Spt= 0.01> <nCl= 14> <al=0.23> <DB= 2478.4333> <Mlp= 2484.4333> <PB=10000000> 
    RCSP exact solver info for graph G_0 : TT = 0.002262, pt = 0.000137, dt = 0.001586, ct = 0.000232, ndl = 1111', bdl = 9448', odl = 1743', odf = 9474', bsi = 1195', cnt = 1170', bdch = 35407', odch = 11544', lcp = 8505', #sols = 150
<DWph=0> <it= 21> <et=2.56> <Mt= 0.00> <Spt= 0.01> <nCl= 23> <al=0.23> <DB= 2479.3371> <Mlp= 2484.4000> <PB=10000000> 
    RCSP exact solver info for graph G_0 : TT = 0.003253, pt = 0.000215, dt = 0.002277, ct = 0.000298, ndl = 1112', bdl = 9423', odl = 1741', odf = 9457', bsi = 1195', cnt = 1179', bdch = 35282', odch = 11518', lcp = 8498', #sols = 150
    RCSP exact solver info for graph G_0 : TT = 0.002528, pt = 0.000184, dt = 0.001688, ct = 0.00026, ndl = 988', bdl = 8635', odl = 1632', odf = 8867', bsi = 1134', cnt = 1116', bdch = 30546', odch = 9792', lcp = 7067', #sols = 150
<DWph=0> <it= 22> <et=2.57> <Mt= 0.00> <Spt= 0.01> <nCl= 65> <al=0.00> <DB= 2484.4000> <Mlp= 2484.4000> <PB=10000000> 
RCSP solver dynamic params and stats :  bidir.bord. = 427.1 aver.obdmd = 8.59677 aver.buck.num. = 10.7097 nbR1C = 6 with avMem = 16.3333
@@ 1 3 2484.4 0.0021211 0.002575 47.8925 2.57
    Full reduced cost fixing is not called (gap ratio is 0.999999)
ColGenEvalAlg final dual bound: 2484.4 (rounded: 2484.4)
False gap improvement since the last cut separation : 0.0153189 (2480.6)
Current active cuts : CAP(2,7) R1C(6,39.2) 3rowPackR1C(6)
Shrinking heuristic shrunk 44 edges
In total 1 RCC cut(s) are found by the Fractional capacity min-cut heuristic 
150 Rank-1 3-rows pack. cuts added ,  max viol. = 0.333333, aver. viol. = 0.333333
----- Add fac. cuts : CAP(1) R1C(150), max.viol = 0.333333, aver.viol = 0.333333, sep/add took 0.0017462/0.126384 sec. -----
3551 columns (3551 active), 308 dyn. constrs. (159 active), 575 art. vars. (281 active)
<DWph=2> <it=  1> <et=2.72> <Mt= 0.01> <Spt= 0.01> <nCl=  6> <al=0.50> <DB= 2480.0500> <Mlp= 2484.7000> <PB=10000000> 
<DWph=2> <it=  2> <et=2.72> <Mt= 0.00> <Spt= 0.00> <nCl=  3> <al=0.00> <DB= 2484.7000> <Mlp= 2484.7000> <PB=10000000> 
<DWph=1> <it=  3> <et=2.73> <Mt= 0.00> <Spt= 0.01> <nCl=  0> <al=0.00> <DB= 2484.7000> <Mlp= 2484.7000> <PB=10000000> 
    RCSP exact solver info for graph G_0 : TT = 0.002564, pt = 0.000217, dt = 0.001633, ct = 0.000259, ndl = 1008', bdl = 8785', odl = 1632', odf = 8983', bsi = 1150', cnt = 1169', bdch = 31252', odch = 10069', lcp = 7212', #sols = 150
    RCSP exact solver info for graph G_0 : TT = 0.002201, pt = 0.00017, dt = 0.00148, ct = 0.000233, ndl = 1008', bdl = 8785', odl = 1632', odf = 8983', bsi = 1150', cnt = 1169', bdch = 31252', odch = 10069', lcp = 7212', #sols = 150
<DWph=0> <it=  4> <et=2.74> <Mt= 0.00> <Spt= 0.01> <nCl= 37> <al=0.00> <DB= 2484.7000> <Mlp= 2484.7000> <PB=10000000> 
RCSP solver dynamic params and stats :  bidir.bord. = 427.1 aver.obdmd = 8.59677 aver.buck.num. = 10.7097 nbR1C = 8 with avMem = 18.5
@@ 1 4 2484.7 0.0018025 0.001892 47.8925 2.74
    Full reduced cost fixing is not called (gap ratio is 0.999999)
ColGenEvalAlg final dual bound: 2484.7 (rounded: 2484.7)
False gap improvement since the last cut separation : 0.00120754 (2484.4)
Separator R1C not in maximum phase
Cut generation tailing off counter increased to 0
Current active cuts : CAP(3,8.5) R1C(8,39.85) 3rowPackR1C(8)
Shrinking heuristic shrunk 43 edges
150 Rank-1 3-rows pack. cuts added ,  max viol. = 0.333333, aver. viol. = 0.333333
Building structures for heuristic rank-1 packing cut separation...done!
77 Rank-1 4-rows pack. cuts added ,  max viol. = 0.333333, aver. viol. = 0.333333
100 Rank-1 5-rows pack. cuts added ,  max viol. = 0.333333, aver. viol. = 0.333333
----- Add fac. cuts : R1C(327), max.viol = 0.333333, aver.viol = 0.333333, sep/add took 0.130091/0.272087 sec. -----
3597 columns (3597 active), 486 dyn. constrs. (341 active), 902 art. vars. (463 active)
<DWph=2> <it=  1> <et=3.17> <Mt= 0.00> <Spt= 0.00> <nCl=  4> <al=0.50> <DB= 2485.0583> <Mlp= 2485.4167> <PB=10000000> 
<DWph=2> <it=  2> <et=3.17> <Mt= 0.00> <Spt= 0.01> <nCl=  0> <al=0.00> <DB= 2485.4167> <Mlp= 2485.4167> <PB=10000000> 
<DWph=1> <it=  3> <et=3.18> <Mt= 0.01> <Spt= 0.00> <nCl=  7> <al=0.30> <DB= 2472.4167> <Mlp= 2485.4167> <PB=10000000> 
<DWph=1> <it=  4> <et=3.18> <Mt= 0.00> <Spt= 0.01> <nCl=  3> <al=0.30> <DB= 2473.7967> <Mlp= 2485.4167> <PB=10000000> 
<DWph=1> <it=  5> <et=3.19> <Mt= 0.00> <Spt= 0.00> <nCl=  0> <al=0.00> <DB= 2485.4167> <Mlp= 2485.4167> <PB=10000000> 
    RCSP exact solver info for graph G_0 : TT = 0.003163, pt = 0.000296, dt = 0.002019, ct = 0.000354, ndl = 1155', bdl = 9981', odl = 1778', odf = 9772', bsi = 1290', cnt = 1486', bdch = 37659', odch = 12433', lcp = 8617', #sols = 150
<DWph=0> <it=  6> <et=3.21> <Mt= 0.00> <Spt= 0.02> <nCl= 38> <al=0.27> <DB= 2468.8167> <Mlp= 2485.4167> <PB=10000000> 
Shrinking heuristic shrunk 54 edges
    RCSP exact solver info for graph G_0 : TT = 0.003626, pt = 0.000244, dt = 0.002514, ct = 0.000337, ndl = 1146', bdl = 9993', odl = 1796', odf = 9818', bsi = 1280', cnt = 1431', bdch = 37529', odch = 12474', lcp = 8653', #sols = 150
    RCSP exact solver info for graph G_0 : TT = 0.002712, pt = 0.000198, dt = 0.0018, ct = 0.000319, ndl = 1068', bdl = 9392', odl = 1750', odf = 9490', bsi = 1222', cnt = 1320', bdch = 33846', odch = 11134', lcp = 7925', #sols = 150
<DWph=0> <it=  7> <et=3.23> <Mt= 0.00> <Spt= 0.01> <nCl= 18> <al=0.00> <DB= 2485.2000> <Mlp= 2485.2000> <PB=2485.2> 
RCSP solver dynamic params and stats :  bidir.bord. = 427.1 aver.obdmd = 8.59677 aver.buck.num. = 10.7097 nbR1C = 10 with avMem = 21.2
@@ 1 5 2485.2 0.00244767 0.002851 47.8925 3.23
ColGenEvalAlg final dual bound: 2485.2 (rounded: 2485.2)
Gap improvement since the last cut separation : 1 (2484.7)
Current active cuts : CAP(1,4.2) R1C(10,42.0263) 3rowPackR1C(9) 4rowPackR1C(1)
New model incumbent solution 2485.2, TIME = 0h0m3s24t = 324
************************************************************************************************
Search is finished, global bounds : [ 2485.2 , 2485.2 ], TIME = 0h0m3s24t = 324
************************************************************************************************
[32mBaPCod : solution defined.[00m
statistics_cols: instance & :Optimal & cutoff & :bcRecRootDb & :bcTimeRootEval & :bcCountNodeProc & :bcRecBestDb & :bcRecBestInc & :bcTimeMain \\
statistics: instance_27-triangle & 1 & 1.0e7 & 2485.20 & 3.24 & 1 & 2485.20 & 2485.20 & 3.24 \\
########################################################
Route #1: 4 55 17 10 40 57 59 24 23 58 37 16 42 9 48 
Route #2: 15 33 52 5 11 14 41 35 60 6 
Route #3: 19 29 47 49 7 
Route #4: 50 36 46 32 51 8 45 
Route #5: 54 43 34 20 25 28 27 3 
Route #6: 56 38 53 13 21 18 30 31 22 26 44 1 39 12 2 
Cost 2485.2
########################################################

end_time=2026-04-20 14:16:00
exit_code=0
