instance_file=/mnt/c/Users/porin/OneDrive/Documentos/Python-Mestrado/Modelagem Matemática/Programação Inteira - Uchoa/Problema VRPRDL/instancias_turco/VRPRDL-triangle/vrptw_convertidos/instance_33-triangle.txt
instance_name=instance_33-triangle
start_time=2026-04-20 14:00:52

  Activating project at `~/VRPSolver/VRPSolverDemos/other/VRPTW`
Application parameters:
  batch  =>  nothing
  update  =>  false
  tikz  =>  nothing
  instance  =>  "/mnt/c/Users/porin/OneDrive/Documentos/Python-Mestrado/Modelagem Matemática/Programação Inteira - Uchoa/Problema VRPRDL/instancias_turco/VRPRDL-triangle/vrptw_convertidos/instance_33-triangle.txt"
  out  =>  nothing
  nosolve  =>  false
  ub  =>  1.0e7
  sol  =>  nothing
  cfg  =>  "/home/poringman/VRPSolver/VRPSolverDemos/other/VRPTW/config/VRPTW_set_2.cfg"
  enable_cap_res  =>  false
~~~~~~~~~~~~~~~~~~~~~~~~~~~~~~~~~~~~~~~~~~~~~~~~~~~~~~~~~~~~~~~~~~~~~~~~~~~~~~~~~~~~~
GIT VERSION RCSP: 
GIT BRANCH: 
~~~~~~~~~~~~~~~~~~~~~~~~~~~~~~~~~~~~~~~~~~~~~~~~~~~~~~~~~~~~~~~~~~~~~~~~~~~~~~~~~~~~~
VRPSolver v0.6.16, 10/11/2025, © Inria Bordeaux, France, vrpsolver.math.u-bordeaux.fr
      Corresponds to the solver by Pessoa, Sadykov, Uchoa and Vanderbeck (2020)
                 Paper: dx.doi.org/10.1007/s10107-020-01523-z
~~~~~~~~~~~~~~~~~~~~~~~~~~~~~~~~~~~~~~~~~~~~~~~~~~~~~~~~~~~~~~~~~~~~~~~~~~~~~~~~~~~~~
GIT VERSION BAPCOD: a7cb21f19424236c9d0da5dcf94961797a519470
GIT BRANCH: main
~~~~~~~~~~~~~~~~~~~~~~~~~~~~~~~~~~~~~~~~~~~~~~~~~~~~~~~~~~~~~~~~~~~~~~~~~~~~~~~~~~~~~
   BaPCod v0.84, 10/11/2025, © Inria Bordeaux, France, bapcod.math.u-bordeaux.fr 
           THIS CODE IS PROVIDED AS IS, USE IT AT YOUR OWN RISK
~~~~~~~~~~~~~~~~~~~~~~~~~~~~~~~~~~~~~~~~~~~~~~~~~~~~~~~~~~~~~~~~~~~~~~~~~~~~~~~~~~~~~
--- MAIN PARAMETERS ---
GlobalTimeLimitInTick = 2147483645
GlobalTimeLimit = 21474836
ClockType = 0
MaxNbOfBBtreeNodeTreated = 100000
optimalityGapTolerance = 1e-06
relOptimalityGapTolerance = 1e-09
ApplyPreprocessing = true
PreprocessVariablesLocalBounds = false
treeSearchStrategy = 1
OpenNodesLimit = 1000
DEFAULTPRINTLEVEL = 0
--- MIP SOLVER PARAMETERS ---
solverName = CPLEX_SOLVER
MipSolverMaxBBNodes = 2000000
MipSolverMaxTime = 360000
MipSolverMultiThread = 1
--- COLUMN GENERATION PARAMETERS ---
SolverSelectForMast = a
  colGenSubProbSolMode = customSolver
mastInitMode = localArtCol
ArtVarPenaltyUpdateFactor = 2
ArtVarMaxNbOfPenaltyUpdates = 5
MaxNbOfStagesInColGenProcedure = 3
GenerateProperColumns = false
InsertAllGeneratedColumnsInFormRatherThanInPool = true
InsertNewNonNegColumnsDirectlyInFormRatherThanInPool = true
ColumnCleanupThreshold = 10000
ColumnCleanupRatio = 0.66
ReducedCostFixingThreshold = 0.9
--- CUT GENERATION PARAMETERS ---
MasterCuttingPlanesDepthLimit = 1000
MaxNbOfCutGeneratedAtEachIter = 1000
CutTailingOffThreshold = 0.015
CutTailingOffCounterThreshold = 3
CutCleanupThreshold = 1
CutCleanupRatio = 0.66
ColGenSpRelaxationImprovementPriority = 2
--- STABILIZATION PARAMETERS ---
colGenDualPriceSmoothingAlphaFactor = 1
colGenDualPriceSmoothingBetaFactor = 0
colGenStabilizationFunctionType = none
colGenProximalStabilizationRule = undefined
StabilFuncKappa = 1
colGenStabilizationMaxTreeDepth = 10000
StabilizationMinPhaseOfStage = 0
--- PRIMAL HEURISTIC PARAMETERS ---
UseInitialPrimalHeur = false
MaxTimeForRestrictedMasterIpHeur = -1
CallFrequencyOfRestrictedMasterIpHeur = 5
MIPemphasisInRestrictedMasterIpHeur = 1
PolishingAfterTimeInRestrictedMasterIpHeur = -1
DivingHeurUseDepthLimit = -1
CallFrequencyOfDivingHeur = 1
LeastFractional
Closest2RoundUp
LeastGreedyCost
LeastCost
FixIntValBeforeRoundingHeur = true
MaxNbOfCgIteDuringRh = 5000
MaxLDSbreadth = 0
MaxLDSdepth = 0
DivingHeurStopsWithFirstFeasSol = false
DivingHeurPreprocessBeforeChoosingVar = false
StrongDivingCandidatesNumber = 1
EvalAlgParamsInDiving = max#cand. = 1 max#cg.iters = 10000 min.lvl.sp.restr. = 1 min#cut.rounds = 0 max#cut.rounds = 0 red.cost.fix&enum. = false tree.size.ratio = 1
LocalSearchHeurUseDepthLimit = -1
LeastFractional
Closest2RoundUp
LeastGreedyCost
LeastCost
MaxFactorOfColFixedByLocalSearchHeur = 0.8
MaxLocalSearchIterationCounter = 3
--- STRONG BRANCHING PARAMETERS ---
SimplifiedStrongBranchingParameterisation = true
StrongBranchingPhaseOneCandidatesNumber = 50
StrongBranchingPhaseOneTreeSizeEstimRatio = 100
StrongBranchingPhaseTwoCandidatesNumber = 3
StrongBranchingPhaseTwoTreeSizeEstimRatio = 100
SafeDualBoundScaleFactor = -1
StrongBranchingPhaseOne = max#cand. = 50 max#cg.iters = 0 min.lvl.sp.restr. = 0 min#cut.rounds = 0 max#cut.rounds = 0 red.cost.fix&enum. = false tree.size.ratio = 100
StrongBranchingPhaseTwo = max#cand. = 3 max#cg.iters = 10000 min.lvl.sp.restr. = 1 min#cut.rounds = 0 max#cut.rounds = 0 red.cost.fix&enum. = false tree.size.ratio = 100
StrongBranchingPhaseThree = max#cand. = 1 max#cg.iters = 10000 min.lvl.sp.restr. = 0 min#cut.rounds = 0 max#cut.rounds = 10000 red.cost.fix&enum. = true tree.size.ratio = 1
StrongBranchingPhaseFour =not active
--- DEBUG OUTPUT PARAMETERS ---
printMasterPrimalSols = 0
--- VRPSOLVER PARAMETERS ---
RCSPstopCutGenTimeThresholdInPricing = 30
RCSPhardTimeThresholdInPricing = 20
RCSPredCostFixingTimeThreshold = 100
RCSPnumberOfBucketsPerVertex = 25
RCSPdynamicBucketSteps = 1
RCSPuseBidirectionalSearch = 1
RCSPapplyReducedCostFixing = 1
RCSPmaxNumOfColsPerIteration = 30
RCSPmaxNumOfColsPerExactIteration = 150
RCSPmaxNumOfLabelsInEnumeration = 1000000
RCSPmaxNumOfLabelsInHeurEnumeration = 0
RCSPmaxNumOfEnumeratedSolutions = 5000000
RCSPmaxNumOfEnumSolutionsForMIP = 10000
RCSPmaxNumOfEnumSolsForEndOfNodeMIP = 10000
RCSPinitNGneighbourhoodSize = 8
RCSPmaxNGneighbourhoodSize = 16
RCSPrankOneCutsMaxNumRows = 5
RCSPrankOneCutsMaxNumPerRound = 100
RCSPrankOneCutsMemoryType = 1
RCSPrankOneCutsLSnumIterations = 1000
RCSPallowRoutesWithSameVerticesSet = true
RCSPredCostFixingFalseGap = 0
SafeDualBoundScaleFactor = -1
RCSPmaxNumOfLabelsInHeurEnumeration = 0
MaxNumEnumSolsInRestrictedMasterIpHeur = 5000

prName & bcTimeMain \\ 
New model incumbent solution 1e+07, TIME = 0h0m0s46t = 46
RCSP solver info : size of non-robust cut bitmask in a label is 640 bits
Bucket steps were recalculated for graph G_0 : [28.8]
RCSP solver info : non-symmetric case as associated vars of the reverse arc of 0->120 are not the same
Bidirectional border value is initialised to 430.6
RCSP solver info : number of forw. reachable buckets / buck. strongly connected components is 1308( 93.3619% ) / 541( 41.3609% )
RCSP solver info : number of back. reachable buckets / buck. strongly connected components is 1328( 94.7894% ) / 601( 45.256% )
RCSP solver info: std. label size is 56, ext. label size is 136
Generating neighbourhoods for rank-1 cuts separation
Building structures for 4- and 5-row rank-1 packing cut separation...done!
Model is built TIME = 0h0m0s54t = 54
************************************************************************************************
**** BaB tree root node
**** Local DB = -1e+12, global bounds : [ -1e+12 , 1e+07 ], TIME = 0h0m0s55t = 55
**** 1 open nodes, 0 columns (0 active), 0 dyn. constrs. (0 active), 242 art. vars. (242 active)
************************************************************************************************
#<DWph=2> <it=  1> <et=0.56> <Mt= 0.00> <Spt= 0.00> <nCl= 30> <al=0.00> <DB=-54719914740.0000> <Mlp=1452000000.0000> <PB=10000000> 
#<DWph=2> <it=  2> <et=0.57> <Mt= 0.00> <Spt= 0.01> <nCl= 30> <al=0.55> <DB=-42748154148.1200> <Mlp=1164000710.4000> <PB=10000000> 
#<DWph=2> <it=  3> <et=0.58> <Mt= 0.00> <Spt= 0.01> <nCl= 30> <al=0.45> <DB=-33055421031.3248> <Mlp=952001040.7621> <PB=10000000> 
#<DWph=2> <it=  4> <et=0.58> <Mt= 0.00> <Spt= 0.00> <nCl= 30> <al=0.51> <DB=-26759731826.8957> <Mlp=817801654.9250> <PB=10000000> 
#<DWph=2> <it=  5> <et=0.59> <Mt= 0.00> <Spt= 0.01> <nCl= 30> <al=0.55> <DB=-23622446065.8048> <Mlp=761953048.3614> <PB=10000000> 
#<DWph=2> <it=  6> <et=0.60> <Mt= 0.00> <Spt= 0.01> <nCl= 30> <al=0.60> <DB=-22850011551.2850> <Mlp=634357054.0729> <PB=10000000> 
#<DWph=2> <it=  7> <et=0.61> <Mt= 0.00> <Spt= 0.00> <nCl= 30> <al=0.64> <DB=-19896396646.5838> <Mlp=560847464.2068> <PB=10000000> 
#<DWph=2> <it=  8> <et=0.61> <Mt= 0.00> <Spt= 0.01> <nCl= 30> <al=0.68> <DB=-17068505221.8472> <Mlp=511398457.8988> <PB=10000000> 
#<DWph=2> <it=  9> <et=0.62> <Mt= 0.00> <Spt= 0.01> <nCl= 30> <al=0.71> <DB=-14758268971.1764> <Mlp=458745153.5779> <PB=10000000> 
#<DWph=2> <it= 10> <et=0.63> <Mt= 0.00> <Spt= 0.01> <nCl= 30> <al=0.74> <DB=-15027121149.9542> <Mlp=437879466.0184> <PB=10000000> 
#<DWph=2> <it= 11> <et=0.64> <Mt= 0.01> <Spt= 0.00> <nCl= 30> <al=0.76> <DB=-13743708189.6255> <Mlp=386513128.4233> <PB=10000000> 
#<DWph=2> <it= 12> <et=0.65> <Mt= 0.00> <Spt= 0.01> <nCl= 30> <al=0.79> <DB=-11804066086.6767> <Mlp=337886738.8857> <PB=10000000> 
#<DWph=2> <it= 13> <et=0.66> <Mt= 0.00> <Spt= 0.00> <nCl= 30> <al=0.81> <DB=-11569052730.3962> <Mlp=285391473.0810> <PB=10000000> 
#<DWph=2> <it= 14> <et=0.67> <Mt= 0.00> <Spt= 0.01> <nCl= 30> <al=0.83> <DB=-11306956441.9346> <Mlp=270034662.2238> <PB=10000000> 
#<DWph=2> <it= 15> <et=0.68> <Mt= 0.00> <Spt= 0.01> <nCl= 30> <al=0.84> <DB=-10673730219.9536> <Mlp=257981668.4700> <PB=10000000> 
#<DWph=2> <it= 16> <et=0.69> <Mt= 0.01> <Spt= 0.01> <nCl= 30> <al=0.86> <DB=-9982820919.9225> <Mlp=245542033.6446> <PB=10000000> 
#<DWph=2> <it= 17> <et=0.70> <Mt= 0.00> <Spt= 0.00> <nCl= 30> <al=0.87> <DB=-9630755864.3185> <Mlp=212093527.2026> <PB=10000000> 
#<DWph=2> <it= 18> <et=0.71> <Mt= 0.00> <Spt= 0.01> <nCl= 30> <al=0.77> <DB=-8724180379.5722> <Mlp=198150342.8265> <PB=10000000> 
#<DWph=2> <it= 19> <et=0.72> <Mt= 0.01> <Spt= 0.01> <nCl= 30> <al=0.80> <DB=-8416350744.9726> <Mlp=191199983.3869> <PB=10000000> 
#<DWph=2> <it= 20> <et=0.73> <Mt= 0.00> <Spt= 0.00> <nCl= 30> <al=0.70> <DB=-7649513712.2202> <Mlp=171194922.2696> <PB=10000000> 
#<DWph=2> <it= 21> <et=0.74> <Mt= 0.00> <Spt= 0.01> <nCl= 30> <al=0.73> <DB=-7375841535.7658> <Mlp=158170774.7106> <PB=10000000> 
#<DWph=2> <it= 22> <et=0.75> <Mt= 0.01> <Spt= 0.01> <nCl= 30> <al=0.75> <DB=-7492575936.9124> <Mlp=151279300.3343> <PB=10000000> 
#<DWph=2> <it= 23> <et=0.76> <Mt= 0.00> <Spt= 0.01> <nCl= 30> <al=0.78> <DB=-6554082307.1824> <Mlp=144239381.8850> <PB=10000000> 
#<DWph=2> <it= 24> <et=0.77> <Mt= 0.00> <Spt= 0.00> <nCl= 30> <al=0.80> <DB=-6184512144.2234> <Mlp=137603104.4869> <PB=10000000> 
#<DWph=2> <it= 25> <et=0.78> <Mt= 0.01> <Spt= 0.01> <nCl= 30> <al=0.82> <DB=-4936360664.8359> <Mlp=125732241.9812> <PB=10000000> 
#<DWph=2> <it= 26> <et=0.79> <Mt= 0.00> <Spt= 0.01> <nCl= 30> <al=0.72> <DB=-4941975625.2450> <Mlp=117495853.6756> <PB=10000000> 
#<DWph=2> <it= 27> <et=0.80> <Mt= 0.01> <Spt= 0.00> <nCl= 30> <al=0.75> <DB=-4162160589.6196> <Mlp=116138666.4702> <PB=10000000> 
#<DWph=2> <it= 28> <et=0.82> <Mt= 0.00> <Spt= 0.01> <nCl= 30> <al=0.65> <DB=-3322493776.6582> <Mlp=114316572.9130> <PB=10000000> 
#<DWph=2> <it= 29> <et=0.83> <Mt= 0.00> <Spt= 0.01> <nCl= 30> <al=0.68> <DB=-2656729089.9215> <Mlp=111249853.0932> <PB=10000000> 
#<DWph=2> <it= 30> <et=0.84> <Mt= 0.01> <Spt= 0.00> <nCl= 30> <al=0.72> <DB=-2990956535.4589> <Mlp=106973905.2161> <PB=10000000> 
#<DWph=2> <it= 31> <et=0.85> <Mt= 0.00> <Spt= 0.01> <nCl= 30> <al=0.74> <DB=-2421489868.4549> <Mlp=103927601.4682> <PB=10000000> 
#<DWph=2> <it= 32> <et=0.86> <Mt= 0.01> <Spt= 0.01> <nCl= 30> <al=0.64> <DB=-2123051206.6128> <Mlp=101692995.1625> <PB=10000000> 
#<DWph=2> <it= 33> <et=0.88> <Mt= 0.00> <Spt= 0.01> <nCl= 30> <al=0.68> <DB=-1805098144.0800> <Mlp=99054631.3939> <PB=10000000> 
#<DWph=2> <it= 34> <et=0.89> <Mt= 0.01> <Spt= 0.00> <nCl= 30> <al=0.58> <DB=-1533560300.9586> <Mlp=98342274.3288> <PB=10000000> 
#<DWph=2> <it= 35> <et=0.91> <Mt= 0.01> <Spt= 0.02> <nCl= 30> <al=0.00> <DB=95902091.4813> <Mlp=96005629.0327> <PB=10000000> 
#<DWph=2> <it= 36> <et=0.92> <Mt= 0.00> <Spt= 0.00> <nCl= 30> <al=0.52> <DB=95921486.6145> <Mlp=96005585.4260> <PB=10000000> 
#<DWph=2> <it= 37> <et=0.94> <Mt= 0.01> <Spt= 0.01> <nCl= 30> <al=0.42> <DB=95928349.7982> <Mlp=96005491.8332> <PB=10000000> 
#<DWph=2> <it= 38> <et=0.95> <Mt= 0.00> <Spt= 0.01> <nCl= 30> <al=0.48> <DB=95942982.0650> <Mlp=96005437.2194> <PB=10000000> 
#<DWph=2> <it= 39> <et=0.96> <Mt= 0.01> <Spt= 0.00> <nCl= 30> <al=0.38> <DB=95938097.7566> <Mlp=96005367.5405> <PB=10000000> 
#<DWph=2> <it= 40> <et=0.97> <Mt= 0.00> <Spt= 0.01> <nCl= 30> <al=0.44> <DB=95953043.6921> <Mlp=96005296.7220> <PB=10000000> 
#<DWph=2> <it= 41> <et=0.98> <Mt= 0.01> <Spt= 0.01> <nCl= 30> <al=0.50> <DB=95953563.7503> <Mlp=96005173.7224> <PB=10000000> 
#<DWph=2> <it= 42> <et=1.00> <Mt= 0.01> <Spt= 0.00> <nCl= 30> <al=0.55> <DB=95942104.8622> <Mlp=96005106.3227> <PB=10000000> 
#<DWph=2> <it= 43> <et=1.01> <Mt= 0.00> <Spt= 0.01> <nCl= 30> <al=0.59> <DB=95959729.5066> <Mlp=96005010.7638> <PB=10000000> 
#<DWph=2> <it= 44> <et=1.02> <Mt= 0.01> <Spt= 0.01> <nCl= 30> <al=0.63> <DB=95959154.7909> <Mlp=96004857.8150> <PB=10000000> 
#<DWph=2> <it= 45> <et=1.03> <Mt= 0.00> <Spt= 0.00> <nCl= 30> <al=0.67> <DB=95967062.2960> <Mlp=96004820.5466> <PB=10000000> 
#<DWph=2> <it= 46> <et=1.05> <Mt= 0.01> <Spt= 0.01> <nCl= 30> <al=0.70> <DB=95963652.4064> <Mlp=96004750.4562> <PB=10000000> 
#<DWph=2> <it= 47> <et=1.06> <Mt= 0.00> <Spt= 0.01> <nCl= 30> <al=0.73> <DB=95971643.7660> <Mlp=96004720.1530> <PB=10000000> 
#<DWph=2> <it= 48> <et=1.07> <Mt= 0.01> <Spt= 0.00> <nCl= 30> <al=0.76> <DB=95973886.8184> <Mlp=96004657.2849> <PB=10000000> 
#<DWph=2> <it= 49> <et=1.08> <Mt= 0.00> <Spt= 0.01> <nCl= 30> <al=0.66> <DB=95973436.6347> <Mlp=96004603.3883> <PB=10000000> 
#<DWph=2> <it= 50> <et=1.09> <Mt= 0.01> <Spt= 0.01> <nCl= 30> <al=0.69> <DB=95976915.7832> <Mlp=96004510.3871> <PB=10000000> 
#<DWph=2> <it= 51> <et=1.11> <Mt= 0.01> <Spt= 0.00> <nCl= 30> <al=0.59> <DB=95975399.4986> <Mlp=96004425.0067> <PB=10000000> 
#<DWph=2> <it= 52> <et=1.12> <Mt= 0.00> <Spt= 0.01> <nCl= 30> <al=0.63> <DB=95979532.0876> <Mlp=96004388.3471> <PB=10000000> 
#<DWph=2> <it= 53> <et=1.13> <Mt= 0.01> <Spt= 0.01> <nCl= 30> <al=0.67> <DB=95980690.9551> <Mlp=96004340.0847> <PB=10000000> 
#<DWph=2> <it= 54> <et=1.15> <Mt= 0.01> <Spt= 0.00> <nCl= 30> <al=0.70> <DB=95982992.2372> <Mlp=96004302.2189> <PB=10000000> 
#<DWph=2> <it= 55> <et=1.16> <Mt= 0.00> <Spt= 0.01> <nCl= 30> <al=0.73> <DB=95981626.0454> <Mlp=96004263.5381> <PB=10000000> 
#<DWph=2> <it= 56> <et=1.17> <Mt= 0.01> <Spt= 0.01> <nCl= 30> <al=0.76> <DB=95982194.6630> <Mlp=96004233.7395> <PB=10000000> 
#<DWph=2> <it= 57> <et=1.19> <Mt= 0.00> <Spt= 0.01> <nCl= 30> <al=0.78> <DB=95985403.7230> <Mlp=96004201.3965> <PB=10000000> 
#<DWph=2> <it= 58> <et=1.20> <Mt= 0.01> <Spt= 0.00> <nCl= 30> <al=0.68> <DB=95985827.4180> <Mlp=96004177.2948> <PB=10000000> 
#<DWph=2> <it= 59> <et=1.21> <Mt= 0.00> <Spt= 0.01> <nCl= 30> <al=0.72> <DB=95986210.9845> <Mlp=96004138.1453> <PB=10000000> 
#<DWph=2> <it= 60> <et=1.23> <Mt= 0.01> <Spt= 0.01> <nCl= 30> <al=0.74> <DB=95986717.6160> <Mlp=96004106.3636> <PB=10000000> 
#<DWph=2> <it= 61> <et=1.24> <Mt= 0.01> <Spt= 0.00> <nCl= 30> <al=0.77> <DB=95988052.7932> <Mlp=96004083.6652> <PB=10000000> 
#<DWph=2> <it= 62> <et=1.25> <Mt= 0.00> <Spt= 0.01> <nCl= 30> <al=0.79> <DB=95985127.7057> <Mlp=96004053.4066> <PB=10000000> 
#<DWph=2> <it= 63> <et=1.27> <Mt= 0.01> <Spt= 0.01> <nCl= 30> <al=0.69> <DB=95989598.0428> <Mlp=96004038.5012> <PB=10000000> 
#<DWph=2> <it= 64> <et=1.28> <Mt= 0.00> <Spt= 0.01> <nCl= 30> <al=0.72> <DB=95990984.2142> <Mlp=96004018.3306> <PB=10000000> 
#<DWph=2> <it= 65> <et=1.29> <Mt= 0.01> <Spt= 0.00> <nCl= 30> <al=0.75> <DB=95993133.0155> <Mlp=96003993.1620> <PB=10000000> 
#<DWph=2> <it= 66> <et=1.30> <Mt= 0.00> <Spt= 0.01> <nCl= 30> <al=0.78> <DB=95992349.1224> <Mlp=96003976.2046> <PB=10000000> 
#<DWph=2> <it= 67> <et=1.32> <Mt= 0.01> <Spt= 0.01> <nCl= 29> <al=0.80> <DB=95992559.6237> <Mlp=96003948.1880> <PB=10000000> 
#<DWph=2> <it= 68> <et=1.33> <Mt= 0.00> <Spt= 0.00> <nCl= 30> <al=0.70> <DB=95995098.9280> <Mlp=96003927.7589> <PB=10000000> 
#<DWph=2> <it= 69> <et=1.34> <Mt= 0.01> <Spt= 0.01> <nCl= 30> <al=0.60> <DB=95991877.7580> <Mlp=96003920.4184> <PB=10000000> 
#<DWph=2> <it= 70> <et=1.35> <Mt= 0.00> <Spt= 0.01> <nCl= 30> <al=0.64> <DB=95994255.4686> <Mlp=96003907.8366> <PB=10000000> 
#<DWph=2> <it= 71> <et=1.36> <Mt= 0.01> <Spt= 0.01> <nCl= 30> <al=0.54> <DB=95994740.9100> <Mlp=96003884.6053> <PB=10000000> 
#<DWph=2> <it= 72> <et=1.38> <Mt= 0.00> <Spt= 0.00> <nCl= 30> <al=0.58> <DB=95996344.4454> <Mlp=96003872.2362> <PB=10000000> 
#<DWph=2> <it= 73> <et=1.39> <Mt= 0.01> <Spt= 0.01> <nCl= 30> <al=0.48> <DB=95994434.9462> <Mlp=96003855.5617> <PB=10000000> 
#<DWph=2> <it= 74> <et=1.40> <Mt= 0.00> <Spt= 0.01> <nCl= 30> <al=0.54> <DB=95996224.4139> <Mlp=96003838.8017> <PB=10000000> 
#<DWph=2> <it= 75> <et=1.41> <Mt= 0.01> <Spt= 0.01> <nCl= 30> <al=0.58> <DB=95997659.1402> <Mlp=96003821.4647> <PB=10000000> 
#<DWph=2> <it= 76> <et=1.42> <Mt= 0.00> <Spt= 0.00> <nCl= 30> <al=0.62> <DB=95998220.5915> <Mlp=96003815.3970> <PB=10000000> 
#<DWph=2> <it= 77> <et=1.44> <Mt= 0.00> <Spt= 0.01> <nCl= 30> <al=0.66> <DB=95998987.0654> <Mlp=96003810.2957> <PB=10000000> 
#<DWph=2> <it= 78> <et=1.45> <Mt= 0.01> <Spt= 0.01> <nCl= 30> <al=0.70> <DB=95998572.0489> <Mlp=96003802.3665> <PB=10000000> 
#<DWph=2> <it= 79> <et=1.46> <Mt= 0.00> <Spt= 0.00> <nCl= 30> <al=0.60> <DB=95999065.5069> <Mlp=96003793.4781> <PB=10000000> 
#<DWph=2> <it= 80> <et=1.47> <Mt= 0.01> <Spt= 0.01> <nCl= 30> <al=0.50> <DB=95998770.1223> <Mlp=96003782.0174> <PB=10000000> 
#<DWph=2> <it= 81> <et=1.48> <Mt= 0.00> <Spt= 0.01> <nCl= 30> <al=0.55> <DB=95998149.3476> <Mlp=96003774.2531> <PB=10000000> 
#<DWph=2> <it= 82> <et=1.49> <Mt= 0.01> <Spt= 0.01> <nCl= 30> <al=0.59> <DB=95998436.2904> <Mlp=96003765.1556> <PB=10000000> 
#<DWph=2> <it= 83> <et=1.50> <Mt= 0.00> <Spt= 0.00> <nCl= 30> <al=0.63> <DB=95999552.5285> <Mlp=96003758.3787> <PB=10000000> 
#<DWph=2> <it= 84> <et=1.52> <Mt= 0.01> <Spt= 0.01> <nCl= 30> <al=0.53> <DB=95999752.8971> <Mlp=96003742.6297> <PB=10000000> 
#<DWph=2> <it= 85> <et=1.53> <Mt= 0.01> <Spt= 0.01> <nCl= 30> <al=0.58> <DB=95997489.1765> <Mlp=96003741.4014> <PB=10000000> 
#<DWph=2> <it= 86> <et=1.55> <Mt= 0.00> <Spt= 0.00> <nCl= 30> <al=0.48> <DB=96000102.6194> <Mlp=96003738.4114> <PB=10000000> 
#<DWph=2> <it= 87> <et=1.56> <Mt= 0.01> <Spt= 0.01> <nCl= 30> <al=0.53> <DB=95998660.6819> <Mlp=96003736.0941> <PB=10000000> 
#<DWph=2> <it= 88> <et=1.57> <Mt= 0.00> <Spt= 0.01> <nCl= 30> <al=0.58> <DB=96001331.0407> <Mlp=96003730.4413> <PB=10000000> 
#<DWph=2> <it= 89> <et=1.59> <Mt= 0.00> <Spt= 0.01> <nCl= 30> <al=0.48> <DB=96001019.8896> <Mlp=96003727.9154> <PB=10000000> 
#<DWph=2> <it= 90> <et=1.60> <Mt= 0.01> <Spt= 0.01> <nCl= 30> <al=0.53> <DB=96001653.7984> <Mlp=96003725.2270> <PB=10000000> 
#<DWph=2> <it= 91> <et=1.61> <Mt= 0.00> <Spt= 0.01> <nCl= 30> <al=0.58> <DB=96001368.4285> <Mlp=96003722.6934> <PB=10000000> 
#<DWph=2> <it= 92> <et=1.62> <Mt= 0.01> <Spt= 0.00> <nCl= 20> <al=0.62> <DB=96002554.6740> <Mlp=96003720.8870> <PB=10000000> 
#<DWph=2> <it= 93> <et=1.63> <Mt= 0.00> <Spt= 0.01> <nCl= 30> <al=0.52> <DB=95999929.4372> <Mlp=96003719.9729> <PB=10000000> 
#<DWph=2> <it= 94> <et=1.65> <Mt= 0.01> <Spt= 0.01> <nCl= 28> <al=0.57> <DB=96003063.2426> <Mlp=96003718.1506> <PB=10000000> 
#<DWph=2> <it= 95> <et=1.65> <Mt= 0.00> <Spt= 0.00> <nCl= 22> <al=0.61> <DB=96002022.4854> <Mlp=96003717.4041> <PB=10000000> 
#<DWph=2> <it= 96> <et=1.66> <Mt= 0.00> <Spt= 0.01> <nCl= 21> <al=0.65> <DB=96002209.4672> <Mlp=96003717.1824> <PB=10000000> 
#<DWph=2> <it= 97> <et=1.67> <Mt= 0.00> <Spt= 0.01> <nCl= 12> <al=0.55> <DB=96002764.9061> <Mlp=96003716.7379> <PB=10000000> 
#<DWph=2> <it= 98> <et=1.68> <Mt= 0.00> <Spt= 0.00> <nCl= 17> <al=0.45> <DB=96002648.8732> <Mlp=96003715.8955> <PB=10000000> 
#<DWph=2> <it= 99> <et=1.69> <Mt= 0.01> <Spt= 0.01> <nCl= 16> <al=0.35> <DB=96003050.6558> <Mlp=96003714.1619> <PB=10000000> 
#<DWph=2> <it=100> <et=1.70> <Mt= 0.00> <Spt= 0.01> <nCl= 22> <al=0.25> <DB=96002355.8614> <Mlp=96003713.6405> <PB=10000000> 
#<DWph=2> <it=101> <et=1.71> <Mt= 0.00> <Spt= 0.00> <nCl= 23> <al=0.15> <DB=96002551.7599> <Mlp=96003713.1594> <PB=10000000> 
#<DWph=2> <it=102> <et=1.72> <Mt= 0.01> <Spt= 0.01> <nCl= 18> <al=0.23> <DB=96002846.1889> <Mlp=96003713.0150> <PB=10000000> 
#<DWph=2> <it=103> <et=1.73> <Mt= 0.00> <Spt= 0.01> <nCl= 28> <al=0.13> <DB=96001846.2234> <Mlp=96003712.1459> <PB=10000000> 
#<DWph=2> <it=104> <et=1.74> <Mt= 0.00> <Spt= 0.00> <nCl= 26> <al=0.22> <DB=96003026.2852> <Mlp=96003710.4499> <PB=10000000> 
#<DWph=2> <it=105> <et=1.75> <Mt= 0.00> <Spt= 0.01> <nCl= 27> <al=0.12> <DB=96002122.1575> <Mlp=96003710.1210> <PB=10000000> 
#<DWph=2> <it=106> <et=1.76> <Mt= 0.01> <Spt= 0.01> <nCl=  9> <al=0.21> <DB=96002888.8416> <Mlp=96003709.9966> <PB=10000000> 
#<DWph=2> <it=107> <et=1.77> <Mt= 0.00> <Spt= 0.01> <nCl= 21> <al=0.11> <DB=96002380.1515> <Mlp=96003709.6710> <PB=10000000> 
#<DWph=2> <it=108> <et=1.78> <Mt= 0.00> <Spt= 0.00> <nCl= 12> <al=0.20> <DB=96002877.8571> <Mlp=96003709.5239> <PB=10000000> 
#<DWph=2> <it=109> <et=1.79> <Mt= 0.00> <Spt= 0.01> <nCl=  4> <al=0.28> <DB=96003460.7081> <Mlp=96003709.5239> <PB=10000000> 
#<DWph=2> <it=110> <et=1.79> <Mt= 0.00> <Spt= 0.01> <nCl=  4> <al=0.18> <DB=96003585.6710> <Mlp=96003709.5237> <PB=10000000> 
#<DWph=2> <it=111> <et=1.81> <Mt= 0.01> <Spt= 0.01> <nCl= 13> <al=0.26> <DB=96003659.8485> <Mlp=96003709.5005> <PB=10000000> 
#<DWph=2> <it=112> <et=1.81> <Mt= 0.00> <Spt= 0.00> <nCl=  5> <al=0.33> <DB=96003046.2204> <Mlp=96003709.3468> <PB=10000000> 
#<DWph=2> <it=113> <et=1.82> <Mt= 0.00> <Spt= 0.01> <nCl=  2> <al=0.40> <DB=96003549.6818> <Mlp=96003709.3468> <PB=10000000> 
#<DWph=2> <it=114> <et=1.83> <Mt= 0.00> <Spt= 0.01> <nCl= 17> <al=0.00> <DB=96003207.9276> <Mlp=96003709.3468> <PB=10000000> 
#<DWph=2> <it=115> <et=1.84> <Mt= 0.00> <Spt= 0.01> <nCl=  7> <al=0.36> <DB=96003660.2735> <Mlp=96003709.3091> <PB=10000000> 
#<DWph=2> <it=116> <et=1.85> <Mt= 0.00> <Spt= 0.01> <nCl= 18> <al=0.00> <DB=96003233.3449> <Mlp=96003709.3091> <PB=10000000> 
#<DWph=2> <it=117> <et=1.86> <Mt= 0.00> <Spt= 0.00> <nCl=  9> <al=0.32> <DB=96003519.0795> <Mlp=96003709.0728> <PB=10000000> 
#<DWph=2> <it=118> <et=1.88> <Mt= 0.01> <Spt= 0.02> <nCl= 15> <al=0.00> <DB=96003617.5909> <Mlp=96003709.0728> <PB=10000000> 
#<DWph=2> <it=119> <et=1.89> <Mt= 0.00> <Spt= 0.01> <nCl=  7> <al=0.00> <DB=96003625.0728> <Mlp=96003709.0728> <PB=10000000> 
#<DWph=2> <it=120> <et=1.91> <Mt= 0.00> <Spt= 0.02> <nCl=  5> <al=0.00> <DB=96003688.7422> <Mlp=96003709.0728> <PB=10000000> 
#<DWph=2> <it=121> <et=1.92> <Mt= 0.00> <Spt= 0.01> <nCl=  4> <al=0.00> <DB=96003709.0728> <Mlp=96003709.0728> <PB=10000000> 
 Artificial variables in the solution : decreasing phase of stage 
#<DWph=1> <it=122> <et=1.93> <Mt= 0.00> <Spt= 0.01> <nCl= 30> <al=0.00> <DB=96000617.1752> <Mlp=96003709.0728> <PB=10000000> 
#<DWph=1> <it=123> <et=1.95> <Mt= 0.01> <Spt= 0.01> <nCl= 30> <al=0.00> <DB=95999879.6431> <Mlp=96003702.2829> <PB=10000000> 
#<DWph=1> <it=124> <et=1.97> <Mt= 0.00> <Spt= 0.01> <nCl= 30> <al=0.09> <DB=96001431.0285> <Mlp=96003702.2829> <PB=10000000> 
#<DWph=1> <it=125> <et=1.98> <Mt= 0.01> <Spt= 0.01> <nCl= 30> <al=0.18> <DB=96001260.8448> <Mlp=96003697.7570> <PB=10000000> 
#<DWph=1> <it=126> <et=2.00> <Mt= 0.01> <Spt= 0.01> <nCl= 30> <al=0.08> <DB=95998373.9725> <Mlp=96003693.0902> <PB=10000000> 
#<DWph=1> <it=127> <et=2.02> <Mt= 0.00> <Spt= 0.01> <nCl= 30> <al=0.18> <DB=96001317.3419> <Mlp=96003693.0902> <PB=10000000> 
#<DWph=1> <it=128> <et=2.03> <Mt= 0.00> <Spt= 0.01> <nCl= 30> <al=0.26> <DB=96000871.3340> <Mlp=96003693.0902> <PB=10000000> 
#<DWph=1> <it=129> <et=2.04> <Mt= 0.01> <Spt= 0.01> <nCl= 30> <al=0.33> <DB=96002349.4620> <Mlp=96003689.0074> <PB=10000000> 
#<DWph=1> <it=130> <et=2.06> <Mt= 0.00> <Spt= 0.01> <nCl= 30> <al=0.23> <DB=96002474.3386> <Mlp=96003687.8235> <PB=10000000> 
#<DWph=1> <it=131> <et=2.07> <Mt= 0.00> <Spt= 0.01> <nCl= 30> <al=0.31> <DB=96002126.1433> <Mlp=96003686.0268> <PB=10000000> 
#<DWph=1> <it=132> <et=2.09> <Mt= 0.01> <Spt= 0.01> <nCl= 30> <al=0.38> <DB=96002392.9642> <Mlp=96003684.8609> <PB=10000000> 
#<DWph=1> <it=133> <et=2.10> <Mt= 0.00> <Spt= 0.01> <nCl= 24> <al=0.44> <DB=96003239.2556> <Mlp=96003684.0845> <PB=10000000> 
#<DWph=1> <it=134> <et=2.11> <Mt= 0.00> <Spt= 0.01> <nCl= 30> <al=0.34> <DB=96003253.1376> <Mlp=96003683.2698> <PB=10000000> 
#<DWph=1> <it=135> <et=2.13> <Mt= 0.01> <Spt= 0.01> <nCl= 30> <al=0.41> <DB=96001063.8561> <Mlp=96003681.3050> <PB=10000000> 
#<DWph=1> <it=136> <et=2.15> <Mt= 0.01> <Spt= 0.01> <nCl= 30> <al=0.47> <DB=96002555.9395> <Mlp=96003680.6007> <PB=10000000> 
#<DWph=1> <it=137> <et=2.17> <Mt= 0.01> <Spt= 0.01> <nCl= 30> <al=0.52> <DB=96001935.8933> <Mlp=96003678.2861> <PB=10000000> 
#<DWph=1> <it=138> <et=2.18> <Mt= 0.00> <Spt= 0.01> <nCl= 29> <al=0.57> <DB=96003012.9278> <Mlp=96003676.3403> <PB=10000000> 
#<DWph=1> <it=139> <et=2.20> <Mt= 0.01> <Spt= 0.01> <nCl= 11> <al=0.61> <DB=96003332.5730> <Mlp=96003673.7407> <PB=10000000> 
#<DWph=1> <it=140> <et=2.21> <Mt= 0.00> <Spt= 0.01> <nCl= 28> <al=0.51> <DB=96003223.9300> <Mlp=96003673.7407> <PB=10000000> 
#<DWph=1> <it=141> <et=2.22> <Mt= 0.00> <Spt= 0.01> <nCl= 11> <al=0.56> <DB=96003482.8175> <Mlp=96003673.5416> <PB=10000000> 
#<DWph=1> <it=142> <et=2.23> <Mt= 0.00> <Spt= 0.01> <nCl= 30> <al=0.46> <DB=96001709.8820> <Mlp=96003673.4779> <PB=10000000> 
#<DWph=1> <it=143> <et=2.25> <Mt= 0.01> <Spt= 0.01> <nCl= 13> <al=0.51> <DB=96003463.3910> <Mlp=96003673.1967> <PB=10000000> 
#<DWph=1> <it=144> <et=2.26> <Mt= 0.00> <Spt= 0.01> <nCl=  3> <al=0.56> <DB=96003459.3325> <Mlp=96003673.1353> <PB=10000000> 
#<DWph=1> <it=145> <et=2.27> <Mt= 0.00> <Spt= 0.01> <nCl= 17> <al=0.46> <DB=96003353.5352> <Mlp=96003673.1353> <PB=10000000> 
#<DWph=1> <it=146> <et=2.29> <Mt= 0.00> <Spt= 0.02> <nCl= 32> <al=0.03> <DB=96003170.6772> <Mlp=96003672.9538> <PB=10000000> 
#<DWph=1> <it=147> <et=2.30> <Mt= 0.01> <Spt= 0.01> <nCl= 13> <al=0.42> <DB=96003479.1796> <Mlp=96003672.8383> <PB=10000000> 
#<DWph=1> <it=148> <et=2.33> <Mt= 0.00> <Spt= 0.02> <nCl= 32> <al=0.00> <DB=96003312.2569> <Mlp=96003672.8310> <PB=10000000> 
#<DWph=1> <it=149> <et=2.34> <Mt= 0.00> <Spt= 0.01> <nCl= 19> <al=0.37> <DB=96003442.5668> <Mlp=96003672.4705> <PB=10000000> 
#<DWph=1> <it=150> <et=2.36> <Mt= 0.00> <Spt= 0.01> <nCl=  9> <al=0.44> <DB=96003532.3274> <Mlp=96003672.3526> <PB=10000000> 
#<DWph=1> <it=151> <et=2.37> <Mt= 0.01> <Spt= 0.01> <nCl=  6> <al=0.49> <DB=96003618.8053> <Mlp=96003672.3309> <PB=10000000> 
#<DWph=1> <it=152> <et=2.38> <Mt= 0.00> <Spt= 0.01> <nCl=  7> <al=0.39> <DB=96003454.7926> <Mlp=96003672.2917> <PB=10000000> 
#<DWph=1> <it=153> <et=2.40> <Mt= 0.00> <Spt= 0.02> <nCl= 27> <al=0.00> <DB=96003384.2917> <Mlp=96003672.2917> <PB=10000000> 
#<DWph=1> <it=154> <et=2.41> <Mt= 0.00> <Spt= 0.01> <nCl= 11> <al=0.35> <DB=96003571.5377> <Mlp=96003672.2004> <PB=10000000> 
#<DWph=1> <it=155> <et=2.43> <Mt= 0.00> <Spt= 0.02> <nCl= 18> <al=0.00> <DB=96003571.9983> <Mlp=96003672.1765> <PB=10000000> 
#<DWph=1> <it=156> <et=2.44> <Mt= 0.00> <Spt= 0.01> <nCl=  9> <al=0.32> <DB=96003630.2582> <Mlp=96003672.1689> <PB=10000000> 
#<DWph=1> <it=157> <et=2.46> <Mt= 0.01> <Spt= 0.02> <nCl=  5> <al=0.00> <DB=96003600.1629> <Mlp=96003672.1629> <PB=10000000> 
#<DWph=1> <it=158> <et=2.49> <Mt= 0.00> <Spt= 0.02> <nCl= 13> <al=0.00> <DB=96003600.1629> <Mlp=96003672.1629> <PB=10000000> 
#<DWph=1> <it=159> <et=2.51> <Mt= 0.00> <Spt= 0.02> <nCl=  5> <al=0.00> <DB=96003600.1629> <Mlp=96003672.1629> <PB=10000000> 
#<DWph=1> <it=160> <et=2.53> <Mt= 0.00> <Spt= 0.02> <nCl=  8> <al=0.00> <DB=96003600.1629> <Mlp=96003672.1629> <PB=10000000> 
#<DWph=1> <it=161> <et=2.54> <Mt= 0.00> <Spt= 0.01> <nCl=  4> <al=0.00> <DB=96003667.8801> <Mlp=96003672.0744> <PB=10000000> 
#<DWph=1> <it=162> <et=2.55> <Mt= 0.00> <Spt= 0.01> <nCl=  9> <al=0.09> <DB=96003668.4972> <Mlp=96003672.0744> <PB=10000000> 
#<DWph=1> <it=163> <et=2.57> <Mt= 0.00> <Spt= 0.02> <nCl=  5> <al=0.00> <DB=96003672.0744> <Mlp=96003672.0744> <PB=10000000> 
 Artificial variables in the solution : decreasing phase of stage 
#    RCSP exact solver info for graph G_0 : TT = 0.014211, pt = 5.3e-05, dt = 0.011826, ct = 0.001288, ndl = 4797', bdl = 80325', odl = 6769', odf = 32474', bsi = 1766', cnt = 2637', bdch = 411477', odch = 74743', lcp = 111215', #sols = 150
<DWph=0> <it=164> <et=2.59> <Mt= 0.00> <Spt= 0.02> <nCl=150> <al=0.08> <DB=96001050.2246> <Mlp=96003672.0744> <PB=10000000> 
RCSP solver dynamic params and stats :  bidir.bord. = 430.6 aver.obdmd = 9.90164 aver.buck.num. = 11.4836
@@ 1 0 9.60011e+07 0.013114 0.013114 52.5513 2.59
ColGenEvalAlg final dual bound: 9.60011e+07 (rounded: 9.60011e+07)
************************************************************************************************
Search is finished, global bounds : [ 1e+07 , 1e+07 ], TIME = 0h0m2s60t = 260
************************************************************************************************
statistics_cols: instance & :Optimal & cutoff & :bcRecRootDb & :bcTimeRootEval & :bcCountNodeProc & :bcRecBestDb & :bcRecBestInc & :bcTimeMain \\
statistics: instance_33-triangle & 1 & 1.0e7 & 96001050.22 & 2.60 & 1 & 10000000.00 & -- & 2.60 \\
########################################################
Problem infeasible
########################################################

end_time=2026-04-20 14:01:02
exit_code=0
