instance_file=/mnt/c/Users/porin/OneDrive/Documentos/Python-Mestrado/Modelagem Matemática/Programação Inteira - Uchoa/Problema VRPRDL/instancias_turco/VRPRDL-triangle/vrptw_convertidos/instance_3-triangle.txt
instance_name=instance_3-triangle
start_time=2026-04-20 14:16:30

  Activating project at `~/VRPSolver/VRPSolverDemos/other/VRPTW`
Application parameters:
  batch  =>  nothing
  update  =>  false
  tikz  =>  nothing
  instance  =>  "/mnt/c/Users/porin/OneDrive/Documentos/Python-Mestrado/Modelagem Matemática/Programação Inteira - Uchoa/Problema VRPRDL/instancias_turco/VRPRDL-triangle/vrptw_convertidos/instance_3-triangle.txt"
  out  =>  nothing
  nosolve  =>  false
  ub  =>  1.0e7
  sol  =>  nothing
  cfg  =>  "/home/poringman/VRPSolver/VRPSolverDemos/other/VRPTW/config/VRPTW_set_2.cfg"
  enable_cap_res  =>  false
~~~~~~~~~~~~~~~~~~~~~~~~~~~~~~~~~~~~~~~~~~~~~~~~~~~~~~~~~~~~~~~~~~~~~~~~~~~~~~~~~~~~~
GIT VERSION RCSP: 
GIT BRANCH: 
~~~~~~~~~~~~~~~~~~~~~~~~~~~~~~~~~~~~~~~~~~~~~~~~~~~~~~~~~~~~~~~~~~~~~~~~~~~~~~~~~~~~~
VRPSolver v0.6.16, 10/11/2025, © Inria Bordeaux, France, vrpsolver.math.u-bordeaux.fr
      Corresponds to the solver by Pessoa, Sadykov, Uchoa and Vanderbeck (2020)
                 Paper: dx.doi.org/10.1007/s10107-020-01523-z
~~~~~~~~~~~~~~~~~~~~~~~~~~~~~~~~~~~~~~~~~~~~~~~~~~~~~~~~~~~~~~~~~~~~~~~~~~~~~~~~~~~~~
GIT VERSION BAPCOD: a7cb21f19424236c9d0da5dcf94961797a519470
GIT BRANCH: main
~~~~~~~~~~~~~~~~~~~~~~~~~~~~~~~~~~~~~~~~~~~~~~~~~~~~~~~~~~~~~~~~~~~~~~~~~~~~~~~~~~~~~
   BaPCod v0.84, 10/11/2025, © Inria Bordeaux, France, bapcod.math.u-bordeaux.fr 
           THIS CODE IS PROVIDED AS IS, USE IT AT YOUR OWN RISK
~~~~~~~~~~~~~~~~~~~~~~~~~~~~~~~~~~~~~~~~~~~~~~~~~~~~~~~~~~~~~~~~~~~~~~~~~~~~~~~~~~~~~
--- MAIN PARAMETERS ---
GlobalTimeLimitInTick = 2147483645
GlobalTimeLimit = 21474836
ClockType = 0
MaxNbOfBBtreeNodeTreated = 100000
optimalityGapTolerance = 1e-06
relOptimalityGapTolerance = 1e-09
ApplyPreprocessing = true
PreprocessVariablesLocalBounds = false
treeSearchStrategy = 1
OpenNodesLimit = 1000
DEFAULTPRINTLEVEL = 0
--- MIP SOLVER PARAMETERS ---
solverName = CPLEX_SOLVER
MipSolverMaxBBNodes = 2000000
MipSolverMaxTime = 360000
MipSolverMultiThread = 1
--- COLUMN GENERATION PARAMETERS ---
SolverSelectForMast = a
  colGenSubProbSolMode = customSolver
mastInitMode = localArtCol
ArtVarPenaltyUpdateFactor = 2
ArtVarMaxNbOfPenaltyUpdates = 5
MaxNbOfStagesInColGenProcedure = 3
GenerateProperColumns = false
InsertAllGeneratedColumnsInFormRatherThanInPool = true
InsertNewNonNegColumnsDirectlyInFormRatherThanInPool = true
ColumnCleanupThreshold = 10000
ColumnCleanupRatio = 0.66
ReducedCostFixingThreshold = 0.9
--- CUT GENERATION PARAMETERS ---
MasterCuttingPlanesDepthLimit = 1000
MaxNbOfCutGeneratedAtEachIter = 1000
CutTailingOffThreshold = 0.015
CutTailingOffCounterThreshold = 3
CutCleanupThreshold = 1
CutCleanupRatio = 0.66
ColGenSpRelaxationImprovementPriority = 2
--- STABILIZATION PARAMETERS ---
colGenDualPriceSmoothingAlphaFactor = 1
colGenDualPriceSmoothingBetaFactor = 0
colGenStabilizationFunctionType = none
colGenProximalStabilizationRule = undefined
StabilFuncKappa = 1
colGenStabilizationMaxTreeDepth = 10000
StabilizationMinPhaseOfStage = 0
--- PRIMAL HEURISTIC PARAMETERS ---
UseInitialPrimalHeur = false
MaxTimeForRestrictedMasterIpHeur = -1
CallFrequencyOfRestrictedMasterIpHeur = 5
MIPemphasisInRestrictedMasterIpHeur = 1
PolishingAfterTimeInRestrictedMasterIpHeur = -1
DivingHeurUseDepthLimit = -1
CallFrequencyOfDivingHeur = 1
LeastFractional
Closest2RoundUp
LeastGreedyCost
LeastCost
FixIntValBeforeRoundingHeur = true
MaxNbOfCgIteDuringRh = 5000
MaxLDSbreadth = 0
MaxLDSdepth = 0
DivingHeurStopsWithFirstFeasSol = false
DivingHeurPreprocessBeforeChoosingVar = false
StrongDivingCandidatesNumber = 1
EvalAlgParamsInDiving = max#cand. = 1 max#cg.iters = 10000 min.lvl.sp.restr. = 1 min#cut.rounds = 0 max#cut.rounds = 0 red.cost.fix&enum. = false tree.size.ratio = 1
LocalSearchHeurUseDepthLimit = -1
LeastFractional
Closest2RoundUp
LeastGreedyCost
LeastCost
MaxFactorOfColFixedByLocalSearchHeur = 0.8
MaxLocalSearchIterationCounter = 3
--- STRONG BRANCHING PARAMETERS ---
SimplifiedStrongBranchingParameterisation = true
StrongBranchingPhaseOneCandidatesNumber = 50
StrongBranchingPhaseOneTreeSizeEstimRatio = 100
StrongBranchingPhaseTwoCandidatesNumber = 3
StrongBranchingPhaseTwoTreeSizeEstimRatio = 100
SafeDualBoundScaleFactor = -1
StrongBranchingPhaseOne = max#cand. = 50 max#cg.iters = 0 min.lvl.sp.restr. = 0 min#cut.rounds = 0 max#cut.rounds = 0 red.cost.fix&enum. = false tree.size.ratio = 100
StrongBranchingPhaseTwo = max#cand. = 3 max#cg.iters = 10000 min.lvl.sp.restr. = 1 min#cut.rounds = 0 max#cut.rounds = 0 red.cost.fix&enum. = false tree.size.ratio = 100
StrongBranchingPhaseThree = max#cand. = 1 max#cg.iters = 10000 min.lvl.sp.restr. = 0 min#cut.rounds = 0 max#cut.rounds = 10000 red.cost.fix&enum. = true tree.size.ratio = 1
StrongBranchingPhaseFour =not active
--- DEBUG OUTPUT PARAMETERS ---
printMasterPrimalSols = 0
--- VRPSOLVER PARAMETERS ---
RCSPstopCutGenTimeThresholdInPricing = 30
RCSPhardTimeThresholdInPricing = 20
RCSPredCostFixingTimeThreshold = 100
RCSPnumberOfBucketsPerVertex = 25
RCSPdynamicBucketSteps = 1
RCSPuseBidirectionalSearch = 1
RCSPapplyReducedCostFixing = 1
RCSPmaxNumOfColsPerIteration = 30
RCSPmaxNumOfColsPerExactIteration = 150
RCSPmaxNumOfLabelsInEnumeration = 1000000
RCSPmaxNumOfLabelsInHeurEnumeration = 0
RCSPmaxNumOfEnumeratedSolutions = 5000000
RCSPmaxNumOfEnumSolutionsForMIP = 10000
RCSPmaxNumOfEnumSolsForEndOfNodeMIP = 10000
RCSPinitNGneighbourhoodSize = 8
RCSPmaxNGneighbourhoodSize = 16
RCSPrankOneCutsMaxNumRows = 5
RCSPrankOneCutsMaxNumPerRound = 100
RCSPrankOneCutsMemoryType = 1
RCSPrankOneCutsLSnumIterations = 1000
RCSPallowRoutesWithSameVerticesSet = true
RCSPredCostFixingFalseGap = 0
SafeDualBoundScaleFactor = -1
RCSPmaxNumOfLabelsInHeurEnumeration = 0
MaxNumEnumSolsInRestrictedMasterIpHeur = 5000

prName & bcTimeMain \\ 
New model incumbent solution 1e+07, TIME = 0h0m0s35t = 35
RCSP solver info : size of non-robust cut bitmask in a label is 640 bits
Bucket steps were recalculated for graph G_0 : [28.8]
RCSP solver info : non-symmetric case as associated vars of the reverse arc of 0->15 are not the same
Bidirectional border value is initialised to 445.5
RCSP solver info : number of forw. reachable buckets / buck. strongly connected components is 197( 84.9138% ) / 182( 92.3858% )
RCSP solver info : number of back. reachable buckets / buck. strongly connected components is 196( 84.4828% ) / 168( 85.7143% )
RCSP solver info: std. label size is 56, ext. label size is 136
Generating neighbourhoods for rank-1 cuts separation
Building structures for 4- and 5-row rank-1 packing cut separation...done!
Model is built TIME = 0h0m0s35t = 35
************************************************************************************************
**** BaB tree root node
**** Local DB = -1e+12, global bounds : [ -1e+12 , 1e+07 ], TIME = 0h0m0s35t = 35
**** 1 open nodes, 0 columns (0 active), 0 dyn. constrs. (0 active), 32 art. vars. (32 active)
************************************************************************************************
#<DWph=2> <it=  1> <et=0.35> <Mt= 0.00> <Spt= 0.00> <nCl= 30> <al=0.00> <DB=-1259992446.0000> <Mlp=192000000.0000> <PB=10000000> 
#<DWph=2> <it=  2> <et=0.35> <Mt= 0.00> <Spt= 0.00> <nCl= 28> <al=0.55> <DB=-822593139.3450> <Mlp=72000693.9000> <PB=10000000> 
#<DWph=2> <it=  3> <et=0.36> <Mt= 0.00> <Spt= 0.00> <nCl= 30> <al=0.45> <DB=-833316233.2507> <Mlp=62000819.0333> <PB=10000000> 
#<DWph=2> <it=  4> <et=0.36> <Mt= 0.00> <Spt= 0.00> <nCl= 30> <al=0.35> <DB=-703255112.9945> <Mlp=18001206.8000> <PB=10000000> 
<DWph=2> <it=  5> <et=0.36> <Mt= 0.00> <Spt= 0.00> <nCl= 30> <al=0.25> <DB=-435009236.7999> <Mlp= 1407.6000> <PB=10000000> 
<DWph=2> <it=  6> <et=0.36> <Mt= 0.00> <Spt= 0.00> <nCl= 30> <al=0.00> <DB=-3543.1000> <Mlp= 1385.9000> <PB=10000000> 
<DWph=2> <it=  7> <et=0.36> <Mt= 0.00> <Spt= 0.00> <nCl= 29> <al=0.23> <DB=-1621.1694> <Mlp= 1220.6146> <PB=10000000> 
<DWph=2> <it=  8> <et=0.36> <Mt= 0.00> <Spt= 0.00> <nCl= 19> <al=0.13> <DB=-1794.2666> <Mlp= 1097.0400> <PB=10000000> 
<DWph=2> <it=  9> <et=0.36> <Mt= 0.00> <Spt= 0.00> <nCl= 15> <al=0.21> <DB=  -87.9427> <Mlp= 1047.7333> <PB=10000000> 
<DWph=2> <it= 10> <et=0.36> <Mt= 0.00> <Spt= 0.00> <nCl= 21> <al=0.11> <DB=-1339.4877> <Mlp= 1026.4167> <PB=10000000> 
<DWph=2> <it= 11> <et=0.36> <Mt= 0.00> <Spt= 0.00> <nCl= 12> <al=0.01> <DB=  469.7910> <Mlp=  952.6000> <PB=10000000> 
<DWph=2> <it= 12> <et=0.36> <Mt= 0.00> <Spt= 0.00> <nCl=  4> <al=0.11> <DB=  898.8875> <Mlp=  952.6000> <PB=10000000> 
<DWph=2> <it= 13> <et=0.36> <Mt= 0.00> <Spt= 0.00> <nCl=  1> <al=0.00> <DB=  952.4000> <Mlp=  952.4000> <PB=10000000> 
<DWph=1> <it= 14> <et=0.36> <Mt= 0.00> <Spt= 0.00> <nCl=  7> <al=0.00> <DB= -405.1000> <Mlp=  952.4000> <PB=10000000> 
<DWph=1> <it= 15> <et=0.36> <Mt= 0.00> <Spt= 0.00> <nCl= 18> <al=0.00> <DB=  335.9000> <Mlp=  952.4000> <PB=10000000> 
<DWph=1> <it= 16> <et=0.36> <Mt= 0.00> <Spt= 0.00> <nCl=  6> <al=0.00> <DB=  -30.1000> <Mlp=  952.4000> <PB=10000000> 
<DWph=1> <it= 17> <et=0.36> <Mt= 0.00> <Spt= 0.00> <nCl= 12> <al=0.00> <DB=  541.4000> <Mlp=  952.4000> <PB=10000000> 
<DWph=1> <it= 18> <et=0.36> <Mt= 0.00> <Spt= 0.00> <nCl=  3> <al=0.00> <DB=  952.4000> <Mlp=  952.4000> <PB=10000000> 
    RCSP exact solver info for graph G_0 : TT = 0.00025, pt = 4e-06, dt = 8.6e-05, ct = 5.1e-05, ndl = 115', bdl = 80', odl = 182', odf = 1191', bsi = 400', cnt = 627', bdch = 722', odch = 665', lcp = 155', #sols = 150
<DWph=0> <it= 19> <et=0.36> <Mt= 0.00> <Spt= 0.00> <nCl= 97> <al=0.00> <DB=  214.4000> <Mlp=  952.4000> <PB=10000000> 
    RCSP exact solver info for graph G_0 : TT = 0.000398, pt = 9e-06, dt = 0.000185, ct = 6.9e-05, ndl = 165', bdl = 113', odl = 224', odf = 1413', bsi = 460', cnt = 693', bdch = 1364', odch = 1205', lcp = 371', #sols = 150
<DWph=0> <it= 20> <et=0.37> <Mt= 0.00> <Spt= 0.00> <nCl= 88> <al=0.00> <DB=  821.9000> <Mlp=  952.4000> <PB=10000000> 
    RCSP exact solver info for graph G_0 : TT = 0.000285, pt = 9e-06, dt = 0.000101, ct = 5.9e-05, ndl = 125', bdl = 94', odl = 172', odf = 1100', bsi = 473', cnt = 624', bdch = 647', odch = 597', lcp = 102', #sols = 150
<DWph=0> <it= 21> <et=0.37> <Mt= 0.00> <Spt= 0.00> <nCl= 35> <al=0.00> <DB=  952.4000> <Mlp=  952.4000> <PB=10000000> 
RCSP solver dynamic params and stats :  bidir.bord. = 472.2 aver.obdmd = 10.5882 aver.buck.num. = 13.6471
@@ 1 0 952.4 0.000183667 0.000254 57.8299 0.37
RCSP      solver labels distribution in 56 buckets (bucket size) : largest - 7, top 0.1% - 7, top 0.5% - 7, top 2% - 6, top 10% - 5, top 50% - 2
Reduced cost fixing for graph G_0...  TT = 0.000284, pt = 1.1e-05, dt = 0.000253, ct = 0, ndl = 375', bdl = 865', odl = 555', odf = 5939', lpcb = 221', cnt = 1963', bdch = 6893', odch = 4913', lcp = 1156'
1573 buck. arcs remain (92.6% from prev., 61.3% from max.) + 0 jump buck. arcs (0% from max.)
Backward reduced cost fixing... 1132 buck. arcs remain (89.9% from prev., 44.4% from max.) + 66 jump buck. arcs (2.59% from max.)
 TT = 0.001164, pt = 1.1e-05, dt = 0.000253, ct = 0.000838, ndl = 375', bdl = 865', odl = 555', odf = 5939', lpcb = 221', cnt = 3536', bdch = 6893', odch = 4913', lcp = 1156'
RCSP      solver labels distribution in 117 buckets (bucket size) : largest - 19, top 0.1% - 19, top 0.5% - 19, top 2% - 11, top 10% - 7, top 50% - 2
Run forward enumeration with border = 472.2... succeeded! lpt = 0.021187, ndl = 966', dl = 3658', lpcb = 227', dch = 34947'
Run backward enumeration... succeeded! lpt = 0.013059, ndl = 980', dl = 527', lpcb = 0', dch = 1980'
Run enumeration concatenation with time limit 0.3 sec.... done!
 TT = 0.072356, pt = 0.01991, dt = 0.034246, ct = 0.004895, ndl = 1946', bdl = 4185', lpcb = 227', cnt = 25022', bdch = 36927', odch = 0', lcp = 0'
Enumeration succeeded!, number of elem. solutions is 7848
Estimating inspection time...     TT = 0.000436, performed by inspection with 7848 solutions, nbR1C = 0, nbDiscC = 0
Inspection time is low enough. Pricing will be done by inspection.
Added 471 columns in the formulation 
Removed 74 columns (not in the enumerated set) from the formulation
Regenerated 471 columns with the 'enumerated' flag
Added 7613 columns in the formulation 
ColGenEvalAlg final dual bound: 952.4 (rounded: 952.4)
----- Terminating the node by MIP -----
Version identifier: 22.1.2.0 | 2024-11-26 | 0edbb82fd
CPXPARAM_Advance                                 0
CPXPARAM_Preprocessing_Linear                    0
CPXPARAM_Threads                                 1
CPXPARAM_MIP_Strategy_CallbackReducedLP          0
CPXPARAM_MIP_Limits_Nodes                        2000000
CPXPARAM_Simplex_Tolerances_Optimality           9.9999999999999995e-08
CPXPARAM_Simplex_Tolerances_Feasibility          9.9999999999999995e-08
CPXPARAM_TimeLimit                               360000
CPXPARAM_MIP_Tolerances_UpperCutoff              10000000
CPXPARAM_MIP_Tolerances_MIPGap                   1.0000000000000001e-09
Legacy callback                                  L
Warning: Control callbacks may disable some MIP features.
Tried aggregator 1 time.
MIP Presolve eliminated 2 rows and 0 columns.
MIP Presolve modified 8142 coefficients.
Reduced MIP has 15 rows, 8084 columns, and 46707 nonzeros.
Reduced MIP has 8084 binaries, 0 generals, 0 SOSs, and 0 indicators.
Presolve time = 0.02 sec. (20.91 ticks)
Probing time = 0.01 sec. (13.30 ticks)
Clique table members: 15.
MIP emphasis: balance optimality and feasibility.
MIP search method: traditional branch-and-cut.
Parallel mode: none, using 1 thread.
Root relaxation solution time = 0.01 sec. (9.94 ticks)

        Nodes                                         Cuts/
   Node  Left     Objective  IInf  Best Integer    Best Bound    ItCnt     Gap         Variable B NodeID Parent  Depth

      0     0      952.4000     3                    952.4000       68         
Shrinking heuristic shrunk 9 edges
*     0+    0                         1102.6000      952.4000            13.62%
Shrinking heuristic shrunk 12 edges
*     0+    0                         1056.3000      952.4000             9.84%
Shrinking heuristic shrunk 12 edges
*     0     0      integral     0      977.3000       Cuts: 2       86    0.00%
      0     0        cutoff            977.3000      977.3000       86    0.00%                        0             0
Elapsed time = 0.05 sec. (76.79 ticks, tree = 0.01 MB, solutions = 3)

Clique cuts applied:  1
Zero-half cuts applied:  1

Root node processing (before b&c):
  Real time             =    0.05 sec. (77.13 ticks)
Sequential b&c:
  Real time             =    0.00 sec. (0.00 ticks)
                          ------------
Total (root+branch&cut) =    0.05 sec. (77.13 ticks)
Solution status = Optimum
Shrinking heuristic shrunk 12 edges
New model incumbent solution 977.3, TIME = 0h0m0s59t = 59
************************************************************************************************
Search is finished, global bounds : [ 977.3 , 977.3 ], TIME = 0h0m0s59t = 59
************************************************************************************************
[32mBaPCod : solution defined.[00m
statistics_cols: instance & :Optimal & cutoff & :bcRecRootDb & :bcTimeRootEval & :bcCountNodeProc & :bcRecBestDb & :bcRecBestInc & :bcTimeMain \\
statistics: instance_3-triangle & 1 & 1.0e7 & 977.30 & 0.59 & 1 & 977.30 & 977.30 & 0.59 \\
########################################################
Route #1: 11 9 10 2 4 
Route #2: 12 8 5 3 
Route #3: 13 6 15 14 7 1 
Cost 977.3
########################################################

end_time=2026-04-20 14:16:39
exit_code=0
