instance_file=/mnt/c/Users/porin/OneDrive/Documentos/Python-Mestrado/Modelagem Matemática/Programação Inteira - Uchoa/Problema VRPRDL/instancias_turco/VRPRDL-triangle/vrptw_convertidos/instance_24-triangle.txt
instance_name=instance_24-triangle
start_time=2026-04-20 14:14:45

  Activating project at `~/VRPSolver/VRPSolverDemos/other/VRPTW`
Application parameters:
  batch  =>  nothing
  update  =>  false
  tikz  =>  nothing
  instance  =>  "/mnt/c/Users/porin/OneDrive/Documentos/Python-Mestrado/Modelagem Matemática/Programação Inteira - Uchoa/Problema VRPRDL/instancias_turco/VRPRDL-triangle/vrptw_convertidos/instance_24-triangle.txt"
  out  =>  nothing
  nosolve  =>  false
  ub  =>  1.0e7
  sol  =>  nothing
  cfg  =>  "/home/poringman/VRPSolver/VRPSolverDemos/other/VRPTW/config/VRPTW_set_2.cfg"
  enable_cap_res  =>  false
~~~~~~~~~~~~~~~~~~~~~~~~~~~~~~~~~~~~~~~~~~~~~~~~~~~~~~~~~~~~~~~~~~~~~~~~~~~~~~~~~~~~~
GIT VERSION RCSP: 
GIT BRANCH: 
~~~~~~~~~~~~~~~~~~~~~~~~~~~~~~~~~~~~~~~~~~~~~~~~~~~~~~~~~~~~~~~~~~~~~~~~~~~~~~~~~~~~~
VRPSolver v0.6.16, 10/11/2025, © Inria Bordeaux, France, vrpsolver.math.u-bordeaux.fr
      Corresponds to the solver by Pessoa, Sadykov, Uchoa and Vanderbeck (2020)
                 Paper: dx.doi.org/10.1007/s10107-020-01523-z
~~~~~~~~~~~~~~~~~~~~~~~~~~~~~~~~~~~~~~~~~~~~~~~~~~~~~~~~~~~~~~~~~~~~~~~~~~~~~~~~~~~~~
GIT VERSION BAPCOD: a7cb21f19424236c9d0da5dcf94961797a519470
GIT BRANCH: main
~~~~~~~~~~~~~~~~~~~~~~~~~~~~~~~~~~~~~~~~~~~~~~~~~~~~~~~~~~~~~~~~~~~~~~~~~~~~~~~~~~~~~
   BaPCod v0.84, 10/11/2025, © Inria Bordeaux, France, bapcod.math.u-bordeaux.fr 
           THIS CODE IS PROVIDED AS IS, USE IT AT YOUR OWN RISK
~~~~~~~~~~~~~~~~~~~~~~~~~~~~~~~~~~~~~~~~~~~~~~~~~~~~~~~~~~~~~~~~~~~~~~~~~~~~~~~~~~~~~
--- MAIN PARAMETERS ---
GlobalTimeLimitInTick = 2147483645
GlobalTimeLimit = 21474836
ClockType = 0
MaxNbOfBBtreeNodeTreated = 100000
optimalityGapTolerance = 1e-06
relOptimalityGapTolerance = 1e-09
ApplyPreprocessing = true
PreprocessVariablesLocalBounds = false
treeSearchStrategy = 1
OpenNodesLimit = 1000
DEFAULTPRINTLEVEL = 0
--- MIP SOLVER PARAMETERS ---
solverName = CPLEX_SOLVER
MipSolverMaxBBNodes = 2000000
MipSolverMaxTime = 360000
MipSolverMultiThread = 1
--- COLUMN GENERATION PARAMETERS ---
SolverSelectForMast = a
  colGenSubProbSolMode = customSolver
mastInitMode = localArtCol
ArtVarPenaltyUpdateFactor = 2
ArtVarMaxNbOfPenaltyUpdates = 5
MaxNbOfStagesInColGenProcedure = 3
GenerateProperColumns = false
InsertAllGeneratedColumnsInFormRatherThanInPool = true
InsertNewNonNegColumnsDirectlyInFormRatherThanInPool = true
ColumnCleanupThreshold = 10000
ColumnCleanupRatio = 0.66
ReducedCostFixingThreshold = 0.9
--- CUT GENERATION PARAMETERS ---
MasterCuttingPlanesDepthLimit = 1000
MaxNbOfCutGeneratedAtEachIter = 1000
CutTailingOffThreshold = 0.015
CutTailingOffCounterThreshold = 3
CutCleanupThreshold = 1
CutCleanupRatio = 0.66
ColGenSpRelaxationImprovementPriority = 2
--- STABILIZATION PARAMETERS ---
colGenDualPriceSmoothingAlphaFactor = 1
colGenDualPriceSmoothingBetaFactor = 0
colGenStabilizationFunctionType = none
colGenProximalStabilizationRule = undefined
StabilFuncKappa = 1
colGenStabilizationMaxTreeDepth = 10000
StabilizationMinPhaseOfStage = 0
--- PRIMAL HEURISTIC PARAMETERS ---
UseInitialPrimalHeur = false
MaxTimeForRestrictedMasterIpHeur = -1
CallFrequencyOfRestrictedMasterIpHeur = 5
MIPemphasisInRestrictedMasterIpHeur = 1
PolishingAfterTimeInRestrictedMasterIpHeur = -1
DivingHeurUseDepthLimit = -1
CallFrequencyOfDivingHeur = 1
LeastFractional
Closest2RoundUp
LeastGreedyCost
LeastCost
FixIntValBeforeRoundingHeur = true
MaxNbOfCgIteDuringRh = 5000
MaxLDSbreadth = 0
MaxLDSdepth = 0
DivingHeurStopsWithFirstFeasSol = false
DivingHeurPreprocessBeforeChoosingVar = false
StrongDivingCandidatesNumber = 1
EvalAlgParamsInDiving = max#cand. = 1 max#cg.iters = 10000 min.lvl.sp.restr. = 1 min#cut.rounds = 0 max#cut.rounds = 0 red.cost.fix&enum. = false tree.size.ratio = 1
LocalSearchHeurUseDepthLimit = -1
LeastFractional
Closest2RoundUp
LeastGreedyCost
LeastCost
MaxFactorOfColFixedByLocalSearchHeur = 0.8
MaxLocalSearchIterationCounter = 3
--- STRONG BRANCHING PARAMETERS ---
SimplifiedStrongBranchingParameterisation = true
StrongBranchingPhaseOneCandidatesNumber = 50
StrongBranchingPhaseOneTreeSizeEstimRatio = 100
StrongBranchingPhaseTwoCandidatesNumber = 3
StrongBranchingPhaseTwoTreeSizeEstimRatio = 100
SafeDualBoundScaleFactor = -1
StrongBranchingPhaseOne = max#cand. = 50 max#cg.iters = 0 min.lvl.sp.restr. = 0 min#cut.rounds = 0 max#cut.rounds = 0 red.cost.fix&enum. = false tree.size.ratio = 100
StrongBranchingPhaseTwo = max#cand. = 3 max#cg.iters = 10000 min.lvl.sp.restr. = 1 min#cut.rounds = 0 max#cut.rounds = 0 red.cost.fix&enum. = false tree.size.ratio = 100
StrongBranchingPhaseThree = max#cand. = 1 max#cg.iters = 10000 min.lvl.sp.restr. = 0 min#cut.rounds = 0 max#cut.rounds = 10000 red.cost.fix&enum. = true tree.size.ratio = 1
StrongBranchingPhaseFour =not active
--- DEBUG OUTPUT PARAMETERS ---
printMasterPrimalSols = 0
--- VRPSOLVER PARAMETERS ---
RCSPstopCutGenTimeThresholdInPricing = 30
RCSPhardTimeThresholdInPricing = 20
RCSPredCostFixingTimeThreshold = 100
RCSPnumberOfBucketsPerVertex = 25
RCSPdynamicBucketSteps = 1
RCSPuseBidirectionalSearch = 1
RCSPapplyReducedCostFixing = 1
RCSPmaxNumOfColsPerIteration = 30
RCSPmaxNumOfColsPerExactIteration = 150
RCSPmaxNumOfLabelsInEnumeration = 1000000
RCSPmaxNumOfLabelsInHeurEnumeration = 0
RCSPmaxNumOfEnumeratedSolutions = 5000000
RCSPmaxNumOfEnumSolutionsForMIP = 10000
RCSPmaxNumOfEnumSolsForEndOfNodeMIP = 10000
RCSPinitNGneighbourhoodSize = 8
RCSPmaxNGneighbourhoodSize = 16
RCSPrankOneCutsMaxNumRows = 5
RCSPrankOneCutsMaxNumPerRound = 100
RCSPrankOneCutsMemoryType = 1
RCSPrankOneCutsLSnumIterations = 1000
RCSPallowRoutesWithSameVerticesSet = true
RCSPredCostFixingFalseGap = 0
SafeDualBoundScaleFactor = -1
RCSPmaxNumOfLabelsInHeurEnumeration = 0
MaxNumEnumSolsInRestrictedMasterIpHeur = 5000

prName & bcTimeMain \\ 
New model incumbent solution 1e+07, TIME = 0h0m0s51t = 51
RCSP solver info : size of non-robust cut bitmask in a label is 640 bits
Bucket steps were recalculated for graph G_0 : [28.8]
RCSP solver info : non-symmetric case as associated vars of the reverse arc of 0->60 are not the same
Bidirectional border value is initialised to 436.8
RCSP solver info : number of forw. reachable buckets / buck. strongly connected components is 611( 92.4357% ) / 293( 47.9542% )
RCSP solver info : number of back. reachable buckets / buck. strongly connected components is 597( 90.3177% ) / 270( 45.2261% )
RCSP solver info: std. label size is 56, ext. label size is 136
Generating neighbourhoods for rank-1 cuts separation
Building structures for 4- and 5-row rank-1 packing cut separation...done!
Model is built TIME = 0h0m0s52t = 52
************************************************************************************************
**** BaB tree root node
**** Local DB = -1e+12, global bounds : [ -1e+12 , 1e+07 ], TIME = 0h0m0s52t = 52
**** 1 open nodes, 0 columns (0 active), 0 dyn. constrs. (0 active), 122 art. vars. (122 active)
************************************************************************************************
#<DWph=2> <it=  1> <et=0.53> <Mt= 0.00> <Spt= 0.00> <nCl= 30> <al=0.00> <DB=-23039958156.0000> <Mlp=732000000.0000> <PB=10000000> 
#<DWph=2> <it=  2> <et=0.53> <Mt= 0.00> <Spt= 0.00> <nCl= 30> <al=0.55> <DB=-15542058975.2850> <Mlp=594000344.7000> <PB=10000000> 
#<DWph=2> <it=  3> <et=0.53> <Mt= 0.00> <Spt= 0.00> <nCl= 30> <al=0.45> <DB=-12701250029.6182> <Mlp=440000681.1000> <PB=10000000> 
#<DWph=2> <it=  4> <et=0.53> <Mt= 0.00> <Spt= 0.00> <nCl= 30> <al=0.51> <DB=-9727130120.1235> <Mlp=426400750.1080> <PB=10000000> 
#<DWph=2> <it=  5> <et=0.53> <Mt= 0.00> <Spt= 0.00> <nCl= 30> <al=0.55> <DB=-8624376594.7316> <Mlp=321001452.5679> <PB=10000000> 
#<DWph=2> <it=  6> <et=0.54> <Mt= 0.00> <Spt= 0.01> <nCl= 30> <al=0.60> <DB=-6981957157.9068> <Mlp=284001446.1682> <PB=10000000> 
#<DWph=2> <it=  7> <et=0.54> <Mt= 0.00> <Spt= 0.00> <nCl= 30> <al=0.64> <DB=-6871251806.9370> <Mlp=264633117.8985> <PB=10000000> 
#<DWph=2> <it=  8> <et=0.54> <Mt= 0.00> <Spt= 0.00> <nCl= 30> <al=0.68> <DB=-5735817178.8917> <Mlp=202002013.6167> <PB=10000000> 
#<DWph=2> <it=  9> <et=0.54> <Mt= 0.00> <Spt= 0.00> <nCl= 30> <al=0.71> <DB=-4416797110.2856> <Mlp=153671017.4168> <PB=10000000> 
#<DWph=2> <it= 10> <et=0.55> <Mt= 0.00> <Spt= 0.00> <nCl= 30> <al=0.61> <DB=-3690704132.4269> <Mlp=89752322.9210> <PB=10000000> 
#<DWph=2> <it= 11> <et=0.55> <Mt= 0.00> <Spt= 0.00> <nCl= 30> <al=0.65> <DB=-3059853723.8573> <Mlp=60212971.8881> <PB=10000000> 
#<DWph=2> <it= 12> <et=0.55> <Mt= 0.00> <Spt= 0.00> <nCl= 30> <al=0.68> <DB=-2452975143.7389> <Mlp=36095455.6587> <PB=10000000> 
#<DWph=2> <it= 13> <et=0.55> <Mt= 0.00> <Spt= 0.01> <nCl= 30> <al=0.71> <DB=-2170602810.7701> <Mlp=25702581.2975> <PB=10000000> 
#<DWph=2> <it= 14> <et=0.56> <Mt= 0.00> <Spt= 0.00> <nCl= 30> <al=0.74> <DB=-2221822555.2471> <Mlp=21921267.4329> <PB=10000000> 
#<DWph=2> <it= 15> <et=0.56> <Mt= 0.00> <Spt= 0.00> <nCl= 30> <al=0.77> <DB=-1925079368.3082> <Mlp=16850475.9557> <PB=10000000> 
#<DWph=2> <it= 16> <et=0.56> <Mt= 0.00> <Spt= 0.00> <nCl= 30> <al=0.67> <DB=-1707649054.3897> <Mlp=12360370.2545> <PB=10000000> 
#<DWph=2> <it= 17> <et=0.56> <Mt= 0.01> <Spt= 0.00> <nCl= 30> <al=0.70> <DB=-1272851537.7813> <Mlp=4683675.7074> <PB=10000000> 
#<DWph=2> <it= 18> <et=0.57> <Mt= 0.00> <Spt= 0.00> <nCl= 30> <al=0.60> <DB=-1047370572.3941> <Mlp=1337311.0705> <PB=10000000> 
<DWph=2> <it= 19> <et=0.57> <Mt= 0.00> <Spt= 0.01> <nCl= 30> <al=0.00> <DB=-91083.3741> <Mlp= 3802.3579> <PB=10000000> 
<DWph=2> <it= 20> <et=0.57> <Mt= 0.00> <Spt= 0.00> <nCl= 30> <al=0.54> <DB=-51286.9937> <Mlp= 3731.3037> <PB=10000000> 
<DWph=2> <it= 21> <et=0.58> <Mt= 0.00> <Spt= 0.00> <nCl= 30> <al=0.44> <DB=-28248.4829> <Mlp= 3635.7051> <PB=10000000> 
<DWph=2> <it= 22> <et=0.58> <Mt= 0.00> <Spt= 0.00> <nCl= 30> <al=0.34> <DB=-18494.9236> <Mlp= 3510.9133> <PB=10000000> 
<DWph=2> <it= 23> <et=0.58> <Mt= 0.00> <Spt= 0.00> <nCl= 30> <al=0.41> <DB=-14026.6793> <Mlp= 3452.8859> <PB=10000000> 
<DWph=2> <it= 24> <et=0.59> <Mt= 0.00> <Spt= 0.01> <nCl= 30> <al=0.47> <DB=-12000.4867> <Mlp= 3398.2958> <PB=10000000> 
<DWph=2> <it= 25> <et=0.59> <Mt= 0.00> <Spt= 0.00> <nCl= 30> <al=0.52> <DB=-11526.2436> <Mlp= 3319.5428> <PB=10000000> 
<DWph=2> <it= 26> <et=0.59> <Mt= 0.01> <Spt= 0.00> <nCl= 30> <al=0.57> <DB=-10756.8294> <Mlp= 3260.9820> <PB=10000000> 
<DWph=2> <it= 27> <et=0.59> <Mt= 0.00> <Spt= 0.00> <nCl= 30> <al=0.61> <DB=-11019.8724> <Mlp= 3205.6398> <PB=10000000> 
<DWph=2> <it= 28> <et=0.60> <Mt= 0.00> <Spt= 0.00> <nCl= 30> <al=0.65> <DB=-7414.7174> <Mlp= 3162.9792> <PB=10000000> 
<DWph=2> <it= 29> <et=0.60> <Mt= 0.00> <Spt= 0.01> <nCl= 30> <al=0.68> <DB=-5495.9786> <Mlp= 3098.6126> <PB=10000000> 
<DWph=2> <it= 30> <et=0.60> <Mt= 0.00> <Spt= 0.00> <nCl= 24> <al=0.72> <DB=-2906.6952> <Mlp= 3011.6761> <PB=10000000> 
<DWph=2> <it= 31> <et=0.61> <Mt= 0.00> <Spt= 0.00> <nCl= 29> <al=0.74> <DB=-6284.9965> <Mlp= 2970.9624> <PB=10000000> 
<DWph=2> <it= 32> <et=0.61> <Mt= 0.00> <Spt= 0.00> <nCl= 24> <al=0.77> <DB=-4840.9185> <Mlp= 2944.0174> <PB=10000000> 
<DWph=2> <it= 33> <et=0.61> <Mt= 0.00> <Spt= 0.00> <nCl= 30> <al=0.67> <DB=-2147.3646> <Mlp= 2916.6941> <PB=10000000> 
<DWph=2> <it= 34> <et=0.62> <Mt= 0.01> <Spt= 0.00> <nCl= 30> <al=0.70> <DB=-2455.4280> <Mlp= 2877.3225> <PB=10000000> 
<DWph=2> <it= 35> <et=0.62> <Mt= 0.00> <Spt= 0.01> <nCl= 30> <al=0.60> <DB=-1051.9923> <Mlp= 2843.1391> <PB=10000000> 
<DWph=2> <it= 36> <et=0.62> <Mt= 0.00> <Spt= 0.00> <nCl= 30> <al=0.64> <DB= -792.9989> <Mlp= 2835.1284> <PB=10000000> 
<DWph=2> <it= 37> <et=0.63> <Mt= 0.00> <Spt= 0.00> <nCl= 27> <al=0.68> <DB= -582.9520> <Mlp= 2829.6037> <PB=10000000> 
<DWph=2> <it= 38> <et=0.63> <Mt= 0.00> <Spt= 0.00> <nCl= 23> <al=0.71> <DB=-1019.4451> <Mlp= 2809.4822> <PB=10000000> 
<DWph=2> <it= 39> <et=0.63> <Mt= 0.00> <Spt= 0.00> <nCl= 17> <al=0.74> <DB= -341.2191> <Mlp= 2777.4561> <PB=10000000> 
<DWph=2> <it= 40> <et=0.64> <Mt= 0.00> <Spt= 0.01> <nCl= 30> <al=0.64> <DB=  236.7970> <Mlp= 2766.3651> <PB=10000000> 
<DWph=2> <it= 41> <et=0.64> <Mt= 0.00> <Spt= 0.00> <nCl= 22> <al=0.54> <DB= 1236.8469> <Mlp= 2759.3012> <PB=10000000> 
<DWph=2> <it= 42> <et=0.64> <Mt= 0.01> <Spt= 0.00> <nCl= 19> <al=0.59> <DB= 1640.1814> <Mlp= 2751.4370> <PB=10000000> 
<DWph=2> <it= 43> <et=0.64> <Mt= 0.00> <Spt= 0.00> <nCl= 17> <al=0.63> <DB= 2015.5366> <Mlp= 2751.4370> <PB=10000000> 
<DWph=2> <it= 44> <et=0.65> <Mt= 0.00> <Spt= 0.00> <nCl= 20> <al=0.53> <DB= 1500.5129> <Mlp= 2751.2576> <PB=10000000> 
<DWph=2> <it= 45> <et=0.65> <Mt= 0.00> <Spt= 0.00> <nCl=  6> <al=0.57> <DB=  735.9446> <Mlp= 2750.4025> <PB=10000000> 
<DWph=2> <it= 46> <et=0.65> <Mt= 0.00> <Spt= 0.01> <nCl= 11> <al=0.62> <DB= 2270.8559> <Mlp= 2750.4025> <PB=10000000> 
<DWph=2> <it= 47> <et=0.65> <Mt= 0.00> <Spt= 0.00> <nCl= 19> <al=0.52> <DB= 1603.4272> <Mlp= 2748.2700> <PB=10000000> 
<DWph=2> <it= 48> <et=0.65> <Mt= 0.00> <Spt= 0.00> <nCl=  3> <al=0.57> <DB= 2333.1686> <Mlp= 2748.2700> <PB=10000000> 
<DWph=2> <it= 49> <et=0.66> <Mt= 0.00> <Spt= 0.00> <nCl=  9> <al=0.61> <DB= 2431.8028> <Mlp= 2748.2700> <PB=10000000> 
<DWph=2> <it= 50> <et=0.66> <Mt= 0.00> <Spt= 0.00> <nCl=  5> <al=0.51> <DB= 2314.7531> <Mlp= 2748.2700> <PB=10000000> 
<DWph=2> <it= 51> <et=0.66> <Mt= 0.00> <Spt= 0.00> <nCl= 15> <al=0.12> <DB= 2700.8038> <Mlp= 2748.2700> <PB=10000000> 
<DWph=2> <it= 52> <et=0.66> <Mt= 0.00> <Spt= 0.00> <nCl=  9> <al=0.46> <DB= 2712.9550> <Mlp= 2748.2700> <PB=10000000> 
<DWph=2> <it= 53> <et=0.67> <Mt= 0.00> <Spt= 0.01> <nCl= 15> <al=0.00> <DB= 2712.2700> <Mlp= 2748.2700> <PB=10000000> 
<DWph=2> <it= 54> <et=0.67> <Mt= 0.00> <Spt= 0.00> <nCl=  6> <al=0.00> <DB= 2712.2700> <Mlp= 2748.2700> <PB=10000000> 
<DWph=2> <it= 55> <et=0.67> <Mt= 0.00> <Spt= 0.00> <nCl= 10> <al=0.00> <DB= 2712.2700> <Mlp= 2748.2700> <PB=10000000> 
<DWph=2> <it= 56> <et=0.67> <Mt= 0.00> <Spt= 0.00> <nCl=  0> <al=0.21> <DB= 2712.2700> <Mlp= 2748.0900> <PB=10000000> 
<DWph=1> <it= 57> <et=0.68> <Mt= 0.00> <Spt= 0.01> <nCl= 30> <al=0.21> <DB= 1578.2663> <Mlp= 2748.0900> <PB=10000000> 
<DWph=1> <it= 58> <et=0.68> <Mt= 0.00> <Spt= 0.00> <nCl= 27> <al=0.29> <DB= 1822.3102> <Mlp= 2746.1924> <PB=10000000> 
<DWph=1> <it= 59> <et=0.68> <Mt= 0.00> <Spt= 0.00> <nCl= 24> <al=0.36> <DB= 2096.8929> <Mlp= 2742.4620> <PB=10000000> 
<DWph=1> <it= 60> <et=0.69> <Mt= 0.00> <Spt= 0.00> <nCl= 24> <al=0.43> <DB=  642.6218> <Mlp= 2741.9222> <PB=10000000> 
<DWph=1> <it= 61> <et=0.69> <Mt= 0.00> <Spt= 0.00> <nCl= 23> <al=0.48> <DB= 1006.8879> <Mlp= 2740.0313> <PB=10000000> 
<DWph=1> <it= 62> <et=0.69> <Mt= 0.00> <Spt= 0.01> <nCl= 16> <al=0.53> <DB= 2396.0724> <Mlp= 2739.9615> <PB=10000000> 
<DWph=1> <it= 63> <et=0.69> <Mt= 0.01> <Spt= 0.00> <nCl= 11> <al=0.43> <DB= 2585.7233> <Mlp= 2739.8281> <PB=10000000> 
<DWph=1> <it= 64> <et=0.70> <Mt= 0.00> <Spt= 0.00> <nCl= 24> <al=0.33> <DB= 2026.5283> <Mlp= 2739.8281> <PB=10000000> 
<DWph=1> <it= 65> <et=0.70> <Mt= 0.00> <Spt= 0.00> <nCl= 21> <al=0.40> <DB= 1691.0269> <Mlp= 2735.0312> <PB=10000000> 
<DWph=1> <it= 66> <et=0.70> <Mt= 0.00> <Spt= 0.00> <nCl=  6> <al=0.46> <DB= 2622.0214> <Mlp= 2735.0312> <PB=10000000> 
<DWph=1> <it= 67> <et=0.70> <Mt= 0.00> <Spt= 0.01> <nCl= 12> <al=0.36> <DB= 2547.9375> <Mlp= 2735.0312> <PB=10000000> 
<DWph=1> <it= 68> <et=0.71> <Mt= 0.00> <Spt= 0.00> <nCl=  8> <al=0.43> <DB= 2640.6806> <Mlp= 2734.9455> <PB=10000000> 
<DWph=1> <it= 69> <et=0.71> <Mt= 0.00> <Spt= 0.00> <nCl= 10> <al=0.33> <DB= 2630.0350> <Mlp= 2734.5909> <PB=10000000> 
<DWph=1> <it= 70> <et=0.71> <Mt= 0.00> <Spt= 0.00> <nCl=  8> <al=0.00> <DB= 2713.8636> <Mlp= 2734.5909> <PB=10000000> 
<DWph=1> <it= 71> <et=0.72> <Mt= 0.00> <Spt= 0.01> <nCl=  1> <al=0.00> <DB= 2734.5909> <Mlp= 2734.5909> <PB=10000000> 
    RCSP exact solver info for graph G_0 : TT = 0.001485, pt = 1.4e-05, dt = 0.001109, ct = 0.000118, ndl = 883', bdl = 6358', odl = 1484', odf = 7675', bsi = 797', cnt = 740', bdch = 27669', odch = 7088', lcp = 6101', #sols = 150
<DWph=0> <it= 72> <et=0.72> <Mt= 0.00> <Spt= 0.00> <nCl= 99> <al=0.19> <DB= 1385.1364> <Mlp= 2734.5909> <PB=10000000> 
    RCSP exact solver info for graph G_0 : TT = 0.001883, pt = 2.5e-05, dt = 0.001284, ct = 0.000125, ndl = 1037', bdl = 7301', odl = 1688', odf = 8569', bsi = 855', cnt = 722', bdch = 35417', odch = 9435', lcp = 8196', #sols = 150
<DWph=0> <it= 73> <et=0.73> <Mt= 0.00> <Spt= 0.01> <nCl= 80> <al=0.09> <DB= 1632.1242> <Mlp= 2729.6687> <PB=10000000> 
    RCSP exact solver info for graph G_0 : TT = 0.001775, pt = 2.9e-05, dt = 0.001233, ct = 0.000184, ndl = 918', bdl = 6240', odl = 1602', odf = 8216', bsi = 1079', cnt = 956', bdch = 28234', odch = 8127', lcp = 6488', #sols = 150
<DWph=0> <it= 74> <et=0.73> <Mt= 0.00> <Spt= 0.00> <nCl= 55> <al=0.18> <DB= 2282.2566> <Mlp= 2708.6000> <PB=10000000> 
    RCSP exact solver info for graph G_0 : TT = 0.001845, pt = 2.6e-05, dt = 0.001353, ct = 0.000176, ndl = 887', bdl = 6119', odl = 1589', odf = 8161', bsi = 1131', cnt = 1000', bdch = 26450', odch = 7728', lcp = 6150', #sols = 149
<DWph=0> <it= 75> <et=0.74> <Mt= 0.00> <Spt= 0.00> <nCl= 14> <al=0.26> <DB= 2418.7954> <Mlp= 2708.6000> <PB=10000000> 
    RCSP exact solver info for graph G_0 : TT = 0.001614, pt = 2.3e-05, dt = 0.001136, ct = 0.000174, ndl = 895', bdl = 6413', odl = 1516', odf = 7859', bsi = 1130', cnt = 1071', bdch = 26975', odch = 6744', lcp = 6014', #sols = 150
    RCSP exact solver info for graph G_0 : TT = 0.001674, pt = 1.9e-05, dt = 0.001235, ct = 0.000162, ndl = 826', bdl = 6037', odl = 1512', odf = 7769', bsi = 1065', cnt = 897', bdch = 23527', odch = 6212', lcp = 5174', #sols = 150
<DWph=0> <it= 76> <et=0.74> <Mt= 0.00> <Spt= 0.01> <nCl= 26> <al=0.00> <DB= 2681.6000> <Mlp= 2708.6000> <PB=10000000> 
    RCSP exact solver info for graph G_0 : TT = 0.001616, pt = 2e-05, dt = 0.001209, ct = 0.000149, ndl = 819', bdl = 6357', odl = 1473', odf = 7697', bsi = 977', cnt = 926', bdch = 23054', odch = 5797', lcp = 4694', #sols = 150
    RCSP exact solver info for graph G_0 : TT = 0.001702, pt = 1.9e-05, dt = 0.001293, ct = 0.000155, ndl = 825', bdl = 6430', odl = 1427', odf = 7546', bsi = 993', cnt = 1062', bdch = 23761', odch = 5418', lcp = 4743', #sols = 150
<DWph=0> <it= 77> <et=0.75> <Mt= 0.00> <Spt= 0.01> <nCl= 15> <al=0.00> <DB= 2708.1500> <Mlp= 2708.1500> <PB=10000000> 
RCSP solver dynamic params and stats :  bidir.bord. = 522.3 aver.obdmd = 8.64516 aver.buck.num. = 10.6613
@@ 1 0 2708.15 0.00138687 0.001529 51.25 0.75
RCSP      solver labels distribution in 246 buckets (bucket size) : largest - 22, top 0.1% - 22, top 0.5% - 21, top 2% - 16, top 10% - 8, top 50% - 2
Reduced cost fixing for graph G_0...  TT = 0.003632, pt = 0.000263, dt = 0.003245, ct = 0, ndl = 2039', bdl = 38791', odl = 3153', odf = 16476', lpcb = 6596', cnt = 48000', bdch = 143863', odch = 23481', lcp = 20520'
15301 buck. arcs remain (79.6% from prev., 43.6% from max.) + 1121 jump buck. arcs (3.19% from max.)
Backward reduced cost fixing... 12772 buck. arcs remain (78.3% from prev., 37.3% from max.) + 2372 jump buck. arcs (6.92% from max.)
 TT = 0.014301, pt = 0.000263, dt = 0.003245, ct = 0.010584, ndl = 2039', bdl = 38791', odl = 3153', odf = 16476', lpcb = 6596', cnt = 78109', bdch = 143863', odch = 23481', lcp = 20520'
RCSP      solver labels distribution in 520 buckets (bucket size) : largest - 27, top 0.1% - 27, top 0.5% - 23, top 2% - 19, top 10% - 9, top 50% - 3
Run forward enumeration with border = 522.3... not succeeded (ratio 0.852791) lpt = 0.55026, ndl = 240005', dl = 234198', lpcb = 40437', dch = 10025434'
 TT = 0.570994, pt = 0.017, dt = 0.55026, ct = 0, ndl = 240005', bdl = 234198', lpcb = 40437', cnt = 1885473', bdch = 10025434', odch = 0', lcp = 0'
ColGenEvalAlg final dual bound: 2708.15 (rounded: 2708.15)
Shrinking heuristic shrunk 51 edges
avgVertexMem: 8 , colsForbidden = 0, phase-I = 0, phase-II = 0, colNonElem = 0, colElem = 9, TT =  0.001276
27 Rank-1 3-rows pack. cuts added ,  max viol. = 0.5, aver. viol. = 0.5
Building structures for heuristic rank-1 packing cut separation...done!
18 Rank-1 4-rows pack. cuts added ,  max viol. = 0.5, aver. viol. = 0.5
100 Rank-1 5-rows pack. cuts added ,  max viol. = 0.5, aver. viol. = 0.405
----- Add fac. cuts : R1C(145), max.viol = 0.5, aver.viol = 0.5, sep/add took 0.110025/0.0588597 sec. -----
1884 columns (1884 active), 145 dyn. constrs. (145 active), 267 art. vars. (267 active)
<DWph=2> <it=  1> <et=1.56> <Mt= 0.01> <Spt= 0.00> <nCl= 19> <al=0.50> <DB= 2308.6812> <Mlp= 2722.2125> <PB=10000000> 
<DWph=2> <it=  2> <et=1.57> <Mt= 0.00> <Spt= 0.00> <nCl=  6> <al=0.55> <DB= 2550.7796> <Mlp= 2715.4381> <PB=10000000> 
<DWph=2> <it=  3> <et=1.57> <Mt= 0.00> <Spt= 0.01> <nCl= 18> <al=0.19> <DB= 2297.9903> <Mlp= 2715.3529> <PB=10000000> 
<DWph=2> <it=  4> <et=1.58> <Mt= 0.00> <Spt= 0.00> <nCl= 15> <al=0.00> <DB= 1647.1529> <Mlp= 2715.3294> <PB=10000000> 
<DWph=2> <it=  5> <et=1.59> <Mt= 0.00> <Spt= 0.01> <nCl= 20> <al=0.00> <DB= 2667.3294> <Mlp= 2715.3294> <PB=10000000> 
<DWph=2> <it=  6> <et=1.59> <Mt= 0.00> <Spt= 0.00> <nCl=  4> <al=0.00> <DB= 2685.3294> <Mlp= 2715.3294> <PB=10000000> 
<DWph=2> <it=  7> <et=1.59> <Mt= 0.00> <Spt= 0.00> <nCl=  1> <al=0.00> <DB= 2715.3294> <Mlp= 2715.3294> <PB=10000000> 
<DWph=1> <it=  8> <et=1.60> <Mt= 0.00> <Spt= 0.01> <nCl= 10> <al=0.10> <DB= 2569.9176> <Mlp= 2715.3294> <PB=10000000> 
<DWph=1> <it=  9> <et=1.60> <Mt= 0.01> <Spt= 0.00> <nCl=  3> <al=0.19> <DB= 2575.2118> <Mlp= 2715.3294> <PB=10000000> 
<DWph=1> <it= 10> <et=1.60> <Mt= 0.00> <Spt= 0.00> <nCl=  8> <al=0.19> <DB= 2421.6417> <Mlp= 2715.0375> <PB=10000000> 
<DWph=1> <it= 11> <et=1.61> <Mt= 0.00> <Spt= 0.00> <nCl=  4> <al=0.00> <DB= 2715.0375> <Mlp= 2715.0375> <PB=10000000> 
    RCSP exact solver info for graph G_0 : TT = 0.001791, pt = 9.2e-05, dt = 0.001238, ct = 0.000215, ndl = 834', bdl = 6930', odl = 1417', odf = 7303', bsi = 1037', cnt = 1216', bdch = 24591', odch = 5258', lcp = 4444', #sols = 145
<DWph=0> <it= 12> <et=1.62> <Mt= 0.00> <Spt= 0.01> <nCl= 58> <al=0.17> <DB= 2523.5375> <Mlp= 2715.0375> <PB=10000000> 
    RCSP exact solver info for graph G_0 : TT = 0.00194, pt = 0.000142, dt = 0.0013, ct = 0.00021, ndl = 811', bdl = 6834', odl = 1394', odf = 7180', bsi = 1048', cnt = 1174', bdch = 23808', odch = 5015', lcp = 4221', #sols = 144
<DWph=0> <it= 13> <et=1.62> <Mt= 0.00> <Spt= 0.01> <nCl= 12> <al=0.25> <DB= 2658.2760> <Mlp= 2714.6250> <PB=10000000> 
    RCSP exact solver info for graph G_0 : TT = 0.001725, pt = 0.000101, dt = 0.001186, ct = 0.000182, ndl = 805', bdl = 6748', odl = 1370', odf = 7147', bsi = 1032', cnt = 1144', bdch = 23341', odch = 4934', lcp = 4116', #sols = 144
    RCSP exact solver info for graph G_0 : TT = 0.001706, pt = 9.4e-05, dt = 0.001203, ct = 0.000167, ndl = 781', bdl = 6564', odl = 1346', odf = 7014', bsi = 1026', cnt = 1129', bdch = 22103', odch = 4688', lcp = 3898', #sols = 149
<DWph=0> <it= 14> <et=1.63> <Mt= 0.00> <Spt= 0.00> <nCl= 14> <al=0.00> <DB= 2714.6250> <Mlp= 2714.6250> <PB=10000000> 
RCSP solver dynamic params and stats :  bidir.bord. = 522.3 aver.obdmd = 8.64516 aver.buck.num. = 10.6613 nbR1C = 3 with avMem = 18.6667
@@ 1 1 2714.63 0.00142525 0.00151 40.4743 1.63
    Full reduced cost fixing is not called (gap ratio is 0.999999)
ColGenEvalAlg final dual bound: 2714.63 (rounded: 2714.63)
False gap improvement since the last cut separation : 0.0239093 (2708.15)
Current active cuts : R1C(3,24.225) 3rowPackR1C(1) 4rowPackR1C(1) 5rowPackR1C(1)
Shrinking heuristic shrunk 44 edges
67 Rank-1 3-rows pack. cuts added ,  max viol. = 0.5, aver. viol. = 0.41791
Building structures for heuristic rank-1 packing cut separation...done!
60 Rank-1 4-rows pack. cuts added ,  max viol. = 0.5, aver. viol. = 0.4375
100 Rank-1 5-rows pack. cuts added ,  max viol. = 0.5, aver. viol. = 0.5
----- Add fac. cuts : R1C(227), max.viol = 0.5, aver.viol = 0.459251, sep/add took 0.126269/0.096276 sec. -----
2076 columns (2076 active), 372 dyn. constrs. (230 active), 494 art. vars. (352 active)
<DWph=2> <it=  1> <et=1.86> <Mt= 0.00> <Spt= 0.01> <nCl=  2> <al=0.00> <DB= 2719.5000> <Mlp= 2719.5000> <PB=10000000> 
<DWph=1> <it=  2> <et=1.86> <Mt= 0.00> <Spt= 0.00> <nCl=  2> <al=0.40> <DB= 2683.5000> <Mlp= 2719.5000> <PB=10000000> 
<DWph=1> <it=  3> <et=1.87> <Mt= 0.00> <Spt= 0.00> <nCl=  0> <al=0.00> <DB= 2719.5000> <Mlp= 2719.5000> <PB=10000000> 
    RCSP exact solver info for graph G_0 : TT = 0.001966, pt = 0.000184, dt = 0.001322, ct = 0.000179, ndl = 844', bdl = 7031', odl = 1423', odf = 7447', bsi = 1002', cnt = 1284', bdch = 24701', odch = 5489', lcp = 4392', #sols = 147
<DWph=0> <it=  4> <et=1.87> <Mt= 0.00> <Spt= 0.01> <nCl= 29> <al=0.20> <DB= 2647.5000> <Mlp= 2719.5000> <PB=10000000> 
Shrinking heuristic shrunk 53 edges
    RCSP exact solver info for graph G_0 : TT = 0.002096, pt = 0.000162, dt = 0.001457, ct = 0.000181, ndl = 819', bdl = 6765', odl = 1445', odf = 7495', bsi = 975', cnt = 1136', bdch = 23940', odch = 5325', lcp = 4365', #sols = 143
    RCSP exact solver info for graph G_0 : TT = 0.002034, pt = 0.000206, dt = 0.001301, ct = 0.000175, ndl = 771', bdl = 6365', odl = 1372', odf = 7082', bsi = 1021', cnt = 1180', bdch = 21960', odch = 4634', lcp = 4079', #sols = 150
<DWph=0> <it=  5> <et=1.88> <Mt= 0.00> <Spt= 0.01> <nCl= 10> <al=0.00> <DB= 2718.3000> <Mlp= 2718.3000> <PB=2718.3> 
RCSP solver dynamic params and stats :  bidir.bord. = 522.3 aver.obdmd = 8.64516 aver.buck.num. = 10.6613 nbR1C = 6 with avMem = 19.3333
@@ 1 2 2718.3 0.00153833 0.001638 40.4743 1.88
ColGenEvalAlg final dual bound: 2718.3 (rounded: 2718.3)
Gap improvement since the last cut separation : 1 (2714.63)
Current active cuts : R1C(6,35.3167) 3rowPackR1C(3) 4rowPackR1C(1) 5rowPackR1C(2)
New model incumbent solution 2718.3, TIME = 0h0m1s89t = 189
************************************************************************************************
Search is finished, global bounds : [ 2718.3 , 2718.3 ], TIME = 0h0m1s89t = 189
************************************************************************************************
[32mBaPCod : solution defined.[00m
statistics_cols: instance & :Optimal & cutoff & :bcRecRootDb & :bcTimeRootEval & :bcCountNodeProc & :bcRecBestDb & :bcRecBestInc & :bcTimeMain \\
statistics: instance_24-triangle & 1 & 1.0e7 & 2718.30 & 1.89 & 1 & 2718.30 & 2718.30 & 1.89 \\
########################################################
Route #1: 14 32 5 6 53 8 
Route #2: 31 60 11 33 57 25 43 
Route #3: 36 15 21 1 24 10 
Route #4: 40 16 39 51 29 12 38 46 
Route #5: 41 3 13 54 59 27 20 2 4 34 7 35 42 
Route #6: 47 22 26 30 23 56 37 45 28 48 
Route #7: 50 17 49 52 9 19 55 58 18 44 
Cost 2718.2999999999997
########################################################

end_time=2026-04-20 14:14:55
exit_code=0
