instance_file=/mnt/c/Users/porin/OneDrive/Documentos/Python-Mestrado/Modelagem Matemática/Programação Inteira - Uchoa/Problema VRPRDL/instancias_turco/VRPRDL-triangle/vrptw_convertidos/instance_20-triangle.txt
instance_name=instance_20-triangle
start_time=2026-04-20 14:13:46

  Activating project at `~/VRPSolver/VRPSolverDemos/other/VRPTW`
Application parameters:
  batch  =>  nothing
  update  =>  false
  tikz  =>  nothing
  instance  =>  "/mnt/c/Users/porin/OneDrive/Documentos/Python-Mestrado/Modelagem Matemática/Programação Inteira - Uchoa/Problema VRPRDL/instancias_turco/VRPRDL-triangle/vrptw_convertidos/instance_20-triangle.txt"
  out  =>  nothing
  nosolve  =>  false
  ub  =>  1.0e7
  sol  =>  nothing
  cfg  =>  "/home/poringman/VRPSolver/VRPSolverDemos/other/VRPTW/config/VRPTW_set_2.cfg"
  enable_cap_res  =>  false
~~~~~~~~~~~~~~~~~~~~~~~~~~~~~~~~~~~~~~~~~~~~~~~~~~~~~~~~~~~~~~~~~~~~~~~~~~~~~~~~~~~~~
GIT VERSION RCSP: 
GIT BRANCH: 
~~~~~~~~~~~~~~~~~~~~~~~~~~~~~~~~~~~~~~~~~~~~~~~~~~~~~~~~~~~~~~~~~~~~~~~~~~~~~~~~~~~~~
VRPSolver v0.6.16, 10/11/2025, © Inria Bordeaux, France, vrpsolver.math.u-bordeaux.fr
      Corresponds to the solver by Pessoa, Sadykov, Uchoa and Vanderbeck (2020)
                 Paper: dx.doi.org/10.1007/s10107-020-01523-z
~~~~~~~~~~~~~~~~~~~~~~~~~~~~~~~~~~~~~~~~~~~~~~~~~~~~~~~~~~~~~~~~~~~~~~~~~~~~~~~~~~~~~
GIT VERSION BAPCOD: a7cb21f19424236c9d0da5dcf94961797a519470
GIT BRANCH: main
~~~~~~~~~~~~~~~~~~~~~~~~~~~~~~~~~~~~~~~~~~~~~~~~~~~~~~~~~~~~~~~~~~~~~~~~~~~~~~~~~~~~~
   BaPCod v0.84, 10/11/2025, © Inria Bordeaux, France, bapcod.math.u-bordeaux.fr 
           THIS CODE IS PROVIDED AS IS, USE IT AT YOUR OWN RISK
~~~~~~~~~~~~~~~~~~~~~~~~~~~~~~~~~~~~~~~~~~~~~~~~~~~~~~~~~~~~~~~~~~~~~~~~~~~~~~~~~~~~~
--- MAIN PARAMETERS ---
GlobalTimeLimitInTick = 2147483645
GlobalTimeLimit = 21474836
ClockType = 0
MaxNbOfBBtreeNodeTreated = 100000
optimalityGapTolerance = 1e-06
relOptimalityGapTolerance = 1e-09
ApplyPreprocessing = true
PreprocessVariablesLocalBounds = false
treeSearchStrategy = 1
OpenNodesLimit = 1000
DEFAULTPRINTLEVEL = 0
--- MIP SOLVER PARAMETERS ---
solverName = CPLEX_SOLVER
MipSolverMaxBBNodes = 2000000
MipSolverMaxTime = 360000
MipSolverMultiThread = 1
--- COLUMN GENERATION PARAMETERS ---
SolverSelectForMast = a
  colGenSubProbSolMode = customSolver
mastInitMode = localArtCol
ArtVarPenaltyUpdateFactor = 2
ArtVarMaxNbOfPenaltyUpdates = 5
MaxNbOfStagesInColGenProcedure = 3
GenerateProperColumns = false
InsertAllGeneratedColumnsInFormRatherThanInPool = true
InsertNewNonNegColumnsDirectlyInFormRatherThanInPool = true
ColumnCleanupThreshold = 10000
ColumnCleanupRatio = 0.66
ReducedCostFixingThreshold = 0.9
--- CUT GENERATION PARAMETERS ---
MasterCuttingPlanesDepthLimit = 1000
MaxNbOfCutGeneratedAtEachIter = 1000
CutTailingOffThreshold = 0.015
CutTailingOffCounterThreshold = 3
CutCleanupThreshold = 1
CutCleanupRatio = 0.66
ColGenSpRelaxationImprovementPriority = 2
--- STABILIZATION PARAMETERS ---
colGenDualPriceSmoothingAlphaFactor = 1
colGenDualPriceSmoothingBetaFactor = 0
colGenStabilizationFunctionType = none
colGenProximalStabilizationRule = undefined
StabilFuncKappa = 1
colGenStabilizationMaxTreeDepth = 10000
StabilizationMinPhaseOfStage = 0
--- PRIMAL HEURISTIC PARAMETERS ---
UseInitialPrimalHeur = false
MaxTimeForRestrictedMasterIpHeur = -1
CallFrequencyOfRestrictedMasterIpHeur = 5
MIPemphasisInRestrictedMasterIpHeur = 1
PolishingAfterTimeInRestrictedMasterIpHeur = -1
DivingHeurUseDepthLimit = -1
CallFrequencyOfDivingHeur = 1
LeastFractional
Closest2RoundUp
LeastGreedyCost
LeastCost
FixIntValBeforeRoundingHeur = true
MaxNbOfCgIteDuringRh = 5000
MaxLDSbreadth = 0
MaxLDSdepth = 0
DivingHeurStopsWithFirstFeasSol = false
DivingHeurPreprocessBeforeChoosingVar = false
StrongDivingCandidatesNumber = 1
EvalAlgParamsInDiving = max#cand. = 1 max#cg.iters = 10000 min.lvl.sp.restr. = 1 min#cut.rounds = 0 max#cut.rounds = 0 red.cost.fix&enum. = false tree.size.ratio = 1
LocalSearchHeurUseDepthLimit = -1
LeastFractional
Closest2RoundUp
LeastGreedyCost
LeastCost
MaxFactorOfColFixedByLocalSearchHeur = 0.8
MaxLocalSearchIterationCounter = 3
--- STRONG BRANCHING PARAMETERS ---
SimplifiedStrongBranchingParameterisation = true
StrongBranchingPhaseOneCandidatesNumber = 50
StrongBranchingPhaseOneTreeSizeEstimRatio = 100
StrongBranchingPhaseTwoCandidatesNumber = 3
StrongBranchingPhaseTwoTreeSizeEstimRatio = 100
SafeDualBoundScaleFactor = -1
StrongBranchingPhaseOne = max#cand. = 50 max#cg.iters = 0 min.lvl.sp.restr. = 0 min#cut.rounds = 0 max#cut.rounds = 0 red.cost.fix&enum. = false tree.size.ratio = 100
StrongBranchingPhaseTwo = max#cand. = 3 max#cg.iters = 10000 min.lvl.sp.restr. = 1 min#cut.rounds = 0 max#cut.rounds = 0 red.cost.fix&enum. = false tree.size.ratio = 100
StrongBranchingPhaseThree = max#cand. = 1 max#cg.iters = 10000 min.lvl.sp.restr. = 0 min#cut.rounds = 0 max#cut.rounds = 10000 red.cost.fix&enum. = true tree.size.ratio = 1
StrongBranchingPhaseFour =not active
--- DEBUG OUTPUT PARAMETERS ---
printMasterPrimalSols = 0
--- VRPSOLVER PARAMETERS ---
RCSPstopCutGenTimeThresholdInPricing = 30
RCSPhardTimeThresholdInPricing = 20
RCSPredCostFixingTimeThreshold = 100
RCSPnumberOfBucketsPerVertex = 25
RCSPdynamicBucketSteps = 1
RCSPuseBidirectionalSearch = 1
RCSPapplyReducedCostFixing = 1
RCSPmaxNumOfColsPerIteration = 30
RCSPmaxNumOfColsPerExactIteration = 150
RCSPmaxNumOfLabelsInEnumeration = 1000000
RCSPmaxNumOfLabelsInHeurEnumeration = 0
RCSPmaxNumOfEnumeratedSolutions = 5000000
RCSPmaxNumOfEnumSolutionsForMIP = 10000
RCSPmaxNumOfEnumSolsForEndOfNodeMIP = 10000
RCSPinitNGneighbourhoodSize = 8
RCSPmaxNGneighbourhoodSize = 16
RCSPrankOneCutsMaxNumRows = 5
RCSPrankOneCutsMaxNumPerRound = 100
RCSPrankOneCutsMemoryType = 1
RCSPrankOneCutsLSnumIterations = 1000
RCSPallowRoutesWithSameVerticesSet = true
RCSPredCostFixingFalseGap = 0
SafeDualBoundScaleFactor = -1
RCSPmaxNumOfLabelsInHeurEnumeration = 0
MaxNumEnumSolsInRestrictedMasterIpHeur = 5000

prName & bcTimeMain \\ 
New model incumbent solution 1e+07, TIME = 0h0m0s53t = 53
RCSP solver info : size of non-robust cut bitmask in a label is 640 bits
Bucket steps were recalculated for graph G_0 : [28.8]
RCSP solver info : non-symmetric case as associated vars of the reverse arc of 0->60 are not the same
Bidirectional border value is initialised to 432.7
RCSP solver info : number of forw. reachable buckets / buck. strongly connected components is 653( 91.2011% ) / 306( 46.8606% )
RCSP solver info : number of back. reachable buckets / buck. strongly connected components is 652( 91.0615% ) / 380( 58.2822% )
RCSP solver info: std. label size is 56, ext. label size is 136
Generating neighbourhoods for rank-1 cuts separation
Building structures for 4- and 5-row rank-1 packing cut separation...done!
Model is built TIME = 0h0m0s54t = 54
************************************************************************************************
**** BaB tree root node
**** Local DB = -1e+12, global bounds : [ -1e+12 , 1e+07 ], TIME = 0h0m0s54t = 54
**** 1 open nodes, 0 columns (0 active), 0 dyn. constrs. (0 active), 122 art. vars. (122 active)
************************************************************************************************
#<DWph=2> <it=  1> <et=0.55> <Mt= 0.00> <Spt= 0.00> <nCl= 30> <al=0.00> <DB=-24479958006.0000> <Mlp=732000000.0000> <PB=10000000> 
#<DWph=2> <it=  2> <et=0.55> <Mt= 0.00> <Spt= 0.00> <nCl= 30> <al=0.55> <DB=-15333266599.6950> <Mlp=618000356.9000> <PB=10000000> 
#<DWph=2> <it=  3> <et=0.55> <Mt= 0.00> <Spt= 0.00> <nCl= 30> <al=0.45> <DB=-13363171620.8628> <Mlp=528000704.0000> <PB=10000000> 
#<DWph=2> <it=  4> <et=0.55> <Mt= 0.00> <Spt= 0.00> <nCl= 30> <al=0.51> <DB=-9754274998.3790> <Mlp=386211467.8695> <PB=10000000> 
#<DWph=2> <it=  5> <et=0.56> <Mt= 0.00> <Spt= 0.01> <nCl= 30> <al=0.41> <DB=-7988779039.0520> <Mlp=340651166.8012> <PB=10000000> 
#<DWph=2> <it=  6> <et=0.56> <Mt= 0.00> <Spt= 0.00> <nCl= 30> <al=0.46> <DB=-7389055898.8173> <Mlp=259467545.5922> <PB=10000000> 
#<DWph=2> <it=  7> <et=0.56> <Mt= 0.00> <Spt= 0.00> <nCl= 30> <al=0.52> <DB=-5950851539.6794> <Mlp=225203589.6377> <PB=10000000> 
#<DWph=2> <it=  8> <et=0.56> <Mt= 0.00> <Spt= 0.00> <nCl= 30> <al=0.57> <DB=-5725676875.6272> <Mlp=201812724.5295> <PB=10000000> 
#<DWph=2> <it=  9> <et=0.57> <Mt= 0.00> <Spt= 0.00> <nCl= 30> <al=0.61> <DB=-5195521212.9018> <Mlp=128094646.1397> <PB=10000000> 
#<DWph=2> <it= 10> <et=0.57> <Mt= 0.00> <Spt= 0.00> <nCl= 30> <al=0.65> <DB=-4866503106.7990> <Mlp=111108495.0917> <PB=10000000> 
#<DWph=2> <it= 11> <et=0.57> <Mt= 0.00> <Spt= 0.01> <nCl= 30> <al=0.68> <DB=-3776748593.2167> <Mlp=77372568.9499> <PB=10000000> 
#<DWph=2> <it= 12> <et=0.57> <Mt= 0.00> <Spt= 0.00> <nCl= 30> <al=0.72> <DB=-3224410831.3492> <Mlp=57162261.6635> <PB=10000000> 
#<DWph=2> <it= 13> <et=0.58> <Mt= 0.00> <Spt= 0.00> <nCl= 30> <al=0.74> <DB=-2652761858.7814> <Mlp=46036166.8656> <PB=10000000> 
#<DWph=2> <it= 14> <et=0.58> <Mt= 0.00> <Spt= 0.00> <nCl= 30> <al=0.64> <DB=-2157543334.6409> <Mlp=35290345.2255> <PB=10000000> 
#<DWph=2> <it= 15> <et=0.58> <Mt= 0.00> <Spt= 0.00> <nCl= 30> <al=0.54> <DB=-3110817012.5156> <Mlp=25707858.9590> <PB=10000000> 
#<DWph=2> <it= 16> <et=0.58> <Mt= 0.00> <Spt= 0.00> <nCl= 30> <al=0.59> <DB=-1887762356.0843> <Mlp=20703817.8749> <PB=10000000> 
#<DWph=2> <it= 17> <et=0.59> <Mt= 0.01> <Spt= 0.00> <nCl= 30> <al=0.63> <DB=-1726656587.5269> <Mlp=16903448.6549> <PB=10000000> 
#<DWph=2> <it= 18> <et=0.59> <Mt= 0.00> <Spt= 0.01> <nCl= 30> <al=0.67> <DB=-1485730389.8601> <Mlp=7341903.0595> <PB=10000000> 
#<DWph=2> <it= 19> <et=0.59> <Mt= 0.00> <Spt= 0.00> <nCl= 30> <al=0.70> <DB=-1097502311.5282> <Mlp=66799.1034> <PB=10000000> 
<DWph=2> <it= 20> <et=0.60> <Mt= 0.00> <Spt= 0.00> <nCl= 30> <al=0.00> <DB=-68310.3485> <Mlp= 3929.6951> <PB=10000000> 
<DWph=2> <it= 21> <et=0.60> <Mt= 0.00> <Spt= 0.00> <nCl= 30> <al=0.50> <DB=-37001.5906> <Mlp= 3811.2547> <PB=10000000> 
<DWph=2> <it= 22> <et=0.60> <Mt= 0.00> <Spt= 0.01> <nCl= 30> <al=0.40> <DB=-22558.4243> <Mlp= 3728.6381> <PB=10000000> 
<DWph=2> <it= 23> <et=0.61> <Mt= 0.00> <Spt= 0.00> <nCl= 30> <al=0.46> <DB=-19098.8759> <Mlp= 3639.1278> <PB=10000000> 
<DWph=2> <it= 24> <et=0.61> <Mt= 0.01> <Spt= 0.00> <nCl= 30> <al=0.51> <DB=-14079.1615> <Mlp= 3542.2946> <PB=10000000> 
<DWph=2> <it= 25> <et=0.61> <Mt= 0.00> <Spt= 0.00> <nCl= 30> <al=0.56> <DB=-18699.7349> <Mlp= 3328.7076> <PB=10000000> 
<DWph=2> <it= 26> <et=0.62> <Mt= 0.00> <Spt= 0.00> <nCl= 30> <al=0.61> <DB=-12585.1057> <Mlp= 3255.4468> <PB=10000000> 
<DWph=2> <it= 27> <et=0.62> <Mt= 0.00> <Spt= 0.00> <nCl= 30> <al=0.65> <DB=-10347.0241> <Mlp= 3195.6412> <PB=10000000> 
<DWph=2> <it= 28> <et=0.62> <Mt= 0.00> <Spt= 0.01> <nCl= 30> <al=0.55> <DB=-11221.3419> <Mlp= 3127.0836> <PB=10000000> 
<DWph=2> <it= 29> <et=0.63> <Mt= 0.00> <Spt= 0.00> <nCl= 30> <al=0.59> <DB=-7808.0624> <Mlp= 3078.9823> <PB=10000000> 
<DWph=2> <it= 30> <et=0.63> <Mt= 0.00> <Spt= 0.00> <nCl= 30> <al=0.63> <DB=-6058.8912> <Mlp= 3030.7073> <PB=10000000> 
<DWph=2> <it= 31> <et=0.63> <Mt= 0.00> <Spt= 0.00> <nCl= 30> <al=0.67> <DB=-3406.9970> <Mlp= 2998.8953> <PB=10000000> 
<DWph=2> <it= 32> <et=0.64> <Mt= 0.01> <Spt= 0.00> <nCl= 30> <al=0.70> <DB=-4110.1035> <Mlp= 2969.1342> <PB=10000000> 
<DWph=2> <it= 33> <et=0.64> <Mt= 0.00> <Spt= 0.00> <nCl= 30> <al=0.73> <DB=-2501.9046> <Mlp= 2946.1455> <PB=10000000> 
<DWph=2> <it= 34> <et=0.64> <Mt= 0.00> <Spt= 0.01> <nCl= 30> <al=0.63> <DB=-2029.0510> <Mlp= 2931.0095> <PB=10000000> 
<DWph=2> <it= 35> <et=0.64> <Mt= 0.00> <Spt= 0.00> <nCl= 30> <al=0.67> <DB=-5865.5162> <Mlp= 2906.7547> <PB=10000000> 
<DWph=2> <it= 36> <et=0.65> <Mt= 0.00> <Spt= 0.00> <nCl= 30> <al=0.57> <DB=-4979.6546> <Mlp= 2870.3081> <PB=10000000> 
<DWph=2> <it= 37> <et=0.65> <Mt= 0.00> <Spt= 0.00> <nCl= 30> <al=0.61> <DB= -922.8038> <Mlp= 2827.9966> <PB=10000000> 
<DWph=2> <it= 38> <et=0.65> <Mt= 0.00> <Spt= 0.00> <nCl= 30> <al=0.65> <DB= -255.8404> <Mlp= 2812.4359> <PB=10000000> 
<DWph=2> <it= 39> <et=0.66> <Mt= 0.01> <Spt= 0.01> <nCl= 30> <al=0.69> <DB=-1703.7678> <Mlp= 2779.3707> <PB=10000000> 
<DWph=2> <it= 40> <et=0.66> <Mt= 0.00> <Spt= 0.00> <nCl= 25> <al=0.72> <DB=  537.4394> <Mlp= 2753.6300> <PB=10000000> 
<DWph=2> <it= 41> <et=0.66> <Mt= 0.00> <Spt= 0.00> <nCl= 30> <al=0.62> <DB= -299.6666> <Mlp= 2735.5299> <PB=10000000> 
<DWph=2> <it= 42> <et=0.67> <Mt= 0.00> <Spt= 0.00> <nCl= 24> <al=0.66> <DB=  204.5858> <Mlp= 2711.7886> <PB=10000000> 
<DWph=2> <it= 43> <et=0.67> <Mt= 0.00> <Spt= 0.00> <nCl= 29> <al=0.69> <DB=  913.5445> <Mlp= 2698.4714> <PB=10000000> 
<DWph=2> <it= 44> <et=0.68> <Mt= 0.00> <Spt= 0.00> <nCl= 30> <al=0.72> <DB=  170.8710> <Mlp= 2690.2875> <PB=10000000> 
<DWph=2> <it= 45> <et=0.68> <Mt= 0.01> <Spt= 0.01> <nCl= 17> <al=0.75> <DB= 1049.4325> <Mlp= 2690.2875> <PB=10000000> 
<DWph=2> <it= 46> <et=0.68> <Mt= 0.00> <Spt= 0.00> <nCl= 12> <al=0.77> <DB= 1355.5095> <Mlp= 2690.2875> <PB=10000000> 
<DWph=2> <it= 47> <et=0.68> <Mt= 0.00> <Spt= 0.00> <nCl= 21> <al=0.80> <DB= -514.4499> <Mlp= 2689.6833> <PB=10000000> 
<DWph=2> <it= 48> <et=0.68> <Mt= 0.00> <Spt= 0.00> <nCl=  5> <al=0.82> <DB=  230.9299> <Mlp= 2689.6833> <PB=10000000> 
<DWph=2> <it= 49> <et=0.69> <Mt= 0.00> <Spt= 0.00> <nCl= 19> <al=0.72> <DB=  238.8618> <Mlp= 2689.4250> <PB=10000000> 
<DWph=2> <it= 50> <et=0.69> <Mt= 0.00> <Spt= 0.00> <nCl= 29> <al=0.75> <DB=  244.8206> <Mlp= 2687.3667> <PB=10000000> 
<DWph=2> <it= 51> <et=0.69> <Mt= 0.00> <Spt= 0.00> <nCl= 17> <al=0.65> <DB=  839.9574> <Mlp= 2685.6667> <PB=10000000> 
<DWph=2> <it= 52> <et=0.69> <Mt= 0.00> <Spt= 0.01> <nCl= 16> <al=0.55> <DB= 1297.7411> <Mlp= 2680.4667> <PB=10000000> 
<DWph=2> <it= 53> <et=0.69> <Mt= 0.00> <Spt= 0.00> <nCl=  3> <al=0.59> <DB=  888.3565> <Mlp= 2679.9885> <PB=10000000> 
<DWph=2> <it= 54> <et=0.70> <Mt= 0.00> <Spt= 0.00> <nCl= 15> <al=0.49> <DB= 1262.4465> <Mlp= 2679.6000> <PB=10000000> 
<DWph=2> <it= 55> <et=0.70> <Mt= 0.00> <Spt= 0.00> <nCl= 23> <al=0.39> <DB= 1454.2634> <Mlp= 2678.3767> <PB=10000000> 
<DWph=2> <it= 56> <et=0.70> <Mt= 0.00> <Spt= 0.00> <nCl= 24> <al=0.29> <DB= 1899.3602> <Mlp= 2670.6063> <PB=10000000> 
<DWph=2> <it= 57> <et=0.71> <Mt= 0.00> <Spt= 0.00> <nCl= 21> <al=0.36> <DB= 2088.4019> <Mlp= 2667.3000> <PB=10000000> 
<DWph=2> <it= 58> <et=0.71> <Mt= 0.00> <Spt= 0.01> <nCl= 21> <al=0.43> <DB= 2010.7461> <Mlp= 2667.3000> <PB=10000000> 
<DWph=2> <it= 59> <et=0.71> <Mt= 0.00> <Spt= 0.00> <nCl= 13> <al=0.48> <DB= 2324.9418> <Mlp= 2665.5824> <PB=10000000> 
<DWph=2> <it= 60> <et=0.71> <Mt= 0.00> <Spt= 0.00> <nCl= 17> <al=0.53> <DB= 2115.4282> <Mlp= 2664.6500> <PB=10000000> 
<DWph=2> <it= 61> <et=0.71> <Mt= 0.01> <Spt= 0.00> <nCl=  7> <al=0.58> <DB= 1786.1978> <Mlp= 2664.1500> <PB=10000000> 
Shrinking heuristic shrunk 52 edges
avgVertexMem: 8 , colsForbidden = 0, phase-I = 0, phase-II = 0, colNonElem = 0, colElem = 8, TT =  0.001181
<DWph=2> <it= 62> <et=0.72> <Mt= 0.00> <Spt= 0.00> <nCl=  5> <al=0.62> <DB= 2272.3036> <Mlp= 2659.9000> <PB=2659.9> 
<DWph=2> <it= 63> <et=0.72> <Mt= 0.00> <Spt= 0.00> <nCl= 11> <al=0.52> <DB= 2181.7475> <Mlp= 2659.9000> <PB=2659.9> 
<DWph=2> <it= 64> <et=0.72> <Mt= 0.00> <Spt= 0.00> <nCl=  4> <al=0.57> <DB= 2304.8420> <Mlp= 2659.9000> <PB=2659.9> 
<DWph=2> <it= 65> <et=0.72> <Mt= 0.00> <Spt= 0.01> <nCl=  1> <al=0.47> <DB= 2367.0542> <Mlp= 2659.9000> <PB=2659.9> 
<DWph=2> <it= 66> <et=0.73> <Mt= 0.00> <Spt= 0.00> <nCl= 22> <al=0.00> <DB= 2259.4000> <Mlp= 2659.9000> <PB=2659.9> 
<DWph=2> <it= 67> <et=0.73> <Mt= 0.00> <Spt= 0.00> <nCl= 17> <al=0.27> <DB= 2615.2008> <Mlp= 2659.9000> <PB=2659.9> 
<DWph=2> <it= 68> <et=0.73> <Mt= 0.00> <Spt= 0.00> <nCl= 11> <al=0.34> <DB= 2498.8933> <Mlp= 2659.9000> <PB=2659.9> 
<DWph=2> <it= 69> <et=0.73> <Mt= 0.00> <Spt= 0.00> <nCl= 10> <al=0.00> <DB= 2623.9000> <Mlp= 2659.9000> <PB=2659.9> 
<DWph=2> <it= 70> <et=0.73> <Mt= 0.00> <Spt= 0.01> <nCl=  1> <al=0.31> <DB= 2632.1886> <Mlp= 2659.9000> <PB=2659.9> 
<DWph=2> <it= 71> <et=0.74> <Mt= 0.00> <Spt= 0.00> <nCl=  4> <al=0.21> <DB= 2625.6347> <Mlp= 2659.9000> <PB=2659.9> 
<DWph=2> <it= 72> <et=0.74> <Mt= 0.00> <Spt= 0.00> <nCl=  0> <al=0.00> <DB= 2659.9000> <Mlp= 2659.9000> <PB=2659.9> 
<DWph=1> <it= 73> <et=0.74> <Mt= 0.00> <Spt= 0.00> <nCl= 13> <al=0.19> <DB= 1873.9000> <Mlp= 2659.9000> <PB=2659.9> 
<DWph=1> <it= 74> <et=0.74> <Mt= 0.00> <Spt= 0.00> <nCl= 15> <al=0.09> <DB= 2377.9000> <Mlp= 2659.9000> <PB=2659.9> 
Shrinking heuristic shrunk 52 edges
ng-neighbourhood is not increased: max avg neigh size is reached 
<DWph=1> <it= 75> <et=0.75> <Mt= 0.00> <Spt= 0.00> <nCl= 19> <al=0.09> <DB= 2393.0048> <Mlp= 2655.2000> <PB=2655.2> 
Shrinking heuristic shrunk 52 edges
ng-neighbourhood is not increased: max avg neigh size is reached 
<DWph=1> <it= 76> <et=0.75> <Mt= 0.00> <Spt= 0.01> <nCl= 20> <al=0.18> <DB= 2360.9470> <Mlp= 2652.7000> <PB=2652.7> 
<DWph=1> <it= 77> <et=0.75> <Mt= 0.00> <Spt= 0.00> <nCl=  8> <al=0.26> <DB= 2596.3237> <Mlp= 2652.7000> <PB=2652.7> 
<DWph=1> <it= 78> <et=0.75> <Mt= 0.00> <Spt= 0.00> <nCl=  8> <al=0.16> <DB= 2572.0978> <Mlp= 2652.7000> <PB=2652.7> 
<DWph=1> <it= 79> <et=0.76> <Mt= 0.00> <Spt= 0.00> <nCl=  8> <al=0.25> <DB= 2374.1615> <Mlp= 2652.7000> <PB=2652.7> 
<DWph=1> <it= 80> <et=0.76> <Mt= 0.00> <Spt= 0.01> <nCl=  8> <al=0.00> <DB= 2634.7000> <Mlp= 2652.7000> <PB=2652.7> 
<DWph=1> <it= 81> <et=0.76> <Mt= 0.00> <Spt= 0.00> <nCl=  7> <al=0.22> <DB= 2617.3522> <Mlp= 2652.7000> <PB=2652.7> 
<DWph=1> <it= 82> <et=0.77> <Mt= 0.00> <Spt= 0.00> <nCl=  3> <al=0.30> <DB= 2640.1684> <Mlp= 2652.7000> <PB=2652.7> 
<DWph=1> <it= 83> <et=0.77> <Mt= 0.00> <Spt= 0.00> <nCl=  4> <al=0.20> <DB= 2640.9355> <Mlp= 2652.7000> <PB=2652.7> 
<DWph=1> <it= 84> <et=0.77> <Mt= 0.00> <Spt= 0.00> <nCl=  2> <al=0.28> <DB= 2640.8307> <Mlp= 2652.7000> <PB=2652.7> 
Shrinking heuristic shrunk 52 edges
ng-neighbourhood is not increased: max avg neigh size is reached 
<DWph=1> <it= 85> <et=0.77> <Mt= 0.01> <Spt= 0.01> <nCl=  2> <al=0.35> <DB= 2640.7412> <Mlp= 2652.5000> <PB=2652.5> 
<DWph=1> <it= 86> <et=0.78> <Mt= 0.00> <Spt= 0.00> <nCl=  1> <al=0.00> <DB= 2652.5000> <Mlp= 2652.5000> <PB=2652.5> 
    RCSP exact solver info for graph G_0 : TT = 0.001624, pt = 1.8e-05, dt = 0.001245, ct = 0.000115, ndl = 1062', bdl = 7615', odl = 1875', odf = 10339', bsi = 919', cnt = 842', bdch = 33766', odch = 13760', lcp = 10597', #sols = 150
<DWph=0> <it= 87> <et=0.78> <Mt= 0.00> <Spt= 0.00> <nCl= 95> <al=0.32> <DB= 1932.5000> <Mlp= 2652.5000> <PB=2652.5> 
    RCSP exact solver info for graph G_0 : TT = 0.001567, pt = 2.1e-05, dt = 0.001194, ct = 0.000114, ndl = 1093', bdl = 7780', odl = 1955', odf = 10918', bsi = 930', cnt = 949', bdch = 35281', odch = 14533', lcp = 10980', #sols = 150
<DWph=0> <it= 88> <et=0.78> <Mt= 0.00> <Spt= 0.01> <nCl= 40> <al=0.38> <DB= 2235.4137> <Mlp= 2652.5000> <PB=2652.5> 
    RCSP exact solver info for graph G_0 : TT = 0.001572, pt = 1.9e-05, dt = 0.001178, ct = 0.000128, ndl = 1056', bdl = 7619', odl = 1828', odf = 10326', bsi = 941', cnt = 1063', bdch = 32651', odch = 12124', lcp = 10313', #sols = 150
    RCSP exact solver info for graph G_0 : TT = 0.001769, pt = 2.2e-05, dt = 0.001316, ct = 0.00015, ndl = 971', bdl = 7406', odl = 1802', odf = 9978', bsi = 907', cnt = 1020', bdch = 28736', odch = 10562', lcp = 8706', #sols = 150
<DWph=0> <it= 89> <et=0.79> <Mt= 0.00> <Spt= 0.00> <nCl= 32> <al=0.00> <DB= 2640.5000> <Mlp= 2652.5000> <PB=2652.5> 
    RCSP exact solver info for graph G_0 : TT = 0.001624, pt = 2e-05, dt = 0.001215, ct = 0.000138, ndl = 930', bdl = 7486', odl = 1717', odf = 9567', bsi = 895', cnt = 1000', bdch = 26671', odch = 9211', lcp = 7673', #sols = 150
    RCSP exact solver info for graph G_0 : TT = 0.001593, pt = 2.1e-05, dt = 0.00119, ct = 0.000136, ndl = 887', bdl = 7233', odl = 1669', odf = 9328', bsi = 895', cnt = 1015', bdch = 24587', odch = 8310', lcp = 6926', #sols = 150
<DWph=0> <it= 90> <et=0.80> <Mt= 0.00> <Spt= 0.01> <nCl= 14> <al=0.00> <DB= 2652.5000> <Mlp= 2652.5000> <PB=2652.5> 
RCSP solver dynamic params and stats :  bidir.bord. = 497.7 aver.obdmd = 9.53226 aver.buck.num. = 11.5484
@@ 1 0 2652.5 0.00135317 0.001466 52.3384 0.8
ColGenEvalAlg final dual bound: 2652.5 (rounded: 2652.5)
New model incumbent solution 2652.5, TIME = 0h0m0s80t = 80
************************************************************************************************
Search is finished, global bounds : [ 2652.5 , 2652.5 ], TIME = 0h0m0s80t = 80
************************************************************************************************
[32mBaPCod : solution defined.[00m
statistics_cols: instance & :Optimal & cutoff & :bcRecRootDb & :bcTimeRootEval & :bcCountNodeProc & :bcRecBestDb & :bcRecBestInc & :bcTimeMain \\
statistics: instance_20-triangle & 1 & 1.0e7 & 2652.50 & 0.80 & 1 & 2652.50 & 2652.50 & 0.80 \\
########################################################
Route #1: 5 50 18 1 8 40 22 15 3 
Route #2: 7 9 52 20 34 29 58 21 38 51 43 
Route #3: 31 36 25 4 35 57 13 12 30 41 55 23 
Route #4: 33 44 47 48 
Route #5: 42 2 49 37 45 32 17 10 54 46 
Route #6: 56 28 14 27 
Route #7: 59 11 53 6 19 39 16 24 
Route #8: 60 26 
Cost 2652.499999999999
########################################################

end_time=2026-04-20 14:13:54
exit_code=0
