instance_file=/mnt/c/Users/porin/OneDrive/Documentos/Python-Mestrado/Modelagem Matemática/Programação Inteira - Uchoa/Problema VRPRDL/instancias_turco/VRPRDL-triangle/vrptw_convertidos/instance_7-triangle.txt
instance_name=instance_7-triangle
start_time=2026-04-21 17:52:41

  Activating project at `~/VRPSolver/VRPSolverDemos/other/VRPTW`
Application parameters:
  batch  =>  nothing
  update  =>  false
  tikz  =>  nothing
  instance  =>  "/mnt/c/Users/porin/OneDrive/Documentos/Python-Mestrado/Modelagem Matemática/Programação Inteira - Uchoa/Problema VRPRDL/instancias_turco/VRPRDL-triangle/vrptw_convertidos/instance_7-triangle.txt"
  out  =>  nothing
  nosolve  =>  false
  ub  =>  1.0e7
  sol  =>  nothing
  cfg  =>  "/home/poringman/VRPSolver/VRPSolverDemos/other/VRPTW/config/VRPTW_set_2.cfg"
  enable_cap_res  =>  false
~~~~~~~~~~~~~~~~~~~~~~~~~~~~~~~~~~~~~~~~~~~~~~~~~~~~~~~~~~~~~~~~~~~~~~~~~~~~~~~~~~~~~
GIT VERSION RCSP: 
GIT BRANCH: 
~~~~~~~~~~~~~~~~~~~~~~~~~~~~~~~~~~~~~~~~~~~~~~~~~~~~~~~~~~~~~~~~~~~~~~~~~~~~~~~~~~~~~
VRPSolver v0.6.16, 10/11/2025, © Inria Bordeaux, France, vrpsolver.math.u-bordeaux.fr
      Corresponds to the solver by Pessoa, Sadykov, Uchoa and Vanderbeck (2020)
                 Paper: dx.doi.org/10.1007/s10107-020-01523-z
~~~~~~~~~~~~~~~~~~~~~~~~~~~~~~~~~~~~~~~~~~~~~~~~~~~~~~~~~~~~~~~~~~~~~~~~~~~~~~~~~~~~~
GIT VERSION BAPCOD: a7cb21f19424236c9d0da5dcf94961797a519470
GIT BRANCH: main
~~~~~~~~~~~~~~~~~~~~~~~~~~~~~~~~~~~~~~~~~~~~~~~~~~~~~~~~~~~~~~~~~~~~~~~~~~~~~~~~~~~~~
   BaPCod v0.84, 10/11/2025, © Inria Bordeaux, France, bapcod.math.u-bordeaux.fr 
           THIS CODE IS PROVIDED AS IS, USE IT AT YOUR OWN RISK
~~~~~~~~~~~~~~~~~~~~~~~~~~~~~~~~~~~~~~~~~~~~~~~~~~~~~~~~~~~~~~~~~~~~~~~~~~~~~~~~~~~~~
--- MAIN PARAMETERS ---
GlobalTimeLimitInTick = 2147483645
GlobalTimeLimit = 21474836
ClockType = 0
MaxNbOfBBtreeNodeTreated = 100000
optimalityGapTolerance = 1e-06
relOptimalityGapTolerance = 1e-09
ApplyPreprocessing = true
PreprocessVariablesLocalBounds = false
treeSearchStrategy = 1
OpenNodesLimit = 1000
DEFAULTPRINTLEVEL = 0
--- MIP SOLVER PARAMETERS ---
solverName = CPLEX_SOLVER
MipSolverMaxBBNodes = 2000000
MipSolverMaxTime = 360000
MipSolverMultiThread = 1
--- COLUMN GENERATION PARAMETERS ---
SolverSelectForMast = a
  colGenSubProbSolMode = customSolver
mastInitMode = localArtCol
ArtVarPenaltyUpdateFactor = 2
ArtVarMaxNbOfPenaltyUpdates = 5
MaxNbOfStagesInColGenProcedure = 3
GenerateProperColumns = false
InsertAllGeneratedColumnsInFormRatherThanInPool = true
InsertNewNonNegColumnsDirectlyInFormRatherThanInPool = true
ColumnCleanupThreshold = 10000
ColumnCleanupRatio = 0.66
ReducedCostFixingThreshold = 0.9
--- CUT GENERATION PARAMETERS ---
MasterCuttingPlanesDepthLimit = 1000
MaxNbOfCutGeneratedAtEachIter = 1000
CutTailingOffThreshold = 0.015
CutTailingOffCounterThreshold = 3
CutCleanupThreshold = 1
CutCleanupRatio = 0.66
ColGenSpRelaxationImprovementPriority = 2
--- STABILIZATION PARAMETERS ---
colGenDualPriceSmoothingAlphaFactor = 1
colGenDualPriceSmoothingBetaFactor = 0
colGenStabilizationFunctionType = none
colGenProximalStabilizationRule = undefined
StabilFuncKappa = 1
colGenStabilizationMaxTreeDepth = 10000
StabilizationMinPhaseOfStage = 0
--- PRIMAL HEURISTIC PARAMETERS ---
UseInitialPrimalHeur = false
MaxTimeForRestrictedMasterIpHeur = -1
CallFrequencyOfRestrictedMasterIpHeur = 5
MIPemphasisInRestrictedMasterIpHeur = 1
PolishingAfterTimeInRestrictedMasterIpHeur = -1
DivingHeurUseDepthLimit = -1
CallFrequencyOfDivingHeur = 1
LeastFractional
Closest2RoundUp
LeastGreedyCost
LeastCost
FixIntValBeforeRoundingHeur = true
MaxNbOfCgIteDuringRh = 5000
MaxLDSbreadth = 0
MaxLDSdepth = 0
DivingHeurStopsWithFirstFeasSol = false
DivingHeurPreprocessBeforeChoosingVar = false
StrongDivingCandidatesNumber = 1
EvalAlgParamsInDiving = max#cand. = 1 max#cg.iters = 10000 min.lvl.sp.restr. = 1 min#cut.rounds = 0 max#cut.rounds = 0 red.cost.fix&enum. = false tree.size.ratio = 1
LocalSearchHeurUseDepthLimit = -1
LeastFractional
Closest2RoundUp
LeastGreedyCost
LeastCost
MaxFactorOfColFixedByLocalSearchHeur = 0.8
MaxLocalSearchIterationCounter = 3
--- STRONG BRANCHING PARAMETERS ---
SimplifiedStrongBranchingParameterisation = true
StrongBranchingPhaseOneCandidatesNumber = 50
StrongBranchingPhaseOneTreeSizeEstimRatio = 100
StrongBranchingPhaseTwoCandidatesNumber = 3
StrongBranchingPhaseTwoTreeSizeEstimRatio = 100
SafeDualBoundScaleFactor = -1
StrongBranchingPhaseOne = max#cand. = 50 max#cg.iters = 0 min.lvl.sp.restr. = 0 min#cut.rounds = 0 max#cut.rounds = 0 red.cost.fix&enum. = false tree.size.ratio = 100
StrongBranchingPhaseTwo = max#cand. = 3 max#cg.iters = 10000 min.lvl.sp.restr. = 1 min#cut.rounds = 0 max#cut.rounds = 0 red.cost.fix&enum. = false tree.size.ratio = 100
StrongBranchingPhaseThree = max#cand. = 1 max#cg.iters = 10000 min.lvl.sp.restr. = 0 min#cut.rounds = 0 max#cut.rounds = 10000 red.cost.fix&enum. = true tree.size.ratio = 1
StrongBranchingPhaseFour =not active
--- DEBUG OUTPUT PARAMETERS ---
printMasterPrimalSols = 0
--- VRPSOLVER PARAMETERS ---
RCSPstopCutGenTimeThresholdInPricing = 30
RCSPhardTimeThresholdInPricing = 20
RCSPredCostFixingTimeThreshold = 100
RCSPnumberOfBucketsPerVertex = 25
RCSPdynamicBucketSteps = 1
RCSPuseBidirectionalSearch = 1
RCSPapplyReducedCostFixing = 1
RCSPmaxNumOfColsPerIteration = 30
RCSPmaxNumOfColsPerExactIteration = 150
RCSPmaxNumOfLabelsInEnumeration = 1000000
RCSPmaxNumOfLabelsInHeurEnumeration = 0
RCSPmaxNumOfEnumeratedSolutions = 5000000
RCSPmaxNumOfEnumSolutionsForMIP = 10000
RCSPmaxNumOfEnumSolsForEndOfNodeMIP = 10000
RCSPinitNGneighbourhoodSize = 8
RCSPmaxNGneighbourhoodSize = 16
RCSPrankOneCutsMaxNumRows = 5
RCSPrankOneCutsMaxNumPerRound = 100
RCSPrankOneCutsMemoryType = 1
RCSPrankOneCutsLSnumIterations = 1000
RCSPallowRoutesWithSameVerticesSet = true
RCSPredCostFixingFalseGap = 0
SafeDualBoundScaleFactor = -1
RCSPmaxNumOfLabelsInHeurEnumeration = 0
MaxNumEnumSolsInRestrictedMasterIpHeur = 5000

prName & bcTimeMain \\ 
New model incumbent solution 1e+07, TIME = 0h0m0s47t = 47
RCSP solver info : size of non-robust cut bitmask in a label is 640 bits
Bucket steps were recalculated for graph G_0 : [28.8]
RCSP solver info : non-symmetric case as associated vars of the reverse arc of 0->20 are not the same
Bidirectional border value is initialised to 476.9
RCSP solver info : number of forw. reachable buckets / buck. strongly connected components is 207( 79.3103% ) / 181( 87.4396% )
RCSP solver info : number of back. reachable buckets / buck. strongly connected components is 207( 79.3103% ) / 172( 83.0918% )
RCSP solver info: std. label size is 56, ext. label size is 136
Generating neighbourhoods for rank-1 cuts separation
Building structures for 4- and 5-row rank-1 packing cut separation...done!
Model is built TIME = 0h0m0s47t = 47
************************************************************************************************
**** BaB tree root node
**** Local DB = -1e+12, global bounds : [ -1e+12 , 1e+07 ], TIME = 0h0m0s47t = 47
**** 1 open nodes, 0 columns (0 active), 0 dyn. constrs. (0 active), 42 art. vars. (42 active)
************************************************************************************************
#<DWph=2> <it=  1> <et=0.47> <Mt= 0.00> <Spt= 0.00> <nCl= 30> <al=0.00> <DB=-2639985618.0000> <Mlp=252000000.0000> <PB=10000000> 
#<DWph=2> <it=  2> <et=0.47> <Mt= 0.00> <Spt= 0.00> <nCl= 29> <al=0.55> <DB=-1402193247.3200> <Mlp=84001010.4000> <PB=10000000> 
#<DWph=2> <it=  3> <et=0.47> <Mt= 0.00> <Spt= 0.00> <nCl= 30> <al=0.45> <DB=-1105578139.5140> <Mlp=72000973.6000> <PB=10000000> 
#<DWph=2> <it=  4> <et=0.47> <Mt= 0.00> <Spt= 0.00> <nCl= 30> <al=0.51> <DB=-727159441.9226> <Mlp=40365012.3000> <PB=10000000> 
#<DWph=2> <it=  5> <et=0.47> <Mt= 0.00> <Spt= 0.00> <nCl= 30> <al=0.55> <DB=-661670066.2945> <Mlp=12001806.8000> <PB=10000000> 
#<DWph=2> <it=  6> <et=0.47> <Mt= 0.00> <Spt= 0.00> <nCl= 30> <al=0.60> <DB=-449271293.9093> <Mlp=8002156.9333> <PB=10000000> 
<DWph=2> <it=  7> <et=0.47> <Mt= 0.00> <Spt= 0.00> <nCl= 30> <al=0.50> <DB=-391631177.2228> <Mlp= 2001.5800> <PB=10000000> 
<DWph=2> <it=  8> <et=0.48> <Mt= 0.00> <Spt= 0.00> <nCl= 30> <al=0.00> <DB=-2861.4417> <Mlp= 1760.5583> <PB=10000000> 
<DWph=2> <it=  9> <et=0.48> <Mt= 0.00> <Spt= 0.00> <nCl= 30> <al=0.30> <DB=-1208.2890> <Mlp= 1525.2850> <PB=10000000> 
<DWph=2> <it= 10> <et=0.48> <Mt= 0.00> <Spt= 0.00> <nCl= 30> <al=0.37> <DB=-1713.9786> <Mlp= 1491.3333> <PB=10000000> 
<DWph=2> <it= 11> <et=0.48> <Mt= 0.00> <Spt= 0.00> <nCl= 30> <al=0.43> <DB=-1653.7450> <Mlp= 1403.1000> <PB=10000000> 
Shrinking heuristic shrunk 16 edges
avgVertexMem: 8 , colsForbidden = 0, phase-I = 0, phase-II = 0, colNonElem = 0, colElem = 4, TT =  0.000258
<DWph=2> <it= 12> <et=0.48> <Mt= 0.00> <Spt= 0.00> <nCl= 16> <al=0.49> <DB=  246.5857> <Mlp= 1333.6000> <PB=1333.6> 
Shrinking heuristic shrunk 16 edges
ng-neighbourhood is not increased: max avg neigh size is reached 
<DWph=2> <it= 13> <et=0.48> <Mt= 0.00> <Spt= 0.00> <nCl= 25> <al=0.39> <DB= -276.3156> <Mlp= 1310.3000> <PB=1310.3> 
<DWph=2> <it= 14> <et=0.48> <Mt= 0.00> <Spt= 0.00> <nCl=  8> <al=0.45> <DB=  831.5150> <Mlp= 1310.3000> <PB=1310.3> 
<DWph=2> <it= 15> <et=0.48> <Mt= 0.00> <Spt= 0.00> <nCl= 19> <al=0.35> <DB= 1098.9705> <Mlp= 1310.3000> <PB=1310.3> 
Shrinking heuristic shrunk 16 edges
ng-neighbourhood is not increased: max avg neigh size is reached 
<DWph=2> <it= 16> <et=0.48> <Mt= 0.00> <Spt= 0.00> <nCl=  7> <al=0.25> <DB= 1207.9668> <Mlp= 1309.8000> <PB=1309.8> 
<DWph=2> <it= 17> <et=0.48> <Mt= 0.00> <Spt= 0.00> <nCl=  2> <al=0.33> <DB= 1232.7000> <Mlp= 1309.8000> <PB=1309.8> 
<DWph=2> <it= 18> <et=0.48> <Mt= 0.00> <Spt= 0.00> <nCl=  9> <al=0.00> <DB=  531.8000> <Mlp= 1309.8000> <PB=1309.8> 
<DWph=2> <it= 19> <et=0.48> <Mt= 0.00> <Spt= 0.00> <nCl= 12> <al=0.29> <DB= 1056.2225> <Mlp= 1304.2750> <PB=1309.8> 
<DWph=2> <it= 20> <et=0.48> <Mt= 0.00> <Spt= 0.00> <nCl= 11> <al=0.36> <DB=  412.6373> <Mlp= 1304.2750> <PB=1309.8> 
Shrinking heuristic shrunk 16 edges
ng-neighbourhood is not increased: max avg neigh size is reached 
<DWph=2> <it= 21> <et=0.48> <Mt= 0.00> <Spt= 0.00> <nCl=  0> <al=0.43> <DB=  412.6373> <Mlp= 1276.1000> <PB=1276.1> 
<DWph=1> <it= 22> <et=0.48> <Mt= 0.00> <Spt= 0.00> <nCl= 15> <al=0.43> <DB=  700.4268> <Mlp= 1276.1000> <PB=1276.1> 
Shrinking heuristic shrunk 16 edges
ng-neighbourhood is not increased: max avg neigh size is reached 
<DWph=1> <it= 23> <et=0.49> <Mt= 0.00> <Spt= 0.00> <nCl=  3> <al=0.33> <DB=  990.5257> <Mlp= 1270.9000> <PB=1270.9> 
<DWph=1> <it= 24> <et=0.49> <Mt= 0.00> <Spt= 0.00> <nCl=  5> <al=0.23> <DB= 1207.2564> <Mlp= 1270.9000> <PB=1270.9> 
<DWph=1> <it= 25> <et=0.49> <Mt= 0.00> <Spt= 0.01> <nCl=  9> <al=0.00> <DB= 1270.9000> <Mlp= 1270.9000> <PB=1270.9> 
    RCSP exact solver info for graph G_0 : TT = 0.000403, pt = 8e-06, dt = 0.000105, ct = 6.9e-05, ndl = 98', bdl = 109', odl = 103', odf = 572', bsi = 349', cnt = 325', bdch = 379', odch = 243', lcp = 59', #sols = 150
    RCSP exact solver info for graph G_0 : TT = 0.000344, pt = 1.4e-05, dt = 0.000109, ct = 7.2e-05, ndl = 95', bdl = 112', odl = 97', odf = 528', bsi = 342', cnt = 322', bdch = 360', odch = 206', lcp = 51', #sols = 150
<DWph=0> <it= 26> <et=0.49> <Mt= 0.00> <Spt= 0.00> <nCl=102> <al=0.00> <DB= 1270.9000> <Mlp= 1270.9000> <PB=1270.9> 
RCSP solver dynamic params and stats :  bidir.bord. = 489.1 aver.obdmd = 8.45455 aver.buck.num. = 11.8636
@@ 1 0 1270.9 0.0001775 0.000181 46.9126 0.49
ColGenEvalAlg final dual bound: 1270.9 (rounded: 1270.9)
New model incumbent solution 1270.9, TIME = 0h0m0s49t = 49
************************************************************************************************
Search is finished, global bounds : [ 1270.9 , 1270.9 ], TIME = 0h0m0s49t = 49
************************************************************************************************
[32mBaPCod : solution defined.[00m
statistics_cols: instance & :Optimal & cutoff & :bcRecRootDb & :bcTimeRootEval & :bcCountNodeProc & :bcRecBestDb & :bcRecBestInc & :bcTimeMain \\
statistics: instance_7-triangle & 1 & 1.0e7 & 1270.90 & 0.49 & 1 & 1270.90 & 1270.90 & 0.49 \\
########################################################
Route #1: 4 14 3 2 9 5 
Route #2: 7 10 15 6 16 1 
Route #3: 17 19 12 18 8 13 
Route #4: 20 11 
Cost 1270.8999999999996
########################################################

end_time=2026-04-21 17:52:50
exit_code=0
