instance_file=/mnt/c/Users/porin/OneDrive/Documentos/Python-Mestrado/Modelagem Matemática/Programação Inteira - Uchoa/Problema VRPRDL/instancias_turco/VRPRDL-triangle/vrptw_convertidos/instance_36-triangle.txt
instance_name=instance_36-triangle
start_time=2026-04-20 14:01:25

  Activating project at `~/VRPSolver/VRPSolverDemos/other/VRPTW`
Application parameters:
  batch  =>  nothing
  update  =>  false
  tikz  =>  nothing
  instance  =>  "/mnt/c/Users/porin/OneDrive/Documentos/Python-Mestrado/Modelagem Matemática/Programação Inteira - Uchoa/Problema VRPRDL/instancias_turco/VRPRDL-triangle/vrptw_convertidos/instance_36-triangle.txt"
  out  =>  nothing
  nosolve  =>  false
  ub  =>  1.0e7
  sol  =>  nothing
  cfg  =>  "/home/poringman/VRPSolver/VRPSolverDemos/other/VRPTW/config/VRPTW_set_2.cfg"
  enable_cap_res  =>  false
~~~~~~~~~~~~~~~~~~~~~~~~~~~~~~~~~~~~~~~~~~~~~~~~~~~~~~~~~~~~~~~~~~~~~~~~~~~~~~~~~~~~~
GIT VERSION RCSP: 
GIT BRANCH: 
~~~~~~~~~~~~~~~~~~~~~~~~~~~~~~~~~~~~~~~~~~~~~~~~~~~~~~~~~~~~~~~~~~~~~~~~~~~~~~~~~~~~~
VRPSolver v0.6.16, 10/11/2025, © Inria Bordeaux, France, vrpsolver.math.u-bordeaux.fr
      Corresponds to the solver by Pessoa, Sadykov, Uchoa and Vanderbeck (2020)
                 Paper: dx.doi.org/10.1007/s10107-020-01523-z
~~~~~~~~~~~~~~~~~~~~~~~~~~~~~~~~~~~~~~~~~~~~~~~~~~~~~~~~~~~~~~~~~~~~~~~~~~~~~~~~~~~~~
GIT VERSION BAPCOD: a7cb21f19424236c9d0da5dcf94961797a519470
GIT BRANCH: main
~~~~~~~~~~~~~~~~~~~~~~~~~~~~~~~~~~~~~~~~~~~~~~~~~~~~~~~~~~~~~~~~~~~~~~~~~~~~~~~~~~~~~
   BaPCod v0.84, 10/11/2025, © Inria Bordeaux, France, bapcod.math.u-bordeaux.fr 
           THIS CODE IS PROVIDED AS IS, USE IT AT YOUR OWN RISK
~~~~~~~~~~~~~~~~~~~~~~~~~~~~~~~~~~~~~~~~~~~~~~~~~~~~~~~~~~~~~~~~~~~~~~~~~~~~~~~~~~~~~
--- MAIN PARAMETERS ---
GlobalTimeLimitInTick = 2147483645
GlobalTimeLimit = 21474836
ClockType = 0
MaxNbOfBBtreeNodeTreated = 100000
optimalityGapTolerance = 1e-06
relOptimalityGapTolerance = 1e-09
ApplyPreprocessing = true
PreprocessVariablesLocalBounds = false
treeSearchStrategy = 1
OpenNodesLimit = 1000
DEFAULTPRINTLEVEL = 0
--- MIP SOLVER PARAMETERS ---
solverName = CPLEX_SOLVER
MipSolverMaxBBNodes = 2000000
MipSolverMaxTime = 360000
MipSolverMultiThread = 1
--- COLUMN GENERATION PARAMETERS ---
SolverSelectForMast = a
  colGenSubProbSolMode = customSolver
mastInitMode = localArtCol
ArtVarPenaltyUpdateFactor = 2
ArtVarMaxNbOfPenaltyUpdates = 5
MaxNbOfStagesInColGenProcedure = 3
GenerateProperColumns = false
InsertAllGeneratedColumnsInFormRatherThanInPool = true
InsertNewNonNegColumnsDirectlyInFormRatherThanInPool = true
ColumnCleanupThreshold = 10000
ColumnCleanupRatio = 0.66
ReducedCostFixingThreshold = 0.9
--- CUT GENERATION PARAMETERS ---
MasterCuttingPlanesDepthLimit = 1000
MaxNbOfCutGeneratedAtEachIter = 1000
CutTailingOffThreshold = 0.015
CutTailingOffCounterThreshold = 3
CutCleanupThreshold = 1
CutCleanupRatio = 0.66
ColGenSpRelaxationImprovementPriority = 2
--- STABILIZATION PARAMETERS ---
colGenDualPriceSmoothingAlphaFactor = 1
colGenDualPriceSmoothingBetaFactor = 0
colGenStabilizationFunctionType = none
colGenProximalStabilizationRule = undefined
StabilFuncKappa = 1
colGenStabilizationMaxTreeDepth = 10000
StabilizationMinPhaseOfStage = 0
--- PRIMAL HEURISTIC PARAMETERS ---
UseInitialPrimalHeur = false
MaxTimeForRestrictedMasterIpHeur = -1
CallFrequencyOfRestrictedMasterIpHeur = 5
MIPemphasisInRestrictedMasterIpHeur = 1
PolishingAfterTimeInRestrictedMasterIpHeur = -1
DivingHeurUseDepthLimit = -1
CallFrequencyOfDivingHeur = 1
LeastFractional
Closest2RoundUp
LeastGreedyCost
LeastCost
FixIntValBeforeRoundingHeur = true
MaxNbOfCgIteDuringRh = 5000
MaxLDSbreadth = 0
MaxLDSdepth = 0
DivingHeurStopsWithFirstFeasSol = false
DivingHeurPreprocessBeforeChoosingVar = false
StrongDivingCandidatesNumber = 1
EvalAlgParamsInDiving = max#cand. = 1 max#cg.iters = 10000 min.lvl.sp.restr. = 1 min#cut.rounds = 0 max#cut.rounds = 0 red.cost.fix&enum. = false tree.size.ratio = 1
LocalSearchHeurUseDepthLimit = -1
LeastFractional
Closest2RoundUp
LeastGreedyCost
LeastCost
MaxFactorOfColFixedByLocalSearchHeur = 0.8
MaxLocalSearchIterationCounter = 3
--- STRONG BRANCHING PARAMETERS ---
SimplifiedStrongBranchingParameterisation = true
StrongBranchingPhaseOneCandidatesNumber = 50
StrongBranchingPhaseOneTreeSizeEstimRatio = 100
StrongBranchingPhaseTwoCandidatesNumber = 3
StrongBranchingPhaseTwoTreeSizeEstimRatio = 100
SafeDualBoundScaleFactor = -1
StrongBranchingPhaseOne = max#cand. = 50 max#cg.iters = 0 min.lvl.sp.restr. = 0 min#cut.rounds = 0 max#cut.rounds = 0 red.cost.fix&enum. = false tree.size.ratio = 100
StrongBranchingPhaseTwo = max#cand. = 3 max#cg.iters = 10000 min.lvl.sp.restr. = 1 min#cut.rounds = 0 max#cut.rounds = 0 red.cost.fix&enum. = false tree.size.ratio = 100
StrongBranchingPhaseThree = max#cand. = 1 max#cg.iters = 10000 min.lvl.sp.restr. = 0 min#cut.rounds = 0 max#cut.rounds = 10000 red.cost.fix&enum. = true tree.size.ratio = 1
StrongBranchingPhaseFour =not active
--- DEBUG OUTPUT PARAMETERS ---
printMasterPrimalSols = 0
--- VRPSOLVER PARAMETERS ---
RCSPstopCutGenTimeThresholdInPricing = 30
RCSPhardTimeThresholdInPricing = 20
RCSPredCostFixingTimeThreshold = 100
RCSPnumberOfBucketsPerVertex = 25
RCSPdynamicBucketSteps = 1
RCSPuseBidirectionalSearch = 1
RCSPapplyReducedCostFixing = 1
RCSPmaxNumOfColsPerIteration = 30
RCSPmaxNumOfColsPerExactIteration = 150
RCSPmaxNumOfLabelsInEnumeration = 1000000
RCSPmaxNumOfLabelsInHeurEnumeration = 0
RCSPmaxNumOfEnumeratedSolutions = 5000000
RCSPmaxNumOfEnumSolutionsForMIP = 10000
RCSPmaxNumOfEnumSolsForEndOfNodeMIP = 10000
RCSPinitNGneighbourhoodSize = 8
RCSPmaxNGneighbourhoodSize = 16
RCSPrankOneCutsMaxNumRows = 5
RCSPrankOneCutsMaxNumPerRound = 100
RCSPrankOneCutsMemoryType = 1
RCSPrankOneCutsLSnumIterations = 1000
RCSPallowRoutesWithSameVerticesSet = true
RCSPredCostFixingFalseGap = 0
SafeDualBoundScaleFactor = -1
RCSPmaxNumOfLabelsInHeurEnumeration = 0
MaxNumEnumSolsInRestrictedMasterIpHeur = 5000

prName & bcTimeMain \\ 
New model incumbent solution 1e+07, TIME = 0h0m0s47t = 47
RCSP solver info : size of non-robust cut bitmask in a label is 640 bits
Bucket steps were recalculated for graph G_0 : [28.8]
RCSP solver info : non-symmetric case as associated vars of the reverse arc of 0->119 are not the same
Bidirectional border value is initialised to 491.4
RCSP solver info : number of forw. reachable buckets / buck. strongly connected components is 1147( 95.1078% ) / 303( 26.4167% )
RCSP solver info : number of back. reachable buckets / buck. strongly connected components is 1126( 93.3665% ) / 471( 41.8295% )
RCSP solver info: std. label size is 56, ext. label size is 136
Generating neighbourhoods for rank-1 cuts separation
Building structures for 4- and 5-row rank-1 packing cut separation...done!
Model is built TIME = 0h0m0s55t = 55
************************************************************************************************
**** BaB tree root node
**** Local DB = -1e+12, global bounds : [ -1e+12 , 1e+07 ], TIME = 0h0m0s55t = 55
**** 1 open nodes, 0 columns (0 active), 0 dyn. constrs. (0 active), 240 art. vars. (240 active)
************************************************************************************************
#<DWph=2> <it=  1> <et=0.56> <Mt= 0.00> <Spt= 0.00> <nCl= 30> <al=0.00> <DB=-62831914593.7000> <Mlp=1440000000.0000> <PB=10000000> 
#<DWph=2> <it=  2> <et=0.57> <Mt= 0.00> <Spt= 0.01> <nCl= 30> <al=0.55> <DB=-44228371037.6400> <Mlp=1290000350.7000> <PB=10000000> 
#<DWph=2> <it=  3> <et=0.58> <Mt= 0.00> <Spt= 0.01> <nCl= 30> <al=0.45> <DB=-41093211930.5332> <Mlp=1128000702.8500> <PB=10000000> 
#<DWph=2> <it=  4> <et=0.59> <Mt= 0.00> <Spt= 0.01> <nCl= 30> <al=0.51> <DB=-32652700899.0773> <Mlp=972001018.1500> <PB=10000000> 
#<DWph=2> <it=  5> <et=0.60> <Mt= 0.00> <Spt= 0.01> <nCl= 30> <al=0.55> <DB=-27351227117.9461> <Mlp=888001051.4500> <PB=10000000> 
#<DWph=2> <it=  6> <et=0.61> <Mt= 0.00> <Spt= 0.00> <nCl= 30> <al=0.60> <DB=-23339986990.7624> <Mlp=822001385.6500> <PB=10000000> 
#<DWph=2> <it=  7> <et=0.61> <Mt= 0.00> <Spt= 0.01> <nCl= 30> <al=0.64> <DB=-21360141301.3642> <Mlp=742551351.9022> <PB=10000000> 
#<DWph=2> <it=  8> <et=0.62> <Mt= 0.00> <Spt= 0.01> <nCl= 30> <al=0.68> <DB=-18663522144.2113> <Mlp=689600498.8394> <PB=10000000> 
#<DWph=2> <it=  9> <et=0.63> <Mt= 0.00> <Spt= 0.00> <nCl= 30> <al=0.58> <DB=-18234490007.2928> <Mlp=636146663.6342> <PB=10000000> 
#<DWph=2> <it= 10> <et=0.64> <Mt= 0.00> <Spt= 0.01> <nCl= 30> <al=0.62> <DB=-17895514781.3560> <Mlp=584727291.8122> <PB=10000000> 
#<DWph=2> <it= 11> <et=0.64> <Mt= 0.00> <Spt= 0.01> <nCl= 30> <al=0.66> <DB=-16683204115.5954> <Mlp=509730521.4464> <PB=10000000> 
#<DWph=2> <it= 12> <et=0.65> <Mt= 0.00> <Spt= 0.00> <nCl= 30> <al=0.69> <DB=-14409116242.2727> <Mlp=472866397.7048> <PB=10000000> 
#<DWph=2> <it= 13> <et=0.66> <Mt= 0.01> <Spt= 0.01> <nCl= 30> <al=0.72> <DB=-15366733966.5133> <Mlp=447119082.3381> <PB=10000000> 
#<DWph=2> <it= 14> <et=0.67> <Mt= 0.00> <Spt= 0.01> <nCl= 30> <al=0.75> <DB=-13452342345.4669> <Mlp=431334917.4124> <PB=10000000> 
#<DWph=2> <it= 15> <et=0.68> <Mt= 0.00> <Spt= 0.01> <nCl= 30> <al=0.77> <DB=-13291308476.3299> <Mlp=417040821.4024> <PB=10000000> 
#<DWph=2> <it= 16> <et=0.69> <Mt= 0.00> <Spt= 0.01> <nCl= 30> <al=0.80> <DB=-11339442172.5330> <Mlp=408785606.8155> <PB=10000000> 
#<DWph=2> <it= 17> <et=0.70> <Mt= 0.00> <Spt= 0.01> <nCl= 30> <al=0.82> <DB=-10453713141.7973> <Mlp=392877921.9933> <PB=10000000> 
#<DWph=2> <it= 18> <et=0.71> <Mt= 0.00> <Spt= 0.00> <nCl= 30> <al=0.84> <DB=-8869466254.5120> <Mlp=367136986.9852> <PB=10000000> 
#<DWph=2> <it= 19> <et=0.73> <Mt= 0.01> <Spt= 0.01> <nCl= 30> <al=0.85> <DB=-8150433322.6074> <Mlp=348363632.1455> <PB=10000000> 
#<DWph=2> <it= 20> <et=0.74> <Mt= 0.00> <Spt= 0.01> <nCl= 30> <al=0.75> <DB=-8067264563.1803> <Mlp=338623760.0003> <PB=10000000> 
#<DWph=2> <it= 21> <et=0.75> <Mt= 0.00> <Spt= 0.01> <nCl= 30> <al=0.78> <DB=-7164825748.1107> <Mlp=333036243.0928> <PB=10000000> 
#<DWph=2> <it= 22> <et=0.76> <Mt= 0.00> <Spt= 0.01> <nCl= 30> <al=0.80> <DB=-7153092815.9428> <Mlp=328842664.2390> <PB=10000000> 
#<DWph=2> <it= 23> <et=0.77> <Mt= 0.00> <Spt= 0.01> <nCl= 30> <al=0.82> <DB=-5865795453.6803> <Mlp=323881129.7915> <PB=10000000> 
#<DWph=2> <it= 24> <et=0.78> <Mt= 0.01> <Spt= 0.00> <nCl= 30> <al=0.72> <DB=-5099702707.1462> <Mlp=316930065.5281> <PB=10000000> 
#<DWph=2> <it= 25> <et=0.79> <Mt= 0.00> <Spt= 0.01> <nCl= 30> <al=0.75> <DB=-5254306828.2621> <Mlp=313540506.7639> <PB=10000000> 
#<DWph=2> <it= 26> <et=0.80> <Mt= 0.00> <Spt= 0.01> <nCl= 30> <al=0.77> <DB=-5425315649.2906> <Mlp=307693133.8958> <PB=10000000> 
#<DWph=2> <it= 27> <et=0.81> <Mt= 0.01> <Spt= 0.00> <nCl= 30> <al=0.80> <DB=-4392937435.9885> <Mlp=300725205.0891> <PB=10000000> 
#<DWph=2> <it= 28> <et=0.81> <Mt= 0.00> <Spt= 0.01> <nCl= 30> <al=0.82> <DB=-3929657474.4222> <Mlp=289416353.4902> <PB=10000000> 
#<DWph=2> <it= 29> <et=0.83> <Mt= 0.00> <Spt= 0.01> <nCl= 30> <al=0.83> <DB=-3588915082.2143> <Mlp=274798843.5958> <PB=10000000> 
#<DWph=2> <it= 30> <et=0.84> <Mt= 0.01> <Spt= 0.00> <nCl= 30> <al=0.73> <DB=-3444206706.6032> <Mlp=264835062.5748> <PB=10000000> 
#<DWph=2> <it= 31> <et=0.85> <Mt= 0.00> <Spt= 0.01> <nCl= 30> <al=0.76> <DB=-4497194502.3332> <Mlp=260034664.7809> <PB=10000000> 
#<DWph=2> <it= 32> <et=0.85> <Mt= 0.01> <Spt= 0.00> <nCl= 30> <al=0.78> <DB=-3966512500.9579> <Mlp=254493291.0361> <PB=10000000> 
#<DWph=2> <it= 33> <et=0.86> <Mt= 0.00> <Spt= 0.01> <nCl= 30> <al=0.81> <DB=-3918023489.6609> <Mlp=249419600.8128> <PB=10000000> 
#<DWph=2> <it= 34> <et=0.87> <Mt= 0.00> <Spt= 0.01> <nCl= 30> <al=0.71> <DB=-2446925722.8510> <Mlp=242290305.4072> <PB=10000000> 
#<DWph=2> <it= 35> <et=0.88> <Mt= 0.00> <Spt= 0.00> <nCl= 30> <al=0.61> <DB=-3166362463.9848> <Mlp=241442358.8697> <PB=10000000> 
#<DWph=2> <it= 36> <et=0.89> <Mt= 0.01> <Spt= 0.01> <nCl= 30> <al=0.65> <DB=-2251106542.0280> <Mlp=236258796.2862> <PB=10000000> 
#<DWph=2> <it= 37> <et=0.90> <Mt= 0.00> <Spt= 0.01> <nCl= 30> <al=0.55> <DB=-1966799275.9126> <Mlp=232728762.0548> <PB=10000000> 
#<DWph=2> <it= 38> <et=0.92> <Mt= 0.01> <Spt= 0.00> <nCl= 30> <al=0.59> <DB=-2140575887.3741> <Mlp=228510521.6201> <PB=10000000> 
#<DWph=2> <it= 39> <et=0.93> <Mt= 0.00> <Spt= 0.01> <nCl= 30> <al=0.63> <DB=-1770630925.7522> <Mlp=224529087.0567> <PB=10000000> 
#<DWph=2> <it= 40> <et=0.94> <Mt= 0.01> <Spt= 0.01> <nCl= 30> <al=0.67> <DB=-1777779235.1044> <Mlp=218457642.5742> <PB=10000000> 
#<DWph=2> <it= 41> <et=0.95> <Mt= 0.00> <Spt= 0.00> <nCl= 30> <al=0.70> <DB=-1760520203.2217> <Mlp=217395829.4253> <PB=10000000> 
#<DWph=2> <it= 42> <et=0.98> <Mt= 0.01> <Spt= 0.02> <nCl= 30> <al=0.00> <DB=215775776.3779> <Mlp=216005948.8888> <PB=10000000> 
#<DWph=2> <it= 43> <et=0.99> <Mt= 0.00> <Spt= 0.01> <nCl= 30> <al=0.63> <DB=215858056.3693> <Mlp=216005844.9687> <PB=10000000> 
#<DWph=2> <it= 44> <et=1.00> <Mt= 0.00> <Spt= 0.01> <nCl= 30> <al=0.53> <DB=215899368.1753> <Mlp=216005811.7491> <PB=10000000> 
#<DWph=2> <it= 45> <et=1.01> <Mt= 0.01> <Spt= 0.00> <nCl= 30> <al=0.43> <DB=215927747.1979> <Mlp=216005658.1238> <PB=10000000> 
#<DWph=2> <it= 46> <et=1.02> <Mt= 0.00> <Spt= 0.01> <nCl= 30> <al=0.33> <DB=215942010.5471> <Mlp=216005491.3802> <PB=10000000> 
#<DWph=2> <it= 47> <et=1.03> <Mt= 0.01> <Spt= 0.01> <nCl= 30> <al=0.40> <DB=215939155.8220> <Mlp=216005432.6575> <PB=10000000> 
#<DWph=2> <it= 48> <et=1.04> <Mt= 0.00> <Spt= 0.00> <nCl= 30> <al=0.46> <DB=215948555.9825> <Mlp=216005410.5545> <PB=10000000> 
#<DWph=2> <it= 49> <et=1.06> <Mt= 0.01> <Spt= 0.01> <nCl= 30> <al=0.36> <DB=215950008.6248> <Mlp=216005362.0401> <PB=10000000> 
#<DWph=2> <it= 50> <et=1.07> <Mt= 0.00> <Spt= 0.01> <nCl= 30> <al=0.42> <DB=215952836.0339> <Mlp=216005330.0312> <PB=10000000> 
#<DWph=2> <it= 51> <et=1.08> <Mt= 0.00> <Spt= 0.01> <nCl= 30> <al=0.48> <DB=215957505.1296> <Mlp=216005179.0118> <PB=10000000> 
#<DWph=2> <it= 52> <et=1.09> <Mt= 0.01> <Spt= 0.00> <nCl= 30> <al=0.53> <DB=215964358.8600> <Mlp=216005060.9388> <PB=10000000> 
#<DWph=2> <it= 53> <et=1.11> <Mt= 0.00> <Spt= 0.01> <nCl= 30> <al=0.58> <DB=215966333.5123> <Mlp=216004994.5892> <PB=10000000> 
#<DWph=2> <it= 54> <et=1.12> <Mt= 0.01> <Spt= 0.01> <nCl= 30> <al=0.62> <DB=215964289.1272> <Mlp=216004938.5575> <PB=10000000> 
#<DWph=2> <it= 55> <et=1.13> <Mt= 0.00> <Spt= 0.01> <nCl= 30> <al=0.66> <DB=215971116.8262> <Mlp=216004875.1756> <PB=10000000> 
#<DWph=2> <it= 56> <et=1.14> <Mt= 0.01> <Spt= 0.00> <nCl= 30> <al=0.69> <DB=215970824.7438> <Mlp=216004821.2737> <PB=10000000> 
#<DWph=2> <it= 57> <et=1.15> <Mt= 0.00> <Spt= 0.01> <nCl= 30> <al=0.72> <DB=215972762.0848> <Mlp=216004759.2659> <PB=10000000> 
#<DWph=2> <it= 58> <et=1.17> <Mt= 0.01> <Spt= 0.01> <nCl= 30> <al=0.75> <DB=215977389.6728> <Mlp=216004637.0251> <PB=10000000> 
#<DWph=2> <it= 59> <et=1.18> <Mt= 0.00> <Spt= 0.01> <nCl= 30> <al=0.78> <DB=215973946.8986> <Mlp=216004557.6924> <PB=10000000> 
#<DWph=2> <it= 60> <et=1.19> <Mt= 0.01> <Spt= 0.00> <nCl= 30> <al=0.80> <DB=215973345.3467> <Mlp=216004466.8556> <PB=10000000> 
#<DWph=2> <it= 61> <et=1.21> <Mt= 0.00> <Spt= 0.01> <nCl= 29> <al=0.82> <DB=215982158.2631> <Mlp=216004412.2750> <PB=10000000> 
#<DWph=2> <it= 62> <et=1.22> <Mt= 0.01> <Spt= 0.01> <nCl= 30> <al=0.72> <DB=215979628.1167> <Mlp=216004373.4341> <PB=10000000> 
#<DWph=2> <it= 63> <et=1.23> <Mt= 0.00> <Spt= 0.01> <nCl= 30> <al=0.75> <DB=215977112.9082> <Mlp=216004321.9655> <PB=10000000> 
#<DWph=2> <it= 64> <et=1.25> <Mt= 0.01> <Spt= 0.01> <nCl= 30> <al=0.77> <DB=215983143.9517> <Mlp=216004287.9075> <PB=10000000> 
#<DWph=2> <it= 65> <et=1.26> <Mt= 0.00> <Spt= 0.00> <nCl= 30> <al=0.67> <DB=215973798.1750> <Mlp=216004239.5719> <PB=10000000> 
#<DWph=2> <it= 66> <et=1.27> <Mt= 0.01> <Spt= 0.01> <nCl= 30> <al=0.71> <DB=215985880.6905> <Mlp=216004144.5029> <PB=10000000> 
#<DWph=2> <it= 67> <et=1.29> <Mt= 0.00> <Spt= 0.01> <nCl= 30> <al=0.61> <DB=215979076.5123> <Mlp=216004050.5812> <PB=10000000> 
#<DWph=2> <it= 68> <et=1.30> <Mt= 0.01> <Spt= 0.01> <nCl= 30> <al=0.64> <DB=215987102.7598> <Mlp=216003967.3791> <PB=10000000> 
#<DWph=2> <it= 69> <et=1.31> <Mt= 0.00> <Spt= 0.01> <nCl= 30> <al=0.68> <DB=215988274.9526> <Mlp=216003935.6125> <PB=10000000> 
#<DWph=2> <it= 70> <et=1.32> <Mt= 0.01> <Spt= 0.01> <nCl= 29> <al=0.71> <DB=215990999.9661> <Mlp=216003919.2790> <PB=10000000> 
#<DWph=2> <it= 71> <et=1.34> <Mt= 0.00> <Spt= 0.00> <nCl= 30> <al=0.61> <DB=215988062.7937> <Mlp=216003911.5440> <PB=10000000> 
#<DWph=2> <it= 72> <et=1.35> <Mt= 0.00> <Spt= 0.01> <nCl= 30> <al=0.65> <DB=215986602.1217> <Mlp=216003895.2469> <PB=10000000> 
#<DWph=2> <it= 73> <et=1.36> <Mt= 0.01> <Spt= 0.01> <nCl= 30> <al=0.55> <DB=215989515.2598> <Mlp=216003872.5090> <PB=10000000> 
#<DWph=2> <it= 74> <et=1.37> <Mt= 0.00> <Spt= 0.01> <nCl= 30> <al=0.60> <DB=215994290.6781> <Mlp=216003866.2913> <PB=10000000> 
#<DWph=2> <it= 75> <et=1.38> <Mt= 0.00> <Spt= 0.01> <nCl= 30> <al=0.64> <DB=215995723.5969> <Mlp=216003858.2336> <PB=10000000> 
#<DWph=2> <it= 76> <et=1.40> <Mt= 0.01> <Spt= 0.01> <nCl= 30> <al=0.54> <DB=215995666.2139> <Mlp=216003849.2072> <PB=10000000> 
#<DWph=2> <it= 77> <et=1.41> <Mt= 0.00> <Spt= 0.00> <nCl= 30> <al=0.58> <DB=215996206.6486> <Mlp=216003837.2434> <PB=10000000> 
#<DWph=2> <it= 78> <et=1.42> <Mt= 0.01> <Spt= 0.01> <nCl= 30> <al=0.62> <DB=215995505.0347> <Mlp=216003816.5322> <PB=10000000> 
#<DWph=2> <it= 79> <et=1.43> <Mt= 0.00> <Spt= 0.01> <nCl= 30> <al=0.66> <DB=215994415.3286> <Mlp=216003809.2631> <PB=10000000> 
#<DWph=2> <it= 80> <et=1.44> <Mt= 0.00> <Spt= 0.01> <nCl= 30> <al=0.70> <DB=215991275.0202> <Mlp=216003798.1290> <PB=10000000> 
#<DWph=2> <it= 81> <et=1.45> <Mt= 0.00> <Spt= 0.01> <nCl= 30> <al=0.60> <DB=215998929.2000> <Mlp=216003788.5976> <PB=10000000> 
#<DWph=2> <it= 82> <et=1.47> <Mt= 0.01> <Spt= 0.00> <nCl= 30> <al=0.64> <DB=215993270.7842> <Mlp=216003767.7540> <PB=10000000> 
#<DWph=2> <it= 83> <et=1.48> <Mt= 0.00> <Spt= 0.01> <nCl= 30> <al=0.67> <DB=215995101.8883> <Mlp=216003755.7773> <PB=10000000> 
#<DWph=2> <it= 84> <et=1.49> <Mt= 0.01> <Spt= 0.01> <nCl= 28> <al=0.71> <DB=215998768.9097> <Mlp=216003734.5333> <PB=10000000> 
#<DWph=2> <it= 85> <et=1.50> <Mt= 0.00> <Spt= 0.01> <nCl= 30> <al=0.73> <DB=215998043.5098> <Mlp=216003722.4586> <PB=10000000> 
#<DWph=2> <it= 86> <et=1.51> <Mt= 0.00> <Spt= 0.01> <nCl= 26> <al=0.63> <DB=216000545.1117> <Mlp=216003711.0213> <PB=10000000> 
#<DWph=2> <it= 87> <et=1.53> <Mt= 0.01> <Spt= 0.01> <nCl= 30> <al=0.67> <DB=216000425.4492> <Mlp=216003708.8183> <PB=10000000> 
#<DWph=2> <it= 88> <et=1.54> <Mt= 0.00> <Spt= 0.00> <nCl= 23> <al=0.70> <DB=216001135.8981> <Mlp=216003701.6652> <PB=10000000> 
#<DWph=2> <it= 89> <et=1.55> <Mt= 0.00> <Spt= 0.01> <nCl= 30> <al=0.60> <DB=215994277.0188> <Mlp=216003698.1531> <PB=10000000> 
#<DWph=2> <it= 90> <et=1.56> <Mt= 0.01> <Spt= 0.01> <nCl= 30> <al=0.64> <DB=216000862.4600> <Mlp=216003691.3057> <PB=10000000> 
#<DWph=2> <it= 91> <et=1.58> <Mt= 0.00> <Spt= 0.01> <nCl= 30> <al=0.68> <DB=216002059.3975> <Mlp=216003686.4870> <PB=10000000> 
#<DWph=2> <it= 92> <et=1.59> <Mt= 0.01> <Spt= 0.01> <nCl= 20> <al=0.71> <DB=216002227.6550> <Mlp=216003684.7295> <PB=10000000> 
#<DWph=2> <it= 93> <et=1.60> <Mt= 0.00> <Spt= 0.00> <nCl= 29> <al=0.61> <DB=216002915.4078> <Mlp=216003682.4705> <PB=10000000> 
#<DWph=2> <it= 94> <et=1.61> <Mt= 0.01> <Spt= 0.01> <nCl= 25> <al=0.65> <DB=216001748.5156> <Mlp=216003681.5081> <PB=10000000> 
#<DWph=2> <it= 95> <et=1.62> <Mt= 0.00> <Spt= 0.01> <nCl= 12> <al=0.69> <DB=216002928.3325> <Mlp=216003680.7946> <PB=10000000> 
#<DWph=2> <it= 96> <et=1.63> <Mt= 0.00> <Spt= 0.01> <nCl= 23> <al=0.72> <DB=216003085.6939> <Mlp=216003680.4209> <PB=10000000> 
#<DWph=2> <it= 97> <et=1.64> <Mt= 0.00> <Spt= 0.00> <nCl= 30> <al=0.62> <DB=215989865.5296> <Mlp=216003678.7663> <PB=10000000> 
#<DWph=2> <it= 98> <et=1.65> <Mt= 0.01> <Spt= 0.01> <nCl= 30> <al=0.66> <DB=216002181.7502> <Mlp=216003666.2022> <PB=10000000> 
#<DWph=2> <it= 99> <et=1.66> <Mt= 0.00> <Spt= 0.01> <nCl= 24> <al=0.69> <DB=216003112.8694> <Mlp=216003659.2926> <PB=10000000> 
#<DWph=2> <it=100> <et=1.67> <Mt= 0.01> <Spt= 0.00> <nCl= 29> <al=0.59> <DB=216001176.9089> <Mlp=216003653.9888> <PB=10000000> 
#<DWph=2> <it=101> <et=1.69> <Mt= 0.00> <Spt= 0.01> <nCl= 24> <al=0.63> <DB=216003041.7934> <Mlp=216003649.7790> <PB=10000000> 
#<DWph=2> <it=102> <et=1.69> <Mt= 0.00> <Spt= 0.00> <nCl= 12> <al=0.53> <DB=216003106.9018> <Mlp=216003648.1420> <PB=10000000> 
#<DWph=2> <it=103> <et=1.70> <Mt= 0.00> <Spt= 0.01> <nCl= 15> <al=0.43> <DB=216000651.7677> <Mlp=216003647.3294> <PB=10000000> 
#<DWph=2> <it=104> <et=1.71> <Mt= 0.01> <Spt= 0.01> <nCl= 25> <al=0.49> <DB=216002643.1846> <Mlp=216003642.3588> <PB=10000000> 
#<DWph=2> <it=105> <et=1.72> <Mt= 0.00> <Spt= 0.00> <nCl= 12> <al=0.54> <DB=216003410.9654> <Mlp=216003641.2055> <PB=10000000> 
#<DWph=2> <it=106> <et=1.73> <Mt= 0.00> <Spt= 0.02> <nCl= 30> <al=0.44> <DB=216001943.7338> <Mlp=216003640.7718> <PB=10000000> 
#<DWph=2> <it=107> <et=1.74> <Mt= 0.01> <Spt= 0.00> <nCl= 30> <al=0.49> <DB=216003219.7730> <Mlp=216003637.2457> <PB=10000000> 
#<DWph=2> <it=108> <et=1.75> <Mt= 0.00> <Spt= 0.01> <nCl= 22> <al=0.55> <DB=216003445.1248> <Mlp=216003636.7741> <PB=10000000> 
#<DWph=2> <it=109> <et=1.76> <Mt= 0.00> <Spt= 0.01> <nCl= 15> <al=0.59> <DB=216003503.6175> <Mlp=216003636.0268> <PB=10000000> 
#<DWph=2> <it=110> <et=1.77> <Mt= 0.00> <Spt= 0.00> <nCl= 30> <al=0.63> <DB=215999674.7259> <Mlp=216003635.7735> <PB=10000000> 
#<DWph=2> <it=111> <et=1.78> <Mt= 0.01> <Spt= 0.01> <nCl= 28> <al=0.67> <DB=216000173.6789> <Mlp=216003622.9602> <PB=10000000> 
#<DWph=2> <it=112> <et=1.80> <Mt= 0.00> <Spt= 0.01> <nCl= 17> <al=0.57> <DB=216003063.8231> <Mlp=216003618.8023> <PB=10000000> 
#<DWph=2> <it=113> <et=1.81> <Mt= 0.01> <Spt= 0.01> <nCl= 10> <al=0.61> <DB=216003573.7202> <Mlp=216003617.6319> <PB=10000000> 
#<DWph=2> <it=114> <et=1.82> <Mt= 0.00> <Spt= 0.00> <nCl= 22> <al=0.51> <DB=216003514.1227> <Mlp=216003617.5431> <PB=10000000> 
#<DWph=2> <it=115> <et=1.83> <Mt= 0.00> <Spt= 0.01> <nCl=  6> <al=0.56> <DB=216003583.3098> <Mlp=216003617.3967> <PB=10000000> 
#<DWph=2> <it=116> <et=1.84> <Mt= 0.00> <Spt= 0.01> <nCl=  8> <al=0.60> <DB=216003319.4033> <Mlp=216003617.3034> <PB=10000000> 
#<DWph=2> <it=117> <et=1.85> <Mt= 0.00> <Spt= 0.01> <nCl=  4> <al=0.64> <DB=216003595.4018> <Mlp=216003617.2821> <PB=10000000> 
#<DWph=2> <it=118> <et=1.85> <Mt= 0.00> <Spt= 0.00> <nCl= 10> <al=0.54> <DB=216003601.9574> <Mlp=216003617.2718> <PB=10000000> 
#<DWph=2> <it=119> <et=1.86> <Mt= 0.00> <Spt= 0.01> <nCl=  6> <al=0.59> <DB=216003505.7441> <Mlp=216003617.2628> <PB=10000000> 
#<DWph=2> <it=120> <et=1.87> <Mt= 0.00> <Spt= 0.01> <nCl= 28> <al=0.00> <DB=216002347.9696> <Mlp=216003617.2167> <PB=10000000> 
#<DWph=2> <it=121> <et=1.88> <Mt= 0.01> <Spt= 0.01> <nCl= 19> <al=0.39> <DB=216002066.7516> <Mlp=216003617.2161> <PB=10000000> 
#<DWph=2> <it=122> <et=1.89> <Mt= 0.00> <Spt= 0.01> <nCl= 16> <al=0.29> <DB=216002410.2028> <Mlp=216003616.9885> <PB=10000000> 
#<DWph=2> <it=123> <et=1.90> <Mt= 0.00> <Spt= 0.00> <nCl=  8> <al=0.36> <DB=216003354.4511> <Mlp=216003616.6393> <PB=10000000> 
#<DWph=2> <it=124> <et=1.91> <Mt= 0.00> <Spt= 0.01> <nCl= 19> <al=0.00> <DB=216002906.4389> <Mlp=216003616.6393> <PB=10000000> 
#<DWph=2> <it=125> <et=1.92> <Mt= 0.00> <Spt= 0.01> <nCl=  6> <al=0.16> <DB=216003212.1886> <Mlp=216003616.5605> <PB=10000000> 
#<DWph=2> <it=126> <et=1.93> <Mt= 0.00> <Spt= 0.01> <nCl=  8> <al=0.24> <DB=216003606.6656> <Mlp=216003616.3101> <PB=10000000> 
#<DWph=2> <it=127> <et=1.94> <Mt= 0.00> <Spt= 0.01> <nCl= 11> <al=0.00> <DB=216003215.2923> <Mlp=216003616.2706> <PB=10000000> 
#<DWph=2> <it=128> <et=1.95> <Mt= 0.01> <Spt= 0.01> <nCl=  9> <al=0.00> <DB=216003616.2591> <Mlp=216003616.2591> <PB=10000000> 
 Artificial variables in the solution : decreasing phase of stage 
#<DWph=1> <it=129> <et=1.96> <Mt= 0.00> <Spt= 0.01> <nCl= 30> <al=0.12> <DB=215995211.8841> <Mlp=216003616.2591> <PB=10000000> 
#<DWph=1> <it=130> <et=1.99> <Mt= 0.01> <Spt= 0.01> <nCl= 30> <al=0.02> <DB=215993455.4593> <Mlp=216003588.0381> <PB=10000000> 
#<DWph=1> <it=131> <et=2.01> <Mt= 0.01> <Spt= 0.01> <nCl= 30> <al=0.12> <DB=215995165.2079> <Mlp=216003586.8641> <PB=10000000> 
#<DWph=1> <it=132> <et=2.02> <Mt= 0.01> <Spt= 0.01> <nCl= 30> <al=0.21> <DB=215996215.1432> <Mlp=216003578.6402> <PB=10000000> 
#<DWph=1> <it=133> <et=2.04> <Mt= 0.00> <Spt= 0.01> <nCl= 30> <al=0.29> <DB=215999499.3240> <Mlp=216003569.8693> <PB=10000000> 
#<DWph=1> <it=134> <et=2.06> <Mt= 0.01> <Spt= 0.01> <nCl= 30> <al=0.36> <DB=216000091.0001> <Mlp=216003558.4931> <PB=10000000> 
#<DWph=1> <it=135> <et=2.08> <Mt= 0.01> <Spt= 0.01> <nCl= 30> <al=0.42> <DB=216000494.1090> <Mlp=216003544.5236> <PB=10000000> 
#<DWph=1> <it=136> <et=2.09> <Mt= 0.00> <Spt= 0.01> <nCl= 30> <al=0.48> <DB=216000141.8412> <Mlp=216003537.0813> <PB=10000000> 
#<DWph=1> <it=137> <et=2.11> <Mt= 0.01> <Spt= 0.01> <nCl= 28> <al=0.53> <DB=216001074.0127> <Mlp=216003535.4521> <PB=10000000> 
#<DWph=1> <it=138> <et=2.12> <Mt= 0.00> <Spt= 0.01> <nCl= 30> <al=0.43> <DB=216001277.3844> <Mlp=216003532.3149> <PB=10000000> 
#<DWph=1> <it=139> <et=2.13> <Mt= 0.00> <Spt= 0.01> <nCl= 30> <al=0.49> <DB=215999787.6251> <Mlp=216003527.1025> <PB=10000000> 
#<DWph=1> <it=140> <et=2.15> <Mt= 0.01> <Spt= 0.01> <nCl= 30> <al=0.39> <DB=215998927.3501> <Mlp=216003522.2735> <PB=10000000> 
#<DWph=1> <it=141> <et=2.16> <Mt= 0.00> <Spt= 0.01> <nCl= 30> <al=0.45> <DB=216001787.8683> <Mlp=216003520.0643> <PB=10000000> 
#<DWph=1> <it=142> <et=2.18> <Mt= 0.01> <Spt= 0.01> <nCl= 30> <al=0.35> <DB=216001271.8152> <Mlp=216003514.1271> <PB=10000000> 
#<DWph=1> <it=143> <et=2.19> <Mt= 0.00> <Spt= 0.01> <nCl= 30> <al=0.41> <DB=216000983.5657> <Mlp=216003512.9945> <PB=10000000> 
#<DWph=1> <it=144> <et=2.21> <Mt= 0.01> <Spt= 0.01> <nCl= 27> <al=0.47> <DB=216002155.1151> <Mlp=216003512.5463> <PB=10000000> 
#<DWph=1> <it=145> <et=2.22> <Mt= 0.00> <Spt= 0.01> <nCl= 30> <al=0.53> <DB=216001853.2564> <Mlp=216003507.6913> <PB=10000000> 
#<DWph=1> <it=146> <et=2.23> <Mt= 0.01> <Spt= 0.01> <nCl= 30> <al=0.57> <DB=216002205.4986> <Mlp=216003505.7097> <PB=10000000> 
#<DWph=1> <it=147> <et=2.25> <Mt= 0.00> <Spt= 0.01> <nCl= 23> <al=0.62> <DB=216002367.1962> <Mlp=216003502.2445> <PB=10000000> 
#<DWph=1> <it=148> <et=2.26> <Mt= 0.01> <Spt= 0.01> <nCl= 24> <al=0.65> <DB=216002785.4624> <Mlp=216003497.1212> <PB=10000000> 
#<DWph=1> <it=149> <et=2.27> <Mt= 0.00> <Spt= 0.01> <nCl= 23> <al=0.55> <DB=216002727.0867> <Mlp=216003496.6589> <PB=10000000> 
#<DWph=1> <it=150> <et=2.28> <Mt= 0.00> <Spt= 0.00> <nCl= 13> <al=0.60> <DB=216002952.2298> <Mlp=216003496.4479> <PB=10000000> 
#<DWph=1> <it=151> <et=2.29> <Mt= 0.00> <Spt= 0.01> <nCl= 19> <al=0.64> <DB=215999701.5676> <Mlp=216003496.4479> <PB=10000000> 
#<DWph=1> <it=152> <et=2.33> <Mt= 0.02> <Spt= 0.01> <nCl= 29> <al=0.54> <DB=216001823.7808> <Mlp=216003484.9721> <PB=10000000> 
#<DWph=1> <it=153> <et=2.36> <Mt= 0.02> <Spt= 0.01> <nCl= 29> <al=0.59> <DB=216002820.3345> <Mlp=216003476.1973> <PB=10000000> 
#<DWph=1> <it=154> <et=2.37> <Mt= 0.00> <Spt= 0.01> <nCl= 25> <al=0.63> <DB=216003049.4551> <Mlp=216003474.9429> <PB=10000000> 
#<DWph=1> <it=155> <et=2.38> <Mt= 0.01> <Spt= 0.01> <nCl= 29> <al=0.66> <DB=216001789.1254> <Mlp=216003473.5111> <PB=10000000> 
#<DWph=1> <it=156> <et=2.40> <Mt= 0.00> <Spt= 0.01> <nCl= 19> <al=0.70> <DB=216003177.7241> <Mlp=216003473.4767> <PB=10000000> 
#<DWph=1> <it=157> <et=2.41> <Mt= 0.01> <Spt= 0.02> <nCl= 30> <al=0.60> <DB=216002023.2635> <Mlp=216003472.9299> <PB=10000000> 
#<DWph=1> <it=158> <et=2.43> <Mt= 0.00> <Spt= 0.01> <nCl= 26> <al=0.50> <DB=216002713.6321> <Mlp=216003471.8032> <PB=10000000> 
#<DWph=1> <it=159> <et=2.44> <Mt= 0.00> <Spt= 0.01> <nCl= 30> <al=0.40> <DB=216001000.8524> <Mlp=216003471.5109> <PB=10000000> 
#<DWph=1> <it=160> <et=2.46> <Mt= 0.00> <Spt= 0.01> <nCl= 21> <al=0.46> <DB=216002849.4193> <Mlp=216003471.5109> <PB=10000000> 
#<DWph=1> <it=161> <et=2.47> <Mt= 0.01> <Spt= 0.01> <nCl= 16> <al=0.36> <DB=216002995.7764> <Mlp=216003471.5109> <PB=10000000> 
#<DWph=1> <it=162> <et=2.48> <Mt= 0.00> <Spt= 0.01> <nCl= 29> <al=0.26> <DB=216000603.0867> <Mlp=216003471.5078> <PB=10000000> 
#<DWph=1> <it=163> <et=2.49> <Mt= 0.00> <Spt= 0.01> <nCl= 20> <al=0.33> <DB=216001690.5795> <Mlp=216003471.5078> <PB=10000000> 
#<DWph=1> <it=164> <et=2.51> <Mt= 0.00> <Spt= 0.01> <nCl= 30> <al=0.23> <DB=216002203.8585> <Mlp=216003471.5078> <PB=10000000> 
#<DWph=1> <it=165> <et=2.52> <Mt= 0.01> <Spt= 0.01> <nCl= 30> <al=0.13> <DB=216001464.4746> <Mlp=216003471.0643> <PB=10000000> 
#<DWph=1> <it=166> <et=2.53> <Mt= 0.00> <Spt= 0.01> <nCl= 12> <al=0.22> <DB=216003180.9192> <Mlp=216003471.0643> <PB=10000000> 
#<DWph=1> <it=167> <et=2.54> <Mt= 0.00> <Spt= 0.01> <nCl= 30> <al=0.12> <DB=216000610.1265> <Mlp=216003471.0619> <PB=10000000> 
#<DWph=1> <it=168> <et=2.55> <Mt= 0.00> <Spt= 0.01> <nCl= 30> <al=0.21> <DB=216001322.3126> <Mlp=216003471.0619> <PB=10000000> 
#<DWph=1> <it=169> <et=2.57> <Mt= 0.00> <Spt= 0.01> <nCl= 30> <al=0.29> <DB=216001989.2563> <Mlp=216003471.0619> <PB=10000000> 
#<DWph=1> <it=170> <et=2.58> <Mt= 0.00> <Spt= 0.01> <nCl=  3> <al=0.36> <DB=216002908.7096> <Mlp=216003470.9321> <PB=10000000> 
#<DWph=1> <it=171> <et=2.59> <Mt= 0.01> <Spt= 0.01> <nCl=  3> <al=0.26> <DB=216003065.9370> <Mlp=216003470.9321> <PB=10000000> 
#<DWph=1> <it=172> <et=2.61> <Mt= 0.00> <Spt= 0.02> <nCl= 33> <al=0.00> <DB=216002867.1173> <Mlp=216003470.9321> <PB=10000000> 
#<DWph=1> <it=173> <et=2.62> <Mt= 0.00> <Spt= 0.01> <nCl= 11> <al=0.06> <DB=216003279.9414> <Mlp=216003470.9321> <PB=10000000> 
#<DWph=1> <it=174> <et=2.63> <Mt= 0.00> <Spt= 0.01> <nCl= 20> <al=0.00> <DB=216002893.5451> <Mlp=216003470.9154> <PB=10000000> 
#<DWph=1> <it=175> <et=2.64> <Mt= 0.00> <Spt= 0.01> <nCl=  4> <al=0.06> <DB=216003369.8586> <Mlp=216003470.9154> <PB=10000000> 
#<DWph=1> <it=176> <et=2.65> <Mt= 0.00> <Spt= 0.01> <nCl= 17> <al=0.00> <DB=216002893.5451> <Mlp=216003470.9154> <PB=10000000> 
#<DWph=1> <it=177> <et=2.66> <Mt= 0.00> <Spt= 0.01> <nCl= 29> <al=0.07> <DB=216002890.7910> <Mlp=216003470.4920> <PB=10000000> 
#<DWph=1> <it=178> <et=2.68> <Mt= 0.01> <Spt= 0.01> <nCl= 30> <al=0.16> <DB=216002188.8806> <Mlp=216003470.1385> <PB=10000000> 
#<DWph=1> <it=179> <et=2.69> <Mt= 0.00> <Spt= 0.01> <nCl=  8> <al=0.24> <DB=216003087.4242> <Mlp=216003470.1385> <PB=10000000> 
#<DWph=1> <it=180> <et=2.70> <Mt= 0.00> <Spt= 0.01> <nCl=  1> <al=0.32> <DB=216003286.3422> <Mlp=216003470.1385> <PB=10000000> 
#<DWph=1> <it=181> <et=2.71> <Mt= 0.00> <Spt= 0.01> <nCl=  2> <al=0.22> <DB=216003309.8039> <Mlp=216003470.1385> <PB=10000000> 
#<DWph=1> <it=182> <et=2.73> <Mt= 0.00> <Spt= 0.02> <nCl= 14> <al=0.00> <DB=216003452.7462> <Mlp=216003470.1385> <PB=10000000> 
#<DWph=1> <it=183> <et=2.74> <Mt= 0.00> <Spt= 0.00> <nCl=  2> <al=0.20> <DB=216003452.7462> <Mlp=216003470.1385> <PB=10000000> 
#<DWph=1> <it=184> <et=2.76> <Mt= 0.00> <Spt= 0.02> <nCl=  1> <al=0.00> <DB=216003470.1385> <Mlp=216003470.1385> <PB=10000000> 
 Artificial variables in the solution : decreasing phase of stage 
#    RCSP exact solver info for graph G_0 : TT = 0.008482, pt = 4.1e-05, dt = 0.006948, ct = 0.000762, ndl = 2965', bdl = 50549', odl = 5359', odf = 26451', bsi = 1365', cnt = 1080', bdch = 204749', odch = 29982', lcp = 46004', #sols = 144
<DWph=0> <it=185> <et=2.77> <Mt= 0.00> <Spt= 0.01> <nCl=144> <al=0.10> <DB=215998852.9385> <Mlp=216003470.1385> <PB=10000000> 
RCSP solver dynamic params and stats :  bidir.bord. = 491.4 aver.obdmd = 8.33058 aver.buck.num. = 9.96694
@@ 1 0 2.15999e+08 0.00771 0.00771 49.5393 2.77
ColGenEvalAlg final dual bound: 2.15999e+08 (rounded: 2.15999e+08)
************************************************************************************************
Search is finished, global bounds : [ 1e+07 , 1e+07 ], TIME = 0h0m2s78t = 278
************************************************************************************************
statistics_cols: instance & :Optimal & cutoff & :bcRecRootDb & :bcTimeRootEval & :bcCountNodeProc & :bcRecBestDb & :bcRecBestInc & :bcTimeMain \\
statistics: instance_36-triangle & 1 & 1.0e7 & 215998852.94 & 2.78 & 1 & 10000000.00 & -- & 2.78 \\
########################################################
Problem infeasible
########################################################

end_time=2026-04-20 14:01:36
exit_code=0
