instance_file=/mnt/c/Users/porin/OneDrive/Documentos/Python-Mestrado/Modelagem Matemática/Programação Inteira - Uchoa/Problema VRPRDL/instancias_turco/VRPRDL-triangle/vrptw_convertidos/instance_16-triangle.txt
instance_name=instance_16-triangle
start_time=2026-04-20 14:12:55

  Activating project at `~/VRPSolver/VRPSolverDemos/other/VRPTW`
Application parameters:
  batch  =>  nothing
  update  =>  false
  tikz  =>  nothing
  instance  =>  "/mnt/c/Users/porin/OneDrive/Documentos/Python-Mestrado/Modelagem Matemática/Programação Inteira - Uchoa/Problema VRPRDL/instancias_turco/VRPRDL-triangle/vrptw_convertidos/instance_16-triangle.txt"
  out  =>  nothing
  nosolve  =>  false
  ub  =>  1.0e7
  sol  =>  nothing
  cfg  =>  "/home/poringman/VRPSolver/VRPSolverDemos/other/VRPTW/config/VRPTW_set_2.cfg"
  enable_cap_res  =>  false
~~~~~~~~~~~~~~~~~~~~~~~~~~~~~~~~~~~~~~~~~~~~~~~~~~~~~~~~~~~~~~~~~~~~~~~~~~~~~~~~~~~~~
GIT VERSION RCSP: 
GIT BRANCH: 
~~~~~~~~~~~~~~~~~~~~~~~~~~~~~~~~~~~~~~~~~~~~~~~~~~~~~~~~~~~~~~~~~~~~~~~~~~~~~~~~~~~~~
VRPSolver v0.6.16, 10/11/2025, © Inria Bordeaux, France, vrpsolver.math.u-bordeaux.fr
      Corresponds to the solver by Pessoa, Sadykov, Uchoa and Vanderbeck (2020)
                 Paper: dx.doi.org/10.1007/s10107-020-01523-z
~~~~~~~~~~~~~~~~~~~~~~~~~~~~~~~~~~~~~~~~~~~~~~~~~~~~~~~~~~~~~~~~~~~~~~~~~~~~~~~~~~~~~
GIT VERSION BAPCOD: a7cb21f19424236c9d0da5dcf94961797a519470
GIT BRANCH: main
~~~~~~~~~~~~~~~~~~~~~~~~~~~~~~~~~~~~~~~~~~~~~~~~~~~~~~~~~~~~~~~~~~~~~~~~~~~~~~~~~~~~~
   BaPCod v0.84, 10/11/2025, © Inria Bordeaux, France, bapcod.math.u-bordeaux.fr 
           THIS CODE IS PROVIDED AS IS, USE IT AT YOUR OWN RISK
~~~~~~~~~~~~~~~~~~~~~~~~~~~~~~~~~~~~~~~~~~~~~~~~~~~~~~~~~~~~~~~~~~~~~~~~~~~~~~~~~~~~~
--- MAIN PARAMETERS ---
GlobalTimeLimitInTick = 2147483645
GlobalTimeLimit = 21474836
ClockType = 0
MaxNbOfBBtreeNodeTreated = 100000
optimalityGapTolerance = 1e-06
relOptimalityGapTolerance = 1e-09
ApplyPreprocessing = true
PreprocessVariablesLocalBounds = false
treeSearchStrategy = 1
OpenNodesLimit = 1000
DEFAULTPRINTLEVEL = 0
--- MIP SOLVER PARAMETERS ---
solverName = CPLEX_SOLVER
MipSolverMaxBBNodes = 2000000
MipSolverMaxTime = 360000
MipSolverMultiThread = 1
--- COLUMN GENERATION PARAMETERS ---
SolverSelectForMast = a
  colGenSubProbSolMode = customSolver
mastInitMode = localArtCol
ArtVarPenaltyUpdateFactor = 2
ArtVarMaxNbOfPenaltyUpdates = 5
MaxNbOfStagesInColGenProcedure = 3
GenerateProperColumns = false
InsertAllGeneratedColumnsInFormRatherThanInPool = true
InsertNewNonNegColumnsDirectlyInFormRatherThanInPool = true
ColumnCleanupThreshold = 10000
ColumnCleanupRatio = 0.66
ReducedCostFixingThreshold = 0.9
--- CUT GENERATION PARAMETERS ---
MasterCuttingPlanesDepthLimit = 1000
MaxNbOfCutGeneratedAtEachIter = 1000
CutTailingOffThreshold = 0.015
CutTailingOffCounterThreshold = 3
CutCleanupThreshold = 1
CutCleanupRatio = 0.66
ColGenSpRelaxationImprovementPriority = 2
--- STABILIZATION PARAMETERS ---
colGenDualPriceSmoothingAlphaFactor = 1
colGenDualPriceSmoothingBetaFactor = 0
colGenStabilizationFunctionType = none
colGenProximalStabilizationRule = undefined
StabilFuncKappa = 1
colGenStabilizationMaxTreeDepth = 10000
StabilizationMinPhaseOfStage = 0
--- PRIMAL HEURISTIC PARAMETERS ---
UseInitialPrimalHeur = false
MaxTimeForRestrictedMasterIpHeur = -1
CallFrequencyOfRestrictedMasterIpHeur = 5
MIPemphasisInRestrictedMasterIpHeur = 1
PolishingAfterTimeInRestrictedMasterIpHeur = -1
DivingHeurUseDepthLimit = -1
CallFrequencyOfDivingHeur = 1
LeastFractional
Closest2RoundUp
LeastGreedyCost
LeastCost
FixIntValBeforeRoundingHeur = true
MaxNbOfCgIteDuringRh = 5000
MaxLDSbreadth = 0
MaxLDSdepth = 0
DivingHeurStopsWithFirstFeasSol = false
DivingHeurPreprocessBeforeChoosingVar = false
StrongDivingCandidatesNumber = 1
EvalAlgParamsInDiving = max#cand. = 1 max#cg.iters = 10000 min.lvl.sp.restr. = 1 min#cut.rounds = 0 max#cut.rounds = 0 red.cost.fix&enum. = false tree.size.ratio = 1
LocalSearchHeurUseDepthLimit = -1
LeastFractional
Closest2RoundUp
LeastGreedyCost
LeastCost
MaxFactorOfColFixedByLocalSearchHeur = 0.8
MaxLocalSearchIterationCounter = 3
--- STRONG BRANCHING PARAMETERS ---
SimplifiedStrongBranchingParameterisation = true
StrongBranchingPhaseOneCandidatesNumber = 50
StrongBranchingPhaseOneTreeSizeEstimRatio = 100
StrongBranchingPhaseTwoCandidatesNumber = 3
StrongBranchingPhaseTwoTreeSizeEstimRatio = 100
SafeDualBoundScaleFactor = -1
StrongBranchingPhaseOne = max#cand. = 50 max#cg.iters = 0 min.lvl.sp.restr. = 0 min#cut.rounds = 0 max#cut.rounds = 0 red.cost.fix&enum. = false tree.size.ratio = 100
StrongBranchingPhaseTwo = max#cand. = 3 max#cg.iters = 10000 min.lvl.sp.restr. = 1 min#cut.rounds = 0 max#cut.rounds = 0 red.cost.fix&enum. = false tree.size.ratio = 100
StrongBranchingPhaseThree = max#cand. = 1 max#cg.iters = 10000 min.lvl.sp.restr. = 0 min#cut.rounds = 0 max#cut.rounds = 10000 red.cost.fix&enum. = true tree.size.ratio = 1
StrongBranchingPhaseFour =not active
--- DEBUG OUTPUT PARAMETERS ---
printMasterPrimalSols = 0
--- VRPSOLVER PARAMETERS ---
RCSPstopCutGenTimeThresholdInPricing = 30
RCSPhardTimeThresholdInPricing = 20
RCSPredCostFixingTimeThreshold = 100
RCSPnumberOfBucketsPerVertex = 25
RCSPdynamicBucketSteps = 1
RCSPuseBidirectionalSearch = 1
RCSPapplyReducedCostFixing = 1
RCSPmaxNumOfColsPerIteration = 30
RCSPmaxNumOfColsPerExactIteration = 150
RCSPmaxNumOfLabelsInEnumeration = 1000000
RCSPmaxNumOfLabelsInHeurEnumeration = 0
RCSPmaxNumOfEnumeratedSolutions = 5000000
RCSPmaxNumOfEnumSolutionsForMIP = 10000
RCSPmaxNumOfEnumSolsForEndOfNodeMIP = 10000
RCSPinitNGneighbourhoodSize = 8
RCSPmaxNGneighbourhoodSize = 16
RCSPrankOneCutsMaxNumRows = 5
RCSPrankOneCutsMaxNumPerRound = 100
RCSPrankOneCutsMemoryType = 1
RCSPrankOneCutsLSnumIterations = 1000
RCSPallowRoutesWithSameVerticesSet = true
RCSPredCostFixingFalseGap = 0
SafeDualBoundScaleFactor = -1
RCSPmaxNumOfLabelsInHeurEnumeration = 0
MaxNumEnumSolsInRestrictedMasterIpHeur = 5000

prName & bcTimeMain \\ 
New model incumbent solution 1e+07, TIME = 0h0m0s33t = 33
RCSP solver info : size of non-robust cut bitmask in a label is 640 bits
Bucket steps were recalculated for graph G_0 : [28.8]
RCSP solver info : non-symmetric case as associated vars of the reverse arc of 0->30 are not the same
Bidirectional border value is initialised to 398
RCSP solver info : number of forw. reachable buckets / buck. strongly connected components is 239( 87.2263% ) / 232( 97.0711% )
RCSP solver info : number of back. reachable buckets / buck. strongly connected components is 227( 82.8467% ) / 209( 92.0705% )
RCSP solver info: std. label size is 56, ext. label size is 136
Generating neighbourhoods for rank-1 cuts separation
Building structures for 4- and 5-row rank-1 packing cut separation...done!
Model is built TIME = 0h0m0s33t = 33
************************************************************************************************
**** BaB tree root node
**** Local DB = -1e+12, global bounds : [ -1e+12 , 1e+07 ], TIME = 0h0m0s33t = 33
**** 1 open nodes, 0 columns (0 active), 0 dyn. constrs. (0 active), 62 art. vars. (62 active)
************************************************************************************************
#<DWph=2> <it=  1> <et=0.33> <Mt= 0.00> <Spt= 0.00> <nCl= 30> <al=0.00> <DB=-5399979405.0000> <Mlp=372000000.0000> <PB=10000000> 
#<DWph=2> <it=  2> <et=0.33> <Mt= 0.00> <Spt= 0.00> <nCl= 30> <al=0.55> <DB=-3563983589.0550> <Mlp=240000630.6000> <PB=10000000> 
#<DWph=2> <it=  3> <et=0.34> <Mt= 0.00> <Spt= 0.00> <nCl= 30> <al=0.45> <DB=-3147592242.2422> <Mlp=204000674.7000> <PB=10000000> 
#<DWph=2> <it=  4> <et=0.34> <Mt= 0.00> <Spt= 0.00> <nCl= 30> <al=0.51> <DB=-2120827483.1083> <Mlp=138556007.3134> <PB=10000000> 
#<DWph=2> <it=  5> <et=0.34> <Mt= 0.00> <Spt= 0.00> <nCl= 30> <al=0.55> <DB=-1528164111.3041> <Mlp=79245284.5820> <PB=10000000> 
#<DWph=2> <it=  6> <et=0.34> <Mt= 0.00> <Spt= 0.00> <nCl= 30> <al=0.60> <DB=-1619553414.6408> <Mlp=43828399.8870> <PB=10000000> 
#<DWph=2> <it=  7> <et=0.34> <Mt= 0.00> <Spt= 0.00> <nCl= 30> <al=0.64> <DB=-1064356029.4714> <Mlp=9393627.2061> <PB=10000000> 
#<DWph=2> <it=  8> <et=0.34> <Mt= 0.00> <Spt= 0.00> <nCl= 30> <al=0.54> <DB=-685543675.2034> <Mlp=1484258.8599> <PB=10000000> 
<DWph=2> <it=  9> <et=0.34> <Mt= 0.00> <Spt= 0.00> <nCl= 30> <al=0.44> <DB=-398776416.0514> <Mlp= 2295.2000> <PB=10000000> 
<DWph=2> <it= 10> <et=0.34> <Mt= 0.00> <Spt= 0.00> <nCl= 30> <al=0.00> <DB=-7941.1736> <Mlp= 2200.3543> <PB=10000000> 
<DWph=2> <it= 11> <et=0.34> <Mt= 0.00> <Spt= 0.00> <nCl= 30> <al=0.40> <DB=-3773.7316> <Mlp= 2146.7286> <PB=10000000> 
<DWph=2> <it= 12> <et=0.34> <Mt= 0.00> <Spt= 0.00> <nCl= 30> <al=0.46> <DB=-3364.6765> <Mlp= 2096.5125> <PB=10000000> 
<DWph=2> <it= 13> <et=0.34> <Mt= 0.00> <Spt= 0.00> <nCl= 29> <al=0.51> <DB= -717.6526> <Mlp= 2038.9206> <PB=10000000> 
<DWph=2> <it= 14> <et=0.35> <Mt= 0.00> <Spt= 0.00> <nCl= 28> <al=0.41> <DB= -258.8030> <Mlp= 2009.3125> <PB=10000000> 
<DWph=2> <it= 15> <et=0.35> <Mt= 0.00> <Spt= 0.00> <nCl= 30> <al=0.31> <DB= -502.6097> <Mlp= 1961.5793> <PB=10000000> 
<DWph=2> <it= 16> <et=0.35> <Mt= 0.00> <Spt= 0.00> <nCl= 16> <al=0.38> <DB= 1008.8120> <Mlp= 1959.7294> <PB=10000000> 
<DWph=2> <it= 17> <et=0.35> <Mt= 0.00> <Spt= 0.00> <nCl= 27> <al=0.28> <DB= 1302.1968> <Mlp= 1952.8667> <PB=10000000> 
<DWph=2> <it= 18> <et=0.35> <Mt= 0.00> <Spt= 0.01> <nCl= 23> <al=0.35> <DB= 1454.4697> <Mlp= 1934.6333> <PB=10000000> 
<DWph=2> <it= 19> <et=0.35> <Mt= 0.00> <Spt= 0.00> <nCl= 11> <al=0.42> <DB= 1295.6902> <Mlp= 1928.2333> <PB=10000000> 
<DWph=2> <it= 20> <et=0.35> <Mt= 0.00> <Spt= 0.00> <nCl=  1> <al=0.47> <DB= 1589.2776> <Mlp= 1928.2333> <PB=10000000> 
<DWph=2> <it= 21> <et=0.35> <Mt= 0.00> <Spt= 0.00> <nCl=  1> <al=0.37> <DB= 1799.9665> <Mlp= 1926.1000> <PB=10000000> 
<DWph=2> <it= 22> <et=0.35> <Mt= 0.00> <Spt= 0.00> <nCl=  6> <al=0.00> <DB= 1803.1000> <Mlp= 1926.1000> <PB=10000000> 
<DWph=2> <it= 23> <et=0.35> <Mt= 0.00> <Spt= 0.00> <nCl=  3> <al=0.00> <DB= 1803.1000> <Mlp= 1926.1000> <PB=10000000> 
Shrinking heuristic shrunk 25 edges
avgVertexMem: 8 , colsForbidden = 0, phase-I = 0, phase-II = 0, colNonElem = 0, colElem = 5, TT =  0.000459
<DWph=2> <it= 24> <et=0.35> <Mt= 0.00> <Spt= 0.00> <nCl=  3> <al=0.07> <DB= 1897.1339> <Mlp= 1922.0000> <PB=1922> 
<DWph=2> <it= 25> <et=0.36> <Mt= 0.00> <Spt= 0.00> <nCl=  1> <al=0.00> <DB= 1922.0000> <Mlp= 1922.0000> <PB=1922> 
<DWph=1> <it= 26> <et=0.36> <Mt= 0.00> <Spt= 0.00> <nCl=  0> <al=0.00> <DB= 1922.0000> <Mlp= 1922.0000> <PB=1922> 
    RCSP exact solver info for graph G_0 : TT = 0.00039, pt = 8e-06, dt = 0.000168, ct = 7.2e-05, ndl = 171', bdl = 427', odl = 281', odf = 1548', bsi = 527', cnt = 478', bdch = 1647', odch = 669', lcp = 371', #sols = 150
<DWph=0> <it= 27> <et=0.36> <Mt= 0.00> <Spt= 0.00> <nCl= 99> <al=0.00> <DB= 1655.0000> <Mlp= 1922.0000> <PB=1922> 
    RCSP exact solver info for graph G_0 : TT = 0.000456, pt = 1.3e-05, dt = 0.000154, ct = 8e-05, ndl = 177', bdl = 423', odl = 268', odf = 1495', bsi = 582', cnt = 540', bdch = 1555', odch = 621', lcp = 324', #sols = 150
<DWph=0> <it= 28> <et=0.36> <Mt= 0.00> <Spt= 0.00> <nCl= 56> <al=0.07> <DB= 1529.1450> <Mlp= 1922.0000> <PB=1922> 
    RCSP exact solver info for graph G_0 : TT = 0.000428, pt = 1.2e-05, dt = 0.000171, ct = 7.6e-05, ndl = 198', bdl = 541', odl = 262', odf = 1507', bsi = 541', cnt = 493', bdch = 1915', odch = 692', lcp = 310', #sols = 150
<DWph=0> <it= 29> <et=0.36> <Mt= 0.00> <Spt= 0.00> <nCl= 70> <al=0.16> <DB= 1627.3888> <Mlp= 1922.0000> <PB=1922> 
    RCSP exact solver info for graph G_0 : TT = 0.000437, pt = 1.1e-05, dt = 0.00018, ct = 9e-05, ndl = 203', bdl = 512', odl = 266', odf = 1578', bsi = 599', cnt = 561', bdch = 1995', odch = 698', lcp = 324', #sols = 150
<DWph=0> <it= 30> <et=0.36> <Mt= 0.00> <Spt= 0.01> <nCl= 35> <al=0.25> <DB= 1659.5182> <Mlp= 1922.0000> <PB=1922> 
    RCSP exact solver info for graph G_0 : TT = 0.000465, pt = 1.2e-05, dt = 0.000186, ct = 8.6e-05, ndl = 198', bdl = 501', odl = 258', odf = 1528', bsi = 595', cnt = 587', bdch = 1876', odch = 668', lcp = 304', #sols = 150
<DWph=0> <it= 31> <et=0.36> <Mt= 0.00> <Spt= 0.00> <nCl= 46> <al=0.15> <DB= 1672.7247> <Mlp= 1922.0000> <PB=1922> 
    RCSP exact solver info for graph G_0 : TT = 0.000429, pt = 1.1e-05, dt = 0.000183, ct = 8.8e-05, ndl = 206', bdl = 574', odl = 270', odf = 1603', bsi = 620', cnt = 627', bdch = 2094', odch = 749', lcp = 301', #sols = 150
    RCSP exact solver info for graph G_0 : TT = 0.000419, pt = 1.3e-05, dt = 0.000163, ct = 8.4e-05, ndl = 194', bdl = 568', odl = 265', odf = 1541', bsi = 601', cnt = 599', bdch = 1973', odch = 714', lcp = 259', #sols = 150
<DWph=0> <it= 32> <et=0.37> <Mt= 0.00> <Spt= 0.00> <nCl= 22> <al=0.00> <DB= 1916.2000> <Mlp= 1916.2000> <PB=1922> 
RCSP solver dynamic params and stats :  bidir.bord. = 457.7 aver.obdmd = 6.03125 aver.buck.num. = 8.5625
@@ 1 0 1916.2 0.000254429 0.000272 46.7552 0.37
RCSP      solver labels distribution in 87 buckets (bucket size) : largest - 12, top 0.1% - 12, top 0.5% - 12, top 2% - 7, top 10% - 5, top 50% - 1
Reduced cost fixing for graph G_0...  TT = 0.00021, pt = 3.9e-05, dt = 0.000136, ct = 0, ndl = 345', bdl = 971', odl = 144', odf = 866', lpcb = 2311', cnt = 169', bdch = 3854', odch = 647', lcp = 329'
308 buck. arcs remain (10.1% from prev., 4.82% from max.) + 113 jump buck. arcs (1.77% from max.)
Backward reduced cost fixing... 312 buck. arcs remain (11.4% from prev., 5.17% from max.) + 143 jump buck. arcs (2.37% from max.)
 TT = 0.000614, pt = 3.9e-05, dt = 0.000136, ct = 0.000391, ndl = 345', bdl = 971', odl = 144', odf = 866', lpcb = 2311', cnt = 484', bdch = 3854', odch = 647', lcp = 329'
RCSP      solver labels distribution in 146 buckets (bucket size) : largest - 14, top 0.1% - 14, top 0.5% - 14, top 2% - 12, top 10% - 5, top 50% - 2
Run forward enumeration with border = 457.7... succeeded! lpt = 0.019609, ndl = 169', dl = 4', lpcb = 37', dch = 63'
Run backward enumeration... succeeded! lpt = 0.01192, ndl = 61', dl = 2', lpcb = 0', dch = 5'
Run enumeration concatenation with time limit 0.3 sec.... done!
 TT = 0.060626, pt = 0.020374, dt = 0.031529, ct = 0.000102, ndl = 230', bdl = 6', lpcb = 37', cnt = 421', bdch = 68', odch = 0', lcp = 0'
Enumeration succeeded!, number of elem. solutions is 306
Estimating inspection time...     TT = 3.9e-05, performed by inspection with 306 solutions, nbR1C = 0, nbDiscC = 0
Inspection time is low enough. Pricing will be done by inspection.
Added 109 columns in the formulation 
Removed 758 columns (not in the enumerated set) from the formulation
Regenerated 109 columns with the 'enumerated' flag
Added 201 columns in the formulation 
ColGenEvalAlg final dual bound: 1916.2 (rounded: 1916.2)
----- Terminating the node by MIP -----
Version identifier: 22.1.2.0 | 2024-11-26 | 0edbb82fd
CPXPARAM_Advance                                 0
CPXPARAM_Preprocessing_Linear                    0
CPXPARAM_Threads                                 1
CPXPARAM_MIP_Strategy_CallbackReducedLP          0
CPXPARAM_MIP_Limits_Nodes                        2000000
CPXPARAM_Simplex_Tolerances_Optimality           9.9999999999999995e-08
CPXPARAM_Simplex_Tolerances_Feasibility          9.9999999999999995e-08
CPXPARAM_TimeLimit                               360000
CPXPARAM_MIP_Tolerances_UpperCutoff              1922
CPXPARAM_MIP_Tolerances_MIPGap                   1.0000000000000001e-09
Legacy callback                                  L
Warning: Control callbacks may disable some MIP features.
Tried aggregator 1 time.
MIP Presolve eliminated 20 rows and 272 columns.
MIP Presolve modified 1200 coefficients.
Reduced MIP has 12 rows, 38 columns, and 112 nonzeros.
Reduced MIP has 38 binaries, 0 generals, 0 SOSs, and 0 indicators.
Presolve time = 0.00 sec. (1.20 ticks)
Probing time = 0.00 sec. (0.07 ticks)
Clique table members: 39.
MIP emphasis: balance optimality and feasibility.
MIP search method: traditional branch-and-cut.
Parallel mode: none, using 1 thread.
Root relaxation solution time = 0.00 sec. (0.05 ticks)
Shrinking heuristic shrunk 25 edges

        Nodes                                         Cuts/
   Node  Left     Objective  IInf  Best Integer    Best Bound    ItCnt     Gap         Variable B NodeID Parent  Depth

*     0     0      integral     0     1917.3000     1917.3000       14    0.00%                        0             0
Elapsed time = 0.00 sec. (1.37 ticks, tree = 0.00 MB, solutions = 1)

Root node processing (before b&c):
  Real time             =    0.00 sec. (1.38 ticks)
Sequential b&c:
  Real time             =    0.00 sec. (0.00 ticks)
                          ------------
Total (root+branch&cut) =    0.00 sec. (1.38 ticks)
Solution status = Optimum
Shrinking heuristic shrunk 25 edges
New model incumbent solution 1917.3, TIME = 0h0m0s44t = 44
************************************************************************************************
Search is finished, global bounds : [ 1917.3 , 1917.3 ], TIME = 0h0m0s44t = 44
************************************************************************************************
[32mBaPCod : solution defined.[00m
statistics_cols: instance & :Optimal & cutoff & :bcRecRootDb & :bcTimeRootEval & :bcCountNodeProc & :bcRecBestDb & :bcRecBestInc & :bcTimeMain \\
statistics: instance_16-triangle & 1 & 1.0e7 & 1917.30 & 0.44 & 1 & 1917.30 & 1917.30 & 0.44 \\
########################################################
Route #1: 17 27 8 6 9 10 7 
Route #2: 18 12 
Route #3: 26 21 23 28 2 1 25 22 11 
Route #4: 29 13 14 4 16 15 19 20 3 
Route #5: 30 24 5 
Cost 1917.3000000000002
########################################################

end_time=2026-04-20 14:13:03
exit_code=0
