instance_file=/mnt/c/Users/porin/OneDrive/Documentos/Python-Mestrado/Modelagem Matemática/Programação Inteira - Uchoa/Problema VRPRDL/instancias_turco/VRPRDL-triangle/vrptw_convertidos/instance_10-triangle.txt
instance_name=instance_10-triangle
start_time=2026-04-20 14:11:55

  Activating project at `~/VRPSolver/VRPSolverDemos/other/VRPTW`
Application parameters:
  batch  =>  nothing
  update  =>  false
  tikz  =>  nothing
  instance  =>  "/mnt/c/Users/porin/OneDrive/Documentos/Python-Mestrado/Modelagem Matemática/Programação Inteira - Uchoa/Problema VRPRDL/instancias_turco/VRPRDL-triangle/vrptw_convertidos/instance_10-triangle.txt"
  out  =>  nothing
  nosolve  =>  false
  ub  =>  1.0e7
  sol  =>  nothing
  cfg  =>  "/home/poringman/VRPSolver/VRPSolverDemos/other/VRPTW/config/VRPTW_set_2.cfg"
  enable_cap_res  =>  false
~~~~~~~~~~~~~~~~~~~~~~~~~~~~~~~~~~~~~~~~~~~~~~~~~~~~~~~~~~~~~~~~~~~~~~~~~~~~~~~~~~~~~
GIT VERSION RCSP: 
GIT BRANCH: 
~~~~~~~~~~~~~~~~~~~~~~~~~~~~~~~~~~~~~~~~~~~~~~~~~~~~~~~~~~~~~~~~~~~~~~~~~~~~~~~~~~~~~
VRPSolver v0.6.16, 10/11/2025, © Inria Bordeaux, France, vrpsolver.math.u-bordeaux.fr
      Corresponds to the solver by Pessoa, Sadykov, Uchoa and Vanderbeck (2020)
                 Paper: dx.doi.org/10.1007/s10107-020-01523-z
~~~~~~~~~~~~~~~~~~~~~~~~~~~~~~~~~~~~~~~~~~~~~~~~~~~~~~~~~~~~~~~~~~~~~~~~~~~~~~~~~~~~~
GIT VERSION BAPCOD: a7cb21f19424236c9d0da5dcf94961797a519470
GIT BRANCH: main
~~~~~~~~~~~~~~~~~~~~~~~~~~~~~~~~~~~~~~~~~~~~~~~~~~~~~~~~~~~~~~~~~~~~~~~~~~~~~~~~~~~~~
   BaPCod v0.84, 10/11/2025, © Inria Bordeaux, France, bapcod.math.u-bordeaux.fr 
           THIS CODE IS PROVIDED AS IS, USE IT AT YOUR OWN RISK
~~~~~~~~~~~~~~~~~~~~~~~~~~~~~~~~~~~~~~~~~~~~~~~~~~~~~~~~~~~~~~~~~~~~~~~~~~~~~~~~~~~~~
--- MAIN PARAMETERS ---
GlobalTimeLimitInTick = 2147483645
GlobalTimeLimit = 21474836
ClockType = 0
MaxNbOfBBtreeNodeTreated = 100000
optimalityGapTolerance = 1e-06
relOptimalityGapTolerance = 1e-09
ApplyPreprocessing = true
PreprocessVariablesLocalBounds = false
treeSearchStrategy = 1
OpenNodesLimit = 1000
DEFAULTPRINTLEVEL = 0
--- MIP SOLVER PARAMETERS ---
solverName = CPLEX_SOLVER
MipSolverMaxBBNodes = 2000000
MipSolverMaxTime = 360000
MipSolverMultiThread = 1
--- COLUMN GENERATION PARAMETERS ---
SolverSelectForMast = a
  colGenSubProbSolMode = customSolver
mastInitMode = localArtCol
ArtVarPenaltyUpdateFactor = 2
ArtVarMaxNbOfPenaltyUpdates = 5
MaxNbOfStagesInColGenProcedure = 3
GenerateProperColumns = false
InsertAllGeneratedColumnsInFormRatherThanInPool = true
InsertNewNonNegColumnsDirectlyInFormRatherThanInPool = true
ColumnCleanupThreshold = 10000
ColumnCleanupRatio = 0.66
ReducedCostFixingThreshold = 0.9
--- CUT GENERATION PARAMETERS ---
MasterCuttingPlanesDepthLimit = 1000
MaxNbOfCutGeneratedAtEachIter = 1000
CutTailingOffThreshold = 0.015
CutTailingOffCounterThreshold = 3
CutCleanupThreshold = 1
CutCleanupRatio = 0.66
ColGenSpRelaxationImprovementPriority = 2
--- STABILIZATION PARAMETERS ---
colGenDualPriceSmoothingAlphaFactor = 1
colGenDualPriceSmoothingBetaFactor = 0
colGenStabilizationFunctionType = none
colGenProximalStabilizationRule = undefined
StabilFuncKappa = 1
colGenStabilizationMaxTreeDepth = 10000
StabilizationMinPhaseOfStage = 0
--- PRIMAL HEURISTIC PARAMETERS ---
UseInitialPrimalHeur = false
MaxTimeForRestrictedMasterIpHeur = -1
CallFrequencyOfRestrictedMasterIpHeur = 5
MIPemphasisInRestrictedMasterIpHeur = 1
PolishingAfterTimeInRestrictedMasterIpHeur = -1
DivingHeurUseDepthLimit = -1
CallFrequencyOfDivingHeur = 1
LeastFractional
Closest2RoundUp
LeastGreedyCost
LeastCost
FixIntValBeforeRoundingHeur = true
MaxNbOfCgIteDuringRh = 5000
MaxLDSbreadth = 0
MaxLDSdepth = 0
DivingHeurStopsWithFirstFeasSol = false
DivingHeurPreprocessBeforeChoosingVar = false
StrongDivingCandidatesNumber = 1
EvalAlgParamsInDiving = max#cand. = 1 max#cg.iters = 10000 min.lvl.sp.restr. = 1 min#cut.rounds = 0 max#cut.rounds = 0 red.cost.fix&enum. = false tree.size.ratio = 1
LocalSearchHeurUseDepthLimit = -1
LeastFractional
Closest2RoundUp
LeastGreedyCost
LeastCost
MaxFactorOfColFixedByLocalSearchHeur = 0.8
MaxLocalSearchIterationCounter = 3
--- STRONG BRANCHING PARAMETERS ---
SimplifiedStrongBranchingParameterisation = true
StrongBranchingPhaseOneCandidatesNumber = 50
StrongBranchingPhaseOneTreeSizeEstimRatio = 100
StrongBranchingPhaseTwoCandidatesNumber = 3
StrongBranchingPhaseTwoTreeSizeEstimRatio = 100
SafeDualBoundScaleFactor = -1
StrongBranchingPhaseOne = max#cand. = 50 max#cg.iters = 0 min.lvl.sp.restr. = 0 min#cut.rounds = 0 max#cut.rounds = 0 red.cost.fix&enum. = false tree.size.ratio = 100
StrongBranchingPhaseTwo = max#cand. = 3 max#cg.iters = 10000 min.lvl.sp.restr. = 1 min#cut.rounds = 0 max#cut.rounds = 0 red.cost.fix&enum. = false tree.size.ratio = 100
StrongBranchingPhaseThree = max#cand. = 1 max#cg.iters = 10000 min.lvl.sp.restr. = 0 min#cut.rounds = 0 max#cut.rounds = 10000 red.cost.fix&enum. = true tree.size.ratio = 1
StrongBranchingPhaseFour =not active
--- DEBUG OUTPUT PARAMETERS ---
printMasterPrimalSols = 0
--- VRPSOLVER PARAMETERS ---
RCSPstopCutGenTimeThresholdInPricing = 30
RCSPhardTimeThresholdInPricing = 20
RCSPredCostFixingTimeThreshold = 100
RCSPnumberOfBucketsPerVertex = 25
RCSPdynamicBucketSteps = 1
RCSPuseBidirectionalSearch = 1
RCSPapplyReducedCostFixing = 1
RCSPmaxNumOfColsPerIteration = 30
RCSPmaxNumOfColsPerExactIteration = 150
RCSPmaxNumOfLabelsInEnumeration = 1000000
RCSPmaxNumOfLabelsInHeurEnumeration = 0
RCSPmaxNumOfEnumeratedSolutions = 5000000
RCSPmaxNumOfEnumSolutionsForMIP = 10000
RCSPmaxNumOfEnumSolsForEndOfNodeMIP = 10000
RCSPinitNGneighbourhoodSize = 8
RCSPmaxNGneighbourhoodSize = 16
RCSPrankOneCutsMaxNumRows = 5
RCSPrankOneCutsMaxNumPerRound = 100
RCSPrankOneCutsMemoryType = 1
RCSPrankOneCutsLSnumIterations = 1000
RCSPallowRoutesWithSameVerticesSet = true
RCSPredCostFixingFalseGap = 0
SafeDualBoundScaleFactor = -1
RCSPmaxNumOfLabelsInHeurEnumeration = 0
MaxNumEnumSolsInRestrictedMasterIpHeur = 5000

prName & bcTimeMain \\ 
New model incumbent solution 1e+07, TIME = 0h0m0s36t = 36
RCSP solver info : size of non-robust cut bitmask in a label is 640 bits
Bucket steps were recalculated for graph G_0 : [28.8]
RCSP solver info : non-symmetric case as associated vars of the reverse arc of 0->30 are not the same
Bidirectional border value is initialised to 426.8
RCSP solver info : number of forw. reachable buckets / buck. strongly connected components is 342( 89.295% ) / 221( 64.6199% )
RCSP solver info : number of back. reachable buckets / buck. strongly connected components is 326( 85.1175% ) / 271( 83.1288% )
RCSP solver info: std. label size is 56, ext. label size is 136
Generating neighbourhoods for rank-1 cuts separation
Building structures for 4- and 5-row rank-1 packing cut separation...done!
Model is built TIME = 0h0m0s36t = 36
************************************************************************************************
**** BaB tree root node
**** Local DB = -1e+12, global bounds : [ -1e+12 , 1e+07 ], TIME = 0h0m0s36t = 36
**** 1 open nodes, 0 columns (0 active), 0 dyn. constrs. (0 active), 62 art. vars. (62 active)
************************************************************************************************
#<DWph=2> <it=  1> <et=0.36> <Mt= 0.00> <Spt= 0.00> <nCl= 30> <al=0.00> <DB=-5759979408.0000> <Mlp=372000000.0000> <PB=10000000> 
#<DWph=2> <it=  2> <et=0.36> <Mt= 0.00> <Spt= 0.00> <nCl= 29> <al=0.55> <DB=-3677387576.4750> <Mlp=228000699.5000> <PB=10000000> 
#<DWph=2> <it=  3> <et=0.37> <Mt= 0.00> <Spt= 0.00> <nCl= 30> <al=0.45> <DB=-2694909107.9462> <Mlp=120001339.1000> <PB=10000000> 
#<DWph=2> <it=  4> <et=0.37> <Mt= 0.00> <Spt= 0.00> <nCl= 30> <al=0.51> <DB=-1886083744.8582> <Mlp=60001975.4000> <PB=10000000> 
#<DWph=2> <it=  5> <et=0.37> <Mt= 0.00> <Spt= 0.00> <nCl= 30> <al=0.55> <DB=-1568507300.1161> <Mlp=54341469.3708> <PB=10000000> 
#<DWph=2> <it=  6> <et=0.37> <Mt= 0.00> <Spt= 0.00> <nCl= 30> <al=0.60> <DB=-1257283892.0679> <Mlp=48001794.8000> <PB=10000000> 
#<DWph=2> <it=  7> <et=0.37> <Mt= 0.00> <Spt= 0.00> <nCl= 30> <al=0.64> <DB=-871955902.1573> <Mlp=30681294.1925> <PB=10000000> 
#<DWph=2> <it=  8> <et=0.37> <Mt= 0.00> <Spt= 0.00> <nCl= 30> <al=0.54> <DB=-688256284.7248> <Mlp=24672002.5916> <PB=10000000> 
#<DWph=2> <it=  9> <et=0.37> <Mt= 0.00> <Spt= 0.00> <nCl= 30> <al=0.59> <DB=-922764540.4699> <Mlp=13507575.8204> <PB=10000000> 
#<DWph=2> <it= 10> <et=0.37> <Mt= 0.00> <Spt= 0.00> <nCl= 30> <al=0.63> <DB=-476434390.9940> <Mlp=5176774.6009> <PB=10000000> 
#<DWph=2> <it= 11> <et=0.37> <Mt= 0.00> <Spt= 0.00> <nCl= 30> <al=0.53> <DB=-385161892.6540> <Mlp=1810755.1973> <PB=10000000> 
<DWph=2> <it= 12> <et=0.38> <Mt= 0.00> <Spt= 0.00> <nCl= 30> <al=0.00> <DB=-8542.0286> <Mlp= 2249.4000> <PB=10000000> 
<DWph=2> <it= 13> <et=0.38> <Mt= 0.00> <Spt= 0.00> <nCl= 30> <al=0.33> <DB=-5330.8263> <Mlp= 2135.3705> <PB=10000000> 
<DWph=2> <it= 14> <et=0.38> <Mt= 0.00> <Spt= 0.01> <nCl= 30> <al=0.23> <DB=-5326.8722> <Mlp= 2089.0308> <PB=10000000> 
<DWph=2> <it= 15> <et=0.38> <Mt= 0.00> <Spt= 0.00> <nCl= 30> <al=0.30> <DB=-2245.5916> <Mlp= 2035.6635> <PB=10000000> 
<DWph=2> <it= 16> <et=0.38> <Mt= 0.00> <Spt= 0.00> <nCl= 30> <al=0.20> <DB=-2563.1241> <Mlp= 1927.9364> <PB=10000000> 
<DWph=2> <it= 17> <et=0.38> <Mt= 0.00> <Spt= 0.00> <nCl= 30> <al=0.28> <DB= -647.9468> <Mlp= 1911.8600> <PB=10000000> 
<DWph=2> <it= 18> <et=0.38> <Mt= 0.00> <Spt= 0.00> <nCl= 30> <al=0.36> <DB= -547.4330> <Mlp= 1883.9155> <PB=10000000> 
<DWph=2> <it= 19> <et=0.38> <Mt= 0.00> <Spt= 0.00> <nCl= 30> <al=0.42> <DB=  622.4001> <Mlp= 1874.7100> <PB=10000000> 
<DWph=2> <it= 20> <et=0.38> <Mt= 0.00> <Spt= 0.00> <nCl= 26> <al=0.32> <DB= 1056.5503> <Mlp= 1848.7434> <PB=10000000> 
<DWph=2> <it= 21> <et=0.39> <Mt= 0.00> <Spt= 0.00> <nCl= 30> <al=0.22> <DB=  959.4294> <Mlp= 1820.6000> <PB=10000000> 
<DWph=2> <it= 22> <et=0.39> <Mt= 0.00> <Spt= 0.00> <nCl= 28> <al=0.30> <DB=  865.6849> <Mlp= 1814.6000> <PB=10000000> 
<DWph=2> <it= 23> <et=0.39> <Mt= 0.00> <Spt= 0.00> <nCl= 18> <al=0.37> <DB= 1414.8931> <Mlp= 1809.8000> <PB=10000000> 
<DWph=2> <it= 24> <et=0.39> <Mt= 0.00> <Spt= 0.00> <nCl=  6> <al=0.43> <DB= 1619.3380> <Mlp= 1808.3750> <PB=10000000> 
<DWph=2> <it= 25> <et=0.39> <Mt= 0.01> <Spt= 0.00> <nCl= 17> <al=0.00> <DB= 1757.3750> <Mlp= 1808.3750> <PB=10000000> 
<DWph=2> <it= 26> <et=0.39> <Mt= 0.00> <Spt= 0.00> <nCl= 10> <al=0.39> <DB= 1788.5833> <Mlp= 1808.3750> <PB=10000000> 
<DWph=2> <it= 27> <et=0.39> <Mt= 0.00> <Spt= 0.01> <nCl= 11> <al=0.29> <DB= 1802.6201> <Mlp= 1808.3000> <PB=10000000> 
<DWph=2> <it= 28> <et=0.40> <Mt= 0.00> <Spt= 0.00> <nCl= 11> <al=0.00> <DB= 1805.2750> <Mlp= 1808.2750> <PB=10000000> 
<DWph=2> <it= 29> <et=0.40> <Mt= 0.00> <Spt= 0.00> <nCl=  4> <al=0.00> <DB= 1805.2750> <Mlp= 1808.2750> <PB=10000000> 
<DWph=2> <it= 30> <et=0.40> <Mt= 0.00> <Spt= 0.00> <nCl= 12> <al=0.00> <DB= 1808.2500> <Mlp= 1808.2500> <PB=10000000> 
<DWph=1> <it= 31> <et=0.40> <Mt= 0.00> <Spt= 0.00> <nCl= 25> <al=0.00> <DB= 1443.7500> <Mlp= 1808.2500> <PB=10000000> 
Shrinking heuristic shrunk 25 edges
avgVertexMem: 8 , colsForbidden = 0, phase-I = 0, phase-II = 0, colNonElem = 0, colElem = 5, TT =  0.000419
<DWph=1> <it= 32> <et=0.40> <Mt= 0.00> <Spt= 0.00> <nCl= 11> <al=0.00> <DB= 1611.6000> <Mlp= 1794.6000> <PB=1794.6> 
<DWph=1> <it= 33> <et=0.40> <Mt= 0.00> <Spt= 0.00> <nCl=  5> <al=0.00> <DB= 1746.6000> <Mlp= 1794.6000> <PB=1794.6> 
<DWph=1> <it= 34> <et=0.40> <Mt= 0.00> <Spt= 0.00> <nCl=  5> <al=0.10> <DB= 1787.1297> <Mlp= 1794.6000> <PB=1794.6> 
<DWph=1> <it= 35> <et=0.40> <Mt= 0.00> <Spt= 0.00> <nCl=  0> <al=0.00> <DB= 1794.6000> <Mlp= 1794.6000> <PB=1794.6> 
    RCSP exact solver info for graph G_0 : TT = 0.000645, pt = 8e-06, dt = 0.000325, ct = 0.000115, ndl = 445', bdl = 959', odl = 439', odf = 3078', bsi = 846', cnt = 1835', bdch = 5583', odch = 2384', lcp = 1765', #sols = 150
<DWph=0> <it= 36> <et=0.41> <Mt= 0.00> <Spt= 0.00> <nCl= 82> <al=0.00> <DB= 1470.6000> <Mlp= 1794.6000> <PB=1794.6> 
Shrinking heuristic shrunk 25 edges
ng-neighbourhood is not increased: max avg neigh size is reached 
    RCSP exact solver info for graph G_0 : TT = 0.000593, pt = 1.5e-05, dt = 0.000308, ct = 0.00011, ndl = 416', bdl = 989', odl = 485', odf = 3221', bsi = 842', cnt = 1652', bdch = 5343', odch = 2194', lcp = 1541', #sols = 150
<DWph=0> <it= 37> <et=0.41> <Mt= 0.00> <Spt= 0.00> <nCl= 30> <al=0.00> <DB= 1777.0000> <Mlp= 1789.0000> <PB=1789> 
    RCSP exact solver info for graph G_0 : TT = 0.000573, pt = 1.4e-05, dt = 0.000301, ct = 0.000109, ndl = 412', bdl = 972', odl = 475', odf = 3207', bsi = 826', cnt = 1652', bdch = 5172', odch = 2104', lcp = 1510', #sols = 150
    RCSP exact solver info for graph G_0 : TT = 0.000605, pt = 1.2e-05, dt = 0.000333, ct = 0.00011, ndl = 413', bdl = 969', odl = 477', odf = 3192', bsi = 832', cnt = 1661', bdch = 5221', odch = 2099', lcp = 1522', #sols = 150
<DWph=0> <it= 38> <et=0.41> <Mt= 0.00> <Spt= 0.01> <nCl=  1> <al=0.00> <DB= 1789.0000> <Mlp= 1789.0000> <PB=1789> 
RCSP solver dynamic params and stats :  bidir.bord. = 441.5 aver.obdmd = 9.21875 aver.buck.num. = 11.9688
@@ 1 0 1789 0.00042775 0.000443 51.342 0.41
ColGenEvalAlg final dual bound: 1789 (rounded: 1789)
New model incumbent solution 1789, TIME = 0h0m0s41t = 41
************************************************************************************************
Search is finished, global bounds : [ 1789 , 1789 ], TIME = 0h0m0s41t = 41
************************************************************************************************
[32mBaPCod : solution defined.[00m
statistics_cols: instance & :Optimal & cutoff & :bcRecRootDb & :bcTimeRootEval & :bcCountNodeProc & :bcRecBestDb & :bcRecBestInc & :bcTimeMain \\
statistics: instance_10-triangle & 1 & 1.0e7 & 1789.00 & 0.41 & 1 & 1789.00 & 1789.00 & 0.41 \\
########################################################
Route #1: 9 3 11 12 26 25 
Route #2: 13 7 21 
Route #3: 17 10 1 14 28 27 
Route #4: 19 29 2 4 18 8 20 24 30 5 
Route #5: 22 16 23 6 15 
Cost 1789.0
########################################################

end_time=2026-04-20 14:12:04
exit_code=0
