instance_file=/mnt/c/Users/porin/OneDrive/Documentos/Python-Mestrado/Modelagem Matemática/Programação Inteira - Uchoa/Problema VRPRDL/instancias_turco/VRPRDL-triangle/vrptw_convertidos/instance_19-triangle.txt
instance_name=instance_19-triangle
start_time=2026-04-20 14:13:23

  Activating project at `~/VRPSolver/VRPSolverDemos/other/VRPTW`
Application parameters:
  batch  =>  nothing
  update  =>  false
  tikz  =>  nothing
  instance  =>  "/mnt/c/Users/porin/OneDrive/Documentos/Python-Mestrado/Modelagem Matemática/Programação Inteira - Uchoa/Problema VRPRDL/instancias_turco/VRPRDL-triangle/vrptw_convertidos/instance_19-triangle.txt"
  out  =>  nothing
  nosolve  =>  false
  ub  =>  1.0e7
  sol  =>  nothing
  cfg  =>  "/home/poringman/VRPSolver/VRPSolverDemos/other/VRPTW/config/VRPTW_set_2.cfg"
  enable_cap_res  =>  false
~~~~~~~~~~~~~~~~~~~~~~~~~~~~~~~~~~~~~~~~~~~~~~~~~~~~~~~~~~~~~~~~~~~~~~~~~~~~~~~~~~~~~
GIT VERSION RCSP: 
GIT BRANCH: 
~~~~~~~~~~~~~~~~~~~~~~~~~~~~~~~~~~~~~~~~~~~~~~~~~~~~~~~~~~~~~~~~~~~~~~~~~~~~~~~~~~~~~
VRPSolver v0.6.16, 10/11/2025, © Inria Bordeaux, France, vrpsolver.math.u-bordeaux.fr
      Corresponds to the solver by Pessoa, Sadykov, Uchoa and Vanderbeck (2020)
                 Paper: dx.doi.org/10.1007/s10107-020-01523-z
~~~~~~~~~~~~~~~~~~~~~~~~~~~~~~~~~~~~~~~~~~~~~~~~~~~~~~~~~~~~~~~~~~~~~~~~~~~~~~~~~~~~~
GIT VERSION BAPCOD: a7cb21f19424236c9d0da5dcf94961797a519470
GIT BRANCH: main
~~~~~~~~~~~~~~~~~~~~~~~~~~~~~~~~~~~~~~~~~~~~~~~~~~~~~~~~~~~~~~~~~~~~~~~~~~~~~~~~~~~~~
   BaPCod v0.84, 10/11/2025, © Inria Bordeaux, France, bapcod.math.u-bordeaux.fr 
           THIS CODE IS PROVIDED AS IS, USE IT AT YOUR OWN RISK
~~~~~~~~~~~~~~~~~~~~~~~~~~~~~~~~~~~~~~~~~~~~~~~~~~~~~~~~~~~~~~~~~~~~~~~~~~~~~~~~~~~~~
--- MAIN PARAMETERS ---
GlobalTimeLimitInTick = 2147483645
GlobalTimeLimit = 21474836
ClockType = 0
MaxNbOfBBtreeNodeTreated = 100000
optimalityGapTolerance = 1e-06
relOptimalityGapTolerance = 1e-09
ApplyPreprocessing = true
PreprocessVariablesLocalBounds = false
treeSearchStrategy = 1
OpenNodesLimit = 1000
DEFAULTPRINTLEVEL = 0
--- MIP SOLVER PARAMETERS ---
solverName = CPLEX_SOLVER
MipSolverMaxBBNodes = 2000000
MipSolverMaxTime = 360000
MipSolverMultiThread = 1
--- COLUMN GENERATION PARAMETERS ---
SolverSelectForMast = a
  colGenSubProbSolMode = customSolver
mastInitMode = localArtCol
ArtVarPenaltyUpdateFactor = 2
ArtVarMaxNbOfPenaltyUpdates = 5
MaxNbOfStagesInColGenProcedure = 3
GenerateProperColumns = false
InsertAllGeneratedColumnsInFormRatherThanInPool = true
InsertNewNonNegColumnsDirectlyInFormRatherThanInPool = true
ColumnCleanupThreshold = 10000
ColumnCleanupRatio = 0.66
ReducedCostFixingThreshold = 0.9
--- CUT GENERATION PARAMETERS ---
MasterCuttingPlanesDepthLimit = 1000
MaxNbOfCutGeneratedAtEachIter = 1000
CutTailingOffThreshold = 0.015
CutTailingOffCounterThreshold = 3
CutCleanupThreshold = 1
CutCleanupRatio = 0.66
ColGenSpRelaxationImprovementPriority = 2
--- STABILIZATION PARAMETERS ---
colGenDualPriceSmoothingAlphaFactor = 1
colGenDualPriceSmoothingBetaFactor = 0
colGenStabilizationFunctionType = none
colGenProximalStabilizationRule = undefined
StabilFuncKappa = 1
colGenStabilizationMaxTreeDepth = 10000
StabilizationMinPhaseOfStage = 0
--- PRIMAL HEURISTIC PARAMETERS ---
UseInitialPrimalHeur = false
MaxTimeForRestrictedMasterIpHeur = -1
CallFrequencyOfRestrictedMasterIpHeur = 5
MIPemphasisInRestrictedMasterIpHeur = 1
PolishingAfterTimeInRestrictedMasterIpHeur = -1
DivingHeurUseDepthLimit = -1
CallFrequencyOfDivingHeur = 1
LeastFractional
Closest2RoundUp
LeastGreedyCost
LeastCost
FixIntValBeforeRoundingHeur = true
MaxNbOfCgIteDuringRh = 5000
MaxLDSbreadth = 0
MaxLDSdepth = 0
DivingHeurStopsWithFirstFeasSol = false
DivingHeurPreprocessBeforeChoosingVar = false
StrongDivingCandidatesNumber = 1
EvalAlgParamsInDiving = max#cand. = 1 max#cg.iters = 10000 min.lvl.sp.restr. = 1 min#cut.rounds = 0 max#cut.rounds = 0 red.cost.fix&enum. = false tree.size.ratio = 1
LocalSearchHeurUseDepthLimit = -1
LeastFractional
Closest2RoundUp
LeastGreedyCost
LeastCost
MaxFactorOfColFixedByLocalSearchHeur = 0.8
MaxLocalSearchIterationCounter = 3
--- STRONG BRANCHING PARAMETERS ---
SimplifiedStrongBranchingParameterisation = true
StrongBranchingPhaseOneCandidatesNumber = 50
StrongBranchingPhaseOneTreeSizeEstimRatio = 100
StrongBranchingPhaseTwoCandidatesNumber = 3
StrongBranchingPhaseTwoTreeSizeEstimRatio = 100
SafeDualBoundScaleFactor = -1
StrongBranchingPhaseOne = max#cand. = 50 max#cg.iters = 0 min.lvl.sp.restr. = 0 min#cut.rounds = 0 max#cut.rounds = 0 red.cost.fix&enum. = false tree.size.ratio = 100
StrongBranchingPhaseTwo = max#cand. = 3 max#cg.iters = 10000 min.lvl.sp.restr. = 1 min#cut.rounds = 0 max#cut.rounds = 0 red.cost.fix&enum. = false tree.size.ratio = 100
StrongBranchingPhaseThree = max#cand. = 1 max#cg.iters = 10000 min.lvl.sp.restr. = 0 min#cut.rounds = 0 max#cut.rounds = 10000 red.cost.fix&enum. = true tree.size.ratio = 1
StrongBranchingPhaseFour =not active
--- DEBUG OUTPUT PARAMETERS ---
printMasterPrimalSols = 0
--- VRPSOLVER PARAMETERS ---
RCSPstopCutGenTimeThresholdInPricing = 30
RCSPhardTimeThresholdInPricing = 20
RCSPredCostFixingTimeThreshold = 100
RCSPnumberOfBucketsPerVertex = 25
RCSPdynamicBucketSteps = 1
RCSPuseBidirectionalSearch = 1
RCSPapplyReducedCostFixing = 1
RCSPmaxNumOfColsPerIteration = 30
RCSPmaxNumOfColsPerExactIteration = 150
RCSPmaxNumOfLabelsInEnumeration = 1000000
RCSPmaxNumOfLabelsInHeurEnumeration = 0
RCSPmaxNumOfEnumeratedSolutions = 5000000
RCSPmaxNumOfEnumSolutionsForMIP = 10000
RCSPmaxNumOfEnumSolsForEndOfNodeMIP = 10000
RCSPinitNGneighbourhoodSize = 8
RCSPmaxNGneighbourhoodSize = 16
RCSPrankOneCutsMaxNumRows = 5
RCSPrankOneCutsMaxNumPerRound = 100
RCSPrankOneCutsMemoryType = 1
RCSPrankOneCutsLSnumIterations = 1000
RCSPallowRoutesWithSameVerticesSet = true
RCSPredCostFixingFalseGap = 0
SafeDualBoundScaleFactor = -1
RCSPmaxNumOfLabelsInHeurEnumeration = 0
MaxNumEnumSolsInRestrictedMasterIpHeur = 5000

prName & bcTimeMain \\ 
New model incumbent solution 1e+07, TIME = 0h0m0s33t = 33
RCSP solver info : size of non-robust cut bitmask in a label is 640 bits
Bucket steps were recalculated for graph G_0 : [28.8]
RCSP solver info : non-symmetric case as associated vars of the reverse arc of 0->30 are not the same
Bidirectional border value is initialised to 396.7
RCSP solver info : number of forw. reachable buckets / buck. strongly connected components is 513( 91.119% ) / 336( 65.4971% )
RCSP solver info : number of back. reachable buckets / buck. strongly connected components is 515( 91.4742% ) / 315( 61.165% )
RCSP solver info: std. label size is 56, ext. label size is 136
Generating neighbourhoods for rank-1 cuts separation
Building structures for 4- and 5-row rank-1 packing cut separation...done!
Model is built TIME = 0h0m0s33t = 33
************************************************************************************************
**** BaB tree root node
**** Local DB = -1e+12, global bounds : [ -1e+12 , 1e+07 ], TIME = 0h0m0s33t = 33
**** 1 open nodes, 0 columns (0 active), 0 dyn. constrs. (0 active), 62 art. vars. (62 active)
************************************************************************************************
#<DWph=2> <it=  1> <et=0.33> <Mt= 0.00> <Spt= 0.00> <nCl= 30> <al=0.00> <DB=-9359979117.0000> <Mlp=372000000.0000> <PB=10000000> 
#<DWph=2> <it=  2> <et=0.34> <Mt= 0.00> <Spt= 0.00> <nCl= 30> <al=0.55> <DB=-5849986375.8471> <Mlp=252000288.6571> <PB=10000000> 
#<DWph=2> <it=  3> <et=0.34> <Mt= 0.00> <Spt= 0.00> <nCl= 30> <al=0.45> <DB=-4848283911.3624> <Mlp=228000406.9200> <PB=10000000> 
#<DWph=2> <it=  4> <et=0.34> <Mt= 0.00> <Spt= 0.00> <nCl= 30> <al=0.35> <DB=-4379926847.7317> <Mlp=128000933.1333> <PB=10000000> 
#<DWph=2> <it=  5> <et=0.34> <Mt= 0.00> <Spt= 0.00> <nCl= 30> <al=0.42> <DB=-3949860827.6443> <Mlp=96000998.1143> <PB=10000000> 
#<DWph=2> <it=  6> <et=0.34> <Mt= 0.00> <Spt= 0.00> <nCl= 30> <al=0.47> <DB=-3082866557.2695> <Mlp=62308976.9981> <PB=10000000> 
#<DWph=2> <it=  7> <et=0.34> <Mt= 0.00> <Spt= 0.00> <nCl= 30> <al=0.53> <DB=-2204518085.2967> <Mlp=44890239.6185> <PB=10000000> 
#<DWph=2> <it=  8> <et=0.34> <Mt= 0.00> <Spt= 0.00> <nCl= 30> <al=0.43> <DB=-2198791992.7507> <Mlp=30739307.3714> <PB=10000000> 
#<DWph=2> <it=  9> <et=0.34> <Mt= 0.00> <Spt= 0.00> <nCl= 30> <al=0.48> <DB=-1749088961.9658> <Mlp=23608628.8972> <PB=10000000> 
#<DWph=2> <it= 10> <et=0.35> <Mt= 0.00> <Spt= 0.01> <nCl= 30> <al=0.54> <DB=-1193671364.0751> <Mlp=14152813.2357> <PB=10000000> 
#<DWph=2> <it= 11> <et=0.35> <Mt= 0.00> <Spt= 0.00> <nCl= 30> <al=0.44> <DB=-820039115.3760> <Mlp=704480.3253> <PB=10000000> 
<DWph=2> <it= 12> <et=0.35> <Mt= 0.00> <Spt= 0.00> <nCl= 30> <al=0.00> <DB=-29771.2662> <Mlp= 1751.8530> <PB=10000000> 
<DWph=2> <it= 13> <et=0.35> <Mt= 0.00> <Spt= 0.00> <nCl= 30> <al=0.39> <DB=-16067.9562> <Mlp= 1718.5190> <PB=10000000> 
<DWph=2> <it= 14> <et=0.35> <Mt= 0.00> <Spt= 0.00> <nCl= 30> <al=0.29> <DB=-15854.1781> <Mlp= 1673.9127> <PB=10000000> 
<DWph=2> <it= 15> <et=0.35> <Mt= 0.00> <Spt= 0.00> <nCl= 30> <al=0.36> <DB=-8247.8656> <Mlp= 1650.7461> <PB=10000000> 
<DWph=2> <it= 16> <et=0.36> <Mt= 0.00> <Spt= 0.00> <nCl= 30> <al=0.43> <DB=-7558.3710> <Mlp= 1611.5329> <PB=10000000> 
<DWph=2> <it= 17> <et=0.36> <Mt= 0.00> <Spt= 0.00> <nCl= 30> <al=0.48> <DB=-5349.1215> <Mlp= 1575.2532> <PB=10000000> 
<DWph=2> <it= 18> <et=0.36> <Mt= 0.00> <Spt= 0.00> <nCl= 30> <al=0.54> <DB=-4696.5312> <Mlp= 1537.0095> <PB=10000000> 
<DWph=2> <it= 19> <et=0.36> <Mt= 0.00> <Spt= 0.01> <nCl= 30> <al=0.58> <DB=-2933.2811> <Mlp= 1485.4036> <PB=10000000> 
<DWph=2> <it= 20> <et=0.36> <Mt= 0.00> <Spt= 0.00> <nCl= 30> <al=0.48> <DB=-2027.6140> <Mlp= 1457.0749> <PB=10000000> 
<DWph=2> <it= 21> <et=0.36> <Mt= 0.00> <Spt= 0.00> <nCl= 30> <al=0.53> <DB= -945.7370> <Mlp= 1434.6906> <PB=10000000> 
<DWph=2> <it= 22> <et=0.37> <Mt= 0.00> <Spt= 0.00> <nCl= 30> <al=0.58> <DB= -633.8787> <Mlp= 1424.9508> <PB=10000000> 
<DWph=2> <it= 23> <et=0.37> <Mt= 0.00> <Spt= 0.00> <nCl= 29> <al=0.62> <DB= -695.9742> <Mlp= 1414.7970> <PB=10000000> 
<DWph=2> <it= 24> <et=0.37> <Mt= 0.00> <Spt= 0.00> <nCl= 28> <al=0.52> <DB= -204.7004> <Mlp= 1405.2311> <PB=10000000> 
<DWph=2> <it= 25> <et=0.37> <Mt= 0.00> <Spt= 0.00> <nCl= 25> <al=0.42> <DB=  -26.6684> <Mlp= 1395.7150> <PB=10000000> 
<DWph=2> <it= 26> <et=0.37> <Mt= 0.00> <Spt= 0.00> <nCl= 26> <al=0.48> <DB= -280.4588> <Mlp= 1381.8318> <PB=10000000> 
<DWph=2> <it= 27> <et=0.37> <Mt= 0.01> <Spt= 0.00> <nCl= 27> <al=0.53> <DB=  443.4603> <Mlp= 1375.4371> <PB=10000000> 
<DWph=2> <it= 28> <et=0.37> <Mt= 0.00> <Spt= 0.00> <nCl= 24> <al=0.43> <DB=  340.8539> <Mlp= 1372.2892> <PB=10000000> 
<DWph=2> <it= 29> <et=0.38> <Mt= 0.00> <Spt= 0.00> <nCl= 24> <al=0.49> <DB=  823.1932> <Mlp= 1369.1500> <PB=10000000> 
<DWph=2> <it= 30> <et=0.38> <Mt= 0.00> <Spt= 0.01> <nCl= 18> <al=0.54> <DB=  396.2971> <Mlp= 1362.7333> <PB=10000000> 
<DWph=2> <it= 31> <et=0.38> <Mt= 0.00> <Spt= 0.00> <nCl= 16> <al=0.44> <DB=  565.5809> <Mlp= 1357.6116> <PB=10000000> 
<DWph=2> <it= 32> <et=0.38> <Mt= 0.00> <Spt= 0.00> <nCl=  9> <al=0.50> <DB= 1108.6583> <Mlp= 1355.3558> <PB=10000000> 
<DWph=2> <it= 33> <et=0.38> <Mt= 0.00> <Spt= 0.00> <nCl= 26> <al=0.40> <DB= 1016.6095> <Mlp= 1355.1450> <PB=10000000> 
<DWph=2> <it= 34> <et=0.38> <Mt= 0.00> <Spt= 0.00> <nCl= 14> <al=0.46> <DB=  611.1080> <Mlp= 1352.7100> <PB=10000000> 
<DWph=2> <it= 35> <et=0.38> <Mt= 0.00> <Spt= 0.00> <nCl= 18> <al=0.36> <DB= 1051.4766> <Mlp= 1342.7333> <PB=10000000> 
<DWph=2> <it= 36> <et=0.38> <Mt= 0.00> <Spt= 0.00> <nCl= 15> <al=0.26> <DB= 1131.6314> <Mlp= 1340.6000> <PB=10000000> 
<DWph=2> <it= 37> <et=0.38> <Mt= 0.00> <Spt= 0.00> <nCl= 10> <al=0.16> <DB= 1307.9351> <Mlp= 1340.6000> <PB=10000000> 
<DWph=2> <it= 38> <et=0.39> <Mt= 0.00> <Spt= 0.00> <nCl=  7> <al=0.00> <DB= 1340.6000> <Mlp= 1340.6000> <PB=10000000> 
<DWph=1> <it= 39> <et=0.39> <Mt= 0.00> <Spt= 0.00> <nCl= 30> <al=0.00> <DB=  949.6000> <Mlp= 1340.6000> <PB=10000000> 
<DWph=1> <it= 40> <et=0.39> <Mt= 0.00> <Spt= 0.01> <nCl= 24> <al=0.00> <DB=  938.6000> <Mlp= 1340.6000> <PB=10000000> 
<DWph=1> <it= 41> <et=0.39> <Mt= 0.00> <Spt= 0.00> <nCl= 19> <al=0.06> <DB= 1163.6056> <Mlp= 1340.6000> <PB=10000000> 
<DWph=1> <it= 42> <et=0.39> <Mt= 0.00> <Spt= 0.00> <nCl= 20> <al=0.15> <DB= 1240.4904> <Mlp= 1340.6000> <PB=10000000> 
<DWph=1> <it= 43> <et=0.40> <Mt= 0.00> <Spt= 0.00> <nCl=  8> <al=0.24> <DB= 1316.6584> <Mlp= 1340.6000> <PB=10000000> 
<DWph=1> <it= 44> <et=0.40> <Mt= 0.00> <Spt= 0.00> <nCl=  2> <al=0.14> <DB= 1266.0836> <Mlp= 1340.6000> <PB=10000000> 
<DWph=1> <it= 45> <et=0.40> <Mt= 0.00> <Spt= 0.00> <nCl=  6> <al=0.23> <DB= 1291.1595> <Mlp= 1340.6000> <PB=10000000> 
<DWph=1> <it= 46> <et=0.40> <Mt= 0.00> <Spt= 0.00> <nCl=  7> <al=0.13> <DB= 1295.9621> <Mlp= 1340.6000> <PB=10000000> 
<DWph=1> <it= 47> <et=0.40> <Mt= 0.00> <Spt= 0.01> <nCl=  1> <al=0.21> <DB= 1330.0214> <Mlp= 1340.3000> <PB=10000000> 
<DWph=1> <it= 48> <et=0.41> <Mt= 0.00> <Spt= 0.00> <nCl= 11> <al=0.00> <DB= 1334.1000> <Mlp= 1340.1000> <PB=10000000> 
<DWph=1> <it= 49> <et=0.41> <Mt= 0.00> <Spt= 0.00> <nCl=  6> <al=0.19> <DB= 1336.6320> <Mlp= 1340.1000> <PB=10000000> 
<DWph=1> <it= 50> <et=0.41> <Mt= 0.00> <Spt= 0.00> <nCl=  4> <al=0.00> <DB= 1340.1000> <Mlp= 1340.1000> <PB=10000000> 
    RCSP exact solver info for graph G_0 : TT = 0.003539, pt = 1.2e-05, dt = 0.003086, ct = 0.000176, ndl = 2753', bdl = 15686', odl = 5136', odf = 30815', bsi = 1219', cnt = 5409', bdch = 346025', odch = 219927', lcp = 130589', #sols = 150
<DWph=0> <it= 51> <et=0.42> <Mt= 0.00> <Spt= 0.01> <nCl=150> <al=0.17> <DB=  591.1000> <Mlp= 1340.1000> <PB=10000000> 
    RCSP exact solver info for graph G_0 : TT = 0.003162, pt = 1.9e-05, dt = 0.002764, ct = 0.000107, ndl = 2522', bdl = 13744', odl = 4861', odf = 29150', bsi = 1100', cnt = 2751', bdch = 307151', odch = 187211', lcp = 124448', #sols = 150
<DWph=0> <it= 52> <et=0.42> <Mt= 0.00> <Spt= 0.00> <nCl=100> <al=0.26> <DB=  801.6801> <Mlp= 1334.1667> <PB=10000000> 
    RCSP exact solver info for graph G_0 : TT = 0.002799, pt = 2.2e-05, dt = 0.002368, ct = 0.000109, ndl = 2267', bdl = 12584', odl = 4172', odf = 24952', bsi = 1104', cnt = 3106', bdch = 224081', odch = 113021', lcp = 86383', #sols = 150
<DWph=0> <it= 53> <et=0.43> <Mt= 0.00> <Spt= 0.01> <nCl= 94> <al=0.33> <DB=  846.8884> <Mlp= 1323.1111> <PB=10000000> 
    RCSP exact solver info for graph G_0 : TT = 0.003332, pt = 1.8e-05, dt = 0.002695, ct = 0.00018, ndl = 2828', bdl = 14382', odl = 4720', odf = 28556', bsi = 1169', cnt = 5155', bdch = 317261', odch = 170596', lcp = 125894', #sols = 150
<DWph=0> <it= 54> <et=0.44> <Mt= 0.00> <Spt= 0.01> <nCl= 97> <al=0.23> <DB= 1154.0574> <Mlp= 1322.3000> <PB=10000000> 
    RCSP exact solver info for graph G_0 : TT = 0.002932, pt = 2.1e-05, dt = 0.002454, ct = 0.00017, ndl = 2510', bdl = 11874', odl = 4374', odf = 26750', bsi = 1339', cnt = 4139', bdch = 241423', odch = 121372', lcp = 98205', #sols = 150
<DWph=0> <it= 55> <et=0.44> <Mt= 0.01> <Spt= 0.00> <nCl= 41> <al=0.13> <DB= 1297.7760> <Mlp= 1322.2333> <PB=10000000> 
    RCSP exact solver info for graph G_0 : TT = 0.002894, pt = 2.2e-05, dt = 0.002443, ct = 0.000154, ndl = 2437', bdl = 11277', odl = 4310', odf = 26664', bsi = 1335', cnt = 3720', bdch = 224127', odch = 109271', lcp = 91244', #sols = 150
    RCSP exact solver info for graph G_0 : TT = 0.002465, pt = 3.8e-05, dt = 0.002053, ct = 0.000118, ndl = 2015', bdl = 8074', odl = 3787', odf = 22792', bsi = 1115', cnt = 2550', bdch = 175663', odch = 76152', lcp = 72714', #sols = 150
<DWph=0> <it= 56> <et=0.45> <Mt= 0.00> <Spt= 0.01> <nCl= 61> <al=0.00> <DB= 1322.2333> <Mlp= 1322.2333> <PB=10000000> 
RCSP solver dynamic params and stats :  bidir.bord. = 482.5 aver.obdmd = 15.125 aver.buck.num. = 17.5938
@@ 1 0 1322.23 0.00269671 0.003262 65.4884 0.45
RCSP      solver labels distribution in 187 buckets (bucket size) : largest - 110, top 0.1% - 110, top 0.5% - 110, top 2% - 63, top 10% - 32, top 50% - 4
Reduced cost fixing for graph G_0...  TT = 0.005739, pt = 0.000162, dt = 0.005485, ct = 0, ndl = 3708', bdl = 44314', odl = 6478', odf = 45963', lpcb = 5373', cnt = 111006', bdch = 472676', odch = 268700', lcp = 134813'
8554 buck. arcs remain (84.5% from prev., 58.5% from max.) + 555 jump buck. arcs (3.8% from max.)
Backward reduced cost fixing... 7541 buck. arcs remain (83.3% from prev., 51.4% from max.) + 653 jump buck. arcs (4.45% from max.)
 TT = 0.012391, pt = 0.000162, dt = 0.005485, ct = 0.006559, ndl = 3708', bdl = 44314', odl = 6478', odf = 45963', lpcb = 5373', cnt = 146425', bdch = 472676', odch = 268700', lcp = 134813'
RCSP      solver labels distribution in 425 buckets (bucket size) : largest - 110, top 0.1% - 110, top 0.5% - 82, top 2% - 55, top 10% - 24, top 50% - 3
Run forward enumeration with border = 482.5... not succeeded (ratio 0.532488) lpt = 4.14225, ndl = 720001', dl = 3315205', lpcb = 253914', dch = 151626421'
 TT = 4.1664, pt = 0.019811, dt = 4.14225, ct = 0, ndl = 720001', bdl = 3315205', lpcb = 253914', cnt = 54559976', bdch = 151626421', odch = 0', lcp = 0'
ColGenEvalAlg final dual bound: 1322.23 (rounded: 1322.23)
In total 1 RCC cut(s) are found by the connected components heuristic 
Shrinking heuristic shrunk 18 edges
In total 2 RCC cut(s) are found by the greedy construction heuristic 
----- Add fac. cuts : CAP(3), max.viol = 0.666667, aver.viol = 0.666667, sep/add took 0.00082202/0.0038142 sec. -----
1657 columns (1657 active), 3 dyn. constrs. (3 active), 65 art. vars. (65 active)
<DWph=2> <it=  1> <et=5.43> <Mt= 0.00> <Spt= 0.00> <nCl= 11> <al=0.50> <DB= 1334.7111> <Mlp= 1347.1889> <PB=10000000> 
<DWph=2> <it=  2> <et=5.43> <Mt= 0.00> <Spt= 0.00> <nCl= 27> <al=0.40> <DB=  939.0328> <Mlp= 1345.0250> <PB=10000000> 
<DWph=2> <it=  3> <et=5.43> <Mt= 0.00> <Spt= 0.00> <nCl= 19> <al=0.46> <DB= 1284.5249> <Mlp= 1345.0240> <PB=10000000> 
<DWph=2> <it=  4> <et=5.44> <Mt= 0.00> <Spt= 0.00> <nCl= 15> <al=0.51> <DB= 1281.6812> <Mlp= 1343.5000> <PB=10000000> 
<DWph=2> <it=  5> <et=5.44> <Mt= 0.00> <Spt= 0.01> <nCl= 13> <al=0.13> <DB= 1342.3996> <Mlp= 1343.5000> <PB=10000000> 
<DWph=2> <it=  6> <et=5.44> <Mt= 0.00> <Spt= 0.00> <nCl=  4> <al=0.46> <DB= 1326.3354> <Mlp= 1343.5000> <PB=10000000> 
<DWph=2> <it=  7> <et=5.44> <Mt= 0.00> <Spt= 0.00> <nCl=  5> <al=0.00> <DB= 1343.5000> <Mlp= 1343.5000> <PB=10000000> 
<DWph=1> <it=  8> <et=5.44> <Mt= 0.00> <Spt= 0.00> <nCl= 15> <al=0.42> <DB= 1301.5000> <Mlp= 1343.5000> <PB=10000000> 
<DWph=1> <it=  9> <et=5.45> <Mt= 0.00> <Spt= 0.00> <nCl=  3> <al=0.00> <DB= 1343.1500> <Mlp= 1343.1500> <PB=10000000> 
    RCSP exact solver info for graph G_0 : TT = 0.001935, pt = 9e-06, dt = 0.001576, ct = 0.000125, ndl = 1946', bdl = 8862', odl = 3428', odf = 22448', bsi = 1138', cnt = 2149', bdch = 130779', odch = 56806', lcp = 53597', #sols = 150
<DWph=0> <it= 10> <et=5.45> <Mt= 0.00> <Spt= 0.01> <nCl=112> <al=0.22> <DB= 1173.3500> <Mlp= 1343.1500> <PB=10000000> 
    RCSP exact solver info for graph G_0 : TT = 0.002144, pt = 1.8e-05, dt = 0.001701, ct = 0.000129, ndl = 2215', bdl = 9118', odl = 3645', odf = 24328', bsi = 1150', cnt = 2563', bdch = 154826', odch = 74313', lcp = 64916', #sols = 150
<DWph=0> <it= 11> <et=5.46> <Mt= 0.00> <Spt= 0.00> <nCl= 84> <al=0.12> <DB= 1182.5677> <Mlp= 1342.3805> <PB=10000000> 
    RCSP exact solver info for graph G_0 : TT = 0.002373, pt = 2e-05, dt = 0.001933, ct = 0.000161, ndl = 1761', bdl = 9224', odl = 3461', odf = 23274', bsi = 1271', cnt = 1543', bdch = 112311', odch = 48703', lcp = 43881', #sols = 150
<DWph=0> <it= 12> <et=5.46> <Mt= 0.00> <Spt= 0.01> <nCl=108> <al=0.02> <DB= 1221.9437> <Mlp= 1338.5077> <PB=10000000> 
    RCSP exact solver info for graph G_0 : TT = 0.002226, pt = 1.7e-05, dt = 0.001855, ct = 0.000118, ndl = 1951', bdl = 10627', odl = 3542', odf = 24495', bsi = 1188', cnt = 1466', bdch = 135257', odch = 54195', lcp = 50248', #sols = 150
<DWph=0> <it= 13> <et=5.47> <Mt= 0.00> <Spt= 0.00> <nCl= 48> <al=0.11> <DB= 1300.4117> <Mlp= 1338.0000> <PB=10000000> 
    RCSP exact solver info for graph G_0 : TT = 0.002259, pt = 1.9e-05, dt = 0.001744, ct = 0.00025, ndl = 1998', bdl = 11131', odl = 3666', odf = 25379', bsi = 1162', cnt = 1646', bdch = 147787', odch = 57742', lcp = 55017', #sols = 150
    RCSP exact solver info for graph G_0 : TT = 0.001544, pt = 1.5e-05, dt = 0.001212, ct = 0.0001, ndl = 1360', bdl = 8220', odl = 2989', odf = 19638', bsi = 1031', cnt = 1225', bdch = 81030', odch = 33252', lcp = 27925', #sols = 150
<DWph=0> <it= 14> <et=5.48> <Mt= 0.00> <Spt= 0.01> <nCl= 89> <al=0.00> <DB= 1338.0000> <Mlp= 1338.0000> <PB=10000000> 
RCSP solver dynamic params and stats :  bidir.bord. = 536.3 aver.obdmd = 15.125 aver.buck.num. = 17.5938
@@ 1 1 1338 0.00181733 0.002094 59.0949 5.48
    Full reduced cost fixing is not called (gap ratio is 0.999998)
ColGenEvalAlg final dual bound: 1338 (rounded: 1338)
False gap improvement since the last cut separation : 0.119243 (1322.23)
Current active cuts : CAP(2,317.1)
In total 1 RCC cut(s) are found by the connected components heuristic 
Shrinking heuristic shrunk 22 edges
----- Add fac. cuts : CAP(1), max.viol = 1, aver.viol = 1, sep/add took 0.000207495/0.00169397 sec. -----
2210 columns (2210 active), 4 dyn. constrs. (3 active), 66 art. vars. (65 active)
<DWph=2> <it=  1> <et=5.48> <Mt= 0.01> <Spt= 0.00> <nCl=  8> <al=0.50> <DB= 1332.2750> <Mlp= 1340.6929> <PB=10000000> 
<DWph=2> <it=  2> <et=5.49> <Mt= 0.00> <Spt= 0.00> <nCl=  2> <al=0.00> <DB= 1340.6929> <Mlp= 1340.6929> <PB=10000000> 
<DWph=1> <it=  3> <et=5.49> <Mt= 0.00> <Spt= 0.00> <nCl=  3> <al=0.00> <DB= 1340.6929> <Mlp= 1340.6929> <PB=10000000> 
    RCSP exact solver info for graph G_0 : TT = 0.00149, pt = 9e-06, dt = 0.00112, ct = 0.000108, ndl = 1210', bdl = 7077', odl = 2773', odf = 18110', bsi = 1011', cnt = 1294', bdch = 65232', odch = 27606', lcp = 23182', #sols = 150
<DWph=0> <it=  4> <et=5.49> <Mt= 0.00> <Spt= 0.01> <nCl= 87> <al=0.35> <DB= 1320.5500> <Mlp= 1340.6929> <PB=10000000> 
    RCSP exact solver info for graph G_0 : TT = 0.001543, pt = 1.8e-05, dt = 0.001122, ct = 9.5e-05, ndl = 1264', bdl = 6973', odl = 2795', odf = 18311', bsi = 1016', cnt = 1436', bdch = 66191', odch = 27580', lcp = 24351', #sols = 150
<DWph=0> <it=  5> <et=5.49> <Mt= 0.00> <Spt= 0.00> <nCl= 48> <al=0.25> <DB= 1335.5346> <Mlp= 1340.5294> <PB=10000000> 
    RCSP exact solver info for graph G_0 : TT = 0.001813, pt = 1.6e-05, dt = 0.001466, ct = 0.000108, ndl = 1268', bdl = 6997', odl = 2813', odf = 18492', bsi = 1011', cnt = 1480', bdch = 66814', odch = 27682', lcp = 24474', #sols = 150
    RCSP exact solver info for graph G_0 : TT = 0.001487, pt = 1.4e-05, dt = 0.001162, ct = 8.9e-05, ndl = 1201', bdl = 6519', odl = 2725', odf = 17655', bsi = 994', cnt = 1199', bdch = 62330', odch = 25767', lcp = 22810', #sols = 150
<DWph=0> <it=  6> <et=5.50> <Mt= 0.00> <Spt= 0.01> <nCl= 24> <al=0.00> <DB= 1340.5167> <Mlp= 1340.5167> <PB=10000000> 
RCSP solver dynamic params and stats :  bidir.bord. = 536.3 aver.obdmd = 15.125 aver.buck.num. = 17.5938
@@ 1 2 1340.52 0.0013175 0.001574 59.0949 5.5
    Full reduced cost fixing is not called (gap ratio is 0.999998)
ColGenEvalAlg final dual bound: 1340.52 (rounded: 1340.52)
False gap improvement since the last cut separation : 0.0188092 (1338)
Current active cuts : CAP(3,384.2)
In total 2 RCC cut(s) are found by the connected components heuristic 
Shrinking heuristic shrunk 14 edges
In total 3 RCC cut(s) are found by the greedy construction heuristic 
----- Add fac. cuts : CAP(5), max.viol = 0.166667, aver.viol = 0.116667, sep/add took 0.000788479/0.00592664 sec. -----
2382 columns (2382 active), 8 dyn. constrs. (8 active), 71 art. vars. (70 active)
<DWph=2> <it=  1> <et=5.51> <Mt= 0.00> <Spt= 0.00> <nCl=  7> <al=0.00> <DB= 1341.2000> <Mlp= 1341.2000> <PB=10000000> 
<DWph=1> <it=  2> <et=5.51> <Mt= 0.00> <Spt= 0.00> <nCl=  3> <al=0.40> <DB= 1335.2000> <Mlp= 1341.2000> <PB=10000000> 
<DWph=1> <it=  3> <et=5.52> <Mt= 0.00> <Spt= 0.00> <nCl=  0> <al=0.00> <DB= 1341.2000> <Mlp= 1341.2000> <PB=10000000> 
    RCSP exact solver info for graph G_0 : TT = 0.001267, pt = 1e-05, dt = 0.00096, ct = 9.6e-05, ndl = 1132', bdl = 6324', odl = 2486', odf = 16804', bsi = 967', cnt = 1352', bdch = 54420', odch = 22595', lcp = 18626', #sols = 150
    RCSP exact solver info for graph G_0 : TT = 0.001443, pt = 1.5e-05, dt = 0.001102, ct = 0.00011, ndl = 1132', bdl = 6324', odl = 2486', odf = 16804', bsi = 967', cnt = 1352', bdch = 54420', odch = 22595', lcp = 18626', #sols = 150
<DWph=0> <it=  4> <et=5.52> <Mt= 0.00> <Spt= 0.01> <nCl= 41> <al=0.00> <DB= 1341.2000> <Mlp= 1341.2000> <PB=10000000> 
RCSP solver dynamic params and stats :  bidir.bord. = 536.3 aver.obdmd = 15.125 aver.buck.num. = 17.5938
@@ 1 3 1341.2 0.001134 0.001212 59.0949 5.52
    Full reduced cost fixing is not called (gap ratio is 0.999998)
ColGenEvalAlg final dual bound: 1341.2 (rounded: 1341.2)
False gap improvement since the last cut separation : 0.00509754 (1340.52)
Cut generation tailing off counter increased to 1
Current active cuts : CAP(6,446.8)
Shrinking heuristic shrunk 15 edges
avgVertexMem: 8.06667 , colsForbidden = 1, phase-I = 0, phase-II = 1, colNonElem = 1, colElem = 12, TT =  0.000394
----- Relaxation was improved for 1 subproblems -----
Removed 76 columns not satisfying improved subproblem relaxation
2433 columns (2357 active), 8 dyn. constrs. (6 active), 71 art. vars. (68 active)
<DWph=2> <it=  1> <et=5.53> <Mt= 0.01> <Spt= 0.00> <nCl=  0> <al=0.00> <DB= 1341.2833> <Mlp= 1341.2833> <PB=10000000> 
<DWph=1> <it=  2> <et=5.54> <Mt= 0.00> <Spt= 0.00> <nCl=  3> <al=0.00> <DB= 1341.2833> <Mlp= 1341.2833> <PB=10000000> 
    RCSP exact solver info for graph G_0 : TT = 0.001683, pt = 1.2e-05, dt = 0.001319, ct = 0.000116, ndl = 1350', bdl = 8126', odl = 2792', odf = 19165', bsi = 968', cnt = 1341', bdch = 72916', odch = 32072', lcp = 24272', #sols = 150
<DWph=0> <it=  3> <et=5.54> <Mt= 0.00> <Spt= 0.00> <nCl= 50> <al=0.30> <DB= 1317.2833> <Mlp= 1341.2833> <PB=10000000> 
    RCSP exact solver info for graph G_0 : TT = 0.001717, pt = 1.6e-05, dt = 0.001346, ct = 0.000112, ndl = 1436', bdl = 8669', odl = 2989', odf = 21060', bsi = 1023', cnt = 1211', bdch = 83547', odch = 37114', lcp = 27970', #sols = 150
<DWph=0> <it=  4> <et=5.54> <Mt= 0.00> <Spt= 0.01> <nCl= 29> <al=0.37> <DB= 1332.3955> <Mlp= 1341.2708> <PB=10000000> 
    RCSP exact solver info for graph G_0 : TT = 0.001895, pt = 2e-05, dt = 0.001294, ct = 0.000144, ndl = 1426', bdl = 6782', odl = 2881', odf = 19240', bsi = 1063', cnt = 1249', bdch = 72707', odch = 34440', lcp = 27296', #sols = 150
    RCSP exact solver info for graph G_0 : TT = 0.001738, pt = 1.8e-05, dt = 0.001174, ct = 9.9e-05, ndl = 1295', bdl = 6826', odl = 2577', odf = 17279', bsi = 984', cnt = 1450', bdch = 63601', odch = 27203', lcp = 23410', #sols = 150
<DWph=0> <it=  5> <et=5.55> <Mt= 0.00> <Spt= 0.00> <nCl= 41> <al=0.00> <DB= 1341.2667> <Mlp= 1341.2667> <PB=10000000> 
RCSP solver dynamic params and stats :  bidir.bord. = 520 aver.obdmd = 15.125 aver.buck.num. = 17.5938
@@ 1 4 1341.27 0.001401 0.001458 59.0949 5.55
    Full reduced cost fixing is not called (gap ratio is 0.999998)
ColGenEvalAlg final dual bound: 1341.27 (rounded: 1341.27)
False gap improvement since the last cut separation : 0.000497067 (1341.2)
Cut generation tailing off counter increased to 1
Current active cuts : CAP(5,458.633)
Shrinking heuristic shrunk 14 edges
ng-neighbourhood is not increased: max avg neigh size is reached 
150 Rank-1 3-rows pack. cuts added ,  max viol. = 0.5, aver. viol. = 0.193889
----- Add fac. cuts : R1C(150), max.viol = 0.5, aver.viol = 0.193889, sep/add took 0.00199222/0.106214 sec. -----
2556 columns (2480 active), 156 dyn. constrs. (155 active), 221 art. vars. (217 active)
<DWph=2> <it=  1> <et=5.68> <Mt= 0.01> <Spt= 0.01> <nCl= 22> <al=0.50> <DB= 1335.1640> <Mlp= 1353.0614> <PB=10000000> 
<DWph=2> <it=  2> <et=5.68> <Mt= 0.00> <Spt= 0.00> <nCl= 13> <al=0.55> <DB= 1346.5210> <Mlp= 1352.9429> <PB=10000000> 
<DWph=2> <it=  3> <et=5.69> <Mt= 0.00> <Spt= 0.00> <nCl= 30> <al=0.45> <DB= 1294.6505> <Mlp= 1352.9429> <PB=10000000> 
<DWph=2> <it=  4> <et=5.69> <Mt= 0.01> <Spt= 0.00> <nCl=  6> <al=0.51> <DB= 1340.5539> <Mlp= 1352.1412> <PB=10000000> 
<DWph=2> <it=  5> <et=5.70> <Mt= 0.00> <Spt= 0.01> <nCl= 11> <al=0.55> <DB= 1338.7858> <Mlp= 1352.0250> <PB=10000000> 
<DWph=2> <it=  6> <et=5.70> <Mt= 0.01> <Spt= 0.00> <nCl= 14> <al=0.60> <DB= 1348.6729> <Mlp= 1351.8881> <PB=10000000> 
<DWph=2> <it=  7> <et=5.71> <Mt= 0.00> <Spt= 0.00> <nCl= 28> <al=0.50> <DB=  243.9743> <Mlp= 1351.3045> <PB=10000000> 
<DWph=2> <it=  8> <et=5.72> <Mt= 0.00> <Spt= 0.00> <nCl=  9> <al=0.55> <DB= 1038.1782> <Mlp= 1351.2458> <PB=10000000> 
<DWph=2> <it=  9> <et=5.72> <Mt= 0.01> <Spt= 0.01> <nCl=  3> <al=0.59> <DB= 1349.7169> <Mlp= 1351.2458> <PB=10000000> 
<DWph=2> <it= 10> <et=5.73> <Mt= 0.00> <Spt= 0.00> <nCl= 30> <al=0.49> <DB=  605.8207> <Mlp= 1351.2458> <PB=10000000> 
<DWph=2> <it= 11> <et=5.73> <Mt= 0.00> <Spt= 0.00> <nCl= 17> <al=0.54> <DB= 1287.7797> <Mlp= 1351.2458> <PB=10000000> 
<DWph=2> <it= 12> <et=5.74> <Mt= 0.00> <Spt= 0.00> <nCl=  9> <al=0.18> <DB= 1345.7873> <Mlp= 1350.8000> <PB=10000000> 
<DWph=2> <it= 13> <et=5.74> <Mt= 0.00> <Spt= 0.01> <nCl=  9> <al=0.49> <DB= 1343.0545> <Mlp= 1350.8000> <PB=10000000> 
<DWph=2> <it= 14> <et=5.75> <Mt= 0.01> <Spt= 0.00> <nCl=  3> <al=0.54> <DB= 1350.3622> <Mlp= 1350.6000> <PB=10000000> 
<DWph=2> <it= 15> <et=5.75> <Mt= 0.00> <Spt= 0.00> <nCl=  6> <al=0.44> <DB= 1349.5872> <Mlp= 1350.6000> <PB=10000000> 
<DWph=2> <it= 16> <et=5.75> <Mt= 0.00> <Spt= 0.00> <nCl= 13> <al=0.34> <DB= 1350.5188> <Mlp= 1350.6000> <PB=10000000> 
<DWph=2> <it= 17> <et=5.76> <Mt= 0.00> <Spt= 0.00> <nCl= 15> <al=0.24> <DB= 1276.6175> <Mlp= 1350.6000> <PB=10000000> 
<DWph=2> <it= 18> <et=5.76> <Mt= 0.00> <Spt= 0.01> <nCl= 15> <al=0.00> <DB= 1350.6000> <Mlp= 1350.6000> <PB=10000000> 
<DWph=1> <it= 19> <et=5.77> <Mt= 0.00> <Spt= 0.00> <nCl=  5> <al=0.00> <DB= 1350.6000> <Mlp= 1350.6000> <PB=10000000> 
    RCSP exact solver info for graph G_0 : TT = 0.002302, pt = 7.8e-05, dt = 0.001876, ct = 0.000129, ndl = 1515', bdl = 8843', odl = 2881', odf = 19159', bsi = 946', cnt = 1511', bdch = 86178', odch = 36962', lcp = 29772', #sols = 150
<DWph=0> <it= 20> <et=5.78> <Mt= 0.01> <Spt= 0.01> <nCl=119> <al=0.12> <DB=  884.4462> <Mlp= 1350.6000> <PB=10000000> 
    RCSP exact solver info for graph G_0 : TT = 0.002197, pt = 0.000111, dt = 0.001639, ct = 0.000154, ndl = 1499', bdl = 8818', odl = 2926', odf = 19194', bsi = 1114', cnt = 2789', bdch = 86705', odch = 36430', lcp = 29184', #sols = 150
<DWph=0> <it= 21> <et=5.80> <Mt= 0.00> <Spt= 0.02> <nCl=105> <al=0.21> <DB= 1222.5801> <Mlp= 1350.6000> <PB=10000000> 
    RCSP exact solver info for graph G_0 : TT = 0.002109, pt = 0.000108, dt = 0.001575, ct = 0.000151, ndl = 1600', bdl = 8088', odl = 2621', odf = 18423', bsi = 1201', cnt = 3087', bdch = 95067', odch = 35370', lcp = 33624', #sols = 150
<DWph=0> <it= 22> <et=5.82> <Mt= 0.00> <Spt= 0.01> <nCl= 84> <al=0.11> <DB= 1291.2906> <Mlp= 1350.6000> <PB=10000000> 
    RCSP exact solver info for graph G_0 : TT = 0.00187, pt = 0.000102, dt = 0.001357, ct = 0.000134, ndl = 1357', bdl = 7537', odl = 2515', odf = 17420', bsi = 1105', cnt = 2423', bdch = 71747', odch = 27746', lcp = 24292', #sols = 150
<DWph=0> <it= 23> <et=5.83> <Mt= 0.01> <Spt= 0.01> <nCl= 42> <al=0.01> <DB= 1338.8017> <Mlp= 1350.6000> <PB=10000000> 
    RCSP exact solver info for graph G_0 : TT = 0.001677, pt = 7.8e-05, dt = 0.001252, ct = 0.000104, ndl = 1197', bdl = 7681', odl = 2440', odf = 16011', bsi = 987', cnt = 2112', bdch = 63041', odch = 23731', lcp = 19765', #sols = 150
<DWph=0> <it= 24> <et=5.84> <Mt= 0.00> <Spt= 0.01> <nCl= 92> <al=0.00> <DB= 1350.6000> <Mlp= 1350.6000> <PB=10000000> 
RCSP solver dynamic params and stats :  bidir.bord. = 565.2 aver.obdmd = 15.125 aver.buck.num. = 17.5938 nbR1C = 7 with avMem = 16.2857
@@ 1 5 1350.6 0.0016742 0.002005 59.0949 5.84
    Full reduced cost fixing is not called (gap ratio is 0.999997)
ColGenEvalAlg final dual bound: 1350.6 (rounded: 1350.6)
False gap improvement since the last cut separation : 0.069586 (1341.27)
Current active cuts : CAP(4,403.441) R1C(7,46.8222) 3rowPackR1C(7)
Shrinking heuristic shrunk 21 edges
46 Rank-1 3-rows pack. cuts added ,  max viol. = 0.5, aver. viol. = 0.5
Building structures for heuristic rank-1 packing cut separation...done!
95 Rank-1 4-rows pack. cuts added ,  max viol. = 0.5, aver. viol. = 0.5
100 Rank-1 5-rows pack. cuts added ,  max viol. = 0.5, aver. viol. = 0.5
----- Add fac. cuts : R1C(241), max.viol = 0.5, aver.viol = 0.5, sep/add took 0.067139/0.168353 sec. -----
3256 columns (3180 active), 396 dyn. constrs. (252 active), 462 art. vars. (314 active)
<DWph=2> <it=  1> <et=6.09> <Mt= 0.01> <Spt= 0.00> <nCl= 10> <al=0.50> <DB= 1355.1500> <Mlp= 1359.7000> <PB=10000000> 
<DWph=2> <it=  2> <et=6.10> <Mt= 0.00> <Spt= 0.00> <nCl= 15> <al=0.40> <DB= 1345.5467> <Mlp= 1359.7000> <PB=10000000> 
<DWph=2> <it=  3> <et=6.11> <Mt= 0.00> <Spt= 0.01> <nCl= 25> <al=0.00> <DB= 1322.4162> <Mlp= 1359.6956> <PB=10000000> 
<DWph=2> <it=  4> <et=6.11> <Mt= 0.01> <Spt= 0.00> <nCl= 12> <al=0.36> <DB= 1338.0198> <Mlp= 1359.5939> <PB=10000000> 
<DWph=2> <it=  5> <et=6.12> <Mt= 0.00> <Spt= 0.01> <nCl= 15> <al=0.00> <DB= 1359.5417> <Mlp= 1359.5417> <PB=10000000> 
<DWph=1> <it=  6> <et=6.13> <Mt= 0.00> <Spt= 0.00> <nCl=  6> <al=0.00> <DB= 1359.5417> <Mlp= 1359.5417> <PB=10000000> 
    RCSP exact solver info for graph G_0 : TT = 0.001777, pt = 8.8e-05, dt = 0.001376, ct = 0.00011, ndl = 1133', bdl = 8392', odl = 2653', odf = 18336', bsi = 1004', cnt = 1339', bdch = 60305', odch = 24774', lcp = 18039', #sols = 150
<DWph=0> <it=  7> <et=6.14> <Mt= 0.00> <Spt= 0.02> <nCl=120> <al=0.22> <DB=  917.1250> <Mlp= 1359.5417> <PB=10000000> 
    RCSP exact solver info for graph G_0 : TT = 0.002078, pt = 0.000157, dt = 0.00151, ct = 0.000133, ndl = 1434', bdl = 9051', odl = 2983', odf = 19652', bsi = 1131', cnt = 1327', bdch = 80512', odch = 35427', lcp = 26016', #sols = 150
<DWph=0> <it=  8> <et=6.16> <Mt= 0.01> <Spt= 0.01> <nCl= 67> <al=0.30> <DB= 1124.4563> <Mlp= 1359.5417> <PB=10000000> 
    RCSP exact solver info for graph G_0 : TT = 0.002297, pt = 0.000129, dt = 0.00169, ct = 0.000175, ndl = 1500', bdl = 8958', odl = 2973', odf = 19852', bsi = 1135', cnt = 1386', bdch = 85470', odch = 41726', lcp = 29062', #sols = 150
<DWph=0> <it=  9> <et=6.17> <Mt= 0.00> <Spt= 0.01> <nCl= 40> <al=0.37> <DB= 1272.2215> <Mlp= 1359.5417> <PB=10000000> 
    RCSP exact solver info for graph G_0 : TT = 0.002599, pt = 0.000126, dt = 0.002038, ct = 0.000166, ndl = 1559', bdl = 8851', odl = 3140', odf = 20524', bsi = 1187', cnt = 1361', bdch = 91472', odch = 42047', lcp = 33566', #sols = 150
<DWph=0> <it= 10> <et=6.19> <Mt= 0.00> <Spt= 0.01> <nCl= 38> <al=0.27> <DB= 1335.8395> <Mlp= 1359.5417> <PB=10000000> 
    RCSP exact solver info for graph G_0 : TT = 0.002387, pt = 0.000122, dt = 0.001773, ct = 0.000176, ndl = 1523', bdl = 8947', odl = 3052', odf = 20103', bsi = 1145', cnt = 1184', bdch = 86095', odch = 38149', lcp = 30103', #sols = 150
<DWph=0> <it= 11> <et=6.20> <Mt= 0.00> <Spt= 0.01> <nCl= 56> <al=0.17> <DB= 1278.6031> <Mlp= 1359.5417> <PB=10000000> 
    RCSP exact solver info for graph G_0 : TT = 0.002187, pt = 0.000118, dt = 0.001674, ct = 0.000149, ndl = 1533', bdl = 8919', odl = 3065', odf = 20284', bsi = 1174', cnt = 1386', bdch = 86422', odch = 40636', lcp = 30613', #sols = 150
    RCSP exact solver info for graph G_0 : TT = 0.001782, pt = 7.8e-05, dt = 0.001347, ct = 0.000134, ndl = 1411', bdl = 7885', odl = 2733', odf = 17756', bsi = 1136', cnt = 1344', bdch = 73697', odch = 34762', lcp = 25613', #sols = 150
<DWph=0> <it= 12> <et=6.22> <Mt= 0.01> <Spt= 0.02> <nCl= 69> <al=0.00> <DB= 1359.5417> <Mlp= 1359.5417> <PB=10000000> 
RCSP solver dynamic params and stats :  bidir.bord. = 536.9 aver.obdmd = 15.125 aver.buck.num. = 17.5938 nbR1C = 9 with avMem = 15.7778
@@ 1 6 1359.54 0.00177871 0.002204 59.0949 6.22
    Full reduced cost fixing is not called (gap ratio is 0.999996)
ColGenEvalAlg final dual bound: 1359.54 (rounded: 1359.54)
False gap improvement since the last cut separation : 0.0662051 (1350.6)
Current active cuts : CAP(4,466.833) R1C(9,79.4083) 3rowPackR1C(9)
In total 1 RCC cut(s) are found by the connected components heuristic 
Shrinking heuristic shrunk 12 edges
1 Rank-1 1-rows pack. cuts added ,  max viol. = 0.0833333, aver. viol. = 0.0833333
150 Rank-1 3-rows pack. cuts added ,  max viol. = 0.25, aver. viol. = 0.163333
Building structures for heuristic rank-1 packing cut separation...done!
100 Rank-1 4-rows pack. cuts added ,  max viol. = 0.333333, aver. viol. = 0.249167
100 Rank-1 5-rows pack. cuts added ,  max viol. = 0.333333, aver. viol. = 0.333333
----- Add fac. cuts : CAP(1) R1C(351), max.viol = 0.5, aver.viol = 0.278883, sep/add took 0.120763/0.452341 sec. -----
3729 columns (3653 active), 604 dyn. constrs. (366 active), 814 art. vars. (428 active)
<DWph=2> <it=  1> <et=6.85> <Mt= 0.03> <Spt= 0.01> <nCl= 26> <al=0.50> <DB= 1170.0471> <Mlp= 1362.6217> <PB=10000000> 
<DWph=2> <it=  2> <et=6.87> <Mt= 0.01> <Spt= 0.00> <nCl=  9> <al=0.55> <DB= 1360.8229> <Mlp= 1362.3889> <PB=10000000> 
<DWph=2> <it=  3> <et=6.88> <Mt= 0.00> <Spt= 0.01> <nCl= 13> <al=0.45> <DB= 1254.3810> <Mlp= 1362.3889> <PB=10000000> 
<DWph=2> <it=  4> <et=6.90> <Mt= 0.01> <Spt= 0.00> <nCl=  7> <al=0.51> <DB= 1361.5981> <Mlp= 1362.3889> <PB=10000000> 
<DWph=2> <it=  5> <et=6.91> <Mt= 0.01> <Spt= 0.01> <nCl= 17> <al=0.41> <DB= 1134.8506> <Mlp= 1362.3889> <PB=10000000> 
<DWph=2> <it=  6> <et=6.92> <Mt= 0.01> <Spt= 0.01> <nCl=  7> <al=0.46> <DB= 1338.4614> <Mlp= 1362.3889> <PB=10000000> 
<DWph=2> <it=  7> <et=6.94> <Mt= 0.00> <Spt= 0.00> <nCl=  7> <al=0.04> <DB= 1149.3977> <Mlp= 1362.3889> <PB=10000000> 
<DWph=2> <it=  8> <et=6.94> <Mt= 0.01> <Spt= 0.01> <nCl=  2> <al=0.42> <DB= 1294.7561> <Mlp= 1362.3889> <PB=10000000> 
<DWph=2> <it=  9> <et=6.95> <Mt= 0.00> <Spt= 0.00> <nCl=  6> <al=0.00> <DB= 1362.3889> <Mlp= 1362.3889> <PB=10000000> 
<DWph=1> <it= 10> <et=6.97> <Mt= 0.00> <Spt= 0.01> <nCl= 30> <al=0.38> <DB= 1110.2222> <Mlp= 1362.3889> <PB=10000000> 
<DWph=1> <it= 11> <et=6.98> <Mt= 0.01> <Spt= 0.01> <nCl=  7> <al=0.38> <DB= 1260.3123> <Mlp= 1362.3111> <PB=10000000> 
<DWph=1> <it= 12> <et=6.99> <Mt= 0.01> <Spt= 0.00> <nCl=  6> <al=0.28> <DB= 1336.1101> <Mlp= 1362.3111> <PB=10000000> 
<DWph=1> <it= 13> <et=7.00> <Mt= 0.00> <Spt= 0.01> <nCl= 15> <al=0.18> <DB= 1262.3723> <Mlp= 1362.3111> <PB=10000000> 
Shrinking heuristic shrunk 27 edges
<DWph=1> <it= 14> <et=7.03> <Mt= 0.01> <Spt= 0.01> <nCl= 30> <al=0.08> <DB= 1242.0023> <Mlp= 1360.5000> <PB=1360.5> 
<DWph=1> <it= 15> <et=7.05> <Mt= 0.01> <Spt= 0.01> <nCl= 12> <al=0.17> <DB= 1347.9246> <Mlp= 1360.5000> <PB=1360.5> 
<DWph=1> <it= 16> <et=7.06> <Mt= 0.01> <Spt= 0.01> <nCl= 11> <al=0.25> <DB= 1328.6099> <Mlp= 1360.5000> <PB=1360.5> 
<DWph=1> <it= 17> <et=7.07> <Mt= 0.01> <Spt= 0.00> <nCl=  9> <al=0.33> <DB= 1356.3931> <Mlp= 1360.5000> <PB=1360.5> 
<DWph=1> <it= 18> <et=7.08> <Mt= 0.00> <Spt= 0.01> <nCl=  1> <al=0.23> <DB= 1356.7694> <Mlp= 1360.5000> <PB=1360.5> 
<DWph=1> <it= 19> <et=7.09> <Mt= 0.00> <Spt= 0.00> <nCl=  6> <al=0.00> <DB= 1360.5000> <Mlp= 1360.5000> <PB=1360.5> 
    RCSP exact solver info for graph G_0 : TT = 0.003435, pt = 0.000122, dt = 0.002755, ct = 0.000201, ndl = 1919', bdl = 14378', odl = 3230', odf = 22191', bsi = 1056', cnt = 5809', bdch = 127274', odch = 52326', lcp = 35684', #sols = 150
<DWph=0> <it= 20> <et=7.13> <Mt= 0.00> <Spt= 0.04> <nCl=112> <al=0.20> <DB= 1116.4953> <Mlp= 1360.5000> <PB=1360.5> 
    RCSP exact solver info for graph G_0 : TT = 0.003067, pt = 0.00014, dt = 0.00236, ct = 0.00019, ndl = 2325', bdl = 14628', odl = 3594', odf = 24334', bsi = 1082', cnt = 4577', bdch = 148944', odch = 75166', lcp = 52553', #sols = 150
<DWph=0> <it= 21> <et=7.19> <Mt= 0.01> <Spt= 0.05> <nCl=107> <al=0.10> <DB= 1056.6909> <Mlp= 1360.5000> <PB=1360.5> 
    RCSP exact solver info for graph G_0 : TT = 0.003208, pt = 0.000144, dt = 0.002475, ct = 0.000228, ndl = 2511', bdl = 13643', odl = 3285', odf = 23137', bsi = 1424', cnt = 4335', bdch = 159915', odch = 87217', lcp = 60411', #sols = 150
<DWph=0> <it= 22> <et=7.24> <Mt= 0.02> <Spt= 0.04> <nCl= 83> <al=0.19> <DB= 1313.2773> <Mlp= 1360.5000> <PB=1360.5> 
    RCSP exact solver info for graph G_0 : TT = 0.00303, pt = 0.000144, dt = 0.002283, ct = 0.000222, ndl = 2342', bdl = 13947', odl = 3316', odf = 23099', bsi = 1350', cnt = 5034', bdch = 150079', odch = 78370', lcp = 50978', #sols = 150
<DWph=0> <it= 23> <et=7.27> <Mt= 0.00> <Spt= 0.02> <nCl= 41> <al=0.09> <DB= 1356.0832> <Mlp= 1360.5000> <PB=1360.5> 
    RCSP exact solver info for graph G_0 : TT = 0.002561, pt = 0.000198, dt = 0.001841, ct = 0.000151, ndl = 1670', bdl = 9365', odl = 2955', odf = 20028', bsi = 1029', cnt = 2745', bdch = 91777', odch = 45097', lcp = 31631', #sols = 150
<DWph=0> <it= 24> <et=7.30> <Mt= 0.01> <Spt= 0.03> <nCl= 83> <al=0.00> <DB= 1354.5000> <Mlp= 1360.5000> <PB=1360.5> 
    RCSP exact solver info for graph G_0 : TT = 0.003904, pt = 0.000188, dt = 0.002847, ct = 0.000427, ndl = 2455', bdl = 14353', odl = 3450', odf = 24525', bsi = 1545', cnt = 5556', bdch = 155082', odch = 84328', lcp = 53172', #sols = 150
<DWph=0> <it= 25> <et=7.34> <Mt= 0.00> <Spt= 0.03> <nCl= 56> <al=0.09> <DB= 1357.2021> <Mlp= 1360.5000> <PB=1360.5> 
    RCSP exact solver info for graph G_0 : TT = 0.003329, pt = 0.000158, dt = 0.002503, ct = 0.000223, ndl = 2353', bdl = 13551', odl = 3395', odf = 23969', bsi = 1478', cnt = 4959', bdch = 147973', odch = 77971', lcp = 50768', #sols = 150
    RCSP exact solver info for graph G_0 : TT = 0.002243, pt = 0.00012, dt = 0.001711, ct = 0.000137, ndl = 1596', bdl = 8373', odl = 2742', odf = 18118', bsi = 1041', cnt = 2518', bdch = 83330', odch = 41775', lcp = 29397', #sols = 150
<DWph=0> <it= 26> <et=7.37> <Mt= 0.01> <Spt= 0.03> <nCl= 44> <al=0.00> <DB= 1360.5000> <Mlp= 1360.5000> <PB=1360.5> 
RCSP solver dynamic params and stats :  bidir.bord. = 528.9 aver.obdmd = 15.125 aver.buck.num. = 17.5938 nbR1C = 11 with avMem = 16.9091
@@ 1 7 1360.5 0.00256925 0.003274 59.0949 7.37
ColGenEvalAlg final dual bound: 1360.5 (rounded: 1360.5)
Gap improvement since the last cut separation : 1 (1359.54)
Current active cuts : CAP(4,454.5) R1C(11,110.933) 3rowPackR1C(11)
New model incumbent solution 1360.5, TIME = 0h0m7s39t = 739
************************************************************************************************
Search is finished, global bounds : [ 1360.5 , 1360.5 ], TIME = 0h0m7s39t = 739
************************************************************************************************
[32mBaPCod : solution defined.[00m
statistics_cols: instance & :Optimal & cutoff & :bcRecRootDb & :bcTimeRootEval & :bcCountNodeProc & :bcRecBestDb & :bcRecBestInc & :bcTimeMain \\
statistics: instance_19-triangle & 1 & 1.0e7 & 1360.50 & 7.39 & 1 & 1360.50 & 1360.50 & 7.39 \\
########################################################
Route #1: 4 15 28 30 2 10 19 8 5 13 
Route #2: 6 22 16 9 1 23 27 20 11 3 18 26 14 21 17 
Route #3: 24 25 29 12 7 
Cost 1360.4999999999995
########################################################

end_time=2026-04-20 14:13:37
exit_code=0
