instance_file=/mnt/c/Users/porin/OneDrive/Documentos/Python-Mestrado/Modelagem Matemática/Programação Inteira - Uchoa/Problema VRPRDL/instancias_turco/VRPRDL-triangle/vrptw_convertidos/instance_38-triangle.txt
instance_name=instance_38-triangle
start_time=2026-04-20 14:01:48

  Activating project at `~/VRPSolver/VRPSolverDemos/other/VRPTW`
Application parameters:
  batch  =>  nothing
  update  =>  false
  tikz  =>  nothing
  instance  =>  "/mnt/c/Users/porin/OneDrive/Documentos/Python-Mestrado/Modelagem Matemática/Programação Inteira - Uchoa/Problema VRPRDL/instancias_turco/VRPRDL-triangle/vrptw_convertidos/instance_38-triangle.txt"
  out  =>  nothing
  nosolve  =>  false
  ub  =>  1.0e7
  sol  =>  nothing
  cfg  =>  "/home/poringman/VRPSolver/VRPSolverDemos/other/VRPTW/config/VRPTW_set_2.cfg"
  enable_cap_res  =>  false
~~~~~~~~~~~~~~~~~~~~~~~~~~~~~~~~~~~~~~~~~~~~~~~~~~~~~~~~~~~~~~~~~~~~~~~~~~~~~~~~~~~~~
GIT VERSION RCSP: 
GIT BRANCH: 
~~~~~~~~~~~~~~~~~~~~~~~~~~~~~~~~~~~~~~~~~~~~~~~~~~~~~~~~~~~~~~~~~~~~~~~~~~~~~~~~~~~~~
VRPSolver v0.6.16, 10/11/2025, © Inria Bordeaux, France, vrpsolver.math.u-bordeaux.fr
      Corresponds to the solver by Pessoa, Sadykov, Uchoa and Vanderbeck (2020)
                 Paper: dx.doi.org/10.1007/s10107-020-01523-z
~~~~~~~~~~~~~~~~~~~~~~~~~~~~~~~~~~~~~~~~~~~~~~~~~~~~~~~~~~~~~~~~~~~~~~~~~~~~~~~~~~~~~
GIT VERSION BAPCOD: a7cb21f19424236c9d0da5dcf94961797a519470
GIT BRANCH: main
~~~~~~~~~~~~~~~~~~~~~~~~~~~~~~~~~~~~~~~~~~~~~~~~~~~~~~~~~~~~~~~~~~~~~~~~~~~~~~~~~~~~~
   BaPCod v0.84, 10/11/2025, © Inria Bordeaux, France, bapcod.math.u-bordeaux.fr 
           THIS CODE IS PROVIDED AS IS, USE IT AT YOUR OWN RISK
~~~~~~~~~~~~~~~~~~~~~~~~~~~~~~~~~~~~~~~~~~~~~~~~~~~~~~~~~~~~~~~~~~~~~~~~~~~~~~~~~~~~~
--- MAIN PARAMETERS ---
GlobalTimeLimitInTick = 2147483645
GlobalTimeLimit = 21474836
ClockType = 0
MaxNbOfBBtreeNodeTreated = 100000
optimalityGapTolerance = 1e-06
relOptimalityGapTolerance = 1e-09
ApplyPreprocessing = true
PreprocessVariablesLocalBounds = false
treeSearchStrategy = 1
OpenNodesLimit = 1000
DEFAULTPRINTLEVEL = 0
--- MIP SOLVER PARAMETERS ---
solverName = CPLEX_SOLVER
MipSolverMaxBBNodes = 2000000
MipSolverMaxTime = 360000
MipSolverMultiThread = 1
--- COLUMN GENERATION PARAMETERS ---
SolverSelectForMast = a
  colGenSubProbSolMode = customSolver
mastInitMode = localArtCol
ArtVarPenaltyUpdateFactor = 2
ArtVarMaxNbOfPenaltyUpdates = 5
MaxNbOfStagesInColGenProcedure = 3
GenerateProperColumns = false
InsertAllGeneratedColumnsInFormRatherThanInPool = true
InsertNewNonNegColumnsDirectlyInFormRatherThanInPool = true
ColumnCleanupThreshold = 10000
ColumnCleanupRatio = 0.66
ReducedCostFixingThreshold = 0.9
--- CUT GENERATION PARAMETERS ---
MasterCuttingPlanesDepthLimit = 1000
MaxNbOfCutGeneratedAtEachIter = 1000
CutTailingOffThreshold = 0.015
CutTailingOffCounterThreshold = 3
CutCleanupThreshold = 1
CutCleanupRatio = 0.66
ColGenSpRelaxationImprovementPriority = 2
--- STABILIZATION PARAMETERS ---
colGenDualPriceSmoothingAlphaFactor = 1
colGenDualPriceSmoothingBetaFactor = 0
colGenStabilizationFunctionType = none
colGenProximalStabilizationRule = undefined
StabilFuncKappa = 1
colGenStabilizationMaxTreeDepth = 10000
StabilizationMinPhaseOfStage = 0
--- PRIMAL HEURISTIC PARAMETERS ---
UseInitialPrimalHeur = false
MaxTimeForRestrictedMasterIpHeur = -1
CallFrequencyOfRestrictedMasterIpHeur = 5
MIPemphasisInRestrictedMasterIpHeur = 1
PolishingAfterTimeInRestrictedMasterIpHeur = -1
DivingHeurUseDepthLimit = -1
CallFrequencyOfDivingHeur = 1
LeastFractional
Closest2RoundUp
LeastGreedyCost
LeastCost
FixIntValBeforeRoundingHeur = true
MaxNbOfCgIteDuringRh = 5000
MaxLDSbreadth = 0
MaxLDSdepth = 0
DivingHeurStopsWithFirstFeasSol = false
DivingHeurPreprocessBeforeChoosingVar = false
StrongDivingCandidatesNumber = 1
EvalAlgParamsInDiving = max#cand. = 1 max#cg.iters = 10000 min.lvl.sp.restr. = 1 min#cut.rounds = 0 max#cut.rounds = 0 red.cost.fix&enum. = false tree.size.ratio = 1
LocalSearchHeurUseDepthLimit = -1
LeastFractional
Closest2RoundUp
LeastGreedyCost
LeastCost
MaxFactorOfColFixedByLocalSearchHeur = 0.8
MaxLocalSearchIterationCounter = 3
--- STRONG BRANCHING PARAMETERS ---
SimplifiedStrongBranchingParameterisation = true
StrongBranchingPhaseOneCandidatesNumber = 50
StrongBranchingPhaseOneTreeSizeEstimRatio = 100
StrongBranchingPhaseTwoCandidatesNumber = 3
StrongBranchingPhaseTwoTreeSizeEstimRatio = 100
SafeDualBoundScaleFactor = -1
StrongBranchingPhaseOne = max#cand. = 50 max#cg.iters = 0 min.lvl.sp.restr. = 0 min#cut.rounds = 0 max#cut.rounds = 0 red.cost.fix&enum. = false tree.size.ratio = 100
StrongBranchingPhaseTwo = max#cand. = 3 max#cg.iters = 10000 min.lvl.sp.restr. = 1 min#cut.rounds = 0 max#cut.rounds = 0 red.cost.fix&enum. = false tree.size.ratio = 100
StrongBranchingPhaseThree = max#cand. = 1 max#cg.iters = 10000 min.lvl.sp.restr. = 0 min#cut.rounds = 0 max#cut.rounds = 10000 red.cost.fix&enum. = true tree.size.ratio = 1
StrongBranchingPhaseFour =not active
--- DEBUG OUTPUT PARAMETERS ---
printMasterPrimalSols = 0
--- VRPSOLVER PARAMETERS ---
RCSPstopCutGenTimeThresholdInPricing = 30
RCSPhardTimeThresholdInPricing = 20
RCSPredCostFixingTimeThreshold = 100
RCSPnumberOfBucketsPerVertex = 25
RCSPdynamicBucketSteps = 1
RCSPuseBidirectionalSearch = 1
RCSPapplyReducedCostFixing = 1
RCSPmaxNumOfColsPerIteration = 30
RCSPmaxNumOfColsPerExactIteration = 150
RCSPmaxNumOfLabelsInEnumeration = 1000000
RCSPmaxNumOfLabelsInHeurEnumeration = 0
RCSPmaxNumOfEnumeratedSolutions = 5000000
RCSPmaxNumOfEnumSolutionsForMIP = 10000
RCSPmaxNumOfEnumSolsForEndOfNodeMIP = 10000
RCSPinitNGneighbourhoodSize = 8
RCSPmaxNGneighbourhoodSize = 16
RCSPrankOneCutsMaxNumRows = 5
RCSPrankOneCutsMaxNumPerRound = 100
RCSPrankOneCutsMemoryType = 1
RCSPrankOneCutsLSnumIterations = 1000
RCSPallowRoutesWithSameVerticesSet = true
RCSPredCostFixingFalseGap = 0
SafeDualBoundScaleFactor = -1
RCSPmaxNumOfLabelsInHeurEnumeration = 0
MaxNumEnumSolsInRestrictedMasterIpHeur = 5000

prName & bcTimeMain \\ 
New model incumbent solution 1e+07, TIME = 0h0m0s45t = 45
RCSP solver info : size of non-robust cut bitmask in a label is 640 bits
Bucket steps were recalculated for graph G_0 : [28.8]
RCSP solver info : non-symmetric case as associated vars of the reverse arc of 0->120 are not the same
Bidirectional border value is initialised to 475.6
RCSP solver info : number of forw. reachable buckets / buck. strongly connected components is 1320( 94.964% ) / 384( 29.0909% )
RCSP solver info : number of back. reachable buckets / buck. strongly connected components is 1290( 92.8058% ) / 511( 39.6124% )
RCSP solver info: std. label size is 56, ext. label size is 136
Generating neighbourhoods for rank-1 cuts separation
Building structures for 4- and 5-row rank-1 packing cut separation...done!
Model is built TIME = 0h0m0s54t = 54
************************************************************************************************
**** BaB tree root node
**** Local DB = -1e+12, global bounds : [ -1e+12 , 1e+07 ], TIME = 0h0m0s54t = 54
**** 1 open nodes, 0 columns (0 active), 0 dyn. constrs. (0 active), 242 art. vars. (242 active)
************************************************************************************************
#<DWph=2> <it=  1> <et=0.56> <Mt= 0.00> <Spt= 0.00> <nCl= 30> <al=0.00> <DB=-69119914344.0000> <Mlp=1452000000.0000> <PB=10000000> 
#<DWph=2> <it=  2> <et=0.56> <Mt= 0.00> <Spt= 0.01> <nCl= 30> <al=0.55> <DB=-52965832345.6200> <Mlp=1350000172.4000> <PB=10000000> 
#<DWph=2> <it=  3> <et=0.57> <Mt= 0.00> <Spt= 0.01> <nCl= 30> <al=0.45> <DB=-43615497613.8902> <Mlp=1217739566.4326> <PB=10000000> 
#<DWph=2> <it=  4> <et=0.58> <Mt= 0.00> <Spt= 0.01> <nCl= 30> <al=0.51> <DB=-33246080642.1692> <Mlp=1108000715.9000> <PB=10000000> 
#<DWph=2> <it=  5> <et=0.59> <Mt= 0.00> <Spt= 0.01> <nCl= 30> <al=0.55> <DB=-30802340393.5448> <Mlp=996400927.6600> <PB=10000000> 
#<DWph=2> <it=  6> <et=0.60> <Mt= 0.00> <Spt= 0.01> <nCl= 30> <al=0.60> <DB=-24991033650.1544> <Mlp=831459473.1409> <PB=10000000> 
#<DWph=2> <it=  7> <et=0.61> <Mt= 0.00> <Spt= 0.00> <nCl= 30> <al=0.64> <DB=-21840533566.8622> <Mlp=747731285.5000> <PB=10000000> 
#<DWph=2> <it=  8> <et=0.62> <Mt= 0.00> <Spt= 0.01> <nCl= 30> <al=0.54> <DB=-20375667075.9915> <Mlp=638556102.8032> <PB=10000000> 
#<DWph=2> <it=  9> <et=0.63> <Mt= 0.00> <Spt= 0.01> <nCl= 30> <al=0.59> <DB=-18628418000.7329> <Mlp=593561352.4971> <PB=10000000> 
#<DWph=2> <it= 10> <et=0.64> <Mt= 0.00> <Spt= 0.01> <nCl= 30> <al=0.63> <DB=-17320921660.7403> <Mlp=562872638.4997> <PB=10000000> 
#<DWph=2> <it= 11> <et=0.64> <Mt= 0.00> <Spt= 0.00> <nCl= 30> <al=0.66> <DB=-16437512859.9370> <Mlp=504312063.9546> <PB=10000000> 
#<DWph=2> <it= 12> <et=0.65> <Mt= 0.00> <Spt= 0.01> <nCl= 30> <al=0.70> <DB=-12706423141.2561> <Mlp=439139160.8841> <PB=10000000> 
#<DWph=2> <it= 13> <et=0.66> <Mt= 0.01> <Spt= 0.01> <nCl= 30> <al=0.73> <DB=-12281393446.8606> <Mlp=396573142.2014> <PB=10000000> 
#<DWph=2> <it= 14> <et=0.67> <Mt= 0.00> <Spt= 0.01> <nCl= 30> <al=0.76> <DB=-10791737484.2566> <Mlp=372974563.0042> <PB=10000000> 
#<DWph=2> <it= 15> <et=0.68> <Mt= 0.00> <Spt= 0.00> <nCl= 30> <al=0.78> <DB=-10267714314.3690> <Mlp=351559554.8547> <PB=10000000> 
#<DWph=2> <it= 16> <et=0.69> <Mt= 0.00> <Spt= 0.01> <nCl= 30> <al=0.80> <DB=-8769485153.0478> <Mlp=326146510.2941> <PB=10000000> 
#<DWph=2> <it= 17> <et=0.70> <Mt= 0.00> <Spt= 0.01> <nCl= 30> <al=0.82> <DB=-8363791290.2524> <Mlp=306606670.5207> <PB=10000000> 
#<DWph=2> <it= 18> <et=0.71> <Mt= 0.01> <Spt= 0.01> <nCl= 30> <al=0.72> <DB=-7278128974.5543> <Mlp=287583825.2251> <PB=10000000> 
#<DWph=2> <it= 19> <et=0.72> <Mt= 0.00> <Spt= 0.00> <nCl= 30> <al=0.75> <DB=-7335362471.6914> <Mlp=276603124.5851> <PB=10000000> 
#<DWph=2> <it= 20> <et=0.73> <Mt= 0.00> <Spt= 0.01> <nCl= 30> <al=0.77> <DB=-6419206696.7585> <Mlp=264329945.7758> <PB=10000000> 
#<DWph=2> <it= 21> <et=0.74> <Mt= 0.00> <Spt= 0.01> <nCl= 30> <al=0.80> <DB=-5610437384.6678> <Mlp=253568395.0147> <PB=10000000> 
#<DWph=2> <it= 22> <et=0.75> <Mt= 0.01> <Spt= 0.01> <nCl= 30> <al=0.70> <DB=-5885746506.4542> <Mlp=244172079.9385> <PB=10000000> 
#<DWph=2> <it= 23> <et=0.76> <Mt= 0.00> <Spt= 0.00> <nCl= 30> <al=0.73> <DB=-4561595720.4941> <Mlp=234398306.1398> <PB=10000000> 
#<DWph=2> <it= 24> <et=0.77> <Mt= 0.00> <Spt= 0.01> <nCl= 30> <al=0.63> <DB=-5196483788.8080> <Mlp=224915166.6012> <PB=10000000> 
#<DWph=2> <it= 25> <et=0.78> <Mt= 0.01> <Spt= 0.01> <nCl= 30> <al=0.66> <DB=-4293476365.7504> <Mlp=219195175.5500> <PB=10000000> 
#<DWph=2> <it= 26> <et=0.79> <Mt= 0.00> <Spt= 0.01> <nCl= 30> <al=0.70> <DB=-3613371957.8559> <Mlp=214008036.4073> <PB=10000000> 
#<DWph=2> <it= 27> <et=0.80> <Mt= 0.00> <Spt= 0.00> <nCl= 30> <al=0.60> <DB=-3658869726.0964> <Mlp=210069694.6161> <PB=10000000> 
#<DWph=2> <it= 28> <et=0.81> <Mt= 0.01> <Spt= 0.01> <nCl= 30> <al=0.64> <DB=-3381307108.2514> <Mlp=205621161.1398> <PB=10000000> 
#<DWph=2> <it= 29> <et=0.82> <Mt= 0.00> <Spt= 0.01> <nCl= 30> <al=0.67> <DB=-2747098197.9880> <Mlp=203753710.7559> <PB=10000000> 
#<DWph=2> <it= 30> <et=0.84> <Mt= 0.00> <Spt= 0.00> <nCl= 30> <al=0.71> <DB=-2543213939.8626> <Mlp=200261143.2364> <PB=10000000> 
#<DWph=2> <it= 31> <et=0.85> <Mt= 0.01> <Spt= 0.01> <nCl= 30> <al=0.74> <DB=-2064330266.9037> <Mlp=197670822.5280> <PB=10000000> 
#<DWph=2> <it= 32> <et=0.86> <Mt= 0.00> <Spt= 0.01> <nCl= 30> <al=0.64> <DB=-2317863569.7775> <Mlp=194706962.4878> <PB=10000000> 
#<DWph=2> <it= 33> <et=0.87> <Mt= 0.01> <Spt= 0.00> <nCl= 30> <al=0.67> <DB=-2290198772.4527> <Mlp=189068764.3160> <PB=10000000> 
#<DWph=2> <it= 34> <et=0.88> <Mt= 0.00> <Spt= 0.01> <nCl= 30> <al=0.71> <DB=-1639585704.7894> <Mlp=186248676.5040> <PB=10000000> 
#<DWph=2> <it= 35> <et=0.89> <Mt= 0.01> <Spt= 0.01> <nCl= 30> <al=0.61> <DB=-2098081319.3744> <Mlp=185128914.6587> <PB=10000000> 
#<DWph=2> <it= 36> <et=0.91> <Mt= 0.00> <Spt= 0.01> <nCl= 30> <al=0.64> <DB=-2023178515.3791> <Mlp=177887490.1515> <PB=10000000> 
#<DWph=2> <it= 37> <et=0.92> <Mt= 0.01> <Spt= 0.00> <nCl= 30> <al=0.68> <DB=-1699213302.3092> <Mlp=174528213.9228> <PB=10000000> 
#<DWph=2> <it= 38> <et=0.93> <Mt= 0.00> <Spt= 0.01> <nCl= 30> <al=0.71> <DB=-1517458898.0201> <Mlp=169186595.7826> <PB=10000000> 
#<DWph=2> <it= 39> <et=0.96> <Mt= 0.01> <Spt= 0.02> <nCl= 30> <al=0.00> <DB=167737462.3834> <Mlp=168006542.9773> <PB=10000000> 
#<DWph=2> <it= 40> <et=0.97> <Mt= 0.00> <Spt= 0.01> <nCl= 30> <al=0.64> <DB=167828061.0347> <Mlp=168006405.5753> <PB=10000000> 
#<DWph=2> <it= 41> <et=0.98> <Mt= 0.00> <Spt= 0.00> <nCl= 30> <al=0.54> <DB=167901709.7635> <Mlp=168006371.2284> <PB=10000000> 
#<DWph=2> <it= 42> <et=0.99> <Mt= 0.01> <Spt= 0.01> <nCl= 30> <al=0.44> <DB=167922891.2381> <Mlp=168006113.6831> <PB=10000000> 
#<DWph=2> <it= 43> <et=1.00> <Mt= 0.00> <Spt= 0.01> <nCl= 30> <al=0.50> <DB=167930001.1013> <Mlp=168005997.4273> <PB=10000000> 
#<DWph=2> <it= 44> <et=1.01> <Mt= 0.01> <Spt= 0.00> <nCl= 30> <al=0.55> <DB=167946269.2351> <Mlp=168005892.2875> <PB=10000000> 
#<DWph=2> <it= 45> <et=1.02> <Mt= 0.00> <Spt= 0.01> <nCl= 30> <al=0.59> <DB=167950440.2347> <Mlp=168005652.2751> <PB=10000000> 
#<DWph=2> <it= 46> <et=1.04> <Mt= 0.01> <Spt= 0.01> <nCl= 30> <al=0.63> <DB=167933239.1489> <Mlp=168005339.6916> <PB=10000000> 
#<DWph=2> <it= 47> <et=1.05> <Mt= 0.00> <Spt= 0.00> <nCl= 30> <al=0.67> <DB=167951688.1971> <Mlp=168005339.6916> <PB=10000000> 
#<DWph=2> <it= 48> <et=1.06> <Mt= 0.01> <Spt= 0.01> <nCl= 30> <al=0.70> <DB=167946916.3063> <Mlp=168005217.3984> <PB=10000000> 
#<DWph=2> <it= 49> <et=1.07> <Mt= 0.00> <Spt= 0.01> <nCl= 30> <al=0.73> <DB=167960196.6915> <Mlp=168005156.0175> <PB=10000000> 
#<DWph=2> <it= 50> <et=1.08> <Mt= 0.01> <Spt= 0.01> <nCl= 30> <al=0.76> <DB=167964573.4260> <Mlp=168005090.7466> <PB=10000000> 
#<DWph=2> <it= 51> <et=1.10> <Mt= 0.00> <Spt= 0.00> <nCl= 30> <al=0.78> <DB=167966524.6315> <Mlp=168004957.1306> <PB=10000000> 
#<DWph=2> <it= 52> <et=1.11> <Mt= 0.01> <Spt= 0.01> <nCl= 30> <al=0.81> <DB=167962154.7156> <Mlp=168004858.2975> <PB=10000000> 
#<DWph=2> <it= 53> <et=1.12> <Mt= 0.00> <Spt= 0.01> <nCl= 30> <al=0.82> <DB=167967132.9026> <Mlp=168004805.4891> <PB=10000000> 
#<DWph=2> <it= 54> <et=1.13> <Mt= 0.01> <Spt= 0.01> <nCl= 30> <al=0.72> <DB=167952047.5682> <Mlp=168004753.5342> <PB=10000000> 
#<DWph=2> <it= 55> <et=1.14> <Mt= 0.00> <Spt= 0.00> <nCl= 30> <al=0.75> <DB=167968476.1575> <Mlp=168004704.5907> <PB=10000000> 
#<DWph=2> <it= 56> <et=1.16> <Mt= 0.00> <Spt= 0.01> <nCl= 30> <al=0.78> <DB=167972591.3571> <Mlp=168004604.5450> <PB=10000000> 
#<DWph=2> <it= 57> <et=1.17> <Mt= 0.01> <Spt= 0.01> <nCl= 30> <al=0.80> <DB=167971115.3347> <Mlp=168004470.5351> <PB=10000000> 
#<DWph=2> <it= 58> <et=1.19> <Mt= 0.01> <Spt= 0.01> <nCl= 28> <al=0.82> <DB=167974357.6682> <Mlp=168004367.9477> <PB=10000000> 
#<DWph=2> <it= 59> <et=1.20> <Mt= 0.00> <Spt= 0.00> <nCl= 30> <al=0.72> <DB=167976338.6869> <Mlp=168004295.0796> <PB=10000000> 
#<DWph=2> <it= 60> <et=1.21> <Mt= 0.01> <Spt= 0.01> <nCl= 30> <al=0.75> <DB=167976908.4709> <Mlp=168004224.5520> <PB=10000000> 
#<DWph=2> <it= 61> <et=1.23> <Mt= 0.00> <Spt= 0.01> <nCl= 30> <al=0.77> <DB=167981701.0136> <Mlp=168004166.3414> <PB=10000000> 
#<DWph=2> <it= 62> <et=1.24> <Mt= 0.01> <Spt= 0.01> <nCl= 30> <al=0.80> <DB=167983713.9731> <Mlp=168004120.4253> <PB=10000000> 
#<DWph=2> <it= 63> <et=1.25> <Mt= 0.00> <Spt= 0.01> <nCl= 30> <al=0.70> <DB=167986681.4532> <Mlp=168004105.3135> <PB=10000000> 
#<DWph=2> <it= 64> <et=1.26> <Mt= 0.00> <Spt= 0.01> <nCl= 30> <al=0.73> <DB=167981372.6103> <Mlp=168004087.7855> <PB=10000000> 
#<DWph=2> <it= 65> <et=1.29> <Mt= 0.01> <Spt= 0.01> <nCl= 30> <al=0.75> <DB=167989287.0049> <Mlp=168004059.3418> <PB=10000000> 
#<DWph=2> <it= 66> <et=1.30> <Mt= 0.01> <Spt= 0.01> <nCl= 30> <al=0.65> <DB=167988852.2142> <Mlp=168004049.0811> <PB=10000000> 
#<DWph=2> <it= 67> <et=1.32> <Mt= 0.00> <Spt= 0.02> <nCl= 30> <al=0.69> <DB=167987728.8034> <Mlp=168004032.6179> <PB=10000000> 
#<DWph=2> <it= 68> <et=1.34> <Mt= 0.01> <Spt= 0.00> <nCl= 30> <al=0.72> <DB=167991235.6000> <Mlp=168004002.2376> <PB=10000000> 
#<DWph=2> <it= 69> <et=1.35> <Mt= 0.00> <Spt= 0.01> <nCl= 30> <al=0.62> <DB=167988553.1594> <Mlp=168003996.3447> <PB=10000000> 
#<DWph=2> <it= 70> <et=1.36> <Mt= 0.01> <Spt= 0.01> <nCl= 30> <al=0.52> <DB=167987870.2229> <Mlp=168003981.6403> <PB=10000000> 
#<DWph=2> <it= 71> <et=1.38> <Mt= 0.00> <Spt= 0.01> <nCl= 30> <al=0.57> <DB=167986338.2164> <Mlp=168003969.9581> <PB=10000000> 
#<DWph=2> <it= 72> <et=1.39> <Mt= 0.00> <Spt= 0.01> <nCl= 30> <al=0.61> <DB=167993742.8507> <Mlp=168003969.9581> <PB=10000000> 
#<DWph=2> <it= 73> <et=1.40> <Mt= 0.01> <Spt= 0.01> <nCl= 30> <al=0.65> <DB=167994408.3417> <Mlp=168003946.5817> <PB=10000000> 
#<DWph=2> <it= 74> <et=1.41> <Mt= 0.01> <Spt= 0.00> <nCl= 30> <al=0.68> <DB=167994502.5780> <Mlp=168003925.7981> <PB=10000000> 
#<DWph=2> <it= 75> <et=1.43> <Mt= 0.00> <Spt= 0.01> <nCl= 30> <al=0.58> <DB=167995952.3038> <Mlp=168003918.6018> <PB=10000000> 
#<DWph=2> <it= 76> <et=1.44> <Mt= 0.01> <Spt= 0.01> <nCl= 30> <al=0.63> <DB=167997311.4088> <Mlp=168003900.1468> <PB=10000000> 
#<DWph=2> <it= 77> <et=1.46> <Mt= 0.01> <Spt= 0.01> <nCl= 28> <al=0.66> <DB=167998528.9776> <Mlp=168003873.2103> <PB=10000000> 
#<DWph=2> <it= 78> <et=1.47> <Mt= 0.00> <Spt= 0.00> <nCl= 18> <al=0.70> <DB=167998668.0786> <Mlp=168003857.9697> <PB=10000000> 
#<DWph=2> <it= 79> <et=1.48> <Mt= 0.00> <Spt= 0.01> <nCl= 30> <al=0.73> <DB=167999125.8954> <Mlp=168003843.6610> <PB=10000000> 
#<DWph=2> <it= 80> <et=1.49> <Mt= 0.01> <Spt= 0.01> <nCl= 30> <al=0.75> <DB=167999298.6914> <Mlp=168003827.5076> <PB=10000000> 
#<DWph=2> <it= 81> <et=1.50> <Mt= 0.00> <Spt= 0.01> <nCl= 30> <al=0.78> <DB=167999405.5906> <Mlp=168003819.2958> <PB=10000000> 
#<DWph=2> <it= 82> <et=1.51> <Mt= 0.01> <Spt= 0.00> <nCl= 19> <al=0.80> <DB=167999995.8169> <Mlp=168003812.3476> <PB=10000000> 
#<DWph=2> <it= 83> <et=1.53> <Mt= 0.00> <Spt= 0.01> <nCl= 28> <al=0.70> <DB=167996872.8795> <Mlp=168003804.2181> <PB=10000000> 
#<DWph=2> <it= 84> <et=1.54> <Mt= 0.01> <Spt= 0.01> <nCl= 21> <al=0.73> <DB=167998597.9363> <Mlp=168003794.2452> <PB=10000000> 
#<DWph=2> <it= 85> <et=1.55> <Mt= 0.00> <Spt= 0.01> <nCl= 20> <al=0.63> <DB=167999464.6483> <Mlp=168003789.6227> <PB=10000000> 
#<DWph=2> <it= 86> <et=1.56> <Mt= 0.00> <Spt= 0.00> <nCl= 30> <al=0.53> <DB=167999107.0340> <Mlp=168003783.0209> <PB=10000000> 
#<DWph=2> <it= 87> <et=1.57> <Mt= 0.01> <Spt= 0.01> <nCl= 21> <al=0.58> <DB=168001143.9698> <Mlp=168003779.8388> <PB=10000000> 
#<DWph=2> <it= 88> <et=1.58> <Mt= 0.00> <Spt= 0.01> <nCl= 30> <al=0.62> <DB=168000534.5971> <Mlp=168003778.9676> <PB=10000000> 
#<DWph=2> <it= 89> <et=1.59> <Mt= 0.00> <Spt= 0.00> <nCl= 28> <al=0.66> <DB=168001727.5547> <Mlp=168003775.4991> <PB=10000000> 
#<DWph=2> <it= 90> <et=1.60> <Mt= 0.00> <Spt= 0.01> <nCl= 30> <al=0.69> <DB=168001458.2592> <Mlp=168003771.7835> <PB=10000000> 
#<DWph=2> <it= 91> <et=1.61> <Mt= 0.01> <Spt= 0.01> <nCl= 30> <al=0.72> <DB=167998749.2443> <Mlp=168003766.0698> <PB=10000000> 
#<DWph=2> <it= 92> <et=1.62> <Mt= 0.00> <Spt= 0.01> <nCl= 28> <al=0.75> <DB=168001756.9780> <Mlp=168003758.9038> <PB=10000000> 
#<DWph=2> <it= 93> <et=1.63> <Mt= 0.00> <Spt= 0.00> <nCl= 30> <al=0.78> <DB=168001612.0330> <Mlp=168003755.8455> <PB=10000000> 
#<DWph=2> <it= 94> <et=1.65> <Mt= 0.01> <Spt= 0.01> <nCl= 21> <al=0.80> <DB=168002004.4238> <Mlp=168003752.1611> <PB=10000000> 
#<DWph=2> <it= 95> <et=1.66> <Mt= 0.00> <Spt= 0.01> <nCl=  3> <al=0.82> <DB=168002321.6065> <Mlp=168003750.5989> <PB=10000000> 
#<DWph=2> <it= 96> <et=1.66> <Mt= 0.00> <Spt= 0.01> <nCl= 26> <al=0.72> <DB=168002201.8763> <Mlp=168003750.5989> <PB=10000000> 
#<DWph=2> <it= 97> <et=1.67> <Mt= 0.00> <Spt= 0.00> <nCl= 11> <al=0.75> <DB=168002683.3018> <Mlp=168003748.5258> <PB=10000000> 
#<DWph=2> <it= 98> <et=1.69> <Mt= 0.01> <Spt= 0.01> <nCl= 21> <al=0.65> <DB=168003059.7664> <Mlp=168003748.3261> <PB=10000000> 
#<DWph=2> <it= 99> <et=1.69> <Mt= 0.00> <Spt= 0.01> <nCl= 13> <al=0.55> <DB=168002956.9807> <Mlp=168003747.5173> <PB=10000000> 
#<DWph=2> <it=100> <et=1.70> <Mt= 0.00> <Spt= 0.01> <nCl=  6> <al=0.59> <DB=168003307.9506> <Mlp=168003747.4767> <PB=10000000> 
#<DWph=2> <it=101> <et=1.71> <Mt= 0.00> <Spt= 0.01> <nCl=  7> <al=0.49> <DB=168003075.5256> <Mlp=168003747.3956> <PB=10000000> 
#<DWph=2> <it=102> <et=1.72> <Mt= 0.00> <Spt= 0.00> <nCl=  8> <al=0.54> <DB=168003122.2728> <Mlp=168003747.3433> <PB=10000000> 
#<DWph=2> <it=103> <et=1.73> <Mt= 0.00> <Spt= 0.01> <nCl=  3> <al=0.59> <DB=168003492.6236> <Mlp=168003747.2128> <PB=10000000> 
#<DWph=2> <it=104> <et=1.74> <Mt= 0.00> <Spt= 0.01> <nCl=  2> <al=0.49> <DB=168003622.8635> <Mlp=168003747.2039> <PB=10000000> 
#<DWph=2> <it=105> <et=1.75> <Mt= 0.00> <Spt= 0.00> <nCl=  9> <al=0.39> <DB=168003566.2129> <Mlp=168003747.2039> <PB=10000000> 
#<DWph=2> <it=106> <et=1.76> <Mt= 0.01> <Spt= 0.01> <nCl= 17> <al=0.45> <DB=168003487.9254> <Mlp=168003747.0196> <PB=10000000> 
#<DWph=2> <it=107> <et=1.77> <Mt= 0.00> <Spt= 0.01> <nCl=  3> <al=0.50> <DB=168003680.5065> <Mlp=168003746.9847> <PB=10000000> 
#<DWph=2> <it=108> <et=1.77> <Mt= 0.00> <Spt= 0.01> <nCl=  5> <al=0.40> <DB=168003700.2627> <Mlp=168003746.9847> <PB=10000000> 
#<DWph=2> <it=109> <et=1.78> <Mt= 0.00> <Spt= 0.00> <nCl=  3> <al=0.30> <DB=168003653.0252> <Mlp=168003746.9302> <PB=10000000> 
#<DWph=2> <it=110> <et=1.79> <Mt= 0.00> <Spt= 0.01> <nCl= 16> <al=0.37> <DB=168002871.5742> <Mlp=168003746.8771> <PB=10000000> 
#<DWph=2> <it=111> <et=1.81> <Mt= 0.00> <Spt= 0.02> <nCl= 20> <al=0.00> <DB=168003672.2222> <Mlp=168003746.6313> <PB=10000000> 
#<DWph=2> <it=112> <et=1.81> <Mt= 0.00> <Spt= 0.00> <nCl=  2> <al=0.34> <DB=168003732.4973> <Mlp=168003746.6106> <PB=10000000> 
#<DWph=2> <it=113> <et=1.82> <Mt= 0.00> <Spt= 0.01> <nCl=  1> <al=0.24> <DB=168003735.8957> <Mlp=168003746.6106> <PB=10000000> 
#<DWph=2> <it=114> <et=1.84> <Mt= 0.00> <Spt= 0.01> <nCl=  4> <al=0.00> <DB=168003746.6106> <Mlp=168003746.6106> <PB=10000000> 
 Artificial variables in the solution : decreasing phase of stage 
#<DWph=1> <it=115> <et=1.85> <Mt= 0.00> <Spt= 0.01> <nCl= 30> <al=0.21> <DB=167998923.7547> <Mlp=168003746.6106> <PB=10000000> 
#<DWph=1> <it=116> <et=1.86> <Mt= 0.01> <Spt= 0.01> <nCl= 30> <al=0.29> <DB=168001104.7906> <Mlp=168003743.2836> <PB=10000000> 
#<DWph=1> <it=117> <et=1.87> <Mt= 0.00> <Spt= 0.01> <nCl= 30> <al=0.36> <DB=168002268.1753> <Mlp=168003743.2836> <PB=10000000> 
#<DWph=1> <it=118> <et=1.88> <Mt= 0.00> <Spt= 0.01> <nCl= 30> <al=0.43> <DB=168002419.6970> <Mlp=168003729.1758> <PB=10000000> 
#<DWph=1> <it=119> <et=1.89> <Mt= 0.00> <Spt= 0.01> <nCl= 22> <al=0.48> <DB=168002752.5191> <Mlp=168003726.9085> <PB=10000000> 
#<DWph=1> <it=120> <et=1.91> <Mt= 0.01> <Spt= 0.01> <nCl= 17> <al=0.54> <DB=168003132.5892> <Mlp=168003725.9578> <PB=10000000> 
#<DWph=1> <it=121> <et=1.91> <Mt= 0.00> <Spt= 0.01> <nCl=  9> <al=0.58> <DB=168003380.4230> <Mlp=168003725.1953> <PB=10000000> 
#<DWph=1> <it=122> <et=1.92> <Mt= 0.00> <Spt= 0.00> <nCl= 11> <al=0.48> <DB=168003440.4681> <Mlp=168003725.1800> <PB=10000000> 
#<DWph=1> <it=123> <et=1.94> <Mt= 0.00> <Spt= 0.01> <nCl= 21> <al=0.53> <DB=168003453.1069> <Mlp=168003725.1132> <PB=10000000> 
#<DWph=1> <it=124> <et=1.95> <Mt= 0.00> <Spt= 0.01> <nCl= 13> <al=0.58> <DB=168003500.3944> <Mlp=168003724.8878> <PB=10000000> 
#<DWph=1> <it=125> <et=1.95> <Mt= 0.00> <Spt= 0.01> <nCl=  3> <al=0.62> <DB=168003585.1158> <Mlp=168003724.6586> <PB=10000000> 
#<DWph=1> <it=126> <et=1.96> <Mt= 0.00> <Spt= 0.01> <nCl=  6> <al=0.52> <DB=168003651.7859> <Mlp=168003724.6586> <PB=10000000> 
#<DWph=1> <it=127> <et=1.97> <Mt= 0.01> <Spt= 0.01> <nCl= 10> <al=0.42> <DB=168003693.8899> <Mlp=168003724.6586> <PB=10000000> 
#<DWph=1> <it=128> <et=1.98> <Mt= 0.00> <Spt= 0.01> <nCl=  4> <al=0.32> <DB=168003710.7037> <Mlp=168003724.6440> <PB=10000000> 
#<DWph=1> <it=129> <et=2.00> <Mt= 0.00> <Spt= 0.01> <nCl=  8> <al=0.00> <DB=168003724.6077> <Mlp=168003724.6077> <PB=10000000> 
 Artificial variables in the solution : decreasing phase of stage 
#    RCSP exact solver info for graph G_0 : TT = 0.008493, pt = 4.8e-05, dt = 0.006759, ct = 0.000688, ndl = 2996', bdl = 45451', odl = 5391', odf = 29566', bsi = 1487', cnt = 1070', bdch = 188586', odch = 33086', lcp = 49942', #sols = 150
<DWph=0> <it=130> <et=2.02> <Mt= 0.00> <Spt= 0.02> <nCl=150> <al=0.12> <DB=167999976.6778> <Mlp=168003724.6077> <PB=10000000> 
RCSP solver dynamic params and stats :  bidir.bord. = 475.6 aver.obdmd = 9.60656 aver.buck.num. = 11.3934
@@ 1 0 1.68e+08 0.007447 0.007447 51.1513 2.02
ColGenEvalAlg final dual bound: 1.68e+08 (rounded: 1.68e+08)
************************************************************************************************
Search is finished, global bounds : [ 1e+07 , 1e+07 ], TIME = 0h0m2s3t = 203
************************************************************************************************
statistics_cols: instance & :Optimal & cutoff & :bcRecRootDb & :bcTimeRootEval & :bcCountNodeProc & :bcRecBestDb & :bcRecBestInc & :bcTimeMain \\
statistics: instance_38-triangle & 1 & 1.0e7 & 167999976.68 & 2.03 & 1 & 10000000.00 & -- & 2.03 \\
########################################################
Problem infeasible
########################################################

end_time=2026-04-20 14:01:58
exit_code=0
