instance_file=/mnt/c/Users/porin/OneDrive/Documentos/Python-Mestrado/Modelagem Matemática/Programação Inteira - Uchoa/Problema VRPRDL/instancias_turco/VRPRDL-triangle/vrptw_convertidos/instance_29-triangle.txt
instance_name=instance_29-triangle
start_time=2026-04-20 14:16:09

  Activating project at `~/VRPSolver/VRPSolverDemos/other/VRPTW`
Application parameters:
  batch  =>  nothing
  update  =>  false
  tikz  =>  nothing
  instance  =>  "/mnt/c/Users/porin/OneDrive/Documentos/Python-Mestrado/Modelagem Matemática/Programação Inteira - Uchoa/Problema VRPRDL/instancias_turco/VRPRDL-triangle/vrptw_convertidos/instance_29-triangle.txt"
  out  =>  nothing
  nosolve  =>  false
  ub  =>  1.0e7
  sol  =>  nothing
  cfg  =>  "/home/poringman/VRPSolver/VRPSolverDemos/other/VRPTW/config/VRPTW_set_2.cfg"
  enable_cap_res  =>  false
~~~~~~~~~~~~~~~~~~~~~~~~~~~~~~~~~~~~~~~~~~~~~~~~~~~~~~~~~~~~~~~~~~~~~~~~~~~~~~~~~~~~~
GIT VERSION RCSP: 
GIT BRANCH: 
~~~~~~~~~~~~~~~~~~~~~~~~~~~~~~~~~~~~~~~~~~~~~~~~~~~~~~~~~~~~~~~~~~~~~~~~~~~~~~~~~~~~~
VRPSolver v0.6.16, 10/11/2025, © Inria Bordeaux, France, vrpsolver.math.u-bordeaux.fr
      Corresponds to the solver by Pessoa, Sadykov, Uchoa and Vanderbeck (2020)
                 Paper: dx.doi.org/10.1007/s10107-020-01523-z
~~~~~~~~~~~~~~~~~~~~~~~~~~~~~~~~~~~~~~~~~~~~~~~~~~~~~~~~~~~~~~~~~~~~~~~~~~~~~~~~~~~~~
GIT VERSION BAPCOD: a7cb21f19424236c9d0da5dcf94961797a519470
GIT BRANCH: main
~~~~~~~~~~~~~~~~~~~~~~~~~~~~~~~~~~~~~~~~~~~~~~~~~~~~~~~~~~~~~~~~~~~~~~~~~~~~~~~~~~~~~
   BaPCod v0.84, 10/11/2025, © Inria Bordeaux, France, bapcod.math.u-bordeaux.fr 
           THIS CODE IS PROVIDED AS IS, USE IT AT YOUR OWN RISK
~~~~~~~~~~~~~~~~~~~~~~~~~~~~~~~~~~~~~~~~~~~~~~~~~~~~~~~~~~~~~~~~~~~~~~~~~~~~~~~~~~~~~
--- MAIN PARAMETERS ---
GlobalTimeLimitInTick = 2147483645
GlobalTimeLimit = 21474836
ClockType = 0
MaxNbOfBBtreeNodeTreated = 100000
optimalityGapTolerance = 1e-06
relOptimalityGapTolerance = 1e-09
ApplyPreprocessing = true
PreprocessVariablesLocalBounds = false
treeSearchStrategy = 1
OpenNodesLimit = 1000
DEFAULTPRINTLEVEL = 0
--- MIP SOLVER PARAMETERS ---
solverName = CPLEX_SOLVER
MipSolverMaxBBNodes = 2000000
MipSolverMaxTime = 360000
MipSolverMultiThread = 1
--- COLUMN GENERATION PARAMETERS ---
SolverSelectForMast = a
  colGenSubProbSolMode = customSolver
mastInitMode = localArtCol
ArtVarPenaltyUpdateFactor = 2
ArtVarMaxNbOfPenaltyUpdates = 5
MaxNbOfStagesInColGenProcedure = 3
GenerateProperColumns = false
InsertAllGeneratedColumnsInFormRatherThanInPool = true
InsertNewNonNegColumnsDirectlyInFormRatherThanInPool = true
ColumnCleanupThreshold = 10000
ColumnCleanupRatio = 0.66
ReducedCostFixingThreshold = 0.9
--- CUT GENERATION PARAMETERS ---
MasterCuttingPlanesDepthLimit = 1000
MaxNbOfCutGeneratedAtEachIter = 1000
CutTailingOffThreshold = 0.015
CutTailingOffCounterThreshold = 3
CutCleanupThreshold = 1
CutCleanupRatio = 0.66
ColGenSpRelaxationImprovementPriority = 2
--- STABILIZATION PARAMETERS ---
colGenDualPriceSmoothingAlphaFactor = 1
colGenDualPriceSmoothingBetaFactor = 0
colGenStabilizationFunctionType = none
colGenProximalStabilizationRule = undefined
StabilFuncKappa = 1
colGenStabilizationMaxTreeDepth = 10000
StabilizationMinPhaseOfStage = 0
--- PRIMAL HEURISTIC PARAMETERS ---
UseInitialPrimalHeur = false
MaxTimeForRestrictedMasterIpHeur = -1
CallFrequencyOfRestrictedMasterIpHeur = 5
MIPemphasisInRestrictedMasterIpHeur = 1
PolishingAfterTimeInRestrictedMasterIpHeur = -1
DivingHeurUseDepthLimit = -1
CallFrequencyOfDivingHeur = 1
LeastFractional
Closest2RoundUp
LeastGreedyCost
LeastCost
FixIntValBeforeRoundingHeur = true
MaxNbOfCgIteDuringRh = 5000
MaxLDSbreadth = 0
MaxLDSdepth = 0
DivingHeurStopsWithFirstFeasSol = false
DivingHeurPreprocessBeforeChoosingVar = false
StrongDivingCandidatesNumber = 1
EvalAlgParamsInDiving = max#cand. = 1 max#cg.iters = 10000 min.lvl.sp.restr. = 1 min#cut.rounds = 0 max#cut.rounds = 0 red.cost.fix&enum. = false tree.size.ratio = 1
LocalSearchHeurUseDepthLimit = -1
LeastFractional
Closest2RoundUp
LeastGreedyCost
LeastCost
MaxFactorOfColFixedByLocalSearchHeur = 0.8
MaxLocalSearchIterationCounter = 3
--- STRONG BRANCHING PARAMETERS ---
SimplifiedStrongBranchingParameterisation = true
StrongBranchingPhaseOneCandidatesNumber = 50
StrongBranchingPhaseOneTreeSizeEstimRatio = 100
StrongBranchingPhaseTwoCandidatesNumber = 3
StrongBranchingPhaseTwoTreeSizeEstimRatio = 100
SafeDualBoundScaleFactor = -1
StrongBranchingPhaseOne = max#cand. = 50 max#cg.iters = 0 min.lvl.sp.restr. = 0 min#cut.rounds = 0 max#cut.rounds = 0 red.cost.fix&enum. = false tree.size.ratio = 100
StrongBranchingPhaseTwo = max#cand. = 3 max#cg.iters = 10000 min.lvl.sp.restr. = 1 min#cut.rounds = 0 max#cut.rounds = 0 red.cost.fix&enum. = false tree.size.ratio = 100
StrongBranchingPhaseThree = max#cand. = 1 max#cg.iters = 10000 min.lvl.sp.restr. = 0 min#cut.rounds = 0 max#cut.rounds = 10000 red.cost.fix&enum. = true tree.size.ratio = 1
StrongBranchingPhaseFour =not active
--- DEBUG OUTPUT PARAMETERS ---
printMasterPrimalSols = 0
--- VRPSOLVER PARAMETERS ---
RCSPstopCutGenTimeThresholdInPricing = 30
RCSPhardTimeThresholdInPricing = 20
RCSPredCostFixingTimeThreshold = 100
RCSPnumberOfBucketsPerVertex = 25
RCSPdynamicBucketSteps = 1
RCSPuseBidirectionalSearch = 1
RCSPapplyReducedCostFixing = 1
RCSPmaxNumOfColsPerIteration = 30
RCSPmaxNumOfColsPerExactIteration = 150
RCSPmaxNumOfLabelsInEnumeration = 1000000
RCSPmaxNumOfLabelsInHeurEnumeration = 0
RCSPmaxNumOfEnumeratedSolutions = 5000000
RCSPmaxNumOfEnumSolutionsForMIP = 10000
RCSPmaxNumOfEnumSolsForEndOfNodeMIP = 10000
RCSPinitNGneighbourhoodSize = 8
RCSPmaxNGneighbourhoodSize = 16
RCSPrankOneCutsMaxNumRows = 5
RCSPrankOneCutsMaxNumPerRound = 100
RCSPrankOneCutsMemoryType = 1
RCSPrankOneCutsLSnumIterations = 1000
RCSPallowRoutesWithSameVerticesSet = true
RCSPredCostFixingFalseGap = 0
SafeDualBoundScaleFactor = -1
RCSPmaxNumOfLabelsInHeurEnumeration = 0
MaxNumEnumSolsInRestrictedMasterIpHeur = 5000

prName & bcTimeMain \\ 
New model incumbent solution 1e+07, TIME = 0h0m0s55t = 55
RCSP solver info : size of non-robust cut bitmask in a label is 640 bits
Bucket steps were recalculated for graph G_0 : [28.8]
RCSP solver info : non-symmetric case as associated vars of the reverse arc of 0->60 are not the same
Bidirectional border value is initialised to 437
RCSP solver info : number of forw. reachable buckets / buck. strongly connected components is 646( 92.2857% ) / 431( 66.7183% )
RCSP solver info : number of back. reachable buckets / buck. strongly connected components is 625( 89.2857% ) / 445( 71.2% )
RCSP solver info: std. label size is 56, ext. label size is 136
Generating neighbourhoods for rank-1 cuts separation
Building structures for 4- and 5-row rank-1 packing cut separation...done!
Model is built TIME = 0h0m0s57t = 57
************************************************************************************************
**** BaB tree root node
**** Local DB = -1e+12, global bounds : [ -1e+12 , 1e+07 ], TIME = 0h0m0s57t = 57
**** 1 open nodes, 0 columns (0 active), 0 dyn. constrs. (0 active), 122 art. vars. (122 active)
************************************************************************************************
#<DWph=2> <it=  1> <et=0.57> <Mt= 0.00> <Spt= 0.00> <nCl= 30> <al=0.00> <DB=-17999957748.0000> <Mlp=732000000.0000> <PB=10000000> 
#<DWph=2> <it=  2> <et=0.58> <Mt= 0.00> <Spt= 0.00> <nCl= 30> <al=0.55> <DB=-12908023364.6914> <Mlp=618857438.9714> <PB=10000000> 
#<DWph=2> <it=  3> <et=0.58> <Mt= 0.00> <Spt= 0.00> <nCl= 30> <al=0.45> <DB=-10081440500.7376> <Mlp=456000694.0000> <PB=10000000> 
#<DWph=2> <it=  4> <et=0.58> <Mt= 0.00> <Spt= 0.00> <nCl= 30> <al=0.51> <DB=-7198310572.6195> <Mlp=315001700.2800> <PB=10000000> 
#<DWph=2> <it=  5> <et=0.58> <Mt= 0.00> <Spt= 0.00> <nCl= 30> <al=0.55> <DB=-5864881206.1950> <Mlp=245888943.3887> <PB=10000000> 
#<DWph=2> <it=  6> <et=0.59> <Mt= 0.00> <Spt= 0.01> <nCl= 30> <al=0.45> <DB=-5670469486.7540> <Mlp=153449582.6234> <PB=10000000> 
#<DWph=2> <it=  7> <et=0.59> <Mt= 0.00> <Spt= 0.00> <nCl= 30> <al=0.51> <DB=-4988668819.6602> <Mlp=109614855.3751> <PB=10000000> 
#<DWph=2> <it=  8> <et=0.59> <Mt= 0.00> <Spt= 0.00> <nCl= 30> <al=0.56> <DB=-4842101875.5493> <Mlp=71103313.2313> <PB=10000000> 
#<DWph=2> <it=  9> <et=0.59> <Mt= 0.00> <Spt= 0.00> <nCl= 30> <al=0.60> <DB=-3933408227.7400> <Mlp=55175251.9559> <PB=10000000> 
#<DWph=2> <it= 10> <et=0.60> <Mt= 0.00> <Spt= 0.00> <nCl= 30> <al=0.64> <DB=-3374795341.0007> <Mlp=41365168.7544> <PB=10000000> 
#<DWph=2> <it= 11> <et=0.60> <Mt= 0.00> <Spt= 0.01> <nCl= 30> <al=0.68> <DB=-2999354279.3417> <Mlp=27877671.2778> <PB=10000000> 
#<DWph=2> <it= 12> <et=0.60> <Mt= 0.00> <Spt= 0.00> <nCl= 30> <al=0.71> <DB=-2456027445.9139> <Mlp=13471729.3918> <PB=10000000> 
#<DWph=2> <it= 13> <et=0.60> <Mt= 0.00> <Spt= 0.00> <nCl= 30> <al=0.61> <DB=-2196312954.0382> <Mlp=7678019.8020> <PB=10000000> 
#<DWph=2> <it= 14> <et=0.61> <Mt= 0.00> <Spt= 0.00> <nCl= 30> <al=0.65> <DB=-1938026140.3026> <Mlp=1144703.3394> <PB=10000000> 
<DWph=2> <it= 15> <et=0.61> <Mt= 0.00> <Spt= 0.00> <nCl= 30> <al=0.55> <DB=-1764865662.0963> <Mlp= 3849.0553> <PB=10000000> 
<DWph=2> <it= 16> <et=0.61> <Mt= 0.00> <Spt= 0.01> <nCl= 30> <al=0.00> <DB=-42073.4556> <Mlp= 3840.3449> <PB=10000000> 
<DWph=2> <it= 17> <et=0.62> <Mt= 0.01> <Spt= 0.00> <nCl= 30> <al=0.49> <DB=-32189.1355> <Mlp= 3748.4563> <PB=10000000> 
<DWph=2> <it= 18> <et=0.62> <Mt= 0.00> <Spt= 0.00> <nCl= 30> <al=0.39> <DB=-22511.3928> <Mlp= 3680.8934> <PB=10000000> 
<DWph=2> <it= 19> <et=0.62> <Mt= 0.00> <Spt= 0.00> <nCl= 30> <al=0.45> <DB=-15199.2365> <Mlp= 3659.8227> <PB=10000000> 
<DWph=2> <it= 20> <et=0.63> <Mt= 0.00> <Spt= 0.01> <nCl= 30> <al=0.51> <DB=-11626.5714> <Mlp= 3574.7903> <PB=10000000> 
<DWph=2> <it= 21> <et=0.63> <Mt= 0.00> <Spt= 0.00> <nCl= 30> <al=0.56> <DB=-13176.4288> <Mlp= 3446.6828> <PB=10000000> 
<DWph=2> <it= 22> <et=0.63> <Mt= 0.00> <Spt= 0.00> <nCl= 30> <al=0.60> <DB=-8307.8727> <Mlp= 3382.1510> <PB=10000000> 
<DWph=2> <it= 23> <et=0.64> <Mt= 0.00> <Spt= 0.00> <nCl= 30> <al=0.64> <DB=-6824.9011> <Mlp= 3308.0593> <PB=10000000> 
<DWph=2> <it= 24> <et=0.64> <Mt= 0.00> <Spt= 0.00> <nCl= 30> <al=0.68> <DB=-6786.3907> <Mlp= 3212.6825> <PB=10000000> 
<DWph=2> <it= 25> <et=0.64> <Mt= 0.01> <Spt= 0.00> <nCl= 30> <al=0.71> <DB=-8025.5687> <Mlp= 3187.6941> <PB=10000000> 
<DWph=2> <it= 26> <et=0.65> <Mt= 0.00> <Spt= 0.01> <nCl= 29> <al=0.74> <DB=-4710.8349> <Mlp= 3156.3246> <PB=10000000> 
<DWph=2> <it= 27> <et=0.65> <Mt= 0.00> <Spt= 0.00> <nCl= 30> <al=0.64> <DB=-3370.8826> <Mlp= 3131.7416> <PB=10000000> 
<DWph=2> <it= 28> <et=0.65> <Mt= 0.00> <Spt= 0.00> <nCl= 30> <al=0.54> <DB=-3557.0812> <Mlp= 3117.3460> <PB=10000000> 
<DWph=2> <it= 29> <et=0.66> <Mt= 0.00> <Spt= 0.00> <nCl= 30> <al=0.59> <DB=-3894.4356> <Mlp= 3086.3246> <PB=10000000> 
<DWph=2> <it= 30> <et=0.66> <Mt= 0.00> <Spt= 0.00> <nCl= 30> <al=0.63> <DB=-1398.9912> <Mlp= 3052.5044> <PB=10000000> 
<DWph=2> <it= 31> <et=0.66> <Mt= 0.00> <Spt= 0.01> <nCl= 30> <al=0.53> <DB= -556.6360> <Mlp= 3038.2628> <PB=10000000> 
<DWph=2> <it= 32> <et=0.66> <Mt= 0.00> <Spt= 0.00> <nCl= 30> <al=0.43> <DB= -539.3635> <Mlp= 3022.9234> <PB=10000000> 
<DWph=2> <it= 33> <et=0.67> <Mt= 0.00> <Spt= 0.00> <nCl= 30> <al=0.48> <DB= -279.8392> <Mlp= 3007.9130> <PB=10000000> 
<DWph=2> <it= 34> <et=0.67> <Mt= 0.00> <Spt= 0.00> <nCl= 29> <al=0.54> <DB=-2950.3467> <Mlp= 2995.6340> <PB=10000000> 
<DWph=2> <it= 35> <et=0.67> <Mt= 0.01> <Spt= 0.00> <nCl= 30> <al=0.44> <DB=  126.5924> <Mlp= 2955.2234> <PB=10000000> 
<DWph=2> <it= 36> <et=0.68> <Mt= 0.00> <Spt= 0.01> <nCl= 30> <al=0.49> <DB= -358.9817> <Mlp= 2945.3527> <PB=10000000> 
<DWph=2> <it= 37> <et=0.68> <Mt= 0.00> <Spt= 0.00> <nCl= 28> <al=0.54> <DB=  458.3616> <Mlp= 2925.8491> <PB=10000000> 
<DWph=2> <it= 38> <et=0.68> <Mt= 0.00> <Spt= 0.00> <nCl= 26> <al=0.44> <DB=  758.8840> <Mlp= 2920.8135> <PB=10000000> 
<DWph=2> <it= 39> <et=0.69> <Mt= 0.00> <Spt= 0.00> <nCl= 28> <al=0.50> <DB= 1064.0237> <Mlp= 2907.1186> <PB=10000000> 
<DWph=2> <it= 40> <et=0.69> <Mt= 0.00> <Spt= 0.00> <nCl= 26> <al=0.55> <DB= 1516.3913> <Mlp= 2898.9057> <PB=10000000> 
<DWph=2> <it= 41> <et=0.69> <Mt= 0.00> <Spt= 0.00> <nCl= 27> <al=0.45> <DB= 1646.5411> <Mlp= 2895.7088> <PB=10000000> 
<DWph=2> <it= 42> <et=0.69> <Mt= 0.00> <Spt= 0.01> <nCl= 26> <al=0.50> <DB= 1648.0204> <Mlp= 2894.3875> <PB=10000000> 
<DWph=2> <it= 43> <et=0.70> <Mt= 0.00> <Spt= 0.00> <nCl= 16> <al=0.55> <DB= 2007.2643> <Mlp= 2894.2603> <PB=10000000> 
<DWph=2> <it= 44> <et=0.70> <Mt= 0.00> <Spt= 0.00> <nCl=  5> <al=0.45> <DB= 2649.0727> <Mlp= 2893.2860> <PB=10000000> 
<DWph=2> <it= 45> <et=0.70> <Mt= 0.01> <Spt= 0.00> <nCl=  3> <al=0.51> <DB= 2724.7952> <Mlp= 2892.6375> <PB=10000000> 
<DWph=2> <it= 46> <et=0.70> <Mt= 0.00> <Spt= 0.00> <nCl= 12> <al=0.41> <DB= 2692.9044> <Mlp= 2892.3250> <PB=10000000> 
<DWph=2> <it= 47> <et=0.70> <Mt= 0.00> <Spt= 0.00> <nCl=  5> <al=0.47> <DB= 2814.0110> <Mlp= 2892.2813> <PB=10000000> 
<DWph=2> <it= 48> <et=0.71> <Mt= 0.00> <Spt= 0.00> <nCl= 13> <al=0.37> <DB= 2830.4688> <Mlp= 2892.1687> <PB=10000000> 
<DWph=2> <it= 49> <et=0.71> <Mt= 0.00> <Spt= 0.01> <nCl= 10> <al=0.27> <DB= 2875.3314> <Mlp= 2891.7000> <PB=10000000> 
<DWph=2> <it= 50> <et=0.71> <Mt= 0.00> <Spt= 0.00> <nCl= 17> <al=0.00> <DB= 2369.5182> <Mlp= 2891.7000> <PB=10000000> 
<DWph=2> <it= 51> <et=0.72> <Mt= 0.00> <Spt= 0.00> <nCl=  5> <al=0.07> <DB= 2343.6532> <Mlp= 2891.7000> <PB=10000000> 
<DWph=2> <it= 52> <et=0.72> <Mt= 0.00> <Spt= 0.00> <nCl=  1> <al=0.16> <DB= 2630.5111> <Mlp= 2890.5750> <PB=10000000> 
<DWph=2> <it= 53> <et=0.72> <Mt= 0.00> <Spt= 0.00> <nCl=  0> <al=0.06> <DB= 2630.5111> <Mlp= 2888.6500> <PB=10000000> 
<DWph=1> <it= 54> <et=0.72> <Mt= 0.00> <Spt= 0.00> <nCl= 30> <al=0.06> <DB= -571.2413> <Mlp= 2888.6500> <PB=10000000> 
<DWph=1> <it= 55> <et=0.72> <Mt= 0.00> <Spt= 0.01> <nCl= 30> <al=0.15> <DB= 1833.6419> <Mlp= 2873.3750> <PB=10000000> 
<DWph=1> <it= 56> <et=0.73> <Mt= 0.00> <Spt= 0.00> <nCl= 30> <al=0.05> <DB= 1845.6935> <Mlp= 2872.4875> <PB=10000000> 
<DWph=1> <it= 57> <et=0.73> <Mt= 0.00> <Spt= 0.00> <nCl= 29> <al=0.15> <DB= 2248.7261> <Mlp= 2870.5250> <PB=10000000> 
<DWph=1> <it= 58> <et=0.73> <Mt= 0.00> <Spt= 0.00> <nCl= 19> <al=0.23> <DB= 1651.4160> <Mlp= 2867.6000> <PB=10000000> 
<DWph=1> <it= 59> <et=0.73> <Mt= 0.00> <Spt= 0.00> <nCl=  8> <al=0.31> <DB= 2586.8130> <Mlp= 2867.6000> <PB=10000000> 
<DWph=1> <it= 60> <et=0.74> <Mt= 0.00> <Spt= 0.01> <nCl=  5> <al=0.38> <DB= 2790.9146> <Mlp= 2867.6000> <PB=10000000> 
<DWph=1> <it= 61> <et=0.74> <Mt= 0.01> <Spt= 0.00> <nCl= 16> <al=0.44> <DB= 2740.6378> <Mlp= 2867.6000> <PB=10000000> 
<DWph=1> <it= 62> <et=0.74> <Mt= 0.00> <Spt= 0.00> <nCl= 17> <al=0.00> <DB= 2846.6000> <Mlp= 2867.6000> <PB=10000000> 
<DWph=1> <it= 63> <et=0.74> <Mt= 0.00> <Spt= 0.00> <nCl=  4> <al=0.24> <DB= 2830.6759> <Mlp= 2867.6000> <PB=10000000> 
<DWph=1> <it= 64> <et=0.75> <Mt= 0.00> <Spt= 0.01> <nCl=  4> <al=0.00> <DB= 2867.6000> <Mlp= 2867.6000> <PB=10000000> 
    RCSP exact solver info for graph G_0 : TT = 0.001767, pt = 2.4e-05, dt = 0.001203, ct = 0.000195, ndl = 833', bdl = 3906', odl = 1645', odf = 9103', bsi = 1036', cnt = 1049', bdch = 18126', odch = 6340', lcp = 4855', #sols = 150
<DWph=0> <it= 65> <et=0.75> <Mt= 0.00> <Spt= 0.00> <nCl= 99> <al=0.22> <DB= 1865.6000> <Mlp= 2867.6000> <PB=10000000> 
    RCSP exact solver info for graph G_0 : TT = 0.001786, pt = 3.3e-05, dt = 0.001152, ct = 0.000191, ndl = 999', bdl = 5398', odl = 1902', odf = 10556', bsi = 991', cnt = 863', bdch = 25671', odch = 8904', lcp = 7169', #sols = 150
<DWph=0> <it= 66> <et=0.76> <Mt= 0.00> <Spt= 0.01> <nCl= 78> <al=0.30> <DB= 2343.0572> <Mlp= 2867.6000> <PB=10000000> 
    RCSP exact solver info for graph G_0 : TT = 0.001631, pt = 2.2e-05, dt = 0.001157, ct = 0.000187, ndl = 952', bdl = 5290', odl = 1811', odf = 9699', bsi = 936', cnt = 826', bdch = 23149', odch = 7985', lcp = 6134', #sols = 150
<DWph=0> <it= 67> <et=0.76> <Mt= 0.00> <Spt= 0.00> <nCl= 45> <al=0.20> <DB= 2702.5144> <Mlp= 2867.6000> <PB=10000000> 
    RCSP exact solver info for graph G_0 : TT = 0.001605, pt = 2.1e-05, dt = 0.001085, ct = 0.000184, ndl = 955', bdl = 5441', odl = 1859', odf = 9929', bsi = 940', cnt = 815', bdch = 24146', odch = 8189', lcp = 6431', #sols = 150
<DWph=0> <it= 68> <et=0.77> <Mt= 0.00> <Spt= 0.00> <nCl= 10> <al=0.28> <DB= 2638.2313> <Mlp= 2867.6000> <PB=10000000> 
    RCSP exact solver info for graph G_0 : TT = 0.00208, pt = 2.7e-05, dt = 0.001323, ct = 0.000312, ndl = 914', bdl = 5109', odl = 1773', odf = 9330', bsi = 932', cnt = 831', bdch = 22149', odch = 7787', lcp = 5741', #sols = 150
<DWph=0> <it= 69> <et=0.77> <Mt= 0.00> <Spt= 0.01> <nCl= 15> <al=0.35> <DB= 2769.2652> <Mlp= 2867.6000> <PB=10000000> 
    RCSP exact solver info for graph G_0 : TT = 0.002322, pt = 2.8e-05, dt = 0.001627, ct = 0.000179, ndl = 913', bdl = 5116', odl = 1776', odf = 9410', bsi = 925', cnt = 822', bdch = 22170', odch = 7655', lcp = 5700', #sols = 150
    RCSP exact solver info for graph G_0 : TT = 0.001529, pt = 2.6e-05, dt = 0.001079, ct = 0.000163, ndl = 814', bdl = 4572', odl = 1668', odf = 9001', bsi = 895', cnt = 780', bdch = 18872', odch = 6234', lcp = 4551', #sols = 150
<DWph=0> <it= 70> <et=0.78> <Mt= 0.00> <Spt= 0.00> <nCl= 34> <al=0.00> <DB= 2867.6000> <Mlp= 2867.6000> <PB=10000000> 
RCSP solver dynamic params and stats :  bidir.bord. = 464.6 aver.obdmd = 9.09677 aver.buck.num. = 11.2903
@@ 1 0 2867.6 0.00143386 0.001806 49.8346 0.78
RCSP      solver labels distribution in 243 buckets (bucket size) : largest - 18, top 0.1% - 18, top 0.5% - 14, top 2% - 11, top 10% - 7, top 50% - 2
Reduced cost fixing for graph G_0...  TT = 0.003556, pt = 0.000332, dt = 0.003084, ct = 0, ndl = 2107', bdl = 38188', odl = 3475', odf = 17170', lpcb = 8436', cnt = 43487', bdch = 127060', odch = 21668', lcp = 22825'
16414 buck. arcs remain (81.5% from prev., 44.1% from max.) + 974 jump buck. arcs (2.62% from max.)
Backward reduced cost fixing... 13633 buck. arcs remain (83.6% from prev., 37.9% from max.) + 1562 jump buck. arcs (4.35% from max.)
 TT = 0.014425, pt = 0.000332, dt = 0.003084, ct = 0.010771, ndl = 2107', bdl = 38188', odl = 3475', odf = 17170', lpcb = 8436', cnt = 70434', bdch = 127060', odch = 21668', lcp = 22825'
RCSP      solver labels distribution in 551 buckets (bucket size) : largest - 38, top 0.1% - 38, top 0.5% - 28, top 2% - 14, top 10% - 8, top 50% - 3
Run forward enumeration with border = 464.6... not succeeded (ratio 0.700164) lpt = 2.30761, ndl = 460002', dl = 1458291', lpcb = 201768', dch = 82569567'
 TT = 2.32857, pt = 0.016938, dt = 2.30761, ct = 0, ndl = 460002', bdl = 1458291', lpcb = 201768', cnt = 7658583', bdch = 82569567', odch = 0', lcp = 0'
ColGenEvalAlg final dual bound: 2867.6 (rounded: 2867.6)
Shrinking heuristic shrunk 36 edges
avgVertexMem: 8.03333 , colsForbidden = 1, phase-I = 1, phase-II = 0, colNonElem = 1, colElem = 15, TT =  0.001256
----- Relaxation was improved for 1 subproblems -----
Removed 8 columns not satisfying improved subproblem relaxation
1799 columns (1791 active), 0 dyn. constrs. (0 active), 122 art. vars. (122 active)
<DWph=2> <it=  1> <et=3.31> <Mt= 0.00> <Spt= 0.01> <nCl=  5> <al=0.00> <DB= 2868.1750> <Mlp= 2868.1750> <PB=10000000> 
<DWph=1> <it=  2> <et=3.32> <Mt= 0.00> <Spt= 0.00> <nCl=  6> <al=0.40> <DB= 2661.1750> <Mlp= 2868.1750> <PB=10000000> 
<DWph=1> <it=  3> <et=3.32> <Mt= 0.00> <Spt= 0.00> <nCl=  1> <al=0.00> <DB= 2867.6000> <Mlp= 2867.6000> <PB=10000000> 
<DWph=0> <it=  4> <et=3.32> <Mt= 0.00> <Spt= 0.00> <nCl=  0> <al=0.20> <DB= 2867.6000> <Mlp= 2867.6000> <PB=10000000> 
@@ 1 1 2867.6 0 0 41.0815 3.32
ColGenEvalAlg final dual bound: 2867.6 (rounded: 2867.6)
False gap improvement since the last cut separation : -3.17162e-15 (2867.6)
Cut generation tailing off counter increased to 1
Shrinking heuristic shrunk 36 edges
ng-neighbourhood is not increased: max avg neigh size is reached 
100 Rank-1 3-rows pack. cuts added ,  max viol. = 0.5, aver. viol. = 0.306667
Building structures for heuristic rank-1 packing cut separation...done!
100 Rank-1 4-rows pack. cuts added ,  max viol. = 0.5, aver. viol. = 0.433333
----- Add fac. cuts : R1C(200), max.viol = 0.5, aver.viol = 0.37, sep/add took 0.0136551/0.0697312 sec. -----
1811 columns (1803 active), 200 dyn. constrs. (200 active), 322 art. vars. (322 active)
<DWph=2> <it=  1> <et=3.42> <Mt= 0.01> <Spt= 0.00> <nCl= 30> <al=0.50> <DB= -345.0659> <Mlp= 2965.1769> <PB=10000000> 
<DWph=2> <it=  2> <et=3.43> <Mt= 0.01> <Spt= 0.01> <nCl= 24> <al=0.55> <DB= 2736.4296> <Mlp= 2920.1102> <PB=10000000> 
<DWph=2> <it=  3> <et=3.44> <Mt= 0.00> <Spt= 0.00> <nCl= 19> <al=0.60> <DB= 2829.0234> <Mlp= 2918.7076> <PB=10000000> 
<DWph=2> <it=  4> <et=3.44> <Mt= 0.00> <Spt= 0.01> <nCl=  5> <al=0.64> <DB= 2879.5267> <Mlp= 2918.3206> <PB=10000000> 
<DWph=2> <it=  5> <et=3.45> <Mt= 0.00> <Spt= 0.00> <nCl= 16> <al=0.54> <DB= 2162.0492> <Mlp= 2918.3050> <PB=10000000> 
<DWph=2> <it=  6> <et=3.45> <Mt= 0.00> <Spt= 0.00> <nCl= 13> <al=0.58> <DB= 2650.5723> <Mlp= 2916.5500> <PB=10000000> 
<DWph=2> <it=  7> <et=3.46> <Mt= 0.01> <Spt= 0.01> <nCl=  1> <al=0.62> <DB= 2893.4565> <Mlp= 2916.5500> <PB=10000000> 
<DWph=2> <it=  8> <et=3.46> <Mt= 0.00> <Spt= 0.00> <nCl=  9> <al=0.52> <DB= 2903.1984> <Mlp= 2916.5500> <PB=10000000> 
<DWph=2> <it=  9> <et=3.46> <Mt= 0.00> <Spt= 0.00> <nCl= 11> <al=0.57> <DB= 2805.4031> <Mlp= 2915.3619> <PB=10000000> 
<DWph=2> <it= 10> <et=3.47> <Mt= 0.00> <Spt= 0.00> <nCl=  3> <al=0.47> <DB= 2861.4759> <Mlp= 2915.2379> <PB=10000000> 
<DWph=2> <it= 11> <et=3.47> <Mt= 0.00> <Spt= 0.01> <nCl= 20> <al=0.00> <DB= 2466.7897> <Mlp= 2915.2379> <PB=10000000> 
<DWph=2> <it= 12> <et=3.48> <Mt= 0.00> <Spt= 0.01> <nCl= 11> <al=0.00> <DB= 2897.1986> <Mlp= 2915.1986> <PB=10000000> 
<DWph=2> <it= 13> <et=3.49> <Mt= 0.00> <Spt= 0.00> <nCl=  1> <al=0.00> <DB= 2915.1900> <Mlp= 2915.1900> <PB=10000000> 
<DWph=1> <it= 14> <et=3.49> <Mt= 0.00> <Spt= 0.00> <nCl= 17> <al=0.07> <DB= 1386.3900> <Mlp= 2915.1900> <PB=10000000> 
<DWph=1> <it= 15> <et=3.50> <Mt= 0.01> <Spt= 0.01> <nCl= 23> <al=0.00> <DB= 1220.9628> <Mlp= 2912.9628> <PB=10000000> 
<DWph=1> <it= 16> <et=3.50> <Mt= 0.00> <Spt= 0.00> <nCl= 23> <al=0.00> <DB= 1067.5875> <Mlp= 2911.5875> <PB=10000000> 
<DWph=1> <it= 17> <et=3.51> <Mt= 0.00> <Spt= 0.01> <nCl= 24> <al=0.00> <DB= 1741.4955> <Mlp= 2909.9682> <PB=10000000> 
<DWph=1> <it= 18> <et=3.52> <Mt= 0.00> <Spt= 0.00> <nCl= 25> <al=0.09> <DB= 1999.2314> <Mlp= 2908.9014> <PB=10000000> 
<DWph=1> <it= 19> <et=3.53> <Mt= 0.01> <Spt= 0.00> <nCl=  7> <al=0.18> <DB= 2747.5423> <Mlp= 2908.7396> <PB=10000000> 
<DWph=1> <it= 20> <et=3.53> <Mt= 0.00> <Spt= 0.01> <nCl= 11> <al=0.08> <DB= 2878.7066> <Mlp= 2908.7396> <PB=10000000> 
<DWph=1> <it= 21> <et=3.53> <Mt= 0.00> <Spt= 0.00> <nCl=  2> <al=0.00> <DB= 2806.7396> <Mlp= 2908.7396> <PB=10000000> 
<DWph=1> <it= 22> <et=3.54> <Mt= 0.00> <Spt= 0.00> <nCl=  6> <al=0.00> <DB= 2908.7396> <Mlp= 2908.7396> <PB=10000000> 
    RCSP exact solver info for graph G_0 : TT = 0.002469, pt = 0.000219, dt = 0.001539, ct = 0.000416, ndl = 1030', bdl = 5115', odl = 1745', odf = 10041', bsi = 992', cnt = 1480', bdch = 23317', odch = 8411', lcp = 6448', #sols = 150
<DWph=0> <it= 23> <et=3.55> <Mt= 0.00> <Spt= 0.02> <nCl=102> <al=0.00> <DB=   93.6146> <Mlp= 2908.7396> <PB=10000000> 
    RCSP exact solver info for graph G_0 : TT = 0.002616, pt = 0.000286, dt = 0.001681, ct = 0.000262, ndl = 1151', bdl = 5715', odl = 2052', odf = 11634', bsi = 1073', cnt = 1713', bdch = 30701', odch = 11704', lcp = 9041', #sols = 150
<DWph=0> <it= 24> <et=3.57> <Mt= 0.00> <Spt= 0.01> <nCl=107> <al=0.00> <DB= 1996.4636> <Mlp= 2902.1207> <PB=10000000> 
    RCSP exact solver info for graph G_0 : TT = 0.002383, pt = 0.000243, dt = 0.001539, ct = 0.000241, ndl = 1151', bdl = 6542', odl = 2056', odf = 11460', bsi = 1070', cnt = 1621', bdch = 31426', odch = 11145', lcp = 8677', #sols = 150
<DWph=0> <it= 25> <et=3.58> <Mt= 0.01> <Spt= 0.01> <nCl= 66> <al=0.08> <DB= 2526.9106> <Mlp= 2901.2679> <PB=10000000> 
    RCSP exact solver info for graph G_0 : TT = 0.002118, pt = 0.000236, dt = 0.001356, ct = 0.000218, ndl = 967', bdl = 5186', odl = 1681', odf = 9488', bsi = 1009', cnt = 1335', bdch = 21478', odch = 7801', lcp = 5280', #sols = 150
<DWph=0> <it= 26> <et=3.59> <Mt= 0.00> <Spt= 0.01> <nCl= 56> <al=0.00> <DB= 2881.9266> <Mlp= 2899.9266> <PB=10000000> 
    RCSP exact solver info for graph G_0 : TT = 0.00287, pt = 0.000313, dt = 0.001867, ct = 0.000275, ndl = 967', bdl = 5030', odl = 1686', odf = 9458', bsi = 1017', cnt = 1353', bdch = 21571', odch = 7940', lcp = 5433', #sols = 150
    RCSP exact solver info for graph G_0 : TT = 0.002077, pt = 0.000215, dt = 0.001277, ct = 0.000243, ndl = 974', bdl = 5160', odl = 1691', odf = 9516', bsi = 1021', cnt = 1364', bdch = 21787', odch = 7989', lcp = 5487', #sols = 150
<DWph=0> <it= 27> <et=3.61> <Mt= 0.00> <Spt= 0.01> <nCl= 12> <al=0.00> <DB= 2899.9266> <Mlp= 2899.9266> <PB=10000000> 
RCSP solver dynamic params and stats :  bidir.bord. = 464.6 aver.obdmd = 9.09677 aver.buck.num. = 11.2903 nbR1C = 16 with avMem = 16.25
@@ 1 2 2899.93 0.001819 0.002142 41.0815 3.61
    Full reduced cost fixing is not called (gap ratio is 0.999997)
ColGenEvalAlg final dual bound: 2899.93 (rounded: 2899.93)
False gap improvement since the last cut separation : 0.112731 (2867.6)
Current active cuts : R1C(16,191.933) 3rowPackR1C(13) 4rowPackR1C(3)
Shrinking heuristic shrunk 18 edges
1 Rank-1 1-rows pack. cuts added ,  max viol. = 0.153846, aver. viol. = 0.153846
150 Rank-1 3-rows pack. cuts added ,  max viol. = 0.384615, aver. viol. = 0.200513
Building structures for heuristic rank-1 packing cut separation...done!
100 Rank-1 4-rows pack. cuts added ,  max viol. = 0.333333, aver. viol. = 0.205064
----- Add fac. cuts : R1C(251), max.viol = 0.384615, aver.viol = 0.212611, sep/add took 0.0264015/0.136014 sec. -----
2455 columns (2447 active), 451 dyn. constrs. (267 active), 573 art. vars. (389 active)
<DWph=2> <it=  1> <et=3.79> <Mt= 0.01> <Spt= 0.00> <nCl=  7> <al=0.50> <DB= 2837.1966> <Mlp= 2912.4667> <PB=10000000> 
<DWph=2> <it=  2> <et=3.80> <Mt= 0.00> <Spt= 0.01> <nCl=  9> <al=0.00> <DB= 2912.4667> <Mlp= 2912.4667> <PB=10000000> 
<DWph=1> <it=  3> <et=3.80> <Mt= 0.00> <Spt= 0.01> <nCl=  4> <al=0.45> <DB= 2909.3267> <Mlp= 2912.4667> <PB=10000000> 
<DWph=1> <it=  4> <et=3.81> <Mt= 0.00> <Spt= 0.00> <nCl=  8> <al=0.35> <DB= 2910.5641> <Mlp= 2912.4667> <PB=10000000> 
<DWph=1> <it=  5> <et=3.82> <Mt= 0.01> <Spt= 0.01> <nCl=  3> <al=0.00> <DB= 2912.4667> <Mlp= 2912.4667> <PB=10000000> 
    RCSP exact solver info for graph G_0 : TT = 0.00291, pt = 0.000383, dt = 0.001906, ct = 0.000263, ndl = 1146', bdl = 5462', odl = 1769', odf = 10744', bsi = 1102', cnt = 2142', bdch = 25445', odch = 9502', lcp = 7009', #sols = 150
<DWph=0> <it=  6> <et=3.83> <Mt= 0.00> <Spt= 0.01> <nCl= 84> <al=0.15> <DB= 2838.2469> <Mlp= 2912.4667> <PB=10000000> 
    RCSP exact solver info for graph G_0 : TT = 0.002686, pt = 0.000411, dt = 0.001627, ct = 0.000283, ndl = 1124', bdl = 5551', odl = 1770', odf = 10670', bsi = 1107', cnt = 2040', bdch = 25265', odch = 9243', lcp = 6912', #sols = 150
    RCSP exact solver info for graph G_0 : TT = 0.002221, pt = 0.000306, dt = 0.001347, ct = 0.000253, ndl = 998', bdl = 4917', odl = 1620', odf = 9561', bsi = 1006', cnt = 1631', bdch = 20258', odch = 7551', lcp = 5192', #sols = 150
<DWph=0> <it=  7> <et=3.85> <Mt= 0.00> <Spt= 0.02> <nCl= 65> <al=0.00> <DB= 2912.4667> <Mlp= 2912.4667> <PB=10000000> 
RCSP solver dynamic params and stats :  bidir.bord. = 464.6 aver.obdmd = 9.09677 aver.buck.num. = 11.2903 nbR1C = 27 with avMem = 20.2222
@@ 1 3 2912.47 0.001893 0.002169 41.0815 3.85
    Full reduced cost fixing is not called (gap ratio is 0.999996)
ColGenEvalAlg final dual bound: 2912.47 (rounded: 2912.47)
False gap improvement since the last cut separation : 0.0432427 (2899.93)
Current active cuts : R1C(27,237.896) 3rowPackR1C(21) 4rowPackR1C(6)
Shrinking heuristic shrunk 44 edges
1 Rank-1 1-rows pack. cuts added ,  max viol. = 0.333333, aver. viol. = 0.333333
106 Rank-1 3-rows pack. cuts added ,  max viol. = 0.333333, aver. viol. = 0.333333
Building structures for heuristic rank-1 packing cut separation...done!
----- Add fac. cuts : R1C(107), max.viol = 0.333333, aver.viol = 0.333333, sep/add took 0.109773/0.0708354 sec. -----
2635 columns (2627 active), 374 dyn. constrs. (138 active), 680 art. vars. (260 active)
<DWph=2> <it=  1> <et=4.06> <Mt= 0.01> <Spt= 0.00> <nCl= 19> <al=0.50> <DB= 2807.8120> <Mlp= 2925.2813> <PB=10000000> 
<DWph=2> <it=  2> <et=4.07> <Mt= 0.01> <Spt= 0.01> <nCl=  5> <al=0.55> <DB= 2896.2981> <Mlp= 2924.5365> <PB=10000000> 
<DWph=2> <it=  3> <et=4.08> <Mt= 0.00> <Spt= 0.00> <nCl= 12> <al=0.19> <DB= 1696.2180> <Mlp= 2924.4686> <PB=10000000> 
<DWph=2> <it=  4> <et=4.08> <Mt= 0.00> <Spt= 0.01> <nCl= 15> <al=0.00> <DB= 2049.9856> <Mlp= 2924.0311> <PB=10000000> 
<DWph=2> <it=  5> <et=4.09> <Mt= 0.00> <Spt= 0.00> <nCl= 15> <al=0.00> <DB= 2923.5275> <Mlp= 2923.5275> <PB=10000000> 
<DWph=1> <it=  6> <et=4.10> <Mt= 0.01> <Spt= 0.00> <nCl=  9> <al=0.30> <DB= 2153.4872> <Mlp= 2923.5275> <PB=10000000> 
<DWph=1> <it=  7> <et=4.10> <Mt= 0.00> <Spt= 0.01> <nCl=  8> <al=0.20> <DB= 2773.3325> <Mlp= 2923.4813> <PB=10000000> 
<DWph=1> <it=  8> <et=4.11> <Mt= 0.00> <Spt= 0.00> <nCl=  3> <al=0.10> <DB= 2891.1046> <Mlp= 2923.4674> <PB=10000000> 
<DWph=1> <it=  9> <et=4.11> <Mt= 0.00> <Spt= 0.00> <nCl=  2> <al=0.00> <DB= 2923.4425> <Mlp= 2923.4425> <PB=10000000> 
    RCSP exact solver info for graph G_0 : TT = 0.002547, pt = 0.000293, dt = 0.00151, ct = 0.000411, ndl = 1185', bdl = 5623', odl = 1839', odf = 10707', bsi = 1115', cnt = 2382', bdch = 28317', odch = 10425', lcp = 7995', #sols = 150
<DWph=0> <it= 10> <et=4.12> <Mt= 0.00> <Spt= 0.01> <nCl= 71> <al=0.00> <DB= 2544.2336> <Mlp= 2923.4425> <PB=10000000> 
    RCSP exact solver info for graph G_0 : TT = 0.002715, pt = 0.000339, dt = 0.001696, ct = 0.000271, ndl = 1134', bdl = 5439', odl = 1782', odf = 10290', bsi = 1090', cnt = 2198', bdch = 26263', odch = 10028', lcp = 7447', #sols = 150
<DWph=0> <it= 11> <et=4.14> <Mt= 0.00> <Spt= 0.01> <nCl= 96> <al=0.00> <DB= 2284.2678> <Mlp= 2923.1254> <PB=10000000> 
    RCSP exact solver info for graph G_0 : TT = 0.002737, pt = 0.000395, dt = 0.001669, ct = 0.000306, ndl = 1252', bdl = 6054', odl = 1824', odf = 10570', bsi = 1142', cnt = 2551', bdch = 29632', odch = 11208', lcp = 8239', #sols = 150
<DWph=0> <it= 12> <et=4.15> <Mt= 0.01> <Spt= 0.01> <nCl= 56> <al=0.01> <DB= 2846.1009> <Mlp= 2922.7000> <PB=10000000> 
    RCSP exact solver info for graph G_0 : TT = 0.003135, pt = 0.000489, dt = 0.001826, ct = 0.000326, ndl = 1232', bdl = 5877', odl = 1841', odf = 10612', bsi = 1123', cnt = 2483', bdch = 28973', odch = 10816', lcp = 8242', #sols = 150
    RCSP exact solver info for graph G_0 : TT = 0.002698, pt = 0.000348, dt = 0.001668, ct = 0.000305, ndl = 1164', bdl = 5900', odl = 1781', odf = 10304', bsi = 1113', cnt = 2502', bdch = 26959', odch = 10076', lcp = 7346', #sols = 150
<DWph=0> <it= 13> <et=4.16> <Mt= 0.00> <Spt= 0.02> <nCl= 57> <al=0.00> <DB= 2922.7000> <Mlp= 2922.7000> <PB=10000000> 
RCSP solver dynamic params and stats :  bidir.bord. = 464.6 aver.obdmd = 9.09677 aver.buck.num. = 11.2903 nbR1C = 24 with avMem = 22.4167
@@ 1 4 2922.7 0.0019976 0.002152 41.0815 4.16
    Full reduced cost fixing is not called (gap ratio is 0.999994)
ColGenEvalAlg final dual bound: 2922.7 (rounded: 2922.7)
False gap improvement since the last cut separation : 0.0351363 (2912.47)
Current active cuts : R1C(24,250.875) 3rowPackR1C(19) 4rowPackR1C(5)
Shrinking heuristic shrunk 28 edges
148 Rank-1 3-rows pack. cuts added ,  max viol. = 0.285714, aver. viol. = 0.15444
Building structures for heuristic rank-1 packing cut separation...done!
100 Rank-1 4-rows pack. cuts added ,  max viol. = 0.285714, aver. viol. = 0.184286
----- Add fac. cuts : R1C(248), max.viol = 0.285714, aver.viol = 0.166475, sep/add took 0.0190266/0.161465 sec. -----
3003 columns (2995 active), 386 dyn. constrs. (273 active), 928 art. vars. (395 active)
<DWph=2> <it=  1> <et=4.37> <Mt= 0.01> <Spt= 0.00> <nCl=  7> <al=0.50> <DB= 2877.1500> <Mlp= 2925.6000> <PB=10000000> 
<DWph=2> <it=  2> <et=4.38> <Mt= 0.01> <Spt= 0.01> <nCl=  1> <al=0.55> <DB= 2856.3530> <Mlp= 2925.3500> <PB=10000000> 
<DWph=2> <it=  3> <et=4.39> <Mt= 0.00> <Spt= 0.01> <nCl=  9> <al=0.00> <DB= 2913.3500> <Mlp= 2925.3500> <PB=10000000> 
<DWph=2> <it=  4> <et=4.40> <Mt= 0.00> <Spt= 0.00> <nCl=  0> <al=0.00> <DB= 2925.2500> <Mlp= 2925.2500> <PB=10000000> 
<DWph=1> <it=  5> <et=4.41> <Mt= 0.00> <Spt= 0.01> <nCl=  8> <al=0.40> <DB= 2751.2500> <Mlp= 2925.2500> <PB=10000000> 
<DWph=1> <it=  6> <et=4.41> <Mt= 0.00> <Spt= 0.00> <nCl=  4> <al=0.30> <DB= 2821.5526> <Mlp= 2925.2500> <PB=10000000> 
<DWph=1> <it=  7> <et=4.42> <Mt= 0.01> <Spt= 0.00> <nCl= 16> <al=0.20> <DB= 2871.2486> <Mlp= 2924.5000> <PB=10000000> 
<DWph=1> <it=  8> <et=4.43> <Mt= 0.00> <Spt= 0.01> <nCl=  3> <al=0.10> <DB= 2870.9907> <Mlp= 2924.5000> <PB=10000000> 
<DWph=1> <it=  9> <et=4.43> <Mt= 0.00> <Spt= 0.00> <nCl=  3> <al=0.00> <DB= 2924.5000> <Mlp= 2924.5000> <PB=10000000> 
    RCSP exact solver info for graph G_0 : TT = 0.003104, pt = 0.000488, dt = 0.001866, ct = 0.000358, ndl = 1313', bdl = 6338', odl = 1934', odf = 11277', bsi = 1185', cnt = 2944', bdch = 32889', odch = 12015', lcp = 9440', #sols = 150
<DWph=0> <it= 10> <et=4.46> <Mt= 0.00> <Spt= 0.02> <nCl=102> <al=0.09> <DB=  966.2500> <Mlp= 2924.5000> <PB=10000000> 
    RCSP exact solver info for graph G_0 : TT = 0.003718, pt = 0.000874, dt = 0.002037, ct = 0.000371, ndl = 1329', bdl = 6638', odl = 1909', odf = 10650', bsi = 1154', cnt = 3148', bdch = 33544', odch = 11334', lcp = 8760', #sols = 150
<DWph=0> <it= 11> <et=4.53> <Mt= 0.05> <Spt= 0.02> <nCl=109> <al=0.00> <DB= 2012.5000> <Mlp= 2924.5000> <PB=10000000> 
    RCSP exact solver info for graph G_0 : TT = 0.003406, pt = 0.000732, dt = 0.001793, ct = 0.000385, ndl = 1352', bdl = 6212', odl = 1925', odf = 11100', bsi = 1139', cnt = 2773', bdch = 33418', odch = 11837', lcp = 9426', #sols = 150
<DWph=0> <it= 12> <et=4.55> <Mt= 0.01> <Spt= 0.02> <nCl= 62> <al=0.09> <DB= 2778.2470> <Mlp= 2924.5000> <PB=10000000> 
    RCSP exact solver info for graph G_0 : TT = 0.003315, pt = 0.000514, dt = 0.001916, ct = 0.000382, ndl = 1210', bdl = 5829', odl = 1854', odf = 10412', bsi = 1111', cnt = 2778', bdch = 28487', odch = 10497', lcp = 8002', #sols = 150
<DWph=0> <it= 13> <et=4.57> <Mt= 0.01> <Spt= 0.01> <nCl= 39> <al=0.00> <DB= 2917.5346> <Mlp= 2924.5000> <PB=10000000> 
    RCSP exact solver info for graph G_0 : TT = 0.00365, pt = 0.000641, dt = 0.001895, ct = 0.000421, ndl = 1206', bdl = 5605', odl = 1832', odf = 10256', bsi = 1096', cnt = 2855', bdch = 27983', odch = 10346', lcp = 7855', #sols = 150
    RCSP exact solver info for graph G_0 : TT = 0.002953, pt = 0.000492, dt = 0.001782, ct = 0.000289, ndl = 1221', bdl = 5795', odl = 1853', odf = 10415', bsi = 1116', cnt = 2983', bdch = 28783', odch = 10600', lcp = 8093', #sols = 150
<DWph=0> <it= 14> <et=4.58> <Mt= 0.00> <Spt= 0.01> <nCl=  9> <al=0.00> <DB= 2924.5000> <Mlp= 2924.5000> <PB=10000000> 
RCSP solver dynamic params and stats :  bidir.bord. = 466.8 aver.obdmd = 9.09677 aver.buck.num. = 11.2903 nbR1C = 34 with avMem = 21.8235
@@ 1 5 2924.5 0.00224917 0.002408 44.5488 4.58
    Full reduced cost fixing is not called (gap ratio is 0.999994)
ColGenEvalAlg final dual bound: 2924.5 (rounded: 2924.5)
False gap improvement since the last cut separation : 0.00615869 (2922.7)
Separator R1C not in maximum phase
Cut generation tailing off counter increased to 0
Current active cuts : R1C(34,293.285) 3rowPackR1C(24) 4rowPackR1C(10)
Shrinking heuristic shrunk 44 edges
88 Rank-1 3-rows pack. cuts added ,  max viol. = 0.5, aver. viol. = 0.5
Building structures for heuristic rank-1 packing cut separation...done!
75 Rank-1 4-rows pack. cuts added ,  max viol. = 0.5, aver. viol. = 0.5
100 Rank-1 5-rows pack. cuts added ,  max viol. = 0.5, aver. viol. = 0.5
----- Add fac. cuts : R1C(263), max.viol = 0.5, aver.viol = 0.5, sep/add took 0.115495/0.207272 sec. -----
3375 columns (3367 active), 536 dyn. constrs. (300 active), 1191 art. vars. (422 active)
<DWph=2> <it=  1> <et=4.95> <Mt= 0.01> <Spt= 0.01> <nCl=  9> <al=0.00> <DB= 2926.8933> <Mlp= 2926.8933> <PB=10000000> 
<DWph=1> <it=  2> <et=4.96> <Mt= 0.00> <Spt= 0.01> <nCl=  1> <al=0.00> <DB= 2926.8933> <Mlp= 2926.8933> <PB=10000000> 
    RCSP exact solver info for graph G_0 : TT = 0.003076, pt = 0.000471, dt = 0.001815, ct = 0.000386, ndl = 1283', bdl = 6022', odl = 1870', odf = 10809', bsi = 1205', cnt = 3298', bdch = 31051', odch = 11557', lcp = 8390', #sols = 150
<DWph=0> <it=  3> <et=4.98> <Mt= 0.00> <Spt= 0.01> <nCl= 55> <al=0.30> <DB= 2625.0034> <Mlp= 2926.8933> <PB=10000000> 
    RCSP exact solver info for graph G_0 : TT = 0.00318, pt = 0.000574, dt = 0.001825, ct = 0.000319, ndl = 1255', bdl = 5908', odl = 1828', odf = 10495', bsi = 1136', cnt = 2850', bdch = 29239', odch = 10694', lcp = 8015', #sols = 150
<DWph=0> <it=  4> <et=4.99> <Mt= 0.01> <Spt= 0.01> <nCl= 17> <al=0.37> <DB= 2815.1455> <Mlp= 2926.8163> <PB=10000000> 
    RCSP exact solver info for graph G_0 : TT = 0.003967, pt = 0.000797, dt = 0.002196, ct = 0.000374, ndl = 1261', bdl = 5992', odl = 1850', odf = 10659', bsi = 1162', cnt = 3078', bdch = 29560', odch = 10609', lcp = 8183', #sols = 150
<DWph=0> <it=  5> <et=5.00> <Mt= 0.00> <Spt= 0.01> <nCl=  9> <al=0.27> <DB= 2896.6585> <Mlp= 2926.8071> <PB=10000000> 
    RCSP exact solver info for graph G_0 : TT = 0.003875, pt = 0.000733, dt = 0.002224, ct = 0.000375, ndl = 1274', bdl = 6113', odl = 1858', odf = 10753', bsi = 1166', cnt = 3061', bdch = 30171', odch = 10961', lcp = 8263', #sols = 150
    RCSP exact solver info for graph G_0 : TT = 0.002927, pt = 0.000544, dt = 0.001683, ct = 0.000311, ndl = 1237', bdl = 5871', odl = 1772', odf = 10210', bsi = 1150', cnt = 2970', bdch = 27983', odch = 10255', lcp = 7513', #sols = 150
<DWph=0> <it=  6> <et=5.02> <Mt= 0.00> <Spt= 0.02> <nCl= 24> <al=0.00> <DB= 2926.8048> <Mlp= 2926.8048> <PB=10000000> 
RCSP solver dynamic params and stats :  bidir.bord. = 466.8 aver.obdmd = 9.09677 aver.buck.num. = 11.2903 nbR1C = 34 with avMem = 24.8824
@@ 1 6 2926.8 0.0023016 0.002599 44.5488 5.02
    Full reduced cost fixing is not called (gap ratio is 0.999994)
ColGenEvalAlg final dual bound: 2926.8 (rounded: 2926.8)
False gap improvement since the last cut separation : 0.00788088 (2924.5)
Cut generation tailing off counter increased to 1
Current active cuts : R1C(34,301.073) 3rowPackR1C(19) 4rowPackR1C(12) 5rowPackR1C(3)
Shrinking heuristic shrunk 26 edges
1 Rank-1 1-rows pack. cuts added ,  max viol. = 0.031746, aver. viol. = 0.031746
150 Rank-1 3-rows pack. cuts added ,  max viol. = 0.333333, aver. viol. = 0.12381
Building structures for heuristic rank-1 packing cut separation...done!
100 Rank-1 4-rows pack. cuts added ,  max viol. = 0.396825, aver. viol. = 0.162063
100 Rank-1 5-rows pack. cuts added ,  max viol. = 0.428571, aver. viol. = 0.35873
----- Add fac. cuts : R1C(351), max.viol = 0.428571, aver.viol = 0.203184, sep/add took 0.224757/0.280906 sec. -----
3490 columns (3482 active), 651 dyn. constrs. (388 active), 1542 art. vars. (510 active)
<DWph=2> <it=  1> <et=5.56> <Mt= 0.01> <Spt= 0.01> <nCl=  2> <al=0.00> <DB= 2928.5000> <Mlp= 2928.5000> <PB=10000000> 
<DWph=1> <it=  2> <et=5.57> <Mt= 0.00> <Spt= 0.00> <nCl=  1> <al=0.00> <DB= 2928.5000> <Mlp= 2928.5000> <PB=10000000> 
    RCSP exact solver info for graph G_0 : TT = 0.003863, pt = 0.000578, dt = 0.002264, ct = 0.000417, ndl = 1207', bdl = 5857', odl = 1784', odf = 10130', bsi = 1047', cnt = 2376', bdch = 27058', odch = 9919', lcp = 7168', #sols = 150
<DWph=0> <it=  3> <et=5.58> <Mt= 0.00> <Spt= 0.01> <nCl= 22> <al=0.30> <DB= 2811.5000> <Mlp= 2928.5000> <PB=10000000> 
    RCSP exact solver info for graph G_0 : TT = 0.003609, pt = 0.000639, dt = 0.001967, ct = 0.000374, ndl = 1292', bdl = 6349', odl = 1849', odf = 10686', bsi = 1113', cnt = 3012', bdch = 30341', odch = 11259', lcp = 8040', #sols = 150
<DWph=0> <it=  4> <et=5.59> <Mt= 0.00> <Spt= 0.01> <nCl=  8> <al=0.20> <DB= 2813.9000> <Mlp= 2928.5000> <PB=10000000> 
    RCSP exact solver info for graph G_0 : TT = 0.004746, pt = 0.001241, dt = 0.002543, ct = 0.000408, ndl = 1321', bdl = 6525', odl = 1894', odf = 10769', bsi = 1075', cnt = 4086', bdch = 32395', odch = 11564', lcp = 8772', #sols = 150
<DWph=0> <it=  5> <et=5.69> <Mt= 0.07> <Spt= 0.03> <nCl= 92> <al=0.10> <DB= 2470.9400> <Mlp= 2928.3000> <PB=10000000> 
    RCSP exact solver info for graph G_0 : TT = 0.003896, pt = 0.000911, dt = 0.002006, ct = 0.000334, ndl = 1293', bdl = 6568', odl = 1893', odf = 10888', bsi = 1084', cnt = 3416', bdch = 31032', odch = 11157', lcp = 8960', #sols = 150
<DWph=0> <it=  6> <et=5.78> <Mt= 0.07> <Spt= 0.02> <nCl= 45> <al=0.19> <DB= 2839.1578> <Mlp= 2928.0750> <PB=10000000> 
    RCSP exact solver info for graph G_0 : TT = 0.005064, pt = 0.001072, dt = 0.002871, ct = 0.000432, ndl = 1425', bdl = 7080', odl = 2101', odf = 12280', bsi = 1162', cnt = 4016', bdch = 37384', odch = 13572', lcp = 10973', #sols = 150
<DWph=0> <it=  7> <et=5.81> <Mt= 0.01> <Spt= 0.02> <nCl= 56> <al=0.27> <DB= 2888.3868> <Mlp= 2927.6500> <PB=10000000> 
    RCSP exact solver info for graph G_0 : TT = 0.004009, pt = 0.00092, dt = 0.002098, ct = 0.000363, ndl = 1324', bdl = 6522', odl = 1836', odf = 10470', bsi = 1090', cnt = 3612', bdch = 31140', odch = 11184', lcp = 8418', #sols = 150
<DWph=0> <it=  8> <et=5.83> <Mt= 0.01> <Spt= 0.02> <nCl= 27> <al=0.34> <DB= 2908.2486> <Mlp= 2927.5500> <PB=10000000> 
    RCSP exact solver info for graph G_0 : TT = 0.003936, pt = 0.000897, dt = 0.002101, ct = 0.000382, ndl = 1326', bdl = 6470', odl = 1824', odf = 10471', bsi = 1081', cnt = 3658', bdch = 31081', odch = 11217', lcp = 8370', #sols = 150
    RCSP exact solver info for graph G_0 : TT = 0.003736, pt = 0.000675, dt = 0.002093, ct = 0.000407, ndl = 1370', bdl = 6677', odl = 2033', odf = 11598', bsi = 1104', cnt = 3487', bdch = 38286', odch = 13809', lcp = 11080', #sols = 150
<DWph=0> <it=  9> <et=5.87> <Mt= 0.00> <Spt= 0.02> <nCl= 69> <al=0.00> <DB= 2927.5500> <Mlp= 2927.5500> <PB=10000000> 
RCSP solver dynamic params and stats :  bidir.bord. = 479.5 aver.obdmd = 9.09677 aver.buck.num. = 11.2903 nbR1C = 45 with avMem = 25.1556
@@ 1 7 2927.55 0.0026325 0.003303 44.5488 5.87
    Full reduced cost fixing is not called (gap ratio is 0.999994)
ColGenEvalAlg final dual bound: 2927.55 (rounded: 2927.55)
False gap improvement since the last cut separation : 0.00254625 (2926.8)
Cut generation tailing off counter increased to 2
Current active cuts : R1C(45,349.369) 3rowPackR1C(33) 4rowPackR1C(11) 5rowPackR1C(1)
Shrinking heuristic shrunk 42 edges
127 Rank-1 3-rows pack. cuts added ,  max viol. = 0.5, aver. viol. = 0.5
Building structures for heuristic rank-1 packing cut separation...done!
82 Rank-1 4-rows pack. cuts added ,  max viol. = 0.5, aver. viol. = 0.5
100 Rank-1 5-rows pack. cuts added ,  max viol. = 0.5, aver. viol. = 0.5
----- Add fac. cuts : R1C(309), max.viol = 0.5, aver.viol = 0.5, sep/add took 0.121996/0.265397 sec. -----
3812 columns (3804 active), 697 dyn. constrs. (355 active), 1851 art. vars. (477 active)
<DWph=2> <it=  1> <et=6.30> <Mt= 0.02> <Spt= 0.01> <nCl= 10> <al=0.00> <DB= 2928.3500> <Mlp= 2928.3500> <PB=10000000> 
<DWph=1> <it=  2> <et=6.31> <Mt= 0.00> <Spt= 0.01> <nCl=  0> <al=0.00> <DB= 2928.3500> <Mlp= 2928.3500> <PB=10000000> 
    RCSP exact solver info for graph G_0 : TT = 0.00397, pt = 0.00071, dt = 0.002225, ct = 0.000404, ndl = 1323', bdl = 6677', odl = 1928', odf = 10996', bsi = 1089', cnt = 3368', bdch = 33620', odch = 11748', lcp = 9050', #sols = 150
<DWph=0> <it=  3> <et=6.32> <Mt= 0.00> <Spt= 0.01> <nCl= 36> <al=0.30> <DB= 2846.1500> <Mlp= 2928.3500> <PB=10000000> 
    RCSP exact solver info for graph G_0 : TT = 0.00362, pt = 0.000712, dt = 0.002012, ct = 0.000366, ndl = 1327', bdl = 6518', odl = 1999', odf = 11426', bsi = 1087', cnt = 3123', bdch = 34704', odch = 12076', lcp = 9901', #sols = 150
    RCSP exact solver info for graph G_0 : TT = 0.003383, pt = 0.000626, dt = 0.001938, ct = 0.000394, ndl = 1340', bdl = 6687', odl = 1932', odf = 11020', bsi = 1102', cnt = 3152', bdch = 34422', odch = 12278', lcp = 9460', #sols = 150
<DWph=0> <it=  4> <et=6.34> <Mt= 0.00> <Spt= 0.02> <nCl= 23> <al=0.00> <DB= 2928.3500> <Mlp= 2928.3500> <PB=10000000> 
RCSP solver dynamic params and stats :  bidir.bord. = 479.5 aver.obdmd = 9.09677 aver.buck.num. = 11.2903 nbR1C = 45 with avMem = 24.4889
@@ 1 8 2928.35 0.00244633 0.002629 44.5488 6.34
    Full reduced cost fixing is not called (gap ratio is 0.999994)
ColGenEvalAlg final dual bound: 2928.35 (rounded: 2928.35)
False gap improvement since the last cut separation : 0.00273266 (2927.55)
----- Cut generation is stopped due to tailing off -----
Current active cuts : R1C(45,356.608) 3rowPackR1C(31) 4rowPackR1C(13) 5rowPackR1C(1)
**** Strong branching phase 3 is started *****
**** SB phase 3 evaluation of candidate 1, branch 1 ( [ colGenSp ] >= 7 ), value = 1e+12
<DWph=2> <it=  1> <et=6.41> <Mt= 0.01> <Spt= 0.01> <nCl=  3> <al=0.00> <DB= 2932.3500> <Mlp= 2932.3500> <PB=10000000> 
<DWph=1> <it=  2> <et=6.42> <Mt= 0.00> <Spt= 0.01> <nCl=  0> <al=0.00> <DB= 2932.3500> <Mlp= 2932.3500> <PB=10000000> 
    RCSP exact solver info for graph G_0 : TT = 0.004658, pt = 0.000659, dt = 0.003191, ct = 0.000344, ndl = 1274', bdl = 6436', odl = 1979', odf = 11495', bsi = 1038', cnt = 3427', bdch = 34161', odch = 12297', lcp = 9032', #sols = 150
    RCSP exact solver info for graph G_0 : TT = 0.00436, pt = 0.000649, dt = 0.002886, ct = 0.000337, ndl = 1343', bdl = 6069', odl = 1929', odf = 11564', bsi = 1122', cnt = 3117', bdch = 33685', odch = 12458', lcp = 9174', #sols = 150
<DWph=0> <it=  3> <et=6.44> <Mt= 0.00> <Spt= 0.02> <nCl= 36> <al=0.00> <DB= 2932.3500> <Mlp= 2932.3500> <PB=10000000> 
RCSP solver dynamic params and stats :  bidir.bord. = 455.5 aver.obdmd = 9.09677 aver.buck.num. = 11.2903 nbR1C = 42 with avMem = 24.619
@@ 2 0 2932.35 0.003379 0.003535 44.5488 6.44
    Full reduced cost fixing is not called (gap ratio is 0.999994)
ColGenEvalAlg final dual bound: 2932.35 (rounded: 2932.35)
Current active cuts : R1C(42,335.112) 3rowPackR1C(29) 4rowPackR1C(13)
18 Rank-1 3-rows pack. cuts added ,  max viol. = 0.5, aver. viol. = 0.5
Building structures for heuristic rank-1 packing cut separation...done!
22 Rank-1 4-rows pack. cuts added ,  max viol. = 0.5, aver. viol. = 0.5
100 Rank-1 5-rows pack. cuts added ,  max viol. = 0.5, aver. viol. = 0.4875
Shrinking heuristic shrunk 37 edges
----- Add fac. cuts : R1C(140), max.viol = 0.5, aver.viol = 0.5, sep/add took 0.134092/0.136832 sec. -----
3912 columns (3912 active), 186 dyn. constrs. (182 active), 308 art. vars. (304 active)
<DWph=2> <it=  1> <et=6.73> <Mt= 0.01> <Spt= 0.01> <nCl=  0> <al=0.00> <DB= 2932.4816> <Mlp= 2932.4816> <PB=10000000> 
<DWph=1> <it=  2> <et=6.74> <Mt= 0.00> <Spt= 0.01> <nCl=  0> <al=0.00> <DB= 2932.4816> <Mlp= 2932.4816> <PB=10000000> 
    RCSP exact solver info for graph G_0 : TT = 0.005553, pt = 0.000972, dt = 0.0034, ct = 0.000436, ndl = 1337', bdl = 6539', odl = 2007', odf = 11775', bsi = 1059', cnt = 3465', bdch = 36440', odch = 13528', lcp = 9789', #sols = 150
    RCSP exact solver info for graph G_0 : TT = 0.004212, pt = 0.000612, dt = 0.00275, ct = 0.000375, ndl = 1337', bdl = 6539', odl = 2007', odf = 11775', bsi = 1059', cnt = 3465', bdch = 36440', odch = 13528', lcp = 9789', #sols = 150
<DWph=0> <it=  3> <et=6.76> <Mt= 0.00> <Spt= 0.01> <nCl= 20> <al=0.00> <DB= 2932.4816> <Mlp= 2932.4816> <PB=10000000> 
RCSP solver dynamic params and stats :  bidir.bord. = 468.7 aver.obdmd = 9.09677 aver.buck.num. = 11.2903 nbR1C = 40 with avMem = 23.8
@@ 2 1 2932.48 0.0034805 0.003836 44.5488 6.76
    Full reduced cost fixing is not called (gap ratio is 0.999994)
ColGenEvalAlg final dual bound: 2932.48 (rounded: 2932.48)
False gap improvement since the last cut separation : 0.000448715 (2932.35)
Cut generation tailing off counter increased to 1
Current active cuts : R1C(40,335.612) 3rowPackR1C(27) 4rowPackR1C(13)
1 Rank-1 1-rows pack. cuts added ,  max viol. = 0.0526316, aver. viol. = 0.0526316
150 Rank-1 3-rows pack. cuts added ,  max viol. = 0.421053, aver. viol. = 0.232982
Building structures for heuristic rank-1 packing cut separation...done!
49 Rank-1 4-rows pack. cuts added ,  max viol. = 0.421053, aver. viol. = 0.349087
100 Rank-1 5-rows pack. cuts added ,  max viol. = 0.421053, aver. viol. = 0.421053
Shrinking heuristic shrunk 33 edges
----- Add fac. cuts : R1C(300), max.viol = 0.473684, aver.viol = 0.322105, sep/add took 0.164836/0.316368 sec. -----
3932 columns (3932 active), 486 dyn. constrs. (342 active), 608 art. vars. (464 active)
<DWph=2> <it=  1> <et=7.26> <Mt= 0.00> <Spt= 0.01> <nCl=  0> <al=0.00> <DB= 2932.5000> <Mlp= 2932.5000> <PB=10000000> 
<DWph=1> <it=  2> <et=7.27> <Mt= 0.01> <Spt= 0.01> <nCl=  0> <al=0.00> <DB= 2932.5000> <Mlp= 2932.5000> <PB=10000000> 
    RCSP exact solver info for graph G_0 : TT = 0.004531, pt = 0.000688, dt = 0.002911, ct = 0.000431, ndl = 1292', bdl = 6301', odl = 1952', odf = 11502', bsi = 1075', cnt = 3340', bdch = 33331', odch = 12420', lcp = 9024', #sols = 150
    RCSP exact solver info for graph G_0 : TT = 0.003997, pt = 0.000592, dt = 0.002675, ct = 0.000311, ndl = 1292', bdl = 6301', odl = 1952', odf = 11502', bsi = 1075', cnt = 3340', bdch = 33331', odch = 12420', lcp = 9024', #sols = 150
<DWph=0> <it=  3> <et=7.29> <Mt= 0.00> <Spt= 0.02> <nCl=  3> <al=0.00> <DB= 2932.5000> <Mlp= 2932.5000> <PB=10000000> 
RCSP solver dynamic params and stats :  bidir.bord. = 468.7 aver.obdmd = 9.09677 aver.buck.num. = 11.2903 nbR1C = 41 with avMem = 24.439
@@ 2 2 2932.5 0.003164 0.003342 44.5488 7.29
    Full reduced cost fixing is not called (gap ratio is 0.999994)
ColGenEvalAlg final dual bound: 2932.5 (rounded: 2932.5)
False gap improvement since the last cut separation : 6.28173e-05 (2932.48)
Cut generation tailing off counter increased to 2
Current active cuts : R1C(41,335.7) 3rowPackR1C(28) 4rowPackR1C(13)
Building structures for heuristic rank-1 packing cut separation...done!
100 Rank-1 5-rows pack. cuts added ,  max viol. = 0.25, aver. viol. = 0.25
Shrinking heuristic shrunk 38 edges
----- Add fac. cuts : R1C(100), max.viol = 0.5, aver.viol = 0.5, sep/add took 0.126549/0.107785 sec. -----
3935 columns (3935 active), 449 dyn. constrs. (144 active), 708 art. vars. (266 active)
<DWph=2> <it=  1> <et=7.55> <Mt= 0.00> <Spt= 0.01> <nCl=  0> <al=0.00> <DB= 2932.5000> <Mlp= 2932.5000> <PB=10000000> 
<DWph=1> <it=  2> <et=7.56> <Mt= 0.00> <Spt= 0.00> <nCl=  0> <al=0.00> <DB= 2932.5000> <Mlp= 2932.5000> <PB=10000000> 
<DWph=0> <it=  3> <et=7.56> <Mt= 0.00> <Spt= 0.00> <nCl=  0> <al=0.30> <DB= 2932.5000> <Mlp= 2932.5000> <PB=10000000> 
@@ 2 3 2932.5 0 0 44.5488 7.56
ColGenEvalAlg final dual bound: 2932.5 (rounded: 2932.5)
False gap improvement since the last cut separation : -4.65215e-15 (2932.5)
----- Cut generation is stopped due to tailing off -----
Current active cuts : R1C(41,335.7) 3rowPackR1C(28) 4rowPackR1C(13)
**** SB phase 3 evaluation of candidate 1, branch 2 ( [ colGenSp ] <= 6 ), value = 1e+12
<DWph=2> <it=  1> <et=7.72> <Mt= 0.11> <Spt= 0.01> <nCl= 19> <al=0.50> <DB= 2928.4796> <Mlp= 2942.6176> <PB=10000000> 
<DWph=2> <it=  2> <et=7.72> <Mt= 0.00> <Spt= 0.00> <nCl= 21> <al=0.55> <DB= 2922.3254> <Mlp= 2942.0240> <PB=10000000> 
<DWph=2> <it=  3> <et=7.73> <Mt= 0.01> <Spt= 0.01> <nCl=  6> <al=0.60> <DB= 2937.9706> <Mlp= 2941.6240> <PB=10000000> 
<DWph=2> <it=  4> <et=7.74> <Mt= 0.00> <Spt= 0.00> <nCl=  9> <al=0.50> <DB= 2922.9885> <Mlp= 2941.6240> <PB=10000000> 
<DWph=2> <it=  5> <et=7.75> <Mt= 0.00> <Spt= 0.01> <nCl=  1> <al=0.55> <DB= 2939.6216> <Mlp= 2941.6033> <PB=10000000> 
<DWph=2> <it=  6> <et=7.75> <Mt= 0.00> <Spt= 0.00> <nCl=  3> <al=0.45> <DB= 2939.0364> <Mlp= 2941.6033> <PB=10000000> 
<DWph=2> <it=  7> <et=7.76> <Mt= 0.00> <Spt= 0.01> <nCl=  2> <al=0.00> <DB= 2938.8883> <Mlp= 2941.5417> <PB=10000000> 
<DWph=2> <it=  8> <et=7.77> <Mt= 0.00> <Spt= 0.01> <nCl=  1> <al=0.40> <DB= 2936.3756> <Mlp= 2941.4917> <PB=10000000> 
<DWph=2> <it=  9> <et=7.78> <Mt= 0.00> <Spt= 0.00> <nCl= 20> <al=0.00> <DB= 2941.4917> <Mlp= 2941.4917> <PB=10000000> 
<DWph=1> <it= 10> <et=7.78> <Mt= 0.01> <Spt= 0.01> <nCl= 13> <al=0.36> <DB= 2879.1786> <Mlp= 2941.4917> <PB=10000000> 
<DWph=1> <it= 11> <et=7.79> <Mt= 0.00> <Spt= 0.00> <nCl= 10> <al=0.36> <DB= 2919.0057> <Mlp= 2941.4917> <PB=10000000> 
<DWph=1> <it= 12> <et=7.79> <Mt= 0.00> <Spt= 0.01> <nCl= 11> <al=0.26> <DB= 2917.0108> <Mlp= 2941.4917> <PB=10000000> 
<DWph=1> <it= 13> <et=7.80> <Mt= 0.00> <Spt= 0.00> <nCl=  3> <al=0.33> <DB= 2933.9640> <Mlp= 2941.4917> <PB=10000000> 
<DWph=1> <it= 14> <et=7.81> <Mt= 0.00> <Spt= 0.01> <nCl=  9> <al=0.23> <DB= 2919.2917> <Mlp= 2941.4917> <PB=10000000> 
<DWph=1> <it= 15> <et=7.81> <Mt= 0.00> <Spt= 0.00> <nCl= 18> <al=0.23> <DB= 2919.2877> <Mlp= 2941.4865> <PB=10000000> 
<DWph=1> <it= 16> <et=7.82> <Mt= 0.01> <Spt= 0.00> <nCl= 10> <al=0.31> <DB= 2933.1289> <Mlp= 2941.1833> <PB=10000000> 
<DWph=1> <it= 17> <et=7.83> <Mt= 0.00> <Spt= 0.01> <nCl= 10> <al=0.00> <DB= 2941.1833> <Mlp= 2941.1833> <PB=10000000> 
    RCSP exact solver info for graph G_0 : TT = 0.003511, pt = 0.000282, dt = 0.002562, ct = 0.000349, ndl = 1593', bdl = 7092', odl = 1946', odf = 10353', bsi = 1382', cnt = 5331', bdch = 39445', odch = 13034', lcp = 11346', #sols = 150
<DWph=0> <it= 18> <et=7.84> <Mt= 0.00> <Spt= 0.01> <nCl= 85> <al=0.11> <DB= 2832.4262> <Mlp= 2941.1833> <PB=10000000> 
    RCSP exact solver info for graph G_0 : TT = 0.004406, pt = 0.000391, dt = 0.003154, ct = 0.000385, ndl = 1456', bdl = 6481', odl = 1838', odf = 9776', bsi = 1312', cnt = 4102', bdch = 33686', odch = 11189', lcp = 9403', #sols = 150
<DWph=0> <it= 19> <et=7.85> <Mt= 0.00> <Spt= 0.01> <nCl= 38> <al=0.01> <DB= 2937.2746> <Mlp= 2941.1250> <PB=10000000> 
    RCSP exact solver info for graph G_0 : TT = 0.003978, pt = 0.000324, dt = 0.002825, ct = 0.000462, ndl = 1444', bdl = 6680', odl = 1842', odf = 9999', bsi = 1320', cnt = 4247', bdch = 34392', odch = 11294', lcp = 9408', #sols = 150
<DWph=0> <it= 20> <et=7.86> <Mt= 0.00> <Spt= 0.01> <nCl= 34> <al=0.00> <DB= 2938.0750> <Mlp= 2941.1250> <PB=10000000> 
    RCSP exact solver info for graph G_0 : TT = 0.003665, pt = 0.000344, dt = 0.002559, ct = 0.000376, ndl = 1408', bdl = 6156', odl = 1720', odf = 9262', bsi = 1300', cnt = 4073', bdch = 31219', odch = 10415', lcp = 8423', #sols = 150
<DWph=0> <it= 21> <et=7.87> <Mt= 0.00> <Spt= 0.01> <nCl= 20> <al=0.00> <DB= 2941.1049> <Mlp= 2941.1049> <PB=10000000> 
RCSP solver dynamic params and stats :  bidir.bord. = 479.5 aver.obdmd = 9.09677 aver.buck.num. = 11.2903 nbR1C = 22 with avMem = 22.3636
@@ 3 0 2941.1 0.003168 0.003539 41.0815 7.87
    Full reduced cost fixing is not called (gap ratio is 0.999993)
ColGenEvalAlg final dual bound: 2941.1 (rounded: 2941.1)
Current active cuts : R1C(22,391.561) 3rowPackR1C(16) 4rowPackR1C(6)
4 Rank-1 1-rows pack. cuts added ,  max viol. = 0.163934, aver. viol. = 0.110656
150 Rank-1 3-rows pack. cuts added ,  max viol. = 0.47541, aver. viol. = 0.15377
Shrinking heuristic shrunk 21 edges
----- Add fac. cuts : R1C(154), max.viol = 0.47541, aver.viol = 0.153502, sep/add took 0.00677372/0.142467 sec. -----
4278 columns (4216 active), 305 dyn. constrs. (176 active), 427 art. vars. (298 active)
<DWph=2> <it=  1> <et=8.05> <Mt= 0.02> <Spt= 0.00> <nCl= 21> <al=0.50> <DB= 2840.9268> <Mlp= 2952.5900> <PB=10000000> 
<DWph=2> <it=  2> <et=8.07> <Mt= 0.01> <Spt= 0.01> <nCl= 15> <al=0.55> <DB= 2909.9295> <Mlp= 2950.6280> <PB=10000000> 
<DWph=2> <it=  3> <et=8.08> <Mt= 0.01> <Spt= 0.01> <nCl=  9> <al=0.19> <DB= 2944.3075> <Mlp= 2949.6698> <PB=10000000> 
<DWph=2> <it=  4> <et=8.09> <Mt= 0.00> <Spt= 0.01> <nCl= 21> <al=0.00> <DB= 2795.8214> <Mlp= 2949.6698> <PB=10000000> 
<DWph=2> <it=  5> <et=8.10> <Mt= 0.00> <Spt= 0.00> <nCl=  6> <al=0.40> <DB= 2932.6334> <Mlp= 2949.1807> <PB=10000000> 
<DWph=2> <it=  6> <et=8.11> <Mt= 0.00> <Spt= 0.01> <nCl=  4> <al=0.46> <DB= 2935.2887> <Mlp= 2949.1807> <PB=10000000> 
<DWph=2> <it=  7> <et=8.11> <Mt= 0.00> <Spt= 0.00> <nCl=  4> <al=0.51> <DB= 2941.3774> <Mlp= 2949.1807> <PB=10000000> 
<DWph=2> <it=  8> <et=8.12> <Mt= 0.01> <Spt= 0.01> <nCl=  4> <al=0.41> <DB= 2942.1796> <Mlp= 2949.1807> <PB=10000000> 
<DWph=2> <it=  9> <et=8.13> <Mt= 0.00> <Spt= 0.00> <nCl=  4> <al=0.00> <DB= 2949.1687> <Mlp= 2949.1687> <PB=10000000> 
<DWph=1> <it= 10> <et=8.13> <Mt= 0.00> <Spt= 0.01> <nCl= 19> <al=0.37> <DB= 2878.0963> <Mlp= 2949.1687> <PB=10000000> 
<DWph=1> <it= 11> <et=8.15> <Mt= 0.00> <Spt= 0.01> <nCl= 15> <al=0.00> <DB= 2923.0476> <Mlp= 2948.5946> <PB=10000000> 
<DWph=1> <it= 12> <et=8.16> <Mt= 0.00> <Spt= 0.01> <nCl=  9> <al=0.00> <DB= 2941.9946> <Mlp= 2948.5946> <PB=10000000> 
<DWph=1> <it= 13> <et=8.17> <Mt= 0.01> <Spt= 0.00> <nCl=  3> <al=0.07> <DB= 2901.9923> <Mlp= 2948.5201> <PB=10000000> 
<DWph=1> <it= 14> <et=8.18> <Mt= 0.00> <Spt= 0.01> <nCl= 17> <al=0.16> <DB= 2931.4374> <Mlp= 2948.4561> <PB=10000000> 
<DWph=1> <it= 15> <et=8.19> <Mt= 0.00> <Spt= 0.01> <nCl= 12> <al=0.00> <DB= 2942.6485> <Mlp= 2948.4561> <PB=10000000> 
    RCSP exact solver info for graph G_0 : TT = 0.004181, pt = 0.000451, dt = 0.002964, ct = 0.000402, ndl = 1683', bdl = 7307', odl = 2124', odf = 11236', bsi = 1454', cnt = 6236', bdch = 44947', odch = 14199', lcp = 14082', #sols = 150
<DWph=0> <it= 16> <et=8.20> <Mt= 0.00> <Spt= 0.01> <nCl= 73> <al=0.00> <DB= 2895.8427> <Mlp= 2948.4561> <PB=10000000> 
    RCSP exact solver info for graph G_0 : TT = 0.00539, pt = 0.000577, dt = 0.003725, ct = 0.000537, ndl = 1508', bdl = 7072', odl = 1927', odf = 10166', bsi = 1380', cnt = 4869', bdch = 38046', odch = 10537', lcp = 11223', #sols = 150
<DWph=0> <it= 17> <et=8.22> <Mt= 0.01> <Spt= 0.02> <nCl= 41> <al=0.07> <DB= 2939.3008> <Mlp= 2947.8007> <PB=10000000> 
    RCSP exact solver info for graph G_0 : TT = 0.004564, pt = 0.000558, dt = 0.003036, ct = 0.000446, ndl = 1509', bdl = 7157', odl = 1907', odf = 10084', bsi = 1377', cnt = 4810', bdch = 37840', odch = 10566', lcp = 11077', #sols = 150
<DWph=0> <it= 18> <et=8.24> <Mt= 0.00> <Spt= 0.01> <nCl= 38> <al=0.16> <DB= 2944.7548> <Mlp= 2947.7897> <PB=10000000> 
    RCSP exact solver info for graph G_0 : TT = 0.004303, pt = 0.000508, dt = 0.00301, ct = 0.000387, ndl = 1498', bdl = 7050', odl = 1912', odf = 10065', bsi = 1368', cnt = 4734', bdch = 37754', odch = 10622', lcp = 11058', #sols = 150
    RCSP exact solver info for graph G_0 : TT = 0.004257, pt = 0.000462, dt = 0.002991, ct = 0.00041, ndl = 1574', bdl = 7476', odl = 2080', odf = 10782', bsi = 1406', cnt = 5902', bdch = 44048', odch = 12314', lcp = 13116', #sols = 150
<DWph=0> <it= 19> <et=8.26> <Mt= 0.00> <Spt= 0.02> <nCl= 75> <al=0.00> <DB= 2947.7886> <Mlp= 2947.7886> <PB=10000000> 
RCSP solver dynamic params and stats :  bidir.bord. = 491.5 aver.obdmd = 9.09677 aver.buck.num. = 11.2903 nbR1C = 32 with avMem = 20.6875
@@ 3 1 2947.79 0.0035816 0.004262 44.5488 8.26
    Full reduced cost fixing is not called (gap ratio is 0.999992)
ColGenEvalAlg final dual bound: 2947.79 (rounded: 2947.79)
False gap improvement since the last cut separation : 0.022725 (2941.1)
Current active cuts : R1C(1+31,459.932) 1rowPackR1C(1) 3rowPackR1C(28) 4rowPackR1C(3)
2 Rank-1 1-rows pack. cuts added ,  max viol. = 0.117967, aver. viol. = 0.0862069
150 Rank-1 3-rows pack. cuts added ,  max viol. = 0.326679, aver. viol. = 0.200278
Shrinking heuristic shrunk 16 edges
----- Add fac. cuts : R1C(152), max.viol = 0.326679, aver.viol = 0.19953, sep/add took 0.00900607/0.168363 sec. -----
4668 columns (4606 active), 457 dyn. constrs. (186 active), 579 art. vars. (308 active)
<DWph=2> <it=  1> <et=8.47> <Mt= 0.02> <Spt= 0.00> <nCl= 13> <al=0.50> <DB= 2946.7943> <Mlp= 2952.4000> <PB=10000000> 
<DWph=2> <it=  2> <et=8.49> <Mt= 0.00> <Spt= 0.02> <nCl= 14> <al=0.10> <DB= 2947.6139> <Mlp= 2952.3000> <PB=10000000> 
<DWph=2> <it=  3> <et=8.50> <Mt= 0.01> <Spt= 0.01> <nCl=  8> <al=0.00> <DB= 2952.3000> <Mlp= 2952.3000> <PB=10000000> 
<DWph=1> <it=  4> <et=8.51> <Mt= 0.00> <Spt= 0.00> <nCl=  6> <al=0.35> <DB= 2931.9000> <Mlp= 2952.3000> <PB=10000000> 
<DWph=1> <it=  5> <et=8.55> <Mt= 0.03> <Spt= 0.01> <nCl=  4> <al=0.25> <DB= 2947.1881> <Mlp= 2952.2841> <PB=10000000> 
<DWph=1> <it=  6> <et=8.56> <Mt= 0.01> <Spt= 0.00> <nCl=  2> <al=0.15> <DB= 2944.6735> <Mlp= 2952.2827> <PB=10000000> 
<DWph=1> <it=  7> <et=8.57> <Mt= 0.00> <Spt= 0.02> <nCl=  7> <al=0.00> <DB= 2946.8827> <Mlp= 2952.2827> <PB=10000000> 
<DWph=1> <it=  8> <et=8.58> <Mt= 0.00> <Spt= 0.01> <nCl=  7> <al=0.00> <DB= 2946.8827> <Mlp= 2952.2827> <PB=10000000> 
<DWph=1> <it=  9> <et=8.60> <Mt= 0.00> <Spt= 0.01> <nCl=  4> <al=0.00> <DB= 2946.8827> <Mlp= 2952.2827> <PB=10000000> 
<DWph=1> <it= 10> <et=8.60> <Mt= 0.01> <Spt= 0.00> <nCl=  0> <al=0.00> <DB= 2946.8827> <Mlp= 2951.8500> <PB=10000000> 
    RCSP exact solver info for graph G_0 : TT = 0.005367, pt = 0.000671, dt = 0.003565, ct = 0.000574, ndl = 1706', bdl = 7879', odl = 1816', odf = 10234', bsi = 1437', cnt = 5865', bdch = 43175', odch = 12745', lcp = 12073', #sols = 150
<DWph=0> <it= 11> <et=8.62> <Mt= 0.00> <Spt= 0.01> <nCl= 76> <al=0.00> <DB= 2864.0192> <Mlp= 2951.8500> <PB=10000000> 
    RCSP exact solver info for graph G_0 : TT = 0.005679, pt = 0.000761, dt = 0.003851, ct = 0.000503, ndl = 1874', bdl = 8173', odl = 2007', odf = 11212', bsi = 1471', cnt = 6599', bdch = 51180', odch = 15528', lcp = 15575', #sols = 150
<DWph=0> <it= 12> <et=8.70> <Mt= 0.06> <Spt= 0.02> <nCl= 82> <al=0.00> <DB= 2942.2536> <Mlp= 2951.6195> <PB=10000000> 
    RCSP exact solver info for graph G_0 : TT = 0.006019, pt = 0.00071, dt = 0.004045, ct = 0.000657, ndl = 1937', bdl = 9072', odl = 2107', odf = 11693', bsi = 1538', cnt = 6772', bdch = 56564', odch = 16546', lcp = 17150', #sols = 150
<DWph=0> <it= 13> <et=8.72> <Mt= 0.00> <Spt= 0.02> <nCl= 40> <al=0.00> <DB= 2948.1417> <Mlp= 2951.5647> <PB=10000000> 
    RCSP exact solver info for graph G_0 : TT = 0.005071, pt = 0.000713, dt = 0.003342, ct = 0.000456, ndl = 1781', bdl = 7928', odl = 1969', odf = 10839', bsi = 1502', cnt = 6132', bdch = 47017', odch = 13730', lcp = 14349', #sols = 150
    RCSP exact solver info for graph G_0 : TT = 0.005396, pt = 0.000642, dt = 0.003632, ct = 0.000559, ndl = 1843', bdl = 8470', odl = 2001', odf = 11126', bsi = 1491', cnt = 7031', bdch = 50610', odch = 15150', lcp = 14839', #sols = 150
<DWph=0> <it= 14> <et=8.74> <Mt= 0.00> <Spt= 0.02> <nCl= 20> <al=0.00> <DB= 2951.5519> <Mlp= 2951.5519> <PB=10000000> 
RCSP solver dynamic params and stats :  bidir.bord. = 491.5 aver.obdmd = 9.09677 aver.buck.num. = 11.2903 nbR1C = 40 with avMem = 21.65
@@ 3 2 2951.55 0.0042368 0.004702 44.5488 8.74
    Full reduced cost fixing is not called (gap ratio is 0.999992)
ColGenEvalAlg final dual bound: 2951.55 (rounded: 2951.55)
False gap improvement since the last cut separation : 0.0127666 (2947.79)
Separator R1C not in maximum phase
Cut generation tailing off counter increased to 0
Current active cuts : R1C(2+38,433.145) 1rowPackR1C(2) 3rowPackR1C(35) 4rowPackR1C(3)
3 Rank-1 1-rows pack. cuts added ,  max viol. = 0.0661512, aver. viol. = 0.0521191
150 Rank-1 3-rows pack. cuts added ,  max viol. = 0.230241, aver. viol. = 0.105424
Building structures for heuristic rank-1 packing cut separation...done!
100 Rank-1 4-rows pack. cuts added ,  max viol. = 0.290378, aver. viol. = 0.121873
Shrinking heuristic shrunk 16 edges
----- Add fac. cuts : R1C(253), max.viol = 0.290378, aver.viol = 0.112855, sep/add took 0.0379915/0.314048 sec. -----
4951 columns (4889 active), 574 dyn. constrs. (299 active), 832 art. vars. (421 active)
Shrinking heuristic shrunk 54 edges
<DWph=2> <it=  1> <et=9.13> <Mt= 0.01> <Spt= 0.01> <nCl=  1> <al=0.00> <DB= 2952.8000> <Mlp= 2952.8000> <PB=2952.8> 
<DWph=1> <it=  2> <et=9.14> <Mt= 0.00> <Spt= 0.01> <nCl=  0> <al=0.00> <DB= 2952.8000> <Mlp= 2952.8000> <PB=2952.8> 
    RCSP exact solver info for graph G_0 : TT = 0.006188, pt = 0.001197, dt = 0.003821, ct = 0.000538, ndl = 1639', bdl = 7800', odl = 1813', odf = 10046', bsi = 1494', cnt = 5440', bdch = 40014', odch = 11704', lcp = 10829', #sols = 150
<DWph=0> <it=  3> <et=9.15> <Mt= 0.01> <Spt= 0.01> <nCl= 18> <al=0.30> <DB= 2949.6500> <Mlp= 2952.8000> <PB=2952.8> 
    RCSP exact solver info for graph G_0 : TT = 0.005448, pt = 0.000903, dt = 0.003455, ct = 0.000447, ndl = 1650', bdl = 8115', odl = 1837', odf = 10240', bsi = 1537', cnt = 5093', bdch = 40951', odch = 12152', lcp = 11108', #sols = 150
    RCSP exact solver info for graph G_0 : TT = 0.004426, pt = 0.000663, dt = 0.002798, ct = 0.000473, ndl = 1872', bdl = 7406', odl = 1967', odf = 11237', bsi = 1494', cnt = 6052', bdch = 47272', odch = 16453', lcp = 14615', #sols = 150
<DWph=0> <it=  4> <et=9.18> <Mt= 0.00> <Spt= 0.03> <nCl= 25> <al=0.00> <DB= 2952.8000> <Mlp= 2952.8000> <PB=2952.8> 
RCSP solver dynamic params and stats :  bidir.bord. = 466.9 aver.obdmd = 9.09677 aver.buck.num. = 11.2903 nbR1C = 51 with avMem = 23.3725
@@ 3 3 2952.8 0.003844 0.004359 44.5488 9.18
ColGenEvalAlg final dual bound: 2952.8 (rounded: 2952.8)
Gap improvement since the last cut separation : 1 (2951.55)
Current active cuts : R1C(3+48,443.537) 1rowPackR1C(3) 3rowPackR1C(45) 4rowPackR1C(3)
SB exact phase 3 branch on colGenSp (6.5) : [2932.5, 2952.8], tree depth = 1e+12, tree size = 1e+12, score = -0.08824
SB with phases chosed candidate colGenSp (6.5)
New model incumbent solution 2952.8, TIME = 0h0m9s20t = 920
************************************************************************************************
**** BaB tree node (N° 2, parent N° 1, depth 1, treatOrderId 2)
**** Local DB = 2932.5, branch: [ colGenSp ] >= 7 , global bounds : [ 2932.5 , 2952.8 ], TIME = 0h0m9s20t = 920
**** 2 open nodes, ETS : 5, 4995 columns (4933 active), 436 dyn. constrs. (299 active), 558 art. vars. (421 active)
************************************************************************************************
**** Strong branching phase 1 is started *****
SB phase 1 cand.  1 branch on var x[(0, 27)]_0_1586_0_OspV (lhs=0.5000) : [ 2936.3063,  2947.7000], score = 57.86      <et=9.27>
SB phase 1 cand.  2 branch on var x[(0, 38)]_0_2257_0_OspV (lhs=0.5000) : [ 2932.8429,  2942.9500], score = 3.58      <et=9.29>
SB phase 1 cand.  3 branch on var x[(1, 35)]_0_35_0_OspV (lhs=0.5000)   : [ 2932.8429,  2942.9500], score = 3.58      <et=9.32>
SB phase 1 cand.  4 branch on var x[(1, 39)]_0_39_0_OspV (lhs=0.5000)   : [ 2932.8429,  2947.7000], score = 5.21      <et=9.34>
SB phase 1 cand.  5 branch on var x[(13, 15)]_0_747_0_OspV (lhs=0.5000) : [ 2932.8429,  2935.1500], score = 0.91      <et=9.35>
SB phase 1 cand.  6 branch on var x[(13, 20)]_0_752_0_OspV (lhs=0.5000) : [ 2932.8429,  2945.8333], score = 4.57      <et=9.37>
SB phase 1 cand.  7 branch on var x[(14, 19)]_0_812_0_OspV (lhs=0.5000) : [ 2939.4722,  2942.9500], score = 72.86      <et=9.41>
SB phase 1 cand.  8 branch on var x[(14, 41)]_0_834_0_OspV (lhs=0.5000) : [ 2932.8429,  2962.1957], score = 6.96      <et=9.43>
SB phase 1 cand.  9 branch on var x[(18, 2)]_0_1040_0_OspV (lhs=0.5000) : [ 2933.2500,  2936.3778], score = 2.91      <et=9.45>
SB phase 1 cand. 10 branch on var x[(18, 21)]_0_1058_0_OspV (lhs=0.5000): [ 2936.1222,  2940.0909], score = 27.50      <et=9.49>
SB phase 1 cand. 11 branch on var x[(20, 46)]_0_1205_0_OspV (lhs=0.5000): [ 2932.8429,  2948.6000], score = 5.52      <et=9.52>
SB phase 1 cand. 12 branch on var x[(20, 5)]_0_1165_0_OspV (lhs=0.5000) : [ 2932.8429,  2936.2750], score = 1.29      <et=9.53>
SB phase 1 cand. 13 branch on var x[(26, 2)]_0_1528_0_OspV (lhs=0.5000) : [ 2933.2500,  2936.1222], score = 2.72      <et=9.56>
SB phase 1 cand. 14 branch on var x[(26, 50)]_0_1575_0_OspV (lhs=0.5000): [ 2932.8429,  2942.9500], score = 3.58      <et=9.58>
SB phase 1 cand. 15 branch on var x[(30, 13)]_0_1783_0_OspV (lhs=0.5000): [ 2932.8429,  2946.9900], score = 4.97      <et=9.61>
SB phase 1 cand. 16 branch on var x[(30, 39)]_0_1808_0_OspV (lhs=0.5000): [ 2932.8429,  2943.4529], score = 3.76      <et=9.62>
SB phase 1 cand. 17 branch on var x[(31, 38)]_0_1868_0_OspV (lhs=0.5000): [ 2934.3333,  2958.6226], score = 37.22      <et=9.65>
SB phase 1 cand. 18 branch on var x[(31, 53)]_0_1883_0_OspV (lhs=0.5000): [ 2933.8500,  2942.9500], score = 14.11      <et=9.67>
SB phase 1 cand. 19 branch on var x[(33, 35)]_0_1987_0_OspV (lhs=0.5000): [ 2932.8429,  2942.9500], score = 3.58      <et=9.69>
SB phase 1 cand. 20 branch on var x[(33, 50)]_0_2002_0_OspV (lhs=0.5000): [ 2932.8429,  2942.9500], score = 3.58      <et=9.72>
SB phase 1 cand. 21 branch on var x[(38, 21)]_0_2279_0_OspV (lhs=0.5000): [ 2933.3483,  2942.9500], score = 8.86      <et=9.74>
SB phase 1 cand. 22 branch on var x[(38, 53)]_0_2310_0_OspV (lhs=0.5000): [ 2933.8500,  2942.9500], score = 14.11      <et=9.77>
SB phase 1 cand. 23 branch on var x[(39, 13)]_0_2332_0_OspV (lhs=0.5000): [ 2932.8429,  2943.5400], score = 3.79      <et=9.79>
SB phase 1 cand. 24 branch on var x[(39, 25)]_0_2344_0_OspV (lhs=0.5000): [ 2932.8429,  2947.7000], score = 5.21      <et=9.81>
SB phase 1 cand. 25 branch on var x[(41, 12)]_0_2453_0_OspV (lhs=0.5000): [ 2932.8429,  2969.9000], score = 6.96      <et=9.84>
SB phase 1 cand. 26 branch on var x[(41, 37)]_0_2478_0_OspV (lhs=0.5000): [ 2936.3500,  2940.6700], score = 31.45      <et=9.87>
SB phase 1 cand. 27 branch on var x[(45, 20)]_0_2705_0_OspV (lhs=0.5000): [ 2932.8429,  2936.2750], score = 1.29      <et=9.88>
SB phase 1 cand. 28 branch on var x[(45, 5)]_0_2690_0_OspV (lhs=0.5000) : [ 2932.8429,  2936.2750], score = 1.29      <et=9.9>
SB phase 1 cand. 29 branch on var x[(47, 19)]_0_2826_0_OspV (lhs=0.5000): [ 2934.3333,  2969.7917], score = 37.22      <et=9.93>
SB phase 1 cand. 30 branch on var x[(47, 41)]_0_2848_0_OspV (lhs=0.5000): [ 2936.5132,  2942.9500], score = 41.94      <et=9.96>
SB phase 1 cand. 31 branch on var x[(5, 0)]_0_245_0_OspV (lhs=0.5000)   : [ 2932.8429,  2948.6000], score = 5.52      <et=9.98>
SB phase 1 cand. 32 branch on var x[(5, 46)]_0_290_0_OspV (lhs=0.5000)  : [ 2932.8429,  2948.6000], score = 5.52      <et=10>
SB phase 1 cand. 33 branch on var x[(51, 37)]_0_3088_0_OspV (lhs=0.5000): [ 2932.8429,  2969.9000], score = 6.96      <et=10.03>
SB phase 1 cand. 34 branch on var x[(51, 4)]_0_3055_0_OspV (lhs=0.5000) : [ 2932.8429,  2969.9000], score = 6.96      <et=10.06>
SB phase 1 cand. 35 branch on var x[(60, 12)]_0_3612_0_OspV (lhs=0.5000): [ 2934.9467,  2938.5266], score = 14.75      <et=10.09>
SB phase 1 cand. 36 branch on var x[(60, 4)]_0_3604_0_OspV (lhs=0.5000) : [ 2932.8222,  2969.9000], score = 6.54      <et=10.11>
SB phase 1 cand. 37 branch on var x[(7, 15)]_0_381_0_OspV (lhs=0.5000)  : [ 2932.8429,  2947.7000], score = 5.21      <et=10.13>
SB phase 1 cand. 38 branch on var x[(7, 25)]_0_391_0_OspV (lhs=0.5000)  : [ 2932.8429,  2942.8714], score = 3.56      <et=10.16>
SB phase 1 cand. 39 branch on var x[(9, 0)]_0_489_0_OspV (lhs=0.5000)   : [ 2932.7167,  2935.1344], score = 0.57      <et=10.18>
SB phase 1 cand. 40 branch on var x[(9, 27)]_0_515_0_OspV (lhs=0.5000)  : [ 2933.6635,  2947.7000], score = 17.69      <et=10.2>
**** Strong branching phase 2 is started *****
<DWph=1> <it= 12> <et=10.30> <Mt= 0.02> <Spt= 0.07> <nCl= 50> <al=0.00> <DB= 2942.9500> <Mlp= 2942.9500> <PB=2952.8> 
<DWph=1> <it= 10> <et=10.43> <Mt= 0.02> <Spt= 0.05> <nCl= 60> <al=0.00> <DB= 2939.4289> <Mlp= 2939.4289> <PB=2952.8> 
SB phase 2 cand.  1 branch on var x[(14, 19)]_0_812_0_OspV (lhs=0.5000) : [ 2939.4289,  2942.9500], score = 72.41      <et=10.43>
Shrinking heuristic shrunk 53 edges
<DWph=1> <it=  5> <et=10.53> <Mt= 0.05> <Spt= 0.03> <nCl= 11> <al=0.00> <DB= 2935.7500> <Mlp= 2935.7500> <PB=2947.7> 
<DWph=1> <it=  3> <et=10.58> <Mt= 0.01> <Spt= 0.03> <nCl= 11> <al=0.00> <DB= 2936.2714> <Mlp= 2936.2714> <PB=2947.7> 
SB phase 2 cand.  2 branch on var x[(0, 27)]_0_1586_0_OspV (lhs=0.5000) : [ 2935.7500,  2936.2714], score = 12.26      <et=10.58>
<DWph=1> <it=  8> <et=10.71> <Mt= 0.06> <Spt= 0.04> <nCl= 32> <al=0.00> <DB= 2942.9500> <Mlp= 2942.9500> <PB=2947.7> 
<DWph=1> <it=  6> <et=10.77> <Mt= 0.02> <Spt= 0.03> <nCl= 34> <al=0.00> <DB= 2936.3000> <Mlp= 2936.3000> <PB=2947.7> 
SB phase 2 cand.  3 branch on var x[(47, 41)]_0_2848_0_OspV (lhs=0.5000): [ 2936.3000,  2942.9500], score = 39.71      <et=10.77>
**** Strong branching phase 3 is started *****
**** SB phase 3 evaluation of candidate 1, branch 1 ( x[(14, 19)]_0_812_0_OspV >= 1 ), value = 2942.95
<DWph=2> <it=  1> <et=10.80> <Mt= 0.00> <Spt= 0.01> <nCl=  0> <al=0.00> <DB= 2942.9500> <Mlp= 2942.9500> <PB=2947.7> 
<DWph=1> <it=  2> <et=10.81> <Mt= 0.00> <Spt= 0.01> <nCl=  0> <al=0.00> <DB= 2942.9500> <Mlp= 2942.9500> <PB=2947.7> 
    RCSP exact solver info for graph G_0 : TT = 0.004914, pt = 0.000417, dt = 0.003652, ct = 0.000323, ndl = 1010', bdl = 5236', odl = 1760', odf = 9589', bsi = 971', cnt = 1827', bdch = 24410', odch = 8904', lcp = 5968', #sols = 150
<DWph=0> <it=  3> <et=10.82> <Mt= 0.00> <Spt= 0.01> <nCl= 66> <al=0.30> <DB= 2724.9500> <Mlp= 2942.9500> <PB=2947.7> 
    RCSP exact solver info for graph G_0 : TT = 0.004891, pt = 0.00064, dt = 0.003393, ct = 0.000327, ndl = 1265', bdl = 5939', odl = 1939', odf = 11352', bsi = 1170', cnt = 2572', bdch = 30685', odch = 12537', lcp = 8623', #sols = 150
<DWph=0> <it=  4> <et=10.87> <Mt= 0.03> <Spt= 0.01> <nCl= 25> <al=0.20> <DB= 2926.9167> <Mlp= 2941.6333> <PB=2947.7> 
    RCSP exact solver info for graph G_0 : TT = 0.005043, pt = 0.000682, dt = 0.003519, ct = 0.000313, ndl = 1196', bdl = 6289', odl = 1874', odf = 10703', bsi = 979', cnt = 2202', bdch = 30408', odch = 10965', lcp = 7851', #sols = 150
<DWph=0> <it=  5> <et=10.88> <Mt= 0.00> <Spt= 0.02> <nCl= 36> <al=0.10> <DB= 2933.1303> <Mlp= 2941.6333> <PB=2947.7> 
    RCSP exact solver info for graph G_0 : TT = 0.005463, pt = 0.000659, dt = 0.003919, ct = 0.000309, ndl = 1248', bdl = 6553', odl = 1957', odf = 11060', bsi = 1018', cnt = 2187', bdch = 34272', odch = 12502', lcp = 8949', #sols = 150
<DWph=0> <it=  6> <et=10.89> <Mt= 0.00> <Spt= 0.01> <nCl= 14> <al=0.19> <DB= 2938.8318> <Mlp= 2941.6333> <PB=2947.7> 
    RCSP exact solver info for graph G_0 : TT = 0.005717, pt = 0.000698, dt = 0.004026, ct = 0.000349, ndl = 1259', bdl = 6776', odl = 1972', odf = 11155', bsi = 1032', cnt = 2156', bdch = 35177', odch = 12730', lcp = 9103', #sols = 150
<DWph=0> <it=  7> <et=10.91> <Mt= 0.01> <Spt= 0.01> <nCl= 19> <al=0.09> <DB= 2940.5772> <Mlp= 2941.6333> <PB=2947.7> 
    RCSP exact solver info for graph G_0 : TT = 0.004517, pt = 0.000513, dt = 0.00316, ct = 0.000304, ndl = 1280', bdl = 6112', odl = 1935', odf = 11425', bsi = 1192', cnt = 2978', bdch = 32797', odch = 12268', lcp = 9028', #sols = 150
<DWph=0> <it=  8> <et=10.92> <Mt= 0.00> <Spt= 0.01> <nCl= 40> <al=0.00> <DB= 2941.6333> <Mlp= 2941.6333> <PB=2947.7> 
RCSP solver dynamic params and stats :  bidir.bord. = 436.1 aver.obdmd = 9.09677 aver.buck.num. = 11.2903 nbR1C = 33 with avMem = 23.0303
@@ 90 0 2941.63 0.00393233 0.004375 44.5488 10.92
RCSP      solver labels distribution in 268 buckets (bucket size) : largest - 30, top 0.1% - 30, top 0.5% - 20, top 2% - 18, top 10% - 10, top 50% - 3
Reduced cost fixing for graph G_0...  TT = 0.00413, pt = 0.001218, dt = 0.002681, ct = 0, ndl = 2258', bdl = 15710', odl = 1316', odf = 8273', lpcb = 34112', cnt = 5861', bdch = 48965', odch = 12185', lcp = 7480'
1171 buck. arcs remain (7.13% from prev., 3.15% from max.) + 1125 jump buck. arcs (3.02% from max.)
Backward reduced cost fixing... 1086 buck. arcs remain (7.97% from prev., 3.02% from max.) + 1218 jump buck. arcs (3.39% from max.)
 TT = 0.008172, pt = 0.001218, dt = 0.002681, ct = 0.003951, ndl = 2258', bdl = 15710', odl = 1316', odf = 8273', lpcb = 34112', cnt = 16144', bdch = 48965', odch = 12185', lcp = 7480'
RCSP      solver labels distribution in 498 buckets (bucket size) : largest - 30, top 0.1% - 30, top 0.5% - 20, top 2% - 17, top 10% - 10, top 50% - 3
Run forward enumeration with border = 436.1... succeeded! lpt = 0.006013, ndl = 1568', dl = 137', lpcb = 4233', dch = 826'
Run backward enumeration... succeeded! lpt = 0.00506, ndl = 926', dl = 8', lpcb = 778', dch = 105'
Run enumeration concatenation with time limit 0.3 sec.... done!
 TT = 0.023912, pt = 0, dt = 0.011073, ct = 0.001817, ndl = 2494', bdl = 145', lpcb = 5011', cnt = 22091', bdch = 931', odch = 0', lcp = 0'
Enumeration succeeded!, number of elem. solutions is 3938
Estimating inspection time...     TT = 0.000933, performed by inspection with 3938 solutions, nbR1C = 33, nbDiscC = 0
Inspection time is low enough. Pricing will be done by inspection.
Added 1632 columns in the formulation 
Removed 2553 columns (not in the enumerated set) from the formulation
Regenerated 1632 columns with the 'enumerated' flag
Added 3114 columns in the formulation 
ColGenEvalAlg final dual bound: 2941.63 (rounded: 2941.63)
Current active cuts : R1C(33,320.083) 3rowPackR1C(23) 4rowPackR1C(9) 5rowPackR1C(1)
----- Terminating the node by MIP -----
Version identifier: 22.1.2.0 | 2024-11-26 | 0edbb82fd
CPXPARAM_Advance                                 0
CPXPARAM_Preprocessing_Linear                    0
CPXPARAM_Threads                                 1
CPXPARAM_MIP_Strategy_CallbackReducedLP          0
CPXPARAM_MIP_Limits_Nodes                        2000000
CPXPARAM_Simplex_Tolerances_Optimality           9.9999999999999995e-08
CPXPARAM_Simplex_Tolerances_Feasibility          9.9999999999999995e-08
CPXPARAM_TimeLimit                               360000
CPXPARAM_MIP_Tolerances_UpperCutoff              2947.6999999999998
CPXPARAM_MIP_Tolerances_MIPGap                   1.0000000000000001e-09
Legacy callback                                  L
Warning: Control callbacks may disable some MIP features.
Tried aggregator 1 time.
MIP Presolve eliminated 177 rows and 4514 columns.
MIP Presolve modified 55732 coefficients.
Reduced MIP has 30 rows, 232 columns, and 1389 nonzeros.
Reduced MIP has 232 binaries, 0 generals, 0 SOSs, and 0 indicators.
Presolve time = 0.15 sec. (306.60 ticks)
Probing fixed 40 vars, tightened 0 bounds.
Probing time = 0.00 sec. (1.64 ticks)
Clique table members: 166.
MIP emphasis: balance optimality and feasibility.
MIP search method: traditional branch-and-cut.
Parallel mode: none, using 1 thread.
Root relaxation solution time = 0.00 sec. (0.27 ticks)
Shrinking heuristic shrunk 53 edges

        Nodes                                         Cuts/
   Node  Left     Objective  IInf  Best Integer    Best Bound    ItCnt     Gap         Variable B NodeID Parent  Depth

*     0     0      integral     0     2947.7000     2947.7000       22    0.00%                        0             0
Elapsed time = 0.15 sec. (309.10 ticks, tree = 0.00 MB, solutions = 1)

Root node processing (before b&c):
  Real time             =    0.15 sec. (309.22 ticks)
Sequential b&c:
  Real time             =    0.00 sec. (0.00 ticks)
                          ------------
Total (root+branch&cut) =    0.15 sec. (309.22 ticks)
Solution status = Optimum
Shrinking heuristic shrunk 53 edges
**** SB phase 3 evaluation of candidate 1, branch 2 ( x[(14, 19)]_0_812_0_OspV <= 0 ), value = 2939.43
<DWph=2> <it=  1> <et=11.61> <Mt= 0.00> <Spt= 0.01> <nCl=  5> <al=0.00> <DB= 2939.4289> <Mlp= 2939.4289> <PB=2947.7> 
<DWph=1> <it=  2> <et=11.61> <Mt= 0.00> <Spt= 0.00> <nCl=  0> <al=0.00> <DB= 2939.4289> <Mlp= 2939.4289> <PB=2947.7> 
    RCSP exact solver info for graph G_0 : TT = 0.004747, pt = 0.000513, dt = 0.003251, ct = 0.000408, ndl = 1307', bdl = 6205', odl = 1949', odf = 10983', bsi = 1083', cnt = 2825', bdch = 33435', odch = 12202', lcp = 9393', #sols = 150
<DWph=0> <it=  3> <et=11.63> <Mt= 0.00> <Spt= 0.02> <nCl= 79> <al=0.30> <DB= 2702.0079> <Mlp= 2939.4289> <PB=2947.7> 
    RCSP exact solver info for graph G_0 : TT = 0.004915, pt = 0.000471, dt = 0.003601, ct = 0.00035, ndl = 1473', bdl = 7274', odl = 2206', odf = 12313', bsi = 1131', cnt = 3355', bdch = 44429', odch = 15598', lcp = 12423', #sols = 150
<DWph=0> <it=  4> <et=11.65> <Mt= 0.00> <Spt= 0.01> <nCl= 45> <al=0.20> <DB= 2858.5977> <Mlp= 2939.2696> <PB=2947.7> 
    RCSP exact solver info for graph G_0 : TT = 0.005001, pt = 0.000525, dt = 0.003549, ct = 0.000388, ndl = 1482', bdl = 6979', odl = 2223', odf = 12496', bsi = 1179', cnt = 3921', bdch = 44160', odch = 16310', lcp = 12949', #sols = 150
<DWph=0> <it=  5> <et=11.66> <Mt= 0.01> <Spt= 0.02> <nCl= 33> <al=0.28> <DB= 2903.5126> <Mlp= 2939.1662> <PB=2947.7> 
    RCSP exact solver info for graph G_0 : TT = 0.005453, pt = 0.000599, dt = 0.003846, ct = 0.000405, ndl = 1404', bdl = 6565', odl = 2099', odf = 11880', bsi = 1153', cnt = 3499', bdch = 38458', odch = 14399', lcp = 11182', #sols = 150
<DWph=0> <it=  6> <et=11.67> <Mt= 0.00> <Spt= 0.01> <nCl= 16> <al=0.35> <DB= 2926.6056> <Mlp= 2939.1500> <PB=2947.7> 
    RCSP exact solver info for graph G_0 : TT = 0.004408, pt = 0.00045, dt = 0.003176, ct = 0.000318, ndl = 1419', bdl = 6545', odl = 2122', odf = 11959', bsi = 1141', cnt = 3742', bdch = 39583', odch = 14868', lcp = 11702', #sols = 150
<DWph=0> <it=  7> <et=11.69> <Mt= 0.00> <Spt= 0.01> <nCl= 24> <al=0.25> <DB= 2935.7874> <Mlp= 2939.1500> <PB=2947.7> 
    RCSP exact solver info for graph G_0 : TT = 0.004371, pt = 0.000433, dt = 0.003128, ct = 0.000337, ndl = 1393', bdl = 6348', odl = 2077', odf = 11575', bsi = 1131', cnt = 3432', bdch = 38279', odch = 14109', lcp = 11321', #sols = 150
    RCSP exact solver info for graph G_0 : TT = 0.004339, pt = 0.000403, dt = 0.003098, ct = 0.000378, ndl = 1428', bdl = 6464', odl = 1993', odf = 11445', bsi = 1126', cnt = 4187', bdch = 36751', odch = 14136', lcp = 10530', #sols = 150
<DWph=0> <it=  8> <et=11.70> <Mt= 0.00> <Spt= 0.01> <nCl= 35> <al=0.00> <DB= 2939.1500> <Mlp= 2939.1500> <PB=2947.7> 
RCSP solver dynamic params and stats :  bidir.bord. = 468.7 aver.obdmd = 9.09677 aver.buck.num. = 11.2903 nbR1C = 28 with avMem = 22.7857
@@ 91 0 2939.15 0.00374757 0.004251 41.0815 11.7
RCSP      solver labels distribution in 268 buckets (bucket size) : largest - 33, top 0.1% - 33, top 0.5% - 23, top 2% - 21, top 10% - 12, top 50% - 3
Reduced cost fixing for graph G_0...  TT = 0.005674, pt = 0.00161, dt = 0.003779, ct = 0, ndl = 2506', bdl = 16486', odl = 1410', odf = 8391', lpcb = 38204', cnt = 9776', bdch = 55105', odch = 15109', lcp = 9636'
1230 buck. arcs remain (7.49% from prev., 3.31% from max.) + 1259 jump buck. arcs (3.38% from max.)
Backward reduced cost fixing... 1181 buck. arcs remain (8.66% from prev., 3.29% from max.) + 1135 jump buck. arcs (3.16% from max.)
 TT = 0.011107, pt = 0.00161, dt = 0.003779, ct = 0.005324, ndl = 2506', bdl = 16486', odl = 1410', odf = 8391', lpcb = 38204', cnt = 26285', bdch = 55105', odch = 15109', lcp = 9636'
RCSP      solver labels distribution in 508 buckets (bucket size) : largest - 33, top 0.1% - 33, top 0.5% - 23, top 2% - 19, top 10% - 11, top 50% - 3
Run forward enumeration with border = 468.7... succeeded! lpt = 0.007935, ndl = 2886', dl = 285', lpcb = 8229', dch = 1315'
Run backward enumeration... succeeded! lpt = 0.005377, ndl = 879', dl = 6', lpcb = 535', dch = 88'
Run enumeration concatenation with time limit 0.3 sec.... done!
 TT = 0.030002, pt = 0, dt = 0.013312, ct = 0.002413, ndl = 3765', bdl = 291', lpcb = 8764', cnt = 31831', bdch = 1403', odch = 0', lcp = 0'
Enumeration succeeded!, number of elem. solutions is 5618
Estimating inspection time...     TT = 0.001971, performed by inspection with 5618 solutions, nbR1C = 28, nbDiscC = 0
Inspection time is low enough. Pricing will be done by inspection.
Added 1245 columns in the formulation 
Removed 2987 columns (not in the enumerated set) from the formulation
Regenerated 1245 columns with the 'enumerated' flag
Added 4873 columns in the formulation 
ColGenEvalAlg final dual bound: 2939.15 (rounded: 2939.15)
Current active cuts : R1C(28,344.3) 3rowPackR1C(19) 4rowPackR1C(9)
----- Terminating the node by MIP -----
Version identifier: 22.1.2.0 | 2024-11-26 | 0edbb82fd
CPXPARAM_Advance                                 0
CPXPARAM_Preprocessing_Linear                    0
CPXPARAM_Threads                                 1
CPXPARAM_MIP_Strategy_CallbackReducedLP          0
CPXPARAM_MIP_Limits_Nodes                        2000000
CPXPARAM_Simplex_Tolerances_Optimality           9.9999999999999995e-08
CPXPARAM_Simplex_Tolerances_Feasibility          9.9999999999999995e-08
CPXPARAM_TimeLimit                               360000
CPXPARAM_MIP_Tolerances_UpperCutoff              2947.6999999999998
CPXPARAM_MIP_Tolerances_MIPGap                   1.0000000000000001e-09
Legacy callback                                  L
Warning: Control callbacks may disable some MIP features.
Tried aggregator 1 time.
MIP Presolve eliminated 80 rows and 3231 columns.
MIP Presolve modified 55748 coefficients.
Reduced MIP has 126 rows, 2887 columns, and 119743 nonzeros.
Reduced MIP has 2887 binaries, 0 generals, 0 SOSs, and 0 indicators.
Presolve time = 0.31 sec. (595.67 ticks)
Probing fixed 970 vars, tightened 0 bounds.
Probing time = 0.46 sec. (1926.38 ticks)
Cover probing fixed 5 vars, tightened 0 bounds.
Clique table members: 1172.
MIP emphasis: balance optimality and feasibility.
MIP search method: traditional branch-and-cut.
Parallel mode: none, using 1 thread.
Root relaxation solution time = 0.00 sec. (12.33 ticks)

        Nodes                                         Cuts/
   Node  Left     Objective  IInf  Best Integer    Best Bound    ItCnt     Gap         Variable B NodeID Parent  Depth

      0     0        cutoff                                        100         

Root node processing (before b&c):
  Real time             =    0.79 sec. (2553.64 ticks)
Sequential b&c:
  Real time             =    0.00 sec. (0.00 ticks)
                          ------------
Total (root+branch&cut) =    0.79 sec. (2553.64 ticks)
Solution status = Infeasible
 SB phase 3 candidate 1 is conquered !
SB with phases chosed candidate var x[(14, 19)]_0_812_0_OspV (lhs=0.5)
New model incumbent solution 2947.7, TIME = 0h0m13s16t = 1316
************************************************************************************************
Search is finished, global bounds : [ 2947.7 , 2947.7 ], TIME = 0h0m13s17t = 1317
************************************************************************************************
[32mBaPCod : solution defined.[00m
statistics_cols: instance & :Optimal & cutoff & :bcRecRootDb & :bcTimeRootEval & :bcCountNodeProc & :bcRecBestDb & :bcRecBestInc & :bcTimeMain \\
statistics: instance_29-triangle & 1 & 1.0e7 & 2928.35 & 6.38 & 5 & 2947.70 & 2947.70 & 13.17 \\
########################################################
Route #1: 3 59 1 39 25 30 13 20 
Route #2: 10 49 7 15 
Route #3: 11 55 48 51 4 36 45 5 46 
Route #4: 17 23 60 12 57 42 16 9 27 
Route #5: 22 44 40 47 41 37 8 14 19 34 31 53 32 54 
Route #6: 38 21 26 50 18 2 28 
Route #7: 43 33 35 24 29 6 58 52 56 
Cost 2947.7000000000003
########################################################

end_time=2026-04-20 14:16:30
exit_code=0
