instance_file=/mnt/c/Users/porin/OneDrive/Documentos/Python-Mestrado/Modelagem Matemática/Programação Inteira - Uchoa/Problema VRPRDL/instancias_turco/VRPRDL-triangle/vrptw_convertidos/instance_1-triangle.txt
instance_name=instance_1-triangle
start_time=2026-04-20 14:11:46

  Activating project at `~/VRPSolver/VRPSolverDemos/other/VRPTW`
Application parameters:
  batch  =>  nothing
  update  =>  false
  tikz  =>  nothing
  instance  =>  "/mnt/c/Users/porin/OneDrive/Documentos/Python-Mestrado/Modelagem Matemática/Programação Inteira - Uchoa/Problema VRPRDL/instancias_turco/VRPRDL-triangle/vrptw_convertidos/instance_1-triangle.txt"
  out  =>  nothing
  nosolve  =>  false
  ub  =>  1.0e7
  sol  =>  nothing
  cfg  =>  "/home/poringman/VRPSolver/VRPSolverDemos/other/VRPTW/config/VRPTW_set_2.cfg"
  enable_cap_res  =>  false
~~~~~~~~~~~~~~~~~~~~~~~~~~~~~~~~~~~~~~~~~~~~~~~~~~~~~~~~~~~~~~~~~~~~~~~~~~~~~~~~~~~~~
GIT VERSION RCSP: 
GIT BRANCH: 
~~~~~~~~~~~~~~~~~~~~~~~~~~~~~~~~~~~~~~~~~~~~~~~~~~~~~~~~~~~~~~~~~~~~~~~~~~~~~~~~~~~~~
VRPSolver v0.6.16, 10/11/2025, © Inria Bordeaux, France, vrpsolver.math.u-bordeaux.fr
      Corresponds to the solver by Pessoa, Sadykov, Uchoa and Vanderbeck (2020)
                 Paper: dx.doi.org/10.1007/s10107-020-01523-z
~~~~~~~~~~~~~~~~~~~~~~~~~~~~~~~~~~~~~~~~~~~~~~~~~~~~~~~~~~~~~~~~~~~~~~~~~~~~~~~~~~~~~
GIT VERSION BAPCOD: a7cb21f19424236c9d0da5dcf94961797a519470
GIT BRANCH: main
~~~~~~~~~~~~~~~~~~~~~~~~~~~~~~~~~~~~~~~~~~~~~~~~~~~~~~~~~~~~~~~~~~~~~~~~~~~~~~~~~~~~~
   BaPCod v0.84, 10/11/2025, © Inria Bordeaux, France, bapcod.math.u-bordeaux.fr 
           THIS CODE IS PROVIDED AS IS, USE IT AT YOUR OWN RISK
~~~~~~~~~~~~~~~~~~~~~~~~~~~~~~~~~~~~~~~~~~~~~~~~~~~~~~~~~~~~~~~~~~~~~~~~~~~~~~~~~~~~~
--- MAIN PARAMETERS ---
GlobalTimeLimitInTick = 2147483645
GlobalTimeLimit = 21474836
ClockType = 0
MaxNbOfBBtreeNodeTreated = 100000
optimalityGapTolerance = 1e-06
relOptimalityGapTolerance = 1e-09
ApplyPreprocessing = true
PreprocessVariablesLocalBounds = false
treeSearchStrategy = 1
OpenNodesLimit = 1000
DEFAULTPRINTLEVEL = 0
--- MIP SOLVER PARAMETERS ---
solverName = CPLEX_SOLVER
MipSolverMaxBBNodes = 2000000
MipSolverMaxTime = 360000
MipSolverMultiThread = 1
--- COLUMN GENERATION PARAMETERS ---
SolverSelectForMast = a
  colGenSubProbSolMode = customSolver
mastInitMode = localArtCol
ArtVarPenaltyUpdateFactor = 2
ArtVarMaxNbOfPenaltyUpdates = 5
MaxNbOfStagesInColGenProcedure = 3
GenerateProperColumns = false
InsertAllGeneratedColumnsInFormRatherThanInPool = true
InsertNewNonNegColumnsDirectlyInFormRatherThanInPool = true
ColumnCleanupThreshold = 10000
ColumnCleanupRatio = 0.66
ReducedCostFixingThreshold = 0.9
--- CUT GENERATION PARAMETERS ---
MasterCuttingPlanesDepthLimit = 1000
MaxNbOfCutGeneratedAtEachIter = 1000
CutTailingOffThreshold = 0.015
CutTailingOffCounterThreshold = 3
CutCleanupThreshold = 1
CutCleanupRatio = 0.66
ColGenSpRelaxationImprovementPriority = 2
--- STABILIZATION PARAMETERS ---
colGenDualPriceSmoothingAlphaFactor = 1
colGenDualPriceSmoothingBetaFactor = 0
colGenStabilizationFunctionType = none
colGenProximalStabilizationRule = undefined
StabilFuncKappa = 1
colGenStabilizationMaxTreeDepth = 10000
StabilizationMinPhaseOfStage = 0
--- PRIMAL HEURISTIC PARAMETERS ---
UseInitialPrimalHeur = false
MaxTimeForRestrictedMasterIpHeur = -1
CallFrequencyOfRestrictedMasterIpHeur = 5
MIPemphasisInRestrictedMasterIpHeur = 1
PolishingAfterTimeInRestrictedMasterIpHeur = -1
DivingHeurUseDepthLimit = -1
CallFrequencyOfDivingHeur = 1
LeastFractional
Closest2RoundUp
LeastGreedyCost
LeastCost
FixIntValBeforeRoundingHeur = true
MaxNbOfCgIteDuringRh = 5000
MaxLDSbreadth = 0
MaxLDSdepth = 0
DivingHeurStopsWithFirstFeasSol = false
DivingHeurPreprocessBeforeChoosingVar = false
StrongDivingCandidatesNumber = 1
EvalAlgParamsInDiving = max#cand. = 1 max#cg.iters = 10000 min.lvl.sp.restr. = 1 min#cut.rounds = 0 max#cut.rounds = 0 red.cost.fix&enum. = false tree.size.ratio = 1
LocalSearchHeurUseDepthLimit = -1
LeastFractional
Closest2RoundUp
LeastGreedyCost
LeastCost
MaxFactorOfColFixedByLocalSearchHeur = 0.8
MaxLocalSearchIterationCounter = 3
--- STRONG BRANCHING PARAMETERS ---
SimplifiedStrongBranchingParameterisation = true
StrongBranchingPhaseOneCandidatesNumber = 50
StrongBranchingPhaseOneTreeSizeEstimRatio = 100
StrongBranchingPhaseTwoCandidatesNumber = 3
StrongBranchingPhaseTwoTreeSizeEstimRatio = 100
SafeDualBoundScaleFactor = -1
StrongBranchingPhaseOne = max#cand. = 50 max#cg.iters = 0 min.lvl.sp.restr. = 0 min#cut.rounds = 0 max#cut.rounds = 0 red.cost.fix&enum. = false tree.size.ratio = 100
StrongBranchingPhaseTwo = max#cand. = 3 max#cg.iters = 10000 min.lvl.sp.restr. = 1 min#cut.rounds = 0 max#cut.rounds = 0 red.cost.fix&enum. = false tree.size.ratio = 100
StrongBranchingPhaseThree = max#cand. = 1 max#cg.iters = 10000 min.lvl.sp.restr. = 0 min#cut.rounds = 0 max#cut.rounds = 10000 red.cost.fix&enum. = true tree.size.ratio = 1
StrongBranchingPhaseFour =not active
--- DEBUG OUTPUT PARAMETERS ---
printMasterPrimalSols = 0
--- VRPSOLVER PARAMETERS ---
RCSPstopCutGenTimeThresholdInPricing = 30
RCSPhardTimeThresholdInPricing = 20
RCSPredCostFixingTimeThreshold = 100
RCSPnumberOfBucketsPerVertex = 25
RCSPdynamicBucketSteps = 1
RCSPuseBidirectionalSearch = 1
RCSPapplyReducedCostFixing = 1
RCSPmaxNumOfColsPerIteration = 30
RCSPmaxNumOfColsPerExactIteration = 150
RCSPmaxNumOfLabelsInEnumeration = 1000000
RCSPmaxNumOfLabelsInHeurEnumeration = 0
RCSPmaxNumOfEnumeratedSolutions = 5000000
RCSPmaxNumOfEnumSolutionsForMIP = 10000
RCSPmaxNumOfEnumSolsForEndOfNodeMIP = 10000
RCSPinitNGneighbourhoodSize = 8
RCSPmaxNGneighbourhoodSize = 16
RCSPrankOneCutsMaxNumRows = 5
RCSPrankOneCutsMaxNumPerRound = 100
RCSPrankOneCutsMemoryType = 1
RCSPrankOneCutsLSnumIterations = 1000
RCSPallowRoutesWithSameVerticesSet = true
RCSPredCostFixingFalseGap = 0
SafeDualBoundScaleFactor = -1
RCSPmaxNumOfLabelsInHeurEnumeration = 0
MaxNumEnumSolsInRestrictedMasterIpHeur = 5000

prName & bcTimeMain \\ 
New model incumbent solution 1e+07, TIME = 0h0m0s35t = 35
RCSP solver info : size of non-robust cut bitmask in a label is 640 bits
Bucket steps were recalculated for graph G_0 : [28.8]
RCSP solver info : non-symmetric case as associated vars of the reverse arc of 0->15 are not the same
Bidirectional border value is initialised to 422.5
RCSP solver info : number of forw. reachable buckets / buck. strongly connected components is 189( 83.2599% ) / 166( 87.8307% )
RCSP solver info : number of back. reachable buckets / buck. strongly connected components is 186( 81.9383% ) / 156( 83.871% )
RCSP solver info: std. label size is 56, ext. label size is 136
Generating neighbourhoods for rank-1 cuts separation
Building structures for 4- and 5-row rank-1 packing cut separation...done!
Model is built TIME = 0h0m0s35t = 35
************************************************************************************************
**** BaB tree root node
**** Local DB = -1e+12, global bounds : [ -1e+12 , 1e+07 ], TIME = 0h0m0s35t = 35
**** 1 open nodes, 0 columns (0 active), 0 dyn. constrs. (0 active), 32 art. vars. (32 active)
************************************************************************************************
#<DWph=2> <it=  1> <et=0.35> <Mt= 0.00> <Spt= 0.00> <nCl= 30> <al=0.00> <DB=-1979989320.0000> <Mlp=192000000.0000> <PB=10000000> 
#<DWph=2> <it=  2> <et=0.35> <Mt= 0.00> <Spt= 0.00> <nCl= 24> <al=0.55> <DB=-1067392864.6500> <Mlp=48000536.5000> <PB=10000000> 
#<DWph=2> <it=  3> <et=0.35> <Mt= 0.00> <Spt= 0.00> <nCl= 30> <al=0.45> <DB=-477294698.9920> <Mlp=45600670.7600> <PB=10000000> 
#<DWph=2> <it=  4> <et=0.35> <Mt= 0.00> <Spt= 0.00> <nCl= 30> <al=0.35> <DB=-310592217.6916> <Mlp=42000666.8750> <PB=10000000> 
#<DWph=2> <it=  5> <et=0.35> <Mt= 0.00> <Spt= 0.00> <nCl= 30> <al=0.42> <DB=-279543505.2362> <Mlp=6001425.8000> <PB=10000000> 
<DWph=2> <it=  6> <et=0.35> <Mt= 0.00> <Spt= 0.00> <nCl= 31> <al=0.00> <DB=-2880.0000> <Mlp= 1359.0000> <PB=10000000> 
<DWph=2> <it=  7> <et=0.35> <Mt= 0.00> <Spt= 0.00> <nCl= 30> <al=0.22> <DB= -754.8175> <Mlp= 1319.5000> <PB=10000000> 
Shrinking heuristic shrunk 12 edges
avgVertexMem: 8 , colsForbidden = 0, phase-I = 0, phase-II = 0, colNonElem = 0, colElem = 3, TT =  0.000159
<DWph=2> <it=  8> <et=0.35> <Mt= 0.00> <Spt= 0.00> <nCl= 27> <al=0.29> <DB=  591.4609> <Mlp= 1198.2000> <PB=1198.2> 
<DWph=2> <it=  9> <et=0.35> <Mt= 0.00> <Spt= 0.00> <nCl= 16> <al=0.19> <DB=  879.5783> <Mlp= 1198.2000> <PB=1198.2> 
<DWph=2> <it= 10> <et=0.35> <Mt= 0.00> <Spt= 0.00> <nCl= 25> <al=0.27> <DB= 1048.1836> <Mlp= 1198.2000> <PB=1198.2> 
<DWph=2> <it= 11> <et=0.35> <Mt= 0.00> <Spt= 0.00> <nCl=  7> <al=0.17> <DB= 1167.4067> <Mlp= 1198.2000> <PB=1198.2> 
<DWph=2> <it= 12> <et=0.35> <Mt= 0.00> <Spt= 0.00> <nCl= 18> <al=0.00> <DB= 1073.7000> <Mlp= 1198.2000> <PB=1198.2> 
<DWph=2> <it= 13> <et=0.36> <Mt= 0.00> <Spt= 0.00> <nCl= 10> <al=0.00> <DB= 1198.2000> <Mlp= 1198.2000> <PB=1198.2> 
<DWph=1> <it= 14> <et=0.36> <Mt= 0.00> <Spt= 0.00> <nCl=  4> <al=0.06> <DB= 1102.2000> <Mlp= 1198.2000> <PB=1198.2> 
<DWph=1> <it= 15> <et=0.36> <Mt= 0.00> <Spt= 0.00> <nCl=  9> <al=0.06> <DB= 1102.2000> <Mlp= 1198.2000> <PB=1198.2> 
Shrinking heuristic shrunk 12 edges
ng-neighbourhood is not increased: max avg neigh size is reached 
<DWph=1> <it= 16> <et=0.36> <Mt= 0.00> <Spt= 0.00> <nCl=  0> <al=0.00> <DB= 1191.8000> <Mlp= 1191.8000> <PB=1191.8> 
    RCSP exact solver info for graph G_0 : TT = 0.000216, pt = 4e-06, dt = 6.7e-05, ct = 5e-05, ndl = 89', bdl = 24', odl = 166', odf = 897', bsi = 279', cnt = 226', bdch = 395', odch = 431', lcp = 107', #sols = 150
<DWph=0> <it= 17> <et=0.36> <Mt= 0.00> <Spt= 0.00> <nCl=108> <al=0.00> <DB= 1191.8000> <Mlp= 1191.8000> <PB=1191.8> 
RCSP solver dynamic params and stats :  bidir.bord. = 422.5 aver.obdmd = 10 aver.buck.num. = 13.3529
@@ 1 0 1191.8 0.000117 0.000117 54.2769 0.36
ColGenEvalAlg final dual bound: 1191.8 (rounded: 1191.8)
New model incumbent solution 1191.8, TIME = 0h0m0s36t = 36
************************************************************************************************
Search is finished, global bounds : [ 1191.8 , 1191.8 ], TIME = 0h0m0s36t = 36
************************************************************************************************
[32mBaPCod : solution defined.[00m
statistics_cols: instance & :Optimal & cutoff & :bcRecRootDb & :bcTimeRootEval & :bcCountNodeProc & :bcRecBestDb & :bcRecBestInc & :bcTimeMain \\
statistics: instance_1-triangle & 1 & 1.0e7 & 1191.80 & 0.36 & 1 & 1191.80 & 1191.80 & 0.36 \\
########################################################
Route #1: 3 4 5 8 
Route #2: 6 2 9 11 
Route #3: 10 7 1 12 14 15 13 
Cost 1191.8
########################################################

end_time=2026-04-20 14:11:55
exit_code=0
