instance_file=/mnt/c/Users/porin/OneDrive/Documentos/Python-Mestrado/Modelagem Matemática/Programação Inteira - Uchoa/Problema VRPRDL/instancias_turco/VRPRDL-triangle/vrptw_convertidos/instance_25-triangle.txt
instance_name=instance_25-triangle
start_time=2026-04-20 14:14:55

  Activating project at `~/VRPSolver/VRPSolverDemos/other/VRPTW`
Application parameters:
  batch  =>  nothing
  update  =>  false
  tikz  =>  nothing
  instance  =>  "/mnt/c/Users/porin/OneDrive/Documentos/Python-Mestrado/Modelagem Matemática/Programação Inteira - Uchoa/Problema VRPRDL/instancias_turco/VRPRDL-triangle/vrptw_convertidos/instance_25-triangle.txt"
  out  =>  nothing
  nosolve  =>  false
  ub  =>  1.0e7
  sol  =>  nothing
  cfg  =>  "/home/poringman/VRPSolver/VRPSolverDemos/other/VRPTW/config/VRPTW_set_2.cfg"
  enable_cap_res  =>  false
~~~~~~~~~~~~~~~~~~~~~~~~~~~~~~~~~~~~~~~~~~~~~~~~~~~~~~~~~~~~~~~~~~~~~~~~~~~~~~~~~~~~~
GIT VERSION RCSP: 
GIT BRANCH: 
~~~~~~~~~~~~~~~~~~~~~~~~~~~~~~~~~~~~~~~~~~~~~~~~~~~~~~~~~~~~~~~~~~~~~~~~~~~~~~~~~~~~~
VRPSolver v0.6.16, 10/11/2025, © Inria Bordeaux, France, vrpsolver.math.u-bordeaux.fr
      Corresponds to the solver by Pessoa, Sadykov, Uchoa and Vanderbeck (2020)
                 Paper: dx.doi.org/10.1007/s10107-020-01523-z
~~~~~~~~~~~~~~~~~~~~~~~~~~~~~~~~~~~~~~~~~~~~~~~~~~~~~~~~~~~~~~~~~~~~~~~~~~~~~~~~~~~~~
GIT VERSION BAPCOD: a7cb21f19424236c9d0da5dcf94961797a519470
GIT BRANCH: main
~~~~~~~~~~~~~~~~~~~~~~~~~~~~~~~~~~~~~~~~~~~~~~~~~~~~~~~~~~~~~~~~~~~~~~~~~~~~~~~~~~~~~
   BaPCod v0.84, 10/11/2025, © Inria Bordeaux, France, bapcod.math.u-bordeaux.fr 
           THIS CODE IS PROVIDED AS IS, USE IT AT YOUR OWN RISK
~~~~~~~~~~~~~~~~~~~~~~~~~~~~~~~~~~~~~~~~~~~~~~~~~~~~~~~~~~~~~~~~~~~~~~~~~~~~~~~~~~~~~
--- MAIN PARAMETERS ---
GlobalTimeLimitInTick = 2147483645
GlobalTimeLimit = 21474836
ClockType = 0
MaxNbOfBBtreeNodeTreated = 100000
optimalityGapTolerance = 1e-06
relOptimalityGapTolerance = 1e-09
ApplyPreprocessing = true
PreprocessVariablesLocalBounds = false
treeSearchStrategy = 1
OpenNodesLimit = 1000
DEFAULTPRINTLEVEL = 0
--- MIP SOLVER PARAMETERS ---
solverName = CPLEX_SOLVER
MipSolverMaxBBNodes = 2000000
MipSolverMaxTime = 360000
MipSolverMultiThread = 1
--- COLUMN GENERATION PARAMETERS ---
SolverSelectForMast = a
  colGenSubProbSolMode = customSolver
mastInitMode = localArtCol
ArtVarPenaltyUpdateFactor = 2
ArtVarMaxNbOfPenaltyUpdates = 5
MaxNbOfStagesInColGenProcedure = 3
GenerateProperColumns = false
InsertAllGeneratedColumnsInFormRatherThanInPool = true
InsertNewNonNegColumnsDirectlyInFormRatherThanInPool = true
ColumnCleanupThreshold = 10000
ColumnCleanupRatio = 0.66
ReducedCostFixingThreshold = 0.9
--- CUT GENERATION PARAMETERS ---
MasterCuttingPlanesDepthLimit = 1000
MaxNbOfCutGeneratedAtEachIter = 1000
CutTailingOffThreshold = 0.015
CutTailingOffCounterThreshold = 3
CutCleanupThreshold = 1
CutCleanupRatio = 0.66
ColGenSpRelaxationImprovementPriority = 2
--- STABILIZATION PARAMETERS ---
colGenDualPriceSmoothingAlphaFactor = 1
colGenDualPriceSmoothingBetaFactor = 0
colGenStabilizationFunctionType = none
colGenProximalStabilizationRule = undefined
StabilFuncKappa = 1
colGenStabilizationMaxTreeDepth = 10000
StabilizationMinPhaseOfStage = 0
--- PRIMAL HEURISTIC PARAMETERS ---
UseInitialPrimalHeur = false
MaxTimeForRestrictedMasterIpHeur = -1
CallFrequencyOfRestrictedMasterIpHeur = 5
MIPemphasisInRestrictedMasterIpHeur = 1
PolishingAfterTimeInRestrictedMasterIpHeur = -1
DivingHeurUseDepthLimit = -1
CallFrequencyOfDivingHeur = 1
LeastFractional
Closest2RoundUp
LeastGreedyCost
LeastCost
FixIntValBeforeRoundingHeur = true
MaxNbOfCgIteDuringRh = 5000
MaxLDSbreadth = 0
MaxLDSdepth = 0
DivingHeurStopsWithFirstFeasSol = false
DivingHeurPreprocessBeforeChoosingVar = false
StrongDivingCandidatesNumber = 1
EvalAlgParamsInDiving = max#cand. = 1 max#cg.iters = 10000 min.lvl.sp.restr. = 1 min#cut.rounds = 0 max#cut.rounds = 0 red.cost.fix&enum. = false tree.size.ratio = 1
LocalSearchHeurUseDepthLimit = -1
LeastFractional
Closest2RoundUp
LeastGreedyCost
LeastCost
MaxFactorOfColFixedByLocalSearchHeur = 0.8
MaxLocalSearchIterationCounter = 3
--- STRONG BRANCHING PARAMETERS ---
SimplifiedStrongBranchingParameterisation = true
StrongBranchingPhaseOneCandidatesNumber = 50
StrongBranchingPhaseOneTreeSizeEstimRatio = 100
StrongBranchingPhaseTwoCandidatesNumber = 3
StrongBranchingPhaseTwoTreeSizeEstimRatio = 100
SafeDualBoundScaleFactor = -1
StrongBranchingPhaseOne = max#cand. = 50 max#cg.iters = 0 min.lvl.sp.restr. = 0 min#cut.rounds = 0 max#cut.rounds = 0 red.cost.fix&enum. = false tree.size.ratio = 100
StrongBranchingPhaseTwo = max#cand. = 3 max#cg.iters = 10000 min.lvl.sp.restr. = 1 min#cut.rounds = 0 max#cut.rounds = 0 red.cost.fix&enum. = false tree.size.ratio = 100
StrongBranchingPhaseThree = max#cand. = 1 max#cg.iters = 10000 min.lvl.sp.restr. = 0 min#cut.rounds = 0 max#cut.rounds = 10000 red.cost.fix&enum. = true tree.size.ratio = 1
StrongBranchingPhaseFour =not active
--- DEBUG OUTPUT PARAMETERS ---
printMasterPrimalSols = 0
--- VRPSOLVER PARAMETERS ---
RCSPstopCutGenTimeThresholdInPricing = 30
RCSPhardTimeThresholdInPricing = 20
RCSPredCostFixingTimeThreshold = 100
RCSPnumberOfBucketsPerVertex = 25
RCSPdynamicBucketSteps = 1
RCSPuseBidirectionalSearch = 1
RCSPapplyReducedCostFixing = 1
RCSPmaxNumOfColsPerIteration = 30
RCSPmaxNumOfColsPerExactIteration = 150
RCSPmaxNumOfLabelsInEnumeration = 1000000
RCSPmaxNumOfLabelsInHeurEnumeration = 0
RCSPmaxNumOfEnumeratedSolutions = 5000000
RCSPmaxNumOfEnumSolutionsForMIP = 10000
RCSPmaxNumOfEnumSolsForEndOfNodeMIP = 10000
RCSPinitNGneighbourhoodSize = 8
RCSPmaxNGneighbourhoodSize = 16
RCSPrankOneCutsMaxNumRows = 5
RCSPrankOneCutsMaxNumPerRound = 100
RCSPrankOneCutsMemoryType = 1
RCSPrankOneCutsLSnumIterations = 1000
RCSPallowRoutesWithSameVerticesSet = true
RCSPredCostFixingFalseGap = 0
SafeDualBoundScaleFactor = -1
RCSPmaxNumOfLabelsInHeurEnumeration = 0
MaxNumEnumSolsInRestrictedMasterIpHeur = 5000

prName & bcTimeMain \\ 
New model incumbent solution 1e+07, TIME = 0h0m0s50t = 50
RCSP solver info : size of non-robust cut bitmask in a label is 640 bits
Bucket steps were recalculated for graph G_0 : [28.8]
RCSP solver info : non-symmetric case as associated vars of the reverse arc of 0->60 are not the same
Bidirectional border value is initialised to 392.9
RCSP solver info : number of forw. reachable buckets / buck. strongly connected components is 590( 89.8021% ) / 409( 69.322% )
RCSP solver info : number of back. reachable buckets / buck. strongly connected components is 579( 88.1279% ) / 449( 77.5475% )
RCSP solver info: std. label size is 56, ext. label size is 136
Generating neighbourhoods for rank-1 cuts separation
Building structures for 4- and 5-row rank-1 packing cut separation...done!
Model is built TIME = 0h0m0s52t = 52
************************************************************************************************
**** BaB tree root node
**** Local DB = -1e+12, global bounds : [ -1e+12 , 1e+07 ], TIME = 0h0m0s52t = 52
**** 1 open nodes, 0 columns (0 active), 0 dyn. constrs. (0 active), 122 art. vars. (122 active)
************************************************************************************************
#<DWph=2> <it=  1> <et=0.52> <Mt= 0.00> <Spt= 0.00> <nCl= 30> <al=0.00> <DB=-20159959212.0000> <Mlp=732000000.0000> <PB=10000000> 
#<DWph=2> <it=  2> <et=0.52> <Mt= 0.00> <Spt= 0.00> <nCl= 30> <al=0.55> <DB=-13858162230.0037> <Mlp=576000529.8250> <PB=10000000> 
#<DWph=2> <it=  3> <et=0.52> <Mt= 0.00> <Spt= 0.00> <nCl= 30> <al=0.45> <DB=-9958550012.4554> <Mlp=468000684.1000> <PB=10000000> 
#<DWph=2> <it=  4> <et=0.53> <Mt= 0.00> <Spt= 0.00> <nCl= 30> <al=0.51> <DB=-8332696437.6662> <Mlp=306001698.9500> <PB=10000000> 
#<DWph=2> <it=  5> <et=0.53> <Mt= 0.00> <Spt= 0.00> <nCl= 30> <al=0.55> <DB=-6768254465.7627> <Mlp=264001693.2750> <PB=10000000> 
#<DWph=2> <it=  6> <et=0.53> <Mt= 0.00> <Spt= 0.01> <nCl= 30> <al=0.60> <DB=-5413932786.9498> <Mlp=185373621.7862> <PB=10000000> 
#<DWph=2> <it=  7> <et=0.53> <Mt= 0.00> <Spt= 0.00> <nCl= 30> <al=0.64> <DB=-4120546642.7903> <Mlp=126745164.8894> <PB=10000000> 
#<DWph=2> <it=  8> <et=0.53> <Mt= 0.00> <Spt= 0.00> <nCl= 30> <al=0.68> <DB=-3834688732.5314> <Mlp=96555206.6687> <PB=10000000> 
#<DWph=2> <it=  9> <et=0.54> <Mt= 0.00> <Spt= 0.00> <nCl= 30> <al=0.71> <DB=-3467138561.5273> <Mlp=83401869.3018> <PB=10000000> 
#<DWph=2> <it= 10> <et=0.54> <Mt= 0.00> <Spt= 0.00> <nCl= 30> <al=0.74> <DB=-3467831976.5830> <Mlp=70363735.9103> <PB=10000000> 
#<DWph=2> <it= 11> <et=0.54> <Mt= 0.00> <Spt= 0.00> <nCl= 30> <al=0.76> <DB=-2998876131.1377> <Mlp=37353614.9116> <PB=10000000> 
#<DWph=2> <it= 12> <et=0.54> <Mt= 0.00> <Spt= 0.00> <nCl= 30> <al=0.79> <DB=-2430185891.6268> <Mlp=20169122.8119> <PB=10000000> 
#<DWph=2> <it= 13> <et=0.55> <Mt= 0.00> <Spt= 0.00> <nCl= 30> <al=0.69> <DB=-2263925049.4462> <Mlp=16249963.3641> <PB=10000000> 
#<DWph=2> <it= 14> <et=0.55> <Mt= 0.00> <Spt= 0.01> <nCl= 30> <al=0.72> <DB=-1982129513.2400> <Mlp=1885173.5199> <PB=10000000> 
<DWph=2> <it= 15> <et=0.55> <Mt= 0.01> <Spt= 0.00> <nCl= 30> <al=0.00> <DB=-23967.9282> <Mlp= 3738.4574> <PB=10000000> 
<DWph=2> <it= 16> <et=0.56> <Mt= 0.00> <Spt= 0.00> <nCl= 30> <al=0.65> <DB=-15114.2185> <Mlp= 3680.2824> <PB=10000000> 
<DWph=2> <it= 17> <et=0.56> <Mt= 0.00> <Spt= 0.00> <nCl= 30> <al=0.55> <DB=-10025.4366> <Mlp= 3624.7343> <PB=10000000> 
<DWph=2> <it= 18> <et=0.56> <Mt= 0.00> <Spt= 0.00> <nCl= 30> <al=0.45> <DB=-10489.3165> <Mlp= 3527.7800> <PB=10000000> 
<DWph=2> <it= 19> <et=0.56> <Mt= 0.00> <Spt= 0.01> <nCl= 30> <al=0.50> <DB=-6691.9412> <Mlp= 3459.6450> <PB=10000000> 
<DWph=2> <it= 20> <et=0.57> <Mt= 0.00> <Spt= 0.00> <nCl= 30> <al=0.55> <DB=-8233.0701> <Mlp= 3415.6291> <PB=10000000> 
<DWph=2> <it= 21> <et=0.57> <Mt= 0.00> <Spt= 0.00> <nCl= 30> <al=0.60> <DB=-5615.4430> <Mlp= 3354.4800> <PB=10000000> 
<DWph=2> <it= 22> <et=0.57> <Mt= 0.00> <Spt= 0.00> <nCl= 30> <al=0.64> <DB=-4800.7754> <Mlp= 3301.6217> <PB=10000000> 
<DWph=2> <it= 23> <et=0.58> <Mt= 0.00> <Spt= 0.00> <nCl= 30> <al=0.67> <DB=-2858.3297> <Mlp= 3250.6796> <PB=10000000> 
<DWph=2> <it= 24> <et=0.58> <Mt= 0.01> <Spt= 0.00> <nCl= 30> <al=0.57> <DB=-4178.2034> <Mlp= 3208.6569> <PB=10000000> 
<DWph=2> <it= 25> <et=0.58> <Mt= 0.00> <Spt= 0.01> <nCl= 30> <al=0.62> <DB=-3378.2746> <Mlp= 3166.8393> <PB=10000000> 
<DWph=2> <it= 26> <et=0.58> <Mt= 0.00> <Spt= 0.00> <nCl= 30> <al=0.65> <DB=-2130.7278> <Mlp= 3118.5419> <PB=10000000> 
<DWph=2> <it= 27> <et=0.59> <Mt= 0.00> <Spt= 0.00> <nCl= 30> <al=0.69> <DB=-2266.5514> <Mlp= 3109.4892> <PB=10000000> 
<DWph=2> <it= 28> <et=0.59> <Mt= 0.00> <Spt= 0.00> <nCl= 30> <al=0.72> <DB=-2604.3710> <Mlp= 3092.0459> <PB=10000000> 
<DWph=2> <it= 29> <et=0.59> <Mt= 0.00> <Spt= 0.00> <nCl= 24> <al=0.75> <DB= -254.8341> <Mlp= 3088.1494> <PB=10000000> 
<DWph=2> <it= 30> <et=0.59> <Mt= 0.00> <Spt= 0.00> <nCl= 30> <al=0.65> <DB=  248.7052> <Mlp= 3084.7967> <PB=10000000> 
<DWph=2> <it= 31> <et=0.60> <Mt= 0.00> <Spt= 0.01> <nCl= 30> <al=0.68> <DB= -654.9821> <Mlp= 3070.2702> <PB=10000000> 
<DWph=2> <it= 32> <et=0.60> <Mt= 0.00> <Spt= 0.00> <nCl= 26> <al=0.71> <DB=  140.8784> <Mlp= 3049.5549> <PB=10000000> 
<DWph=2> <it= 33> <et=0.60> <Mt= 0.00> <Spt= 0.00> <nCl= 22> <al=0.61> <DB=  995.1719> <Mlp= 3035.2394> <PB=10000000> 
<DWph=2> <it= 34> <et=0.60> <Mt= 0.01> <Spt= 0.00> <nCl= 25> <al=0.65> <DB= 1843.8868> <Mlp= 3033.0388> <PB=10000000> 
<DWph=2> <it= 35> <et=0.61> <Mt= 0.00> <Spt= 0.00> <nCl= 27> <al=0.69> <DB= 1821.2035> <Mlp= 3032.0324> <PB=10000000> 
<DWph=2> <it= 36> <et=0.61> <Mt= 0.00> <Spt= 0.00> <nCl= 23> <al=0.59> <DB= 2264.7406> <Mlp= 3027.6624> <PB=10000000> 
<DWph=2> <it= 37> <et=0.61> <Mt= 0.00> <Spt= 0.01> <nCl= 25> <al=0.49> <DB= 2116.7818> <Mlp= 3024.3676> <PB=10000000> 
<DWph=2> <it= 38> <et=0.62> <Mt= 0.00> <Spt= 0.00> <nCl= 23> <al=0.54> <DB= 2508.0778> <Mlp= 3021.4232> <PB=10000000> 
<DWph=2> <it= 39> <et=0.62> <Mt= 0.00> <Spt= 0.00> <nCl= 14> <al=0.59> <DB= 2706.5150> <Mlp= 3019.7048> <PB=10000000> 
<DWph=2> <it= 40> <et=0.62> <Mt= 0.00> <Spt= 0.00> <nCl= 26> <al=0.49> <DB= 1773.5919> <Mlp= 3018.6687> <PB=10000000> 
<DWph=2> <it= 41> <et=0.62> <Mt= 0.00> <Spt= 0.00> <nCl= 15> <al=0.54> <DB= 2720.9314> <Mlp= 3018.4500> <PB=10000000> 
<DWph=2> <it= 42> <et=0.62> <Mt= 0.00> <Spt= 0.00> <nCl= 12> <al=0.44> <DB= 2478.7134> <Mlp= 3018.3825> <PB=10000000> 
<DWph=2> <it= 43> <et=0.62> <Mt= 0.00> <Spt= 0.00> <nCl= 15> <al=0.34> <DB= 2448.2533> <Mlp= 3017.7953> <PB=10000000> 
<DWph=2> <it= 44> <et=0.63> <Mt= 0.00> <Spt= 0.00> <nCl= 30> <al=0.24> <DB= 2374.4829> <Mlp= 3014.4649> <PB=10000000> 
<DWph=2> <it= 45> <et=0.63> <Mt= 0.00> <Spt= 0.01> <nCl= 22> <al=0.31> <DB= 2413.9253> <Mlp= 3010.8471> <PB=10000000> 
<DWph=2> <it= 46> <et=0.63> <Mt= 0.00> <Spt= 0.00> <nCl=  8> <al=0.38> <DB= 2852.8419> <Mlp= 3010.4321> <PB=10000000> 
<DWph=2> <it= 47> <et=0.63> <Mt= 0.00> <Spt= 0.00> <nCl= 22> <al=0.28> <DB= 2485.2038> <Mlp= 3010.1250> <PB=10000000> 
<DWph=2> <it= 48> <et=0.63> <Mt= 0.00> <Spt= 0.00> <nCl= 21> <al=0.35> <DB= 2831.1147> <Mlp= 3009.7657> <PB=10000000> 
<DWph=2> <it= 49> <et=0.64> <Mt= 0.00> <Spt= 0.00> <nCl= 18> <al=0.25> <DB= 2249.2049> <Mlp= 3009.5330> <PB=10000000> 
<DWph=2> <it= 50> <et=0.64> <Mt= 0.01> <Spt= 0.00> <nCl= 20> <al=0.33> <DB= 2717.4595> <Mlp= 3009.2500> <PB=10000000> 
<DWph=2> <it= 51> <et=0.64> <Mt= 0.00> <Spt= 0.00> <nCl= 13> <al=0.23> <DB= 2893.9423> <Mlp= 3008.7647> <PB=10000000> 
<DWph=2> <it= 52> <et=0.64> <Mt= 0.00> <Spt= 0.00> <nCl=  7> <al=0.31> <DB= 2835.0149> <Mlp= 3008.7559> <PB=10000000> 
<DWph=2> <it= 53> <et=0.64> <Mt= 0.00> <Spt= 0.01> <nCl= 21> <al=0.00> <DB= 2612.7059> <Mlp= 3008.7059> <PB=10000000> 
<DWph=2> <it= 54> <et=0.65> <Mt= 0.00> <Spt= 0.00> <nCl= 10> <al=0.27> <DB= 2618.8785> <Mlp= 3008.7029> <PB=10000000> 
<DWph=2> <it= 55> <et=0.65> <Mt= 0.00> <Spt= 0.00> <nCl=  4> <al=0.17> <DB= 2627.0866> <Mlp= 3008.7029> <PB=10000000> 
<DWph=2> <it= 56> <et=0.65> <Mt= 0.00> <Spt= 0.00> <nCl= 14> <al=0.00> <DB= 3008.7029> <Mlp= 3008.7029> <PB=10000000> 
<DWph=1> <it= 57> <et=0.65> <Mt= 0.00> <Spt= 0.00> <nCl= 30> <al=0.00> <DB= 1139.7029> <Mlp= 3008.7029> <PB=10000000> 
<DWph=1> <it= 58> <et=0.65> <Mt= 0.00> <Spt= 0.00> <nCl= 30> <al=0.08> <DB= 1975.8787> <Mlp= 2999.2194> <PB=10000000> 
<DWph=1> <it= 59> <et=0.66> <Mt= 0.00> <Spt= 0.01> <nCl= 26> <al=0.17> <DB= 1983.6786> <Mlp= 2999.2194> <PB=10000000> 
<DWph=1> <it= 60> <et=0.66> <Mt= 0.00> <Spt= 0.00> <nCl= 23> <al=0.25> <DB= 2752.9311> <Mlp= 2998.1491> <PB=10000000> 
<DWph=1> <it= 61> <et=0.66> <Mt= 0.00> <Spt= 0.00> <nCl= 15> <al=0.15> <DB= 2690.5274> <Mlp= 2998.1491> <PB=10000000> 
<DWph=1> <it= 62> <et=0.66> <Mt= 0.00> <Spt= 0.00> <nCl= 11> <al=0.24> <DB= 2926.2001> <Mlp= 2996.2750> <PB=10000000> 
<DWph=1> <it= 63> <et=0.67> <Mt= 0.00> <Spt= 0.00> <nCl= 12> <al=0.14> <DB= 2960.9105> <Mlp= 2996.2750> <PB=10000000> 
<DWph=1> <it= 64> <et=0.67> <Mt= 0.00> <Spt= 0.01> <nCl= 15> <al=0.00> <DB= 2996.2750> <Mlp= 2996.2750> <PB=10000000> 
    RCSP exact solver info for graph G_0 : TT = 0.001398, pt = 1.3e-05, dt = 0.000996, ct = 0.000151, ndl = 689', bdl = 5247', odl = 1564', odf = 8708', bsi = 839', cnt = 648', bdch = 20118', odch = 6407', lcp = 5052', #sols = 150
<DWph=0> <it= 65> <et=0.67> <Mt= 0.00> <Spt= 0.00> <nCl=104> <al=0.12> <DB=  756.7750> <Mlp= 2996.2750> <PB=10000000> 
    RCSP exact solver info for graph G_0 : TT = 0.001467, pt = 2.1e-05, dt = 0.000999, ct = 0.000173, ndl = 709', bdl = 5295', odl = 1562', odf = 8770', bsi = 843', cnt = 604', bdch = 20689', odch = 6465', lcp = 5218', #sols = 150
<DWph=0> <it= 66> <et=0.68> <Mt= 0.00> <Spt= 0.00> <nCl= 74> <al=0.02> <DB= 2711.9030> <Mlp= 2987.7000> <PB=10000000> 
    RCSP exact solver info for graph G_0 : TT = 0.001691, pt = 2.4e-05, dt = 0.001137, ct = 0.000218, ndl = 1018', bdl = 8104', odl = 2163', odf = 12153', bsi = 1075', cnt = 1003', bdch = 42556', odch = 14651', lcp = 11869', #sols = 150
<DWph=0> <it= 67> <et=0.69> <Mt= 0.01> <Spt= 0.01> <nCl=150> <al=0.12> <DB= 2492.7260> <Mlp= 2983.1750> <PB=10000000> 
    RCSP exact solver info for graph G_0 : TT = 0.001614, pt = 2.3e-05, dt = 0.001124, ct = 0.000174, ndl = 998', bdl = 8139', odl = 2161', odf = 12238', bsi = 981', cnt = 802', bdch = 42671', odch = 13452', lcp = 11720', #sols = 150
<DWph=0> <it= 68> <et=0.69> <Mt= 0.00> <Spt= 0.00> <nCl=120> <al=0.21> <DB= 2893.8121> <Mlp= 2983.1750> <PB=10000000> 
    RCSP exact solver info for graph G_0 : TT = 0.001824, pt = 2.5e-05, dt = 0.001337, ct = 0.000175, ndl = 895', bdl = 7093', odl = 1923', odf = 10820', bsi = 963', cnt = 799', bdch = 33890', odch = 10694', lcp = 8921', #sols = 150
<DWph=0> <it= 69> <et=0.70> <Mt= 0.00> <Spt= 0.01> <nCl= 61> <al=0.11> <DB= 2964.4130> <Mlp= 2982.9000> <PB=10000000> 
    RCSP exact solver info for graph G_0 : TT = 0.001642, pt = 2.6e-05, dt = 0.001148, ct = 0.000164, ndl = 893', bdl = 7040', odl = 1947', odf = 10963', bsi = 952', cnt = 823', bdch = 34249', odch = 10994', lcp = 9059', #sols = 150
    RCSP exact solver info for graph G_0 : TT = 0.001486, pt = 2.2e-05, dt = 0.001029, ct = 0.000151, ndl = 649', bdl = 5315', odl = 1473', odf = 8252', bsi = 820', cnt = 677', bdch = 19591', odch = 6164', lcp = 4515', #sols = 150
<DWph=0> <it= 70> <et=0.71> <Mt= 0.00> <Spt= 0.00> <nCl= 85> <al=0.00> <DB= 2982.9000> <Mlp= 2982.9000> <PB=10000000> 
RCSP solver dynamic params and stats :  bidir.bord. = 373.3 aver.obdmd = 8.35484 aver.buck.num. = 10.5968
@@ 1 0 2982.9 0.00128229 0.001512 48.7258 0.71
RCSP      solver labels distribution in 206 buckets (bucket size) : largest - 20, top 0.1% - 20, top 0.5% - 19, top 2% - 13, top 10% - 7, top 50% - 2
Reduced cost fixing for graph G_0...  TT = 0.002755, pt = 0.000272, dt = 0.002346, ct = 0, ndl = 1644', bdl = 27575', odl = 2626', odf = 15090', lpcb = 6538', cnt = 29951', bdch = 93228', odch = 14090', lcp = 12847'
14677 buck. arcs remain (86.6% from prev., 43.4% from max.) + 392 jump buck. arcs (1.16% from max.)
Backward reduced cost fixing... 13557 buck. arcs remain (86.3% from prev., 40.9% from max.) + 1005 jump buck. arcs (3.03% from max.)
 TT = 0.013935, pt = 0.000272, dt = 0.002346, ct = 0.01109, ndl = 1644', bdl = 27575', odl = 2626', odf = 15090', lpcb = 6538', cnt = 50993', bdch = 93228', odch = 14090', lcp = 12847'
RCSP      solver labels distribution in 474 buckets (bucket size) : largest - 21, top 0.1% - 21, top 0.5% - 19, top 2% - 16, top 10% - 7, top 50% - 2
Run forward enumeration with border = 373.3... succeeded! lpt = 18.9145, ndl = 646005', dl = 7738447', lpcb = 264695', dch = 680547879'
Run backward enumeration... not succeeded (ratio 0.414393) lpt = 2.42415, ndl = 880005', dl = 590573', lpcb = 0', dch = 3416945'
 TT = 27.7715, pt = 0.016599, dt = 21.3387, ct = 0, ndl = 1526010', bdl = 8329020', lpcb = 264695', cnt = 34064478', bdch = 683964824', odch = 0', lcp = 0'
ColGenEvalAlg final dual bound: 2982.9 (rounded: 2982.9)
Shrinking heuristic shrunk 30 edges
avgVertexMem: 8.18333 , colsForbidden = 2, phase-I = 0, phase-II = 2, colNonElem = 2, colElem = 19, TT =  0.001255
----- Relaxation was improved for 1 subproblems -----
Removed 37 columns not satisfying improved subproblem relaxation
2143 columns (2106 active), 0 dyn. constrs. (0 active), 122 art. vars. (122 active)
<DWph=2> <it=  1> <et=29.09> <Mt= 0.00> <Spt= 0.01> <nCl=  4> <al=0.00> <DB= 2802.9000> <Mlp= 2982.9000> <PB=10000000> 
<DWph=1> <it=  2> <et=29.10> <Mt= 0.00> <Spt= 0.00> <nCl=  0> <al=0.00> <DB= 2982.9000> <Mlp= 2982.9000> <PB=10000000> 
<DWph=0> <it=  3> <et=29.10> <Mt= 0.01> <Spt= 0.00> <nCl=  0> <al=0.30> <DB= 2982.9000> <Mlp= 2982.9000> <PB=10000000> 
@@ 1 1 2982.9 0 0 42.1277 29.1
ColGenEvalAlg final dual bound: 2982.9 (rounded: 2982.9)
False gap improvement since the last cut separation : 1.52451e-15 (2982.9)
Cut generation tailing off counter increased to 1
Shrinking heuristic shrunk 30 edges
ng-neighbourhood is not increased: max avg neigh size is reached 
1 Rank-1 1-rows pack. cuts added ,  max viol. = 0.125, aver. viol. = 0.125
150 Rank-1 3-rows pack. cuts added ,  max viol. = 0.5, aver. viol. = 0.323333
----- Add fac. cuts : R1C(151), max.viol = 0.5, aver.viol = 0.336921, sep/add took 0.00316041/0.0670796 sec. -----
2147 columns (2110 active), 151 dyn. constrs. (151 active), 273 art. vars. (273 active)
<DWph=2> <it=  1> <et=29.18> <Mt= 0.00> <Spt= 0.01> <nCl= 11> <al=0.50> <DB= 2937.9000> <Mlp= 2988.9000> <PB=10000000> 
<DWph=2> <it=  2> <et=29.19> <Mt= 0.00> <Spt= 0.00> <nCl= 17> <al=0.10> <DB= 2618.1000> <Mlp= 2988.9000> <PB=10000000> 
<DWph=2> <it=  3> <et=29.20> <Mt= 0.00> <Spt= 0.00> <nCl= 22> <al=0.45> <DB= 2794.9800> <Mlp= 2988.9000> <PB=10000000> 
<DWph=2> <it=  4> <et=29.20> <Mt= 0.01> <Spt= 0.01> <nCl= 13> <al=0.51> <DB= 2843.7160> <Mlp= 2988.9000> <PB=10000000> 
<DWph=2> <it=  5> <et=29.21> <Mt= 0.00> <Spt= 0.00> <nCl=  3> <al=0.55> <DB= 2866.1358> <Mlp= 2988.9000> <PB=10000000> 
<DWph=2> <it=  6> <et=29.21> <Mt= 0.00> <Spt= 0.00> <nCl=  7> <al=0.60> <DB= 2952.3485> <Mlp= 2987.4500> <PB=10000000> 
<DWph=2> <it=  7> <et=29.21> <Mt= 0.00> <Spt= 0.00> <nCl=  2> <al=0.64> <DB= 2905.5047> <Mlp= 2987.4500> <PB=10000000> 
<DWph=2> <it=  8> <et=29.22> <Mt= 0.00> <Spt= 0.01> <nCl=  3> <al=0.35> <DB= 2986.8016> <Mlp= 2987.4500> <PB=10000000> 
<DWph=2> <it=  9> <et=29.22> <Mt= 0.00> <Spt= 0.00> <nCl=  2> <al=0.58> <DB= 2987.0770> <Mlp= 2987.4500> <PB=10000000> 
<DWph=2> <it= 10> <et=29.23> <Mt= 0.00> <Spt= 0.00> <nCl=  1> <al=0.48> <DB= 2987.2728> <Mlp= 2987.4500> <PB=10000000> 
<DWph=2> <it= 11> <et=29.23> <Mt= 0.01> <Spt= 0.01> <nCl=  6> <al=0.38> <DB= 2928.4240> <Mlp= 2987.4500> <PB=10000000> 
<DWph=2> <it= 12> <et=29.23> <Mt= 0.00> <Spt= 0.00> <nCl=  3> <al=0.00> <DB= 2987.4500> <Mlp= 2987.4500> <PB=10000000> 
<DWph=1> <it= 13> <et=29.24> <Mt= 0.00> <Spt= 0.00> <nCl=  4> <al=0.34> <DB= 2868.9500> <Mlp= 2987.4500> <PB=10000000> 
<DWph=1> <it= 14> <et=29.24> <Mt= 0.00> <Spt= 0.01> <nCl=  1> <al=0.00> <DB= 2987.4500> <Mlp= 2987.4500> <PB=10000000> 
    RCSP exact solver info for graph G_0 : TT = 0.001587, pt = 8.7e-05, dt = 0.001076, ct = 0.000185, ndl = 675', bdl = 5738', odl = 1527', odf = 8367', bsi = 794', cnt = 557', bdch = 21871', odch = 6319', lcp = 5081', #sols = 150
<DWph=0> <it= 15> <et=29.25> <Mt= 0.00> <Spt= 0.00> <nCl= 59> <al=0.14> <DB= 2582.4500> <Mlp= 2987.4500> <PB=10000000> 
    RCSP exact solver info for graph G_0 : TT = 0.002039, pt = 0.000138, dt = 0.001403, ct = 0.000181, ndl = 655', bdl = 5608', odl = 1527', odf = 8312', bsi = 783', cnt = 556', bdch = 21316', odch = 6106', lcp = 5022', #sols = 150
<DWph=0> <it= 16> <et=29.26> <Mt= 0.00> <Spt= 0.01> <nCl= 20> <al=0.22> <DB= 2788.2803> <Mlp= 2987.4500> <PB=10000000> 
    RCSP exact solver info for graph G_0 : TT = 0.002337, pt = 0.00018, dt = 0.001504, ct = 0.000196, ndl = 663', bdl = 5624', odl = 1516', odf = 8356', bsi = 808', cnt = 565', bdch = 20747', odch = 6286', lcp = 4795', #sols = 150
<DWph=0> <it= 17> <et=29.26> <Mt= 0.00> <Spt= 0.00> <nCl= 28> <al=0.12> <DB= 2928.8384> <Mlp= 2987.4500> <PB=10000000> 
    RCSP exact solver info for graph G_0 : TT = 0.002067, pt = 0.000181, dt = 0.001351, ct = 0.000217, ndl = 664', bdl = 5597', odl = 1503', odf = 8251', bsi = 798', cnt = 566', bdch = 20545', odch = 6085', lcp = 4754', #sols = 150
    RCSP exact solver info for graph G_0 : TT = 0.00171, pt = 0.000124, dt = 0.001128, ct = 0.000176, ndl = 613', bdl = 5040', odl = 1371', odf = 7524', bsi = 780', cnt = 564', bdch = 17488', odch = 5043', lcp = 3846', #sols = 150
<DWph=0> <it= 18> <et=29.28> <Mt= 0.00> <Spt= 0.01> <nCl= 75> <al=0.00> <DB= 2987.4500> <Mlp= 2987.4500> <PB=10000000> 
RCSP solver dynamic params and stats :  bidir.bord. = 373.3 aver.obdmd = 8.35484 aver.buck.num. = 10.5968 nbR1C = 5 with avMem = 11.2
@@ 1 2 2987.45 0.0014834 0.0017 42.1277 29.28
    Full reduced cost fixing is not called (gap ratio is 1)
ColGenEvalAlg final dual bound: 2987.45 (rounded: 2987.45)
False gap improvement since the last cut separation : 0.0152536 (2982.9)
Current active cuts : R1C(5,56.1) 3rowPackR1C(5)
Shrinking heuristic shrunk 43 edges
1 Rank-1 1-rows pack. cuts added ,  max viol. = 0.5, aver. viol. = 0.5
46 Rank-1 3-rows pack. cuts added ,  max viol. = 0.5, aver. viol. = 0.5
Building structures for heuristic rank-1 packing cut separation...done!
17 Rank-1 4-rows pack. cuts added ,  max viol. = 0.5, aver. viol. = 0.5
100 Rank-1 5-rows pack. cuts added ,  max viol. = 0.5, aver. viol. = 0.4375
----- Add fac. cuts : R1C(164), max.viol = 0.5, aver.viol = 0.5, sep/add took 0.122708/0.0876081 sec. -----
2424 columns (2387 active), 315 dyn. constrs. (170 active), 437 art. vars. (292 active)
<DWph=2> <it=  1> <et=29.50> <Mt= 0.01> <Spt= 0.01> <nCl=  7> <al=0.50> <DB= 2973.4679> <Mlp= 2991.6286> <PB=10000000> 
<DWph=2> <it=  2> <et=29.50> <Mt= 0.00> <Spt= 0.00> <nCl=  6> <al=0.10> <DB= 2989.4107> <Mlp= 2991.6286> <PB=10000000> 
<DWph=2> <it=  3> <et=29.51> <Mt= 0.00> <Spt= 0.01> <nCl=  3> <al=0.00> <DB= 2991.6286> <Mlp= 2991.6286> <PB=10000000> 
<DWph=1> <it=  4> <et=29.51> <Mt= 0.00> <Spt= 0.00> <nCl=  1> <al=0.00> <DB= 2991.6286> <Mlp= 2991.6286> <PB=10000000> 
    RCSP exact solver info for graph G_0 : TT = 0.002266, pt = 0.000229, dt = 0.001374, ct = 0.000252, ndl = 750', bdl = 6535', odl = 1687', odf = 9309', bsi = 827', cnt = 584', bdch = 25479', odch = 8565', lcp = 6170', #sols = 150
<DWph=0> <it=  5> <et=29.52> <Mt= 0.00> <Spt= 0.01> <nCl= 28> <al=0.25> <DB= 2967.2000> <Mlp= 2991.6286> <PB=10000000> 
    RCSP exact solver info for graph G_0 : TT = 0.002074, pt = 0.000208, dt = 0.001265, ct = 0.000233, ndl = 735', bdl = 6365', odl = 1683', odf = 9267', bsi = 823', cnt = 580', bdch = 24852', odch = 8295', lcp = 6134', #sols = 150
    RCSP exact solver info for graph G_0 : TT = 0.001728, pt = 0.00018, dt = 0.001128, ct = 0.000159, ndl = 691', bdl = 5993', odl = 1508', odf = 8284', bsi = 774', cnt = 550', bdch = 21172', odch = 6771', lcp = 4986', #sols = 150
<DWph=0> <it=  6> <et=29.53> <Mt= 0.00> <Spt= 0.00> <nCl=  9> <al=0.00> <DB= 2991.6000> <Mlp= 2991.6000> <PB=10000000> 
RCSP solver dynamic params and stats :  bidir.bord. = 373.3 aver.obdmd = 8.35484 aver.buck.num. = 10.5968 nbR1C = 10 with avMem = 18
@@ 1 3 2991.6 0.00147033 0.001626 42.1277 29.53
    Full reduced cost fixing is not called (gap ratio is 0.999999)
ColGenEvalAlg final dual bound: 2991.6 (rounded: 2991.6)
False gap improvement since the last cut separation : 0.0138914 (2987.45)
Cut generation tailing off counter increased to 1
Current active cuts : R1C(10,62.9) 3rowPackR1C(7) 5rowPackR1C(3)
Shrinking heuristic shrunk 30 edges
2 Rank-1 1-rows pack. cuts added ,  max viol. = 0.285714, aver. viol. = 0.214286
150 Rank-1 3-rows pack. cuts added ,  max viol. = 0.428571, aver. viol. = 0.183333
Building structures for heuristic rank-1 packing cut separation...done!
100 Rank-1 4-rows pack. cuts added ,  max viol. = 0.428571, aver. viol. = 0.204286
100 Rank-1 5-rows pack. cuts added ,  max viol. = 0.428571, aver. viol. = 0.308571
----- Add fac. cuts : R1C(352), max.viol = 0.571429, aver.viol = 0.240463, sep/add took 0.209007/0.185347 sec. -----
2478 columns (2441 active), 522 dyn. constrs. (363 active), 789 art. vars. (485 active)
<DWph=2> <it=  1> <et=29.94> <Mt= 0.01> <Spt= 0.01> <nCl= 11> <al=0.50> <DB= 2952.3447> <Mlp= 2998.2383> <PB=10000000> 
<DWph=2> <it=  2> <et=29.95> <Mt= 0.00> <Spt= 0.01> <nCl=  9> <al=0.55> <DB= 2992.2141> <Mlp= 2998.1150> <PB=10000000> 
<DWph=2> <it=  3> <et=29.96> <Mt= 0.00> <Spt= 0.00> <nCl=  8> <al=0.45> <DB= 2891.8888> <Mlp= 2998.1150> <PB=10000000> 
<DWph=2> <it=  4> <et=29.96> <Mt= 0.00> <Spt= 0.00> <nCl=  5> <al=0.01> <DB= 2659.1968> <Mlp= 2997.9954> <PB=10000000> 
<DWph=2> <it=  5> <et=29.97> <Mt= 0.01> <Spt= 0.01> <nCl=  1> <al=0.00> <DB= 2979.9954> <Mlp= 2997.9954> <PB=10000000> 
<DWph=2> <it=  6> <et=29.98> <Mt= 0.00> <Spt= 0.00> <nCl=  1> <al=0.00> <DB= 2997.9954> <Mlp= 2997.9954> <PB=10000000> 
<DWph=1> <it=  7> <et=29.98> <Mt= 0.00> <Spt= 0.01> <nCl=  8> <al=0.21> <DB= 2851.5954> <Mlp= 2997.9954> <PB=10000000> 
<DWph=1> <it=  8> <et=29.99> <Mt= 0.00> <Spt= 0.00> <nCl=  5> <al=0.00> <DB= 2997.9483> <Mlp= 2997.9483> <PB=10000000> 
    RCSP exact solver info for graph G_0 : TT = 0.002353, pt = 0.000263, dt = 0.001541, ct = 0.000234, ndl = 874', bdl = 8105', odl = 1821', odf = 10230', bsi = 899', cnt = 677', bdch = 33580', odch = 10814', lcp = 7348', #sols = 150
<DWph=0> <it=  9> <et=30.01> <Mt= 0.00> <Spt= 0.02> <nCl= 83> <al=0.18> <DB= 1893.7414> <Mlp= 2997.9483> <PB=10000000> 
    RCSP exact solver info for graph G_0 : TT = 0.002435, pt = 0.000304, dt = 0.001524, ct = 0.000226, ndl = 890', bdl = 8079', odl = 1837', odf = 10249', bsi = 871', cnt = 630', bdch = 35179', odch = 10935', lcp = 7872', #sols = 150
<DWph=0> <it= 10> <et=30.03> <Mt= 0.01> <Spt= 0.01> <nCl= 22> <al=0.27> <DB= 2566.9888> <Mlp= 2997.4514> <PB=10000000> 
    RCSP exact solver info for graph G_0 : TT = 0.002986, pt = 0.00037, dt = 0.001795, ct = 0.000433, ndl = 896', bdl = 8047', odl = 1834', odf = 10231', bsi = 871', cnt = 629', bdch = 34957', odch = 10704', lcp = 7603', #sols = 150
<DWph=0> <it= 11> <et=30.04> <Mt= 0.00> <Spt= 0.01> <nCl=  8> <al=0.17> <DB= 2925.9480> <Mlp= 2997.4213> <PB=10000000> 
    RCSP exact solver info for graph G_0 : TT = 0.002502, pt = 0.000283, dt = 0.001693, ct = 0.000202, ndl = 873', bdl = 7871', odl = 1794', odf = 10006', bsi = 858', cnt = 631', bdch = 33822', odch = 10238', lcp = 7388', #sols = 150
    RCSP exact solver info for graph G_0 : TT = 0.001954, pt = 0.000234, dt = 0.001212, ct = 0.00021, ndl = 689', bdl = 5889', odl = 1450', odf = 8152', bsi = 829', cnt = 599', bdch = 20647', odch = 6162', lcp = 4392', #sols = 150
<DWph=0> <it= 12> <et=30.05> <Mt= 0.00> <Spt= 0.01> <nCl= 31> <al=0.00> <DB= 2997.4154> <Mlp= 2997.4154> <PB=10000000> 
RCSP solver dynamic params and stats :  bidir.bord. = 373.3 aver.obdmd = 8.35484 aver.buck.num. = 10.5968 nbR1C = 14 with avMem = 17.7143
@@ 1 4 2997.42 0.001814 0.002228 42.1277 30.05
    Full reduced cost fixing is not called (gap ratio is 0.999999)
ColGenEvalAlg final dual bound: 2997.42 (rounded: 2997.42)
False gap improvement since the last cut separation : 0.0194392 (2991.6)
Current active cuts : R1C(14,96.1738) 3rowPackR1C(11) 5rowPackR1C(3)
Shrinking heuristic shrunk 14 edges
2 Rank-1 1-rows pack. cuts added ,  max viol. = 0.276286, aver. viol. = 0.222036
150 Rank-1 3-rows pack. cuts added ,  max viol. = 0.402685, aver. viol. = 0.166562
Building structures for heuristic rank-1 packing cut separation...done!
100 Rank-1 4-rows pack. cuts added ,  max viol. = 0.302013, aver. viol. = 0.132349
100 Rank-1 5-rows pack. cuts added ,  max viol. = 0.302013, aver. viol. = 0.301208
----- Add fac. cuts : R1C(352), max.viol = 0.449664, aver.viol = 0.220221, sep/add took 0.296551/0.207313 sec. -----
2670 columns (2633 active), 715 dyn. constrs. (373 active), 1141 art. vars. (495 active)
<DWph=2> <it=  1> <et=30.58> <Mt= 0.01> <Spt= 0.01> <nCl=  0> <al=0.00> <DB= 2999.4000> <Mlp= 2999.4000> <PB=10000000> 
<DWph=1> <it=  2> <et=30.59> <Mt= 0.00> <Spt= 0.01> <nCl=  0> <al=0.00> <DB= 2999.4000> <Mlp= 2999.4000> <PB=10000000> 
    RCSP exact solver info for graph G_0 : TT = 0.002826, pt = 0.000309, dt = 0.001789, ct = 0.000238, ndl = 703', bdl = 5920', odl = 1459', odf = 8273', bsi = 818', cnt = 597', bdch = 21124', odch = 6269', lcp = 4400', #sols = 150
<DWph=0> <it=  3> <et=30.60> <Mt= 0.00> <Spt= 0.01> <nCl= 20> <al=0.30> <DB= 2987.4000> <Mlp= 2999.4000> <PB=10000000> 
    RCSP exact solver info for graph G_0 : TT = 0.002726, pt = 0.000323, dt = 0.001745, ct = 0.000293, ndl = 686', bdl = 6038', odl = 1490', odf = 8677', bsi = 827', cnt = 604', bdch = 21252', odch = 6844', lcp = 4357', #sols = 150
    RCSP exact solver info for graph G_0 : TT = 0.002259, pt = 0.00035, dt = 0.001383, ct = 0.000198, ndl = 660', bdl = 5809', odl = 1485', odf = 8608', bsi = 822', cnt = 587', bdch = 20921', odch = 6519', lcp = 4332', #sols = 150
<DWph=0> <it=  4> <et=30.61> <Mt= 0.00> <Spt= 0.01> <nCl= 18> <al=0.00> <DB= 2999.4000> <Mlp= 2999.4000> <PB=10000000> 
RCSP solver dynamic params and stats :  bidir.bord. = 354.6 aver.obdmd = 8.35484 aver.buck.num. = 10.5968 nbR1C = 21 with avMem = 19.4286
@@ 1 5 2999.4 0.001882 0.002038 44.2122 30.61
    Full reduced cost fixing is not called (gap ratio is 0.999998)
ColGenEvalAlg final dual bound: 2999.4 (rounded: 2999.4)
False gap improvement since the last cut separation : 0.00662092 (2997.42)
Cut generation tailing off counter increased to 2
Current active cuts : R1C(21,122.443) 3rowPackR1C(18) 4rowPackR1C(1) 5rowPackR1C(2)
Shrinking heuristic shrunk 35 edges
42 Rank-1 3-rows pack. cuts added ,  max viol. = 0.5, aver. viol. = 0.5
Building structures for heuristic rank-1 packing cut separation...done!
57 Rank-1 4-rows pack. cuts added ,  max viol. = 0.5, aver. viol. = 0.5
100 Rank-1 5-rows pack. cuts added ,  max viol. = 0.5, aver. viol. = 0.5
----- Add fac. cuts : R1C(199), max.viol = 0.5, aver.viol = 0.5, sep/add took 0.13261/0.126604 sec. -----
2708 columns (2671 active), 572 dyn. constrs. (234 active), 1340 art. vars. (356 active)
<DWph=2> <it=  1> <et=30.90> <Mt= 0.00> <Spt= 0.00> <nCl=  1> <al=0.00> <DB= 3001.1100> <Mlp= 3001.1100> <PB=10000000> 
<DWph=1> <it=  2> <et=30.90> <Mt= 0.01> <Spt= 0.01> <nCl=  0> <al=0.00> <DB= 3001.1100> <Mlp= 3001.1100> <PB=10000000> 
    RCSP exact solver info for graph G_0 : TT = 0.002364, pt = 0.000293, dt = 0.00149, ct = 0.000209, ndl = 713', bdl = 6310', odl = 1505', odf = 8734', bsi = 833', cnt = 628', bdch = 22806', odch = 7223', lcp = 4618', #sols = 150
<DWph=0> <it=  3> <et=30.91> <Mt= 0.00> <Spt= 0.01> <nCl= 21> <al=0.30> <DB= 2567.9100> <Mlp= 3001.1100> <PB=10000000> 
    RCSP exact solver info for graph G_0 : TT = 0.002915, pt = 0.000461, dt = 0.001714, ct = 0.000228, ndl = 733', bdl = 6616', odl = 1550', odf = 8946', bsi = 853', cnt = 665', bdch = 24651', odch = 7547', lcp = 5215', #sols = 150
<DWph=0> <it=  4> <et=30.92> <Mt= 0.00> <Spt= 0.00> <nCl= 13> <al=0.37> <DB= 2833.1108> <Mlp= 3000.8636> <PB=10000000> 
    RCSP exact solver info for graph G_0 : TT = 0.002214, pt = 0.000358, dt = 0.001314, ct = 0.000185, ndl = 726', bdl = 6531', odl = 1533', odf = 8899', bsi = 847', cnt = 667', bdch = 24215', odch = 7388', lcp = 5103', #sols = 150
    RCSP exact solver info for graph G_0 : TT = 0.002186, pt = 0.000336, dt = 0.001316, ct = 0.000206, ndl = 757', bdl = 6552', odl = 1517', odf = 8517', bsi = 818', cnt = 642', bdch = 24465', odch = 7235', lcp = 5303', #sols = 150
<DWph=0> <it=  5> <et=30.93> <Mt= 0.00> <Spt= 0.01> <nCl=  4> <al=0.00> <DB= 3000.8455> <Mlp= 3000.8455> <PB=10000000> 
RCSP solver dynamic params and stats :  bidir.bord. = 372.9 aver.obdmd = 8.35484 aver.buck.num. = 10.5968 nbR1C = 21 with avMem = 19.9048
@@ 1 6 3000.85 0.0016655 0.001942 44.2122 30.93
    Full reduced cost fixing is not called (gap ratio is 0.999998)
ColGenEvalAlg final dual bound: 3000.85 (rounded: 3000.85)
False gap improvement since the last cut separation : 0.00481915 (2999.4)
----- Cut generation is stopped due to tailing off -----
Current active cuts : R1C(21,151.109) 3rowPackR1C(17) 4rowPackR1C(2) 5rowPackR1C(2)
**** Strong branching phase 3 is started *****
**** SB phase 3 evaluation of candidate 1, branch 1 ( [ colGenSp ] >= 7 ), value = 1e+12
<DWph=2> <it=  1> <et=30.98> <Mt= 0.00> <Spt= 0.01> <nCl=  0> <al=0.00> <DB= 3001.1909> <Mlp= 3001.1909> <PB=10000000> 
<DWph=1> <it=  2> <et=30.99> <Mt= 0.00> <Spt= 0.01> <nCl=  0> <al=0.00> <DB= 3001.1909> <Mlp= 3001.1909> <PB=10000000> 
    RCSP exact solver info for graph G_0 : TT = 0.002481, pt = 0.000253, dt = 0.001592, ct = 0.000213, ndl = 722', bdl = 6231', odl = 1486', odf = 8278', bsi = 808', cnt = 632', bdch = 22756', odch = 6850', lcp = 5067', #sols = 150
    RCSP exact solver info for graph G_0 : TT = 0.002931, pt = 0.000335, dt = 0.001954, ct = 0.000258, ndl = 722', bdl = 6231', odl = 1486', odf = 8278', bsi = 808', cnt = 632', bdch = 22756', odch = 6850', lcp = 5067', #sols = 150
<DWph=0> <it=  3> <et=31.00> <Mt= 0.00> <Spt= 0.01> <nCl= 13> <al=0.00> <DB= 3001.1909> <Mlp= 3001.1909> <PB=10000000> 
RCSP solver dynamic params and stats :  bidir.bord. = 372.9 aver.obdmd = 8.35484 aver.buck.num. = 10.5968 nbR1C = 20 with avMem = 19.2
@@ 2 0 3001.19 0.0020085 0.002212 42.1277 31
    Full reduced cost fixing is not called (gap ratio is 0.999998)
ColGenEvalAlg final dual bound: 3001.19 (rounded: 3001.19)
Current active cuts : R1C(20,152.027) 3rowPackR1C(16) 4rowPackR1C(2) 5rowPackR1C(2)
1 Rank-1 1-rows pack. cuts added ,  max viol. = 0.0909091, aver. viol. = 0.0909091
119 Rank-1 3-rows pack. cuts added ,  max viol. = 0.363636, aver. viol. = 0.16272
Building structures for heuristic rank-1 packing cut separation...done!
94 Rank-1 4-rows pack. cuts added ,  max viol. = 0.363636, aver. viol. = 0.183752
100 Rank-1 5-rows pack. cuts added ,  max viol. = 0.363636, aver. viol. = 0.289091
Shrinking heuristic shrunk 25 edges
----- Add fac. cuts : R1C(314), max.viol = 0.363636, aver.viol = 0.225536, sep/add took 0.209623/0.185692 sec. -----
2723 columns (2723 active), 338 dyn. constrs. (335 active), 460 art. vars. (457 active)
<DWph=2> <it=  1> <et=31.40> <Mt= 0.00> <Spt= 0.00> <nCl=  2> <al=0.00> <DB= 3001.7000> <Mlp= 3001.7000> <PB=10000000> 
<DWph=1> <it=  2> <et=31.41> <Mt= 0.00> <Spt= 0.01> <nCl=  0> <al=0.00> <DB= 3001.7000> <Mlp= 3001.7000> <PB=10000000> 
    RCSP exact solver info for graph G_0 : TT = 0.002938, pt = 0.000345, dt = 0.001958, ct = 0.000208, ndl = 775', bdl = 6763', odl = 1549', odf = 8636', bsi = 823', cnt = 667', bdch = 25621', odch = 7805', lcp = 5848', #sols = 150
<DWph=0> <it=  3> <et=31.42> <Mt= 0.01> <Spt= 0.01> <nCl= 22> <al=0.30> <DB= 2998.2000> <Mlp= 3001.7000> <PB=10000000> 
    RCSP exact solver info for graph G_0 : TT = 0.003771, pt = 0.000498, dt = 0.002481, ct = 0.000239, ndl = 771', bdl = 6729', odl = 1553', odf = 8629', bsi = 819', cnt = 666', bdch = 25496', odch = 7714', lcp = 5822', #sols = 150
    RCSP exact solver info for graph G_0 : TT = 0.002758, pt = 0.000345, dt = 0.001801, ct = 0.000225, ndl = 755', bdl = 6504', odl = 1524', odf = 8493', bsi = 813', cnt = 656', bdch = 24363', odch = 7432', lcp = 5502', #sols = 150
<DWph=0> <it=  4> <et=31.44> <Mt= 0.00> <Spt= 0.01> <nCl=  1> <al=0.00> <DB= 3001.7000> <Mlp= 3001.7000> <PB=10000000> 
RCSP solver dynamic params and stats :  bidir.bord. = 372.9 aver.obdmd = 8.35484 aver.buck.num. = 10.5968 nbR1C = 24 with avMem = 20.25
@@ 2 1 3001.7 0.002304 0.00272 42.1277 31.44
    Full reduced cost fixing is not called (gap ratio is 0.999998)
ColGenEvalAlg final dual bound: 3001.7 (rounded: 3001.7)
False gap improvement since the last cut separation : 0.0016963 (3001.19)
Cut generation tailing off counter increased to 1
Current active cuts : R1C(24,156.1) 3rowPackR1C(19) 4rowPackR1C(2) 5rowPackR1C(3)
112 Rank-1 3-rows pack. cuts added ,  max viol. = 0.4, aver. viol. = 0.178571
Building structures for heuristic rank-1 packing cut separation...done!
87 Rank-1 4-rows pack. cuts added ,  max viol. = 0.4, aver. viol. = 0.198851
100 Rank-1 5-rows pack. cuts added ,  max viol. = 0.4, aver. viol. = 0.296
Shrinking heuristic shrunk 30 edges
----- Add fac. cuts : R1C(299), max.viol = 0.4, aver.viol = 0.258528, sep/add took 0.186153/0.189608 sec. -----
2748 columns (2748 active), 637 dyn. constrs. (328 active), 759 art. vars. (450 active)
<DWph=2> <it=  1> <et=31.83> <Mt= 0.00> <Spt= 0.01> <nCl=  1> <al=0.50> <DB= 2996.5611> <Mlp= 3003.6333> <PB=10000000> 
<DWph=2> <it=  2> <et=31.85> <Mt= 0.02> <Spt= 0.00> <nCl=  9> <al=0.55> <DB= 2874.3025> <Mlp= 3003.4833> <PB=10000000> 
<DWph=2> <it=  3> <et=31.87> <Mt= 0.01> <Spt= 0.01> <nCl=  6> <al=0.19> <DB= 2482.6345> <Mlp= 3003.4833> <PB=10000000> 
<DWph=2> <it=  4> <et=31.89> <Mt= 0.01> <Spt= 0.01> <nCl= 13> <al=0.00> <DB= 2789.2789> <Mlp= 3003.4211> <PB=10000000> 
<DWph=2> <it=  5> <et=31.90> <Mt= 0.00> <Spt= 0.01> <nCl=  3> <al=0.40> <DB= 2998.4587> <Mlp= 3003.3576> <PB=10000000> 
<DWph=2> <it=  6> <et=31.91> <Mt= 0.00> <Spt= 0.00> <nCl= 12> <al=0.00> <DB= 2951.0576> <Mlp= 3003.3576> <PB=10000000> 
<DWph=2> <it=  7> <et=31.92> <Mt= 0.00> <Spt= 0.01> <nCl=  5> <al=0.00> <DB= 3003.3576> <Mlp= 3003.3576> <PB=10000000> 
<DWph=1> <it=  8> <et=31.92> <Mt= 0.01> <Spt= 0.01> <nCl=  8> <al=0.26> <DB= 2995.3606> <Mlp= 3003.3576> <PB=10000000> 
<DWph=1> <it=  9> <et=31.93> <Mt= 0.00> <Spt= 0.00> <nCl=  4> <al=0.16> <DB= 2995.3606> <Mlp= 3003.3576> <PB=10000000> 
<DWph=1> <it= 10> <et=31.94> <Mt= 0.00> <Spt= 0.01> <nCl=  5> <al=0.16> <DB= 3000.3142> <Mlp= 3003.3263> <PB=10000000> 
<DWph=1> <it= 11> <et=31.94> <Mt= 0.00> <Spt= 0.00> <nCl=  1> <al=0.06> <DB= 3001.1757> <Mlp= 3003.3263> <PB=10000000> 
<DWph=1> <it= 12> <et=31.95> <Mt= 0.00> <Spt= 0.00> <nCl=  0> <al=0.00> <DB= 3003.3105> <Mlp= 3003.3105> <PB=10000000> 
    RCSP exact solver info for graph G_0 : TT = 0.002798, pt = 0.000341, dt = 0.001811, ct = 0.000291, ndl = 870', bdl = 7306', odl = 1582', odf = 8966', bsi = 914', cnt = 876', bdch = 29321', odch = 9230', lcp = 6904', #sols = 150
<DWph=0> <it= 13> <et=31.96> <Mt= 0.00> <Spt= 0.02> <nCl= 49> <al=0.00> <DB= 2486.0105> <Mlp= 3003.3105> <PB=10000000> 
    RCSP exact solver info for graph G_0 : TT = 0.003444, pt = 0.000437, dt = 0.002271, ct = 0.000249, ndl = 791', bdl = 6746', odl = 1520', odf = 8534', bsi = 844', cnt = 690', bdch = 25610', odch = 7872', lcp = 5753', #sols = 150
<DWph=0> <it= 14> <et=31.98> <Mt= 0.01> <Spt= 0.01> <nCl= 21> <al=0.00> <DB= 3002.9263> <Mlp= 3002.9263> <PB=10000000> 
RCSP solver dynamic params and stats :  bidir.bord. = 372.9 aver.obdmd = 8.35484 aver.buck.num. = 10.5968 nbR1C = 23 with avMem = 19.6522
@@ 2 2 3002.93 0.002311 0.00252 42.1277 31.98
    Full reduced cost fixing is not called (gap ratio is 0.999998)
ColGenEvalAlg final dual bound: 3002.93 (rounded: 3002.93)
False gap improvement since the last cut separation : 0.0040854 (3001.7)
Cut generation tailing off counter increased to 2
Current active cuts : R1C(23,193.832) 3rowPackR1C(17) 4rowPackR1C(4) 5rowPackR1C(2)
3 Rank-1 1-rows pack. cuts added ,  max viol. = 0.105263, aver. viol. = 0.0701754
150 Rank-1 3-rows pack. cuts added ,  max viol. = 0.210526, aver. viol. = 0.102456
Building structures for heuristic rank-1 packing cut separation...done!
100 Rank-1 4-rows pack. cuts added ,  max viol. = 0.315789, aver. viol. = 0.117895
100 Rank-1 5-rows pack. cuts added ,  max viol. = 0.315789, aver. viol. = 0.226842
Shrinking heuristic shrunk 24 edges
----- Add fac. cuts : R1C(353), max.viol = 0.368421, aver.viol = 0.150291, sep/add took 0.238931/0.232372 sec. -----
2885 columns (2885 active), 684 dyn. constrs. (380 active), 1112 art. vars. (502 active)
Shrinking heuristic shrunk 53 edges
<DWph=2> <it=  1> <et=32.48> <Mt= 0.00> <Spt= 0.01> <nCl=  2> <al=0.00> <DB= 3003.8000> <Mlp= 3003.8000> <PB=3003.8> 
<DWph=1> <it=  2> <et=32.49> <Mt= 0.00> <Spt= 0.00> <nCl=  0> <al=0.00> <DB= 3003.8000> <Mlp= 3003.8000> <PB=3003.8> 
    RCSP exact solver info for graph G_0 : TT = 0.003803, pt = 0.000551, dt = 0.00242, ct = 0.000271, ndl = 777', bdl = 6397', odl = 1468', odf = 8375', bsi = 830', cnt = 712', bdch = 23623', odch = 7544', lcp = 5174', #sols = 150
    RCSP exact solver info for graph G_0 : TT = 0.003059, pt = 0.000425, dt = 0.001959, ct = 0.00021, ndl = 777', bdl = 6397', odl = 1468', odf = 8375', bsi = 830', cnt = 712', bdch = 23623', odch = 7544', lcp = 5174', #sols = 150
<DWph=0> <it=  3> <et=32.50> <Mt= 0.00> <Spt= 0.02> <nCl=  5> <al=0.00> <DB= 3003.8000> <Mlp= 3003.8000> <PB=3003.8> 
RCSP solver dynamic params and stats :  bidir.bord. = 372.9 aver.obdmd = 8.35484 aver.buck.num. = 10.5968 nbR1C = 26 with avMem = 23.3846
@@ 2 3 3003.8 0.00243 0.002691 42.1277 32.5
ColGenEvalAlg final dual bound: 3003.8 (rounded: 3003.8)
Gap improvement since the last cut separation : 1 (3002.93)
Current active cuts : R1C(26,200.867) 3rowPackR1C(18) 4rowPackR1C(5) 5rowPackR1C(3)
**** SB phase 3 evaluation of candidate 1, branch 2 ( [ colGenSp ] <= 6 ), value = 1e+12
<DWph=2> <it=  1> <et=32.57> <Mt= 0.04> <Spt= 0.00> <nCl= 25> <al=0.50> <DB= 2974.5686> <Mlp= 3058.6917> <PB=3003.8> 
<DWph=2> <it=  2> <et=32.59> <Mt= 0.01> <Spt= 0.01> <nCl= 16> <al=0.55> <DB= 2996.8575> <Mlp= 3052.3500> <PB=3003.8> 
<DWph=2> <it=  3> <et=32.59> <Mt= 0.01> <Spt= 0.00> <nCl= 11> <al=0.60> <DB= 3019.9279> <Mlp= 3052.1625> <PB=3003.8> 
<DWph=2> <it=  4> <et=32.60> <Mt= 0.00> <Spt= 0.00> <nCl= 18> <al=0.50> <DB= 3024.4213> <Mlp= 3052.1278> <PB=3003.8> 
<DWph=2> <it=  5> <et=32.61> <Mt= 0.00> <Spt= 0.01> <nCl= 26> <al=0.55> <DB= 2983.8458> <Mlp= 3051.9957> <PB=3003.8> 
<DWph=2> <it=  6> <et=32.61> <Mt= 0.00> <Spt= 0.00> <nCl= 21> <al=0.59> <DB= 3007.5795> <Mlp= 3048.6667> <PB=3003.8> 
<DWph=2> <it=  7> <et=32.62> <Mt= 0.01> <Spt= 0.01> <nCl=  8> <al=0.63> <DB= 3032.8246> <Mlp= 3047.1361> <PB=3003.8> 
<DWph=2> <it=  8> <et=32.63> <Mt= 0.00> <Spt= 0.00> <nCl= 15> <al=0.67> <DB= 3037.4662> <Mlp= 3046.8333> <PB=3003.8> 
<DWph=2> <it=  9> <et=32.63> <Mt= 0.00> <Spt= 0.01> <nCl= 16> <al=0.57> <DB= 3038.2347> <Mlp= 3046.8333> <PB=3003.8> 
<DWph=2> <it= 10> <et=32.64> <Mt= 0.00> <Spt= 0.00> <nCl=  3> <al=0.61> <DB= 3041.5727> <Mlp= 3046.8333> <PB=3003.8> 
<DWph=2> <it= 11> <et=32.64> <Mt= 0.00> <Spt= 0.00> <nCl=  8> <al=0.51> <DB= 3044.1409> <Mlp= 3046.8333> <PB=3003.8> 
<DWph=2> <it= 12> <et=32.65> <Mt= 0.00> <Spt= 0.01> <nCl= 16> <al=0.41> <DB= 3030.2624> <Mlp= 3046.8333> <PB=3003.8> 
<DWph=2> <it= 13> <et=32.65> <Mt= 0.00> <Spt= 0.00> <nCl=  5> <al=0.47> <DB= 3037.2451> <Mlp= 3046.8333> <PB=3003.8> 
<DWph=2> <it= 14> <et=32.66> <Mt= 0.00> <Spt= 0.01> <nCl= 15> <al=0.00> <DB= 3007.5333> <Mlp= 3046.8333> <PB=3003.8> 
<DWph=2> <it= 15> <et=32.67> <Mt= 0.01> <Spt= 0.00> <nCl=  6> <al=0.00> <DB= 3041.4333> <Mlp= 3046.8333> <PB=3003.8> 
<DWph=2> <it= 16> <et=32.67> <Mt= 0.00> <Spt= 0.01> <nCl=  8> <al=0.17> <DB= 3034.4458> <Mlp= 3046.8333> <PB=3003.8> 
<DWph=2> <it= 17> <et=32.68> <Mt= 0.00> <Spt= 0.00> <nCl= 23> <al=0.25> <DB= 3035.0572> <Mlp= 3046.4556> <PB=3003.8> 
<DWph=2> <it= 18> <et=32.69> <Mt= 0.00> <Spt= 0.01> <nCl= 26> <al=0.00> <DB= 2947.0511> <Mlp= 3046.3667> <PB=3003.8> 
<DWph=2> <it= 19> <et=32.69> <Mt= 0.00> <Spt= 0.00> <nCl=  8> <al=0.23> <DB= 3039.7723> <Mlp= 3046.3667> <PB=3003.8> 
<DWph=2> <it= 20> <et=32.69> <Mt= 0.00> <Spt= 0.01> <nCl=  6> <al=0.31> <DB= 3041.8984> <Mlp= 3046.3667> <PB=3003.8> 
<DWph=2> <it= 21> <et=32.70> <Mt= 0.00> <Spt= 0.00> <nCl=  9> <al=0.00> <DB= 3027.4667> <Mlp= 3046.3667> <PB=3003.8> 
<DWph=2> <it= 22> <et=32.71> <Mt= 0.00> <Spt= 0.01> <nCl= 20> <al=0.00> <DB= 3033.1667> <Mlp= 3046.3667> <PB=3003.8> 
<DWph=2> <it= 23> <et=32.72> <Mt= 0.01> <Spt= 0.00> <nCl= 11> <al=0.17> <DB= 3039.9517> <Mlp= 3046.3556> <PB=3003.8> 
<DWph=2> <it= 24> <et=32.72> <Mt= 0.00> <Spt= 0.01> <nCl=  7> <al=0.00> <DB= 3045.7556> <Mlp= 3046.3556> <PB=3003.8> 
<DWph=2> <it= 25> <et=32.73> <Mt= 0.00> <Spt= 0.00> <nCl=  4> <al=0.00> <DB= 3045.7333> <Mlp= 3046.3333> <PB=3003.8> 
<DWph=2> <it= 26> <et=32.74> <Mt= 0.00> <Spt= 0.01> <nCl=  7> <al=0.00> <DB= 3046.3333> <Mlp= 3046.3333> <PB=3003.8> 
<DWph=1> <it= 27> <et=32.74> <Mt= 0.00> <Spt= 0.01> <nCl= 23> <al=0.00> <DB= 2970.7333> <Mlp= 3046.3333> <PB=3003.8> 
<DWph=1> <it= 28> <et=32.75> <Mt= 0.00> <Spt= 0.00> <nCl=  9> <al=0.06> <DB= 3030.2073> <Mlp= 3046.3333> <PB=3003.8> 
<DWph=1> <it= 29> <et=32.76> <Mt= 0.00> <Spt= 0.01> <nCl=  3> <al=0.16> <DB= 3038.4754> <Mlp= 3045.5000> <PB=3003.8> 
<DWph=1> <it= 30> <et=32.76> <Mt= 0.00> <Spt= 0.00> <nCl=  4> <al=0.24> <DB= 3043.5934> <Mlp= 3045.5000> <PB=3003.8> 
<DWph=1> <it= 31> <et=32.77> <Mt= 0.00> <Spt= 0.01> <nCl=  9> <al=0.00> <DB= 3045.5000> <Mlp= 3045.5000> <PB=3003.8> 
    RCSP exact solver info for graph G_0 : TT = 0.003429, pt = 0.00014, dt = 0.002571, ct = 0.000358, ndl = 1287', bdl = 11164', odl = 1888', odf = 9558', bsi = 1086', cnt = 965', bdch = 47938', odch = 12481', lcp = 12138', #sols = 150
<DWph=0> <it= 32> <et=32.78> <Mt= 0.00> <Spt= 0.01> <nCl= 92> <al=0.22> <DB= 3008.9000> <Mlp= 3045.5000> <PB=3003.8> 
RCSP solver dynamic params and stats :  bidir.bord. = 372.9 aver.obdmd = 8.35484 aver.buck.num. = 10.5968 nbR1C = 8 with avMem = 12.5
@@ 3 0 3008.9 0.002929 0.002929 42.1277 32.78
ColGenEvalAlg final dual bound: 3008.9 (rounded: 3008.9)
Current active cuts : R1C(8,166.531) 3rowPackR1C(8)
 SB phase 3 candidate 1 is conquered !
SB with phases chosed candidate colGenSp (6.81818)
New model incumbent solution 3003.8, TIME = 0h0m32s80t = 3280
************************************************************************************************
Search is finished, global bounds : [ 3003.8 , 3003.8 ], TIME = 0h0m32s80t = 3280
************************************************************************************************
[32mBaPCod : solution defined.[00m
statistics_cols: instance & :Optimal & cutoff & :bcRecRootDb & :bcTimeRootEval & :bcCountNodeProc & :bcRecBestDb & :bcRecBestInc & :bcTimeMain \\
statistics: instance_25-triangle & 1 & 1.0e7 & 3000.85 & 30.96 & 3 & 3003.80 & 3003.80 & 32.80 \\
########################################################
Route #1: 9 21 44 49 15 42 33 54 
Route #2: 12 50 58 8 34 23 60 16 18 1 40 59 
Route #3: 19 28 25 27 32 51 56 43 11 3 
Route #4: 26 41 38 7 5 22 17 
Route #5: 29 48 35 37 31 10 46 53 
Route #6: 36 2 13 47 45 14 24 
Route #7: 57 6 39 20 52 55 4 30 
Cost 3003.7999999999997
########################################################

end_time=2026-04-20 14:15:35
exit_code=0
