instance_file=/mnt/c/Users/porin/OneDrive/Documentos/Python-Mestrado/Modelagem Matemática/Programação Inteira - Uchoa/Problema VRPRDL/instancias_turco/VRPRDL-triangle/vrptw_convertidos/instance_23-triangle.txt
instance_name=instance_23-triangle
start_time=2026-04-20 14:14:37

  Activating project at `~/VRPSolver/VRPSolverDemos/other/VRPTW`
Application parameters:
  batch  =>  nothing
  update  =>  false
  tikz  =>  nothing
  instance  =>  "/mnt/c/Users/porin/OneDrive/Documentos/Python-Mestrado/Modelagem Matemática/Programação Inteira - Uchoa/Problema VRPRDL/instancias_turco/VRPRDL-triangle/vrptw_convertidos/instance_23-triangle.txt"
  out  =>  nothing
  nosolve  =>  false
  ub  =>  1.0e7
  sol  =>  nothing
  cfg  =>  "/home/poringman/VRPSolver/VRPSolverDemos/other/VRPTW/config/VRPTW_set_2.cfg"
  enable_cap_res  =>  false
~~~~~~~~~~~~~~~~~~~~~~~~~~~~~~~~~~~~~~~~~~~~~~~~~~~~~~~~~~~~~~~~~~~~~~~~~~~~~~~~~~~~~
GIT VERSION RCSP: 
GIT BRANCH: 
~~~~~~~~~~~~~~~~~~~~~~~~~~~~~~~~~~~~~~~~~~~~~~~~~~~~~~~~~~~~~~~~~~~~~~~~~~~~~~~~~~~~~
VRPSolver v0.6.16, 10/11/2025, © Inria Bordeaux, France, vrpsolver.math.u-bordeaux.fr
      Corresponds to the solver by Pessoa, Sadykov, Uchoa and Vanderbeck (2020)
                 Paper: dx.doi.org/10.1007/s10107-020-01523-z
~~~~~~~~~~~~~~~~~~~~~~~~~~~~~~~~~~~~~~~~~~~~~~~~~~~~~~~~~~~~~~~~~~~~~~~~~~~~~~~~~~~~~
GIT VERSION BAPCOD: a7cb21f19424236c9d0da5dcf94961797a519470
GIT BRANCH: main
~~~~~~~~~~~~~~~~~~~~~~~~~~~~~~~~~~~~~~~~~~~~~~~~~~~~~~~~~~~~~~~~~~~~~~~~~~~~~~~~~~~~~
   BaPCod v0.84, 10/11/2025, © Inria Bordeaux, France, bapcod.math.u-bordeaux.fr 
           THIS CODE IS PROVIDED AS IS, USE IT AT YOUR OWN RISK
~~~~~~~~~~~~~~~~~~~~~~~~~~~~~~~~~~~~~~~~~~~~~~~~~~~~~~~~~~~~~~~~~~~~~~~~~~~~~~~~~~~~~
--- MAIN PARAMETERS ---
GlobalTimeLimitInTick = 2147483645
GlobalTimeLimit = 21474836
ClockType = 0
MaxNbOfBBtreeNodeTreated = 100000
optimalityGapTolerance = 1e-06
relOptimalityGapTolerance = 1e-09
ApplyPreprocessing = true
PreprocessVariablesLocalBounds = false
treeSearchStrategy = 1
OpenNodesLimit = 1000
DEFAULTPRINTLEVEL = 0
--- MIP SOLVER PARAMETERS ---
solverName = CPLEX_SOLVER
MipSolverMaxBBNodes = 2000000
MipSolverMaxTime = 360000
MipSolverMultiThread = 1
--- COLUMN GENERATION PARAMETERS ---
SolverSelectForMast = a
  colGenSubProbSolMode = customSolver
mastInitMode = localArtCol
ArtVarPenaltyUpdateFactor = 2
ArtVarMaxNbOfPenaltyUpdates = 5
MaxNbOfStagesInColGenProcedure = 3
GenerateProperColumns = false
InsertAllGeneratedColumnsInFormRatherThanInPool = true
InsertNewNonNegColumnsDirectlyInFormRatherThanInPool = true
ColumnCleanupThreshold = 10000
ColumnCleanupRatio = 0.66
ReducedCostFixingThreshold = 0.9
--- CUT GENERATION PARAMETERS ---
MasterCuttingPlanesDepthLimit = 1000
MaxNbOfCutGeneratedAtEachIter = 1000
CutTailingOffThreshold = 0.015
CutTailingOffCounterThreshold = 3
CutCleanupThreshold = 1
CutCleanupRatio = 0.66
ColGenSpRelaxationImprovementPriority = 2
--- STABILIZATION PARAMETERS ---
colGenDualPriceSmoothingAlphaFactor = 1
colGenDualPriceSmoothingBetaFactor = 0
colGenStabilizationFunctionType = none
colGenProximalStabilizationRule = undefined
StabilFuncKappa = 1
colGenStabilizationMaxTreeDepth = 10000
StabilizationMinPhaseOfStage = 0
--- PRIMAL HEURISTIC PARAMETERS ---
UseInitialPrimalHeur = false
MaxTimeForRestrictedMasterIpHeur = -1
CallFrequencyOfRestrictedMasterIpHeur = 5
MIPemphasisInRestrictedMasterIpHeur = 1
PolishingAfterTimeInRestrictedMasterIpHeur = -1
DivingHeurUseDepthLimit = -1
CallFrequencyOfDivingHeur = 1
LeastFractional
Closest2RoundUp
LeastGreedyCost
LeastCost
FixIntValBeforeRoundingHeur = true
MaxNbOfCgIteDuringRh = 5000
MaxLDSbreadth = 0
MaxLDSdepth = 0
DivingHeurStopsWithFirstFeasSol = false
DivingHeurPreprocessBeforeChoosingVar = false
StrongDivingCandidatesNumber = 1
EvalAlgParamsInDiving = max#cand. = 1 max#cg.iters = 10000 min.lvl.sp.restr. = 1 min#cut.rounds = 0 max#cut.rounds = 0 red.cost.fix&enum. = false tree.size.ratio = 1
LocalSearchHeurUseDepthLimit = -1
LeastFractional
Closest2RoundUp
LeastGreedyCost
LeastCost
MaxFactorOfColFixedByLocalSearchHeur = 0.8
MaxLocalSearchIterationCounter = 3
--- STRONG BRANCHING PARAMETERS ---
SimplifiedStrongBranchingParameterisation = true
StrongBranchingPhaseOneCandidatesNumber = 50
StrongBranchingPhaseOneTreeSizeEstimRatio = 100
StrongBranchingPhaseTwoCandidatesNumber = 3
StrongBranchingPhaseTwoTreeSizeEstimRatio = 100
SafeDualBoundScaleFactor = -1
StrongBranchingPhaseOne = max#cand. = 50 max#cg.iters = 0 min.lvl.sp.restr. = 0 min#cut.rounds = 0 max#cut.rounds = 0 red.cost.fix&enum. = false tree.size.ratio = 100
StrongBranchingPhaseTwo = max#cand. = 3 max#cg.iters = 10000 min.lvl.sp.restr. = 1 min#cut.rounds = 0 max#cut.rounds = 0 red.cost.fix&enum. = false tree.size.ratio = 100
StrongBranchingPhaseThree = max#cand. = 1 max#cg.iters = 10000 min.lvl.sp.restr. = 0 min#cut.rounds = 0 max#cut.rounds = 10000 red.cost.fix&enum. = true tree.size.ratio = 1
StrongBranchingPhaseFour =not active
--- DEBUG OUTPUT PARAMETERS ---
printMasterPrimalSols = 0
--- VRPSOLVER PARAMETERS ---
RCSPstopCutGenTimeThresholdInPricing = 30
RCSPhardTimeThresholdInPricing = 20
RCSPredCostFixingTimeThreshold = 100
RCSPnumberOfBucketsPerVertex = 25
RCSPdynamicBucketSteps = 1
RCSPuseBidirectionalSearch = 1
RCSPapplyReducedCostFixing = 1
RCSPmaxNumOfColsPerIteration = 30
RCSPmaxNumOfColsPerExactIteration = 150
RCSPmaxNumOfLabelsInEnumeration = 1000000
RCSPmaxNumOfLabelsInHeurEnumeration = 0
RCSPmaxNumOfEnumeratedSolutions = 5000000
RCSPmaxNumOfEnumSolutionsForMIP = 10000
RCSPmaxNumOfEnumSolsForEndOfNodeMIP = 10000
RCSPinitNGneighbourhoodSize = 8
RCSPmaxNGneighbourhoodSize = 16
RCSPrankOneCutsMaxNumRows = 5
RCSPrankOneCutsMaxNumPerRound = 100
RCSPrankOneCutsMemoryType = 1
RCSPrankOneCutsLSnumIterations = 1000
RCSPallowRoutesWithSameVerticesSet = true
RCSPredCostFixingFalseGap = 0
SafeDualBoundScaleFactor = -1
RCSPmaxNumOfLabelsInHeurEnumeration = 0
MaxNumEnumSolsInRestrictedMasterIpHeur = 5000

prName & bcTimeMain \\ 
New model incumbent solution 1e+07, TIME = 0h0m0s53t = 53
RCSP solver info : size of non-robust cut bitmask in a label is 640 bits
Bucket steps were recalculated for graph G_0 : [28.8]
RCSP solver info : non-symmetric case as associated vars of the reverse arc of 0->60 are not the same
Bidirectional border value is initialised to 448.3
RCSP solver info : number of forw. reachable buckets / buck. strongly connected components is 645( 90.4628% ) / 416( 64.4961% )
RCSP solver info : number of back. reachable buckets / buck. strongly connected components is 605( 84.8527% ) / 457( 75.5372% )
RCSP solver info: std. label size is 56, ext. label size is 136
Generating neighbourhoods for rank-1 cuts separation
Building structures for 4- and 5-row rank-1 packing cut separation...done!
Model is built TIME = 0h0m0s54t = 54
************************************************************************************************
**** BaB tree root node
**** Local DB = -1e+12, global bounds : [ -1e+12 , 1e+07 ], TIME = 0h0m0s54t = 54
**** 1 open nodes, 0 columns (0 active), 0 dyn. constrs. (0 active), 122 art. vars. (122 active)
************************************************************************************************
#<DWph=2> <it=  1> <et=0.55> <Mt= 0.00> <Spt= 0.00> <nCl= 30> <al=0.00> <DB=-21599957778.0000> <Mlp=732000000.0000> <PB=10000000> 
#<DWph=2> <it=  2> <et=0.55> <Mt= 0.00> <Spt= 0.00> <nCl= 30> <al=0.55> <DB=-15406163041.3650> <Mlp=656000228.3000> <PB=10000000> 
#<DWph=2> <it=  3> <et=0.55> <Mt= 0.00> <Spt= 0.00> <nCl= 30> <al=0.45> <DB=-11421869824.6046> <Mlp=570857588.0214> <PB=10000000> 
#<DWph=2> <it=  4> <et=0.55> <Mt= 0.00> <Spt= 0.00> <nCl= 30> <al=0.35> <DB=-8968612191.3341> <Mlp=459286563.4274> <PB=10000000> 
#<DWph=2> <it=  5> <et=0.56> <Mt= 0.00> <Spt= 0.01> <nCl= 30> <al=0.42> <DB=-7644306262.5905> <Mlp=365227957.6673> <PB=10000000> 
#<DWph=2> <it=  6> <et=0.56> <Mt= 0.00> <Spt= 0.00> <nCl= 30> <al=0.47> <DB=-6765587270.2031> <Mlp=275820020.6121> <PB=10000000> 
#<DWph=2> <it=  7> <et=0.56> <Mt= 0.00> <Spt= 0.00> <nCl= 30> <al=0.53> <DB=-5667047303.5145> <Mlp=239602147.8200> <PB=10000000> 
#<DWph=2> <it=  8> <et=0.56> <Mt= 0.00> <Spt= 0.00> <nCl= 30> <al=0.57> <DB=-4666332403.9935> <Mlp=196254815.9236> <PB=10000000> 
#<DWph=2> <it=  9> <et=0.56> <Mt= 0.00> <Spt= 0.00> <nCl= 30> <al=0.62> <DB=-3957498024.4737> <Mlp=152928012.9987> <PB=10000000> 
#<DWph=2> <it= 10> <et=0.57> <Mt= 0.00> <Spt= 0.00> <nCl= 30> <al=0.65> <DB=-3335034562.5968> <Mlp=93999917.2003> <PB=10000000> 
#<DWph=2> <it= 11> <et=0.57> <Mt= 0.00> <Spt= 0.01> <nCl= 30> <al=0.55> <DB=-3190852067.1465> <Mlp=60205695.1772> <PB=10000000> 
#<DWph=2> <it= 12> <et=0.57> <Mt= 0.00> <Spt= 0.00> <nCl= 30> <al=0.60> <DB=-2534798450.2570> <Mlp=49525562.7883> <PB=10000000> 
#<DWph=2> <it= 13> <et=0.57> <Mt= 0.00> <Spt= 0.00> <nCl= 30> <al=0.50> <DB=-2326883212.0158> <Mlp=30278461.3632> <PB=10000000> 
#<DWph=2> <it= 14> <et=0.58> <Mt= 0.00> <Spt= 0.00> <nCl= 30> <al=0.55> <DB=-2135628758.4968> <Mlp=22223587.1050> <PB=10000000> 
#<DWph=2> <it= 15> <et=0.58> <Mt= 0.00> <Spt= 0.00> <nCl= 30> <al=0.59> <DB=-1986252674.1808> <Mlp=13170917.5338> <PB=10000000> 
#<DWph=2> <it= 16> <et=0.58> <Mt= 0.00> <Spt= 0.00> <nCl= 30> <al=0.63> <DB=-1367433996.7673> <Mlp=11054534.8237> <PB=10000000> 
#<DWph=2> <it= 17> <et=0.58> <Mt= 0.01> <Spt= 0.00> <nCl= 30> <al=0.53> <DB=-1077147689.6831> <Mlp=7724463.4247> <PB=10000000> 
#<DWph=2> <it= 18> <et=0.59> <Mt= 0.00> <Spt= 0.01> <nCl= 30> <al=0.58> <DB=-914320303.0029> <Mlp=4143458.6779> <PB=10000000> 
#<DWph=2> <it= 19> <et=0.59> <Mt= 0.00> <Spt= 0.00> <nCl= 30> <al=0.62> <DB=-881537213.9180> <Mlp=1454125.5290> <PB=10000000> 
<DWph=2> <it= 20> <et=0.60> <Mt= 0.00> <Spt= 0.00> <nCl= 30> <al=0.00> <DB=-42883.7249> <Mlp= 4548.5843> <PB=10000000> 
<DWph=2> <it= 21> <et=0.60> <Mt= 0.00> <Spt= 0.00> <nCl= 30> <al=0.56> <DB=-32926.3006> <Mlp= 4400.8287> <PB=10000000> 
<DWph=2> <it= 22> <et=0.60> <Mt= 0.00> <Spt= 0.01> <nCl= 30> <al=0.46> <DB=-20227.4129> <Mlp= 4352.5458> <PB=10000000> 
<DWph=2> <it= 23> <et=0.61> <Mt= 0.00> <Spt= 0.00> <nCl= 30> <al=0.51> <DB=-14221.5863> <Mlp= 4223.7159> <PB=10000000> 
<DWph=2> <it= 24> <et=0.61> <Mt= 0.00> <Spt= 0.00> <nCl= 30> <al=0.56> <DB=-13632.2564> <Mlp= 4083.7897> <PB=10000000> 
<DWph=2> <it= 25> <et=0.61> <Mt= 0.01> <Spt= 0.00> <nCl= 30> <al=0.61> <DB=-11461.1624> <Mlp= 3871.2929> <PB=10000000> 
<DWph=2> <it= 26> <et=0.62> <Mt= 0.00> <Spt= 0.00> <nCl= 30> <al=0.65> <DB=-11780.2512> <Mlp= 3765.8992> <PB=10000000> 
<DWph=2> <it= 27> <et=0.62> <Mt= 0.00> <Spt= 0.01> <nCl= 30> <al=0.68> <DB=-15585.0076> <Mlp= 3678.3819> <PB=10000000> 
<DWph=2> <it= 28> <et=0.62> <Mt= 0.00> <Spt= 0.00> <nCl= 30> <al=0.58> <DB=-9231.8403> <Mlp= 3552.7272> <PB=10000000> 
<DWph=2> <it= 29> <et=0.63> <Mt= 0.00> <Spt= 0.00> <nCl= 30> <al=0.62> <DB=-9711.3249> <Mlp= 3439.6498> <PB=10000000> 
<DWph=2> <it= 30> <et=0.63> <Mt= 0.00> <Spt= 0.00> <nCl= 30> <al=0.66> <DB=-10316.4221> <Mlp= 3370.1914> <PB=10000000> 
<DWph=2> <it= 31> <et=0.63> <Mt= 0.00> <Spt= 0.00> <nCl= 30> <al=0.70> <DB=-5896.1107> <Mlp= 3341.7334> <PB=10000000> 
<DWph=2> <it= 32> <et=0.63> <Mt= 0.00> <Spt= 0.01> <nCl= 30> <al=0.60> <DB=-4297.5906> <Mlp= 3296.9518> <PB=10000000> 
<DWph=2> <it= 33> <et=0.64> <Mt= 0.00> <Spt= 0.00> <nCl= 30> <al=0.50> <DB=-6081.0744> <Mlp= 3267.9517> <PB=10000000> 
<DWph=2> <it= 34> <et=0.64> <Mt= 0.00> <Spt= 0.00> <nCl= 30> <al=0.55> <DB=-3175.9868> <Mlp= 3220.6320> <PB=10000000> 
<DWph=2> <it= 35> <et=0.64> <Mt= 0.01> <Spt= 0.00> <nCl= 30> <al=0.59> <DB= -979.3954> <Mlp= 3192.9967> <PB=10000000> 
<DWph=2> <it= 36> <et=0.64> <Mt= 0.00> <Spt= 0.00> <nCl= 29> <al=0.63> <DB= -297.5575> <Mlp= 3175.2632> <PB=10000000> 
<DWph=2> <it= 37> <et=0.65> <Mt= 0.00> <Spt= 0.00> <nCl= 28> <al=0.67> <DB=  860.2552> <Mlp= 3154.7859> <PB=10000000> 
<DWph=2> <it= 38> <et=0.65> <Mt= 0.00> <Spt= 0.00> <nCl= 29> <al=0.70> <DB= 1266.9743> <Mlp= 3140.2384> <PB=10000000> 
<DWph=2> <it= 39> <et=0.65> <Mt= 0.00> <Spt= 0.01> <nCl= 30> <al=0.60> <DB= -636.1987> <Mlp= 3116.8929> <PB=10000000> 
<DWph=2> <it= 40> <et=0.66> <Mt= 0.00> <Spt= 0.00> <nCl= 30> <al=0.64> <DB= 1144.4732> <Mlp= 3111.9067> <PB=10000000> 
<DWph=2> <it= 41> <et=0.66> <Mt= 0.00> <Spt= 0.00> <nCl= 26> <al=0.68> <DB=  170.3596> <Mlp= 3107.6708> <PB=10000000> 
<DWph=2> <it= 42> <et=0.66> <Mt= 0.01> <Spt= 0.00> <nCl= 29> <al=0.58> <DB= 1251.2916> <Mlp= 3091.8571> <PB=10000000> 
<DWph=2> <it= 43> <et=0.67> <Mt= 0.00> <Spt= 0.00> <nCl= 28> <al=0.62> <DB=  513.6704> <Mlp= 3079.7983> <PB=10000000> 
<DWph=2> <it= 44> <et=0.67> <Mt= 0.00> <Spt= 0.00> <nCl= 15> <al=0.66> <DB=  525.9968> <Mlp= 3074.7138> <PB=10000000> 
<DWph=2> <it= 45> <et=0.67> <Mt= 0.00> <Spt= 0.01> <nCl=  9> <al=0.56> <DB= 1240.3421> <Mlp= 3070.5192> <PB=10000000> 
<DWph=2> <it= 46> <et=0.67> <Mt= 0.00> <Spt= 0.00> <nCl= 23> <al=0.46> <DB= 2106.0870> <Mlp= 3070.1214> <PB=10000000> 
<DWph=2> <it= 47> <et=0.67> <Mt= 0.00> <Spt= 0.00> <nCl= 17> <al=0.36> <DB= 1901.9489> <Mlp= 3061.4833> <PB=10000000> 
<DWph=2> <it= 48> <et=0.68> <Mt= 0.00> <Spt= 0.00> <nCl=  8> <al=0.42> <DB= 2646.0147> <Mlp= 3061.4833> <PB=10000000> 
<DWph=2> <it= 49> <et=0.68> <Mt= 0.00> <Spt= 0.00> <nCl= 11> <al=0.32> <DB= 2811.7744> <Mlp= 3059.8167> <PB=10000000> 
<DWph=2> <it= 50> <et=0.68> <Mt= 0.00> <Spt= 0.00> <nCl= 17> <al=0.22> <DB= 2981.0623> <Mlp= 3059.8167> <PB=10000000> 
<DWph=2> <it= 51> <et=0.68> <Mt= 0.00> <Spt= 0.00> <nCl= 11> <al=0.12> <DB= 1113.7371> <Mlp= 3059.8167> <PB=10000000> 
<DWph=2> <it= 52> <et=0.68> <Mt= 0.00> <Spt= 0.01> <nCl= 14> <al=0.21> <DB= 2663.4955> <Mlp= 3059.7833> <PB=10000000> 
<DWph=2> <it= 53> <et=0.69> <Mt= 0.00> <Spt= 0.00> <nCl=  4> <al=0.11> <DB= 2852.3990> <Mlp= 3059.7833> <PB=10000000> 
<DWph=2> <it= 54> <et=0.69> <Mt= 0.00> <Spt= 0.00> <nCl=  7> <al=0.00> <DB= 3059.7833> <Mlp= 3059.7833> <PB=10000000> 
<DWph=1> <it= 55> <et=0.69> <Mt= 0.00> <Spt= 0.00> <nCl= 30> <al=0.00> <DB= 1067.7833> <Mlp= 3059.7833> <PB=10000000> 
<DWph=1> <it= 56> <et=0.69> <Mt= 0.00> <Spt= 0.00> <nCl= 30> <al=0.02> <DB= 2785.1273> <Mlp= 3050.7667> <PB=10000000> 
<DWph=1> <it= 57> <et=0.70> <Mt= 0.00> <Spt= 0.01> <nCl= 28> <al=0.12> <DB= 2749.4545> <Mlp= 3049.3000> <PB=10000000> 
<DWph=1> <it= 58> <et=0.70> <Mt= 0.00> <Spt= 0.00> <nCl= 15> <al=0.21> <DB= 2918.2248> <Mlp= 3047.9500> <PB=10000000> 
<DWph=1> <it= 59> <et=0.70> <Mt= 0.00> <Spt= 0.00> <nCl=  8> <al=0.11> <DB= 2916.2047> <Mlp= 3046.0500> <PB=10000000> 
<DWph=1> <it= 60> <et=0.70> <Mt= 0.00> <Spt= 0.00> <nCl=  2> <al=0.19> <DB= 2974.1689> <Mlp= 3046.0500> <PB=10000000> 
<DWph=1> <it= 61> <et=0.71> <Mt= 0.01> <Spt= 0.00> <nCl=  9> <al=0.09> <DB= 2977.1390> <Mlp= 3046.0500> <PB=10000000> 
Shrinking heuristic shrunk 52 edges
avgVertexMem: 8 , colsForbidden = 0, phase-I = 0, phase-II = 0, colNonElem = 0, colElem = 8, TT =  0.001126
<DWph=1> <it= 62> <et=0.71> <Mt= 0.00> <Spt= 0.01> <nCl=  8> <al=0.00> <DB= 3035.9000> <Mlp= 3044.9000> <PB=3044.9> 
<DWph=1> <it= 63> <et=0.71> <Mt= 0.00> <Spt= 0.00> <nCl=  2> <al=0.09> <DB= 3035.9000> <Mlp= 3044.9000> <PB=3044.9> 
<DWph=1> <it= 64> <et=0.71> <Mt= 0.00> <Spt= 0.00> <nCl=  1> <al=0.09> <DB= 3035.9000> <Mlp= 3044.9000> <PB=3044.9> 
<DWph=1> <it= 65> <et=0.72> <Mt= 0.00> <Spt= 0.00> <nCl=  2> <al=0.00> <DB= 3044.9000> <Mlp= 3044.9000> <PB=3044.9> 
    RCSP exact solver info for graph G_0 : TT = 0.001581, pt = 1.8e-05, dt = 0.001135, ct = 0.000179, ndl = 898', bdl = 4559', odl = 1718', odf = 9248', bsi = 894', cnt = 850', bdch = 22626', odch = 9405', lcp = 6502', #sols = 150
<DWph=0> <it= 66> <et=0.72> <Mt= 0.00> <Spt= 0.01> <nCl= 89> <al=0.00> <DB= 1286.9000> <Mlp= 3044.9000> <PB=3044.9> 
    RCSP exact solver info for graph G_0 : TT = 0.00185, pt = 2.8e-05, dt = 0.001268, ct = 0.000214, ndl = 940', bdl = 4473', odl = 1685', odf = 8877', bsi = 961', cnt = 857', bdch = 23504', odch = 8838', lcp = 6949', #sols = 150
<DWph=0> <it= 67> <et=0.73> <Mt= 0.00> <Spt= 0.00> <nCl= 87> <al=0.00> <DB= 1887.9250> <Mlp= 3042.9250> <PB=3044.9> 
    RCSP exact solver info for graph G_0 : TT = 0.001738, pt = 2.6e-05, dt = 0.00124, ct = 0.000179, ndl = 943', bdl = 4624', odl = 1720', odf = 9004', bsi = 984', cnt = 813', bdch = 23171', odch = 8864', lcp = 6434', #sols = 150
<DWph=0> <it= 68> <et=0.73> <Mt= 0.00> <Spt= 0.00> <nCl= 72> <al=0.09> <DB= 2046.4486> <Mlp= 3037.5000> <PB=3044.9> 
    RCSP exact solver info for graph G_0 : TT = 0.00153, pt = 3.1e-05, dt = 0.001048, ct = 0.000172, ndl = 811', bdl = 4175', odl = 1634', odf = 8517', bsi = 901', cnt = 641', bdch = 19975', odch = 7617', lcp = 5940', #sols = 150
<DWph=0> <it= 69> <et=0.74> <Mt= 0.00> <Spt= 0.01> <nCl= 70> <al=0.00> <DB= 2921.5750> <Mlp= 3032.5750> <PB=3044.9> 
    RCSP exact solver info for graph G_0 : TT = 0.001674, pt = 2.7e-05, dt = 0.001117, ct = 0.000176, ndl = 822', bdl = 4196', odl = 1625', odf = 8441', bsi = 875', cnt = 645', bdch = 20029', odch = 7441', lcp = 5944', #sols = 150
<DWph=0> <it= 70> <et=0.74> <Mt= 0.00> <Spt= 0.00> <nCl= 18> <al=0.09> <DB= 2957.1413> <Mlp= 3032.5750> <PB=3044.9> 
    RCSP exact solver info for graph G_0 : TT = 0.00154, pt = 2.7e-05, dt = 0.001071, ct = 0.000171, ndl = 820', bdl = 4208', odl = 1626', odf = 8446', bsi = 913', cnt = 648', bdch = 20057', odch = 7454', lcp = 5936', #sols = 150
<DWph=0> <it= 71> <et=0.75> <Mt= 0.00> <Spt= 0.01> <nCl=  4> <al=0.00> <DB= 3032.5750> <Mlp= 3032.5750> <PB=3044.9> 
RCSP solver dynamic params and stats :  bidir.bord. = 487.1 aver.obdmd = 8.77419 aver.buck.num. = 11.5
@@ 1 0 3032.57 0.00132833 0.001482 49.086 0.75
RCSP      solver labels distribution in 244 buckets (bucket size) : largest - 21, top 0.1% - 21, top 0.5% - 18, top 2% - 14, top 10% - 7, top 50% - 2
Reduced cost fixing for graph G_0...  TT = 0.001362, pt = 0.000338, dt = 0.000892, ct = 0, ndl = 1384', bdl = 11248', odl = 1217', odf = 7214', lpcb = 23027', cnt = 1483', bdch = 34635', odch = 6635', lcp = 4607'
1193 buck. arcs remain (5.94% from prev., 3.21% from max.) + 797 jump buck. arcs (2.15% from max.)
Backward reduced cost fixing... 1081 buck. arcs remain (7.12% from prev., 3.11% from max.) + 640 jump buck. arcs (1.84% from max.)
 TT = 0.003594, pt = 0.000338, dt = 0.000892, ct = 0.0021, ndl = 1384', bdl = 11248', odl = 1217', odf = 7214', lpcb = 23027', cnt = 3512', bdch = 34635', odch = 6635', lcp = 4607'
RCSP      solver labels distribution in 415 buckets (bucket size) : largest - 21, top 0.1% - 21, top 0.5% - 18, top 2% - 14, top 10% - 8, top 50% - 2
Run forward enumeration with border = 487.1... succeeded! lpt = 0.014642, ndl = 985', dl = 253', lpcb = 2351', dch = 1206'
Run backward enumeration... succeeded! lpt = 0.012122, ndl = 1076', dl = 32', lpcb = 314', dch = 211'
Run enumeration concatenation with time limit 0.3 sec.... done!
 TT = 0.059664, pt = 0.013538, dt = 0.026764, ct = 0.002703, ndl = 2061', bdl = 285', lpcb = 2665', cnt = 4908', bdch = 1417', odch = 0', lcp = 0'
Enumeration succeeded!, number of elem. solutions is 9079
Estimating inspection time...     TT = 0.000411, performed by inspection with 9079 solutions, nbR1C = 0, nbDiscC = 0
Inspection time is low enough. Pricing will be done by inspection.
Added 567 columns in the formulation 
Removed 1323 columns (not in the enumerated set) from the formulation
Regenerated 567 columns with the 'enumerated' flag
Added 8646 columns in the formulation 
ColGenEvalAlg final dual bound: 3032.57 (rounded: 3032.57)
----- Terminating the node by MIP -----
Version identifier: 22.1.2.0 | 2024-11-26 | 0edbb82fd
CPXPARAM_Advance                                 0
CPXPARAM_Preprocessing_Linear                    0
CPXPARAM_Threads                                 1
CPXPARAM_MIP_Strategy_CallbackReducedLP          0
CPXPARAM_MIP_Limits_Nodes                        2000000
CPXPARAM_Simplex_Tolerances_Optimality           9.9999999999999995e-08
CPXPARAM_Simplex_Tolerances_Feasibility          9.9999999999999995e-08
CPXPARAM_TimeLimit                               360000
CPXPARAM_MIP_Tolerances_UpperCutoff              3044.8999999999996
CPXPARAM_MIP_Tolerances_MIPGap                   1.0000000000000001e-09
Legacy callback                                  L
Warning: Control callbacks may disable some MIP features.
Tried aggregator 1 time.
MIP Presolve eliminated 27 rows and 8518 columns.
MIP Presolve modified 27943 coefficients.
Reduced MIP has 35 rows, 695 columns, and 4277 nonzeros.
Reduced MIP has 695 binaries, 0 generals, 0 SOSs, and 0 indicators.
Presolve time = 0.03 sec. (43.47 ticks)
Probing fixed 384 vars, tightened 0 bounds.
Probing time = 0.00 sec. (6.82 ticks)
Clique table members: 261.
MIP emphasis: balance optimality and feasibility.
MIP search method: traditional branch-and-cut.
Parallel mode: none, using 1 thread.
Root relaxation solution time = 0.00 sec. (0.31 ticks)
Shrinking heuristic shrunk 52 edges

        Nodes                                         Cuts/
   Node  Left     Objective  IInf  Best Integer    Best Bound    ItCnt     Gap         Variable B NodeID Parent  Depth

*     0     0      integral     0     3036.2000     3036.2000       30    0.00%                        0             0
Elapsed time = 0.03 sec. (51.79 ticks, tree = 0.00 MB, solutions = 1)

Root node processing (before b&c):
  Real time             =    0.03 sec. (52.04 ticks)
Sequential b&c:
  Real time             =    0.00 sec. (0.00 ticks)
                          ------------
Total (root+branch&cut) =    0.03 sec. (52.04 ticks)
Solution status = Optimum
Shrinking heuristic shrunk 52 edges
New model incumbent solution 3036.2, TIME = 0h0m1s2t = 102
************************************************************************************************
Search is finished, global bounds : [ 3036.2 , 3036.2 ], TIME = 0h0m1s2t = 102
************************************************************************************************
[32mBaPCod : solution defined.[00m
statistics_cols: instance & :Optimal & cutoff & :bcRecRootDb & :bcTimeRootEval & :bcCountNodeProc & :bcRecBestDb & :bcRecBestInc & :bcTimeMain \\
statistics: instance_23-triangle & 1 & 1.0e7 & 3036.20 & 1.02 & 1 & 3036.20 & 3036.20 & 1.02 \\
########################################################
Route #1: 2 32 49 54 12 28 34 17 37 
Route #2: 39 55 33 19 
Route #3: 40 1 8 13 22 59 57 15 27 6 
Route #4: 41 38 10 24 56 53 
Route #5: 44 26 29 42 30 
Route #6: 51 3 18 31 47 4 14 46 
Route #7: 52 16 45 20 43 48 58 25 35 23 50 
Route #8: 60 9 5 11 21 7 36 
Cost 3036.2
########################################################

end_time=2026-04-20 14:14:45
exit_code=0
