instance_file=/mnt/c/Users/porin/OneDrive/Documentos/Python-Mestrado/Modelagem Matemática/Programação Inteira - Uchoa/Problema VRPRDL/instancias_turco/VRPRDL-triangle/vrptw_convertidos/instance_4-triangle.txt
instance_name=instance_4-triangle
start_time=2026-04-21 17:52:12

  Activating project at `~/VRPSolver/VRPSolverDemos/other/VRPTW`
Application parameters:
  batch  =>  nothing
  update  =>  false
  tikz  =>  nothing
  instance  =>  "/mnt/c/Users/porin/OneDrive/Documentos/Python-Mestrado/Modelagem Matemática/Programação Inteira - Uchoa/Problema VRPRDL/instancias_turco/VRPRDL-triangle/vrptw_convertidos/instance_4-triangle.txt"
  out  =>  nothing
  nosolve  =>  false
  ub  =>  1.0e7
  sol  =>  nothing
  cfg  =>  "/home/poringman/VRPSolver/VRPSolverDemos/other/VRPTW/config/VRPTW_set_2.cfg"
  enable_cap_res  =>  false
~~~~~~~~~~~~~~~~~~~~~~~~~~~~~~~~~~~~~~~~~~~~~~~~~~~~~~~~~~~~~~~~~~~~~~~~~~~~~~~~~~~~~
GIT VERSION RCSP: 
GIT BRANCH: 
~~~~~~~~~~~~~~~~~~~~~~~~~~~~~~~~~~~~~~~~~~~~~~~~~~~~~~~~~~~~~~~~~~~~~~~~~~~~~~~~~~~~~
VRPSolver v0.6.16, 10/11/2025, © Inria Bordeaux, France, vrpsolver.math.u-bordeaux.fr
      Corresponds to the solver by Pessoa, Sadykov, Uchoa and Vanderbeck (2020)
                 Paper: dx.doi.org/10.1007/s10107-020-01523-z
~~~~~~~~~~~~~~~~~~~~~~~~~~~~~~~~~~~~~~~~~~~~~~~~~~~~~~~~~~~~~~~~~~~~~~~~~~~~~~~~~~~~~
GIT VERSION BAPCOD: a7cb21f19424236c9d0da5dcf94961797a519470
GIT BRANCH: main
~~~~~~~~~~~~~~~~~~~~~~~~~~~~~~~~~~~~~~~~~~~~~~~~~~~~~~~~~~~~~~~~~~~~~~~~~~~~~~~~~~~~~
   BaPCod v0.84, 10/11/2025, © Inria Bordeaux, France, bapcod.math.u-bordeaux.fr 
           THIS CODE IS PROVIDED AS IS, USE IT AT YOUR OWN RISK
~~~~~~~~~~~~~~~~~~~~~~~~~~~~~~~~~~~~~~~~~~~~~~~~~~~~~~~~~~~~~~~~~~~~~~~~~~~~~~~~~~~~~
--- MAIN PARAMETERS ---
GlobalTimeLimitInTick = 2147483645
GlobalTimeLimit = 21474836
ClockType = 0
MaxNbOfBBtreeNodeTreated = 100000
optimalityGapTolerance = 1e-06
relOptimalityGapTolerance = 1e-09
ApplyPreprocessing = true
PreprocessVariablesLocalBounds = false
treeSearchStrategy = 1
OpenNodesLimit = 1000
DEFAULTPRINTLEVEL = 0
--- MIP SOLVER PARAMETERS ---
solverName = CPLEX_SOLVER
MipSolverMaxBBNodes = 2000000
MipSolverMaxTime = 360000
MipSolverMultiThread = 1
--- COLUMN GENERATION PARAMETERS ---
SolverSelectForMast = a
  colGenSubProbSolMode = customSolver
mastInitMode = localArtCol
ArtVarPenaltyUpdateFactor = 2
ArtVarMaxNbOfPenaltyUpdates = 5
MaxNbOfStagesInColGenProcedure = 3
GenerateProperColumns = false
InsertAllGeneratedColumnsInFormRatherThanInPool = true
InsertNewNonNegColumnsDirectlyInFormRatherThanInPool = true
ColumnCleanupThreshold = 10000
ColumnCleanupRatio = 0.66
ReducedCostFixingThreshold = 0.9
--- CUT GENERATION PARAMETERS ---
MasterCuttingPlanesDepthLimit = 1000
MaxNbOfCutGeneratedAtEachIter = 1000
CutTailingOffThreshold = 0.015
CutTailingOffCounterThreshold = 3
CutCleanupThreshold = 1
CutCleanupRatio = 0.66
ColGenSpRelaxationImprovementPriority = 2
--- STABILIZATION PARAMETERS ---
colGenDualPriceSmoothingAlphaFactor = 1
colGenDualPriceSmoothingBetaFactor = 0
colGenStabilizationFunctionType = none
colGenProximalStabilizationRule = undefined
StabilFuncKappa = 1
colGenStabilizationMaxTreeDepth = 10000
StabilizationMinPhaseOfStage = 0
--- PRIMAL HEURISTIC PARAMETERS ---
UseInitialPrimalHeur = false
MaxTimeForRestrictedMasterIpHeur = -1
CallFrequencyOfRestrictedMasterIpHeur = 5
MIPemphasisInRestrictedMasterIpHeur = 1
PolishingAfterTimeInRestrictedMasterIpHeur = -1
DivingHeurUseDepthLimit = -1
CallFrequencyOfDivingHeur = 1
LeastFractional
Closest2RoundUp
LeastGreedyCost
LeastCost
FixIntValBeforeRoundingHeur = true
MaxNbOfCgIteDuringRh = 5000
MaxLDSbreadth = 0
MaxLDSdepth = 0
DivingHeurStopsWithFirstFeasSol = false
DivingHeurPreprocessBeforeChoosingVar = false
StrongDivingCandidatesNumber = 1
EvalAlgParamsInDiving = max#cand. = 1 max#cg.iters = 10000 min.lvl.sp.restr. = 1 min#cut.rounds = 0 max#cut.rounds = 0 red.cost.fix&enum. = false tree.size.ratio = 1
LocalSearchHeurUseDepthLimit = -1
LeastFractional
Closest2RoundUp
LeastGreedyCost
LeastCost
MaxFactorOfColFixedByLocalSearchHeur = 0.8
MaxLocalSearchIterationCounter = 3
--- STRONG BRANCHING PARAMETERS ---
SimplifiedStrongBranchingParameterisation = true
StrongBranchingPhaseOneCandidatesNumber = 50
StrongBranchingPhaseOneTreeSizeEstimRatio = 100
StrongBranchingPhaseTwoCandidatesNumber = 3
StrongBranchingPhaseTwoTreeSizeEstimRatio = 100
SafeDualBoundScaleFactor = -1
StrongBranchingPhaseOne = max#cand. = 50 max#cg.iters = 0 min.lvl.sp.restr. = 0 min#cut.rounds = 0 max#cut.rounds = 0 red.cost.fix&enum. = false tree.size.ratio = 100
StrongBranchingPhaseTwo = max#cand. = 3 max#cg.iters = 10000 min.lvl.sp.restr. = 1 min#cut.rounds = 0 max#cut.rounds = 0 red.cost.fix&enum. = false tree.size.ratio = 100
StrongBranchingPhaseThree = max#cand. = 1 max#cg.iters = 10000 min.lvl.sp.restr. = 0 min#cut.rounds = 0 max#cut.rounds = 10000 red.cost.fix&enum. = true tree.size.ratio = 1
StrongBranchingPhaseFour =not active
--- DEBUG OUTPUT PARAMETERS ---
printMasterPrimalSols = 0
--- VRPSOLVER PARAMETERS ---
RCSPstopCutGenTimeThresholdInPricing = 30
RCSPhardTimeThresholdInPricing = 20
RCSPredCostFixingTimeThreshold = 100
RCSPnumberOfBucketsPerVertex = 25
RCSPdynamicBucketSteps = 1
RCSPuseBidirectionalSearch = 1
RCSPapplyReducedCostFixing = 1
RCSPmaxNumOfColsPerIteration = 30
RCSPmaxNumOfColsPerExactIteration = 150
RCSPmaxNumOfLabelsInEnumeration = 1000000
RCSPmaxNumOfLabelsInHeurEnumeration = 0
RCSPmaxNumOfEnumeratedSolutions = 5000000
RCSPmaxNumOfEnumSolutionsForMIP = 10000
RCSPmaxNumOfEnumSolsForEndOfNodeMIP = 10000
RCSPinitNGneighbourhoodSize = 8
RCSPmaxNGneighbourhoodSize = 16
RCSPrankOneCutsMaxNumRows = 5
RCSPrankOneCutsMaxNumPerRound = 100
RCSPrankOneCutsMemoryType = 1
RCSPrankOneCutsLSnumIterations = 1000
RCSPallowRoutesWithSameVerticesSet = true
RCSPredCostFixingFalseGap = 0
SafeDualBoundScaleFactor = -1
RCSPmaxNumOfLabelsInHeurEnumeration = 0
MaxNumEnumSolsInRestrictedMasterIpHeur = 5000

prName & bcTimeMain \\ 
New model incumbent solution 1e+07, TIME = 0h0m0s37t = 37
RCSP solver info : size of non-robust cut bitmask in a label is 640 bits
Bucket steps were recalculated for graph G_0 : [28.8]
RCSP solver info : non-symmetric case as associated vars of the reverse arc of 0->15 are not the same
Bidirectional border value is initialised to 393.5
RCSP solver info : number of forw. reachable buckets / buck. strongly connected components is 187( 79.5745% ) / 185( 98.9305% )
RCSP solver info : number of back. reachable buckets / buck. strongly connected components is 189( 80.4255% ) / 181( 95.7672% )
RCSP solver info: std. label size is 56, ext. label size is 136
Generating neighbourhoods for rank-1 cuts separation
Building structures for 4- and 5-row rank-1 packing cut separation...done!
Model is built TIME = 0h0m0s40t = 40
************************************************************************************************
**** BaB tree root node
**** Local DB = -1e+12, global bounds : [ -1e+12 , 1e+07 ], TIME = 0h0m0s40t = 40
**** 1 open nodes, 0 columns (0 active), 0 dyn. constrs. (0 active), 32 art. vars. (32 active)
************************************************************************************************
#<DWph=2> <it=  1> <et=0.41> <Mt= 0.00> <Spt= 0.00> <nCl= 30> <al=0.00> <DB=-1439990955.0000> <Mlp=192000000.0000> <PB=10000000> 
#<DWph=2> <it=  2> <et=0.41> <Mt= 0.00> <Spt= 0.00> <nCl= 30> <al=0.55> <DB=-896394815.4900> <Mlp=68000808.9667> <PB=10000000> 
#<DWph=2> <it=  3> <et=0.41> <Mt= 0.00> <Spt= 0.00> <nCl= 30> <al=0.45> <DB=-625665186.4868> <Mlp=36001213.2000> <PB=10000000> 
Shrinking heuristic shrunk 12 edges
avgVertexMem: 8 , colsForbidden = 0, phase-I = 0, phase-II = 0, colNonElem = 0, colElem = 3, TT =  0.000151
<DWph=2> <it=  4> <et=0.42> <Mt= 0.00> <Spt= 0.00> <nCl= 26> <al=0.51> <DB=-348934698.1834> <Mlp= 1857.9000> <PB=1857.9> 
<DWph=2> <it=  5> <et=0.42> <Mt= 0.00> <Spt= 0.00> <nCl= 30> <al=0.41> <DB=-308491323.5420> <Mlp= 1687.0933> <PB=1857.9> 
Shrinking heuristic shrunk 12 edges
ng-neighbourhood is not increased: max avg neigh size is reached 
<DWph=2> <it=  6> <et=0.42> <Mt= 0.00> <Spt= 0.00> <nCl= 30> <al=0.00> <DB=-2728.8000> <Mlp= 1598.2000> <PB=1598.2> 
Shrinking heuristic shrunk 12 edges
ng-neighbourhood is not increased: max avg neigh size is reached 
<DWph=2> <it=  7> <et=0.42> <Mt= 0.00> <Spt= 0.00> <nCl= 25> <al=0.36> <DB=  -73.1091> <Mlp= 1450.1000> <PB=1450.1> 
<DWph=2> <it=  8> <et=0.42> <Mt= 0.00> <Spt= 0.00> <nCl= 12> <al=0.26> <DB=  971.1392> <Mlp= 1450.1000> <PB=1450.1> 
Shrinking heuristic shrunk 12 edges
ng-neighbourhood is not increased: max avg neigh size is reached 
<DWph=2> <it=  9> <et=0.42> <Mt= 0.00> <Spt= 0.00> <nCl= 22> <al=0.16> <DB=  915.0200> <Mlp= 1448.1000> <PB=1448.1> 
<DWph=2> <it= 10> <et=0.42> <Mt= 0.00> <Spt= 0.00> <nCl= 12> <al=0.25> <DB= 1188.6005> <Mlp= 1448.1000> <PB=1448.1> 
Shrinking heuristic shrunk 12 edges
ng-neighbourhood is not increased: max avg neigh size is reached 
<DWph=2> <it= 11> <et=0.42> <Mt= 0.00> <Spt= 0.00> <nCl= 13> <al=0.15> <DB= 1372.3240> <Mlp= 1427.7000> <PB=1427.7> 
<DWph=2> <it= 12> <et=0.42> <Mt= 0.00> <Spt= 0.00> <nCl=  8> <al=0.05> <DB= 1422.9977> <Mlp= 1427.7000> <PB=1427.7> 
<DWph=2> <it= 13> <et=0.42> <Mt= 0.00> <Spt= 0.00> <nCl=  4> <al=0.00> <DB= 1427.7000> <Mlp= 1427.7000> <PB=1427.7> 
<DWph=1> <it= 14> <et=0.42> <Mt= 0.00> <Spt= 0.00> <nCl=  0> <al=0.00> <DB= 1427.7000> <Mlp= 1427.7000> <PB=1427.7> 
    RCSP exact solver info for graph G_0 : TT = 0.001303, pt = 5e-06, dt = 5.3e-05, ct = 3.4e-05, ndl = 54', bdl = 50', odl = 88', odf = 470', bsi = 260', cnt = 235', bdch = 173', odch = 156', lcp = 26', #sols = 150
<DWph=0> <it= 15> <et=0.42> <Mt= 0.00> <Spt= 0.01> <nCl=103> <al=0.00> <DB= 1427.7000> <Mlp= 1427.7000> <PB=1427.7> 
RCSP solver dynamic params and stats :  bidir.bord. = 393.5 aver.obdmd = 9.88235 aver.buck.num. = 13.8235
@@ 1 0 1427.7 8.7e-05 8.7e-05 49.3661 0.42
ColGenEvalAlg final dual bound: 1427.7 (rounded: 1427.7)
New model incumbent solution 1427.7, TIME = 0h0m0s42t = 42
************************************************************************************************
Search is finished, global bounds : [ 1427.7 , 1427.7 ], TIME = 0h0m0s42t = 42
************************************************************************************************
[32mBaPCod : solution defined.[00m
statistics_cols: instance & :Optimal & cutoff & :bcRecRootDb & :bcTimeRootEval & :bcCountNodeProc & :bcRecBestDb & :bcRecBestInc & :bcTimeMain \\
statistics: instance_4-triangle & 1 & 1.0e7 & 1427.70 & 0.42 & 1 & 1427.70 & 1427.70 & 0.42 \\
########################################################
Route #1: 4 8 3 15 
Route #2: 5 1 7 10 12 11 
Route #3: 13 14 6 2 9 
Cost 1427.7000000000003
########################################################

end_time=2026-04-21 17:52:22
exit_code=0
