instance_file=/mnt/c/Users/porin/OneDrive/Documentos/Python-Mestrado/Modelagem Matemática/Programação Inteira - Uchoa/Problema VRPRDL/instancias_turco/VRPRDL-triangle/vrptw_convertidos/instance_21-triangle.txt
instance_name=instance_21-triangle
start_time=2026-04-20 14:13:54

  Activating project at `~/VRPSolver/VRPSolverDemos/other/VRPTW`
Application parameters:
  batch  =>  nothing
  update  =>  false
  tikz  =>  nothing
  instance  =>  "/mnt/c/Users/porin/OneDrive/Documentos/Python-Mestrado/Modelagem Matemática/Programação Inteira - Uchoa/Problema VRPRDL/instancias_turco/VRPRDL-triangle/vrptw_convertidos/instance_21-triangle.txt"
  out  =>  nothing
  nosolve  =>  false
  ub  =>  1.0e7
  sol  =>  nothing
  cfg  =>  "/home/poringman/VRPSolver/VRPSolverDemos/other/VRPTW/config/VRPTW_set_2.cfg"
  enable_cap_res  =>  false
~~~~~~~~~~~~~~~~~~~~~~~~~~~~~~~~~~~~~~~~~~~~~~~~~~~~~~~~~~~~~~~~~~~~~~~~~~~~~~~~~~~~~
GIT VERSION RCSP: 
GIT BRANCH: 
~~~~~~~~~~~~~~~~~~~~~~~~~~~~~~~~~~~~~~~~~~~~~~~~~~~~~~~~~~~~~~~~~~~~~~~~~~~~~~~~~~~~~
VRPSolver v0.6.16, 10/11/2025, © Inria Bordeaux, France, vrpsolver.math.u-bordeaux.fr
      Corresponds to the solver by Pessoa, Sadykov, Uchoa and Vanderbeck (2020)
                 Paper: dx.doi.org/10.1007/s10107-020-01523-z
~~~~~~~~~~~~~~~~~~~~~~~~~~~~~~~~~~~~~~~~~~~~~~~~~~~~~~~~~~~~~~~~~~~~~~~~~~~~~~~~~~~~~
GIT VERSION BAPCOD: a7cb21f19424236c9d0da5dcf94961797a519470
GIT BRANCH: main
~~~~~~~~~~~~~~~~~~~~~~~~~~~~~~~~~~~~~~~~~~~~~~~~~~~~~~~~~~~~~~~~~~~~~~~~~~~~~~~~~~~~~
   BaPCod v0.84, 10/11/2025, © Inria Bordeaux, France, bapcod.math.u-bordeaux.fr 
           THIS CODE IS PROVIDED AS IS, USE IT AT YOUR OWN RISK
~~~~~~~~~~~~~~~~~~~~~~~~~~~~~~~~~~~~~~~~~~~~~~~~~~~~~~~~~~~~~~~~~~~~~~~~~~~~~~~~~~~~~
--- MAIN PARAMETERS ---
GlobalTimeLimitInTick = 2147483645
GlobalTimeLimit = 21474836
ClockType = 0
MaxNbOfBBtreeNodeTreated = 100000
optimalityGapTolerance = 1e-06
relOptimalityGapTolerance = 1e-09
ApplyPreprocessing = true
PreprocessVariablesLocalBounds = false
treeSearchStrategy = 1
OpenNodesLimit = 1000
DEFAULTPRINTLEVEL = 0
--- MIP SOLVER PARAMETERS ---
solverName = CPLEX_SOLVER
MipSolverMaxBBNodes = 2000000
MipSolverMaxTime = 360000
MipSolverMultiThread = 1
--- COLUMN GENERATION PARAMETERS ---
SolverSelectForMast = a
  colGenSubProbSolMode = customSolver
mastInitMode = localArtCol
ArtVarPenaltyUpdateFactor = 2
ArtVarMaxNbOfPenaltyUpdates = 5
MaxNbOfStagesInColGenProcedure = 3
GenerateProperColumns = false
InsertAllGeneratedColumnsInFormRatherThanInPool = true
InsertNewNonNegColumnsDirectlyInFormRatherThanInPool = true
ColumnCleanupThreshold = 10000
ColumnCleanupRatio = 0.66
ReducedCostFixingThreshold = 0.9
--- CUT GENERATION PARAMETERS ---
MasterCuttingPlanesDepthLimit = 1000
MaxNbOfCutGeneratedAtEachIter = 1000
CutTailingOffThreshold = 0.015
CutTailingOffCounterThreshold = 3
CutCleanupThreshold = 1
CutCleanupRatio = 0.66
ColGenSpRelaxationImprovementPriority = 2
--- STABILIZATION PARAMETERS ---
colGenDualPriceSmoothingAlphaFactor = 1
colGenDualPriceSmoothingBetaFactor = 0
colGenStabilizationFunctionType = none
colGenProximalStabilizationRule = undefined
StabilFuncKappa = 1
colGenStabilizationMaxTreeDepth = 10000
StabilizationMinPhaseOfStage = 0
--- PRIMAL HEURISTIC PARAMETERS ---
UseInitialPrimalHeur = false
MaxTimeForRestrictedMasterIpHeur = -1
CallFrequencyOfRestrictedMasterIpHeur = 5
MIPemphasisInRestrictedMasterIpHeur = 1
PolishingAfterTimeInRestrictedMasterIpHeur = -1
DivingHeurUseDepthLimit = -1
CallFrequencyOfDivingHeur = 1
LeastFractional
Closest2RoundUp
LeastGreedyCost
LeastCost
FixIntValBeforeRoundingHeur = true
MaxNbOfCgIteDuringRh = 5000
MaxLDSbreadth = 0
MaxLDSdepth = 0
DivingHeurStopsWithFirstFeasSol = false
DivingHeurPreprocessBeforeChoosingVar = false
StrongDivingCandidatesNumber = 1
EvalAlgParamsInDiving = max#cand. = 1 max#cg.iters = 10000 min.lvl.sp.restr. = 1 min#cut.rounds = 0 max#cut.rounds = 0 red.cost.fix&enum. = false tree.size.ratio = 1
LocalSearchHeurUseDepthLimit = -1
LeastFractional
Closest2RoundUp
LeastGreedyCost
LeastCost
MaxFactorOfColFixedByLocalSearchHeur = 0.8
MaxLocalSearchIterationCounter = 3
--- STRONG BRANCHING PARAMETERS ---
SimplifiedStrongBranchingParameterisation = true
StrongBranchingPhaseOneCandidatesNumber = 50
StrongBranchingPhaseOneTreeSizeEstimRatio = 100
StrongBranchingPhaseTwoCandidatesNumber = 3
StrongBranchingPhaseTwoTreeSizeEstimRatio = 100
SafeDualBoundScaleFactor = -1
StrongBranchingPhaseOne = max#cand. = 50 max#cg.iters = 0 min.lvl.sp.restr. = 0 min#cut.rounds = 0 max#cut.rounds = 0 red.cost.fix&enum. = false tree.size.ratio = 100
StrongBranchingPhaseTwo = max#cand. = 3 max#cg.iters = 10000 min.lvl.sp.restr. = 1 min#cut.rounds = 0 max#cut.rounds = 0 red.cost.fix&enum. = false tree.size.ratio = 100
StrongBranchingPhaseThree = max#cand. = 1 max#cg.iters = 10000 min.lvl.sp.restr. = 0 min#cut.rounds = 0 max#cut.rounds = 10000 red.cost.fix&enum. = true tree.size.ratio = 1
StrongBranchingPhaseFour =not active
--- DEBUG OUTPUT PARAMETERS ---
printMasterPrimalSols = 0
--- VRPSOLVER PARAMETERS ---
RCSPstopCutGenTimeThresholdInPricing = 30
RCSPhardTimeThresholdInPricing = 20
RCSPredCostFixingTimeThreshold = 100
RCSPnumberOfBucketsPerVertex = 25
RCSPdynamicBucketSteps = 1
RCSPuseBidirectionalSearch = 1
RCSPapplyReducedCostFixing = 1
RCSPmaxNumOfColsPerIteration = 30
RCSPmaxNumOfColsPerExactIteration = 150
RCSPmaxNumOfLabelsInEnumeration = 1000000
RCSPmaxNumOfLabelsInHeurEnumeration = 0
RCSPmaxNumOfEnumeratedSolutions = 5000000
RCSPmaxNumOfEnumSolutionsForMIP = 10000
RCSPmaxNumOfEnumSolsForEndOfNodeMIP = 10000
RCSPinitNGneighbourhoodSize = 8
RCSPmaxNGneighbourhoodSize = 16
RCSPrankOneCutsMaxNumRows = 5
RCSPrankOneCutsMaxNumPerRound = 100
RCSPrankOneCutsMemoryType = 1
RCSPrankOneCutsLSnumIterations = 1000
RCSPallowRoutesWithSameVerticesSet = true
RCSPredCostFixingFalseGap = 0
SafeDualBoundScaleFactor = -1
RCSPmaxNumOfLabelsInHeurEnumeration = 0
MaxNumEnumSolsInRestrictedMasterIpHeur = 5000

prName & bcTimeMain \\ 
New model incumbent solution 1e+07, TIME = 0h0m0s51t = 51
RCSP solver info : size of non-robust cut bitmask in a label is 640 bits
Bucket steps were recalculated for graph G_0 : [28.8]
RCSP solver info : non-symmetric case as associated vars of the reverse arc of 0->60 are not the same
Bidirectional border value is initialised to 423.8
RCSP solver info : number of forw. reachable buckets / buck. strongly connected components is 708( 93.6508% ) / 304( 42.9379% )
RCSP solver info : number of back. reachable buckets / buck. strongly connected components is 677( 89.5503% ) / 405( 59.8227% )
RCSP solver info: std. label size is 56, ext. label size is 136
Generating neighbourhoods for rank-1 cuts separation
Building structures for 4- and 5-row rank-1 packing cut separation...done!
Model is built TIME = 0h0m0s53t = 53
************************************************************************************************
**** BaB tree root node
**** Local DB = -1e+12, global bounds : [ -1e+12 , 1e+07 ], TIME = 0h0m0s53t = 53
**** 1 open nodes, 0 columns (0 active), 0 dyn. constrs. (0 active), 122 art. vars. (122 active)
************************************************************************************************
#<DWph=2> <it=  1> <et=0.53> <Mt= 0.00> <Spt= 0.00> <nCl= 30> <al=0.00> <DB=-24479956884.0000> <Mlp=732000000.0000> <PB=10000000> 
#<DWph=2> <it=  2> <et=0.54> <Mt= 0.00> <Spt= 0.00> <nCl= 30> <al=0.55> <DB=-15752658012.7725> <Mlp=606000354.9500> <PB=10000000> 
#<DWph=2> <it=  3> <et=0.54> <Mt= 0.00> <Spt= 0.00> <nCl= 30> <al=0.45> <DB=-13751381571.4201> <Mlp=516000712.3000> <PB=10000000> 
#<DWph=2> <it=  4> <et=0.54> <Mt= 0.00> <Spt= 0.00> <nCl= 30> <al=0.51> <DB=-9173111382.8374> <Mlp=364001304.4795> <PB=10000000> 
#<DWph=2> <it=  5> <et=0.54> <Mt= 0.00> <Spt= 0.01> <nCl= 30> <al=0.41> <DB=-9357252559.5973> <Mlp=269380788.0828> <PB=10000000> 
#<DWph=2> <it=  6> <et=0.55> <Mt= 0.00> <Spt= 0.00> <nCl= 30> <al=0.46> <DB=-8255041465.4909> <Mlp=231001688.0000> <PB=10000000> 
#<DWph=2> <it=  7> <et=0.55> <Mt= 0.00> <Spt= 0.00> <nCl= 30> <al=0.52> <DB=-6966026476.2515> <Mlp=198211280.6000> <PB=10000000> 
#<DWph=2> <it=  8> <et=0.55> <Mt= 0.00> <Spt= 0.00> <nCl= 30> <al=0.57> <DB=-6486186134.1785> <Mlp=167164081.9959> <PB=10000000> 
#<DWph=2> <it=  9> <et=0.55> <Mt= 0.00> <Spt= 0.00> <nCl= 30> <al=0.61> <DB=-5218486834.9575> <Mlp=126610675.5074> <PB=10000000> 
#<DWph=2> <it= 10> <et=0.56> <Mt= 0.00> <Spt= 0.00> <nCl= 30> <al=0.51> <DB=-5047111419.0238> <Mlp=93858907.9577> <PB=10000000> 
#<DWph=2> <it= 11> <et=0.56> <Mt= 0.00> <Spt= 0.01> <nCl= 30> <al=0.56> <DB=-4316477940.7415> <Mlp=66882283.8374> <PB=10000000> 
#<DWph=2> <it= 12> <et=0.56> <Mt= 0.00> <Spt= 0.00> <nCl= 30> <al=0.46> <DB=-4069087757.7713> <Mlp=49901853.8317> <PB=10000000> 
#<DWph=2> <it= 13> <et=0.56> <Mt= 0.00> <Spt= 0.00> <nCl= 30> <al=0.51> <DB=-3121190263.6829> <Mlp=32282385.8900> <PB=10000000> 
#<DWph=2> <it= 14> <et=0.57> <Mt= 0.00> <Spt= 0.00> <nCl= 30> <al=0.56> <DB=-3094526956.2857> <Mlp=18777909.9118> <PB=10000000> 
#<DWph=2> <it= 15> <et=0.57> <Mt= 0.00> <Spt= 0.00> <nCl= 30> <al=0.61> <DB=-2399620597.8887> <Mlp=15374017.7866> <PB=10000000> 
#<DWph=2> <it= 16> <et=0.57> <Mt= 0.00> <Spt= 0.01> <nCl= 30> <al=0.51> <DB=-2120316883.4029> <Mlp=12626936.1627> <PB=10000000> 
#<DWph=2> <it= 17> <et=0.58> <Mt= 0.01> <Spt= 0.00> <nCl= 30> <al=0.55> <DB=-1725875222.4919> <Mlp=6927688.6470> <PB=10000000> 
#<DWph=2> <it= 18> <et=0.58> <Mt= 0.00> <Spt= 0.00> <nCl= 30> <al=0.60> <DB=-1355531336.5042> <Mlp=638232.5013> <PB=10000000> 
<DWph=2> <it= 19> <et=0.58> <Mt= 0.00> <Spt= 0.00> <nCl= 30> <al=0.00> <DB=-61847.1008> <Mlp= 3286.2984> <PB=10000000> 
<DWph=2> <it= 20> <et=0.59> <Mt= 0.00> <Spt= 0.01> <nCl= 30> <al=0.54> <DB=-42078.5833> <Mlp= 3265.0522> <PB=10000000> 
<DWph=2> <it= 21> <et=0.59> <Mt= 0.00> <Spt= 0.00> <nCl= 30> <al=0.44> <DB=-28430.0968> <Mlp= 3200.9066> <PB=10000000> 
<DWph=2> <it= 22> <et=0.59> <Mt= 0.00> <Spt= 0.00> <nCl= 30> <al=0.50> <DB=-16477.2477> <Mlp= 3106.2588> <PB=10000000> 
<DWph=2> <it= 23> <et=0.60> <Mt= 0.00> <Spt= 0.00> <nCl= 30> <al=0.40> <DB=-22926.9205> <Mlp= 3020.6803> <PB=10000000> 
<DWph=2> <it= 24> <et=0.60> <Mt= 0.00> <Spt= 0.00> <nCl= 30> <al=0.46> <DB=-18255.6284> <Mlp= 2971.0366> <PB=10000000> 
<DWph=2> <it= 25> <et=0.60> <Mt= 0.00> <Spt= 0.00> <nCl= 30> <al=0.51> <DB=-17633.2050> <Mlp= 2915.5922> <PB=10000000> 
<DWph=2> <it= 26> <et=0.61> <Mt= 0.01> <Spt= 0.01> <nCl= 30> <al=0.56> <DB=-10927.5687> <Mlp= 2857.5796> <PB=10000000> 
<DWph=2> <it= 27> <et=0.61> <Mt= 0.00> <Spt= 0.00> <nCl= 30> <al=0.46> <DB=-12017.6551> <Mlp= 2746.4411> <PB=10000000> 
<DWph=2> <it= 28> <et=0.61> <Mt= 0.00> <Spt= 0.00> <nCl= 30> <al=0.51> <DB=-7340.9306> <Mlp= 2711.6422> <PB=10000000> 
<DWph=2> <it= 29> <et=0.61> <Mt= 0.00> <Spt= 0.00> <nCl= 30> <al=0.41> <DB=-12495.6715> <Mlp= 2673.9782> <PB=10000000> 
<DWph=2> <it= 30> <et=0.62> <Mt= 0.00> <Spt= 0.00> <nCl= 30> <al=0.47> <DB=-6172.0374> <Mlp= 2636.4673> <PB=10000000> 
<DWph=2> <it= 31> <et=0.62> <Mt= 0.00> <Spt= 0.00> <nCl= 30> <al=0.52> <DB=-7605.3296> <Mlp= 2617.3746> <PB=10000000> 
<DWph=2> <it= 32> <et=0.62> <Mt= 0.00> <Spt= 0.01> <nCl= 30> <al=0.57> <DB=-5499.3723> <Mlp= 2581.3005> <PB=10000000> 
<DWph=2> <it= 33> <et=0.63> <Mt= 0.01> <Spt= 0.00> <nCl= 30> <al=0.62> <DB=-7342.1740> <Mlp= 2557.5222> <PB=10000000> 
<DWph=2> <it= 34> <et=0.63> <Mt= 0.00> <Spt= 0.00> <nCl= 30> <al=0.65> <DB=-3425.8410> <Mlp= 2518.1215> <PB=10000000> 
<DWph=2> <it= 35> <et=0.63> <Mt= 0.00> <Spt= 0.00> <nCl= 30> <al=0.55> <DB=-5272.0782> <Mlp= 2509.2371> <PB=10000000> 
<DWph=2> <it= 36> <et=0.64> <Mt= 0.00> <Spt= 0.00> <nCl= 30> <al=0.60> <DB=-1669.2856> <Mlp= 2486.7014> <PB=10000000> 
<DWph=2> <it= 37> <et=0.64> <Mt= 0.00> <Spt= 0.00> <nCl= 30> <al=0.64> <DB=-1518.9418> <Mlp= 2469.0055> <PB=10000000> 
<DWph=2> <it= 38> <et=0.64> <Mt= 0.00> <Spt= 0.01> <nCl= 30> <al=0.54> <DB=-1122.4374> <Mlp= 2460.7068> <PB=10000000> 
<DWph=2> <it= 39> <et=0.65> <Mt= 0.00> <Spt= 0.00> <nCl= 30> <al=0.58> <DB=   30.2877> <Mlp= 2452.1315> <PB=10000000> 
<DWph=2> <it= 40> <et=0.65> <Mt= 0.00> <Spt= 0.00> <nCl= 30> <al=0.48> <DB=   10.3983> <Mlp= 2447.8859> <PB=10000000> 
<DWph=2> <it= 41> <et=0.65> <Mt= 0.00> <Spt= 0.00> <nCl= 29> <al=0.54> <DB= -696.2204> <Mlp= 2443.2918> <PB=10000000> 
<DWph=2> <it= 42> <et=0.65> <Mt= 0.01> <Spt= 0.00> <nCl= 29> <al=0.58> <DB=  637.7810> <Mlp= 2436.6193> <PB=10000000> 
<DWph=2> <it= 43> <et=0.66> <Mt= 0.00> <Spt= 0.01> <nCl= 30> <al=0.62> <DB= 1007.5409> <Mlp= 2432.9934> <PB=10000000> 
<DWph=2> <it= 44> <et=0.66> <Mt= 0.00> <Spt= 0.00> <nCl= 26> <al=0.66> <DB= 1018.5831> <Mlp= 2431.1829> <PB=10000000> 
<DWph=2> <it= 45> <et=0.66> <Mt= 0.00> <Spt= 0.00> <nCl= 30> <al=0.70> <DB=-1520.4541> <Mlp= 2429.2458> <PB=10000000> 
<DWph=2> <it= 46> <et=0.67> <Mt= 0.00> <Spt= 0.00> <nCl= 22> <al=0.73> <DB=-1042.7208> <Mlp= 2415.7908> <PB=10000000> 
<DWph=2> <it= 47> <et=0.67> <Mt= 0.00> <Spt= 0.00> <nCl= 30> <al=0.63> <DB= 1006.9673> <Mlp= 2387.2829> <PB=10000000> 
<DWph=2> <it= 48> <et=0.67> <Mt= 0.00> <Spt= 0.01> <nCl= 28> <al=0.66> <DB= -704.3577> <Mlp= 2375.4009> <PB=10000000> 
<DWph=2> <it= 49> <et=0.68> <Mt= 0.00> <Spt= 0.00> <nCl= 26> <al=0.70> <DB= -206.1233> <Mlp= 2366.8236> <PB=10000000> 
<DWph=2> <it= 50> <et=0.68> <Mt= 0.01> <Spt= 0.00> <nCl= 28> <al=0.60> <DB=-1419.0322> <Mlp= 2354.8895> <PB=10000000> 
<DWph=2> <it= 51> <et=0.68> <Mt= 0.00> <Spt= 0.00> <nCl= 27> <al=0.64> <DB=-1144.3638> <Mlp= 2353.6971> <PB=10000000> 
<DWph=2> <it= 52> <et=0.69> <Mt= 0.00> <Spt= 0.00> <nCl= 28> <al=0.67> <DB= 1423.6361> <Mlp= 2349.4039> <PB=10000000> 
<DWph=2> <it= 53> <et=0.69> <Mt= 0.00> <Spt= 0.01> <nCl= 30> <al=0.57> <DB= -426.6407> <Mlp= 2348.4875> <PB=10000000> 
<DWph=2> <it= 54> <et=0.69> <Mt= 0.00> <Spt= 0.00> <nCl= 26> <al=0.62> <DB= 1705.8823> <Mlp= 2346.3129> <PB=10000000> 
<DWph=2> <it= 55> <et=0.70> <Mt= 0.00> <Spt= 0.00> <nCl= 25> <al=0.52> <DB= 1362.8874> <Mlp= 2344.5016> <PB=10000000> 
<DWph=2> <it= 56> <et=0.70> <Mt= 0.00> <Spt= 0.00> <nCl= 29> <al=0.56> <DB=  730.0838> <Mlp= 2341.9677> <PB=10000000> 
<DWph=2> <it= 57> <et=0.70> <Mt= 0.00> <Spt= 0.00> <nCl= 26> <al=0.61> <DB=  752.3382> <Mlp= 2335.4738> <PB=10000000> 
<DWph=2> <it= 58> <et=0.71> <Mt= 0.00> <Spt= 0.00> <nCl= 26> <al=0.51> <DB= 1542.9996> <Mlp= 2331.9000> <PB=10000000> 
<DWph=2> <it= 59> <et=0.71> <Mt= 0.01> <Spt= 0.01> <nCl= 10> <al=0.41> <DB= 1306.8432> <Mlp= 2331.7625> <PB=10000000> 
<DWph=2> <it= 60> <et=0.71> <Mt= 0.00> <Spt= 0.00> <nCl= 20> <al=0.31> <DB= 1541.6446> <Mlp= 2331.6542> <PB=10000000> 
<DWph=2> <it= 61> <et=0.71> <Mt= 0.00> <Spt= 0.00> <nCl= 21> <al=0.21> <DB= 1797.9826> <Mlp= 2331.0838> <PB=10000000> 
<DWph=2> <it= 62> <et=0.72> <Mt= 0.00> <Spt= 0.00> <nCl= 26> <al=0.11> <DB= 1386.3101> <Mlp= 2330.6293> <PB=10000000> 
<DWph=2> <it= 63> <et=0.72> <Mt= 0.00> <Spt= 0.00> <nCl= 27> <al=0.20> <DB= 2136.4323> <Mlp= 2328.2191> <PB=10000000> 
<DWph=2> <it= 64> <et=0.72> <Mt= 0.00> <Spt= 0.01> <nCl= 28> <al=0.10> <DB= 1522.1254> <Mlp= 2328.0056> <PB=10000000> 
<DWph=2> <it= 65> <et=0.72> <Mt= 0.00> <Spt= 0.00> <nCl= 23> <al=0.19> <DB= 2202.7150> <Mlp= 2325.4250> <PB=10000000> 
<DWph=2> <it= 66> <et=0.73> <Mt= 0.00> <Spt= 0.00> <nCl= 18> <al=0.27> <DB= 1411.5477> <Mlp= 2324.4583> <PB=10000000> 
<DWph=2> <it= 67> <et=0.73> <Mt= 0.00> <Spt= 0.00> <nCl= 23> <al=0.34> <DB= 1847.4359> <Mlp= 2322.1400> <PB=10000000> 
<DWph=2> <it= 68> <et=0.74> <Mt= 0.01> <Spt= 0.00> <nCl= 17> <al=0.24> <DB= 2215.7934> <Mlp= 2322.1400> <PB=10000000> 
<DWph=2> <it= 69> <et=0.74> <Mt= 0.00> <Spt= 0.00> <nCl= 14> <al=0.32> <DB= 2037.1137> <Mlp= 2322.1250> <PB=10000000> 
<DWph=2> <it= 70> <et=0.74> <Mt= 0.00> <Spt= 0.01> <nCl= 14> <al=0.39> <DB= 2226.5072> <Mlp= 2322.1250> <PB=10000000> 
<DWph=2> <it= 71> <et=0.74> <Mt= 0.00> <Spt= 0.00> <nCl= 14> <al=0.45> <DB= 1793.8538> <Mlp= 2322.0600> <PB=10000000> 
<DWph=2> <it= 72> <et=0.74> <Mt= 0.00> <Spt= 0.00> <nCl=  3> <al=0.50> <DB= 2274.0282> <Mlp= 2322.0600> <PB=10000000> 
<DWph=2> <it= 73> <et=0.75> <Mt= 0.00> <Spt= 0.00> <nCl=  7> <al=0.40> <DB= 2298.4741> <Mlp= 2321.9800> <PB=10000000> 
<DWph=2> <it= 74> <et=0.75> <Mt= 0.00> <Spt= 0.00> <nCl= 11> <al=0.30> <DB= 2284.7932> <Mlp= 2321.9800> <PB=10000000> 
<DWph=2> <it= 75> <et=0.75> <Mt= 0.00> <Spt= 0.01> <nCl= 14> <al=0.00> <DB= 2321.9800> <Mlp= 2321.9800> <PB=10000000> 
<DWph=1> <it= 76> <et=0.76> <Mt= 0.00> <Spt= 0.00> <nCl=  8> <al=0.27> <DB= 2135.9800> <Mlp= 2321.9800> <PB=10000000> 
<DWph=1> <it= 77> <et=0.76> <Mt= 0.00> <Spt= 0.00> <nCl=  7> <al=0.35> <DB= 2244.8466> <Mlp= 2321.9800> <PB=10000000> 
<DWph=1> <it= 78> <et=0.76> <Mt= 0.00> <Spt= 0.00> <nCl=  0> <al=0.00> <DB= 2321.9800> <Mlp= 2321.9800> <PB=10000000> 
    RCSP exact solver info for graph G_0 : TT = 0.001852, pt = 1.4e-05, dt = 0.001415, ct = 0.000148, ndl = 1223', bdl = 9259', odl = 2661', odf = 14690', bsi = 931', cnt = 1574', bdch = 69019', odch = 23301', lcp = 18781', #sols = 150
<DWph=0> <it= 79> <et=0.77> <Mt= 0.00> <Spt= 0.01> <nCl=112> <al=0.15> <DB=  833.9800> <Mlp= 2321.9800> <PB=10000000> 
    RCSP exact solver info for graph G_0 : TT = 0.002303, pt = 3.1e-05, dt = 0.001701, ct = 0.000187, ndl = 1618', bdl = 11320', odl = 3126', odf = 16996', bsi = 1077', cnt = 2399', bdch = 108377', odch = 36092', lcp = 29814', #sols = 150
<DWph=0> <it= 80> <et=0.78> <Mt= 0.00> <Spt= 0.00> <nCl=150> <al=0.05> <DB= -357.6020> <Mlp= 2305.2200> <PB=10000000> 
    RCSP exact solver info for graph G_0 : TT = 0.002413, pt = 3e-05, dt = 0.00188, ct = 0.00018, ndl = 1627', bdl = 9684', odl = 2807', odf = 16237', bsi = 962', cnt = 4074', bdch = 93789', odch = 26505', lcp = 25179', #sols = 150
<DWph=0> <it= 81> <et=0.78> <Mt= 0.01> <Spt= 0.01> <nCl=122> <al=0.14> <DB= 1468.1860> <Mlp= 2298.0684> <PB=10000000> 
    RCSP exact solver info for graph G_0 : TT = 0.002576, pt = 2.9e-05, dt = 0.001826, ct = 0.000191, ndl = 1316', bdl = 9551', odl = 2490', odf = 14587', bsi = 1011', cnt = 2941', bdch = 62328', odch = 16583', lcp = 13603', #sols = 150
<DWph=0> <it= 82> <et=0.79> <Mt= 0.00> <Spt= 0.01> <nCl=135> <al=0.23> <DB= 1889.5717> <Mlp= 2292.0324> <PB=10000000> 
    RCSP exact solver info for graph G_0 : TT = 0.002103, pt = 3.4e-05, dt = 0.001516, ct = 0.000229, ndl = 1072', bdl = 8088', odl = 2310', odf = 13528', bsi = 1051', cnt = 2091', bdch = 43977', odch = 13317', lcp = 8654', #sols = 150
<DWph=0> <it= 83> <et=0.80> <Mt= 0.00> <Spt= 0.00> <nCl=128> <al=0.30> <DB= 1960.8930> <Mlp= 2290.0000> <PB=10000000> 
    RCSP exact solver info for graph G_0 : TT = 0.001809, pt = 2.7e-05, dt = 0.001311, ct = 0.000177, ndl = 1093', bdl = 8133', odl = 2253', odf = 13198', bsi = 1021', cnt = 1544', bdch = 43571', odch = 12090', lcp = 9210', #sols = 150
<DWph=0> <it= 84> <et=0.81> <Mt= 0.00> <Spt= 0.01> <nCl= 52> <al=0.37> <DB= 2006.4270> <Mlp= 2288.2500> <PB=10000000> 
    RCSP exact solver info for graph G_0 : TT = 0.001833, pt = 2.6e-05, dt = 0.001359, ct = 0.000174, ndl = 1180', bdl = 8374', odl = 2331', odf = 13617', bsi = 997', cnt = 1575', bdch = 50334', odch = 12868', lcp = 10773', #sols = 150
<DWph=0> <it= 85> <et=0.81> <Mt= 0.00> <Spt= 0.00> <nCl= 67> <al=0.44> <DB= 2161.0380> <Mlp= 2288.2500> <PB=10000000> 
    RCSP exact solver info for graph G_0 : TT = 0.001943, pt = 2.8e-05, dt = 0.001439, ct = 0.000172, ndl = 1052', bdl = 8368', odl = 2343', odf = 13905', bsi = 1001', cnt = 850', bdch = 39197', odch = 12299', lcp = 8777', #sols = 150
<DWph=0> <it= 86> <et=0.82> <Mt= 0.00> <Spt= 0.01> <nCl= 47> <al=0.49> <DB= 2225.1974> <Mlp= 2288.2500> <PB=10000000> 
    RCSP exact solver info for graph G_0 : TT = 0.001914, pt = 2.6e-05, dt = 0.001361, ct = 0.000199, ndl = 1066', bdl = 8400', odl = 2337', odf = 13967', bsi = 1007', cnt = 842', bdch = 39345', odch = 12318', lcp = 8901', #sols = 150
<DWph=0> <it= 87> <et=0.82> <Mt= 0.00> <Spt= 0.00> <nCl= 57> <al=0.39> <DB= 2224.8188> <Mlp= 2288.2500> <PB=10000000> 
    RCSP exact solver info for graph G_0 : TT = 0.002131, pt = 2.2e-05, dt = 0.001548, ct = 0.000189, ndl = 1040', bdl = 8259', odl = 2301', odf = 13704', bsi = 1012', cnt = 822', bdch = 39748', odch = 12075', lcp = 8837', #sols = 150
<DWph=0> <it= 88> <et=0.83> <Mt= 0.00> <Spt= 0.00> <nCl= 61> <al=0.45> <DB= 2252.4024> <Mlp= 2288.2500> <PB=10000000> 
    RCSP exact solver info for graph G_0 : TT = 0.001872, pt = 2.4e-05, dt = 0.001344, ct = 0.000193, ndl = 1014', bdl = 8377', odl = 2249', odf = 13446', bsi = 990', cnt = 802', bdch = 37070', odch = 11139', lcp = 7884', #sols = 150
<DWph=0> <it= 89> <et=0.83> <Mt= 0.01> <Spt= 0.01> <nCl= 24> <al=0.35> <DB= 2272.7661> <Mlp= 2288.2500> <PB=10000000> 
    RCSP exact solver info for graph G_0 : TT = 0.001894, pt = 2.6e-05, dt = 0.001389, ct = 0.000191, ndl = 1072', bdl = 8461', odl = 2344', odf = 13915', bsi = 1038', cnt = 851', bdch = 42022', odch = 12863', lcp = 9556', #sols = 150
<DWph=0> <it= 90> <et=0.84> <Mt= 0.00> <Spt= 0.00> <nCl= 16> <al=0.25> <DB= 2278.1357> <Mlp= 2288.2500> <PB=10000000> 
    RCSP exact solver info for graph G_0 : TT = 0.001806, pt = 2.5e-05, dt = 0.001304, ct = 0.000188, ndl = 1046', bdl = 8356', odl = 2289', odf = 13634', bsi = 1040', cnt = 846', bdch = 40453', odch = 12142', lcp = 8957', #sols = 150
    RCSP exact solver info for graph G_0 : TT = 0.001624, pt = 2.8e-05, dt = 0.001189, ct = 0.000165, ndl = 893', bdl = 7301', odl = 2138', odf = 12955', bsi = 1001', cnt = 842', bdch = 30444', odch = 9326', lcp = 6303', #sols = 150
<DWph=0> <it= 91> <et=0.84> <Mt= 0.00> <Spt= 0.01> <nCl= 65> <al=0.00> <DB= 2288.1000> <Mlp= 2288.1000> <PB=10000000> 
RCSP solver dynamic params and stats :  bidir.bord. = 502.4 aver.obdmd = 9.93548 aver.buck.num. = 12.1935
@@ 1 0 2288.1 0.00165464 0.00206 54.5386 0.84
RCSP      solver labels distribution in 232 buckets (bucket size) : largest - 48, top 0.1% - 48, top 0.5% - 27, top 2% - 20, top 10% - 8, top 50% - 2
Reduced cost fixing for graph G_0...  TT = 0.005248, pt = 0.000512, dt = 0.004576, ct = 0, ndl = 2505', bdl = 52986', odl = 5756', odf = 31122', lpcb = 7648', cnt = 67375', bdch = 278107', odch = 52182', lcp = 57645'
20034 buck. arcs remain (83.5% from prev., 49% from max.) + 1144 jump buck. arcs (2.8% from max.)
Backward reduced cost fixing... 17173 buck. arcs remain (87.5% from prev., 44% from max.) + 1331 jump buck. arcs (3.41% from max.)
 TT = 0.019684, pt = 0.000512, dt = 0.004576, ct = 0.014342, ndl = 2505', bdl = 52986', odl = 5756', odf = 31122', lpcb = 7648', cnt = 99239', bdch = 278107', odch = 52182', lcp = 57645'
RCSP      solver labels distribution in 516 buckets (bucket size) : largest - 53, top 0.1% - 53, top 0.5% - 44, top 2% - 26, top 10% - 11, top 50% - 3
Run forward enumeration with border = 502.4... not succeeded (ratio 0.908871) lpt = 0.265849, ndl = 140032', dl = 104641', lpcb = 9697', dch = 4148847'
 TT = 0.287541, pt = 0.017533, dt = 0.265849, ct = 0, ndl = 140032', bdl = 104641', lpcb = 9697', cnt = 925180', bdch = 4148847', odch = 0', lcp = 0'
ColGenEvalAlg final dual bound: 2288.1 (rounded: 2288.1)
Shrinking heuristic shrunk 46 edges
In total 2 RCC cut(s) are found by the Fractional capacity min-cut heuristic 
----- Add fac. cuts : CAP(2), max.viol = 0.5, aver.viol = 0.5, sep/add took 0.0012094/0.00381711 sec. -----
3036 columns (3036 active), 2 dyn. constrs. (2 active), 124 art. vars. (124 active)
<DWph=2> <it=  1> <et=1.19> <Mt= 0.00> <Spt= 0.00> <nCl=  5> <al=0.00> <DB= 2288.5000> <Mlp= 2288.5000> <PB=10000000> 
<DWph=1> <it=  2> <et=1.19> <Mt= 0.00> <Spt= 0.01> <nCl=  3> <al=0.40> <DB= 2270.5000> <Mlp= 2288.5000> <PB=10000000> 
<DWph=1> <it=  3> <et=1.19> <Mt= 0.00> <Spt= 0.00> <nCl=  3> <al=0.30> <DB= 2270.5000> <Mlp= 2288.5000> <PB=10000000> 
<DWph=1> <it=  4> <et=1.19> <Mt= 0.00> <Spt= 0.00> <nCl=  2> <al=0.30> <DB= 2275.9000> <Mlp= 2288.5000> <PB=10000000> 
<DWph=1> <it=  5> <et=1.20> <Mt= 0.00> <Spt= 0.00> <nCl=  3> <al=0.37> <DB= 2272.4980> <Mlp= 2288.5000> <PB=10000000> 
<DWph=1> <it=  6> <et=1.20> <Mt= 0.00> <Spt= 0.00> <nCl=  0> <al=0.00> <DB= 2288.3500> <Mlp= 2288.3500> <PB=10000000> 
    RCSP exact solver info for graph G_0 : TT = 0.001775, pt = 1.8e-05, dt = 0.001289, ct = 0.000162, ndl = 950', bdl = 7257', odl = 2205', odf = 13014', bsi = 1049', cnt = 1829', bdch = 36186', odch = 10658', lcp = 7348', #sols = 150
    RCSP exact solver info for graph G_0 : TT = 0.00151, pt = 2e-05, dt = 0.001045, ct = 0.000202, ndl = 942', bdl = 7252', odl = 2105', odf = 12462', bsi = 1038', cnt = 1328', bdch = 35029', odch = 9671', lcp = 7172', #sols = 150
<DWph=0> <it=  7> <et=1.21> <Mt= 0.00> <Spt= 0.01> <nCl=  5> <al=0.00> <DB= 2288.3500> <Mlp= 2288.3500> <PB=10000000> 
RCSP solver dynamic params and stats :  bidir.bord. = 489.4 aver.obdmd = 9.93548 aver.buck.num. = 12.1935
@@ 1 1 2288.35 0.001349 0.001451 49.6149 1.21
    Full reduced cost fixing is not called (gap ratio is 1)
ColGenEvalAlg final dual bound: 2288.35 (rounded: 2288.35)
False gap improvement since the last cut separation : 0.00109261 (2288.1)
Cut generation tailing off counter increased to 1
Current active cuts : CAP(1,6)
Shrinking heuristic shrunk 46 edges
In total 2 RCC cut(s) are found by the Fractional capacity min-cut heuristic 
In total 1 RCC cut(s) are found by the greedy construction heuristic 
----- Add fac. cuts : CAP(3), max.viol = 0.5, aver.viol = 0.5, sep/add took 0.000853399/0.00865579 sec. -----
3057 columns (3057 active), 5 dyn. constrs. (4 active), 127 art. vars. (126 active)
<DWph=2> <it=  1> <et=1.23> <Mt= 0.01> <Spt= 0.01> <nCl= 19> <al=0.00> <DB= 2247.9750> <Mlp= 2289.9750> <PB=10000000> 
<DWph=2> <it=  2> <et=1.23> <Mt= 0.00> <Spt= 0.00> <nCl=  7> <al=0.00> <DB= 2289.9167> <Mlp= 2289.9167> <PB=10000000> 
<DWph=1> <it=  3> <et=1.24> <Mt= 0.00> <Spt= 0.00> <nCl= 13> <al=0.30> <DB= 2147.9167> <Mlp= 2289.9167> <PB=10000000> 
<DWph=1> <it=  4> <et=1.24> <Mt= 0.00> <Spt= 0.00> <nCl=  5> <al=0.37> <DB= 2118.9367> <Mlp= 2289.9167> <PB=10000000> 
<DWph=1> <it=  5> <et=1.24> <Mt= 0.00> <Spt= 0.01> <nCl=  6> <al=0.00> <DB= 2255.9167> <Mlp= 2289.9167> <PB=10000000> 
<DWph=1> <it=  6> <et=1.25> <Mt= 0.00> <Spt= 0.00> <nCl=  8> <al=0.33> <DB= 2278.5290> <Mlp= 2289.8182> <PB=10000000> 
<DWph=1> <it=  7> <et=1.25> <Mt= 0.00> <Spt= 0.00> <nCl=  3> <al=0.00> <DB= 2289.7750> <Mlp= 2289.7750> <PB=10000000> 
    RCSP exact solver info for graph G_0 : TT = 0.001575, pt = 1.4e-05, dt = 0.001176, ct = 0.000154, ndl = 1079', bdl = 7754', odl = 2190', odf = 12973', bsi = 1061', cnt = 1680', bdch = 42471', odch = 11402', lcp = 9344', #sols = 150
<DWph=0> <it=  8> <et=1.26> <Mt= 0.00> <Spt= 0.01> <nCl= 55> <al=0.13> <DB= 2121.7750> <Mlp= 2289.7750> <PB=10000000> 
    RCSP exact solver info for graph G_0 : TT = 0.001676, pt = 2.8e-05, dt = 0.001178, ct = 0.000169, ndl = 926', bdl = 7614', odl = 2059', odf = 12528', bsi = 1002', cnt = 983', bdch = 29350', odch = 9024', lcp = 5933', #sols = 150
<DWph=0> <it=  9> <et=1.26> <Mt= 0.00> <Spt= 0.00> <nCl= 35> <al=0.22> <DB= 2247.0471> <Mlp= 2289.4250> <PB=10000000> 
    RCSP exact solver info for graph G_0 : TT = 0.002063, pt = 3.2e-05, dt = 0.00155, ct = 0.00018, ndl = 920', bdl = 7575', odl = 2054', odf = 12492', bsi = 1005', cnt = 991', bdch = 29040', odch = 8892', lcp = 5861', #sols = 150
    RCSP exact solver info for graph G_0 : TT = 0.002077, pt = 3.1e-05, dt = 0.001566, ct = 0.000173, ndl = 808', bdl = 6854', odl = 1877', odf = 11702', bsi = 975', cnt = 918', bdch = 23580', odch = 7380', lcp = 4487', #sols = 150
<DWph=0> <it= 10> <et=1.27> <Mt= 0.00> <Spt= 0.01> <nCl= 39> <al=0.00> <DB= 2289.3250> <Mlp= 2289.3250> <PB=10000000> 
RCSP solver dynamic params and stats :  bidir.bord. = 500.9 aver.obdmd = 9.93548 aver.buck.num. = 12.1935
@@ 1 2 2289.33 0.0015365 0.001739 49.6149 1.27
    Full reduced cost fixing is not called (gap ratio is 1)
ColGenEvalAlg final dual bound: 2289.33 (rounded: 2289.33)
False gap improvement since the last cut separation : 0.00426071 (2288.35)
Cut generation tailing off counter increased to 2
Current active cuts : CAP(3,64.35)
Shrinking heuristic shrunk 40 edges
In total 1 RCC cut(s) are found by the Fractional capacity min-cut heuristic 
----- Add fac. cuts : CAP(1), max.viol = 0.25, aver.viol = 0.25, sep/add took 0.000745014/0.00170495 sec. -----
3247 columns (3247 active), 5 dyn. constrs. (4 active), 128 art. vars. (126 active)
<DWph=2> <it=  1> <et=1.29> <Mt= 0.01> <Spt= 0.00> <nCl=  4> <al=0.00> <DB= 2289.8850> <Mlp= 2289.8850> <PB=10000000> 
<DWph=1> <it=  2> <et=1.29> <Mt= 0.00> <Spt= 0.01> <nCl=  3> <al=0.00> <DB= 2289.8850> <Mlp= 2289.8850> <PB=10000000> 
    RCSP exact solver info for graph G_0 : TT = 0.001798, pt = 2.9e-05, dt = 0.001296, ct = 0.000179, ndl = 1132', bdl = 7630', odl = 2366', odf = 13929', bsi = 1037', cnt = 3040', bdch = 51364', odch = 14847', lcp = 11843', #sols = 150
    RCSP exact solver info for graph G_0 : TT = 0.001851, pt = 2.3e-05, dt = 0.001337, ct = 0.000184, ndl = 1094', bdl = 7543', odl = 2249', odf = 13300', bsi = 1037', cnt = 1737', bdch = 47372', odch = 12714', lcp = 10704', #sols = 150
<DWph=0> <it=  3> <et=1.30> <Mt= 0.00> <Spt= 0.01> <nCl= 22> <al=0.00> <DB= 2289.8850> <Mlp= 2289.8850> <PB=10000000> 
RCSP solver dynamic params and stats :  bidir.bord. = 488.1 aver.obdmd = 9.93548 aver.buck.num. = 12.1935
@@ 1 3 2289.88 0.001498 0.001521 49.6149 1.3
    Full reduced cost fixing is not called (gap ratio is 1)
ColGenEvalAlg final dual bound: 2289.88 (rounded: 2289.88)
False gap improvement since the last cut separation : 0.00244614 (2289.33)
----- Cut separators priority level decreased to 2-----
Current active cuts : CAP(3,90.08)
Shrinking heuristic shrunk 38 edges
In total 1 RCC cut(s) are found by the Fractional capacity min-cut heuristic 
avgVertexMem: 8.11667 , colsForbidden = 1, phase-I = 0, phase-II = 1, colNonElem = 1, colElem = 19, TT =  0.001214
----- Add fac. cuts : CAP(1), max.viol = 0.2, aver.viol = 0.2, sep/add took 0.00241038/0.00256733 sec. -----
----- Relaxation was improved for 1 subproblems -----
Removed 12 columns not satisfying improved subproblem relaxation
3276 columns (3264 active), 5 dyn. constrs. (4 active), 129 art. vars. (126 active)
<DWph=2> <it=  1> <et=1.33> <Mt= 0.01> <Spt= 0.00> <nCl= 12> <al=0.50> <DB= 2289.8150> <Mlp= 2290.0450> <PB=10000000> 
<DWph=2> <it=  2> <et=1.33> <Mt= 0.00> <Spt= 0.00> <nCl=  6> <al=0.55> <DB= 2289.8220> <Mlp= 2290.0450> <PB=10000000> 
<DWph=2> <it=  3> <et=1.33> <Mt= 0.01> <Spt= 0.00> <nCl=  8> <al=0.60> <DB= 2289.7068> <Mlp= 2290.0450> <PB=10000000> 
<DWph=2> <it=  4> <et=1.34> <Mt= 0.00> <Spt= 0.00> <nCl=  4> <al=0.64> <DB= 2289.8340> <Mlp= 2290.0450> <PB=10000000> 
<DWph=2> <it=  5> <et=1.34> <Mt= 0.00> <Spt= 0.01> <nCl= 13> <al=0.34> <DB= 2286.3957> <Mlp= 2290.0450> <PB=10000000> 
<DWph=2> <it=  6> <et=1.34> <Mt= 0.00> <Spt= 0.00> <nCl= 23> <al=0.14> <DB= 2077.3393> <Mlp= 2289.9750> <PB=10000000> 
<DWph=2> <it=  7> <et=1.35> <Mt= 0.00> <Spt= 0.00> <nCl=  3> <al=0.47> <DB= 2289.9649> <Mlp= 2289.9750> <PB=10000000> 
<DWph=2> <it=  8> <et=1.35> <Mt= 0.00> <Spt= 0.00> <nCl=  8> <al=0.37> <DB= 2288.1903> <Mlp= 2289.9750> <PB=10000000> 
<DWph=2> <it=  9> <et=1.35> <Mt= 0.00> <Spt= 0.01> <nCl=  5> <al=0.43> <DB= 2289.9706> <Mlp= 2289.9750> <PB=10000000> 
<DWph=2> <it= 10> <et=1.36> <Mt= 0.00> <Spt= 0.00> <nCl=  8> <al=0.00> <DB= 2289.9750> <Mlp= 2289.9750> <PB=10000000> 
<DWph=1> <it= 11> <et=1.36> <Mt= 0.00> <Spt= 0.00> <nCl=  3> <al=0.23> <DB= 2079.9750> <Mlp= 2289.9750> <PB=10000000> 
<DWph=1> <it= 12> <et=1.36> <Mt= 0.00> <Spt= 0.00> <nCl=  5> <al=0.31> <DB= 2187.9319> <Mlp= 2289.9750> <PB=10000000> 
<DWph=1> <it= 13> <et=1.36> <Mt= 0.00> <Spt= 0.00> <nCl=  7> <al=0.21> <DB= 2268.4154> <Mlp= 2289.9750> <PB=10000000> 
<DWph=1> <it= 14> <et=1.37> <Mt= 0.00> <Spt= 0.01> <nCl=  7> <al=0.00> <DB= 2289.9750> <Mlp= 2289.9750> <PB=10000000> 
    RCSP exact solver info for graph G_0 : TT = 0.001792, pt = 1.9e-05, dt = 0.001316, ct = 0.000172, ndl = 997', bdl = 7354', odl = 2152', odf = 12748', bsi = 1041', cnt = 1235', bdch = 38052', odch = 11064', lcp = 8480', #sols = 150
<DWph=0> <it= 15> <et=1.37> <Mt= 0.00> <Spt= 0.00> <nCl= 56> <al=0.01> <DB= 1986.9750> <Mlp= 2289.9750> <PB=10000000> 
    RCSP exact solver info for graph G_0 : TT = 0.001997, pt = 3.3e-05, dt = 0.001437, ct = 0.000171, ndl = 919', bdl = 7315', odl = 2065', odf = 12391', bsi = 1036', cnt = 1023', bdch = 31522', odch = 9560', lcp = 6516', #sols = 150
    RCSP exact solver info for graph G_0 : TT = 0.00163, pt = 2.1e-05, dt = 0.001187, ct = 0.000152, ndl = 845', bdl = 7079', odl = 2006', odf = 12075', bsi = 994', cnt = 981', bdch = 27025', odch = 8534', lcp = 5298', #sols = 150
<DWph=0> <it= 16> <et=1.38> <Mt= 0.01> <Spt= 0.01> <nCl= 77> <al=0.00> <DB= 2289.9750> <Mlp= 2289.9750> <PB=10000000> 
RCSP solver dynamic params and stats :  bidir.bord. = 499.7 aver.obdmd = 9.93548 aver.buck.num. = 12.1935
@@ 1 4 2289.98 0.00147833 0.001608 49.6149 1.38
    Full reduced cost fixing is not called (gap ratio is 1)
ColGenEvalAlg final dual bound: 2289.98 (rounded: 2289.98)
False gap improvement since the last cut separation : 0.000393033 (2289.88)
Cut generation tailing off counter increased to 1
Current active cuts : CAP(3,94.4)
Shrinking heuristic shrunk 39 edges
In total 1 RCC cut(s) are found by the Fractional capacity min-cut heuristic 
ng-neighbourhood is not increased: max avg neigh size is reached 
----- Add fac. cuts : CAP(1), max.viol = 0.25, aver.viol = 0.25, sep/add took 0.000811717/0.00157643 sec. -----
3521 columns (3509 active), 5 dyn. constrs. (4 active), 130 art. vars. (126 active)
<DWph=2> <it=  1> <et=1.39> <Mt= 0.00> <Spt= 0.00> <nCl=  2> <al=0.00> <DB= 2290.0333> <Mlp= 2290.0333> <PB=10000000> 
<DWph=1> <it=  2> <et=1.40> <Mt= 0.00> <Spt= 0.01> <nCl=  0> <al=0.00> <DB= 2290.0333> <Mlp= 2290.0333> <PB=10000000> 
    RCSP exact solver info for graph G_0 : TT = 0.0017, pt = 1.8e-05, dt = 0.001233, ct = 0.000172, ndl = 986', bdl = 7209', odl = 2163', odf = 12865', bsi = 1093', cnt = 1188', bdch = 38495', odch = 11150', lcp = 8774', #sols = 150
    RCSP exact solver info for graph G_0 : TT = 0.001686, pt = 2.2e-05, dt = 0.001216, ct = 0.000174, ndl = 972', bdl = 7545', odl = 2101', odf = 12969', bsi = 1089', cnt = 916', bdch = 35971', odch = 10784', lcp = 8315', #sols = 150
<DWph=0> <it=  3> <et=1.41> <Mt= 0.00> <Spt= 0.00> <nCl=  1> <al=0.00> <DB= 2290.0333> <Mlp= 2290.0333> <PB=10000000> 
RCSP solver dynamic params and stats :  bidir.bord. = 510.7 aver.obdmd = 9.93548 aver.buck.num. = 12.1935
@@ 1 5 2290.03 0.0013975 0.001405 49.6149 1.41
    Full reduced cost fixing is not called (gap ratio is 1)
ColGenEvalAlg final dual bound: 2290.03 (rounded: 2290.03)
False gap improvement since the last cut separation : 0.000254733 (2289.98)
Cut generation tailing off counter increased to 2
Current active cuts : CAP(4,97.2)
Shrinking heuristic shrunk 37 edges
ng-neighbourhood is not increased: max avg neigh size is reached 
150 Rank-1 3-rows pack. cuts added ,  max viol. = 0.5, aver. viol. = 0.207222
----- Add fac. cuts : R1C(150), max.viol = 0.5, aver.viol = 0.207222, sep/add took 0.00273569/0.111287 sec. -----
3524 columns (3512 active), 154 dyn. constrs. (154 active), 280 art. vars. (276 active)
<DWph=2> <it=  1> <et=1.54> <Mt= 0.01> <Spt= 0.01> <nCl= 20> <al=0.50> <DB= 2183.3368> <Mlp= 2301.4825> <PB=10000000> 
<DWph=2> <it=  2> <et=1.54> <Mt= 0.00> <Spt= 0.00> <nCl=  6> <al=0.55> <DB= 2295.0064> <Mlp= 2301.0846> <PB=10000000> 
<DWph=2> <it=  3> <et=1.55> <Mt= 0.01> <Spt= 0.00> <nCl= 10> <al=0.45> <DB= 2209.8833> <Mlp= 2301.0308> <PB=10000000> 
<DWph=2> <it=  4> <et=1.56> <Mt= 0.00> <Spt= 0.01> <nCl=  3> <al=0.01> <DB= 2252.1156> <Mlp= 2300.1535> <PB=10000000> 
<DWph=2> <it=  5> <et=1.57> <Mt= 0.00> <Spt= 0.01> <nCl= 17> <al=0.00> <DB= 2292.5235> <Mlp= 2300.0529> <PB=10000000> 
<DWph=2> <it=  6> <et=1.57> <Mt= 0.00> <Spt= 0.00> <nCl=  1> <al=0.00> <DB= 2300.0529> <Mlp= 2300.0529> <PB=10000000> 
<DWph=1> <it=  7> <et=1.58> <Mt= 0.00> <Spt= 0.01> <nCl=  9> <al=0.21> <DB= 2233.5941> <Mlp= 2300.0529> <PB=10000000> 
<DWph=1> <it=  8> <et=1.59> <Mt= 0.01> <Spt= 0.00> <nCl= 14> <al=0.11> <DB= 2257.6997> <Mlp= 2300.0469> <PB=10000000> 
<DWph=1> <it=  9> <et=1.60> <Mt= 0.00> <Spt= 0.01> <nCl=  5> <al=0.01> <DB= 2287.4188> <Mlp= 2300.0093> <PB=10000000> 
<DWph=1> <it= 10> <et=1.60> <Mt= 0.00> <Spt= 0.00> <nCl=  3> <al=0.00> <DB= 2300.0050> <Mlp= 2300.0050> <PB=10000000> 
    RCSP exact solver info for graph G_0 : TT = 0.00233, pt = 9.4e-05, dt = 0.00171, ct = 0.000227, ndl = 1168', bdl = 9209', odl = 2317', odf = 14072', bsi = 1096', cnt = 863', bdch = 55701', odch = 13477', lcp = 14742', #sols = 150
<DWph=0> <it= 11> <et=1.61> <Mt= 0.00> <Spt= 0.01> <nCl= 85> <al=0.00> <DB= 1880.9050> <Mlp= 2300.0050> <PB=10000000> 
    RCSP exact solver info for graph G_0 : TT = 0.002609, pt = 0.000145, dt = 0.00188, ct = 0.000242, ndl = 1123', bdl = 9126', odl = 2184', odf = 13327', bsi = 1091', cnt = 913', bdch = 45114', odch = 11919', lcp = 11158', #sols = 148
<DWph=0> <it= 12> <et=1.62> <Mt= 0.00> <Spt= 0.01> <nCl= 45> <al=0.10> <DB= 1992.2103> <Mlp= 2299.1833> <PB=10000000> 
    RCSP exact solver info for graph G_0 : TT = 0.002379, pt = 0.000146, dt = 0.001652, ct = 0.00024, ndl = 1260', bdl = 8883', odl = 2361', odf = 14034', bsi = 1000', cnt = 2000', bdch = 60709', odch = 15288', lcp = 14731', #sols = 148
<DWph=0> <it= 13> <et=1.63> <Mt= 0.00> <Spt= 0.01> <nCl= 18> <al=0.19> <DB= 2238.7233> <Mlp= 2299.1833> <PB=10000000> 
    RCSP exact solver info for graph G_0 : TT = 0.002158, pt = 0.000124, dt = 0.001558, ct = 0.000187, ndl = 1185', bdl = 9262', odl = 2355', odf = 14240', bsi = 1024', cnt = 1537', bdch = 53597', odch = 13401', lcp = 13225', #sols = 149
<DWph=0> <it= 14> <et=1.64> <Mt= 0.01> <Spt= 0.00> <nCl=  7> <al=0.27> <DB= 2269.8161> <Mlp= 2299.1833> <PB=10000000> 
    RCSP exact solver info for graph G_0 : TT = 0.002222, pt = 0.000132, dt = 0.001581, ct = 0.000211, ndl = 1122', bdl = 8786', odl = 2267', odf = 13590', bsi = 999', cnt = 1451', bdch = 46892', odch = 12126', lcp = 11327', #sols = 148
    RCSP exact solver info for graph G_0 : TT = 0.002032, pt = 0.000124, dt = 0.001417, ct = 0.000223, ndl = 928', bdl = 8120', odl = 2082', odf = 12491', bsi = 1021', cnt = 1113', bdch = 33036', odch = 9130', lcp = 7048', #sols = 150
<DWph=0> <it= 15> <et=1.65> <Mt= 0.00> <Spt= 0.01> <nCl= 62> <al=0.00> <DB= 2299.1833> <Mlp= 2299.1833> <PB=10000000> 
RCSP solver dynamic params and stats :  bidir.bord. = 496.9 aver.obdmd = 9.93548 aver.buck.num. = 12.1935 nbR1C = 5 with avMem = 14.4
@@ 1 6 2299.18 0.00185467 0.002122 49.6149 1.65
    Full reduced cost fixing is not called (gap ratio is 0.999999)
ColGenEvalAlg final dual bound: 2299.18 (rounded: 2299.18)
False gap improvement since the last cut separation : 0.0399558 (2290.03)
Current active cuts : CAP(2,24.4) R1C(5,26.4) 3rowPackR1C(5)
Shrinking heuristic shrunk 33 edges
In total 1 RCC cut(s) are found by the Fractional capacity min-cut heuristic 
150 Rank-1 3-rows pack. cuts added ,  max viol. = 0.333333, aver. viol. = 0.173333
----- Add fac. cuts : CAP(1) R1C(150), max.viol = 0.333333, aver.viol = 0.174393, sep/add took 0.00340537/0.120794 sec. -----
3829 columns (3817 active), 305 dyn. constrs. (162 active), 431 art. vars. (284 active)
<DWph=2> <it=  1> <et=1.79> <Mt= 0.01> <Spt= 0.01> <nCl= 11> <al=0.50> <DB= 2265.3417> <Mlp= 2303.5000> <PB=10000000> 
<DWph=2> <it=  2> <et=1.80> <Mt= 0.00> <Spt= 0.00> <nCl=  2> <al=0.55> <DB= 2288.0578> <Mlp= 2303.5000> <PB=10000000> 
<DWph=2> <it=  3> <et=1.80> <Mt= 0.00> <Spt= 0.00> <nCl=  6> <al=0.60> <DB= 2288.2670> <Mlp= 2303.5000> <PB=10000000> 
<DWph=2> <it=  4> <et=1.81> <Mt= 0.00> <Spt= 0.00> <nCl=  2> <al=0.64> <DB= 2299.5638> <Mlp= 2303.5000> <PB=10000000> 
<DWph=2> <it=  5> <et=1.82> <Mt= 0.00> <Spt= 0.01> <nCl= 12> <al=0.07> <DB= 2139.2284> <Mlp= 2303.5000> <PB=10000000> 
<DWph=2> <it=  6> <et=1.82> <Mt= 0.01> <Spt= 0.01> <nCl= 20> <al=0.00> <DB= 1822.9000> <Mlp= 2303.5000> <PB=10000000> 
<DWph=2> <it=  7> <et=1.84> <Mt= 0.01> <Spt= 0.00> <nCl= 11> <al=0.34> <DB= 2026.6739> <Mlp= 2303.5000> <PB=10000000> 
<DWph=2> <it=  8> <et=1.86> <Mt= 0.01> <Spt= 0.01> <nCl= 28> <al=0.00> <DB= 1953.3107> <Mlp= 2303.3821> <PB=10000000> 
<DWph=2> <it=  9> <et=1.87> <Mt= 0.01> <Spt= 0.00> <nCl=  6> <al=0.30> <DB= 2032.1776> <Mlp= 2303.3120> <PB=10000000> 
<DWph=2> <it= 10> <et=1.87> <Mt= 0.00> <Spt= 0.00> <nCl= 10> <al=0.37> <DB= 2289.1443> <Mlp= 2303.3049> <PB=10000000> 
<DWph=2> <it= 11> <et=1.88> <Mt= 0.00> <Spt= 0.01> <nCl=  3> <al=0.00> <DB= 2303.3049> <Mlp= 2303.3049> <PB=10000000> 
<DWph=1> <it= 12> <et=1.88> <Mt= 0.00> <Spt= 0.00> <nCl= 15> <al=0.17> <DB= 2277.6328> <Mlp= 2303.3049> <PB=10000000> 
<DWph=1> <it= 13> <et=1.89> <Mt= 0.00> <Spt= 0.01> <nCl= 23> <al=0.00> <DB= 2286.4489> <Mlp= 2303.2898> <PB=10000000> 
<DWph=1> <it= 14> <et=1.90> <Mt= 0.00> <Spt= 0.00> <nCl=  9> <al=0.00> <DB= 2303.2897> <Mlp= 2303.2897> <PB=10000000> 
    RCSP exact solver info for graph G_0 : TT = 0.002535, pt = 0.000216, dt = 0.001831, ct = 0.000211, ndl = 1254', bdl = 10467', odl = 2470', odf = 14936', bsi = 1034', cnt = 1349', bdch = 61196', odch = 14539', lcp = 14763', #sols = 150
<DWph=0> <it= 15> <et=1.91> <Mt= 0.00> <Spt= 0.01> <nCl= 91> <al=0.00> <DB= 2072.1297> <Mlp= 2303.2897> <PB=10000000> 
    RCSP exact solver info for graph G_0 : TT = 0.002863, pt = 0.000272, dt = 0.001982, ct = 0.000232, ndl = 1249', bdl = 10475', odl = 2518', odf = 15176', bsi = 1015', cnt = 1251', bdch = 61950', odch = 15184', lcp = 15027', #sols = 150
<DWph=0> <it= 16> <et=1.93> <Mt= 0.01> <Spt= 0.01> <nCl= 63> <al=0.00> <DB= 2208.3896> <Mlp= 2303.0852> <PB=10000000> 
    RCSP exact solver info for graph G_0 : TT = 0.002769, pt = 0.000259, dt = 0.001893, ct = 0.000223, ndl = 1236', bdl = 10337', odl = 2439', odf = 14869', bsi = 1026', cnt = 1213', bdch = 57932', odch = 14147', lcp = 13353', #sols = 150
<DWph=0> <it= 17> <et=1.94> <Mt= 0.00> <Spt= 0.01> <nCl= 40> <al=0.00> <DB= 2290.3350> <Mlp= 2302.9350> <PB=10000000> 
    RCSP exact solver info for graph G_0 : TT = 0.002619, pt = 0.000234, dt = 0.001826, ct = 0.000219, ndl = 1244', bdl = 10395', odl = 2449', odf = 14921', bsi = 1027', cnt = 1216', bdch = 58789', odch = 14391', lcp = 13602', #sols = 150
    RCSP exact solver info for graph G_0 : TT = 0.002818, pt = 0.000214, dt = 0.002018, ct = 0.000292, ndl = 1163', bdl = 9897', odl = 2305', odf = 14235', bsi = 1016', cnt = 1150', bdch = 50218', odch = 12362', lcp = 11189', #sols = 150
<DWph=0> <it= 18> <et=1.95> <Mt= 0.00> <Spt= 0.01> <nCl= 14> <al=0.00> <DB= 2302.9350> <Mlp= 2302.9350> <PB=10000000> 
RCSP solver dynamic params and stats :  bidir.bord. = 496.9 aver.obdmd = 9.93548 aver.buck.num. = 12.1935 nbR1C = 14 with avMem = 18.1429
@@ 1 7 2302.93 0.0021454 0.00231 49.6149 1.95
    Full reduced cost fixing is not called (gap ratio is 0.999999)
ColGenEvalAlg final dual bound: 2302.93 (rounded: 2302.93)
False gap improvement since the last cut separation : 0.0163174 (2299.18)
Current active cuts : CAP(3,56.88) R1C(14,64.4175) 3rowPackR1C(14)
Shrinking heuristic shrunk 32 edges
2 Rank-1 1-rows pack. cuts added ,  max viol. = 0.15, aver. viol. = 0.1
150 Rank-1 3-rows pack. cuts added ,  max viol. = 0.2, aver. viol. = 0.113667
----- Add fac. cuts : R1C(152), max.viol = 0.3, aver.viol = 0.141118, sep/add took 0.00399357/0.131403 sec. -----
4195 columns (4183 active), 314 dyn. constrs. (174 active), 583 art. vars. (296 active)
<DWph=2> <it=  1> <et=2.11> <Mt= 0.01> <Spt= 0.01> <nCl= 17> <al=0.50> <DB= 2295.9875> <Mlp= 2304.0400> <PB=10000000> 
<DWph=2> <it=  2> <et=2.12> <Mt= 0.00> <Spt= 0.00> <nCl= 16> <al=0.10> <DB= 2286.3795> <Mlp= 2304.0400> <PB=10000000> 
<DWph=2> <it=  3> <et=2.13> <Mt= 0.01> <Spt= 0.01> <nCl=  7> <al=0.00> <DB= 2302.2400> <Mlp= 2304.0400> <PB=10000000> 
<DWph=2> <it=  4> <et=2.13> <Mt= 0.00> <Spt= 0.00> <nCl=  3> <al=0.00> <DB= 2304.0400> <Mlp= 2304.0400> <PB=10000000> 
<DWph=1> <it=  5> <et=2.14> <Mt= 0.00> <Spt= 0.01> <nCl=  1> <al=0.00> <DB= 2304.0400> <Mlp= 2304.0400> <PB=10000000> 
    RCSP exact solver info for graph G_0 : TT = 0.002368, pt = 0.000238, dt = 0.001622, ct = 0.000212, ndl = 1175', bdl = 9971', odl = 2295', odf = 14105', bsi = 1044', cnt = 1243', bdch = 48538', odch = 11988', lcp = 10726', #sols = 150
<DWph=0> <it=  6> <et=2.15> <Mt= 0.00> <Spt= 0.01> <nCl= 77> <al=0.15> <DB= 2271.0400> <Mlp= 2304.0400> <PB=10000000> 
    RCSP exact solver info for graph G_0 : TT = 0.003656, pt = 0.000405, dt = 0.002656, ct = 0.000244, ndl = 1263', bdl = 10414', odl = 2419', odf = 14701', bsi = 1102', cnt = 1370', bdch = 55885', odch = 13720', lcp = 13105', #sols = 150
<DWph=0> <it=  7> <et=2.17> <Mt= 0.00> <Spt= 0.01> <nCl= 37> <al=0.05> <DB= 2274.0400> <Mlp= 2304.0400> <PB=10000000> 
    RCSP exact solver info for graph G_0 : TT = 0.003194, pt = 0.000391, dt = 0.002173, ct = 0.000252, ndl = 1281', bdl = 10746', odl = 2426', odf = 14873', bsi = 1123', cnt = 1479', bdch = 57471', odch = 14150', lcp = 13160', #sols = 150
<DWph=0> <it=  8> <et=2.18> <Mt= 0.01> <Spt= 0.01> <nCl= 48> <al=0.05> <DB= 2272.5690> <Mlp= 2303.9600> <PB=10000000> 
    RCSP exact solver info for graph G_0 : TT = 0.002994, pt = 0.000332, dt = 0.001979, ct = 0.000271, ndl = 1363', bdl = 11116', odl = 2574', odf = 15563', bsi = 1111', cnt = 1487', bdch = 66459', odch = 16363', lcp = 15947', #sols = 150
<DWph=0> <it=  9> <et=2.19> <Mt= 0.00> <Spt= 0.01> <nCl= 36> <al=0.15> <DB= 2294.1459> <Mlp= 2303.9600> <PB=10000000> 
    RCSP exact solver info for graph G_0 : TT = 0.002816, pt = 0.000311, dt = 0.001891, ct = 0.000243, ndl = 1300', bdl = 11355', odl = 2550', odf = 15756', bsi = 1133', cnt = 1042', bdch = 60759', odch = 16090', lcp = 14378', #sols = 150
    RCSP exact solver info for graph G_0 : TT = 0.002271, pt = 0.000199, dt = 0.00158, ct = 0.000216, ndl = 1122', bdl = 10154', odl = 2242', odf = 14285', bsi = 1095', cnt = 904', bdch = 45561', odch = 12374', lcp = 9788', #sols = 150
<DWph=0> <it= 10> <et=2.21> <Mt= 0.00> <Spt= 0.01> <nCl= 44> <al=0.00> <DB= 2303.9600> <Mlp= 2303.9600> <PB=10000000> 
RCSP solver dynamic params and stats :  bidir.bord. = 508.1 aver.obdmd = 9.93548 aver.buck.num. = 12.1935 nbR1C = 16 with avMem = 19.25
@@ 1 8 2303.96 0.00222317 0.0029 49.6149 2.21
    Full reduced cost fixing is not called (gap ratio is 0.999998)
ColGenEvalAlg final dual bound: 2303.96 (rounded: 2303.96)
False gap improvement since the last cut separation : 0.00445084 (2302.93)
Separator R1C not in maximum phase
Cut generation tailing off counter increased to 0
Current active cuts : CAP(3,46.08) R1C(1+15,80.04) 1rowPackR1C(1) 3rowPackR1C(15)
Shrinking heuristic shrunk 38 edges
36 Rank-1 3-rows pack. cuts added ,  max viol. = 0.2, aver. viol. = 0.2
Building structures for heuristic rank-1 packing cut separation...done!
64 Rank-1 4-rows pack. cuts added ,  max viol. = 0.2, aver. viol. = 0.2
100 Rank-1 5-rows pack. cuts added ,  max viol. = 0.2, aver. viol. = 0.2
----- Add fac. cuts : R1C(200), max.viol = 0.4, aver.viol = 0.268, sep/add took 0.146989/0.202196 sec. -----
4481 columns (4469 active), 374 dyn. constrs. (222 active), 783 art. vars. (344 active)
<DWph=2> <it=  1> <et=2.58> <Mt= 0.01> <Spt= 0.01> <nCl=  5> <al=0.00> <DB= 2304.4000> <Mlp= 2304.4000> <PB=10000000> 
<DWph=1> <it=  2> <et=2.59> <Mt= 0.00> <Spt= 0.00> <nCl=  2> <al=0.00> <DB= 2304.4000> <Mlp= 2304.4000> <PB=10000000> 
    RCSP exact solver info for graph G_0 : TT = 0.002831, pt = 0.000267, dt = 0.001859, ct = 0.000276, ndl = 1264', bdl = 9744', odl = 2309', odf = 14312', bsi = 1093', cnt = 2401', bdch = 55164', odch = 13836', lcp = 11705', #sols = 150
    RCSP exact solver info for graph G_0 : TT = 0.00302, pt = 0.000306, dt = 0.001957, ct = 0.000239, ndl = 1182', bdl = 9797', odl = 2284', odf = 14132', bsi = 1097', cnt = 1469', bdch = 50971', odch = 12352', lcp = 11184', #sols = 150
<DWph=0> <it=  3> <et=2.60> <Mt= 0.00> <Spt= 0.02> <nCl= 17> <al=0.00> <DB= 2304.4000> <Mlp= 2304.4000> <PB=10000000> 
RCSP solver dynamic params and stats :  bidir.bord. = 494.6 aver.obdmd = 9.93548 aver.buck.num. = 12.1935 nbR1C = 19 with avMem = 23.4737
@@ 1 9 2304.4 0.0021655 0.002196 49.6149 2.6
    Full reduced cost fixing is not called (gap ratio is 0.999998)
ColGenEvalAlg final dual bound: 2304.4 (rounded: 2304.4)
False gap improvement since the last cut separation : 0.00190976 (2303.96)
Cut generation tailing off counter increased to 1
Current active cuts : CAP(3,40.8) R1C(1+18,82.7) 1rowPackR1C(1) 3rowPackR1C(15) 5rowPackR1C(3)
Shrinking heuristic shrunk 37 edges
32 Rank-1 3-rows pack. cuts added ,  max viol. = 0.4, aver. viol. = 0.4
Building structures for heuristic rank-1 packing cut separation...done!
39 Rank-1 4-rows pack. cuts added ,  max viol. = 0.4, aver. viol. = 0.4
100 Rank-1 5-rows pack. cuts added ,  max viol. = 0.4, aver. viol. = 0.4
----- Add fac. cuts : R1C(171), max.viol = 0.4, aver.viol = 0.4, sep/add took 0.136561/0.153724 sec. -----
4505 columns (4493 active), 393 dyn. constrs. (196 active), 954 art. vars. (318 active)
<DWph=2> <it=  1> <et=2.92> <Mt= 0.01> <Spt= 0.01> <nCl=  2> <al=0.00> <DB= 2304.7200> <Mlp= 2304.7200> <PB=10000000> 
<DWph=1> <it=  2> <et=2.93> <Mt= 0.00> <Spt= 0.00> <nCl=  1> <al=0.00> <DB= 2304.7200> <Mlp= 2304.7200> <PB=10000000> 
    RCSP exact solver info for graph G_0 : TT = 0.003136, pt = 0.000282, dt = 0.002135, ct = 0.000246, ndl = 1203', bdl = 9746', odl = 2273', odf = 14235', bsi = 1083', cnt = 1431', bdch = 50846', odch = 12308', lcp = 11280', #sols = 150
<DWph=0> <it=  3> <et=2.94> <Mt= 0.00> <Spt= 0.01> <nCl= 22> <al=0.30> <DB= 2285.5200> <Mlp= 2304.7200> <PB=10000000> 
    RCSP exact solver info for graph G_0 : TT = 0.002956, pt = 0.000296, dt = 0.001976, ct = 0.000269, ndl = 1177', bdl = 9734', odl = 2249', odf = 14116', bsi = 1065', cnt = 1391', bdch = 48306', odch = 11873', lcp = 10375', #sols = 150
    RCSP exact solver info for graph G_0 : TT = 0.003451, pt = 0.000299, dt = 0.002548, ct = 0.000243, ndl = 1168', bdl = 9574', odl = 2246', odf = 14122', bsi = 1069', cnt = 1392', bdch = 47529', odch = 11820', lcp = 10306', #sols = 150
<DWph=0> <it=  4> <et=2.95> <Mt= 0.00> <Spt= 0.02> <nCl= 12> <al=0.00> <DB= 2304.7200> <Mlp= 2304.7200> <PB=10000000> 
RCSP solver dynamic params and stats :  bidir.bord. = 494.6 aver.obdmd = 9.93548 aver.buck.num. = 12.1935 nbR1C = 18 with avMem = 20.6667
@@ 1 10 2304.72 0.00247233 0.002791 49.6149 2.95
    Full reduced cost fixing is not called (gap ratio is 0.999998)
ColGenEvalAlg final dual bound: 2304.72 (rounded: 2304.72)
False gap improvement since the last cut separation : 0.00138865 (2304.4)
Cut generation tailing off counter increased to 2
Current active cuts : CAP(3,36.96) R1C(1+17,86.28) 1rowPackR1C(1) 3rowPackR1C(15) 5rowPackR1C(2)
Shrinking heuristic shrunk 39 edges
Building structures for heuristic rank-1 packing cut separation...done!
100 Rank-1 5-rows pack. cuts added ,  max viol. = 0.2, aver. viol. = 0.2
----- Add fac. cuts : R1C(100), max.viol = 0.4, aver.viol = 0.4, sep/add took 0.135145/0.105593 sec. -----
4542 columns (4530 active), 296 dyn. constrs. (123 active), 1054 art. vars. (245 active)
<DWph=2> <it=  1> <et=3.23> <Mt= 0.01> <Spt= 0.00> <nCl=  6> <al=0.00> <DB= 2305.6960> <Mlp= 2305.6960> <PB=10000000> 
<DWph=1> <it=  2> <et=3.23> <Mt= 0.00> <Spt= 0.01> <nCl=  3> <al=0.00> <DB= 2305.6960> <Mlp= 2305.6960> <PB=10000000> 
    RCSP exact solver info for graph G_0 : TT = 0.002402, pt = 0.000183, dt = 0.001557, ct = 0.000255, ndl = 1203', bdl = 9412', odl = 2379', odf = 14540', bsi = 1083', cnt = 1535', bdch = 54433', odch = 13753', lcp = 13168', #sols = 150
<DWph=0> <it=  3> <et=3.24> <Mt= 0.00> <Spt= 0.00> <nCl= 30> <al=0.30> <DB= 2293.6960> <Mlp= 2305.6960> <PB=10000000> 
    RCSP exact solver info for graph G_0 : TT = 0.002564, pt = 0.00025, dt = 0.001699, ct = 0.000237, ndl = 1206', bdl = 9412', odl = 2386', odf = 14590', bsi = 1081', cnt = 1538', bdch = 54729', odch = 13866', lcp = 13307', #sols = 150
    RCSP exact solver info for graph G_0 : TT = 0.002314, pt = 0.000204, dt = 0.001549, ct = 0.000243, ndl = 1160', bdl = 9173', odl = 2259', odf = 14063', bsi = 1071', cnt = 1512', bdch = 48607', odch = 12134', lcp = 11271', #sols = 150
<DWph=0> <it=  4> <et=3.25> <Mt= 0.01> <Spt= 0.01> <nCl=  6> <al=0.00> <DB= 2305.6960> <Mlp= 2305.6960> <PB=10000000> 
RCSP solver dynamic params and stats :  bidir.bord. = 494.6 aver.obdmd = 9.93548 aver.buck.num. = 12.1935 nbR1C = 14 with avMem = 19.4286
@@ 1 11 2305.7 0.00184667 0.001936 49.6149 3.25
    Full reduced cost fixing is not called (gap ratio is 0.999998)
ColGenEvalAlg final dual bound: 2305.7 (rounded: 2305.7)
False gap improvement since the last cut separation : 0.00423479 (2304.72)
----- Cut generation is stopped due to tailing off -----
Current active cuts : CAP(3,22.368) R1C(14,93.384) 3rowPackR1C(12) 5rowPackR1C(2)
**** Strong branching phase 3 is started *****
**** SB phase 3 evaluation of candidate 1, branch 1 ( [ colGenSp ] >= 6 ), value = 1e+12
<DWph=2> <it=  1> <et=3.29> <Mt= 0.00> <Spt= 0.01> <nCl=  2> <al=0.00> <DB= 2306.5200> <Mlp= 2306.5200> <PB=10000000> 
<DWph=1> <it=  2> <et=3.30> <Mt= 0.00> <Spt= 0.01> <nCl=  0> <al=0.00> <DB= 2306.5200> <Mlp= 2306.5200> <PB=10000000> 
    RCSP exact solver info for graph G_0 : TT = 0.002566, pt = 0.000169, dt = 0.001894, ct = 0.000204, ndl = 1040', bdl = 8802', odl = 2184', odf = 13621', bsi = 1050', cnt = 1337', bdch = 39698', odch = 10419', lcp = 8204', #sols = 150
    RCSP exact solver info for graph G_0 : TT = 0.002677, pt = 0.000226, dt = 0.001928, ct = 0.000237, ndl = 1040', bdl = 8802', odl = 2184', odf = 13621', bsi = 1050', cnt = 1337', bdch = 39698', odch = 10419', lcp = 8204', #sols = 150
<DWph=0> <it=  3> <et=3.31> <Mt= 0.00> <Spt= 0.01> <nCl= 13> <al=0.00> <DB= 2306.5200> <Mlp= 2306.5200> <PB=10000000> 
RCSP solver dynamic params and stats :  bidir.bord. = 494.6 aver.obdmd = 9.93548 aver.buck.num. = 12.1935 nbR1C = 13 with avMem = 19.0769
@@ 2 0 2306.52 0.0021315 0.002165 46.5204 3.31
    Full reduced cost fixing is not called (gap ratio is 0.999998)
ColGenEvalAlg final dual bound: 2306.52 (rounded: 2306.52)
Current active cuts : CAP(3,15.36) R1C(13,92.58) 3rowPackR1C(11) 5rowPackR1C(2)
150 Rank-1 3-rows pack. cuts added ,  max viol. = 0.24, aver. viol. = 0.118933
Shrinking heuristic shrunk 31 edges
----- Add fac. cuts : R1C(150), max.viol = 0.24, aver.viol = 0.118933, sep/add took 0.00399555/0.146965 sec. -----
4590 columns (4590 active), 169 dyn. constrs. (166 active), 291 art. vars. (288 active)
<DWph=2> <it=  1> <et=3.48> <Mt= 0.01> <Spt= 0.00> <nCl=  7> <al=0.50> <DB= 2303.6171> <Mlp= 2307.9143> <PB=10000000> 
<DWph=2> <it=  2> <et=3.49> <Mt= 0.00> <Spt= 0.01> <nCl=  2> <al=0.55> <DB= 2306.0289> <Mlp= 2307.9143> <PB=10000000> 
<DWph=2> <it=  3> <et=3.50> <Mt= 0.01> <Spt= 0.00> <nCl=  4> <al=0.00> <DB= 2307.8625> <Mlp= 2307.8625> <PB=10000000> 
<DWph=1> <it=  4> <et=3.50> <Mt= 0.00> <Spt= 0.01> <nCl=  8> <al=0.50> <DB= 2304.3375> <Mlp= 2307.8625> <PB=10000000> 
<DWph=1> <it=  5> <et=3.51> <Mt= 0.00> <Spt= 0.00> <nCl=  4> <al=0.50> <DB= 2305.8092> <Mlp= 2307.8143> <PB=10000000> 
<DWph=1> <it=  6> <et=3.52> <Mt= 0.00> <Spt= 0.01> <nCl=  6> <al=0.00> <DB= 2307.8143> <Mlp= 2307.8143> <PB=10000000> 
    RCSP exact solver info for graph G_0 : TT = 0.003323, pt = 0.000238, dt = 0.0024, ct = 0.000257, ndl = 1186', bdl = 8976', odl = 2280', odf = 14080', bsi = 1121', cnt = 1699', bdch = 46779', odch = 11873', lcp = 10694', #sols = 150
<DWph=0> <it=  7> <et=3.53> <Mt= 0.00> <Spt= 0.01> <nCl= 43> <al=0.30> <DB= 2228.1000> <Mlp= 2307.8143> <PB=10000000> 
    RCSP exact solver info for graph G_0 : TT = 0.003463, pt = 0.000296, dt = 0.002537, ct = 0.000268, ndl = 1166', bdl = 9455', odl = 2337', odf = 14386', bsi = 1125', cnt = 1643', bdch = 47806', odch = 12760', lcp = 10615', #sols = 150
<DWph=0> <it=  8> <et=3.54> <Mt= 0.00> <Spt= 0.01> <nCl= 32> <al=0.37> <DB= 2300.8866> <Mlp= 2307.7091> <PB=10000000> 
    RCSP exact solver info for graph G_0 : TT = 0.003229, pt = 0.000268, dt = 0.002368, ct = 0.000229, ndl = 1141', bdl = 9154', odl = 2365', odf = 14381', bsi = 1102', cnt = 1496', bdch = 49183', odch = 12248', lcp = 11260', #sols = 150
<DWph=0> <it=  9> <et=3.55> <Mt= 0.01> <Spt= 0.01> <nCl= 22> <al=0.27> <DB= 2305.1329> <Mlp= 2307.7091> <PB=10000000> 
Shrinking heuristic shrunk 54 edges
    RCSP exact solver info for graph G_0 : TT = 0.003403, pt = 0.000257, dt = 0.002539, ct = 0.000249, ndl = 1130', bdl = 9052', odl = 2384', odf = 14393', bsi = 1095', cnt = 1504', bdch = 48977', odch = 12338', lcp = 11295', #sols = 150
    RCSP exact solver info for graph G_0 : TT = 0.002922, pt = 0.000237, dt = 0.00214, ct = 0.000221, ndl = 1090', bdl = 8581', odl = 2336', odf = 14094', bsi = 1041', cnt = 1409', bdch = 45545', odch = 11605', lcp = 10368', #sols = 150
<DWph=0> <it= 10> <et=3.57> <Mt= 0.00> <Spt= 0.01> <nCl= 50> <al=0.00> <DB= 2307.5000> <Mlp= 2307.5000> <PB=2307.5> 
RCSP solver dynamic params and stats :  bidir.bord. = 494.6 aver.obdmd = 9.93548 aver.buck.num. = 12.1935 nbR1C = 15 with avMem = 16.8
@@ 2 1 2307.5 0.0026416 0.002805 46.5204 3.57
ColGenEvalAlg final dual bound: 2307.5 (rounded: 2307.5)
Gap improvement since the last cut separation : 1 (2306.52)
Current active cuts : CAP(1,3.6) R1C(15,122.6) 3rowPackR1C(14) 5rowPackR1C(1)
**** SB phase 3 evaluation of candidate 1, branch 2 ( [ colGenSp ] <= 5 ), value = 1e+12
<DWph=2> <it=  1> <et=3.65> <Mt= 0.05> <Spt= 0.00> <nCl= 28> <al=0.50> <DB= 2268.7862> <Mlp= 2362.9196> <PB=2307.5> 
<DWph=2> <it=  2> <et=3.65> <Mt= 0.01> <Spt= 0.01> <nCl= 24> <al=0.55> <DB= 2290.6192> <Mlp= 2358.2319> <PB=2307.5> 
<DWph=2> <it=  3> <et=3.66> <Mt= 0.00> <Spt= 0.00> <nCl= 22> <al=0.60> <DB= 2308.8956> <Mlp= 2355.2364> <PB=2307.5> 
<DWph=2> <it=  4> <et=3.67> <Mt= 0.00> <Spt= 0.01> <nCl= 21> <al=0.64> <DB= 2311.8054> <Mlp= 2353.4545> <PB=2307.5> 
<DWph=2> <it=  5> <et=3.67> <Mt= 0.00> <Spt= 0.00> <nCl= 12> <al=0.67> <DB= 2325.4177> <Mlp= 2353.3000> <PB=2307.5> 
<DWph=2> <it=  6> <et=3.68> <Mt= 0.01> <Spt= 0.00> <nCl= 27> <al=0.57> <DB= 2336.0565> <Mlp= 2353.0190> <PB=2307.5> 
<DWph=2> <it=  7> <et=3.68> <Mt= 0.00> <Spt= 0.01> <nCl= 20> <al=0.47> <DB= 2301.7013> <Mlp= 2353.0190> <PB=2307.5> 
<DWph=2> <it=  8> <et=3.69> <Mt= 0.00> <Spt= 0.00> <nCl= 17> <al=0.52> <DB= 2344.0471> <Mlp= 2352.1636> <PB=2307.5> 
<DWph=2> <it=  9> <et=3.70> <Mt= 0.00> <Spt= 0.01> <nCl= 14> <al=0.42> <DB= 2332.7895> <Mlp= 2352.1636> <PB=2307.5> 
<DWph=2> <it= 10> <et=3.70> <Mt= 0.00> <Spt= 0.00> <nCl= 19> <al=0.48> <DB= 2324.0522> <Mlp= 2351.7718> <PB=2307.5> 
<DWph=2> <it= 11> <et=3.71> <Mt= 0.00> <Spt= 0.00> <nCl= 17> <al=0.38> <DB= 2318.3946> <Mlp= 2351.7718> <PB=2307.5> 
<DWph=2> <it= 12> <et=3.71> <Mt= 0.01> <Spt= 0.01> <nCl= 14> <al=0.28> <DB= 2324.7944> <Mlp= 2350.7333> <PB=2307.5> 
<DWph=2> <it= 13> <et=3.72> <Mt= 0.00> <Spt= 0.00> <nCl= 11> <al=0.18> <DB= 2325.0656> <Mlp= 2350.7333> <PB=2307.5> 
<DWph=2> <it= 14> <et=3.72> <Mt= 0.00> <Spt= 0.01> <nCl= 27> <al=0.08> <DB= 2079.7608> <Mlp= 2350.2600> <PB=2307.5> 
<DWph=2> <it= 15> <et=3.73> <Mt= 0.00> <Spt= 0.00> <nCl= 31> <al=0.00> <DB= 2077.5600> <Mlp= 2350.2600> <PB=2307.5> 
<DWph=2> <it= 16> <et=3.74> <Mt= 0.01> <Spt= 0.00> <nCl=  0> <al=0.07> <DB= 2077.5600> <Mlp= 2344.5500> <PB=2307.5> 
<DWph=1> <it= 17> <et=3.74> <Mt= 0.00> <Spt= 0.01> <nCl= 30> <al=0.07> <DB= 1798.6212> <Mlp= 2344.5500> <PB=2307.5> 
<DWph=1> <it= 18> <et=3.76> <Mt= 0.00> <Spt= 0.00> <nCl= 30> <al=0.17> <DB= 2105.2171> <Mlp= 2342.0636> <PB=2307.5> 
<DWph=1> <it= 19> <et=3.76> <Mt= 0.01> <Spt= 0.01> <nCl= 29> <al=0.07> <DB= 2159.1625> <Mlp= 2341.1136> <PB=2307.5> 
<DWph=1> <it= 20> <et=3.77> <Mt= 0.00> <Spt= 0.00> <nCl= 12> <al=0.16> <DB= 2297.4637> <Mlp= 2341.1136> <PB=2307.5> 
<DWph=1> <it= 21> <et=3.78> <Mt= 0.00> <Spt= 0.01> <nCl= 26> <al=0.06> <DB= 2237.8380> <Mlp= 2341.0182> <PB=2307.5> 
<DWph=1> <it= 22> <et=3.78> <Mt= 0.00> <Spt= 0.00> <nCl= 20> <al=0.00> <DB= 2312.1545> <Mlp= 2339.1545> <PB=2307.5> 
<DWph=1> <it= 23> <et=3.79> <Mt= 0.00> <Spt= 0.01> <nCl= 11> <al=0.06> <DB= 2324.3228> <Mlp= 2339.1545> <PB=2307.5> 
<DWph=1> <it= 24> <et=3.79> <Mt= 0.00> <Spt= 0.00> <nCl=  4> <al=0.00> <DB= 2338.8400> <Mlp= 2338.8400> <PB=2307.5> 
    RCSP exact solver info for graph G_0 : TT = 0.003417, pt = 0.000102, dt = 0.002695, ct = 0.000306, ndl = 2354', bdl = 17044', odl = 2739', odf = 15812', bsi = 1448', cnt = 4084', bdch = 117091', odch = 25577', lcp = 28158', #sols = 150
<DWph=0> <it= 25> <et=3.80> <Mt= 0.00> <Spt= 0.01> <nCl=119> <al=0.00> <DB= 2217.6400> <Mlp= 2338.8400> <PB=2307.5> 
    RCSP exact solver info for graph G_0 : TT = 0.003088, pt = 0.000123, dt = 0.002328, ct = 0.000296, ndl = 1809', bdl = 11852', odl = 2334', odf = 14186', bsi = 1634', cnt = 3245', bdch = 71239', odch = 16973', lcp = 17335', #sols = 150
<DWph=0> <it= 26> <et=3.81> <Mt= 0.01> <Spt= 0.01> <nCl= 96> <al=0.00> <DB= 2234.6133> <Mlp= 2336.8429> <PB=2307.5> 
    RCSP exact solver info for graph G_0 : TT = 0.003615, pt = 0.000124, dt = 0.002779, ct = 0.000331, ndl = 2448', bdl = 15575', odl = 2592', odf = 15644', bsi = 1717', cnt = 4017', bdch = 124155', odch = 23105', lcp = 34887', #sols = 150
<DWph=0> <it= 27> <et=3.83> <Mt= 0.00> <Spt= 0.01> <nCl=150> <al=0.00> <DB= 2269.5063> <Mlp= 2325.0287> <PB=2307.5> 
    RCSP exact solver info for graph G_0 : TT = 0.003234, pt = 9.2e-05, dt = 0.002448, ct = 0.00031, ndl = 1930', bdl = 13563', odl = 2624', odf = 15471', bsi = 1584', cnt = 2816', bdch = 76083', odch = 16512', lcp = 20396', #sols = 150
<DWph=0> <it= 28> <et=3.85> <Mt= 0.01> <Spt= 0.01> <nCl=121> <al=0.00> <DB= 2288.4000> <Mlp= 2320.6857> <PB=2307.5> 
    RCSP exact solver info for graph G_0 : TT = 0.003676, pt = 0.000128, dt = 0.002857, ct = 0.000327, ndl = 1652', bdl = 15705', odl = 2651', odf = 16330', bsi = 1625', cnt = 2149', bdch = 69612', odch = 17413', lcp = 15093', #sols = 141
<DWph=0> <it= 29> <et=3.86> <Mt= 0.00> <Spt= 0.01> <nCl=110> <al=0.00> <DB= 2235.7951> <Mlp= 2318.2000> <PB=2307.5> 
    RCSP exact solver info for graph G_0 : TT = 0.003064, pt = 9.7e-05, dt = 0.002336, ct = 0.000299, ndl = 1865', bdl = 11193', odl = 2438', odf = 14437', bsi = 1568', cnt = 2452', bdch = 68682', odch = 15229', lcp = 18968', #sols = 141
<DWph=0> <it= 30> <et=3.87> <Mt= 0.00> <Spt= 0.01> <nCl= 52> <al=0.03> <DB= 2304.7551> <Mlp= 2318.2000> <PB=2307.5> 
    RCSP exact solver info for graph G_0 : TT = 0.003037, pt = 8.5e-05, dt = 0.002256, ct = 0.000328, ndl = 1749', bdl = 11393', odl = 2213', odf = 13438', bsi = 1620', cnt = 2643', bdch = 62935', odch = 12340', lcp = 16562', #sols = 144
<DWph=0> <it= 31> <et=3.88> <Mt= 0.00> <Spt= 0.01> <nCl= 28> <al=0.12> <DB= 2315.2772> <Mlp= 2318.2000> <PB=2307.5> 
RCSP solver dynamic params and stats :  bidir.bord. = 520.2 aver.obdmd = 9.93548 aver.buck.num. = 12.1935 nbR1C = 1 with avMem = 6
@@ 3 0 2315.28 0.00284229 0.003184 49.6149 3.88
ColGenEvalAlg final dual bound: 2315.28 (rounded: 2315.28)
Current active cuts : CAP(2,80.4) R1C(1,21.2682) 3rowPackR1C(1)
 SB phase 3 candidate 1 is conquered !
SB with phases chosed candidate colGenSp (5.56)
New model incumbent solution 2307.5, TIME = 0h0m3s89t = 389
************************************************************************************************
Search is finished, global bounds : [ 2307.5 , 2307.5 ], TIME = 0h0m3s89t = 389
************************************************************************************************
[32mBaPCod : solution defined.[00m
statistics_cols: instance & :Optimal & cutoff & :bcRecRootDb & :bcTimeRootEval & :bcCountNodeProc & :bcRecBestDb & :bcRecBestInc & :bcTimeMain \\
statistics: instance_21-triangle & 1 & 1.0e7 & 2305.70 & 3.27 & 3 & 2307.50 & 2307.50 & 3.89 \\
########################################################
Route #1: 8 27 13 45 57 11 35 30 
Route #2: 22 9 14 36 53 6 33 23 
Route #3: 43 12 7 60 58 56 50 26 15 39 25 
Route #4: 47 48 52 37 51 24 20 42 16 28 55 34 32 
Route #5: 54 10 44 41 17 46 40 5 18 
Route #6: 59 21 4 38 29 31 3 1 19 2 49 
Cost 2307.5
########################################################

end_time=2026-04-20 14:14:06
exit_code=0
