instance_file=/mnt/c/Users/porin/OneDrive/Documentos/Python-Mestrado/Modelagem Matemática/Programação Inteira - Uchoa/Problema VRPRDL/instancias_turco/VRPRDL-triangle/vrptw_convertidos/instance_28-triangle.txt
instance_name=instance_28-triangle
start_time=2026-04-20 14:16:00

  Activating project at `~/VRPSolver/VRPSolverDemos/other/VRPTW`
Application parameters:
  batch  =>  nothing
  update  =>  false
  tikz  =>  nothing
  instance  =>  "/mnt/c/Users/porin/OneDrive/Documentos/Python-Mestrado/Modelagem Matemática/Programação Inteira - Uchoa/Problema VRPRDL/instancias_turco/VRPRDL-triangle/vrptw_convertidos/instance_28-triangle.txt"
  out  =>  nothing
  nosolve  =>  false
  ub  =>  1.0e7
  sol  =>  nothing
  cfg  =>  "/home/poringman/VRPSolver/VRPSolverDemos/other/VRPTW/config/VRPTW_set_2.cfg"
  enable_cap_res  =>  false
~~~~~~~~~~~~~~~~~~~~~~~~~~~~~~~~~~~~~~~~~~~~~~~~~~~~~~~~~~~~~~~~~~~~~~~~~~~~~~~~~~~~~
GIT VERSION RCSP: 
GIT BRANCH: 
~~~~~~~~~~~~~~~~~~~~~~~~~~~~~~~~~~~~~~~~~~~~~~~~~~~~~~~~~~~~~~~~~~~~~~~~~~~~~~~~~~~~~
VRPSolver v0.6.16, 10/11/2025, © Inria Bordeaux, France, vrpsolver.math.u-bordeaux.fr
      Corresponds to the solver by Pessoa, Sadykov, Uchoa and Vanderbeck (2020)
                 Paper: dx.doi.org/10.1007/s10107-020-01523-z
~~~~~~~~~~~~~~~~~~~~~~~~~~~~~~~~~~~~~~~~~~~~~~~~~~~~~~~~~~~~~~~~~~~~~~~~~~~~~~~~~~~~~
GIT VERSION BAPCOD: a7cb21f19424236c9d0da5dcf94961797a519470
GIT BRANCH: main
~~~~~~~~~~~~~~~~~~~~~~~~~~~~~~~~~~~~~~~~~~~~~~~~~~~~~~~~~~~~~~~~~~~~~~~~~~~~~~~~~~~~~
   BaPCod v0.84, 10/11/2025, © Inria Bordeaux, France, bapcod.math.u-bordeaux.fr 
           THIS CODE IS PROVIDED AS IS, USE IT AT YOUR OWN RISK
~~~~~~~~~~~~~~~~~~~~~~~~~~~~~~~~~~~~~~~~~~~~~~~~~~~~~~~~~~~~~~~~~~~~~~~~~~~~~~~~~~~~~
--- MAIN PARAMETERS ---
GlobalTimeLimitInTick = 2147483645
GlobalTimeLimit = 21474836
ClockType = 0
MaxNbOfBBtreeNodeTreated = 100000
optimalityGapTolerance = 1e-06
relOptimalityGapTolerance = 1e-09
ApplyPreprocessing = true
PreprocessVariablesLocalBounds = false
treeSearchStrategy = 1
OpenNodesLimit = 1000
DEFAULTPRINTLEVEL = 0
--- MIP SOLVER PARAMETERS ---
solverName = CPLEX_SOLVER
MipSolverMaxBBNodes = 2000000
MipSolverMaxTime = 360000
MipSolverMultiThread = 1
--- COLUMN GENERATION PARAMETERS ---
SolverSelectForMast = a
  colGenSubProbSolMode = customSolver
mastInitMode = localArtCol
ArtVarPenaltyUpdateFactor = 2
ArtVarMaxNbOfPenaltyUpdates = 5
MaxNbOfStagesInColGenProcedure = 3
GenerateProperColumns = false
InsertAllGeneratedColumnsInFormRatherThanInPool = true
InsertNewNonNegColumnsDirectlyInFormRatherThanInPool = true
ColumnCleanupThreshold = 10000
ColumnCleanupRatio = 0.66
ReducedCostFixingThreshold = 0.9
--- CUT GENERATION PARAMETERS ---
MasterCuttingPlanesDepthLimit = 1000
MaxNbOfCutGeneratedAtEachIter = 1000
CutTailingOffThreshold = 0.015
CutTailingOffCounterThreshold = 3
CutCleanupThreshold = 1
CutCleanupRatio = 0.66
ColGenSpRelaxationImprovementPriority = 2
--- STABILIZATION PARAMETERS ---
colGenDualPriceSmoothingAlphaFactor = 1
colGenDualPriceSmoothingBetaFactor = 0
colGenStabilizationFunctionType = none
colGenProximalStabilizationRule = undefined
StabilFuncKappa = 1
colGenStabilizationMaxTreeDepth = 10000
StabilizationMinPhaseOfStage = 0
--- PRIMAL HEURISTIC PARAMETERS ---
UseInitialPrimalHeur = false
MaxTimeForRestrictedMasterIpHeur = -1
CallFrequencyOfRestrictedMasterIpHeur = 5
MIPemphasisInRestrictedMasterIpHeur = 1
PolishingAfterTimeInRestrictedMasterIpHeur = -1
DivingHeurUseDepthLimit = -1
CallFrequencyOfDivingHeur = 1
LeastFractional
Closest2RoundUp
LeastGreedyCost
LeastCost
FixIntValBeforeRoundingHeur = true
MaxNbOfCgIteDuringRh = 5000
MaxLDSbreadth = 0
MaxLDSdepth = 0
DivingHeurStopsWithFirstFeasSol = false
DivingHeurPreprocessBeforeChoosingVar = false
StrongDivingCandidatesNumber = 1
EvalAlgParamsInDiving = max#cand. = 1 max#cg.iters = 10000 min.lvl.sp.restr. = 1 min#cut.rounds = 0 max#cut.rounds = 0 red.cost.fix&enum. = false tree.size.ratio = 1
LocalSearchHeurUseDepthLimit = -1
LeastFractional
Closest2RoundUp
LeastGreedyCost
LeastCost
MaxFactorOfColFixedByLocalSearchHeur = 0.8
MaxLocalSearchIterationCounter = 3
--- STRONG BRANCHING PARAMETERS ---
SimplifiedStrongBranchingParameterisation = true
StrongBranchingPhaseOneCandidatesNumber = 50
StrongBranchingPhaseOneTreeSizeEstimRatio = 100
StrongBranchingPhaseTwoCandidatesNumber = 3
StrongBranchingPhaseTwoTreeSizeEstimRatio = 100
SafeDualBoundScaleFactor = -1
StrongBranchingPhaseOne = max#cand. = 50 max#cg.iters = 0 min.lvl.sp.restr. = 0 min#cut.rounds = 0 max#cut.rounds = 0 red.cost.fix&enum. = false tree.size.ratio = 100
StrongBranchingPhaseTwo = max#cand. = 3 max#cg.iters = 10000 min.lvl.sp.restr. = 1 min#cut.rounds = 0 max#cut.rounds = 0 red.cost.fix&enum. = false tree.size.ratio = 100
StrongBranchingPhaseThree = max#cand. = 1 max#cg.iters = 10000 min.lvl.sp.restr. = 0 min#cut.rounds = 0 max#cut.rounds = 10000 red.cost.fix&enum. = true tree.size.ratio = 1
StrongBranchingPhaseFour =not active
--- DEBUG OUTPUT PARAMETERS ---
printMasterPrimalSols = 0
--- VRPSOLVER PARAMETERS ---
RCSPstopCutGenTimeThresholdInPricing = 30
RCSPhardTimeThresholdInPricing = 20
RCSPredCostFixingTimeThreshold = 100
RCSPnumberOfBucketsPerVertex = 25
RCSPdynamicBucketSteps = 1
RCSPuseBidirectionalSearch = 1
RCSPapplyReducedCostFixing = 1
RCSPmaxNumOfColsPerIteration = 30
RCSPmaxNumOfColsPerExactIteration = 150
RCSPmaxNumOfLabelsInEnumeration = 1000000
RCSPmaxNumOfLabelsInHeurEnumeration = 0
RCSPmaxNumOfEnumeratedSolutions = 5000000
RCSPmaxNumOfEnumSolutionsForMIP = 10000
RCSPmaxNumOfEnumSolsForEndOfNodeMIP = 10000
RCSPinitNGneighbourhoodSize = 8
RCSPmaxNGneighbourhoodSize = 16
RCSPrankOneCutsMaxNumRows = 5
RCSPrankOneCutsMaxNumPerRound = 100
RCSPrankOneCutsMemoryType = 1
RCSPrankOneCutsLSnumIterations = 1000
RCSPallowRoutesWithSameVerticesSet = true
RCSPredCostFixingFalseGap = 0
SafeDualBoundScaleFactor = -1
RCSPmaxNumOfLabelsInHeurEnumeration = 0
MaxNumEnumSolsInRestrictedMasterIpHeur = 5000

prName & bcTimeMain \\ 
New model incumbent solution 1e+07, TIME = 0h0m0s57t = 57
RCSP solver info : size of non-robust cut bitmask in a label is 640 bits
Bucket steps were recalculated for graph G_0 : [28.8]
RCSP solver info : non-symmetric case as associated vars of the reverse arc of 0->60 are not the same
Bidirectional border value is initialised to 404.5
RCSP solver info : number of forw. reachable buckets / buck. strongly connected components is 641( 91.9656% ) / 443( 69.1108% )
RCSP solver info : number of back. reachable buckets / buck. strongly connected components is 623( 89.3831% ) / 424( 68.0578% )
RCSP solver info: std. label size is 56, ext. label size is 136
Generating neighbourhoods for rank-1 cuts separation
Building structures for 4- and 5-row rank-1 packing cut separation...done!
Model is built TIME = 0h0m0s58t = 58
************************************************************************************************
**** BaB tree root node
**** Local DB = -1e+12, global bounds : [ -1e+12 , 1e+07 ], TIME = 0h0m0s58t = 58
**** 1 open nodes, 0 columns (0 active), 0 dyn. constrs. (0 active), 122 art. vars. (122 active)
************************************************************************************************
#<DWph=2> <it=  1> <et=0.58> <Mt= 0.00> <Spt= 0.00> <nCl= 30> <al=0.00> <DB=-19439957622.0000> <Mlp=732000000.0000> <PB=10000000> 
#<DWph=2> <it=  2> <et=0.59> <Mt= 0.00> <Spt= 0.00> <nCl= 30> <al=0.55> <DB=-12149974620.5700> <Mlp=600000669.4000> <PB=10000000> 
#<DWph=2> <it=  3> <et=0.59> <Mt= 0.00> <Spt= 0.00> <nCl= 30> <al=0.45> <DB=-10833903785.4615> <Mlp=480000699.3000> <PB=10000000> 
#<DWph=2> <it=  4> <et=0.59> <Mt= 0.00> <Spt= 0.00> <nCl= 30> <al=0.51> <DB=-8239343658.1798> <Mlp=345001567.2750> <PB=10000000> 
#<DWph=2> <it=  5> <et=0.60> <Mt= 0.00> <Spt= 0.01> <nCl= 30> <al=0.55> <DB=-7046411469.2237> <Mlp=288002010.2000> <PB=10000000> 
#<DWph=2> <it=  6> <et=0.60> <Mt= 0.00> <Spt= 0.00> <nCl= 30> <al=0.60> <DB=-6232497485.5767> <Mlp=238668960.8667> <PB=10000000> 
#<DWph=2> <it=  7> <et=0.60> <Mt= 0.00> <Spt= 0.00> <nCl= 30> <al=0.64> <DB=-5195083697.7173> <Mlp=192859576.4000> <PB=10000000> 
#<DWph=2> <it=  8> <et=0.60> <Mt= 0.00> <Spt= 0.00> <nCl= 30> <al=0.68> <DB=-4042031806.5347> <Mlp=130328325.1302> <PB=10000000> 
#<DWph=2> <it=  9> <et=0.60> <Mt= 0.00> <Spt= 0.00> <nCl= 30> <al=0.71> <DB=-3686653782.3151> <Mlp=117358323.5052> <PB=10000000> 
#<DWph=2> <it= 10> <et=0.61> <Mt= 0.00> <Spt= 0.00> <nCl= 30> <al=0.74> <DB=-2901104645.8183> <Mlp=80502111.5626> <PB=10000000> 
#<DWph=2> <it= 11> <et=0.61> <Mt= 0.00> <Spt= 0.01> <nCl= 30> <al=0.76> <DB=-2707870573.8103> <Mlp=56782677.3124> <PB=10000000> 
#<DWph=2> <it= 12> <et=0.61> <Mt= 0.00> <Spt= 0.00> <nCl= 30> <al=0.79> <DB=-2235215754.9363> <Mlp=34720022.0788> <PB=10000000> 
#<DWph=2> <it= 13> <et=0.61> <Mt= 0.00> <Spt= 0.00> <nCl= 30> <al=0.69> <DB=-1846005762.9264> <Mlp=26907245.8979> <PB=10000000> 
#<DWph=2> <it= 14> <et=0.62> <Mt= 0.00> <Spt= 0.00> <nCl= 30> <al=0.72> <DB=-1609890412.2285> <Mlp=21610395.2330> <PB=10000000> 
#<DWph=2> <it= 15> <et=0.62> <Mt= 0.00> <Spt= 0.00> <nCl= 30> <al=0.75> <DB=-1879340980.8257> <Mlp=14273380.2782> <PB=10000000> 
#<DWph=2> <it= 16> <et=0.62> <Mt= 0.01> <Spt= 0.00> <nCl= 30> <al=0.77> <DB=-1273400942.8718> <Mlp=7135174.6153> <PB=10000000> 
#<DWph=2> <it= 17> <et=0.63> <Mt= 0.00> <Spt= 0.01> <nCl= 30> <al=0.67> <DB=-1005719803.3255> <Mlp=3492794.5244> <PB=10000000> 
<DWph=2> <it= 18> <et=0.63> <Mt= 0.00> <Spt= 0.00> <nCl= 30> <al=0.57> <DB=-837262880.4648> <Mlp= 3974.1318> <PB=10000000> 
<DWph=2> <it= 19> <et=0.63> <Mt= 0.00> <Spt= 0.00> <nCl= 30> <al=0.00> <DB=-46872.4318> <Mlp= 3974.1318> <PB=10000000> 
<DWph=2> <it= 20> <et=0.64> <Mt= 0.00> <Spt= 0.00> <nCl= 30> <al=0.37> <DB=-28149.3915> <Mlp= 3865.5144> <PB=10000000> 
<DWph=2> <it= 21> <et=0.64> <Mt= 0.00> <Spt= 0.00> <nCl= 30> <al=0.27> <DB=-20509.8062> <Mlp= 3789.3503> <PB=10000000> 
<DWph=2> <it= 22> <et=0.64> <Mt= 0.00> <Spt= 0.01> <nCl= 30> <al=0.34> <DB=-14822.3858> <Mlp= 3709.3820> <PB=10000000> 
<DWph=2> <it= 23> <et=0.64> <Mt= 0.00> <Spt= 0.00> <nCl= 30> <al=0.41> <DB=-11049.7457> <Mlp= 3659.4033> <PB=10000000> 
<DWph=2> <it= 24> <et=0.65> <Mt= 0.01> <Spt= 0.00> <nCl= 30> <al=0.47> <DB=-11772.7419> <Mlp= 3577.5433> <PB=10000000> 
<DWph=2> <it= 25> <et=0.65> <Mt= 0.00> <Spt= 0.00> <nCl= 30> <al=0.52> <DB=-10039.6564> <Mlp= 3387.2491> <PB=10000000> 
<DWph=2> <it= 26> <et=0.65> <Mt= 0.00> <Spt= 0.00> <nCl= 30> <al=0.57> <DB=-9885.8934> <Mlp= 3266.4016> <PB=10000000> 
<DWph=2> <it= 27> <et=0.66> <Mt= 0.00> <Spt= 0.00> <nCl= 30> <al=0.61> <DB=-6027.1086> <Mlp= 3214.6014> <PB=10000000> 
<DWph=2> <it= 28> <et=0.66> <Mt= 0.00> <Spt= 0.01> <nCl= 29> <al=0.65> <DB=-5294.6457> <Mlp= 3178.7881> <PB=10000000> 
<DWph=2> <it= 29> <et=0.66> <Mt= 0.00> <Spt= 0.00> <nCl= 25> <al=0.69> <DB=-2638.7927> <Mlp= 3128.0869> <PB=10000000> 
<DWph=2> <it= 30> <et=0.67> <Mt= 0.00> <Spt= 0.00> <nCl= 30> <al=0.59> <DB=-1321.5575> <Mlp= 3109.2432> <PB=10000000> 
<DWph=2> <it= 31> <et=0.67> <Mt= 0.00> <Spt= 0.00> <nCl= 30> <al=0.49> <DB=-1587.5223> <Mlp= 3072.1011> <PB=10000000> 
<DWph=2> <it= 32> <et=0.67> <Mt= 0.01> <Spt= 0.00> <nCl= 30> <al=0.39> <DB=-3279.6063> <Mlp= 3044.8950> <PB=10000000> 
<DWph=2> <it= 33> <et=0.67> <Mt= 0.00> <Spt= 0.00> <nCl= 28> <al=0.45> <DB=-1433.1138> <Mlp= 3029.1991> <PB=10000000> 
<DWph=2> <it= 34> <et=0.68> <Mt= 0.00> <Spt= 0.01> <nCl= 30> <al=0.35> <DB= -572.5976> <Mlp= 3016.4812> <PB=10000000> 
<DWph=2> <it= 35> <et=0.68> <Mt= 0.00> <Spt= 0.00> <nCl= 30> <al=0.41> <DB= -228.6102> <Mlp= 2993.2422> <PB=10000000> 
<DWph=2> <it= 36> <et=0.68> <Mt= 0.00> <Spt= 0.00> <nCl= 29> <al=0.47> <DB=  497.5952> <Mlp= 2974.8421> <PB=10000000> 
<DWph=2> <it= 37> <et=0.69> <Mt= 0.00> <Spt= 0.00> <nCl= 30> <al=0.37> <DB=-1166.1517> <Mlp= 2969.2751> <PB=10000000> 
<DWph=2> <it= 38> <et=0.69> <Mt= 0.00> <Spt= 0.00> <nCl= 27> <al=0.43> <DB= -295.8539> <Mlp= 2940.9159> <PB=10000000> 
<DWph=2> <it= 39> <et=0.69> <Mt= 0.00> <Spt= 0.00> <nCl= 29> <al=0.49> <DB=  104.7962> <Mlp= 2924.8075> <PB=10000000> 
<DWph=2> <it= 40> <et=0.70> <Mt= 0.00> <Spt= 0.01> <nCl= 21> <al=0.54> <DB=  371.5838> <Mlp= 2901.7333> <PB=10000000> 
<DWph=2> <it= 41> <et=0.70> <Mt= 0.01> <Spt= 0.00> <nCl= 19> <al=0.44> <DB= 1200.6473> <Mlp= 2901.7333> <PB=10000000> 
<DWph=2> <it= 42> <et=0.70> <Mt= 0.00> <Spt= 0.00> <nCl= 30> <al=0.34> <DB= 1439.8158> <Mlp= 2901.7333> <PB=10000000> 
<DWph=2> <it= 43> <et=0.70> <Mt= 0.00> <Spt= 0.00> <nCl= 22> <al=0.41> <DB=  245.6430> <Mlp= 2901.7333> <PB=10000000> 
<DWph=2> <it= 44> <et=0.71> <Mt= 0.00> <Spt= 0.00> <nCl= 25> <al=0.47> <DB= 1631.9571> <Mlp= 2901.7333> <PB=10000000> 
<DWph=2> <it= 45> <et=0.71> <Mt= 0.00> <Spt= 0.00> <nCl= 20> <al=0.52> <DB= 2307.8759> <Mlp= 2901.7333> <PB=10000000> 
<DWph=2> <it= 46> <et=0.71> <Mt= 0.00> <Spt= 0.01> <nCl= 14> <al=0.57> <DB= 2546.9836> <Mlp= 2901.4000> <PB=10000000> 
<DWph=2> <it= 47> <et=0.71> <Mt= 0.00> <Spt= 0.00> <nCl= 16> <al=0.47> <DB= 1168.0859> <Mlp= 2901.1500> <PB=10000000> 
<DWph=2> <it= 48> <et=0.71> <Mt= 0.00> <Spt= 0.00> <nCl= 22> <al=0.37> <DB= 1872.8346> <Mlp= 2901.1500> <PB=10000000> 
<DWph=2> <it= 49> <et=0.71> <Mt= 0.00> <Spt= 0.00> <nCl= 15> <al=0.43> <DB= 2110.7503> <Mlp= 2901.1500> <PB=10000000> 
<DWph=2> <it= 50> <et=0.72> <Mt= 0.00> <Spt= 0.00> <nCl=  8> <al=0.33> <DB= 2767.8288> <Mlp= 2901.1500> <PB=10000000> 
<DWph=2> <it= 51> <et=0.72> <Mt= 0.00> <Spt= 0.00> <nCl= 11> <al=0.23> <DB= 2413.5811> <Mlp= 2901.1500> <PB=10000000> 
<DWph=2> <it= 52> <et=0.72> <Mt= 0.00> <Spt= 0.01> <nCl=  6> <al=0.31> <DB= 2514.7233> <Mlp= 2900.8000> <PB=10000000> 
<DWph=2> <it= 53> <et=0.72> <Mt= 0.00> <Spt= 0.00> <nCl=  1> <al=0.21> <DB= 2763.2418> <Mlp= 2900.8000> <PB=10000000> 
<DWph=2> <it= 54> <et=0.73> <Mt= 0.00> <Spt= 0.00> <nCl=  3> <al=0.29> <DB= 2781.5285> <Mlp= 2900.8000> <PB=10000000> 
<DWph=2> <it= 55> <et=0.73> <Mt= 0.00> <Spt= 0.00> <nCl=  3> <al=0.36> <DB= 2820.3832> <Mlp= 2900.8000> <PB=10000000> 
<DWph=2> <it= 56> <et=0.73> <Mt= 0.00> <Spt= 0.00> <nCl= 12> <al=0.42> <DB= 2519.3127> <Mlp= 2900.8000> <PB=10000000> 
<DWph=2> <it= 57> <et=0.73> <Mt= 0.00> <Spt= 0.00> <nCl=  7> <al=0.48> <DB= 2838.8930> <Mlp= 2900.8000> <PB=10000000> 
<DWph=2> <it= 58> <et=0.73> <Mt= 0.00> <Spt= 0.01> <nCl=  4> <al=0.07> <DB= 2806.2341> <Mlp= 2900.8000> <PB=10000000> 
<DWph=2> <it= 59> <et=0.74> <Mt= 0.00> <Spt= 0.00> <nCl=  1> <al=0.43> <DB= 2870.2849> <Mlp= 2900.8000> <PB=10000000> 
<DWph=2> <it= 60> <et=0.74> <Mt= 0.00> <Spt= 0.00> <nCl=  1> <al=0.49> <DB= 2862.8178> <Mlp= 2900.8000> <PB=10000000> 
<DWph=2> <it= 61> <et=0.74> <Mt= 0.00> <Spt= 0.00> <nCl=  1> <al=0.08> <DB= 2878.2736> <Mlp= 2900.8000> <PB=10000000> 
<DWph=2> <it= 62> <et=0.74> <Mt= 0.00> <Spt= 0.00> <nCl=  6> <al=0.00> <DB= 2732.1333> <Mlp= 2900.8000> <PB=10000000> 
<DWph=2> <it= 63> <et=0.74> <Mt= 0.01> <Spt= 0.00> <nCl=  4> <al=0.34> <DB=  216.4804> <Mlp= 2900.4800> <PB=10000000> 
<DWph=2> <it= 64> <et=0.75> <Mt= 0.00> <Spt= 0.00> <nCl=  0> <al=0.41> <DB=  216.4804> <Mlp= 2889.2333> <PB=10000000> 
<DWph=1> <it= 65> <et=0.75> <Mt= 0.00> <Spt= 0.01> <nCl= 30> <al=0.41> <DB= -964.1175> <Mlp= 2889.2333> <PB=10000000> 
<DWph=1> <it= 66> <et=0.75> <Mt= 0.00> <Spt= 0.00> <nCl= 30> <al=0.31> <DB= 1532.3503> <Mlp= 2876.1833> <PB=10000000> 
<DWph=1> <it= 67> <et=0.75> <Mt= 0.00> <Spt= 0.00> <nCl= 30> <al=0.38> <DB= 1954.4427> <Mlp= 2875.8667> <PB=10000000> 
<DWph=1> <it= 68> <et=0.76> <Mt= 0.00> <Spt= 0.00> <nCl= 30> <al=0.44> <DB= 1962.9049> <Mlp= 2869.4000> <PB=10000000> 
<DWph=1> <it= 69> <et=0.76> <Mt= 0.00> <Spt= 0.00> <nCl= 14> <al=0.49> <DB= 2452.7896> <Mlp= 2855.7333> <PB=10000000> 
<DWph=1> <it= 70> <et=0.76> <Mt= 0.00> <Spt= 0.01> <nCl= 18> <al=0.39> <DB= 2585.0436> <Mlp= 2855.7333> <PB=10000000> 
<DWph=1> <it= 71> <et=0.77> <Mt= 0.00> <Spt= 0.00> <nCl=  6> <al=0.45> <DB= 2767.6704> <Mlp= 2855.7333> <PB=10000000> 
<DWph=1> <it= 72> <et=0.77> <Mt= 0.00> <Spt= 0.00> <nCl=  4> <al=0.35> <DB= 2824.0954> <Mlp= 2855.1333> <PB=10000000> 
<DWph=1> <it= 73> <et=0.77> <Mt= 0.00> <Spt= 0.00> <nCl=  9> <al=0.25> <DB= 2847.2227> <Mlp= 2855.1333> <PB=10000000> 
<DWph=1> <it= 74> <et=0.77> <Mt= 0.00> <Spt= 0.01> <nCl=  3> <al=0.15> <DB= 2834.4446> <Mlp= 2855.1333> <PB=10000000> 
<DWph=1> <it= 75> <et=0.78> <Mt= 0.00> <Spt= 0.00> <nCl=  8> <al=0.00> <DB= 2855.1333> <Mlp= 2855.1333> <PB=10000000> 
    RCSP exact solver info for graph G_0 : TT = 0.002159, pt = 4.1e-05, dt = 0.00154, ct = 0.00024, ndl = 1317', bdl = 7749', odl = 1782', odf = 10296', bsi = 1085', cnt = 1490', bdch = 40646', odch = 12484', lcp = 11397', #sols = 150
<DWph=0> <it= 76> <et=0.78> <Mt= 0.00> <Spt= 0.00> <nCl= 95> <al=0.14> <DB=  497.1333> <Mlp= 2855.1333> <PB=10000000> 
    RCSP exact solver info for graph G_0 : TT = 0.002338, pt = 3.5e-05, dt = 0.001614, ct = 0.000311, ndl = 1277', bdl = 6896', odl = 1708', odf = 10567', bsi = 1258', cnt = 1785', bdch = 34539', odch = 12075', lcp = 10868', #sols = 150
<DWph=0> <it= 77> <et=0.79> <Mt= 0.00> <Spt= 0.01> <nCl=150> <al=0.04> <DB= -633.9214> <Mlp= 2840.8562> <PB=10000000> 
Shrinking heuristic shrunk 53 edges
avgVertexMem: 8 , colsForbidden = 0, phase-I = 0, phase-II = 0, colNonElem = 0, colElem = 7, TT =  0.001188
    RCSP exact solver info for graph G_0 : TT = 0.002153, pt = 3e-05, dt = 0.001584, ct = 0.000225, ndl = 1519', bdl = 8556', odl = 2081', odf = 12266', bsi = 1065', cnt = 1207', bdch = 53234', odch = 16938', lcp = 16035', #sols = 150
<DWph=0> <it= 78> <et=0.80> <Mt= 0.01> <Spt= 0.01> <nCl=135> <al=0.14> <DB= 1577.0215> <Mlp= 2833.3000> <PB=2833.3> 
    RCSP exact solver info for graph G_0 : TT = 0.002248, pt = 3.9e-05, dt = 0.001542, ct = 0.000274, ndl = 1458', bdl = 7769', odl = 1848', odf = 11290', bsi = 1144', cnt = 1191', bdch = 43948', odch = 14478', lcp = 12830', #sols = 150
<DWph=0> <it= 79> <et=0.81> <Mt= 0.00> <Spt= 0.00> <nCl= 69> <al=0.22> <DB= 2493.5570> <Mlp= 2833.3000> <PB=2833.3> 
    RCSP exact solver info for graph G_0 : TT = 0.002019, pt = 2.8e-05, dt = 0.001407, ct = 0.000234, ndl = 1288', bdl = 7462', odl = 1844', odf = 11102', bsi = 1047', cnt = 1042', bdch = 39751', odch = 11839', lcp = 12211', #sols = 150
<DWph=0> <it= 80> <et=0.81> <Mt= 0.00> <Spt= 0.01> <nCl= 57> <al=0.12> <DB= 2746.1877> <Mlp= 2833.3000> <PB=2833.3> 
    RCSP exact solver info for graph G_0 : TT = 0.001878, pt = 2e-05, dt = 0.001354, ct = 0.000229, ndl = 1256', bdl = 7654', odl = 1835', odf = 11011', bsi = 1023', cnt = 1032', bdch = 38810', odch = 11602', lcp = 11688', #sols = 150
    RCSP exact solver info for graph G_0 : TT = 0.001589, pt = 2e-05, dt = 0.001135, ct = 0.000175, ndl = 1063', bdl = 6558', odl = 1674', odf = 9956', bsi = 989', cnt = 965', bdch = 29444', odch = 8592', lcp = 8542', #sols = 150
<DWph=0> <it= 81> <et=0.82> <Mt= 0.00> <Spt= 0.00> <nCl= 75> <al=0.00> <DB= 2827.3000> <Mlp= 2833.3000> <PB=2833.3> 
    RCSP exact solver info for graph G_0 : TT = 0.001842, pt = 2.2e-05, dt = 0.001337, ct = 0.000198, ndl = 1078', bdl = 6630', odl = 1674', odf = 9991', bsi = 987', cnt = 968', bdch = 29903', odch = 8740', lcp = 8677', #sols = 150
<DWph=0> <it= 82> <et=0.82> <Mt= 0.00> <Spt= 0.01> <nCl=  1> <al=0.11> <DB= 2831.3000> <Mlp= 2833.3000> <PB=2833.3> 
    RCSP exact solver info for graph G_0 : TT = 0.001674, pt = 4.6e-05, dt = 0.001188, ct = 0.000198, ndl = 1082', bdl = 6635', odl = 1677', odf = 10030', bsi = 989', cnt = 992', bdch = 29973', odch = 8754', lcp = 8712', #sols = 150
<DWph=0> <it= 83> <et=0.83> <Mt= 0.00> <Spt= 0.00> <nCl=  4> <al=0.11> <DB= 2830.4097> <Mlp= 2833.3000> <PB=2833.3> 
    RCSP exact solver info for graph G_0 : TT = 0.001765, pt = 3.6e-05, dt = 0.001238, ct = 0.000205, ndl = 1077', bdl = 6630', odl = 1672', odf = 9989', bsi = 988', cnt = 973', bdch = 29869', odch = 8727', lcp = 8652', #sols = 150
    RCSP exact solver info for graph G_0 : TT = 0.001624, pt = 2e-05, dt = 0.001159, ct = 0.000183, ndl = 1062', bdl = 6527', odl = 1674', odf = 9927', bsi = 985', cnt = 961', bdch = 29284', odch = 8613', lcp = 8518', #sols = 150
<DWph=0> <it= 84> <et=0.83> <Mt= 0.00> <Spt= 0.01> <nCl=  8> <al=0.00> <DB= 2833.3000> <Mlp= 2833.3000> <PB=2833.3> 
RCSP solver dynamic params and stats :  bidir.bord. = 430.5 aver.obdmd = 9.06452 aver.buck.num. = 11.2419
@@ 1 0 2833.3 0.00159727 0.001925 50.0165 0.83
ColGenEvalAlg final dual bound: 2833.3 (rounded: 2833.3)
New model incumbent solution 2833.3, TIME = 0h0m0s84t = 84
************************************************************************************************
Search is finished, global bounds : [ 2833.3 , 2833.3 ], TIME = 0h0m0s84t = 84
************************************************************************************************
[32mBaPCod : solution defined.[00m
statistics_cols: instance & :Optimal & cutoff & :bcRecRootDb & :bcTimeRootEval & :bcCountNodeProc & :bcRecBestDb & :bcRecBestInc & :bcTimeMain \\
statistics: instance_28-triangle & 1 & 1.0e7 & 2833.30 & 0.84 & 1 & 2833.30 & 2833.30 & 0.84 \\
########################################################
Route #1: 2 4 1 21 59 12 43 7 15 34 60 40 
Route #2: 3 22 51 14 45 58 57 50 24 54 6 20 17 
Route #3: 5 44 46 47 39 38 19 55 
Route #4: 23 18 16 42 49 33 31 9 52 29 48 13 
Route #5: 25 28 
Route #6: 32 35 53 26 37 41 
Route #7: 36 8 27 11 30 10 56 
Cost 2833.2999999999993
########################################################

end_time=2026-04-20 14:16:09
exit_code=0
