instance_file=/mnt/c/Users/porin/OneDrive/Documentos/Python-Mestrado/Modelagem Matemática/Programação Inteira - Uchoa/Problema VRPRDL/instancias_turco/VRPRDL-triangle/vrptw_convertidos/instance_13-triangle.txt
instance_name=instance_13-triangle
start_time=2026-04-20 14:12:22

  Activating project at `~/VRPSolver/VRPSolverDemos/other/VRPTW`
Application parameters:
  batch  =>  nothing
  update  =>  false
  tikz  =>  nothing
  instance  =>  "/mnt/c/Users/porin/OneDrive/Documentos/Python-Mestrado/Modelagem Matemática/Programação Inteira - Uchoa/Problema VRPRDL/instancias_turco/VRPRDL-triangle/vrptw_convertidos/instance_13-triangle.txt"
  out  =>  nothing
  nosolve  =>  false
  ub  =>  1.0e7
  sol  =>  nothing
  cfg  =>  "/home/poringman/VRPSolver/VRPSolverDemos/other/VRPTW/config/VRPTW_set_2.cfg"
  enable_cap_res  =>  false
~~~~~~~~~~~~~~~~~~~~~~~~~~~~~~~~~~~~~~~~~~~~~~~~~~~~~~~~~~~~~~~~~~~~~~~~~~~~~~~~~~~~~
GIT VERSION RCSP: 
GIT BRANCH: 
~~~~~~~~~~~~~~~~~~~~~~~~~~~~~~~~~~~~~~~~~~~~~~~~~~~~~~~~~~~~~~~~~~~~~~~~~~~~~~~~~~~~~
VRPSolver v0.6.16, 10/11/2025, © Inria Bordeaux, France, vrpsolver.math.u-bordeaux.fr
      Corresponds to the solver by Pessoa, Sadykov, Uchoa and Vanderbeck (2020)
                 Paper: dx.doi.org/10.1007/s10107-020-01523-z
~~~~~~~~~~~~~~~~~~~~~~~~~~~~~~~~~~~~~~~~~~~~~~~~~~~~~~~~~~~~~~~~~~~~~~~~~~~~~~~~~~~~~
GIT VERSION BAPCOD: a7cb21f19424236c9d0da5dcf94961797a519470
GIT BRANCH: main
~~~~~~~~~~~~~~~~~~~~~~~~~~~~~~~~~~~~~~~~~~~~~~~~~~~~~~~~~~~~~~~~~~~~~~~~~~~~~~~~~~~~~
   BaPCod v0.84, 10/11/2025, © Inria Bordeaux, France, bapcod.math.u-bordeaux.fr 
           THIS CODE IS PROVIDED AS IS, USE IT AT YOUR OWN RISK
~~~~~~~~~~~~~~~~~~~~~~~~~~~~~~~~~~~~~~~~~~~~~~~~~~~~~~~~~~~~~~~~~~~~~~~~~~~~~~~~~~~~~
--- MAIN PARAMETERS ---
GlobalTimeLimitInTick = 2147483645
GlobalTimeLimit = 21474836
ClockType = 0
MaxNbOfBBtreeNodeTreated = 100000
optimalityGapTolerance = 1e-06
relOptimalityGapTolerance = 1e-09
ApplyPreprocessing = true
PreprocessVariablesLocalBounds = false
treeSearchStrategy = 1
OpenNodesLimit = 1000
DEFAULTPRINTLEVEL = 0
--- MIP SOLVER PARAMETERS ---
solverName = CPLEX_SOLVER
MipSolverMaxBBNodes = 2000000
MipSolverMaxTime = 360000
MipSolverMultiThread = 1
--- COLUMN GENERATION PARAMETERS ---
SolverSelectForMast = a
  colGenSubProbSolMode = customSolver
mastInitMode = localArtCol
ArtVarPenaltyUpdateFactor = 2
ArtVarMaxNbOfPenaltyUpdates = 5
MaxNbOfStagesInColGenProcedure = 3
GenerateProperColumns = false
InsertAllGeneratedColumnsInFormRatherThanInPool = true
InsertNewNonNegColumnsDirectlyInFormRatherThanInPool = true
ColumnCleanupThreshold = 10000
ColumnCleanupRatio = 0.66
ReducedCostFixingThreshold = 0.9
--- CUT GENERATION PARAMETERS ---
MasterCuttingPlanesDepthLimit = 1000
MaxNbOfCutGeneratedAtEachIter = 1000
CutTailingOffThreshold = 0.015
CutTailingOffCounterThreshold = 3
CutCleanupThreshold = 1
CutCleanupRatio = 0.66
ColGenSpRelaxationImprovementPriority = 2
--- STABILIZATION PARAMETERS ---
colGenDualPriceSmoothingAlphaFactor = 1
colGenDualPriceSmoothingBetaFactor = 0
colGenStabilizationFunctionType = none
colGenProximalStabilizationRule = undefined
StabilFuncKappa = 1
colGenStabilizationMaxTreeDepth = 10000
StabilizationMinPhaseOfStage = 0
--- PRIMAL HEURISTIC PARAMETERS ---
UseInitialPrimalHeur = false
MaxTimeForRestrictedMasterIpHeur = -1
CallFrequencyOfRestrictedMasterIpHeur = 5
MIPemphasisInRestrictedMasterIpHeur = 1
PolishingAfterTimeInRestrictedMasterIpHeur = -1
DivingHeurUseDepthLimit = -1
CallFrequencyOfDivingHeur = 1
LeastFractional
Closest2RoundUp
LeastGreedyCost
LeastCost
FixIntValBeforeRoundingHeur = true
MaxNbOfCgIteDuringRh = 5000
MaxLDSbreadth = 0
MaxLDSdepth = 0
DivingHeurStopsWithFirstFeasSol = false
DivingHeurPreprocessBeforeChoosingVar = false
StrongDivingCandidatesNumber = 1
EvalAlgParamsInDiving = max#cand. = 1 max#cg.iters = 10000 min.lvl.sp.restr. = 1 min#cut.rounds = 0 max#cut.rounds = 0 red.cost.fix&enum. = false tree.size.ratio = 1
LocalSearchHeurUseDepthLimit = -1
LeastFractional
Closest2RoundUp
LeastGreedyCost
LeastCost
MaxFactorOfColFixedByLocalSearchHeur = 0.8
MaxLocalSearchIterationCounter = 3
--- STRONG BRANCHING PARAMETERS ---
SimplifiedStrongBranchingParameterisation = true
StrongBranchingPhaseOneCandidatesNumber = 50
StrongBranchingPhaseOneTreeSizeEstimRatio = 100
StrongBranchingPhaseTwoCandidatesNumber = 3
StrongBranchingPhaseTwoTreeSizeEstimRatio = 100
SafeDualBoundScaleFactor = -1
StrongBranchingPhaseOne = max#cand. = 50 max#cg.iters = 0 min.lvl.sp.restr. = 0 min#cut.rounds = 0 max#cut.rounds = 0 red.cost.fix&enum. = false tree.size.ratio = 100
StrongBranchingPhaseTwo = max#cand. = 3 max#cg.iters = 10000 min.lvl.sp.restr. = 1 min#cut.rounds = 0 max#cut.rounds = 0 red.cost.fix&enum. = false tree.size.ratio = 100
StrongBranchingPhaseThree = max#cand. = 1 max#cg.iters = 10000 min.lvl.sp.restr. = 0 min#cut.rounds = 0 max#cut.rounds = 10000 red.cost.fix&enum. = true tree.size.ratio = 1
StrongBranchingPhaseFour =not active
--- DEBUG OUTPUT PARAMETERS ---
printMasterPrimalSols = 0
--- VRPSOLVER PARAMETERS ---
RCSPstopCutGenTimeThresholdInPricing = 30
RCSPhardTimeThresholdInPricing = 20
RCSPredCostFixingTimeThreshold = 100
RCSPnumberOfBucketsPerVertex = 25
RCSPdynamicBucketSteps = 1
RCSPuseBidirectionalSearch = 1
RCSPapplyReducedCostFixing = 1
RCSPmaxNumOfColsPerIteration = 30
RCSPmaxNumOfColsPerExactIteration = 150
RCSPmaxNumOfLabelsInEnumeration = 1000000
RCSPmaxNumOfLabelsInHeurEnumeration = 0
RCSPmaxNumOfEnumeratedSolutions = 5000000
RCSPmaxNumOfEnumSolutionsForMIP = 10000
RCSPmaxNumOfEnumSolsForEndOfNodeMIP = 10000
RCSPinitNGneighbourhoodSize = 8
RCSPmaxNGneighbourhoodSize = 16
RCSPrankOneCutsMaxNumRows = 5
RCSPrankOneCutsMaxNumPerRound = 100
RCSPrankOneCutsMemoryType = 1
RCSPrankOneCutsLSnumIterations = 1000
RCSPallowRoutesWithSameVerticesSet = true
RCSPredCostFixingFalseGap = 0
SafeDualBoundScaleFactor = -1
RCSPmaxNumOfLabelsInHeurEnumeration = 0
MaxNumEnumSolsInRestrictedMasterIpHeur = 5000

prName & bcTimeMain \\ 
New model incumbent solution 1e+07, TIME = 0h0m0s35t = 35
RCSP solver info : size of non-robust cut bitmask in a label is 640 bits
Bucket steps were recalculated for graph G_0 : [28.8]
RCSP solver info : non-symmetric case as associated vars of the reverse arc of 0->30 are not the same
Bidirectional border value is initialised to 418.4
RCSP solver info : number of forw. reachable buckets / buck. strongly connected components is 367( 91.9799% ) / 244( 66.485% )
RCSP solver info : number of back. reachable buckets / buck. strongly connected components is 359( 89.9749% ) / 239( 66.5738% )
RCSP solver info: std. label size is 56, ext. label size is 136
Generating neighbourhoods for rank-1 cuts separation
Building structures for 4- and 5-row rank-1 packing cut separation...done!
Model is built TIME = 0h0m0s35t = 35
************************************************************************************************
**** BaB tree root node
**** Local DB = -1e+12, global bounds : [ -1e+12 , 1e+07 ], TIME = 0h0m0s35t = 35
**** 1 open nodes, 0 columns (0 active), 0 dyn. constrs. (0 active), 62 art. vars. (62 active)
************************************************************************************************
#<DWph=2> <it=  1> <et=0.35> <Mt= 0.00> <Spt= 0.00> <nCl= 30> <al=0.00> <DB=-8639978760.0000> <Mlp=372000000.0000> <PB=10000000> 
#<DWph=2> <it=  2> <et=0.36> <Mt= 0.00> <Spt= 0.00> <nCl= 30> <al=0.55> <DB=-4949997636.3450> <Mlp=252000719.9000> <PB=10000000> 
#<DWph=2> <it=  3> <et=0.36> <Mt= 0.00> <Spt= 0.00> <nCl= 30> <al=0.45> <DB=-3768890227.7952> <Mlp=156000701.5000> <PB=10000000> 
#<DWph=2> <it=  4> <et=0.36> <Mt= 0.00> <Spt= 0.00> <nCl= 30> <al=0.51> <DB=-2903661532.1598> <Mlp=131676738.2919> <PB=10000000> 
#<DWph=2> <it=  5> <et=0.36> <Mt= 0.00> <Spt= 0.00> <nCl= 30> <al=0.41> <DB=-2921950703.9961> <Mlp=102001050.8200> <PB=10000000> 
#<DWph=2> <it=  6> <et=0.36> <Mt= 0.00> <Spt= 0.00> <nCl= 30> <al=0.46> <DB=-2344439790.0489> <Mlp=81614991.6707> <PB=10000000> 
#<DWph=2> <it=  7> <et=0.36> <Mt= 0.00> <Spt= 0.00> <nCl= 30> <al=0.52> <DB=-1724045989.7658> <Mlp=72031145.9318> <PB=10000000> 
#<DWph=2> <it=  8> <et=0.36> <Mt= 0.00> <Spt= 0.00> <nCl= 30> <al=0.57> <DB=-1214131545.6733> <Mlp=50197707.0114> <PB=10000000> 
#<DWph=2> <it=  9> <et=0.36> <Mt= 0.00> <Spt= 0.00> <nCl= 30> <al=0.47> <DB=-1261004814.5426> <Mlp=26954343.4397> <PB=10000000> 
#<DWph=2> <it= 10> <et=0.36> <Mt= 0.00> <Spt= 0.00> <nCl= 30> <al=0.52> <DB=-1046403215.5890> <Mlp=18238249.5646> <PB=10000000> 
#<DWph=2> <it= 11> <et=0.37> <Mt= 0.00> <Spt= 0.00> <nCl= 30> <al=0.57> <DB=-898703867.3553> <Mlp=6428875.4324> <PB=10000000> 
#<DWph=2> <it= 12> <et=0.37> <Mt= 0.00> <Spt= 0.01> <nCl= 30> <al=0.61> <DB=-612999870.5624> <Mlp=4310101.7204> <PB=10000000> 
<DWph=2> <it= 13> <et=0.37> <Mt= 0.00> <Spt= 0.00> <nCl= 30> <al=0.00> <DB=-21240.7465> <Mlp= 2349.5973> <PB=10000000> 
<DWph=2> <it= 14> <et=0.37> <Mt= 0.00> <Spt= 0.00> <nCl= 30> <al=0.41> <DB=-9016.0857> <Mlp= 2213.0126> <PB=10000000> 
<DWph=2> <it= 15> <et=0.38> <Mt= 0.00> <Spt= 0.00> <nCl= 30> <al=0.47> <DB=-6930.9316> <Mlp= 2043.8512> <PB=10000000> 
<DWph=2> <it= 16> <et=0.38> <Mt= 0.00> <Spt= 0.00> <nCl= 30> <al=0.37> <DB=-6306.9385> <Mlp= 1998.1511> <PB=10000000> 
<DWph=2> <it= 17> <et=0.38> <Mt= 0.00> <Spt= 0.00> <nCl= 30> <al=0.43> <DB=-6328.8746> <Mlp= 1973.6000> <PB=10000000> 
<DWph=2> <it= 18> <et=0.38> <Mt= 0.00> <Spt= 0.00> <nCl= 30> <al=0.33> <DB=-1979.3671> <Mlp= 1940.2229> <PB=10000000> 
<DWph=2> <it= 19> <et=0.38> <Mt= 0.00> <Spt= 0.00> <nCl= 30> <al=0.40> <DB= -928.5883> <Mlp= 1927.7841> <PB=10000000> 
<DWph=2> <it= 20> <et=0.38> <Mt= 0.00> <Spt= 0.00> <nCl= 30> <al=0.46> <DB=-2201.2702> <Mlp= 1881.6173> <PB=10000000> 
<DWph=2> <it= 21> <et=0.38> <Mt= 0.01> <Spt= 0.00> <nCl= 30> <al=0.51> <DB=-1937.3535> <Mlp= 1825.5650> <PB=10000000> 
<DWph=2> <it= 22> <et=0.39> <Mt= 0.00> <Spt= 0.01> <nCl= 30> <al=0.56> <DB=-2686.0510> <Mlp= 1776.5806> <PB=10000000> 
<DWph=2> <it= 23> <et=0.39> <Mt= 0.00> <Spt= 0.00> <nCl= 13> <al=0.61> <DB= -145.1068> <Mlp= 1761.3333> <PB=10000000> 
<DWph=2> <it= 24> <et=0.39> <Mt= 0.00> <Spt= 0.00> <nCl= 23> <al=0.65> <DB=-1227.0211> <Mlp= 1741.0794> <PB=10000000> 
<DWph=2> <it= 25> <et=0.40> <Mt= 0.00> <Spt= 0.00> <nCl= 23> <al=0.55> <DB= -534.8911> <Mlp= 1726.9613> <PB=10000000> 
<DWph=2> <it= 26> <et=0.40> <Mt= 0.00> <Spt= 0.00> <nCl= 27> <al=0.45> <DB= -503.8406> <Mlp= 1702.9000> <PB=10000000> 
<DWph=2> <it= 27> <et=0.40> <Mt= 0.00> <Spt= 0.00> <nCl= 22> <al=0.50> <DB= -313.8675> <Mlp= 1700.8941> <PB=10000000> 
<DWph=2> <it= 28> <et=0.40> <Mt= 0.00> <Spt= 0.00> <nCl= 15> <al=0.55> <DB= -190.1697> <Mlp= 1698.6250> <PB=10000000> 
<DWph=2> <it= 29> <et=0.40> <Mt= 0.00> <Spt= 0.00> <nCl= 21> <al=0.45> <DB= -137.3914> <Mlp= 1689.9000> <PB=10000000> 
<DWph=2> <it= 30> <et=0.40> <Mt= 0.00> <Spt= 0.00> <nCl= 28> <al=0.35> <DB=  435.7360> <Mlp= 1679.1198> <PB=10000000> 
<DWph=2> <it= 31> <et=0.40> <Mt= 0.00> <Spt= 0.00> <nCl= 25> <al=0.42> <DB=  606.5884> <Mlp= 1670.2967> <PB=10000000> 
<DWph=2> <it= 32> <et=0.40> <Mt= 0.01> <Spt= 0.00> <nCl= 28> <al=0.47> <DB= 1210.2846> <Mlp= 1659.6429> <PB=10000000> 
<DWph=2> <it= 33> <et=0.41> <Mt= 0.00> <Spt= 0.01> <nCl= 21> <al=0.53> <DB= 1149.5983> <Mlp= 1659.6429> <PB=10000000> 
<DWph=2> <it= 34> <et=0.41> <Mt= 0.00> <Spt= 0.00> <nCl= 13> <al=0.43> <DB= 1294.0982> <Mlp= 1659.2667> <PB=10000000> 
<DWph=2> <it= 35> <et=0.41> <Mt= 0.00> <Spt= 0.00> <nCl= 18> <al=0.33> <DB= 1375.0908> <Mlp= 1657.3667> <PB=10000000> 
<DWph=2> <it= 36> <et=0.41> <Mt= 0.00> <Spt= 0.00> <nCl=  7> <al=0.23> <DB= 1520.6322> <Mlp= 1656.6385> <PB=10000000> 
<DWph=2> <it= 37> <et=0.41> <Mt= 0.00> <Spt= 0.00> <nCl= 13> <al=0.00> <DB= 1656.2900> <Mlp= 1656.2900> <PB=10000000> 
<DWph=1> <it= 38> <et=0.41> <Mt= 0.00> <Spt= 0.00> <nCl= 20> <al=0.20> <DB= 1570.7900> <Mlp= 1656.2900> <PB=10000000> 
<DWph=1> <it= 39> <et=0.41> <Mt= 0.00> <Spt= 0.00> <nCl= 17> <al=0.10> <DB= 1570.8722> <Mlp= 1656.0800> <PB=10000000> 
<DWph=1> <it= 40> <et=0.41> <Mt= 0.00> <Spt= 0.00> <nCl=  9> <al=0.00> <DB= 1653.7400> <Mlp= 1655.2400> <PB=10000000> 
<DWph=1> <it= 41> <et=0.42> <Mt= 0.00> <Spt= 0.00> <nCl=  5> <al=0.09> <DB= 1652.3805> <Mlp= 1655.2400> <PB=10000000> 
<DWph=1> <it= 42> <et=0.42> <Mt= 0.00> <Spt= 0.00> <nCl=  3> <al=0.00> <DB= 1655.2400> <Mlp= 1655.2400> <PB=10000000> 
    RCSP exact solver info for graph G_0 : TT = 0.000857, pt = 8e-06, dt = 0.000623, ct = 6e-05, ndl = 277', bdl = 1289', odl = 819', odf = 4619', bsi = 560', cnt = 404', bdch = 6179', odch = 2653', lcp = 1540', #sols = 150
<DWph=0> <it= 43> <et=0.42> <Mt= 0.00> <Spt= 0.01> <nCl=102> <al=0.08> <DB=  827.2400> <Mlp= 1655.2400> <PB=10000000> 
    RCSP exact solver info for graph G_0 : TT = 0.000698, pt = 1.5e-05, dt = 0.000444, ct = 6.3e-05, ndl = 314', bdl = 1455', odl = 827', odf = 4882', bsi = 588', cnt = 463', bdch = 7353', odch = 3149', lcp = 2248', #sols = 150
<DWph=0> <it= 44> <et=0.42> <Mt= 0.00> <Spt= 0.00> <nCl= 59> <al=0.18> <DB= 1090.9747> <Mlp= 1655.2400> <PB=10000000> 
    RCSP exact solver info for graph G_0 : TT = 0.000632, pt = 1.5e-05, dt = 0.00039, ct = 6.5e-05, ndl = 362', bdl = 1592', odl = 940', odf = 5680', bsi = 624', cnt = 585', bdch = 10164', odch = 4035', lcp = 2873', #sols = 150
<DWph=0> <it= 45> <et=0.43> <Mt= 0.00> <Spt= 0.00> <nCl=100> <al=0.26> <DB= 1352.1733> <Mlp= 1649.4250> <PB=10000000> 
    RCSP exact solver info for graph G_0 : TT = 0.000576, pt = 3.1e-05, dt = 0.00031, ct = 7.8e-05, ndl = 263', bdl = 1134', odl = 637', odf = 3714', bsi = 610', cnt = 588', bdch = 4287', odch = 1771', lcp = 877', #sols = 150
<DWph=0> <it= 46> <et=0.43> <Mt= 0.00> <Spt= 0.00> <nCl= 21> <al=0.16> <DB= 1598.6950> <Mlp= 1645.0500> <PB=10000000> 
    RCSP exact solver info for graph G_0 : TT = 0.000657, pt = 1.6e-05, dt = 0.000316, ct = 0.00017, ndl = 263', bdl = 967', odl = 629', odf = 3792', bsi = 586', cnt = 576', bdch = 3859', odch = 1638', lcp = 703', #sols = 150
<DWph=0> <it= 47> <et=0.43> <Mt= 0.00> <Spt= 0.00> <nCl= 42> <al=0.06> <DB= 1623.4818> <Mlp= 1645.0500> <PB=10000000> 
    RCSP exact solver info for graph G_0 : TT = 0.000597, pt = 1.7e-05, dt = 0.000358, ct = 6.6e-05, ndl = 212', bdl = 926', odl = 518', odf = 3130', bsi = 508', cnt = 488', bdch = 2693', odch = 1119', lcp = 406', #sols = 150
<DWph=0> <it= 48> <et=0.43> <Mt= 0.00> <Spt= 0.01> <nCl= 59> <al=0.00> <DB= 1645.0500> <Mlp= 1645.0500> <PB=10000000> 
RCSP solver dynamic params and stats :  bidir.bord. = 486.6 aver.obdmd = 10.25 aver.buck.num. = 12.4688
@@ 1 0 1645.05 0.0004905 0.000683 57.547 0.43
RCSP      solver labels distribution in 104 buckets (bucket size) : largest - 8, top 0.1% - 8, top 0.5% - 8, top 2% - 6, top 10% - 5, top 50% - 1
Reduced cost fixing for graph G_0...  TT = 0.000724, pt = 4.2e-05, dt = 0.000639, ct = 0, ndl = 531', bdl = 4321', odl = 1079', odf = 6459', lpcb = 927', cnt = 5709', bdch = 14582', odch = 3303', lcp = 2247'
5464 buck. arcs remain (88.3% from prev., 53.4% from max.) + 190 jump buck. arcs (1.86% from max.)
Backward reduced cost fixing... 4880 buck. arcs remain (89.6% from prev., 48.8% from max.) + 377 jump buck. arcs (3.77% from max.)
 TT = 0.003723, pt = 4.2e-05, dt = 0.000639, ct = 0.002941, ndl = 531', bdl = 4321', odl = 1079', odf = 6459', lpcb = 927', cnt = 10748', bdch = 14582', odch = 3303', lcp = 2247'
RCSP      solver labels distribution in 227 buckets (bucket size) : largest - 21, top 0.1% - 21, top 0.5% - 18, top 2% - 9, top 10% - 5, top 50% - 2
Run forward enumeration with border = 486.6... succeeded! lpt = 3.6342, ndl = 335957', dl = 2131188', lpcb = 128707', dch = 121267734'
Run backward enumeration... succeeded! lpt = 0.094516, ndl = 24304', dl = 19680', lpcb = 0', dch = 73131'
Run enumeration concatenation with time limit 0.3 sec.... time limit reached, not succeeded.
 TT = 5.1468, pt = 0.022745, dt = 3.72872, ct = 0.396895, ndl = 360261', bdl = 2150868', lpcb = 128707', cnt = 9327497', bdch = 121340865', odch = 0', lcp = 0'
ColGenEvalAlg final dual bound: 1645.05 (rounded: 1645.05)
Shrinking heuristic shrunk 19 edges
avgVertexMem: 8.06667 , colsForbidden = 1, phase-I = 0, phase-II = 1, colNonElem = 1, colElem = 8, TT =  0.000484
----- Relaxation was improved for 1 subproblems -----
Removed 12 columns not satisfying improved subproblem relaxation
1394 columns (1382 active), 0 dyn. constrs. (0 active), 62 art. vars. (62 active)
<DWph=2> <it=  1> <et=6.16> <Mt= 0.00> <Spt= 0.00> <nCl=  0> <al=0.00> <DB= 1645.0500> <Mlp= 1645.0500> <PB=10000000> 
<DWph=1> <it=  2> <et=6.16> <Mt= 0.00> <Spt= 0.00> <nCl=  0> <al=0.00> <DB= 1645.0500> <Mlp= 1645.0500> <PB=10000000> 
<DWph=0> <it=  3> <et=6.16> <Mt= 0.00> <Spt= 0.00> <nCl=  0> <al=0.30> <DB= 1645.0500> <Mlp= 1645.0500> <PB=10000000> 
@@ 1 1 1645.05 0 0 53.9614 6.16
ColGenEvalAlg final dual bound: 1645.05 (rounded: 1645.05)
False gap improvement since the last cut separation : -1.38217e-15 (1645.05)
Cut generation tailing off counter increased to 1
Shrinking heuristic shrunk 20 edges
ng-neighbourhood is not increased: max avg neigh size is reached 
80 Rank-1 3-rows pack. cuts added ,  max viol. = 0.5, aver. viol. = 0.5
Building structures for heuristic rank-1 packing cut separation...done!
100 Rank-1 4-rows pack. cuts added ,  max viol. = 0.5, aver. viol. = 0.5
----- Add fac. cuts : R1C(180), max.viol = 0.5, aver.viol = 0.5, sep/add took 0.00740606/0.0481125 sec. -----
1394 columns (1382 active), 180 dyn. constrs. (180 active), 242 art. vars. (242 active)
<DWph=2> <it=  1> <et=6.22> <Mt= 0.00> <Spt= 0.00> <nCl= 28> <al=0.00> <DB=  822.9500> <Mlp= 1671.9500> <PB=10000000> 
<DWph=2> <it=  2> <et=6.22> <Mt= 0.00> <Spt= 0.00> <nCl=  4> <al=0.40> <DB= 1666.5700> <Mlp= 1671.9500> <PB=10000000> 
<DWph=2> <it=  3> <et=6.22> <Mt= 0.01> <Spt= 0.00> <nCl= 14> <al=0.00> <DB= 1659.9500> <Mlp= 1671.9500> <PB=10000000> 
<DWph=2> <it=  4> <et=6.23> <Mt= 0.00> <Spt= 0.01> <nCl=  0> <al=0.00> <DB= 1671.9500> <Mlp= 1671.9500> <PB=10000000> 
<DWph=1> <it=  5> <et=6.23> <Mt= 0.00> <Spt= 0.00> <nCl= 16> <al=0.10> <DB=  921.4500> <Mlp= 1671.9500> <PB=10000000> 
<DWph=1> <it=  6> <et=6.23> <Mt= 0.00> <Spt= 0.00> <nCl= 14> <al=0.00> <DB= 1516.7395> <Mlp= 1671.9500> <PB=10000000> 
<DWph=1> <it=  7> <et=6.23> <Mt= 0.00> <Spt= 0.00> <nCl=  6> <al=0.10> <DB= 1577.3553> <Mlp= 1671.9500> <PB=10000000> 
<DWph=1> <it=  8> <et=6.23> <Mt= 0.00> <Spt= 0.00> <nCl= 11> <al=0.00> <DB= 1370.4500> <Mlp= 1671.9500> <PB=10000000> 
<DWph=1> <it=  9> <et=6.24> <Mt= 0.00> <Spt= 0.00> <nCl=  6> <al=0.00> <DB= 1671.8000> <Mlp= 1671.8000> <PB=10000000> 
    RCSP exact solver info for graph G_0 : TT = 0.000777, pt = 5.1e-05, dt = 0.000456, ct = 9.7e-05, ndl = 427', bdl = 1531', odl = 771', odf = 4557', bsi = 773', cnt = 1014', bdch = 8288', odch = 3024', lcp = 1984', #sols = 150
<DWph=0> <it= 10> <et=6.24> <Mt= 0.00> <Spt= 0.01> <nCl= 88> <al=0.00> <DB=  890.3000> <Mlp= 1671.8000> <PB=10000000> 
    RCSP exact solver info for graph G_0 : TT = 0.000685, pt = 6.3e-05, dt = 0.000338, ct = 8.5e-05, ndl = 366', bdl = 1263', odl = 648', odf = 3880', bsi = 664', cnt = 909', bdch = 5527', odch = 2198', lcp = 1215', #sols = 150
<DWph=0> <it= 11> <et=6.25> <Mt= 0.00> <Spt= 0.01> <nCl= 95> <al=0.00> <DB= 1048.5500> <Mlp= 1663.5500> <PB=10000000> 
    RCSP exact solver info for graph G_0 : TT = 0.000653, pt = 5.7e-05, dt = 0.000342, ct = 7.8e-05, ndl = 310', bdl = 1193', odl = 575', odf = 3588', bsi = 623', cnt = 730', bdch = 4487', odch = 1551', lcp = 878', #sols = 150
<DWph=0> <it= 12> <et=6.26> <Mt= 0.00> <Spt= 0.00> <nCl= 21> <al=0.00> <DB= 1618.5500> <Mlp= 1663.5500> <PB=10000000> 
    RCSP exact solver info for graph G_0 : TT = 0.000712, pt = 6.1e-05, dt = 0.00036, ct = 0.000105, ndl = 303', bdl = 1139', odl = 564', odf = 3550', bsi = 624', cnt = 742', bdch = 4304', odch = 1499', lcp = 829', #sols = 150
<DWph=0> <it= 13> <et=6.26> <Mt= 0.00> <Spt= 0.00> <nCl=  4> <al=0.00> <DB= 1662.8000> <Mlp= 1662.8000> <PB=10000000> 
RCSP solver dynamic params and stats :  bidir.bord. = 519.9 aver.obdmd = 10.25 aver.buck.num. = 12.4688 nbR1C = 5 with avMem = 15.2
@@ 1 2 1662.8 0.00046525 0.000553 53.9614 6.26
    Full reduced cost fixing is not called (gap ratio is 0.999998)
ColGenEvalAlg final dual bound: 1662.8 (rounded: 1662.8)
False gap improvement since the last cut separation : 0.107899 (1645.05)
Current active cuts : R1C(5,89.5) 3rowPackR1C(4) 4rowPackR1C(1)
Shrinking heuristic shrunk 22 edges
30 Rank-1 3-rows pack. cuts added ,  max viol. = 0.5, aver. viol. = 0.5
Building structures for heuristic rank-1 packing cut separation...done!
47 Rank-1 4-rows pack. cuts added ,  max viol. = 0.5, aver. viol. = 0.5
100 Rank-1 5-rows pack. cuts added ,  max viol. = 0.5, aver. viol. = 0.5
----- Add fac. cuts : R1C(177), max.viol = 0.5, aver.viol = 0.5, sep/add took 0.0721492/0.0583084 sec. -----
1701 columns (1689 active), 357 dyn. constrs. (182 active), 419 art. vars. (244 active)
<DWph=2> <it=  1> <et=6.40> <Mt= 0.00> <Spt= 0.00> <nCl=  6> <al=0.50> <DB= 1668.1500> <Mlp= 1673.5000> <PB=10000000> 
<DWph=2> <it=  2> <et=6.40> <Mt= 0.01> <Spt= 0.01> <nCl=  8> <al=0.00> <DB= 1673.5000> <Mlp= 1673.5000> <PB=10000000> 
<DWph=1> <it=  3> <et=6.40> <Mt= 0.00> <Spt= 0.00> <nCl=  7> <al=0.30> <DB= 1577.5000> <Mlp= 1673.5000> <PB=10000000> 
<DWph=1> <it=  4> <et=6.40> <Mt= 0.00> <Spt= 0.00> <nCl=  8> <al=0.00> <DB= 1673.5000> <Mlp= 1673.5000> <PB=10000000> 
    RCSP exact solver info for graph G_0 : TT = 0.00079, pt = 0.0001, dt = 0.000421, ct = 9.3e-05, ndl = 380', bdl = 1147', odl = 663', odf = 3948', bsi = 699', cnt = 872', bdch = 5855', odch = 1929', lcp = 1384', #sols = 150
<DWph=0> <it=  5> <et=6.41> <Mt= 0.00> <Spt= 0.00> <nCl= 59> <al=0.27> <DB= 1577.5000> <Mlp= 1673.5000> <PB=10000000> 
    RCSP exact solver info for graph G_0 : TT = 0.000842, pt = 8.8e-05, dt = 0.000451, ct = 0.000102, ndl = 385', bdl = 1355', odl = 674', odf = 4293', bsi = 734', cnt = 756', bdch = 5910', odch = 1888', lcp = 1103', #sols = 150
<DWph=0> <it=  6> <et=6.41> <Mt= 0.00> <Spt= 0.01> <nCl= 27> <al=0.27> <DB= 1638.0707> <Mlp= 1672.9667> <PB=10000000> 
    RCSP exact solver info for graph G_0 : TT = 0.000785, pt = 8.7e-05, dt = 0.000411, ct = 0.0001, ndl = 430', bdl = 1447', odl = 690', odf = 4372', bsi = 768', cnt = 890', bdch = 6793', odch = 2175', lcp = 1347', #sols = 150
<DWph=0> <it=  7> <et=6.42> <Mt= 0.00> <Spt= 0.00> <nCl=  9> <al=0.34> <DB= 1607.4299> <Mlp= 1672.4333> <PB=10000000> 
    RCSP exact solver info for graph G_0 : TT = 0.001117, pt = 0.000115, dt = 0.000481, ct = 0.000105, ndl = 377', bdl = 1343', odl = 669', odf = 4294', bsi = 724', cnt = 732', bdch = 5790', odch = 1852', lcp = 1073', #sols = 150
    RCSP exact solver info for graph G_0 : TT = 0.000706, pt = 7e-05, dt = 0.00039, ct = 8e-05, ndl = 311', bdl = 1293', odl = 578', odf = 3600', bsi = 629', cnt = 632', bdch = 4546', odch = 1365', lcp = 714', #sols = 150
<DWph=0> <it=  8> <et=6.43> <Mt= 0.00> <Spt= 0.01> <nCl= 27> <al=0.00> <DB= 1672.4333> <Mlp= 1672.4333> <PB=10000000> 
RCSP solver dynamic params and stats :  bidir.bord. = 529.9 aver.obdmd = 10.25 aver.buck.num. = 12.4688 nbR1C = 7 with avMem = 16.2857
@@ 1 3 1672.43 0.0005268 0.000586 53.9614 6.43
    Full reduced cost fixing is not called (gap ratio is 0.999997)
ColGenEvalAlg final dual bound: 1672.43 (rounded: 1672.43)
False gap improvement since the last cut separation : 0.0579344 (1662.8)
Current active cuts : R1C(7,107.4) 3rowPackR1C(5) 4rowPackR1C(1) 5rowPackR1C(1)
Shrinking heuristic shrunk 16 edges
66 Rank-1 3-rows pack. cuts added ,  max viol. = 0.333333, aver. viol. = 0.333333
Building structures for heuristic rank-1 packing cut separation...done!
100 Rank-1 4-rows pack. cuts added ,  max viol. = 0.333333, aver. viol. = 0.333333
100 Rank-1 5-rows pack. cuts added ,  max viol. = 0.333333, aver. viol. = 0.333333
----- Add fac. cuts : R1C(266), max.viol = 0.333333, aver.viol = 0.333333, sep/add took 0.0880701/0.0977504 sec. -----
1852 columns (1840 active), 448 dyn. constrs. (273 active), 685 art. vars. (335 active)
<DWph=2> <it=  1> <et=6.62> <Mt= 0.00> <Spt= 0.00> <nCl=  4> <al=0.00> <DB= 1675.8800> <Mlp= 1675.8800> <PB=10000000> 
<DWph=1> <it=  2> <et=6.62> <Mt= 0.00> <Spt= 0.00> <nCl=  1> <al=0.00> <DB= 1675.8800> <Mlp= 1675.8800> <PB=10000000> 
    RCSP exact solver info for graph G_0 : TT = 0.000789, pt = 0.000102, dt = 0.000377, ct = 0.000102, ndl = 382', bdl = 1427', odl = 623', odf = 4072', bsi = 712', cnt = 853', bdch = 5388', odch = 1688', lcp = 991', #sols = 150
<DWph=0> <it=  3> <et=6.63> <Mt= 0.00> <Spt= 0.00> <nCl= 18> <al=0.30> <DB= 1649.4800> <Mlp= 1675.8800> <PB=10000000> 
    RCSP exact solver info for graph G_0 : TT = 0.000992, pt = 0.000156, dt = 0.000483, ct = 0.000131, ndl = 415', bdl = 1485', odl = 635', odf = 4166', bsi = 779', cnt = 1056', bdch = 6256', odch = 1872', lcp = 1248', #sols = 150
<DWph=0> <it=  4> <et=6.63> <Mt= 0.00> <Spt= 0.01> <nCl= 18> <al=0.37> <DB= 1649.4800> <Mlp= 1675.8800> <PB=10000000> 
    RCSP exact solver info for graph G_0 : TT = 0.000958, pt = 0.000154, dt = 0.00048, ct = 0.00011, ndl = 414', bdl = 1471', odl = 666', odf = 4413', bsi = 777', cnt = 999', bdch = 6162', odch = 1951', lcp = 1240', #sols = 150
    RCSP exact solver info for graph G_0 : TT = 0.000893, pt = 0.000128, dt = 0.000388, ct = 0.000135, ndl = 399', bdl = 1391', odl = 651', odf = 4276', bsi = 778', cnt = 972', bdch = 5800', odch = 1802', lcp = 1161', #sols = 150
<DWph=0> <it=  5> <et=6.64> <Mt= 0.01> <Spt= 0.00> <nCl=  8> <al=0.00> <DB= 1675.8800> <Mlp= 1675.8800> <PB=10000000> 
RCSP solver dynamic params and stats :  bidir.bord. = 529.9 aver.obdmd = 10.25 aver.buck.num. = 12.4688 nbR1C = 16 with avMem = 20.625
@@ 1 4 1675.88 0.0005515 0.000614 53.9614 6.64
    Full reduced cost fixing is not called (gap ratio is 0.999997)
ColGenEvalAlg final dual bound: 1675.88 (rounded: 1675.88)
False gap improvement since the last cut separation : 0.0206087 (1672.43)
Current active cuts : R1C(16,116.82) 3rowPackR1C(9) 4rowPackR1C(3) 5rowPackR1C(4)
Shrinking heuristic shrunk 17 edges
58 Rank-1 3-rows pack. cuts added ,  max viol. = 0.4, aver. viol. = 0.255172
Building structures for heuristic rank-1 packing cut separation...done!
42 Rank-1 4-rows pack. cuts added ,  max viol. = 0.4, aver. viol. = 0.37619
100 Rank-1 5-rows pack. cuts added ,  max viol. = 0.4, aver. viol. = 0.4
----- Add fac. cuts : R1C(200), max.viol = 0.4, aver.viol = 0.353, sep/add took 0.0886532/0.0810533 sec. -----
1901 columns (1889 active), 473 dyn. constrs. (220 active), 885 art. vars. (282 active)
Shrinking heuristic shrunk 25 edges
<DWph=2> <it=  1> <et=6.82> <Mt= 0.00> <Spt= 0.01> <nCl= 14> <al=0.00> <DB= 1678.2000> <Mlp= 1678.2000> <PB=1678.2> 
<DWph=1> <it=  2> <et=6.82> <Mt= 0.00> <Spt= 0.00> <nCl=  2> <al=0.00> <DB= 1678.2000> <Mlp= 1678.2000> <PB=1678.2> 
    RCSP exact solver info for graph G_0 : TT = 0.000945, pt = 0.000137, dt = 0.000461, ct = 0.000123, ndl = 408', bdl = 1530', odl = 662', odf = 4132', bsi = 758', cnt = 1058', bdch = 6391', odch = 1916', lcp = 1282', #sols = 150
    RCSP exact solver info for graph G_0 : TT = 0.000932, pt = 0.00014, dt = 0.000467, ct = 0.000108, ndl = 408', bdl = 1530', odl = 662', odf = 4132', bsi = 758', cnt = 1058', bdch = 6391', odch = 1916', lcp = 1282', #sols = 150
<DWph=0> <it=  3> <et=6.83> <Mt= 0.00> <Spt= 0.01> <nCl= 18> <al=0.00> <DB= 1678.2000> <Mlp= 1678.2000> <PB=1678.2> 
RCSP solver dynamic params and stats :  bidir.bord. = 529.9 aver.obdmd = 10.25 aver.buck.num. = 12.4688 nbR1C = 19 with avMem = 21.0526
@@ 1 5 1678.2 0.0005795 0.000584 53.9614 6.83
ColGenEvalAlg final dual bound: 1678.2 (rounded: 1678.2)
Gap improvement since the last cut separation : 1 (1675.88)
Current active cuts : R1C(19,125.3) 3rowPackR1C(12) 4rowPackR1C(2) 5rowPackR1C(5)
New model incumbent solution 1678.2, TIME = 0h0m6s84t = 684
************************************************************************************************
Search is finished, global bounds : [ 1678.2 , 1678.2 ], TIME = 0h0m6s84t = 684
************************************************************************************************
[32mBaPCod : solution defined.[00m
statistics_cols: instance & :Optimal & cutoff & :bcRecRootDb & :bcTimeRootEval & :bcCountNodeProc & :bcRecBestDb & :bcRecBestInc & :bcTimeMain \\
statistics: instance_13-triangle & 1 & 1.0e7 & 1678.20 & 6.84 & 1 & 1678.20 & 1678.20 & 6.84 \\
########################################################
Route #1: 6 26 3 14 8 4 27 
Route #2: 11 
Route #3: 12 24 22 15 23 30 9 
Route #4: 13 16 21 10 
Route #5: 20 5 19 17 1 18 7 29 2 25 28 
Cost 1678.2000000000003
########################################################

end_time=2026-04-20 14:12:37
exit_code=0
