instance_file=/mnt/c/Users/porin/OneDrive/Documentos/Python-Mestrado/Modelagem Matemática/Programação Inteira - Uchoa/Problema VRPRDL/instancias_turco/VRPRDL-triangle/vrptw_convertidos/instance_12-triangle.txt
instance_name=instance_12-triangle
start_time=2026-04-20 14:12:13

  Activating project at `~/VRPSolver/VRPSolverDemos/other/VRPTW`
Application parameters:
  batch  =>  nothing
  update  =>  false
  tikz  =>  nothing
  instance  =>  "/mnt/c/Users/porin/OneDrive/Documentos/Python-Mestrado/Modelagem Matemática/Programação Inteira - Uchoa/Problema VRPRDL/instancias_turco/VRPRDL-triangle/vrptw_convertidos/instance_12-triangle.txt"
  out  =>  nothing
  nosolve  =>  false
  ub  =>  1.0e7
  sol  =>  nothing
  cfg  =>  "/home/poringman/VRPSolver/VRPSolverDemos/other/VRPTW/config/VRPTW_set_2.cfg"
  enable_cap_res  =>  false
~~~~~~~~~~~~~~~~~~~~~~~~~~~~~~~~~~~~~~~~~~~~~~~~~~~~~~~~~~~~~~~~~~~~~~~~~~~~~~~~~~~~~
GIT VERSION RCSP: 
GIT BRANCH: 
~~~~~~~~~~~~~~~~~~~~~~~~~~~~~~~~~~~~~~~~~~~~~~~~~~~~~~~~~~~~~~~~~~~~~~~~~~~~~~~~~~~~~
VRPSolver v0.6.16, 10/11/2025, © Inria Bordeaux, France, vrpsolver.math.u-bordeaux.fr
      Corresponds to the solver by Pessoa, Sadykov, Uchoa and Vanderbeck (2020)
                 Paper: dx.doi.org/10.1007/s10107-020-01523-z
~~~~~~~~~~~~~~~~~~~~~~~~~~~~~~~~~~~~~~~~~~~~~~~~~~~~~~~~~~~~~~~~~~~~~~~~~~~~~~~~~~~~~
GIT VERSION BAPCOD: a7cb21f19424236c9d0da5dcf94961797a519470
GIT BRANCH: main
~~~~~~~~~~~~~~~~~~~~~~~~~~~~~~~~~~~~~~~~~~~~~~~~~~~~~~~~~~~~~~~~~~~~~~~~~~~~~~~~~~~~~
   BaPCod v0.84, 10/11/2025, © Inria Bordeaux, France, bapcod.math.u-bordeaux.fr 
           THIS CODE IS PROVIDED AS IS, USE IT AT YOUR OWN RISK
~~~~~~~~~~~~~~~~~~~~~~~~~~~~~~~~~~~~~~~~~~~~~~~~~~~~~~~~~~~~~~~~~~~~~~~~~~~~~~~~~~~~~
--- MAIN PARAMETERS ---
GlobalTimeLimitInTick = 2147483645
GlobalTimeLimit = 21474836
ClockType = 0
MaxNbOfBBtreeNodeTreated = 100000
optimalityGapTolerance = 1e-06
relOptimalityGapTolerance = 1e-09
ApplyPreprocessing = true
PreprocessVariablesLocalBounds = false
treeSearchStrategy = 1
OpenNodesLimit = 1000
DEFAULTPRINTLEVEL = 0
--- MIP SOLVER PARAMETERS ---
solverName = CPLEX_SOLVER
MipSolverMaxBBNodes = 2000000
MipSolverMaxTime = 360000
MipSolverMultiThread = 1
--- COLUMN GENERATION PARAMETERS ---
SolverSelectForMast = a
  colGenSubProbSolMode = customSolver
mastInitMode = localArtCol
ArtVarPenaltyUpdateFactor = 2
ArtVarMaxNbOfPenaltyUpdates = 5
MaxNbOfStagesInColGenProcedure = 3
GenerateProperColumns = false
InsertAllGeneratedColumnsInFormRatherThanInPool = true
InsertNewNonNegColumnsDirectlyInFormRatherThanInPool = true
ColumnCleanupThreshold = 10000
ColumnCleanupRatio = 0.66
ReducedCostFixingThreshold = 0.9
--- CUT GENERATION PARAMETERS ---
MasterCuttingPlanesDepthLimit = 1000
MaxNbOfCutGeneratedAtEachIter = 1000
CutTailingOffThreshold = 0.015
CutTailingOffCounterThreshold = 3
CutCleanupThreshold = 1
CutCleanupRatio = 0.66
ColGenSpRelaxationImprovementPriority = 2
--- STABILIZATION PARAMETERS ---
colGenDualPriceSmoothingAlphaFactor = 1
colGenDualPriceSmoothingBetaFactor = 0
colGenStabilizationFunctionType = none
colGenProximalStabilizationRule = undefined
StabilFuncKappa = 1
colGenStabilizationMaxTreeDepth = 10000
StabilizationMinPhaseOfStage = 0
--- PRIMAL HEURISTIC PARAMETERS ---
UseInitialPrimalHeur = false
MaxTimeForRestrictedMasterIpHeur = -1
CallFrequencyOfRestrictedMasterIpHeur = 5
MIPemphasisInRestrictedMasterIpHeur = 1
PolishingAfterTimeInRestrictedMasterIpHeur = -1
DivingHeurUseDepthLimit = -1
CallFrequencyOfDivingHeur = 1
LeastFractional
Closest2RoundUp
LeastGreedyCost
LeastCost
FixIntValBeforeRoundingHeur = true
MaxNbOfCgIteDuringRh = 5000
MaxLDSbreadth = 0
MaxLDSdepth = 0
DivingHeurStopsWithFirstFeasSol = false
DivingHeurPreprocessBeforeChoosingVar = false
StrongDivingCandidatesNumber = 1
EvalAlgParamsInDiving = max#cand. = 1 max#cg.iters = 10000 min.lvl.sp.restr. = 1 min#cut.rounds = 0 max#cut.rounds = 0 red.cost.fix&enum. = false tree.size.ratio = 1
LocalSearchHeurUseDepthLimit = -1
LeastFractional
Closest2RoundUp
LeastGreedyCost
LeastCost
MaxFactorOfColFixedByLocalSearchHeur = 0.8
MaxLocalSearchIterationCounter = 3
--- STRONG BRANCHING PARAMETERS ---
SimplifiedStrongBranchingParameterisation = true
StrongBranchingPhaseOneCandidatesNumber = 50
StrongBranchingPhaseOneTreeSizeEstimRatio = 100
StrongBranchingPhaseTwoCandidatesNumber = 3
StrongBranchingPhaseTwoTreeSizeEstimRatio = 100
SafeDualBoundScaleFactor = -1
StrongBranchingPhaseOne = max#cand. = 50 max#cg.iters = 0 min.lvl.sp.restr. = 0 min#cut.rounds = 0 max#cut.rounds = 0 red.cost.fix&enum. = false tree.size.ratio = 100
StrongBranchingPhaseTwo = max#cand. = 3 max#cg.iters = 10000 min.lvl.sp.restr. = 1 min#cut.rounds = 0 max#cut.rounds = 0 red.cost.fix&enum. = false tree.size.ratio = 100
StrongBranchingPhaseThree = max#cand. = 1 max#cg.iters = 10000 min.lvl.sp.restr. = 0 min#cut.rounds = 0 max#cut.rounds = 10000 red.cost.fix&enum. = true tree.size.ratio = 1
StrongBranchingPhaseFour =not active
--- DEBUG OUTPUT PARAMETERS ---
printMasterPrimalSols = 0
--- VRPSOLVER PARAMETERS ---
RCSPstopCutGenTimeThresholdInPricing = 30
RCSPhardTimeThresholdInPricing = 20
RCSPredCostFixingTimeThreshold = 100
RCSPnumberOfBucketsPerVertex = 25
RCSPdynamicBucketSteps = 1
RCSPuseBidirectionalSearch = 1
RCSPapplyReducedCostFixing = 1
RCSPmaxNumOfColsPerIteration = 30
RCSPmaxNumOfColsPerExactIteration = 150
RCSPmaxNumOfLabelsInEnumeration = 1000000
RCSPmaxNumOfLabelsInHeurEnumeration = 0
RCSPmaxNumOfEnumeratedSolutions = 5000000
RCSPmaxNumOfEnumSolutionsForMIP = 10000
RCSPmaxNumOfEnumSolsForEndOfNodeMIP = 10000
RCSPinitNGneighbourhoodSize = 8
RCSPmaxNGneighbourhoodSize = 16
RCSPrankOneCutsMaxNumRows = 5
RCSPrankOneCutsMaxNumPerRound = 100
RCSPrankOneCutsMemoryType = 1
RCSPrankOneCutsLSnumIterations = 1000
RCSPallowRoutesWithSameVerticesSet = true
RCSPredCostFixingFalseGap = 0
SafeDualBoundScaleFactor = -1
RCSPmaxNumOfLabelsInHeurEnumeration = 0
MaxNumEnumSolsInRestrictedMasterIpHeur = 5000

prName & bcTimeMain \\ 
New model incumbent solution 1e+07, TIME = 0h0m0s36t = 36
RCSP solver info : size of non-robust cut bitmask in a label is 640 bits
Bucket steps were recalculated for graph G_0 : [28.8]
RCSP solver info : non-symmetric case as associated vars of the reverse arc of 0->30 are not the same
Bidirectional border value is initialised to 449.8
RCSP solver info : number of forw. reachable buckets / buck. strongly connected components is 285( 87.4233% ) / 173( 60.7018% )
RCSP solver info : number of back. reachable buckets / buck. strongly connected components is 278( 85.2761% ) / 239( 85.9712% )
RCSP solver info: std. label size is 56, ext. label size is 136
Generating neighbourhoods for rank-1 cuts separation
Building structures for 4- and 5-row rank-1 packing cut separation...done!
Model is built TIME = 0h0m0s37t = 37
************************************************************************************************
**** BaB tree root node
**** Local DB = -1e+12, global bounds : [ -1e+12 , 1e+07 ], TIME = 0h0m0s37t = 37
**** 1 open nodes, 0 columns (0 active), 0 dyn. constrs. (0 active), 62 art. vars. (62 active)
************************************************************************************************
#<DWph=2> <it=  1> <et=0.37> <Mt= 0.00> <Spt= 0.00> <nCl= 30> <al=0.00> <DB=-7199979618.0000> <Mlp=372000000.0000> <PB=10000000> 
#<DWph=2> <it=  2> <et=0.37> <Mt= 0.00> <Spt= 0.00> <nCl= 30> <al=0.55> <DB=-3675579830.4150> <Mlp=192000681.3000> <PB=10000000> 
#<DWph=2> <it=  3> <et=0.37> <Mt= 0.00> <Spt= 0.00> <nCl= 30> <al=0.45> <DB=-3243404480.5142> <Mlp=180000640.4000> <PB=10000000> 
#<DWph=2> <it=  4> <et=0.37> <Mt= 0.00> <Spt= 0.00> <nCl= 30> <al=0.51> <DB=-2350428069.2353> <Mlp=125715580.2571> <PB=10000000> 
#<DWph=2> <it=  5> <et=0.37> <Mt= 0.00> <Spt= 0.00> <nCl= 30> <al=0.55> <DB=-2063786472.7032> <Mlp=85847541.5692> <PB=10000000> 
#<DWph=2> <it=  6> <et=0.37> <Mt= 0.00> <Spt= 0.00> <nCl= 30> <al=0.60> <DB=-1575023490.3058> <Mlp=50401756.2600> <PB=10000000> 
#<DWph=2> <it=  7> <et=0.37> <Mt= 0.00> <Spt= 0.00> <nCl= 30> <al=0.64> <DB=-1064895055.5417> <Mlp=28294723.6301> <PB=10000000> 
#<DWph=2> <it=  8> <et=0.37> <Mt= 0.00> <Spt= 0.00> <nCl= 30> <al=0.54> <DB=-702125519.1234> <Mlp=17956597.3738> <PB=10000000> 
#<DWph=2> <it=  9> <et=0.38> <Mt= 0.00> <Spt= 0.00> <nCl= 30> <al=0.44> <DB=-462869222.3758> <Mlp=15457399.0675> <PB=10000000> 
#<DWph=2> <it= 10> <et=0.38> <Mt= 0.00> <Spt= 0.00> <nCl= 30> <al=0.50> <DB=-423506101.1239> <Mlp=10907454.0122> <PB=10000000> 
#<DWph=2> <it= 11> <et=0.38> <Mt= 0.00> <Spt= 0.00> <nCl= 30> <al=0.40> <DB=-466996413.4253> <Mlp=3764590.8159> <PB=10000000> 
<DWph=2> <it= 12> <et=0.38> <Mt= 0.00> <Spt= 0.00> <nCl= 30> <al=0.00> <DB=-11662.1335> <Mlp= 2303.6258> <PB=10000000> 
<DWph=2> <it= 13> <et=0.38> <Mt= 0.00> <Spt= 0.00> <nCl= 30> <al=0.36> <DB=-5402.0865> <Mlp= 2183.6638> <PB=10000000> 
<DWph=2> <it= 14> <et=0.38> <Mt= 0.00> <Spt= 0.01> <nCl= 30> <al=0.26> <DB=-2127.7585> <Mlp= 2004.4335> <PB=10000000> 
<DWph=2> <it= 15> <et=0.38> <Mt= 0.00> <Spt= 0.00> <nCl= 30> <al=0.33> <DB=-3033.8565> <Mlp= 1950.0690> <PB=10000000> 
<DWph=2> <it= 16> <et=0.38> <Mt= 0.00> <Spt= 0.00> <nCl= 30> <al=0.40> <DB=-2342.8807> <Mlp= 1938.7322> <PB=10000000> 
<DWph=2> <it= 17> <et=0.39> <Mt= 0.00> <Spt= 0.00> <nCl= 29> <al=0.46> <DB=  -90.9576> <Mlp= 1860.1420> <PB=10000000> 
<DWph=2> <it= 18> <et=0.39> <Mt= 0.00> <Spt= 0.00> <nCl= 30> <al=0.36> <DB=-3234.6194> <Mlp= 1836.8669> <PB=10000000> 
<DWph=2> <it= 19> <et=0.39> <Mt= 0.00> <Spt= 0.00> <nCl= 28> <al=0.42> <DB=   26.9204> <Mlp= 1824.3533> <PB=10000000> 
<DWph=2> <it= 20> <et=0.39> <Mt= 0.00> <Spt= 0.00> <nCl= 30> <al=0.48> <DB= -378.1735> <Mlp= 1802.3111> <PB=10000000> 
<DWph=2> <it= 21> <et=0.39> <Mt= 0.00> <Spt= 0.00> <nCl= 15> <al=0.53> <DB=  595.3990> <Mlp= 1791.7778> <PB=10000000> 
<DWph=2> <it= 22> <et=0.39> <Mt= 0.00> <Spt= 0.00> <nCl= 28> <al=0.58> <DB=  760.1026> <Mlp= 1780.9500> <PB=10000000> 
<DWph=2> <it= 23> <et=0.39> <Mt= 0.00> <Spt= 0.00> <nCl= 19> <al=0.62> <DB=  683.0904> <Mlp= 1759.4000> <PB=10000000> 
<DWph=2> <it= 24> <et=0.39> <Mt= 0.00> <Spt= 0.00> <nCl= 13> <al=0.52> <DB= 1056.9909> <Mlp= 1757.6500> <PB=10000000> 
<DWph=2> <it= 25> <et=0.39> <Mt= 0.00> <Spt= 0.00> <nCl= 20> <al=0.42> <DB= 1310.1940> <Mlp= 1756.3000> <PB=10000000> 
<DWph=2> <it= 26> <et=0.39> <Mt= 0.00> <Spt= 0.00> <nCl= 23> <al=0.32> <DB= 1479.9048> <Mlp= 1752.2000> <PB=10000000> 
<DWph=2> <it= 27> <et=0.39> <Mt= 0.00> <Spt= 0.00> <nCl= 20> <al=0.22> <DB= 1633.5094> <Mlp= 1748.6500> <PB=10000000> 
<DWph=2> <it= 28> <et=0.40> <Mt= 0.00> <Spt= 0.00> <nCl= 17> <al=0.12> <DB= 1687.1154> <Mlp= 1747.2500> <PB=10000000> 
<DWph=2> <it= 29> <et=0.40> <Mt= 0.00> <Spt= 0.00> <nCl= 13> <al=0.02> <DB= 1712.2328> <Mlp= 1746.2500> <PB=10000000> 
Shrinking heuristic shrunk 25 edges
avgVertexMem: 8 , colsForbidden = 0, phase-I = 0, phase-II = 0, colNonElem = 0, colElem = 5, TT =  0.000401
<DWph=2> <it= 30> <et=0.40> <Mt= 0.00> <Spt= 0.00> <nCl= 13> <al=0.12> <DB= 1689.3852> <Mlp= 1745.1000> <PB=1745.1> 
<DWph=2> <it= 31> <et=0.40> <Mt= 0.00> <Spt= 0.01> <nCl= 16> <al=0.00> <DB= 1658.1000> <Mlp= 1745.1000> <PB=1745.1> 
<DWph=2> <it= 32> <et=0.40> <Mt= 0.01> <Spt= 0.00> <nCl= 12> <al=0.00> <DB= 1739.1000> <Mlp= 1745.1000> <PB=1745.1> 
<DWph=2> <it= 33> <et=0.40> <Mt= 0.00> <Spt= 0.00> <nCl=  2> <al=0.01> <DB= 1739.1351> <Mlp= 1745.1000> <PB=1745.1> 
<DWph=2> <it= 34> <et=0.40> <Mt= 0.00> <Spt= 0.00> <nCl= 10> <al=0.00> <DB= 1739.1000> <Mlp= 1745.1000> <PB=1745.1> 
Shrinking heuristic shrunk 25 edges
ng-neighbourhood is not increased: max avg neigh size is reached 
<DWph=2> <it= 35> <et=0.40> <Mt= 0.00> <Spt= 0.00> <nCl=  0> <al=0.01> <DB= 1739.1000> <Mlp= 1744.9000> <PB=1744.9> 
<DWph=1> <it= 36> <et=0.40> <Mt= 0.00> <Spt= 0.00> <nCl= 23> <al=0.01> <DB= 1641.4012> <Mlp= 1744.9000> <PB=1744.9> 
<DWph=1> <it= 37> <et=0.40> <Mt= 0.00> <Spt= 0.00> <nCl=  7> <al=0.00> <DB= 1744.9000> <Mlp= 1744.9000> <PB=1744.9> 
    RCSP exact solver info for graph G_0 : TT = 0.000413, pt = 6e-06, dt = 0.000208, ct = 5.4e-05, ndl = 228', bdl = 644', odl = 391', odf = 2304', bsi = 490', cnt = 344', bdch = 3895', odch = 1194', lcp = 893', #sols = 150
    RCSP exact solver info for graph G_0 : TT = 0.000429, pt = 1.4e-05, dt = 0.000194, ct = 7.2e-05, ndl = 210', bdl = 600', odl = 377', odf = 2215', bsi = 592', cnt = 499', bdch = 2829', odch = 1094', lcp = 655', #sols = 150
<DWph=0> <it= 38> <et=0.41> <Mt= 0.00> <Spt= 0.00> <nCl= 97> <al=0.00> <DB= 1744.9000> <Mlp= 1744.9000> <PB=1744.9> 
RCSP solver dynamic params and stats :  bidir.bord. = 463.3 aver.obdmd = 7.71875 aver.buck.num. = 10.1875
@@ 1 0 1744.9 0.000264 0.000266 49.6347 0.41
ColGenEvalAlg final dual bound: 1744.9 (rounded: 1744.9)
New model incumbent solution 1744.9, TIME = 0h0m0s41t = 41
************************************************************************************************
Search is finished, global bounds : [ 1744.9 , 1744.9 ], TIME = 0h0m0s41t = 41
************************************************************************************************
[32mBaPCod : solution defined.[00m
statistics_cols: instance & :Optimal & cutoff & :bcRecRootDb & :bcTimeRootEval & :bcCountNodeProc & :bcRecBestDb & :bcRecBestInc & :bcTimeMain \\
statistics: instance_12-triangle & 1 & 1.0e7 & 1744.90 & 0.41 & 1 & 1744.90 & 1744.90 & 0.41 \\
########################################################
Route #1: 10 3 17 16 
Route #2: 13 26 8 19 1 14 
Route #3: 18 24 4 
Route #4: 27 23 7 22 29 11 25 15 
Route #5: 30 2 12 9 20 6 5 21 28 
Cost 1744.8999999999999
########################################################

end_time=2026-04-20 14:12:22
exit_code=0
