instance_file=/mnt/c/Users/porin/OneDrive/Documentos/Python-Mestrado/Modelagem Matemática/Programação Inteira - Uchoa/Problema VRPRDL/instancias_turco/VRPRDL-triangle/vrptw_convertidos/instance_26-triangle.txt
instance_name=instance_26-triangle
start_time=2026-04-20 14:15:35

  Activating project at `~/VRPSolver/VRPSolverDemos/other/VRPTW`
Application parameters:
  batch  =>  nothing
  update  =>  false
  tikz  =>  nothing
  instance  =>  "/mnt/c/Users/porin/OneDrive/Documentos/Python-Mestrado/Modelagem Matemática/Programação Inteira - Uchoa/Problema VRPRDL/instancias_turco/VRPRDL-triangle/vrptw_convertidos/instance_26-triangle.txt"
  out  =>  nothing
  nosolve  =>  false
  ub  =>  1.0e7
  sol  =>  nothing
  cfg  =>  "/home/poringman/VRPSolver/VRPSolverDemos/other/VRPTW/config/VRPTW_set_2.cfg"
  enable_cap_res  =>  false
~~~~~~~~~~~~~~~~~~~~~~~~~~~~~~~~~~~~~~~~~~~~~~~~~~~~~~~~~~~~~~~~~~~~~~~~~~~~~~~~~~~~~
GIT VERSION RCSP: 
GIT BRANCH: 
~~~~~~~~~~~~~~~~~~~~~~~~~~~~~~~~~~~~~~~~~~~~~~~~~~~~~~~~~~~~~~~~~~~~~~~~~~~~~~~~~~~~~
VRPSolver v0.6.16, 10/11/2025, © Inria Bordeaux, France, vrpsolver.math.u-bordeaux.fr
      Corresponds to the solver by Pessoa, Sadykov, Uchoa and Vanderbeck (2020)
                 Paper: dx.doi.org/10.1007/s10107-020-01523-z
~~~~~~~~~~~~~~~~~~~~~~~~~~~~~~~~~~~~~~~~~~~~~~~~~~~~~~~~~~~~~~~~~~~~~~~~~~~~~~~~~~~~~
GIT VERSION BAPCOD: a7cb21f19424236c9d0da5dcf94961797a519470
GIT BRANCH: main
~~~~~~~~~~~~~~~~~~~~~~~~~~~~~~~~~~~~~~~~~~~~~~~~~~~~~~~~~~~~~~~~~~~~~~~~~~~~~~~~~~~~~
   BaPCod v0.84, 10/11/2025, © Inria Bordeaux, France, bapcod.math.u-bordeaux.fr 
           THIS CODE IS PROVIDED AS IS, USE IT AT YOUR OWN RISK
~~~~~~~~~~~~~~~~~~~~~~~~~~~~~~~~~~~~~~~~~~~~~~~~~~~~~~~~~~~~~~~~~~~~~~~~~~~~~~~~~~~~~
--- MAIN PARAMETERS ---
GlobalTimeLimitInTick = 2147483645
GlobalTimeLimit = 21474836
ClockType = 0
MaxNbOfBBtreeNodeTreated = 100000
optimalityGapTolerance = 1e-06
relOptimalityGapTolerance = 1e-09
ApplyPreprocessing = true
PreprocessVariablesLocalBounds = false
treeSearchStrategy = 1
OpenNodesLimit = 1000
DEFAULTPRINTLEVEL = 0
--- MIP SOLVER PARAMETERS ---
solverName = CPLEX_SOLVER
MipSolverMaxBBNodes = 2000000
MipSolverMaxTime = 360000
MipSolverMultiThread = 1
--- COLUMN GENERATION PARAMETERS ---
SolverSelectForMast = a
  colGenSubProbSolMode = customSolver
mastInitMode = localArtCol
ArtVarPenaltyUpdateFactor = 2
ArtVarMaxNbOfPenaltyUpdates = 5
MaxNbOfStagesInColGenProcedure = 3
GenerateProperColumns = false
InsertAllGeneratedColumnsInFormRatherThanInPool = true
InsertNewNonNegColumnsDirectlyInFormRatherThanInPool = true
ColumnCleanupThreshold = 10000
ColumnCleanupRatio = 0.66
ReducedCostFixingThreshold = 0.9
--- CUT GENERATION PARAMETERS ---
MasterCuttingPlanesDepthLimit = 1000
MaxNbOfCutGeneratedAtEachIter = 1000
CutTailingOffThreshold = 0.015
CutTailingOffCounterThreshold = 3
CutCleanupThreshold = 1
CutCleanupRatio = 0.66
ColGenSpRelaxationImprovementPriority = 2
--- STABILIZATION PARAMETERS ---
colGenDualPriceSmoothingAlphaFactor = 1
colGenDualPriceSmoothingBetaFactor = 0
colGenStabilizationFunctionType = none
colGenProximalStabilizationRule = undefined
StabilFuncKappa = 1
colGenStabilizationMaxTreeDepth = 10000
StabilizationMinPhaseOfStage = 0
--- PRIMAL HEURISTIC PARAMETERS ---
UseInitialPrimalHeur = false
MaxTimeForRestrictedMasterIpHeur = -1
CallFrequencyOfRestrictedMasterIpHeur = 5
MIPemphasisInRestrictedMasterIpHeur = 1
PolishingAfterTimeInRestrictedMasterIpHeur = -1
DivingHeurUseDepthLimit = -1
CallFrequencyOfDivingHeur = 1
LeastFractional
Closest2RoundUp
LeastGreedyCost
LeastCost
FixIntValBeforeRoundingHeur = true
MaxNbOfCgIteDuringRh = 5000
MaxLDSbreadth = 0
MaxLDSdepth = 0
DivingHeurStopsWithFirstFeasSol = false
DivingHeurPreprocessBeforeChoosingVar = false
StrongDivingCandidatesNumber = 1
EvalAlgParamsInDiving = max#cand. = 1 max#cg.iters = 10000 min.lvl.sp.restr. = 1 min#cut.rounds = 0 max#cut.rounds = 0 red.cost.fix&enum. = false tree.size.ratio = 1
LocalSearchHeurUseDepthLimit = -1
LeastFractional
Closest2RoundUp
LeastGreedyCost
LeastCost
MaxFactorOfColFixedByLocalSearchHeur = 0.8
MaxLocalSearchIterationCounter = 3
--- STRONG BRANCHING PARAMETERS ---
SimplifiedStrongBranchingParameterisation = true
StrongBranchingPhaseOneCandidatesNumber = 50
StrongBranchingPhaseOneTreeSizeEstimRatio = 100
StrongBranchingPhaseTwoCandidatesNumber = 3
StrongBranchingPhaseTwoTreeSizeEstimRatio = 100
SafeDualBoundScaleFactor = -1
StrongBranchingPhaseOne = max#cand. = 50 max#cg.iters = 0 min.lvl.sp.restr. = 0 min#cut.rounds = 0 max#cut.rounds = 0 red.cost.fix&enum. = false tree.size.ratio = 100
StrongBranchingPhaseTwo = max#cand. = 3 max#cg.iters = 10000 min.lvl.sp.restr. = 1 min#cut.rounds = 0 max#cut.rounds = 0 red.cost.fix&enum. = false tree.size.ratio = 100
StrongBranchingPhaseThree = max#cand. = 1 max#cg.iters = 10000 min.lvl.sp.restr. = 0 min#cut.rounds = 0 max#cut.rounds = 10000 red.cost.fix&enum. = true tree.size.ratio = 1
StrongBranchingPhaseFour =not active
--- DEBUG OUTPUT PARAMETERS ---
printMasterPrimalSols = 0
--- VRPSOLVER PARAMETERS ---
RCSPstopCutGenTimeThresholdInPricing = 30
RCSPhardTimeThresholdInPricing = 20
RCSPredCostFixingTimeThreshold = 100
RCSPnumberOfBucketsPerVertex = 25
RCSPdynamicBucketSteps = 1
RCSPuseBidirectionalSearch = 1
RCSPapplyReducedCostFixing = 1
RCSPmaxNumOfColsPerIteration = 30
RCSPmaxNumOfColsPerExactIteration = 150
RCSPmaxNumOfLabelsInEnumeration = 1000000
RCSPmaxNumOfLabelsInHeurEnumeration = 0
RCSPmaxNumOfEnumeratedSolutions = 5000000
RCSPmaxNumOfEnumSolutionsForMIP = 10000
RCSPmaxNumOfEnumSolsForEndOfNodeMIP = 10000
RCSPinitNGneighbourhoodSize = 8
RCSPmaxNGneighbourhoodSize = 16
RCSPrankOneCutsMaxNumRows = 5
RCSPrankOneCutsMaxNumPerRound = 100
RCSPrankOneCutsMemoryType = 1
RCSPrankOneCutsLSnumIterations = 1000
RCSPallowRoutesWithSameVerticesSet = true
RCSPredCostFixingFalseGap = 0
SafeDualBoundScaleFactor = -1
RCSPmaxNumOfLabelsInHeurEnumeration = 0
MaxNumEnumSolsInRestrictedMasterIpHeur = 5000

prName & bcTimeMain \\ 
New model incumbent solution 1e+07, TIME = 0h0m0s60t = 60
RCSP solver info : size of non-robust cut bitmask in a label is 640 bits
Bucket steps were recalculated for graph G_0 : [28.8]
RCSP solver info : non-symmetric case as associated vars of the reverse arc of 0->60 are not the same
Bidirectional border value is initialised to 376.6
RCSP solver info : number of forw. reachable buckets / buck. strongly connected components is 749( 91.0085% ) / 328( 43.7917% )
RCSP solver info : number of back. reachable buckets / buck. strongly connected components is 760( 92.3451% ) / 460( 60.5263% )
RCSP solver info: std. label size is 56, ext. label size is 136
Generating neighbourhoods for rank-1 cuts separation
Building structures for 4- and 5-row rank-1 packing cut separation...done!
Model is built TIME = 0h0m0s61t = 61
************************************************************************************************
**** BaB tree root node
**** Local DB = -1e+12, global bounds : [ -1e+12 , 1e+07 ], TIME = 0h0m0s61t = 61
**** 1 open nodes, 0 columns (0 active), 0 dyn. constrs. (0 active), 122 art. vars. (122 active)
************************************************************************************************
#<DWph=2> <it=  1> <et=0.62> <Mt= 0.00> <Spt= 0.00> <nCl= 30> <al=0.00> <DB=-20879957718.0000> <Mlp=732000000.0000> <PB=10000000> 
#<DWph=2> <it=  2> <et=0.62> <Mt= 0.00> <Spt= 0.00> <nCl= 30> <al=0.55> <DB=-13456766375.3025> <Mlp=588000354.5500> <PB=10000000> 
#<DWph=2> <it=  3> <et=0.62> <Mt= 0.00> <Spt= 0.00> <nCl= 30> <al=0.45> <DB=-11085317455.4636> <Mlp=372001426.8000> <PB=10000000> 
#<DWph=2> <it=  4> <et=0.63> <Mt= 0.00> <Spt= 0.01> <nCl= 30> <al=0.51> <DB=-8524717880.5054> <Mlp=316001524.2500> <PB=10000000> 
#<DWph=2> <it=  5> <et=0.63> <Mt= 0.00> <Spt= 0.00> <nCl= 30> <al=0.55> <DB=-7796493904.2954> <Mlp=240890625.2593> <PB=10000000> 
#<DWph=2> <it=  6> <et=0.63> <Mt= 0.00> <Spt= 0.00> <nCl= 30> <al=0.60> <DB=-6312911459.1342> <Mlp=204107011.6465> <PB=10000000> 
#<DWph=2> <it=  7> <et=0.64> <Mt= 0.00> <Spt= 0.00> <nCl= 30> <al=0.64> <DB=-5744311103.8936> <Mlp=180002152.7600> <PB=10000000> 
#<DWph=2> <it=  8> <et=0.64> <Mt= 0.00> <Spt= 0.00> <nCl= 30> <al=0.68> <DB=-4766241643.3556> <Mlp=127689263.6785> <PB=10000000> 
#<DWph=2> <it=  9> <et=0.64> <Mt= 0.00> <Spt= 0.01> <nCl= 30> <al=0.71> <DB=-4126534409.2748> <Mlp=87889682.2621> <PB=10000000> 
#<DWph=2> <it= 10> <et=0.65> <Mt= 0.00> <Spt= 0.00> <nCl= 30> <al=0.74> <DB=-3918567876.4529> <Mlp=65899321.8901> <PB=10000000> 
#<DWph=2> <it= 11> <et=0.65> <Mt= 0.00> <Spt= 0.00> <nCl= 30> <al=0.76> <DB=-3370041253.2898> <Mlp=55049483.2376> <PB=10000000> 
#<DWph=2> <it= 12> <et=0.66> <Mt= 0.00> <Spt= 0.01> <nCl= 30> <al=0.66> <DB=-2861072683.6230> <Mlp=41479093.6266> <PB=10000000> 
#<DWph=2> <it= 13> <et=0.66> <Mt= 0.01> <Spt= 0.00> <nCl= 30> <al=0.70> <DB=-2315990163.6274> <Mlp=31338685.3631> <PB=10000000> 
#<DWph=2> <it= 14> <et=0.67> <Mt= 0.00> <Spt= 0.01> <nCl= 30> <al=0.73> <DB=-2031876912.6735> <Mlp=19280727.8867> <PB=10000000> 
#<DWph=2> <it= 15> <et=0.67> <Mt= 0.00> <Spt= 0.00> <nCl= 30> <al=0.75> <DB=-1667921278.1009> <Mlp=9555561.9618> <PB=10000000> 
#<DWph=2> <it= 16> <et=0.68> <Mt= 0.00> <Spt= 0.00> <nCl=  7> <al=0.78> <DB=-1298069414.4185> <Mlp=6003613.6742> <PB=10000000> 
#<DWph=2> <it= 17> <et=0.68> <Mt= 0.00> <Spt= 0.00> <nCl= 30> <al=0.68> <DB=-965819264.6009> <Mlp=2368893.3585> <PB=10000000> 
<DWph=2> <it= 18> <et=0.69> <Mt= 0.00> <Spt= 0.01> <nCl= 30> <al=0.00> <DB=-41756.3053> <Mlp= 3697.9812> <PB=10000000> 
<DWph=2> <it= 19> <et=0.70> <Mt= 0.00> <Spt= 0.01> <nCl= 30> <al=0.48> <DB=-22883.0672> <Mlp= 3615.5774> <PB=10000000> 
<DWph=2> <it= 20> <et=0.70> <Mt= 0.01> <Spt= 0.00> <nCl= 30> <al=0.53> <DB=-15876.4407> <Mlp= 3566.4884> <PB=10000000> 
<DWph=2> <it= 21> <et=0.71> <Mt= 0.00> <Spt= 0.00> <nCl= 30> <al=0.58> <DB=-13267.0951> <Mlp= 3486.4477> <PB=10000000> 
<DWph=2> <it= 22> <et=0.71> <Mt= 0.00> <Spt= 0.00> <nCl= 30> <al=0.62> <DB=-8439.2415> <Mlp= 3417.5592> <PB=10000000> 
<DWph=2> <it= 23> <et=0.71> <Mt= 0.00> <Spt= 0.01> <nCl= 30> <al=0.52> <DB=-14600.5224> <Mlp= 3340.7285> <PB=10000000> 
<DWph=2> <it= 24> <et=0.72> <Mt= 0.00> <Spt= 0.00> <nCl= 30> <al=0.57> <DB=-9119.4665> <Mlp= 3241.2372> <PB=10000000> 
<DWph=2> <it= 25> <et=0.72> <Mt= 0.00> <Spt= 0.00> <nCl= 30> <al=0.61> <DB=-6523.4156> <Mlp= 3181.2925> <PB=10000000> 
<DWph=2> <it= 26> <et=0.73> <Mt= 0.00> <Spt= 0.00> <nCl= 30> <al=0.65> <DB=-7820.9173> <Mlp= 3172.5235> <PB=10000000> 
<DWph=2> <it= 27> <et=0.73> <Mt= 0.01> <Spt= 0.01> <nCl= 30> <al=0.55> <DB=-10246.9576> <Mlp= 3127.6324> <PB=10000000> 
<DWph=2> <it= 28> <et=0.74> <Mt= 0.00> <Spt= 0.00> <nCl= 30> <al=0.60> <DB=-5829.0837> <Mlp= 3075.4690> <PB=10000000> 
<DWph=2> <it= 29> <et=0.74> <Mt= 0.00> <Spt= 0.00> <nCl= 30> <al=0.64> <DB=-4404.0156> <Mlp= 3043.4830> <PB=10000000> 
<DWph=2> <it= 30> <et=0.74> <Mt= 0.00> <Spt= 0.01> <nCl= 30> <al=0.67> <DB=-3354.2642> <Mlp= 2993.0752> <PB=10000000> 
<DWph=2> <it= 31> <et=0.75> <Mt= 0.00> <Spt= 0.00> <nCl= 30> <al=0.70> <DB=-2719.4243> <Mlp= 2946.8763> <PB=10000000> 
<DWph=2> <it= 32> <et=0.75> <Mt= 0.00> <Spt= 0.00> <nCl= 28> <al=0.73> <DB=-2214.4265> <Mlp= 2932.9010> <PB=10000000> 
<DWph=2> <it= 33> <et=0.76> <Mt= 0.00> <Spt= 0.00> <nCl= 30> <al=0.76> <DB=-1252.2798> <Mlp= 2922.7555> <PB=10000000> 
<DWph=2> <it= 34> <et=0.76> <Mt= 0.01> <Spt= 0.00> <nCl= 30> <al=0.66> <DB= -585.2419> <Mlp= 2910.6594> <PB=10000000> 
<DWph=2> <it= 35> <et=0.76> <Mt= 0.00> <Spt= 0.01> <nCl= 30> <al=0.56> <DB=  371.3803> <Mlp= 2896.9896> <PB=10000000> 
<DWph=2> <it= 36> <et=0.77> <Mt= 0.00> <Spt= 0.00> <nCl= 29> <al=0.60> <DB= -305.8671> <Mlp= 2880.3318> <PB=10000000> 
<DWph=2> <it= 37> <et=0.77> <Mt= 0.00> <Spt= 0.00> <nCl= 28> <al=0.64> <DB=  338.3572> <Mlp= 2855.2225> <PB=10000000> 
<DWph=2> <it= 38> <et=0.78> <Mt= 0.00> <Spt= 0.00> <nCl= 17> <al=0.68> <DB=  742.4714> <Mlp= 2851.9695> <PB=10000000> 
<DWph=2> <it= 39> <et=0.78> <Mt= 0.00> <Spt= 0.01> <nCl= 28> <al=0.58> <DB=  687.4074> <Mlp= 2850.0463> <PB=10000000> 
<DWph=2> <it= 40> <et=0.78> <Mt= 0.00> <Spt= 0.00> <nCl= 26> <al=0.48> <DB= 1590.4328> <Mlp= 2845.6963> <PB=10000000> 
<DWph=2> <it= 41> <et=0.79> <Mt= 0.01> <Spt= 0.00> <nCl= 30> <al=0.38> <DB=  315.0273> <Mlp= 2844.6327> <PB=10000000> 
<DWph=2> <it= 42> <et=0.79> <Mt= 0.00> <Spt= 0.00> <nCl= 29> <al=0.44> <DB= 1972.1359> <Mlp= 2841.2407> <PB=10000000> 
<DWph=2> <it= 43> <et=0.79> <Mt= 0.00> <Spt= 0.00> <nCl= 28> <al=0.34> <DB= 2115.3220> <Mlp= 2836.6850> <PB=10000000> 
<DWph=2> <it= 44> <et=0.79> <Mt= 0.00> <Spt= 0.01> <nCl= 13> <al=0.41> <DB= 2286.7834> <Mlp= 2834.5375> <PB=10000000> 
<DWph=2> <it= 45> <et=0.80> <Mt= 0.00> <Spt= 0.00> <nCl= 15> <al=0.31> <DB= 2496.6049> <Mlp= 2834.3767> <PB=10000000> 
<DWph=2> <it= 46> <et=0.80> <Mt= 0.00> <Spt= 0.00> <nCl= 17> <al=0.38> <DB= 2671.4240> <Mlp= 2834.0900> <PB=10000000> 
<DWph=2> <it= 47> <et=0.80> <Mt= 0.00> <Spt= 0.00> <nCl=  8> <al=0.00> <DB= 2743.8200> <Mlp= 2833.8200> <PB=10000000> 
<DWph=2> <it= 48> <et=0.80> <Mt= 0.00> <Spt= 0.00> <nCl=  6> <al=0.18> <DB= 1226.1598> <Mlp= 2833.8200> <PB=10000000> 
<DWph=2> <it= 49> <et=0.81> <Mt= 0.00> <Spt= 0.00> <nCl= 19> <al=0.26> <DB= 2278.0374> <Mlp= 2827.9857> <PB=10000000> 
<DWph=2> <it= 50> <et=0.81> <Mt= 0.00> <Spt= 0.01> <nCl=  8> <al=0.33> <DB= 1892.1180> <Mlp= 2827.9857> <PB=10000000> 
<DWph=2> <it= 51> <et=0.81> <Mt= 0.00> <Spt= 0.00> <nCl=  7> <al=0.00> <DB= 2419.9857> <Mlp= 2827.9857> <PB=10000000> 
<DWph=2> <it= 52> <et=0.81> <Mt= 0.00> <Spt= 0.00> <nCl=  2> <al=0.13> <DB= 2402.8784> <Mlp= 2827.9857> <PB=10000000> 
<DWph=2> <it= 53> <et=0.82> <Mt= 0.00> <Spt= 0.00> <nCl=  5> <al=0.22> <DB= 2470.8646> <Mlp= 2827.4696> <PB=10000000> 
<DWph=2> <it= 54> <et=0.82> <Mt= 0.00> <Spt= 0.01> <nCl= 11> <al=0.30> <DB= 2604.8569> <Mlp= 2825.9704> <PB=10000000> 
<DWph=2> <it= 55> <et=0.82> <Mt= 0.00> <Spt= 0.00> <nCl=  3> <al=0.20> <DB= 2648.8918> <Mlp= 2825.9704> <PB=10000000> 
<DWph=2> <it= 56> <et=0.83> <Mt= 0.00> <Spt= 0.00> <nCl= 12> <al=0.00> <DB= 2700.8556> <Mlp= 2825.7889> <PB=10000000> 
<DWph=2> <it= 57> <et=0.83> <Mt= 0.00> <Spt= 0.00> <nCl=  8> <al=0.00> <DB= 2672.2099> <Mlp= 2825.7889> <PB=10000000> 
<DWph=2> <it= 58> <et=0.83> <Mt= 0.01> <Spt= 0.01> <nCl=  2> <al=0.00> <DB= 2825.7889> <Mlp= 2825.7889> <PB=10000000> 
<DWph=1> <it= 59> <et=0.84> <Mt= 0.00> <Spt= 0.00> <nCl= 30> <al=0.00> <DB=  665.7889> <Mlp= 2825.7889> <PB=10000000> 
<DWph=1> <it= 60> <et=0.84> <Mt= 0.00> <Spt= 0.00> <nCl= 30> <al=0.00> <DB=-4469.2641> <Mlp= 2814.7359> <PB=10000000> 
<DWph=1> <it= 61> <et=0.84> <Mt= 0.00> <Spt= 0.00> <nCl= 30> <al=0.10> <DB=  218.5262> <Mlp= 2814.7359> <PB=10000000> 
<DWph=1> <it= 62> <et=0.85> <Mt= 0.00> <Spt= 0.01> <nCl= 30> <al=0.19> <DB= 1181.8712> <Mlp= 2802.8747> <PB=10000000> 
<DWph=1> <it= 63> <et=0.85> <Mt= 0.00> <Spt= 0.00> <nCl= 26> <al=0.27> <DB= 1721.4137> <Mlp= 2802.4173> <PB=10000000> 
<DWph=1> <it= 64> <et=0.86> <Mt= 0.00> <Spt= 0.00> <nCl= 28> <al=0.17> <DB= 2418.7055> <Mlp= 2801.2515> <PB=10000000> 
<DWph=1> <it= 65> <et=0.86> <Mt= 0.00> <Spt= 0.01> <nCl=  9> <al=0.25> <DB= 2629.7365> <Mlp= 2799.7467> <PB=10000000> 
<DWph=1> <it= 66> <et=0.86> <Mt= 0.00> <Spt= 0.00> <nCl= 27> <al=0.33> <DB= 2269.5381> <Mlp= 2799.0357> <PB=10000000> 
<DWph=1> <it= 67> <et=0.87> <Mt= 0.00> <Spt= 0.00> <nCl= 18> <al=0.23> <DB= 1951.7504> <Mlp= 2798.9000> <PB=10000000> 
<DWph=1> <it= 68> <et=0.87> <Mt= 0.00> <Spt= 0.00> <nCl= 27> <al=0.30> <DB= 2369.4524> <Mlp= 2798.7865> <PB=10000000> 
<DWph=1> <it= 69> <et=0.87> <Mt= 0.01> <Spt= 0.01> <nCl=  4> <al=0.37> <DB= 2644.9880> <Mlp= 2798.6741> <PB=10000000> 
<DWph=1> <it= 70> <et=0.88> <Mt= 0.00> <Spt= 0.00> <nCl=  8> <al=0.27> <DB= 2731.1944> <Mlp= 2798.6458> <PB=10000000> 
<DWph=1> <it= 71> <et=0.88> <Mt= 0.00> <Spt= 0.00> <nCl= 13> <al=0.35> <DB= 2733.9020> <Mlp= 2798.6095> <PB=10000000> 
<DWph=1> <it= 72> <et=0.88> <Mt= 0.00> <Spt= 0.00> <nCl=  7> <al=0.41> <DB= 2731.8382> <Mlp= 2798.5704> <PB=10000000> 
<DWph=1> <it= 73> <et=0.89> <Mt= 0.00> <Spt= 0.01> <nCl= 13> <al=0.31> <DB= 2737.2744> <Mlp= 2798.5321> <PB=10000000> 
<DWph=1> <it= 74> <et=0.89> <Mt= 0.00> <Spt= 0.00> <nCl= 13> <al=0.00> <DB=  307.9512> <Mlp= 2798.5093> <PB=10000000> 
<DWph=1> <it= 75> <et=0.89> <Mt= 0.00> <Spt= 0.00> <nCl=  4> <al=0.11> <DB= 2755.1202> <Mlp= 2798.0391> <PB=10000000> 
<DWph=1> <it= 76> <et=0.90> <Mt= 0.00> <Spt= 0.01> <nCl= 10> <al=0.00> <DB= 2685.8652> <Mlp= 2798.0391> <PB=10000000> 
<DWph=1> <it= 77> <et=0.91> <Mt= 0.00> <Spt= 0.00> <nCl=  4> <al=0.00> <DB= 2772.5400> <Mlp= 2797.7400> <PB=10000000> 
<DWph=1> <it= 78> <et=0.91> <Mt= 0.00> <Spt= 0.01> <nCl=  5> <al=0.00> <DB= 2797.7077> <Mlp= 2797.7077> <PB=10000000> 
    RCSP exact solver info for graph G_0 : TT = 0.002469, pt = 1.6e-05, dt = 0.001948, ct = 0.000202, ndl = 1495', bdl = 15238', odl = 3036', odf = 15884', bsi = 1150', cnt = 1222', bdch = 90018', odch = 25018', lcp = 25146', #sols = 150
<DWph=0> <it= 79> <et=0.92> <Mt= 0.00> <Spt= 0.00> <nCl=118> <al=0.00> <DB= 1675.7077> <Mlp= 2797.7077> <PB=10000000> 
    RCSP exact solver info for graph G_0 : TT = 0.002659, pt = 2.7e-05, dt = 0.002091, ct = 0.000211, ndl = 1495', bdl = 14178', odl = 3050', odf = 15611', bsi = 1100', cnt = 1093', bdch = 83378', odch = 24663', lcp = 23286', #sols = 150
<DWph=0> <it= 80> <et=0.92> <Mt= 0.00> <Spt= 0.01> <nCl=119> <al=0.00> <DB= 1673.8529> <Mlp= 2795.8529> <PB=10000000> 
    RCSP exact solver info for graph G_0 : TT = 0.002502, pt = 2.6e-05, dt = 0.001925, ct = 0.000207, ndl = 1659', bdl = 13882', odl = 3186', odf = 16495', bsi = 1154', cnt = 1041', bdch = 94776', odch = 28395', lcp = 29164', #sols = 150
<DWph=0> <it= 81> <et=0.93> <Mt= 0.00> <Spt= 0.01> <nCl=119> <al=0.01> <DB= 2318.7730> <Mlp= 2786.4615> <PB=10000000> 
    RCSP exact solver info for graph G_0 : TT = 0.002493, pt = 2.8e-05, dt = 0.001916, ct = 0.000205, ndl = 1546', bdl = 12702', odl = 2967', odf = 15272', bsi = 1029', cnt = 715', bdch = 74670', odch = 21224', lcp = 21890', #sols = 150
<DWph=0> <it= 82> <et=0.94> <Mt= 0.01> <Spt= 0.00> <nCl=138> <al=0.11> <DB= 2364.9367> <Mlp= 2783.7000> <PB=10000000> 
    RCSP exact solver info for graph G_0 : TT = 0.002798, pt = 4e-05, dt = 0.002052, ct = 0.000215, ndl = 1634', bdl = 13245', odl = 2980', odf = 15452', bsi = 1087', cnt = 682', bdch = 81674', odch = 25616', lcp = 24396', #sols = 150
<DWph=0> <it= 83> <et=0.95> <Mt= 0.00> <Spt= 0.01> <nCl= 77> <al=0.01> <DB= 2752.7896> <Mlp= 2782.9500> <PB=10000000> 
    RCSP exact solver info for graph G_0 : TT = 0.002476, pt = 3.5e-05, dt = 0.001855, ct = 0.000199, ndl = 1290', bdl = 11717', odl = 2804', odf = 14095', bsi = 1030', cnt = 758', bdch = 58262', odch = 17101', lcp = 16354', #sols = 150
<DWph=0> <it= 84> <et=0.96> <Mt= 0.00> <Spt= 0.01> <nCl=110> <al=0.00> <DB= 2728.7000> <Mlp= 2782.7000> <PB=10000000> 
    RCSP exact solver info for graph G_0 : TT = 0.002456, pt = 3e-05, dt = 0.001867, ct = 0.000232, ndl = 1607', bdl = 13394', odl = 2899', odf = 15036', bsi = 1057', cnt = 805', bdch = 75976', odch = 23902', lcp = 22020', #sols = 150
    RCSP exact solver info for graph G_0 : TT = 0.002392, pt = 3.1e-05, dt = 0.001809, ct = 0.000212, ndl = 1278', bdl = 11661', odl = 2799', odf = 14048', bsi = 1015', cnt = 754', bdch = 57622', odch = 17046', lcp = 16233', #sols = 150
<DWph=0> <it= 85> <et=0.97> <Mt= 0.00> <Spt= 0.00> <nCl= 28> <al=0.00> <DB= 2782.7000> <Mlp= 2782.7000> <PB=10000000> 
RCSP solver dynamic params and stats :  bidir.bord. = 454.3 aver.obdmd = 11.2742 aver.buck.num. = 13.2742
@@ 1 0 2782.7 0.00214325 0.002302 54.9565 0.97
RCSP      solver labels distribution in 301 buckets (bucket size) : largest - 54, top 0.1% - 54, top 0.5% - 44, top 2% - 20, top 10% - 9, top 50% - 2
Reduced cost fixing for graph G_0...  TT = 0.004888, pt = 0.000417, dt = 0.004306, ct = 0, ndl = 2604', bdl = 56122', odl = 4710', odf = 24163', lpcb = 9514', cnt = 75761', bdch = 201431', odch = 34724', lcp = 35235'
20358 buck. arcs remain (85.3% from prev., 46.9% from max.) + 879 jump buck. arcs (2.03% from max.)
Backward reduced cost fixing... 19878 buck. arcs remain (82.2% from prev., 45.1% from max.) + 2278 jump buck. arcs (5.17% from max.)
 TT = 0.021058, pt = 0.000417, dt = 0.004306, ct = 0.016037, ndl = 2604', bdl = 56122', odl = 4710', odf = 24163', lpcb = 9514', cnt = 112820', bdch = 201431', odch = 34724', lcp = 35235'
RCSP      solver labels distribution in 618 buckets (bucket size) : largest - 54, top 0.1% - 54, top 0.5% - 38, top 2% - 20, top 10% - 9, top 50% - 2
Run forward enumeration with border = 454.3... not succeeded (ratio 0.907258) lpt = 0.24768, ndl = 140001', dl = 121302', lpcb = 5632', dch = 3817833'
 TT = 0.266196, pt = 0.014148, dt = 0.24768, ct = 0, ndl = 140001', bdl = 121302', lpcb = 5632', cnt = 909697', bdch = 3817833', odch = 0', lcp = 0'
ColGenEvalAlg final dual bound: 2782.7 (rounded: 2782.7)
Shrinking heuristic shrunk 35 edges
avgVertexMem: 8 , colsForbidden = 0, phase-I = 0, phase-II = 0, colNonElem = 0, colElem = 12, TT =  0.001324
25 Rank-1 3-rows pack. cuts added ,  max viol. = 0.5, aver. viol. = 0.5
Building structures for heuristic rank-1 packing cut separation...done!
66 Rank-1 4-rows pack. cuts added ,  max viol. = 0.5, aver. viol. = 0.5
100 Rank-1 5-rows pack. cuts added ,  max viol. = 0.5, aver. viol. = 0.5
----- Add fac. cuts : R1C(191), max.viol = 0.5, aver.viol = 0.5, sep/add took 0.129431/0.0990358 sec. -----
2421 columns (2421 active), 191 dyn. constrs. (191 active), 313 art. vars. (313 active)
<DWph=2> <it=  1> <et=1.52> <Mt= 0.01> <Spt= 0.01> <nCl= 30> <al=0.50> <DB= 1226.9541> <Mlp= 2824.4514> <PB=10000000> 
<DWph=2> <it=  2> <et=1.53> <Mt= 0.00> <Spt= 0.00> <nCl=  9> <al=0.55> <DB= 2793.2330> <Mlp= 2806.1067> <PB=10000000> 
<DWph=2> <it=  3> <et=1.53> <Mt= 0.00> <Spt= 0.01> <nCl= 11> <al=0.45> <DB= 2532.6535> <Mlp= 2805.9667> <PB=10000000> 
<DWph=2> <it=  4> <et=1.54> <Mt= 0.01> <Spt= 0.00> <nCl= 13> <al=0.51> <DB= 2385.9048> <Mlp= 2804.9372> <PB=10000000> 
<DWph=2> <it=  5> <et=1.55> <Mt= 0.00> <Spt= 0.01> <nCl=  7> <al=0.11> <DB= 2776.4258> <Mlp= 2804.7000> <PB=10000000> 
<DWph=2> <it=  6> <et=1.55> <Mt= 0.00> <Spt= 0.00> <nCl=  2> <al=0.45> <DB= 2217.6329> <Mlp= 2804.7000> <PB=10000000> 
<DWph=2> <it=  7> <et=1.56> <Mt= 0.00> <Spt= 0.00> <nCl=  5> <al=0.51> <DB= 2303.0185> <Mlp= 2802.7000> <PB=10000000> 
<DWph=2> <it=  8> <et=1.58> <Mt= 0.02> <Spt= 0.01> <nCl=  7> <al=0.12> <DB=  724.6700> <Mlp= 2801.3692> <PB=10000000> 
<DWph=2> <it=  9> <et=1.59> <Mt= 0.00> <Spt= 0.01> <nCl= 26> <al=0.00> <DB= 2456.1385> <Mlp= 2801.3692> <PB=10000000> 
<DWph=2> <it= 10> <et=1.60> <Mt= 0.00> <Spt= 0.00> <nCl=  8> <al=0.00> <DB= 2801.3692> <Mlp= 2801.3692> <PB=10000000> 
<DWph=1> <it= 11> <et=1.60> <Mt= 0.00> <Spt= 0.01> <nCl= 11> <al=0.26> <DB= 2726.6000> <Mlp= 2801.3692> <PB=10000000> 
<DWph=1> <it= 12> <et=1.61> <Mt= 0.00> <Spt= 0.00> <nCl=  7> <al=0.26> <DB= 2773.1422> <Mlp= 2801.1200> <PB=10000000> 
<DWph=1> <it= 13> <et=1.61> <Mt= 0.00> <Spt= 0.01> <nCl=  1> <al=0.00> <DB= 2801.1200> <Mlp= 2801.1200> <PB=10000000> 
    RCSP exact solver info for graph G_0 : TT = 0.002668, pt = 0.000127, dt = 0.002045, ct = 0.000226, ndl = 1433', bdl = 12659', odl = 2844', odf = 14868', bsi = 1082', cnt = 801', bdch = 63268', odch = 18651', lcp = 17864', #sols = 150
<DWph=0> <it= 14> <et=1.63> <Mt= 0.00> <Spt= 0.01> <nCl= 99> <al=0.23> <DB= 2298.9200> <Mlp= 2801.1200> <PB=10000000> 
    RCSP exact solver info for graph G_0 : TT = 0.003643, pt = 0.000185, dt = 0.002671, ct = 0.000361, ndl = 1649', bdl = 13537', odl = 3087', odf = 16342', bsi = 1158', cnt = 875', bdch = 80780', odch = 24805', lcp = 25214', #sols = 150
<DWph=0> <it= 15> <et=1.64> <Mt= 0.01> <Spt= 0.01> <nCl= 60> <al=0.13> <DB= 2567.9496> <Mlp= 2800.9800> <PB=10000000> 
    RCSP exact solver info for graph G_0 : TT = 0.003842, pt = 0.000213, dt = 0.002808, ct = 0.000383, ndl = 1687', bdl = 13859', odl = 3077', odf = 16428', bsi = 1213', cnt = 889', bdch = 80153', odch = 24063', lcp = 23969', #sols = 150
<DWph=0> <it= 16> <et=1.66> <Mt= 0.00> <Spt= 0.01> <nCl= 60> <al=0.03> <DB= 2713.0244> <Mlp= 2800.5000> <PB=10000000> 
    RCSP exact solver info for graph G_0 : TT = 0.004021, pt = 0.000466, dt = 0.002571, ct = 0.000476, ndl = 1401', bdl = 12310', odl = 2734', odf = 14313', bsi = 1121', cnt = 824', bdch = 59411', odch = 16989', lcp = 16555', #sols = 150
<DWph=0> <it= 17> <et=1.67> <Mt= 0.00> <Spt= 0.01> <nCl= 57> <al=0.00> <DB= 2800.5000> <Mlp= 2800.5000> <PB=10000000> 
RCSP solver dynamic params and stats :  bidir.bord. = 454.3 aver.obdmd = 11.2742 aver.buck.num. = 13.2742 nbR1C = 6 with avMem = 20
@@ 1 1 2800.5 0.00288525 0.003191 46.0261 1.67
    Full reduced cost fixing is not called (gap ratio is 0.999998)
ColGenEvalAlg final dual bound: 2800.5 (rounded: 2800.5)
False gap improvement since the last cut separation : 0.0639667 (2782.7)
Current active cuts : R1C(6,36.2) 3rowPackR1C(4) 5rowPackR1C(2)
Shrinking heuristic shrunk 22 edges
1 Rank-1 1-rows pack. cuts added ,  max viol. = 0.142857, aver. viol. = 0.142857
150 Rank-1 3-rows pack. cuts added ,  max viol. = 0.428571, aver. viol. = 0.16381
Building structures for heuristic rank-1 packing cut separation...done!
100 Rank-1 4-rows pack. cuts added ,  max viol. = 0.428571, aver. viol. = 0.231429
100 Rank-1 5-rows pack. cuts added ,  max viol. = 0.428571, aver. viol. = 0.428571
----- Add fac. cuts : R1C(351), max.viol = 0.428571, aver.viol = 0.258445, sep/add took 0.189918/0.239185 sec. -----
2834 columns (2834 active), 542 dyn. constrs. (358 active), 664 art. vars. (480 active)
<DWph=2> <it=  1> <et=2.12> <Mt= 0.01> <Spt= 0.01> <nCl=  9> <al=0.50> <DB= 2347.6396> <Mlp= 2821.7792> <PB=10000000> 
<DWph=2> <it=  2> <et=2.13> <Mt= 0.01> <Spt= 0.01> <nCl= 19> <al=0.55> <DB= 2443.6457> <Mlp= 2815.4667> <PB=10000000> 
<DWph=2> <it=  3> <et=2.16> <Mt= 0.01> <Spt= 0.01> <nCl= 32> <al=0.19> <DB= 1947.7065> <Mlp= 2814.9833> <PB=10000000> 
<DWph=2> <it=  4> <et=2.17> <Mt= 0.00> <Spt= 0.00> <nCl= 16> <al=0.50> <DB= 2565.5842> <Mlp= 2814.9833> <PB=10000000> 
<DWph=2> <it=  5> <et=2.17> <Mt= 0.00> <Spt= 0.01> <nCl=  1> <al=0.55> <DB= 2810.2824> <Mlp= 2814.9833> <PB=10000000> 
<DWph=2> <it=  6> <et=2.18> <Mt= 0.01> <Spt= 0.00> <nCl=  9> <al=0.45> <DB= 2476.2196> <Mlp= 2814.8444> <PB=10000000> 
<DWph=2> <it=  7> <et=2.20> <Mt= 0.01> <Spt= 0.01> <nCl= 13> <al=0.00> <DB= 2366.4044> <Mlp= 2814.6067> <PB=10000000> 
<DWph=2> <it=  8> <et=2.20> <Mt= 0.00> <Spt= 0.00> <nCl=  6> <al=0.40> <DB= 2539.5833> <Mlp= 2814.6067> <PB=10000000> 
<DWph=2> <it=  9> <et=2.21> <Mt= 0.00> <Spt= 0.01> <nCl= 19> <al=0.00> <DB= 2525.4067> <Mlp= 2814.6067> <PB=10000000> 
<DWph=2> <it= 10> <et=2.22> <Mt= 0.00> <Spt= 0.01> <nCl=  4> <al=0.00> <DB= 2769.0067> <Mlp= 2814.6067> <PB=10000000> 
<DWph=2> <it= 11> <et=2.23> <Mt= 0.00> <Spt= 0.00> <nCl=  1> <al=0.26> <DB= 2537.8530> <Mlp= 2814.6067> <PB=10000000> 
<DWph=2> <it= 12> <et=2.23> <Mt= 0.00> <Spt= 0.00> <nCl=  0> <al=0.33> <DB= 2537.8530> <Mlp= 2814.1833> <PB=10000000> 
<DWph=1> <it= 13> <et=2.24> <Mt= 0.01> <Spt= 0.01> <nCl= 25> <al=0.33> <DB= 1954.5344> <Mlp= 2814.1833> <PB=10000000> 
<DWph=1> <it= 14> <et=2.25> <Mt= 0.00> <Spt= 0.01> <nCl= 26> <al=0.40> <DB= 2507.2601> <Mlp= 2814.1833> <PB=10000000> 
<DWph=1> <it= 15> <et=2.27> <Mt= 0.01> <Spt= 0.01> <nCl= 13> <al=0.30> <DB= 2625.6709> <Mlp= 2813.1714> <PB=10000000> 
<DWph=1> <it= 16> <et=2.28> <Mt= 0.00> <Spt= 0.00> <nCl= 19> <al=0.20> <DB= 2634.3090> <Mlp= 2813.1714> <PB=10000000> 
<DWph=1> <it= 17> <et=2.29> <Mt= 0.00> <Spt= 0.01> <nCl= 30> <al=0.10> <DB= 2665.2486> <Mlp= 2811.7000> <PB=10000000> 
<DWph=1> <it= 18> <et=2.30> <Mt= 0.01> <Spt= 0.01> <nCl= 24> <al=0.00> <DB= 2640.7797> <Mlp= 2811.7000> <PB=10000000> 
<DWph=1> <it= 19> <et=2.31> <Mt= 0.00> <Spt= 0.01> <nCl= 11> <al=0.10> <DB= 2762.1448> <Mlp= 2811.7000> <PB=10000000> 
<DWph=1> <it= 20> <et=2.32> <Mt= 0.00> <Spt= 0.00> <nCl= 10> <al=0.00> <DB= 2811.7000> <Mlp= 2811.7000> <PB=10000000> 
    RCSP exact solver info for graph G_0 : TT = 0.003108, pt = 0.000214, dt = 0.002246, ct = 0.000323, ndl = 1416', bdl = 13689', odl = 2754', odf = 14307', bsi = 1197', cnt = 1106', bdch = 61245', odch = 18606', lcp = 16344', #sols = 150
<DWph=0> <it= 21> <et=2.35> <Mt= 0.00> <Spt= 0.03> <nCl=101> <al=0.00> <DB= 1971.7000> <Mlp= 2811.7000> <PB=10000000> 
    RCSP exact solver info for graph G_0 : TT = 0.003498, pt = 0.000278, dt = 0.002499, ct = 0.000298, ndl = 1480', bdl = 13946', odl = 2762', odf = 14513', bsi = 1171', cnt = 1007', bdch = 63466', odch = 18722', lcp = 17410', #sols = 150
<DWph=0> <it= 22> <et=2.37> <Mt= 0.01> <Spt= 0.02> <nCl= 61> <al=0.00> <DB= 2397.7000> <Mlp= 2811.7000> <PB=10000000> 
    RCSP exact solver info for graph G_0 : TT = 0.003634, pt = 0.000284, dt = 0.002585, ct = 0.000314, ndl = 1512', bdl = 14174', odl = 2920', odf = 15126', bsi = 1090', cnt = 1148', bdch = 68484', odch = 20814', lcp = 19556', #sols = 150
<DWph=0> <it= 23> <et=2.39> <Mt= 0.01> <Spt= 0.01> <nCl= 53> <al=0.00> <DB= 2757.7000> <Mlp= 2811.7000> <PB=10000000> 
    RCSP exact solver info for graph G_0 : TT = 0.003642, pt = 0.000289, dt = 0.002625, ct = 0.000309, ndl = 1347', bdl = 12609', odl = 2666', odf = 13909', bsi = 1084', cnt = 925', bdch = 54686', odch = 16647', lcp = 14580', #sols = 150
<DWph=0> <it= 24> <et=2.41> <Mt= 0.00> <Spt= 0.01> <nCl= 21> <al=0.00> <DB= 2811.7000> <Mlp= 2811.7000> <PB=10000000> 
RCSP solver dynamic params and stats :  bidir.bord. = 454.3 aver.obdmd = 11.2742 aver.buck.num. = 13.2742 nbR1C = 11 with avMem = 20.3636
@@ 1 2 2811.7 0.00279975 0.002934 46.0261 2.41
    Full reduced cost fixing is not called (gap ratio is 0.999997)
ColGenEvalAlg final dual bound: 2811.7 (rounded: 2811.7)
False gap improvement since the last cut separation : 0.0399929 (2800.5)
Current active cuts : R1C(1+10,69.2333) 1rowPackR1C(1) 3rowPackR1C(5) 4rowPackR1C(2) 5rowPackR1C(3)
Shrinking heuristic shrunk 35 edges
In total 1 RCC cut(s) are found by the Fractional capacity min-cut heuristic 
28 Rank-1 3-rows pack. cuts added ,  max viol. = 0.5, aver. viol. = 0.5
Building structures for heuristic rank-1 packing cut separation...done!
73 Rank-1 4-rows pack. cuts added ,  max viol. = 0.5, aver. viol. = 0.5
100 Rank-1 5-rows pack. cuts added ,  max viol. = 0.5, aver. viol. = 0.5
----- Add fac. cuts : CAP(1) R1C(201), max.viol = 0.5, aver.viol = 0.5, sep/add took 0.131465/0.154339 sec. -----
3357 columns (3357 active), 560 dyn. constrs. (213 active), 866 art. vars. (335 active)
<DWph=2> <it=  1> <et=2.71> <Mt= 0.00> <Spt= 0.01> <nCl=  1> <al=0.00> <DB= 2813.0250> <Mlp= 2813.0250> <PB=10000000> 
<DWph=1> <it=  2> <et=2.72> <Mt= 0.00> <Spt= 0.00> <nCl= 15> <al=0.40> <DB= 2753.0250> <Mlp= 2813.0250> <PB=10000000> 
<DWph=1> <it=  3> <et=2.72> <Mt= 0.00> <Spt= 0.01> <nCl= 10> <al=0.46> <DB= 2745.6795> <Mlp= 2812.8667> <PB=10000000> 
<DWph=1> <it=  4> <et=2.73> <Mt= 0.01> <Spt= 0.00> <nCl=  6> <al=0.51> <DB= 2777.0051> <Mlp= 2812.8667> <PB=10000000> 
<DWph=1> <it=  5> <et=2.74> <Mt= 0.00> <Spt= 0.01> <nCl=  9> <al=0.41> <DB= 2760.1648> <Mlp= 2812.8667> <PB=10000000> 
<DWph=1> <it=  6> <et=2.74> <Mt= 0.00> <Spt= 0.00> <nCl=  3> <al=0.47> <DB= 2788.0343> <Mlp= 2812.8214> <PB=10000000> 
<DWph=1> <it=  7> <et=2.75> <Mt= 0.00> <Spt= 0.01> <nCl=  8> <al=0.00> <DB= 2812.7875> <Mlp= 2812.7875> <PB=10000000> 
    RCSP exact solver info for graph G_0 : TT = 0.00375, pt = 0.000268, dt = 0.00272, ct = 0.000368, ndl = 1583', bdl = 13089', odl = 2801', odf = 15172', bsi = 1086', cnt = 980', bdch = 67902', odch = 23406', lcp = 21032', #sols = 150
<DWph=0> <it=  8> <et=2.77> <Mt= 0.00> <Spt= 0.01> <nCl= 67> <al=0.27> <DB= 2693.9875> <Mlp= 2812.7875> <PB=10000000> 
    RCSP exact solver info for graph G_0 : TT = 0.003528, pt = 0.000338, dt = 0.002501, ct = 0.000247, ndl = 1586', bdl = 14015', odl = 2826', odf = 14982', bsi = 1103', cnt = 1034', bdch = 70308', odch = 22346', lcp = 20563', #sols = 150
<DWph=0> <it=  9> <et=2.78> <Mt= 0.00> <Spt= 0.01> <nCl= 41> <al=0.17> <DB= 2772.3181> <Mlp= 2812.6583> <PB=10000000> 
    RCSP exact solver info for graph G_0 : TT = 0.003641, pt = 0.000276, dt = 0.002687, ct = 0.000262, ndl = 1573', bdl = 13757', odl = 2821', odf = 14878', bsi = 1124', cnt = 1054', bdch = 69009', odch = 22238', lcp = 20379', #sols = 150
    RCSP exact solver info for graph G_0 : TT = 0.003391, pt = 0.000252, dt = 0.0025, ct = 0.000275, ndl = 1465', bdl = 13592', odl = 2717', odf = 14257', bsi = 1079', cnt = 876', bdch = 61393', odch = 19062', lcp = 16558', #sols = 150
<DWph=0> <it= 10> <et=2.80> <Mt= 0.01> <Spt= 0.02> <nCl= 37> <al=0.00> <DB= 2812.5958> <Mlp= 2812.5958> <PB=10000000> 
RCSP solver dynamic params and stats :  bidir.bord. = 454.3 aver.obdmd = 11.2742 aver.buck.num. = 13.2742 nbR1C = 13 with avMem = 22
@@ 1 3 2812.6 0.00289 0.003088 46.0261 2.8
    Full reduced cost fixing is not called (gap ratio is 0.999997)
ColGenEvalAlg final dual bound: 2812.6 (rounded: 2812.6)
False gap improvement since the last cut separation : 0.00318609 (2811.7)
Cut generation tailing off counter increased to 1
Current active cuts : R1C(1+12,76.425) 1rowPackR1C(1) 3rowPackR1C(6) 4rowPackR1C(2) 5rowPackR1C(4)
Shrinking heuristic shrunk 22 edges
1 Rank-1 1-rows pack. cuts added ,  max viol. = 0.0833333, aver. viol. = 0.0833333
150 Rank-1 3-rows pack. cuts added ,  max viol. = 0.208333, aver. viol. = 0.0986111
Building structures for heuristic rank-1 packing cut separation...done!
100 Rank-1 4-rows pack. cuts added ,  max viol. = 0.208333, aver. viol. = 0.12125
100 Rank-1 5-rows pack. cuts added ,  max viol. = 0.291667, aver. viol. = 0.2125
----- Add fac. cuts : R1C(351), max.viol = 0.5, aver.viol = 0.16548, sep/add took 0.221259/0.299229 sec. -----
3554 columns (3554 active), 564 dyn. constrs. (364 active), 1217 art. vars. (486 active)
<DWph=2> <it=  1> <et=3.35> <Mt= 0.00> <Spt= 0.01> <nCl=  0> <al=0.00> <DB= 2813.8000> <Mlp= 2813.8000> <PB=10000000> 
<DWph=1> <it=  2> <et=3.36> <Mt= 0.00> <Spt= 0.00> <nCl=  3> <al=0.00> <DB= 2813.8000> <Mlp= 2813.8000> <PB=10000000> 
    RCSP exact solver info for graph G_0 : TT = 0.003767, pt = 0.000342, dt = 0.002587, ct = 0.000277, ndl = 1481', bdl = 13806', odl = 2784', odf = 14738', bsi = 1088', cnt = 903', bdch = 63669', odch = 19780', lcp = 17360', #sols = 150
<DWph=0> <it=  3> <et=3.37> <Mt= 0.00> <Spt= 0.02> <nCl= 21> <al=0.30> <DB= 2772.5500> <Mlp= 2813.8000> <PB=10000000> 
    RCSP exact solver info for graph G_0 : TT = 0.004023, pt = 0.000406, dt = 0.002814, ct = 0.000324, ndl = 1597', bdl = 14263', odl = 2857', odf = 15268', bsi = 1160', cnt = 1050', bdch = 70552', odch = 21919', lcp = 20043', #sols = 150
<DWph=0> <it=  4> <et=3.38> <Mt= 0.01> <Spt= 0.00> <nCl=  6> <al=0.37> <DB= 2762.3920> <Mlp= 2813.8000> <PB=10000000> 
    RCSP exact solver info for graph G_0 : TT = 0.003466, pt = 0.00035, dt = 0.002439, ct = 0.000258, ndl = 1492', bdl = 13982', odl = 2781', odf = 14654', bsi = 1112', cnt = 913', bdch = 63561', odch = 19746', lcp = 17324', #sols = 150
<DWph=0> <it=  5> <et=3.40> <Mt= 0.00> <Spt= 0.01> <nCl=  7> <al=0.43> <DB= 2795.9388> <Mlp= 2813.8000> <PB=10000000> 
    RCSP exact solver info for graph G_0 : TT = 0.003486, pt = 0.000382, dt = 0.002369, ct = 0.000297, ndl = 1490', bdl = 14077', odl = 2741', odf = 14392', bsi = 1086', cnt = 888', bdch = 63663', odch = 19357', lcp = 17336', #sols = 150
    RCSP exact solver info for graph G_0 : TT = 0.00462, pt = 0.000411, dt = 0.003112, ct = 0.0004, ndl = 1526', bdl = 14234', odl = 2773', odf = 14620', bsi = 1123', cnt = 935', bdch = 64624', odch = 20092', lcp = 17769', #sols = 150
<DWph=0> <it=  6> <et=3.42> <Mt= 0.00> <Spt= 0.02> <nCl= 25> <al=0.00> <DB= 2810.8000> <Mlp= 2813.8000> <PB=10000000> 
    RCSP exact solver info for graph G_0 : TT = 0.004021, pt = 0.000354, dt = 0.002636, ct = 0.000353, ndl = 1529', bdl = 14249', odl = 2754', odf = 14582', bsi = 1137', cnt = 953', bdch = 64450', odch = 19979', lcp = 17601', #sols = 150
    RCSP exact solver info for graph G_0 : TT = 0.003515, pt = 0.000332, dt = 0.002407, ct = 0.000345, ndl = 1485', bdl = 13347', odl = 2726', odf = 14528', bsi = 1105', cnt = 1130', bdch = 65616', odch = 20449', lcp = 18299', #sols = 150
<DWph=0> <it=  7> <et=3.44> <Mt= 0.00> <Spt= 0.03> <nCl= 34> <al=0.00> <DB= 2813.8000> <Mlp= 2813.8000> <PB=10000000> 
RCSP solver dynamic params and stats :  bidir.bord. = 431.6 aver.obdmd = 11.2742 aver.buck.num. = 13.2742 nbR1C = 17 with avMem = 26.2353
@@ 1 4 2813.8 0.00294543 0.003512 49.6374 3.44
    Full reduced cost fixing is not called (gap ratio is 0.999997)
ColGenEvalAlg final dual bound: 2813.8 (rounded: 2813.8)
False gap improvement since the last cut separation : 0.00428134 (2812.6)
Cut generation tailing off counter increased to 2
Current active cuts : R1C(1+16,82.4333) 1rowPackR1C(1) 3rowPackR1C(9) 4rowPackR1C(3) 5rowPackR1C(4)
Shrinking heuristic shrunk 35 edges
33 Rank-1 3-rows pack. cuts added ,  max viol. = 0.5, aver. viol. = 0.5
Building structures for heuristic rank-1 packing cut separation...done!
75 Rank-1 4-rows pack. cuts added ,  max viol. = 0.5, aver. viol. = 0.5
100 Rank-1 5-rows pack. cuts added ,  max viol. = 0.5, aver. viol. = 0.5
----- Add fac. cuts : R1C(208), max.viol = 0.5, aver.viol = 0.5, sep/add took 0.133284/0.170229 sec. -----
3650 columns (3650 active), 572 dyn. constrs. (226 active), 1425 art. vars. (348 active)
<DWph=2> <it=  1> <et=3.77> <Mt= 0.01> <Spt= 0.00> <nCl=  8> <al=0.00> <DB= 2814.2448> <Mlp= 2814.2448> <PB=10000000> 
<DWph=1> <it=  2> <et=3.78> <Mt= 0.00> <Spt= 0.01> <nCl=  5> <al=0.40> <DB= 2806.7966> <Mlp= 2814.2448> <PB=10000000> 
<DWph=1> <it=  3> <et=3.78> <Mt= 0.00> <Spt= 0.00> <nCl=  4> <al=0.46> <DB= 2806.7966> <Mlp= 2814.2448> <PB=10000000> 
<DWph=1> <it=  4> <et=3.79> <Mt= 0.00> <Spt= 0.00> <nCl=  1> <al=0.46> <DB= 2806.7966> <Mlp= 2814.2448> <PB=10000000> 
<DWph=1> <it=  5> <et=3.79> <Mt= 0.00> <Spt= 0.01> <nCl=  2> <al=0.46> <DB= 2806.7966> <Mlp= 2814.2448> <PB=10000000> 
<DWph=1> <it=  6> <et=3.80> <Mt= 0.00> <Spt= 0.00> <nCl=  2> <al=0.46> <DB= 2806.1396> <Mlp= 2814.2200> <PB=10000000> 
<DWph=1> <it=  7> <et=3.80> <Mt= 0.00> <Spt= 0.01> <nCl=  9> <al=0.51> <DB= 2806.2053> <Mlp= 2814.2200> <PB=10000000> 
<DWph=1> <it=  8> <et=3.81> <Mt= 0.00> <Spt= 0.00> <nCl=  2> <al=0.56> <DB= 2807.4192> <Mlp= 2814.2200> <PB=10000000> 
<DWph=1> <it=  9> <et=3.81> <Mt= 0.01> <Spt= 0.01> <nCl=  1> <al=0.46> <DB= 2807.8495> <Mlp= 2814.2200> <PB=10000000> 
<DWph=1> <it= 10> <et=3.82> <Mt= 0.00> <Spt= 0.00> <nCl=  0> <al=0.00> <DB= 2814.2200> <Mlp= 2814.2200> <PB=10000000> 
    RCSP exact solver info for graph G_0 : TT = 0.003204, pt = 0.000309, dt = 0.002254, ct = 0.000241, ndl = 1435', bdl = 13162', odl = 2732', odf = 14352', bsi = 1081', cnt = 1088', bdch = 65081', odch = 19905', lcp = 17998', #sols = 150
    RCSP exact solver info for graph G_0 : TT = 0.003679, pt = 0.000351, dt = 0.002351, ct = 0.00031, ndl = 1432', bdl = 13142', odl = 2758', odf = 14395', bsi = 1039', cnt = 952', bdch = 61675', odch = 19534', lcp = 16999', #sols = 150
<DWph=0> <it= 11> <et=3.84> <Mt= 0.00> <Spt= 0.02> <nCl= 36> <al=0.00> <DB= 2814.2200> <Mlp= 2814.2200> <PB=10000000> 
RCSP solver dynamic params and stats :  bidir.bord. = 446 aver.obdmd = 11.2742 aver.buck.num. = 13.2742 nbR1C = 18 with avMem = 25.6667
@@ 1 5 2814.22 0.002578 0.002661 49.6374 3.84
    Full reduced cost fixing is not called (gap ratio is 0.999997)
ColGenEvalAlg final dual bound: 2814.22 (rounded: 2814.22)
False gap improvement since the last cut separation : 0.00149264 (2813.8)
----- Cut generation is stopped due to tailing off -----
Current active cuts : R1C(1+17,84.74) 1rowPackR1C(1) 3rowPackR1C(8) 4rowPackR1C(4) 5rowPackR1C(5)
**** Strong branching phase 1 is started *****
SB phase 1 cand.  1 branch on var x[(0, 36)]_0_2135_0_OspV (lhs=0.6000) : [ 2815.3750,  2815.8500], score = 1.88      <et=3.88>
SB phase 1 cand.  2 branch on var x[(0, 54)]_0_3233_0_OspV (lhs=0.4000) : [ 2814.4200,  2825.8000], score = 2.32      <et=3.89>
SB phase 1 cand.  3 branch on var x[(0, 7)]_0_366_0_OspV (lhs=0.6000)   : [ 2814.4714,  2815.3750], score = 0.29      <et=3.89>
SB phase 1 cand.  4 branch on var x[(0, 9)]_0_488_0_OspV (lhs=0.4000)   : [ 2814.4571,  2814.4714], score = 0.06      <et=3.9>
SB phase 1 cand.  5 branch on var x[(1, 55)]_0_55_0_OspV (lhs=0.6000)   : [ 2814.5531,  2817.3250], score = 1.03      <et=3.9>
SB phase 1 cand.  6 branch on var x[(1, 58)]_0_58_0_OspV (lhs=0.4000)   : [ 2814.5531,  2815.6833], score = 0.49      <et=3.91>
SB phase 1 cand.  7 branch on var x[(11, 51)]_0_661_0_OspV (lhs=0.6000) : [ 2818.6837,  2819.0500], score = 21.56      <et=3.92>
SB phase 1 cand.  8 branch on var x[(14, 25)]_0_818_0_OspV (lhs=0.6000) : [ 2815.7160,  2817.2397], score = 4.52      <et=3.93>
SB phase 1 cand.  9 branch on var x[(14, 28)]_0_821_0_OspV (lhs=0.4000) : [ 2815.5656,  2817.5375], score = 4.46      <et=3.94>
SB phase 1 cand. 10 branch on var x[(15, 21)]_0_875_0_OspV (lhs=0.4000) : [ 2816.9182,  2817.4000], score = 8.58      <et=3.95>
SB phase 1 cand. 11 branch on var x[(15, 27)]_0_881_0_OspV (lhs=0.6000) : [ 2816.8714,  2817.4000], score = 8.43      <et=3.96>
SB phase 1 cand. 12 branch on var x[(17, 26)]_0_1002_0_OspV (lhs=0.6000): [ 2818.7960,  2819.0500], score = 22.10      <et=3.97>
SB phase 1 cand. 13 branch on var x[(17, 37)]_0_1013_0_OspV (lhs=0.4000): [ 2818.7960,  2819.0500], score = 22.10      <et=3.99>
SB phase 1 cand. 14 branch on var x[(19, 0)]_0_1099_0_OspV (lhs=0.4000) : [ 2814.3000,  2817.5000], score = 0.26      <et=3.99>
SB phase 1 cand. 15 branch on var x[(19, 1)]_0_1100_0_OspV (lhs=0.6000) : [ 2814.5531,  2817.3250], score = 1.03      <et=4>
SB phase 1 cand. 16 branch on var x[(20, 4)]_0_1164_0_OspV (lhs=0.4000) : [ 2815.3143,  2817.0321], score = 3.08      <et=4.01>
SB phase 1 cand. 17 branch on var x[(20, 8)]_0_1168_0_OspV (lhs=0.6000) : [ 2815.3143,  2819.0500], score = 5.29      <et=4.02>
SB phase 1 cand. 18 branch on var x[(24, 11)]_0_1415_0_OspV (lhs=0.6000): [ 2815.3750,  2820.3000], score = 7.02      <et=4.03>
SB phase 1 cand. 19 branch on var x[(25, 27)]_0_1491_0_OspV (lhs=0.4000): [ 2815.8167,  2818.9833], score = 7.61      <et=4.04>
SB phase 1 cand. 20 branch on var x[(27, 25)]_0_1612_0_OspV (lhs=0.4000): [ 2815.0909,  2821.9000], score = 6.69      <et=4.05>
SB phase 1 cand. 21 branch on var x[(27, 59)]_0_1645_0_OspV (lhs=0.4000): [ 2815.8167,  2820.3000], score = 9.71      <et=4.06>
SB phase 1 cand. 22 branch on var x[(28, 11)]_0_1659_0_OspV (lhs=0.4000): [ 2815.3750,  2820.3000], score = 7.02      <et=4.07>
SB phase 1 cand. 23 branch on var x[(28, 53)]_0_1700_0_OspV (lhs=0.4000): [ 2815.5656,  2816.3588], score = 2.88      <et=4.07>
SB phase 1 cand. 24 branch on var x[(29, 10)]_0_1719_0_OspV (lhs=0.6000): [ 2814.9167,  2818.2719], score = 2.82      <et=4.09>
SB phase 1 cand. 25 branch on var x[(29, 42)]_0_1750_0_OspV (lhs=0.4000): [ 2814.7143,  2817.0500], score = 1.40      <et=4.09>
SB phase 1 cand. 26 branch on var x[(30, 0)]_0_1770_0_OspV (lhs=0.4000) : [ 2814.7643,  2815.6833], score = 0.80      <et=4.1>
SB phase 1 cand. 27 branch on var x[(30, 42)]_0_1811_0_OspV (lhs=0.6000): [ 2814.7643,  2815.6833], score = 0.80      <et=4.11>
SB phase 1 cand. 28 branch on var x[(36, 46)]_0_2181_0_OspV (lhs=0.4000): [ 2815.3750,  2815.5000], score = 1.48      <et=4.12>
SB phase 1 cand. 29 branch on var x[(37, 26)]_0_2223_0_OspV (lhs=0.4000): [ 2818.6056,  2818.7960], score = 20.07      <et=4.13>
SB phase 1 cand. 30 branch on var x[(37, 45)]_0_2241_0_OspV (lhs=0.6000): [ 2816.9000,  2819.0500], score = 12.94      <et=4.14>
SB phase 1 cand. 31 branch on var x[(4, 20)]_0_203_0_OspV (lhs=0.6000)  : [ 2815.3143,  2817.0321], score = 3.08      <et=4.15>
SB phase 1 cand. 32 branch on var x[(4, 45)]_0_228_0_OspV (lhs=0.4000)  : [ 2816.6417,  2816.9000], score = 6.49      <et=4.16>
SB phase 1 cand. 33 branch on var x[(41, 18)]_0_2459_0_OspV (lhs=0.6000): [ 2816.9000,  2819.0500], score = 12.94      <et=4.17>
SB phase 1 cand. 34 branch on var x[(41, 8)]_0_2449_0_OspV (lhs=0.4000) : [ 2816.9000,  2818.3068], score = 10.95      <et=4.18>
SB phase 1 cand. 35 branch on var x[(43, 53)]_0_2615_0_OspV (lhs=0.4000): [ 2814.7833,  2820.3000], score = 3.43      <et=4.19>
SB phase 1 cand. 36 branch on var x[(43, 57)]_0_2619_0_OspV (lhs=0.6000): [ 2818.7960,  2819.0500], score = 22.10      <et=4.2>
SB phase 1 cand. 37 branch on var x[(45, 10)]_0_2695_0_OspV (lhs=0.4000): [ 2814.8286,  2818.5500], score = 2.64      <et=4.21>
SB phase 1 cand. 38 branch on var x[(45, 56)]_0_2740_0_OspV (lhs=0.6000): [ 2816.9000,  2819.0500], score = 12.94      <et=4.22>
SB phase 1 cand. 39 branch on var x[(46, 21)]_0_2767_0_OspV (lhs=0.4000): [ 2815.3750,  2817.4000], score = 3.67      <et=4.23>
SB phase 1 cand. 40 branch on var x[(46, 28)]_0_2774_0_OspV (lhs=0.4000): [ 2815.5000,  2817.4429], score = 4.13      <et=4.24>
SB phase 1 cand. 41 branch on var x[(47, 20)]_0_2827_0_OspV (lhs=0.4000): [ 2815.3143,  2817.0321], score = 3.08      <et=4.24>
SB phase 1 cand. 42 branch on var x[(47, 4)]_0_2811_0_OspV (lhs=0.6000) : [ 2815.3143,  2817.0321], score = 3.08      <et=4.26>
SB phase 1 cand. 43 branch on var x[(48, 54)]_0_2921_0_OspV (lhs=0.6000): [ 2815.0571,  2815.9889], score = 1.48      <et=4.27>
SB phase 1 cand. 44 branch on var x[(48, 56)]_0_2923_0_OspV (lhs=0.4000): [ 2814.7571,  2820.3000], score = 3.27      <et=4.27>
SB phase 1 cand. 45 branch on var x[(53, 0)]_0_3173_0_OspV (lhs=0.4000) : [ 2814.7000,  2815.2722], score = 0.51      <et=4.28>
SB phase 1 cand. 46 branch on var x[(53, 52)]_0_3225_0_OspV (lhs=0.4000): [ 2814.5377,  2815.3000], score = 0.34      <et=4.29>
SB phase 1 cand. 47 branch on var x[(54, 0)]_0_3234_0_OspV (lhs=0.6000) : [ 2814.7800,  2816.0421], score = 1.02      <et=4.3>
SB phase 1 cand. 48 branch on var x[(54, 48)]_0_3282_0_OspV (lhs=0.4000): [ 2814.7571,  2820.3000], score = 3.27      <et=4.3>
SB phase 1 cand. 49 branch on var x[(55, 1)]_0_3296_0_OspV (lhs=0.4000) : [ 2814.5531,  2817.3250], score = 1.03      <et=4.31>
SB phase 1 cand. 50 branch on var x[(55, 59)]_0_3353_0_OspV (lhs=0.6000): [ 2814.5531,  2817.3250], score = 1.03      <et=4.32>
**** Strong branching phase 2 is started *****
<DWph=1> <it= 11> <et=4.39> <Mt= 0.02> <Spt= 0.05> <nCl=156> <al=0.00> <DB= 2818.1455> <Mlp= 2818.1455> <PB=10000000> 
<DWph=1> <it=  7> <et=4.46> <Mt= 0.01> <Spt= 0.03> <nCl= 35> <al=0.00> <DB= 2818.5000> <Mlp= 2818.5000> <PB=10000000> 
SB phase 2 cand.  1 branch on var x[(17, 26)]_0_1002_0_OspV (lhs=0.6000): [ 2818.1455,  2818.5000], score = 16.80      <et=4.46>
Shrinking heuristic shrunk 54 edges
<DWph=1> <it= 16> <et=4.57> <Mt= 0.02> <Spt= 0.08> <nCl=184> <al=0.00> <DB= 2815.4000> <Mlp= 2815.4000> <PB=2815.4> 
<DWph=1> <it=  3> <et=4.62> <Mt= 0.00> <Spt= 0.02> <nCl= 20> <al=0.00> <DB= 2818.7960> <Mlp= 2818.7960> <PB=2815.4> 
SB phase 2 cand.  2 branch on var x[(17, 37)]_0_1013_0_OspV (lhs=0.4000): [ 2815.4000,  2818.7960], score = 5.40      <et=4.62>
<DWph=2> <it=  4> <et=4.65> <Mt= 0.01> <Spt= 0.02> <nCl= 25> <al=0.20> <DB= 2657.3467> <Mlp= 2817.6000> <PB=2815.4> 
<DWph=1> <it= 10> <et=4.69> <Mt= 0.01> <Spt= 0.03> <nCl= 44> <al=0.00> <DB= 2815.4000> <Mlp= 2815.4000> <PB=2815.4> 
<DWph=1> <it=  7> <et=4.74> <Mt= 0.00> <Spt= 0.03> <nCl= 46> <al=0.00> <DB= 2818.6569> <Mlp= 2818.6569> <PB=2815.4> 
SB phase 2 cand.  3 branch on var x[(11, 51)]_0_661_0_OspV (lhs=0.6000) : [ 2815.4000,  2818.6569], score = 5.24      <et=4.74>
**** Strong branching phase 3 is started *****
**** SB phase 3 evaluation of candidate 1, branch 1 ( x[(17, 26)]_0_1002_0_OspV <= 0 ), value = 2818.5
<DWph=2> <it=  1> <et=4.76> <Mt= 0.00> <Spt= 0.01> <nCl=  0> <al=0.00> <DB= 2818.5000> <Mlp= 2818.5000> <PB=2815.4> 
<DWph=1> <it=  2> <et=4.77> <Mt= 0.00> <Spt= 0.00> <nCl=  0> <al=0.00> <DB= 2818.5000> <Mlp= 2818.5000> <PB=2815.4> 
    RCSP exact solver info for graph G_0 : TT = 0.003763, pt = 0.000222, dt = 0.002908, ct = 0.000268, ndl = 1567', bdl = 14513', odl = 2844', odf = 14820', bsi = 1030', cnt = 1058', bdch = 68270', odch = 22783', lcp = 18800', #sols = 150
<DWph=0> <it=  3> <et=4.78> <Mt= 0.01> <Spt= 0.01> <nCl= 79> <al=0.30> <DB= 2665.5000> <Mlp= 2818.5000> <PB=2815.4> 
    RCSP exact solver info for graph G_0 : TT = 0.005351, pt = 0.000528, dt = 0.003991, ct = 0.000307, ndl = 1731', bdl = 15356', odl = 3008', odf = 16051', bsi = 1143', cnt = 1278', bdch = 79775', odch = 26711', lcp = 23079', #sols = 150
<DWph=0> <it=  4> <et=4.79> <Mt= 0.00> <Spt= 0.01> <nCl= 54> <al=0.37> <DB= 2735.3873> <Mlp= 2818.4322> <PB=2815.4> 
    RCSP exact solver info for graph G_0 : TT = 0.004579, pt = 0.000295, dt = 0.003494, ct = 0.00033, ndl = 1716', bdl = 15265', odl = 2959', odf = 15784', bsi = 1122', cnt = 1257', bdch = 78876', odch = 25501', lcp = 22545', #sols = 150
    RCSP exact solver info for graph G_0 : TT = 0.00427, pt = 0.000246, dt = 0.003273, ct = 0.000367, ndl = 1540', bdl = 14603', odl = 2856', odf = 15104', bsi = 1138', cnt = 1019', bdch = 68387', odch = 21745', lcp = 18496', #sols = 150
<DWph=0> <it=  5> <et=4.81> <Mt= 0.00> <Spt= 0.02> <nCl= 22> <al=0.00> <DB= 2818.3667> <Mlp= 2818.3667> <PB=2815.4> 
RCSP solver dynamic params and stats :  bidir.bord. = 446 aver.obdmd = 11.2742 aver.buck.num. = 13.2742 nbR1C = 13 with avMem = 23.3846
@@ 108 0 2818.37 0.0037345 0.004298 46.0261 4.81
ColGenEvalAlg final dual bound: 2818.37 (rounded: 2818.37)
Current active cuts : R1C(1+12,91.0167) 1rowPackR1C(1) 3rowPackR1C(5) 4rowPackR1C(3) 5rowPackR1C(4)
**** SB phase 3 evaluation of candidate 1, branch 2 ( x[(17, 26)]_0_1002_0_OspV >= 1 ), value = 2818.15
<DWph=2> <it=  1> <et=4.84> <Mt= 0.00> <Spt= 0.00> <nCl=  4> <al=0.50> <DB= 2752.6909> <Mlp= 2818.1455> <PB=2815.4> 
<DWph=2> <it=  2> <et=4.84> <Mt= 0.00> <Spt= 0.00> <nCl=  5> <al=0.55> <DB= 2711.2500> <Mlp= 2817.6000> <PB=2815.4> 
<DWph=2> <it=  3> <et=4.85> <Mt= 0.00> <Spt= 0.01> <nCl=  8> <al=0.19> <DB= 2797.7955> <Mlp= 2817.6000> <PB=2815.4> 
<DWph=2> <it=  4> <et=4.86> <Mt= 0.00> <Spt= 0.01> <nCl=  7> <al=0.00> <DB= 2817.6000> <Mlp= 2817.6000> <PB=2815.4> 
<DWph=1> <it=  5> <et=4.86> <Mt= 0.00> <Spt= 0.00> <nCl=  5> <al=0.00> <DB= 2817.6000> <Mlp= 2817.6000> <PB=2815.4> 
    RCSP exact solver info for graph G_0 : TT = 0.004257, pt = 0.000225, dt = 0.003282, ct = 0.000327, ndl = 1344', bdl = 10995', odl = 2594', odf = 13814', bsi = 1077', cnt = 1098', bdch = 51677', odch = 17209', lcp = 14652', #sols = 150
<DWph=0> <it=  6> <et=4.87> <Mt= 0.00> <Spt= 0.01> <nCl= 84> <al=0.30> <DB= 1941.4318> <Mlp= 2817.6000> <PB=2815.4> 
    RCSP exact solver info for graph G_0 : TT = 0.004651, pt = 0.00026, dt = 0.003574, ct = 0.000381, ndl = 1668', bdl = 13103', odl = 2865', odf = 15529', bsi = 1186', cnt = 1173', bdch = 71127', odch = 25299', lcp = 21399', #sols = 150
<DWph=0> <it=  7> <et=4.88> <Mt= 0.01> <Spt= 0.01> <nCl=120> <al=0.37> <DB= 2440.6972> <Mlp= 2817.6000> <PB=2815.4> 
    RCSP exact solver info for graph G_0 : TT = 0.004469, pt = 0.000206, dt = 0.003387, ct = 0.0004, ndl = 1763', bdl = 13534', odl = 2909', odf = 16066', bsi = 1154', cnt = 1150', bdch = 75751', odch = 27508', lcp = 23374', #sols = 150
<DWph=0> <it=  8> <et=4.90> <Mt= 0.00> <Spt= 0.01> <nCl= 82> <al=0.27> <DB= 2669.0797> <Mlp= 2815.4000> <PB=2815.4> 
    RCSP exact solver info for graph G_0 : TT = 0.004797, pt = 0.00025, dt = 0.00371, ct = 0.000354, ndl = 1753', bdl = 13274', odl = 2800', odf = 15477', bsi = 1171', cnt = 1241', bdch = 74321', odch = 26795', lcp = 22613', #sols = 150
<DWph=0> <it=  9> <et=4.91> <Mt= 0.00> <Spt= 0.01> <nCl= 50> <al=0.17> <DB= 2750.5503> <Mlp= 2815.4000> <PB=2815.4> 
    RCSP exact solver info for graph G_0 : TT = 0.004397, pt = 0.000205, dt = 0.00343, ct = 0.000352, ndl = 1988', bdl = 14488', odl = 3103', odf = 17184', bsi = 1200', cnt = 1304', bdch = 96189', odch = 35228', lcp = 30389', #sols = 150
<DWph=0> <it= 10> <et=4.92> <Mt= 0.00> <Spt= 0.00> <nCl= 29> <al=0.25> <DB= 2794.7763> <Mlp= 2815.4000> <PB=2815.4> 
    RCSP exact solver info for graph G_0 : TT = 0.004331, pt = 0.000215, dt = 0.003416, ct = 0.000302, ndl = 1959', bdl = 14425', odl = 3083', odf = 17047', bsi = 1191', cnt = 1290', bdch = 93463', odch = 34091', lcp = 29303', #sols = 150
    RCSP exact solver info for graph G_0 : TT = 0.003523, pt = 0.000161, dt = 0.002776, ct = 0.000252, ndl = 1436', bdl = 11732', odl = 2675', odf = 14263', bsi = 1022', cnt = 943', bdch = 58194', odch = 19269', lcp = 16302', #sols = 150
<DWph=0> <it= 11> <et=4.93> <Mt= 0.00> <Spt= 0.02> <nCl= 67> <al=0.00> <DB= 2815.4000> <Mlp= 2815.4000> <PB=2815.4> 
RCSP solver dynamic params and stats :  bidir.bord. = 446 aver.obdmd = 11.2742 aver.buck.num. = 13.2742 nbR1C = 8 with avMem = 19.5
@@ 109 0 2815.4 0.00370614 0.004064 46.0261 4.93
ColGenEvalAlg final dual bound: 2815.4 (rounded: 2815.4)
Current active cuts : R1C(1+7,81.8667) 1rowPackR1C(1) 3rowPackR1C(4) 4rowPackR1C(2) 5rowPackR1C(1)
 SB phase 3 candidate 1 is conquered !
SB with phases chosed candidate var x[(17, 26)]_0_1002_0_OspV (lhs=0.6)
New model incumbent solution 2815.4, TIME = 0h0m4s94t = 494
************************************************************************************************
Search is finished, global bounds : [ 2815.4 , 2815.4 ], TIME = 0h0m4s94t = 494
************************************************************************************************
[32mBaPCod : solution defined.[00m
statistics_cols: instance & :Optimal & cutoff & :bcRecRootDb & :bcTimeRootEval & :bcCountNodeProc & :bcRecBestDb & :bcRecBestInc & :bcTimeMain \\
statistics: instance_26-triangle & 1 & 1.0e7 & 2814.22 & 3.86 & 3 & 2815.40 & 2815.40 & 4.94 \\
########################################################
Route #1: 2 17 26 47 4 20 8 19 1 55 59 58 
Route #2: 7 37 45 56 48 54 
Route #3: 36 46 15 27 25 31 5 49 14 28 53 
Route #4: 38 12 24 11 51 43 57 9 52 
Route #5: 44 34 41 18 6 50 29 10 39 
Route #6: 60 21 40 33 23 16 22 32 13 3 35 30 42 
Cost 2815.4
########################################################

end_time=2026-04-20 14:15:48
exit_code=0
