instance_file=/mnt/c/Users/porin/OneDrive/Documentos/Python-Mestrado/Modelagem Matemática/Programação Inteira - Uchoa/Problema VRPRDL/instancias_turco/VRPRDL-triangle/vrptw_convertidos/instance_0-triangle.txt
instance_name=instance_0-triangle
start_time=2026-04-20 14:11:37

  Activating project at `~/VRPSolver/VRPSolverDemos/other/VRPTW`
Application parameters:
  batch  =>  nothing
  update  =>  false
  tikz  =>  nothing
  instance  =>  "/mnt/c/Users/porin/OneDrive/Documentos/Python-Mestrado/Modelagem Matemática/Programação Inteira - Uchoa/Problema VRPRDL/instancias_turco/VRPRDL-triangle/vrptw_convertidos/instance_0-triangle.txt"
  out  =>  nothing
  nosolve  =>  false
  ub  =>  1.0e7
  sol  =>  nothing
  cfg  =>  "/home/poringman/VRPSolver/VRPSolverDemos/other/VRPTW/config/VRPTW_set_2.cfg"
  enable_cap_res  =>  false
~~~~~~~~~~~~~~~~~~~~~~~~~~~~~~~~~~~~~~~~~~~~~~~~~~~~~~~~~~~~~~~~~~~~~~~~~~~~~~~~~~~~~
GIT VERSION RCSP: 
GIT BRANCH: 
~~~~~~~~~~~~~~~~~~~~~~~~~~~~~~~~~~~~~~~~~~~~~~~~~~~~~~~~~~~~~~~~~~~~~~~~~~~~~~~~~~~~~
VRPSolver v0.6.16, 10/11/2025, © Inria Bordeaux, France, vrpsolver.math.u-bordeaux.fr
      Corresponds to the solver by Pessoa, Sadykov, Uchoa and Vanderbeck (2020)
                 Paper: dx.doi.org/10.1007/s10107-020-01523-z
~~~~~~~~~~~~~~~~~~~~~~~~~~~~~~~~~~~~~~~~~~~~~~~~~~~~~~~~~~~~~~~~~~~~~~~~~~~~~~~~~~~~~
GIT VERSION BAPCOD: a7cb21f19424236c9d0da5dcf94961797a519470
GIT BRANCH: main
~~~~~~~~~~~~~~~~~~~~~~~~~~~~~~~~~~~~~~~~~~~~~~~~~~~~~~~~~~~~~~~~~~~~~~~~~~~~~~~~~~~~~
   BaPCod v0.84, 10/11/2025, © Inria Bordeaux, France, bapcod.math.u-bordeaux.fr 
           THIS CODE IS PROVIDED AS IS, USE IT AT YOUR OWN RISK
~~~~~~~~~~~~~~~~~~~~~~~~~~~~~~~~~~~~~~~~~~~~~~~~~~~~~~~~~~~~~~~~~~~~~~~~~~~~~~~~~~~~~
--- MAIN PARAMETERS ---
GlobalTimeLimitInTick = 2147483645
GlobalTimeLimit = 21474836
ClockType = 0
MaxNbOfBBtreeNodeTreated = 100000
optimalityGapTolerance = 1e-06
relOptimalityGapTolerance = 1e-09
ApplyPreprocessing = true
PreprocessVariablesLocalBounds = false
treeSearchStrategy = 1
OpenNodesLimit = 1000
DEFAULTPRINTLEVEL = 0
--- MIP SOLVER PARAMETERS ---
solverName = CPLEX_SOLVER
MipSolverMaxBBNodes = 2000000
MipSolverMaxTime = 360000
MipSolverMultiThread = 1
--- COLUMN GENERATION PARAMETERS ---
SolverSelectForMast = a
  colGenSubProbSolMode = customSolver
mastInitMode = localArtCol
ArtVarPenaltyUpdateFactor = 2
ArtVarMaxNbOfPenaltyUpdates = 5
MaxNbOfStagesInColGenProcedure = 3
GenerateProperColumns = false
InsertAllGeneratedColumnsInFormRatherThanInPool = true
InsertNewNonNegColumnsDirectlyInFormRatherThanInPool = true
ColumnCleanupThreshold = 10000
ColumnCleanupRatio = 0.66
ReducedCostFixingThreshold = 0.9
--- CUT GENERATION PARAMETERS ---
MasterCuttingPlanesDepthLimit = 1000
MaxNbOfCutGeneratedAtEachIter = 1000
CutTailingOffThreshold = 0.015
CutTailingOffCounterThreshold = 3
CutCleanupThreshold = 1
CutCleanupRatio = 0.66
ColGenSpRelaxationImprovementPriority = 2
--- STABILIZATION PARAMETERS ---
colGenDualPriceSmoothingAlphaFactor = 1
colGenDualPriceSmoothingBetaFactor = 0
colGenStabilizationFunctionType = none
colGenProximalStabilizationRule = undefined
StabilFuncKappa = 1
colGenStabilizationMaxTreeDepth = 10000
StabilizationMinPhaseOfStage = 0
--- PRIMAL HEURISTIC PARAMETERS ---
UseInitialPrimalHeur = false
MaxTimeForRestrictedMasterIpHeur = -1
CallFrequencyOfRestrictedMasterIpHeur = 5
MIPemphasisInRestrictedMasterIpHeur = 1
PolishingAfterTimeInRestrictedMasterIpHeur = -1
DivingHeurUseDepthLimit = -1
CallFrequencyOfDivingHeur = 1
LeastFractional
Closest2RoundUp
LeastGreedyCost
LeastCost
FixIntValBeforeRoundingHeur = true
MaxNbOfCgIteDuringRh = 5000
MaxLDSbreadth = 0
MaxLDSdepth = 0
DivingHeurStopsWithFirstFeasSol = false
DivingHeurPreprocessBeforeChoosingVar = false
StrongDivingCandidatesNumber = 1
EvalAlgParamsInDiving = max#cand. = 1 max#cg.iters = 10000 min.lvl.sp.restr. = 1 min#cut.rounds = 0 max#cut.rounds = 0 red.cost.fix&enum. = false tree.size.ratio = 1
LocalSearchHeurUseDepthLimit = -1
LeastFractional
Closest2RoundUp
LeastGreedyCost
LeastCost
MaxFactorOfColFixedByLocalSearchHeur = 0.8
MaxLocalSearchIterationCounter = 3
--- STRONG BRANCHING PARAMETERS ---
SimplifiedStrongBranchingParameterisation = true
StrongBranchingPhaseOneCandidatesNumber = 50
StrongBranchingPhaseOneTreeSizeEstimRatio = 100
StrongBranchingPhaseTwoCandidatesNumber = 3
StrongBranchingPhaseTwoTreeSizeEstimRatio = 100
SafeDualBoundScaleFactor = -1
StrongBranchingPhaseOne = max#cand. = 50 max#cg.iters = 0 min.lvl.sp.restr. = 0 min#cut.rounds = 0 max#cut.rounds = 0 red.cost.fix&enum. = false tree.size.ratio = 100
StrongBranchingPhaseTwo = max#cand. = 3 max#cg.iters = 10000 min.lvl.sp.restr. = 1 min#cut.rounds = 0 max#cut.rounds = 0 red.cost.fix&enum. = false tree.size.ratio = 100
StrongBranchingPhaseThree = max#cand. = 1 max#cg.iters = 10000 min.lvl.sp.restr. = 0 min#cut.rounds = 0 max#cut.rounds = 10000 red.cost.fix&enum. = true tree.size.ratio = 1
StrongBranchingPhaseFour =not active
--- DEBUG OUTPUT PARAMETERS ---
printMasterPrimalSols = 0
--- VRPSOLVER PARAMETERS ---
RCSPstopCutGenTimeThresholdInPricing = 30
RCSPhardTimeThresholdInPricing = 20
RCSPredCostFixingTimeThreshold = 100
RCSPnumberOfBucketsPerVertex = 25
RCSPdynamicBucketSteps = 1
RCSPuseBidirectionalSearch = 1
RCSPapplyReducedCostFixing = 1
RCSPmaxNumOfColsPerIteration = 30
RCSPmaxNumOfColsPerExactIteration = 150
RCSPmaxNumOfLabelsInEnumeration = 1000000
RCSPmaxNumOfLabelsInHeurEnumeration = 0
RCSPmaxNumOfEnumeratedSolutions = 5000000
RCSPmaxNumOfEnumSolutionsForMIP = 10000
RCSPmaxNumOfEnumSolsForEndOfNodeMIP = 10000
RCSPinitNGneighbourhoodSize = 8
RCSPmaxNGneighbourhoodSize = 16
RCSPrankOneCutsMaxNumRows = 5
RCSPrankOneCutsMaxNumPerRound = 100
RCSPrankOneCutsMemoryType = 1
RCSPrankOneCutsLSnumIterations = 1000
RCSPallowRoutesWithSameVerticesSet = true
RCSPredCostFixingFalseGap = 0
SafeDualBoundScaleFactor = -1
RCSPmaxNumOfLabelsInHeurEnumeration = 0
MaxNumEnumSolsInRestrictedMasterIpHeur = 5000

prName & bcTimeMain \\ 
New model incumbent solution 1e+07, TIME = 0h0m0s36t = 36
RCSP solver info : size of non-robust cut bitmask in a label is 640 bits
Bucket steps were recalculated for graph G_0 : [28.8]
RCSP solver info : non-symmetric case as associated vars of the reverse arc of 0->15 are not the same
Bidirectional border value is initialised to 414.9
RCSP solver info : number of forw. reachable buckets / buck. strongly connected components is 167( 83.5% ) / 157( 94.012% )
RCSP solver info : number of back. reachable buckets / buck. strongly connected components is 164( 82% ) / 154( 93.9024% )
RCSP solver info: std. label size is 56, ext. label size is 136
Generating neighbourhoods for rank-1 cuts separation
Building structures for 4- and 5-row rank-1 packing cut separation...done!
Model is built TIME = 0h0m0s36t = 36
************************************************************************************************
**** BaB tree root node
**** Local DB = -1e+12, global bounds : [ -1e+12 , 1e+07 ], TIME = 0h0m0s36t = 36
**** 1 open nodes, 0 columns (0 active), 0 dyn. constrs. (0 active), 32 art. vars. (32 active)
************************************************************************************************
#<DWph=2> <it=  1> <et=0.36> <Mt= 0.00> <Spt= 0.00> <nCl= 30> <al=0.00> <DB=-1979990257.5000> <Mlp=192000000.0000> <PB=10000000> 
#<DWph=2> <it=  2> <et=0.36> <Mt= 0.00> <Spt= 0.00> <nCl= 23> <al=0.55> <DB=-1072793886.3300> <Mlp=36000664.1000> <PB=10000000> 
#<DWph=2> <it=  3> <et=0.36> <Mt= 0.00> <Spt= 0.00> <nCl= 30> <al=0.45> <DB=-925554056.7685> <Mlp=36000664.1000> <PB=10000000> 
#<DWph=2> <it=  4> <et=0.36> <Mt= 0.00> <Spt= 0.00> <nCl= 30> <al=0.35> <DB=-503657241.6460> <Mlp=12000975.8333> <PB=10000000> 
#<DWph=2> <it=  5> <et=0.36> <Mt= 0.00> <Spt= 0.00> <nCl= 30> <al=0.42> <DB=-409381932.6365> <Mlp=2182956.0182> <PB=10000000> 
<DWph=2> <it=  6> <et=0.36> <Mt= 0.00> <Spt= 0.00> <nCl= 30> <al=0.00> <DB= -885.5500> <Mlp= 1053.9500> <PB=10000000> 
<DWph=2> <it=  7> <et=0.37> <Mt= 0.00> <Spt= 0.00> <nCl= 30> <al=0.37> <DB= -775.0772> <Mlp=  978.4000> <PB=10000000> 
<DWph=2> <it=  8> <et=0.37> <Mt= 0.00> <Spt= 0.00> <nCl= 30> <al=0.44> <DB= -418.8990> <Mlp=  922.7750> <PB=10000000> 
Shrinking heuristic shrunk 12 edges
avgVertexMem: 8 , colsForbidden = 0, phase-I = 0, phase-II = 0, colNonElem = 0, colElem = 3, TT =  0.000132
<DWph=2> <it=  9> <et=0.37> <Mt= 0.00> <Spt= 0.00> <nCl= 26> <al=0.49> <DB= -249.4098> <Mlp=  866.6000> <PB=866.6> 
<DWph=2> <it= 10> <et=0.37> <Mt= 0.00> <Spt= 0.00> <nCl= 25> <al=0.39> <DB=  204.8934> <Mlp=  866.6000> <PB=866.6> 
<DWph=2> <it= 11> <et=0.37> <Mt= 0.00> <Spt= 0.00> <nCl= 21> <al=0.45> <DB=  481.8115> <Mlp=  866.6000> <PB=866.6> 
<DWph=2> <it= 12> <et=0.37> <Mt= 0.00> <Spt= 0.00> <nCl= 21> <al=0.35> <DB=  668.5434> <Mlp=  866.6000> <PB=866.6> 
<DWph=2> <it= 13> <et=0.37> <Mt= 0.00> <Spt= 0.00> <nCl= 10> <al=0.25> <DB=  788.2787> <Mlp=  866.6000> <PB=866.6> 
<DWph=2> <it= 14> <et=0.37> <Mt= 0.00> <Spt= 0.00> <nCl= 11> <al=0.15> <DB=  751.1817> <Mlp=  866.6000> <PB=866.6> 
<DWph=2> <it= 15> <et=0.37> <Mt= 0.00> <Spt= 0.00> <nCl= 10> <al=0.24> <DB=  793.0339> <Mlp=  866.6000> <PB=866.6> 
<DWph=2> <it= 16> <et=0.37> <Mt= 0.00> <Spt= 0.00> <nCl=  2> <al=0.31> <DB=  807.7944> <Mlp=  866.6000> <PB=866.6> 
Shrinking heuristic shrunk 13 edges
ng-neighbourhood is not increased: max avg neigh size is reached 
<DWph=2> <it= 17> <et=0.37> <Mt= 0.00> <Spt= 0.00> <nCl=  2> <al=0.00> <DB=  862.7000> <Mlp=  862.7000> <PB=862.7> 
<DWph=1> <it= 18> <et=0.37> <Mt= 0.00> <Spt= 0.00> <nCl= 12> <al=0.11> <DB=  664.7000> <Mlp=  862.7000> <PB=862.7> 
<DWph=1> <it= 19> <et=0.37> <Mt= 0.00> <Spt= 0.00> <nCl=  9> <al=0.20> <DB=  680.0658> <Mlp=  862.7000> <PB=862.7> 
<DWph=1> <it= 20> <et=0.37> <Mt= 0.00> <Spt= 0.00> <nCl=  4> <al=0.00> <DB=  845.4500> <Mlp=  862.7000> <PB=862.7> 
<DWph=1> <it= 21> <et=0.37> <Mt= 0.00> <Spt= 0.00> <nCl=  2> <al=0.00> <DB=  862.7000> <Mlp=  862.7000> <PB=862.7> 
    RCSP exact solver info for graph G_0 : TT = 0.000252, pt = 4e-06, dt = 7.6e-05, ct = 6.5e-05, ndl = 81', bdl = 68', odl = 113', odf = 688', bsi = 406', cnt = 332', bdch = 373', odch = 311', lcp = 73', #sols = 150
    RCSP exact solver info for graph G_0 : TT = 0.000229, pt = 9e-06, dt = 6.6e-05, ct = 4.8e-05, ndl = 85', bdl = 84', odl = 107', odf = 639', bsi = 393', cnt = 324', bdch = 368', odch = 257', lcp = 50', #sols = 150
<DWph=0> <it= 22> <et=0.37> <Mt= 0.00> <Spt= 0.00> <nCl= 82> <al=0.00> <DB=  862.7000> <Mlp=  862.7000> <PB=862.7> 
RCSP solver dynamic params and stats :  bidir.bord. = 394.2 aver.obdmd = 8.70588 aver.buck.num. = 11.7647
@@ 1 0 862.7 0.0001275 0.000141 55.2313 0.37
ColGenEvalAlg final dual bound: 862.7 (rounded: 862.7)
New model incumbent solution 862.7, TIME = 0h0m0s37t = 37
************************************************************************************************
Search is finished, global bounds : [ 862.7 , 862.7 ], TIME = 0h0m0s37t = 37
************************************************************************************************
[32mBaPCod : solution defined.[00m
statistics_cols: instance & :Optimal & cutoff & :bcRecRootDb & :bcTimeRootEval & :bcCountNodeProc & :bcRecBestDb & :bcRecBestInc & :bcTimeMain \\
statistics: instance_0-triangle & 1 & 1.0e7 & 862.70 & 0.37 & 1 & 862.70 & 862.70 & 0.37 \\
########################################################
Route #1: 6 7 11 4 5 12 2 14 8 
Route #2: 15 10 13 3 9 1 
Cost 862.6999999999999
########################################################

end_time=2026-04-20 14:11:46
exit_code=0
