instance_file=/mnt/c/Users/porin/OneDrive/Documentos/Python-Mestrado/Modelagem Matemática/Programação Inteira - Uchoa/Problema VRPRDL/instancias_turco/VRPRDL-triangle/vrptw_convertidos/instance_11-triangle.txt
instance_name=instance_11-triangle
start_time=2026-04-20 14:12:04

  Activating project at `~/VRPSolver/VRPSolverDemos/other/VRPTW`
Application parameters:
  batch  =>  nothing
  update  =>  false
  tikz  =>  nothing
  instance  =>  "/mnt/c/Users/porin/OneDrive/Documentos/Python-Mestrado/Modelagem Matemática/Programação Inteira - Uchoa/Problema VRPRDL/instancias_turco/VRPRDL-triangle/vrptw_convertidos/instance_11-triangle.txt"
  out  =>  nothing
  nosolve  =>  false
  ub  =>  1.0e7
  sol  =>  nothing
  cfg  =>  "/home/poringman/VRPSolver/VRPSolverDemos/other/VRPTW/config/VRPTW_set_2.cfg"
  enable_cap_res  =>  false
~~~~~~~~~~~~~~~~~~~~~~~~~~~~~~~~~~~~~~~~~~~~~~~~~~~~~~~~~~~~~~~~~~~~~~~~~~~~~~~~~~~~~
GIT VERSION RCSP: 
GIT BRANCH: 
~~~~~~~~~~~~~~~~~~~~~~~~~~~~~~~~~~~~~~~~~~~~~~~~~~~~~~~~~~~~~~~~~~~~~~~~~~~~~~~~~~~~~
VRPSolver v0.6.16, 10/11/2025, © Inria Bordeaux, France, vrpsolver.math.u-bordeaux.fr
      Corresponds to the solver by Pessoa, Sadykov, Uchoa and Vanderbeck (2020)
                 Paper: dx.doi.org/10.1007/s10107-020-01523-z
~~~~~~~~~~~~~~~~~~~~~~~~~~~~~~~~~~~~~~~~~~~~~~~~~~~~~~~~~~~~~~~~~~~~~~~~~~~~~~~~~~~~~
GIT VERSION BAPCOD: a7cb21f19424236c9d0da5dcf94961797a519470
GIT BRANCH: main
~~~~~~~~~~~~~~~~~~~~~~~~~~~~~~~~~~~~~~~~~~~~~~~~~~~~~~~~~~~~~~~~~~~~~~~~~~~~~~~~~~~~~
   BaPCod v0.84, 10/11/2025, © Inria Bordeaux, France, bapcod.math.u-bordeaux.fr 
           THIS CODE IS PROVIDED AS IS, USE IT AT YOUR OWN RISK
~~~~~~~~~~~~~~~~~~~~~~~~~~~~~~~~~~~~~~~~~~~~~~~~~~~~~~~~~~~~~~~~~~~~~~~~~~~~~~~~~~~~~
--- MAIN PARAMETERS ---
GlobalTimeLimitInTick = 2147483645
GlobalTimeLimit = 21474836
ClockType = 0
MaxNbOfBBtreeNodeTreated = 100000
optimalityGapTolerance = 1e-06
relOptimalityGapTolerance = 1e-09
ApplyPreprocessing = true
PreprocessVariablesLocalBounds = false
treeSearchStrategy = 1
OpenNodesLimit = 1000
DEFAULTPRINTLEVEL = 0
--- MIP SOLVER PARAMETERS ---
solverName = CPLEX_SOLVER
MipSolverMaxBBNodes = 2000000
MipSolverMaxTime = 360000
MipSolverMultiThread = 1
--- COLUMN GENERATION PARAMETERS ---
SolverSelectForMast = a
  colGenSubProbSolMode = customSolver
mastInitMode = localArtCol
ArtVarPenaltyUpdateFactor = 2
ArtVarMaxNbOfPenaltyUpdates = 5
MaxNbOfStagesInColGenProcedure = 3
GenerateProperColumns = false
InsertAllGeneratedColumnsInFormRatherThanInPool = true
InsertNewNonNegColumnsDirectlyInFormRatherThanInPool = true
ColumnCleanupThreshold = 10000
ColumnCleanupRatio = 0.66
ReducedCostFixingThreshold = 0.9
--- CUT GENERATION PARAMETERS ---
MasterCuttingPlanesDepthLimit = 1000
MaxNbOfCutGeneratedAtEachIter = 1000
CutTailingOffThreshold = 0.015
CutTailingOffCounterThreshold = 3
CutCleanupThreshold = 1
CutCleanupRatio = 0.66
ColGenSpRelaxationImprovementPriority = 2
--- STABILIZATION PARAMETERS ---
colGenDualPriceSmoothingAlphaFactor = 1
colGenDualPriceSmoothingBetaFactor = 0
colGenStabilizationFunctionType = none
colGenProximalStabilizationRule = undefined
StabilFuncKappa = 1
colGenStabilizationMaxTreeDepth = 10000
StabilizationMinPhaseOfStage = 0
--- PRIMAL HEURISTIC PARAMETERS ---
UseInitialPrimalHeur = false
MaxTimeForRestrictedMasterIpHeur = -1
CallFrequencyOfRestrictedMasterIpHeur = 5
MIPemphasisInRestrictedMasterIpHeur = 1
PolishingAfterTimeInRestrictedMasterIpHeur = -1
DivingHeurUseDepthLimit = -1
CallFrequencyOfDivingHeur = 1
LeastFractional
Closest2RoundUp
LeastGreedyCost
LeastCost
FixIntValBeforeRoundingHeur = true
MaxNbOfCgIteDuringRh = 5000
MaxLDSbreadth = 0
MaxLDSdepth = 0
DivingHeurStopsWithFirstFeasSol = false
DivingHeurPreprocessBeforeChoosingVar = false
StrongDivingCandidatesNumber = 1
EvalAlgParamsInDiving = max#cand. = 1 max#cg.iters = 10000 min.lvl.sp.restr. = 1 min#cut.rounds = 0 max#cut.rounds = 0 red.cost.fix&enum. = false tree.size.ratio = 1
LocalSearchHeurUseDepthLimit = -1
LeastFractional
Closest2RoundUp
LeastGreedyCost
LeastCost
MaxFactorOfColFixedByLocalSearchHeur = 0.8
MaxLocalSearchIterationCounter = 3
--- STRONG BRANCHING PARAMETERS ---
SimplifiedStrongBranchingParameterisation = true
StrongBranchingPhaseOneCandidatesNumber = 50
StrongBranchingPhaseOneTreeSizeEstimRatio = 100
StrongBranchingPhaseTwoCandidatesNumber = 3
StrongBranchingPhaseTwoTreeSizeEstimRatio = 100
SafeDualBoundScaleFactor = -1
StrongBranchingPhaseOne = max#cand. = 50 max#cg.iters = 0 min.lvl.sp.restr. = 0 min#cut.rounds = 0 max#cut.rounds = 0 red.cost.fix&enum. = false tree.size.ratio = 100
StrongBranchingPhaseTwo = max#cand. = 3 max#cg.iters = 10000 min.lvl.sp.restr. = 1 min#cut.rounds = 0 max#cut.rounds = 0 red.cost.fix&enum. = false tree.size.ratio = 100
StrongBranchingPhaseThree = max#cand. = 1 max#cg.iters = 10000 min.lvl.sp.restr. = 0 min#cut.rounds = 0 max#cut.rounds = 10000 red.cost.fix&enum. = true tree.size.ratio = 1
StrongBranchingPhaseFour =not active
--- DEBUG OUTPUT PARAMETERS ---
printMasterPrimalSols = 0
--- VRPSOLVER PARAMETERS ---
RCSPstopCutGenTimeThresholdInPricing = 30
RCSPhardTimeThresholdInPricing = 20
RCSPredCostFixingTimeThreshold = 100
RCSPnumberOfBucketsPerVertex = 25
RCSPdynamicBucketSteps = 1
RCSPuseBidirectionalSearch = 1
RCSPapplyReducedCostFixing = 1
RCSPmaxNumOfColsPerIteration = 30
RCSPmaxNumOfColsPerExactIteration = 150
RCSPmaxNumOfLabelsInEnumeration = 1000000
RCSPmaxNumOfLabelsInHeurEnumeration = 0
RCSPmaxNumOfEnumeratedSolutions = 5000000
RCSPmaxNumOfEnumSolutionsForMIP = 10000
RCSPmaxNumOfEnumSolsForEndOfNodeMIP = 10000
RCSPinitNGneighbourhoodSize = 8
RCSPmaxNGneighbourhoodSize = 16
RCSPrankOneCutsMaxNumRows = 5
RCSPrankOneCutsMaxNumPerRound = 100
RCSPrankOneCutsMemoryType = 1
RCSPrankOneCutsLSnumIterations = 1000
RCSPallowRoutesWithSameVerticesSet = true
RCSPredCostFixingFalseGap = 0
SafeDualBoundScaleFactor = -1
RCSPmaxNumOfLabelsInHeurEnumeration = 0
MaxNumEnumSolsInRestrictedMasterIpHeur = 5000

prName & bcTimeMain \\ 
New model incumbent solution 1e+07, TIME = 0h0m0s35t = 35
RCSP solver info : size of non-robust cut bitmask in a label is 640 bits
Bucket steps were recalculated for graph G_0 : [28.8]
RCSP solver info : non-symmetric case as associated vars of the reverse arc of 0->30 are not the same
Bidirectional border value is initialised to 382
RCSP solver info : number of forw. reachable buckets / buck. strongly connected components is 307( 87.7143% ) / 285( 92.8339% )
RCSP solver info : number of back. reachable buckets / buck. strongly connected components is 292( 83.4286% ) / 267( 91.4384% )
RCSP solver info: std. label size is 56, ext. label size is 136
Generating neighbourhoods for rank-1 cuts separation
Building structures for 4- and 5-row rank-1 packing cut separation...done!
Model is built TIME = 0h0m0s35t = 35
************************************************************************************************
**** BaB tree root node
**** Local DB = -1e+12, global bounds : [ -1e+12 , 1e+07 ], TIME = 0h0m0s35t = 35
**** 1 open nodes, 0 columns (0 active), 0 dyn. constrs. (0 active), 62 art. vars. (62 active)
************************************************************************************************
#<DWph=2> <it=  1> <et=0.35> <Mt= 0.00> <Spt= 0.00> <nCl= 30> <al=0.00> <DB=-5399980122.0000> <Mlp=372000000.0000> <PB=10000000> 
#<DWph=2> <it=  2> <et=0.35> <Mt= 0.00> <Spt= 0.00> <nCl= 30> <al=0.55> <DB=-3752979957.8250> <Mlp=180000651.5000> <PB=10000000> 
#<DWph=2> <it=  3> <et=0.35> <Mt= 0.00> <Spt= 0.00> <nCl= 30> <al=0.45> <DB=-3074543431.9913> <Mlp=102001320.6000> <PB=10000000> 
#<DWph=2> <it=  4> <et=0.36> <Mt= 0.00> <Spt= 0.00> <nCl= 30> <al=0.51> <DB=-2048085000.2631> <Mlp=48001688.7500> <PB=10000000> 
#<DWph=2> <it=  5> <et=0.36> <Mt= 0.00> <Spt= 0.00> <nCl= 30> <al=0.41> <DB=-1845176830.7499> <Mlp=24707666.4941> <PB=10000000> 
#<DWph=2> <it=  6> <et=0.36> <Mt= 0.00> <Spt= 0.00> <nCl= 30> <al=0.46> <DB=-1171937403.4524> <Mlp=8573439.9786> <PB=10000000> 
#<DWph=2> <it=  7> <et=0.36> <Mt= 0.00> <Spt= 0.00> <nCl= 30> <al=0.52> <DB=-714811307.4021> <Mlp=2943209.9980> <PB=10000000> 
<DWph=2> <it=  8> <et=0.36> <Mt= 0.00> <Spt= 0.00> <nCl= 30> <al=0.00> <DB=-47276.3854> <Mlp= 2048.9690> <PB=10000000> 
<DWph=2> <it=  9> <et=0.36> <Mt= 0.00> <Spt= 0.00> <nCl= 30> <al=0.32> <DB=-17544.1400> <Mlp= 1994.2133> <PB=10000000> 
<DWph=2> <it= 10> <et=0.36> <Mt= 0.00> <Spt= 0.00> <nCl= 30> <al=0.22> <DB=-8760.8463> <Mlp= 1973.7306> <PB=10000000> 
<DWph=2> <it= 11> <et=0.36> <Mt= 0.00> <Spt= 0.00> <nCl= 30> <al=0.12> <DB=-6563.5484> <Mlp= 1920.3438> <PB=10000000> 
<DWph=2> <it= 12> <et=0.36> <Mt= 0.00> <Spt= 0.00> <nCl= 30> <al=0.21> <DB=-10080.0045> <Mlp= 1856.3843> <PB=10000000> 
<DWph=2> <it= 13> <et=0.37> <Mt= 0.00> <Spt= 0.00> <nCl= 30> <al=0.29> <DB=-4572.6100> <Mlp= 1794.7918> <PB=10000000> 
<DWph=2> <it= 14> <et=0.37> <Mt= 0.00> <Spt= 0.00> <nCl= 30> <al=0.19> <DB=-4175.8972> <Mlp= 1774.0256> <PB=10000000> 
<DWph=2> <it= 15> <et=0.37> <Mt= 0.00> <Spt= 0.01> <nCl= 30> <al=0.27> <DB=-3291.1331> <Mlp= 1744.9895> <PB=10000000> 
<DWph=2> <it= 16> <et=0.37> <Mt= 0.00> <Spt= 0.00> <nCl= 30> <al=0.34> <DB= -570.5759> <Mlp= 1657.7617> <PB=10000000> 
<DWph=2> <it= 17> <et=0.37> <Mt= 0.00> <Spt= 0.00> <nCl= 30> <al=0.24> <DB= -629.4301> <Mlp= 1645.9000> <PB=10000000> 
<DWph=2> <it= 18> <et=0.37> <Mt= 0.00> <Spt= 0.00> <nCl= 24> <al=0.32> <DB=  352.8137> <Mlp= 1622.6500> <PB=10000000> 
<DWph=2> <it= 19> <et=0.37> <Mt= 0.00> <Spt= 0.00> <nCl= 30> <al=0.38> <DB=  189.5993> <Mlp= 1618.3500> <PB=10000000> 
<DWph=2> <it= 20> <et=0.37> <Mt= 0.00> <Spt= 0.00> <nCl= 15> <al=0.45> <DB=  962.3366> <Mlp= 1610.1250> <PB=10000000> 
<DWph=2> <it= 21> <et=0.38> <Mt= 0.00> <Spt= 0.00> <nCl= 25> <al=0.35> <DB=  783.4798> <Mlp= 1607.9000> <PB=10000000> 
<DWph=2> <it= 22> <et=0.38> <Mt= 0.00> <Spt= 0.00> <nCl= 26> <al=0.41> <DB= 1002.5000> <Mlp= 1607.9000> <PB=10000000> 
<DWph=2> <it= 23> <et=0.38> <Mt= 0.01> <Spt= 0.00> <nCl= 28> <al=0.31> <DB= 1191.0038> <Mlp= 1607.6974> <PB=10000000> 
<DWph=2> <it= 24> <et=0.38> <Mt= 0.00> <Spt= 0.00> <nCl= 12> <al=0.38> <DB= 1409.5024> <Mlp= 1597.0000> <PB=10000000> 
<DWph=2> <it= 25> <et=0.38> <Mt= 0.00> <Spt= 0.00> <nCl=  6> <al=0.28> <DB= 1539.6726> <Mlp= 1594.9000> <PB=10000000> 
<DWph=2> <it= 26> <et=0.38> <Mt= 0.00> <Spt= 0.00> <nCl= 11> <al=0.00> <DB= 1594.9000> <Mlp= 1594.9000> <PB=10000000> 
<DWph=1> <it= 27> <et=0.38> <Mt= 0.00> <Spt= 0.00> <nCl= 12> <al=0.08> <DB= 1275.4000> <Mlp= 1594.9000> <PB=10000000> 
<DWph=1> <it= 28> <et=0.38> <Mt= 0.00> <Spt= 0.00> <nCl=  3> <al=0.00> <DB= 1576.9000> <Mlp= 1594.9000> <PB=10000000> 
<DWph=1> <it= 29> <et=0.38> <Mt= 0.00> <Spt= 0.00> <nCl=  2> <al=0.00> <DB= 1594.9000> <Mlp= 1594.9000> <PB=10000000> 
    RCSP exact solver info for graph G_0 : TT = 0.000667, pt = 6e-06, dt = 0.000284, ct = 0.000204, ndl = 288', bdl = 949', odl = 483', odf = 2699', bsi = 592', cnt = 447', bdch = 3788', odch = 2013', lcp = 753', #sols = 150
<DWph=0> <it= 30> <et=0.39> <Mt= 0.00> <Spt= 0.01> <nCl=124> <al=0.00> <DB= 1036.9000> <Mlp= 1594.9000> <PB=10000000> 
    RCSP exact solver info for graph G_0 : TT = 0.000778, pt = 1.7e-05, dt = 0.000338, ct = 9.3e-05, ndl = 315', bdl = 979', odl = 473', odf = 2654', bsi = 627', cnt = 513', bdch = 3906', odch = 1862', lcp = 840', #sols = 150
<DWph=0> <it= 31> <et=0.39> <Mt= 0.00> <Spt= 0.00> <nCl= 81> <al=0.08> <DB= 1298.3785> <Mlp= 1591.2667> <PB=10000000> 
    RCSP exact solver info for graph G_0 : TT = 0.001095, pt = 1.7e-05, dt = 0.000405, ct = 0.000466, ndl = 309', bdl = 982', odl = 496', odf = 2816', bsi = 595', cnt = 465', bdch = 3928', odch = 1953', lcp = 795', #sols = 150
<DWph=0> <it= 32> <et=0.39> <Mt= 0.00> <Spt= 0.00> <nCl= 71> <al=0.18> <DB= 1487.0816> <Mlp= 1588.8667> <PB=10000000> 
    RCSP exact solver info for graph G_0 : TT = 0.000519, pt = 1.3e-05, dt = 0.000267, ct = 6.4e-05, ndl = 306', bdl = 979', odl = 492', odf = 2880', bsi = 585', cnt = 444', bdch = 3879', odch = 2004', lcp = 773', #sols = 150
    RCSP exact solver info for graph G_0 : TT = 0.000514, pt = 1.2e-05, dt = 0.000254, ct = 6.4e-05, ndl = 271', bdl = 863', odl = 463', odf = 2685', bsi = 549', cnt = 418', bdch = 3223', odch = 1700', lcp = 599', #sols = 150
<DWph=0> <it= 33> <et=0.40> <Mt= 0.00> <Spt= 0.01> <nCl= 62> <al=0.00> <DB= 1587.7667> <Mlp= 1587.7667> <PB=10000000> 
RCSP solver dynamic params and stats :  bidir.bord. = 398.9 aver.obdmd = 8.15625 aver.buck.num. = 10.9375
@@ 1 0 1587.77 0.0004878 0.000871 50.5484 0.4
RCSP      solver labels distribution in 103 buckets (bucket size) : largest - 12, top 0.1% - 12, top 0.5% - 12, top 2% - 11, top 10% - 6, top 50% - 2
Reduced cost fixing for graph G_0...  TT = 0.001034, pt = 7.2e-05, dt = 0.000791, ct = 0, ndl = 714', bdl = 5765', odl = 807', odf = 5884', lpcb = 1271', cnt = 7271', bdch = 22166', odch = 5600', lcp = 2596'
3605 buck. arcs remain (86.1% from prev., 42.8% from max.) + 75 jump buck. arcs (0.89% from max.)
Backward reduced cost fixing... 3791 buck. arcs remain (92.3% from prev., 47.5% from max.) + 117 jump buck. arcs (1.47% from max.)
 TT = 0.004163, pt = 7.2e-05, dt = 0.000791, ct = 0.003028, ndl = 714', bdl = 5765', odl = 807', odf = 5884', lpcb = 1271', cnt = 12334', bdch = 22166', odch = 5600', lcp = 2596'
RCSP      solver labels distribution in 203 buckets (bucket size) : largest - 33, top 0.1% - 33, top 0.5% - 18, top 2% - 16, top 10% - 8, top 50% - 2
Run forward enumeration with border = 398.9... succeeded! lpt = 0.130863, ndl = 13135', dl = 68626', lpcb = 2851', dch = 1939196'
Run backward enumeration... succeeded! lpt = 0.022641, ndl = 8641', dl = 3616', lpcb = 0', dch = 10723'
Run enumeration concatenation with time limit 0.3 sec.... time limit reached, not succeeded.
 TT = 0.700656, pt = 0.02538, dt = 0.153504, ct = 0.403345, ndl = 21776', bdl = 72242', lpcb = 2851', cnt = 315128', bdch = 1949919', odch = 0', lcp = 0'
ColGenEvalAlg final dual bound: 1587.77 (rounded: 1587.77)
Shrinking heuristic shrunk 8 edges
avgVertexMem: 8 , colsForbidden = 0, phase-I = 0, phase-II = 0, colNonElem = 0, colElem = 12, TT =  0.000414
41 Rank-1 3-rows pack. cuts added ,  max viol. = 0.333333, aver. viol. = 0.333333
Building structures for heuristic rank-1 packing cut separation...done!
100 Rank-1 4-rows pack. cuts added ,  max viol. = 0.666667, aver. viol. = 0.36
----- Add fac. cuts : R1C(141), max.viol = 0.666667, aver.viol = 0.352246, sep/add took 0.0121028/0.0283304 sec. -----
1042 columns (1042 active), 141 dyn. constrs. (141 active), 203 art. vars. (203 active)
Shrinking heuristic shrunk 26 edges
<DWph=2> <it=  1> <et=1.15> <Mt= 0.00> <Spt= 0.00> <nCl=  3> <al=0.50> <DB= 1596.9333> <Mlp= 1606.1000> <PB=1606.1> 
<DWph=2> <it=  2> <et=1.15> <Mt= 0.00> <Spt= 0.00> <nCl= 24> <al=0.00> <DB= 1510.1000> <Mlp= 1606.1000> <PB=1606.1> 
<DWph=2> <it=  3> <et=1.16> <Mt= 0.00> <Spt= 0.00> <nCl=  1> <al=0.00> <DB= 1606.1000> <Mlp= 1606.1000> <PB=1606.1> 
<DWph=1> <it=  4> <et=1.16> <Mt= 0.00> <Spt= 0.00> <nCl=  4> <al=0.00> <DB= 1606.1000> <Mlp= 1606.1000> <PB=1606.1> 
    RCSP exact solver info for graph G_0 : TT = 0.000653, pt = 4.2e-05, dt = 0.000333, ct = 8.6e-05, ndl = 317', bdl = 918', odl = 469', odf = 2877', bsi = 610', cnt = 504', bdch = 3773', odch = 1962', lcp = 763', #sols = 150
<DWph=0> <it=  5> <et=1.16> <Mt= 0.00> <Spt= 0.01> <nCl= 76> <al=0.10> <DB= 1384.1000> <Mlp= 1606.1000> <PB=1606.1> 
    RCSP exact solver info for graph G_0 : TT = 0.00065, pt = 5.7e-05, dt = 0.000295, ct = 8e-05, ndl = 310', bdl = 919', odl = 474', odf = 2895', bsi = 608', cnt = 514', bdch = 3889', odch = 1965', lcp = 758', #sols = 150
<DWph=0> <it=  6> <et=1.17> <Mt= 0.00> <Spt= 0.00> <nCl= 62> <al=0.00> <DB= 1594.1000> <Mlp= 1606.1000> <PB=1606.1> 
    RCSP exact solver info for graph G_0 : TT = 0.000644, pt = 5.2e-05, dt = 0.000299, ct = 8.2e-05, ndl = 312', bdl = 918', odl = 474', odf = 2903', bsi = 605', cnt = 511', bdch = 3927', odch = 1972', lcp = 781', #sols = 150
    RCSP exact solver info for graph G_0 : TT = 0.000629, pt = 5e-05, dt = 0.0003, ct = 7.9e-05, ndl = 310', bdl = 919', odl = 474', odf = 2901', bsi = 606', cnt = 512', bdch = 3866', odch = 1968', lcp = 753', #sols = 150
<DWph=0> <it=  7> <et=1.17> <Mt= 0.00> <Spt= 0.00> <nCl=  0> <al=0.00> <DB= 1606.1000> <Mlp= 1606.1000> <PB=1606.1> 
RCSP solver dynamic params and stats :  bidir.bord. = 415 aver.obdmd = 8.15625 aver.buck.num. = 10.9375 nbR1C = 4 with avMem = 18.5
@@ 1 1 1606.1 0.0003885 0.000419 46.2401 1.17
ColGenEvalAlg final dual bound: 1606.1 (rounded: 1606.1)
Gap improvement since the last cut separation : 1 (1587.77)
Current active cuts : R1C(4,40) 3rowPackR1C(1) 4rowPackR1C(3)
New model incumbent solution 1606.1, TIME = 0h0m1s17t = 117
************************************************************************************************
Search is finished, global bounds : [ 1606.1 , 1606.1 ], TIME = 0h0m1s17t = 117
************************************************************************************************
[32mBaPCod : solution defined.[00m
statistics_cols: instance & :Optimal & cutoff & :bcRecRootDb & :bcTimeRootEval & :bcCountNodeProc & :bcRecBestDb & :bcRecBestInc & :bcTimeMain \\
statistics: instance_11-triangle & 1 & 1.0e7 & 1606.10 & 1.17 & 1 & 1606.10 & 1606.10 & 1.17 \\
########################################################
Route #1: 4 22 10 14 1 20 6 8 
Route #2: 13 12 9 23 19 
Route #3: 16 30 18 28 26 7 25 21 15 
Route #4: 17 24 27 5 2 29 11 3 
Cost 1606.1
########################################################

end_time=2026-04-20 14:12:13
exit_code=0
