instance_json=/mnt/c/Users/porin/OneDrive/Documentos/Python-Mestrado/Modelagem Matemática/Programação Inteira - Uchoa/Problema VRPRDL/instancias_turco/VRPRDL-triangle/json_convertidos/instance_34-triangle.json
instance_log=/mnt/c/Users/porin/OneDrive/Documentos/Python-Mestrado/Modelagem Matemática/Programação Inteira - Uchoa/Problema VRPRDL/instancias_turco/VRPRDL-triangle/logs_vrptw_convertidos/instance_34-triangle.log
alpha_wait=0.0
start_time=2026-04-20 13:38:26

========================================
Instância       : instance_34-triangle.txt
JSON            : /mnt/c/Users/porin/OneDrive/Documentos/Python-Mestrado/Modelagem Matemática/Programação Inteira - Uchoa/Problema VRPRDL/instancias_turco/VRPRDL-triangle/json_convertidos/instance_34-triangle.json
VRPSolver log   : /mnt/c/Users/porin/OneDrive/Documentos/Python-Mestrado/Modelagem Matemática/Programação Inteira - Uchoa/Problema VRPRDL/instancias_turco/VRPRDL-triangle/logs_vrptw_convertidos/instance_34-triangle.log
n_customers     : 120
n_locations     : 452
time_horizon    : 720
capacity        : 750
alpha_wait      : 0.0
========================================
[vrpsolver] backbones lidos: 0
[pool] rotas do VRPSolver/variantes: 0
[pool] singletons viáveis           : 120 / 120
[pool] total inicial                : 120
[cg] it=  1  LP=32764.0000  cols=120  new=0  rc_min=0.0000
[cg] LP bound = 32764.0  |  resolvendo MIP com 120 colunas...
========================================
CG finalizado.
status MIP      : OPTIMAL
LP bound        : 32764.0
MIP objetivo    : 32764.0
veículos usados : 120
tempo total     : 1.11 s
========================================
Rotas selecionadas:
  Route #1  travel= 130  wait=472  cost=130.00  demand=54
      customers: 1
      locations: 5
  Route #2  travel=  94  wait=  0  cost=94.00  demand=51
      customers: 2
      locations: 7
  Route #3  travel=  72  wait= 77  cost=72.00  demand=51
      customers: 3
      locations: 11
  Route #4  travel=   6  wait=  0  cost=6.00  demand=65
      customers: 4
      locations: 14
  Route #5  travel= 186  wait=  0  cost=186.00  demand=41
      customers: 5
      locations: 17
  Route #6  travel=  54  wait=577  cost=54.00  demand=51
      customers: 6
      locations: 24
  Route #7  travel= 260  wait= 47  cost=260.00  demand=48
      customers: 7
      locations: 26
  Route #8  travel= 248  wait=182  cost=248.00  demand=67
      customers: 8
      locations: 29
  Route #9  travel= 446  wait=201  cost=446.00  demand=42
      customers: 9
      locations: 34
  Route #10  travel=  96  wait=  0  cost=96.00  demand=50
      customers: 10
      locations: 36
  Route #11  travel= 402  wait=  0  cost=402.00  demand=57
      customers: 11
      locations: 40
  Route #12  travel= 164  wait=  0  cost=164.00  demand=51
      customers: 12
      locations: 41
  Route #13  travel= 128  wait=480  cost=128.00  demand=25
      customers: 13
      locations: 45
  Route #14  travel=  74  wait=  2  cost=74.00  demand=49
      customers: 14
      locations: 47
  Route #15  travel= 716  wait=  0  cost=716.00  demand=70
      customers: 15
      locations: 53
  Route #16  travel= 316  wait=348  cost=316.00  demand=59
      customers: 16
      locations: 60
  Route #17  travel= 340  wait=  0  cost=340.00  demand=27
      customers: 17
      locations: 64
  Route #18  travel=  22  wait=481  cost=22.00  demand=50
      customers: 18
      locations: 72
  Route #19  travel= 718  wait=  0  cost=718.00  demand=51
      customers: 19
      locations: 76
  Route #20  travel= 168  wait=324  cost=168.00  demand=38
      customers: 20
      locations: 80
  Route #21  travel= 634  wait= 69  cost=634.00  demand=68
      customers: 21
      locations: 84
  Route #22  travel= 154  wait=484  cost=154.00  demand=24
      customers: 22
      locations: 89
  Route #23  travel= 250  wait=353  cost=250.00  demand=34
      customers: 23
      locations: 93
  Route #24  travel=  68  wait=  0  cost=68.00  demand=50
      customers: 24
      locations: 94
  Route #25  travel= 696  wait=  0  cost=696.00  demand=32
      customers: 25
      locations: 98
  Route #26  travel=  76  wait=427  cost=76.00  demand=57
      customers: 26
      locations: 102
  Route #27  travel= 454  wait=  0  cost=454.00  demand=78
      customers: 27
      locations: 104
  Route #28  travel=  80  wait=578  cost=80.00  demand=45
      customers: 28
      locations: 108
  Route #29  travel= 276  wait=298  cost=276.00  demand=22
      customers: 29
      locations: 112
  Route #30  travel= 186  wait=249  cost=186.00  demand=40
      customers: 30
      locations: 115
  Route #31  travel= 264  wait= 72  cost=264.00  demand=47
      customers: 31
      locations: 118
  Route #32  travel=  48  wait=  0  cost=48.00  demand=42
      customers: 32
      locations: 120
  Route #33  travel= 458  wait=  0  cost=458.00  demand=44
      customers: 33
      locations: 125
  Route #34  travel= 418  wait=  0  cost=418.00  demand=76
      customers: 34
      locations: 129
  Route #35  travel= 294  wait=354  cost=294.00  demand=61
      customers: 35
      locations: 135
  Route #36  travel=  36  wait=623  cost=36.00  demand=87
      customers: 36
      locations: 142
  Route #37  travel=  98  wait=588  cost=98.00  demand=78
      customers: 37
      locations: 148
  Route #38  travel= 560  wait=111  cost=560.00  demand=54
      customers: 38
      locations: 151
  Route #39  travel=  88  wait= 38  cost=88.00  demand=38
      customers: 39
      locations: 154
  Route #40  travel= 368  wait=  0  cost=368.00  demand=70
      customers: 40
      locations: 159
  Route #41  travel= 204  wait=  0  cost=204.00  demand=45
      customers: 41
      locations: 160
  Route #42  travel= 622  wait=  0  cost=622.00  demand=47
      customers: 42
      locations: 161
  Route #43  travel= 522  wait= 32  cost=522.00  demand=32
      customers: 43
      locations: 164
  Route #44  travel= 182  wait=463  cost=182.00  demand=22
      customers: 44
      locations: 169
  Route #45  travel= 252  wait=277  cost=252.00  demand=38
      customers: 45
      locations: 173
  Route #46  travel=  26  wait=330  cost=26.00  demand=39
      customers: 46
      locations: 178
  Route #47  travel=  64  wait=  0  cost=64.00  demand=55
      customers: 47
      locations: 181
  Route #48  travel=  38  wait=  0  cost=38.00  demand=73
      customers: 48
      locations: 184
  Route #49  travel=  68  wait=511  cost=68.00  demand=66
      customers: 49
      locations: 190
  Route #50  travel= 158  wait=421  cost=158.00  demand=53
      customers: 50
      locations: 196
  Route #51  travel= 262  wait=  0  cost=262.00  demand=56
      customers: 51
      locations: 198
  Route #52  travel= 438  wait=151  cost=438.00  demand=49
      customers: 52
      locations: 202
  Route #53  travel= 460  wait=  0  cost=460.00  demand=40
      customers: 53
      locations: 207
  Route #54  travel= 136  wait=260  cost=136.00  demand=57
      customers: 54
      locations: 211
  Route #55  travel= 580  wait=  0  cost=580.00  demand=64
      customers: 55
      locations: 213
  Route #56  travel=  86  wait=563  cost=86.00  demand=33
      customers: 56
      locations: 216
  Route #57  travel=  90  wait=190  cost=90.00  demand=24
      customers: 57
      locations: 219
  Route #58  travel= 130  wait=536  cost=130.00  demand=80
      customers: 58
      locations: 226
  Route #59  travel= 414  wait=  0  cost=414.00  demand=42
      customers: 59
      locations: 228
  Route #60  travel= 280  wait=  0  cost=280.00  demand=36
      customers: 60
      locations: 229
  Route #61  travel= 160  wait=433  cost=160.00  demand=48
      customers: 61
      locations: 234
  Route #62  travel=  90  wait=  0  cost=90.00  demand=49
      customers: 62
      locations: 236
  Route #63  travel=  50  wait=200  cost=50.00  demand=44
      customers: 63
      locations: 239
  Route #64  travel=  12  wait=  0  cost=12.00  demand=67
      customers: 64
      locations: 243
  Route #65  travel= 194  wait=  0  cost=194.00  demand=57
      customers: 65
      locations: 247
  Route #66  travel= 128  wait=250  cost=128.00  demand=46
      customers: 66
      locations: 251
  Route #67  travel= 112  wait=  0  cost=112.00  demand=47
      customers: 67
      locations: 254
  Route #68  travel=  44  wait=575  cost=44.00  demand=59
      customers: 68
      locations: 264
  Route #69  travel= 434  wait= 84  cost=434.00  demand=47
      customers: 69
      locations: 267
  Route #70  travel= 268  wait=  0  cost=268.00  demand=57
      customers: 70
      locations: 271
  Route #71  travel= 108  wait=439  cost=108.00  demand=45
      customers: 71
      locations: 276
  Route #72  travel= 172  wait=  0  cost=172.00  demand=52
      customers: 72
      locations: 278
  Route #73  travel= 416  wait=135  cost=416.00  demand=36
      customers: 73
      locations: 281
  Route #74  travel= 214  wait=198  cost=214.00  demand=34
      customers: 74
      locations: 283
  Route #75  travel= 218  wait=209  cost=218.00  demand=46
      customers: 75
      locations: 288
  Route #76  travel=  34  wait=462  cost=34.00  demand=56
      customers: 76
      locations: 293
  Route #77  travel= 128  wait=560  cost=128.00  demand=63
      customers: 77
      locations: 297
  Route #78  travel= 712  wait=  2  cost=712.00  demand=66
      customers: 78
      locations: 300
  Route #79  travel= 192  wait=283  cost=192.00  demand=38
      customers: 79
      locations: 305
  Route #80  travel= 382  wait=263  cost=382.00  demand=43
      customers: 80
      locations: 309
  Route #81  travel= 664  wait=  0  cost=664.00  demand=67
      customers: 81
      locations: 313
  Route #82  travel= 372  wait=144  cost=372.00  demand=52
      customers: 82
      locations: 316
  Route #83  travel= 334  wait= 49  cost=334.00  demand=32
      customers: 83
      locations: 320
  Route #84  travel= 562  wait=  0  cost=562.00  demand=42
      customers: 84
      locations: 325
  Route #85  travel= 342  wait=225  cost=342.00  demand=34
      customers: 85
      locations: 330
  Route #86  travel= 466  wait= 12  cost=466.00  demand=52
      customers: 86
      locations: 332
  Route #87  travel= 312  wait=404  cost=312.00  demand=30
      customers: 87
      locations: 337
  Route #88  travel=  48  wait=455  cost=48.00  demand=41
      customers: 88
      locations: 344
  Route #89  travel= 112  wait=  0  cost=112.00  demand=32
      customers: 89
      locations: 345
  Route #90  travel= 488  wait=  0  cost=488.00  demand=35
      customers: 90
      locations: 346
  Route #91  travel= 306  wait=  0  cost=306.00  demand=58
      customers: 91
      locations: 348
  Route #92  travel= 354  wait= 59  cost=354.00  demand=67
      customers: 92
      locations: 351
  Route #93  travel= 168  wait=119  cost=168.00  demand=66
      customers: 93
      locations: 354
  Route #94  travel= 360  wait=182  cost=360.00  demand=58
      customers: 94
      locations: 359
  Route #95  travel= 320  wait= 88  cost=320.00  demand=73
      customers: 95
      locations: 364
  Route #96  travel=  78  wait=  0  cost=78.00  demand=34
      customers: 96
      locations: 368
  Route #97  travel= 162  wait=355  cost=162.00  demand=43
      customers: 97
      locations: 374
  Route #98  travel= 116  wait=156  cost=116.00  demand=45
      customers: 98
      locations: 378
  Route #99  travel= 210  wait=102  cost=210.00  demand=34
      customers: 99
      locations: 382
  Route #100  travel=  74  wait=  0  cost=74.00  demand=56
      customers: 100
      locations: 385
  Route #101  travel= 298  wait=223  cost=298.00  demand=66
      customers: 101
      locations: 390
  Route #102  travel= 198  wait=206  cost=198.00  demand=20
      customers: 102
      locations: 393
  Route #103  travel= 314  wait= 14  cost=314.00  demand=76
      customers: 103
      locations: 397
  Route #104  travel= 124  wait=228  cost=124.00  demand=37
      customers: 104
      locations: 402
  Route #105  travel= 114  wait=  0  cost=114.00  demand=62
      customers: 105
      locations: 404
  Route #106  travel= 696  wait=  0  cost=696.00  demand=65
      customers: 106
      locations: 405
  Route #107  travel= 292  wait=184  cost=292.00  demand=29
      customers: 107
      locations: 407
  Route #108  travel= 194  wait=219  cost=194.00  demand=77
      customers: 108
      locations: 411
  Route #109  travel= 466  wait=246  cost=466.00  demand=54
      customers: 109
      locations: 416
  Route #110  travel=  34  wait=266  cost=34.00  demand=36
      customers: 110
      locations: 419
  Route #111  travel= 344  wait=  0  cost=344.00  demand=82
      customers: 111
      locations: 421
  Route #112  travel= 596  wait=  0  cost=596.00  demand=49
      customers: 112
      locations: 426
  Route #113  travel= 156  wait=  0  cost=156.00  demand=49
      customers: 113
      locations: 427
  Route #114  travel= 622  wait=  0  cost=622.00  demand=35
      customers: 114
      locations: 430
  Route #115  travel= 606  wait=  0  cost=606.00  demand=29
      customers: 115
      locations: 431
  Route #116  travel= 642  wait=  6  cost=642.00  demand=45
      customers: 116
      locations: 434
  Route #117  travel= 674  wait=  0  cost=674.00  demand=34
      customers: 117
      locations: 438
  Route #118  travel= 198  wait=298  cost=198.00  demand=45
      customers: 118
      locations: 442
  Route #119  travel= 490  wait=216  cost=490.00  demand=20
      customers: 119
      locations: 448
  Route #120  travel= 632  wait=  0  cost=632.00  demand=32
      customers: 120
      locations: 450

end_time=2026-04-20 13:38:27
