instance_json=/mnt/c/Users/porin/OneDrive/Documentos/Python-Mestrado/Modelagem Matemática/Programação Inteira - Uchoa/Problema VRPRDL/instancias_turco/VRPRDL-triangle/json_convertidos/instance_5-triangle.json
instance_log=/mnt/c/Users/porin/OneDrive/Documentos/Python-Mestrado/Modelagem Matemática/Programação Inteira - Uchoa/Problema VRPRDL/instancias_turco/VRPRDL-triangle/logs_vrptw_convertidos/instance_5-triangle.log
alpha_wait=0.0
start_time=2026-04-20 13:38:31

========================================
Instância       : instance_5-triangle.txt
JSON            : /mnt/c/Users/porin/OneDrive/Documentos/Python-Mestrado/Modelagem Matemática/Programação Inteira - Uchoa/Problema VRPRDL/instancias_turco/VRPRDL-triangle/json_convertidos/instance_5-triangle.json
VRPSolver log   : /mnt/c/Users/porin/OneDrive/Documentos/Python-Mestrado/Modelagem Matemática/Programação Inteira - Uchoa/Problema VRPRDL/instancias_turco/VRPRDL-triangle/logs_vrptw_convertidos/instance_5-triangle.log
n_customers     : 20
n_locations     : 67
time_horizon    : 720
capacity        : 750
alpha_wait      : 0.0
========================================
[vrpsolver] backbones lidos: 0
[pool] rotas do VRPSolver/variantes: 0
[pool] singletons viáveis           : 20 / 20
[pool] total inicial                : 20
[cg] it=  1  LP=5754.0000  cols=20  new=0  rc_min=0.0000
[cg] LP bound = 5754.0  |  resolvendo MIP com 20 colunas...
========================================
CG finalizado.
status MIP      : OPTIMAL
LP bound        : 5754.0
MIP objetivo    : 5754.0
veículos usados : 20
tempo total     : 0.04 s
========================================
Rotas selecionadas:
  Route #1  travel= 444  wait=  0  cost=444.00  demand=31
      customers: 1
      locations: 2
  Route #2  travel= 100  wait=  0  cost=100.00  demand=52
      customers: 2
      locations: 4
  Route #3  travel=  58  wait=500  cost=58.00  demand=80
      customers: 3
      locations: 7
  Route #4  travel= 396  wait=288  cost=396.00  demand=60
      customers: 4
      locations: 13
  Route #5  travel=   8  wait=  0  cost=8.00  demand=69
      customers: 5
      locations: 14
  Route #6  travel= 276  wait=  0  cost=276.00  demand=40
      customers: 6
      locations: 18
  Route #7  travel= 586  wait=  0  cost=586.00  demand=29
      customers: 7
      locations: 20
  Route #8  travel= 346  wait=265  cost=346.00  demand=62
      customers: 8
      locations: 24
  Route #9  travel= 324  wait=  0  cost=324.00  demand=36
      customers: 9
      locations: 27
  Route #10  travel= 224  wait=394  cost=224.00  demand=56
      customers: 10
      locations: 33
  Route #11  travel= 324  wait=  0  cost=324.00  demand=68
      customers: 11
      locations: 35
  Route #12  travel=  16  wait=  0  cost=16.00  demand=46
      customers: 12
      locations: 36
  Route #13  travel= 318  wait=357  cost=318.00  demand=35
      customers: 13
      locations: 45
  Route #14  travel= 270  wait=  0  cost=270.00  demand=31
      customers: 14
      locations: 47
  Route #15  travel= 568  wait=145  cost=568.00  demand=64
      customers: 15
      locations: 52
  Route #16  travel= 242  wait=198  cost=242.00  demand=55
      customers: 16
      locations: 55
  Route #17  travel= 152  wait=  0  cost=152.00  demand=28
      customers: 17
      locations: 59
  Route #18  travel= 606  wait=  0  cost=606.00  demand=56
      customers: 18
      locations: 60
  Route #19  travel= 130  wait=  0  cost=130.00  demand=49
      customers: 19
      locations: 61
  Route #20  travel= 366  wait=305  cost=366.00  demand=33
      customers: 20
      locations: 65

end_time=2026-04-20 13:38:31
