instance_json=/mnt/c/Users/porin/OneDrive/Documentos/Python-Mestrado/Modelagem Matemática/Programação Inteira - Uchoa/Problema VRPRDL/instancias_turco/VRPRDL-triangle/json_convertidos/instance_4-triangle.json
instance_log=/mnt/c/Users/porin/OneDrive/Documentos/Python-Mestrado/Modelagem Matemática/Programação Inteira - Uchoa/Problema VRPRDL/instancias_turco/VRPRDL-triangle/logs_vrptw_convertidos/instance_4-triangle.log
alpha_wait=0.0
start_time=2026-04-20 13:38:31

========================================
Instância       : instance_4-triangle.txt
JSON            : /mnt/c/Users/porin/OneDrive/Documentos/Python-Mestrado/Modelagem Matemática/Programação Inteira - Uchoa/Problema VRPRDL/instancias_turco/VRPRDL-triangle/json_convertidos/instance_4-triangle.json
VRPSolver log   : /mnt/c/Users/porin/OneDrive/Documentos/Python-Mestrado/Modelagem Matemática/Programação Inteira - Uchoa/Problema VRPRDL/instancias_turco/VRPRDL-triangle/logs_vrptw_convertidos/instance_4-triangle.log
n_customers     : 15
n_locations     : 53
time_horizon    : 720
capacity        : 750
alpha_wait      : 0.0
========================================
[vrpsolver] backbones lidos: 0
[pool] rotas do VRPSolver/variantes: 0
[pool] singletons viáveis           : 15 / 15
[pool] total inicial                : 15
[cg] it=  1  LP=5806.0000  cols=15  new=0  rc_min=0.0000
[cg] LP bound = 5806.0  |  resolvendo MIP com 15 colunas...
========================================
CG finalizado.
status MIP      : OPTIMAL
LP bound        : 5806.0
MIP objetivo    : 5806.0
veículos usados : 15
tempo total     : 0.06 s
========================================
Rotas selecionadas:
  Route #1  travel= 468  wait= 55  cost=468.00  demand=49
      customers: 1
      locations: 3
  Route #2  travel= 718  wait=  0  cost=718.00  demand=45
      customers: 2
      locations: 8
  Route #3  travel= 528  wait=  0  cost=528.00  demand=39
      customers: 3
      locations: 11
  Route #4  travel=  74  wait=586  cost=74.00  demand=67
      customers: 4
      locations: 16
  Route #5  travel= 426  wait=  0  cost=426.00  demand=71
      customers: 5
      locations: 18
  Route #6  travel= 448  wait= 31  cost=448.00  demand=38
      customers: 6
      locations: 23
  Route #7  travel= 640  wait=  0  cost=640.00  demand=34
      customers: 7
      locations: 25
  Route #8  travel= 614  wait=  0  cost=614.00  demand=32
      customers: 8
      locations: 26
  Route #9  travel= 150  wait=296  cost=150.00  demand=57
      customers: 9
      locations: 29
  Route #10  travel= 198  wait=309  cost=198.00  demand=63
      customers: 10
      locations: 36
  Route #11  travel=  52  wait=630  cost=52.00  demand=66
      customers: 11
      locations: 40
  Route #12  travel= 114  wait=  0  cost=114.00  demand=64
      customers: 12
      locations: 41
  Route #13  travel= 532  wait=  0  cost=532.00  demand=73
      customers: 13
      locations: 45
  Route #14  travel= 606  wait= 27  cost=606.00  demand=68
      customers: 14
      locations: 48
  Route #15  travel= 238  wait=  0  cost=238.00  demand=80
      customers: 15
      locations: 51

end_time=2026-04-20 13:38:31
