instance_json=/mnt/c/Users/porin/OneDrive/Documentos/Python-Mestrado/Modelagem Matemática/Programação Inteira - Uchoa/Problema VRPRDL/instancias_turco/VRPRDL-triangle/json_convertidos/instance_7-triangle.json
instance_log=/mnt/c/Users/porin/OneDrive/Documentos/Python-Mestrado/Modelagem Matemática/Programação Inteira - Uchoa/Problema VRPRDL/instancias_turco/VRPRDL-triangle/logs_vrptw_convertidos/instance_7-triangle.log
alpha_wait=0.0
start_time=2026-04-20 13:38:32

========================================
Instância       : instance_7-triangle.txt
JSON            : /mnt/c/Users/porin/OneDrive/Documentos/Python-Mestrado/Modelagem Matemática/Programação Inteira - Uchoa/Problema VRPRDL/instancias_turco/VRPRDL-triangle/json_convertidos/instance_7-triangle.json
VRPSolver log   : /mnt/c/Users/porin/OneDrive/Documentos/Python-Mestrado/Modelagem Matemática/Programação Inteira - Uchoa/Problema VRPRDL/instancias_turco/VRPRDL-triangle/logs_vrptw_convertidos/instance_7-triangle.log
n_customers     : 20
n_locations     : 81
time_horizon    : 720
capacity        : 750
alpha_wait      : 0.0
========================================
[vrpsolver] backbones lidos: 0
[pool] rotas do VRPSolver/variantes: 0
[pool] singletons viáveis           : 20 / 20
[pool] total inicial                : 20
[cg] it=  1  LP=6002.0000  cols=20  new=0  rc_min=0.0000
[cg] LP bound = 6002.0  |  resolvendo MIP com 20 colunas...
========================================
CG finalizado.
status MIP      : OPTIMAL
LP bound        : 6002.0
MIP objetivo    : 6002.0
veículos usados : 20
tempo total     : 0.05 s
========================================
Rotas selecionadas:
  Route #1  travel=  48  wait=  0  cost=48.00  demand=33
      customers: 1
      locations: 1
  Route #2  travel= 494  wait=171  cost=494.00  demand=50
      customers: 2
      locations: 8
  Route #3  travel= 592  wait=  0  cost=592.00  demand=39
      customers: 3
      locations: 10
  Route #4  travel= 434  wait=  0  cost=434.00  demand=65
      customers: 4
      locations: 11
  Route #5  travel=  94  wait=521  cost=94.00  demand=49
      customers: 5
      locations: 17
  Route #6  travel=  82  wait=290  cost=82.00  demand=80
      customers: 6
      locations: 21
  Route #7  travel=  66  wait=390  cost=66.00  demand=58
      customers: 7
      locations: 25
  Route #8  travel= 314  wait=  0  cost=314.00  demand=40
      customers: 8
      locations: 29
  Route #9  travel= 290  wait=  0  cost=290.00  demand=48
      customers: 9
      locations: 32
  Route #10  travel= 134  wait= 89  cost=134.00  demand=75
      customers: 10
      locations: 34
  Route #11  travel= 108  wait=  0  cost=108.00  demand=48
      customers: 11
      locations: 38
  Route #12  travel= 646  wait=  0  cost=646.00  demand=41
      customers: 12
      locations: 42
  Route #13  travel= 336  wait=368  cost=336.00  demand=43
      customers: 13
      locations: 47
  Route #14  travel= 528  wait= 15  cost=528.00  demand=47
      customers: 14
      locations: 50
  Route #15  travel= 406  wait=115  cost=406.00  demand=38
      customers: 15
      locations: 56
  Route #16  travel= 140  wait= 46  cost=140.00  demand=19
      customers: 16
      locations: 61
  Route #17  travel= 180  wait=494  cost=180.00  demand=53
      customers: 17
      locations: 69
  Route #18  travel= 450  wait= 80  cost=450.00  demand=41
      customers: 18
      locations: 73
  Route #19  travel= 638  wait=  0  cost=638.00  demand=52
      customers: 19
      locations: 75
  Route #20  travel=  22  wait=  0  cost=22.00  demand=50
      customers: 20
      locations: 76

end_time=2026-04-20 13:38:32
