instance_json=/mnt/c/Users/porin/OneDrive/Documentos/Python-Mestrado/Modelagem Matemática/Programação Inteira - Uchoa/Problema VRPRDL/instancias_turco/VRPRDL-triangle/json_convertidos/instance_30-triangle.json
instance_log=/mnt/c/Users/porin/OneDrive/Documentos/Python-Mestrado/Modelagem Matemática/Programação Inteira - Uchoa/Problema VRPRDL/instancias_turco/VRPRDL-triangle/logs_vrptw_convertidos/instance_30-triangle.log
alpha_wait=0.0
start_time=2026-04-20 13:38:23

========================================
Instância       : instance_30-triangle.txt
JSON            : /mnt/c/Users/porin/OneDrive/Documentos/Python-Mestrado/Modelagem Matemática/Programação Inteira - Uchoa/Problema VRPRDL/instancias_turco/VRPRDL-triangle/json_convertidos/instance_30-triangle.json
VRPSolver log   : /mnt/c/Users/porin/OneDrive/Documentos/Python-Mestrado/Modelagem Matemática/Programação Inteira - Uchoa/Problema VRPRDL/instancias_turco/VRPRDL-triangle/logs_vrptw_convertidos/instance_30-triangle.log
n_customers     : 120
n_locations     : 462
time_horizon    : 720
capacity        : 750
alpha_wait      : 0.0
========================================
[vrpsolver] backbones lidos: 0
[pool] rotas do VRPSolver/variantes: 0
[pool] singletons viáveis           : 120 / 120
[pool] total inicial                : 120
[cg] it=  1  LP=32546.0000  cols=120  new=0  rc_min=0.0000
[cg] LP bound = 32546.0  |  resolvendo MIP com 120 colunas...
========================================
CG finalizado.
status MIP      : OPTIMAL
LP bound        : 32546.0
MIP objetivo    : 32546.0
veículos usados : 120
tempo total     : 0.69 s
========================================
Rotas selecionadas:
  Route #1  travel=  86  wait=  0  cost=86.00  demand=73
      customers: 1
      locations: 1
  Route #2  travel= 222  wait= 43  cost=222.00  demand=40
      customers: 2
      locations: 3
  Route #3  travel= 618  wait=  0  cost=618.00  demand=41
      customers: 3
      locations: 5
  Route #4  travel=  34  wait= 61  cost=34.00  demand=46
      customers: 4
      locations: 7
  Route #5  travel= 208  wait=  0  cost=208.00  demand=20
      customers: 5
      locations: 12
  Route #6  travel= 412  wait=107  cost=412.00  demand=41
      customers: 6
      locations: 14
  Route #7  travel= 228  wait=  0  cost=228.00  demand=44
      customers: 7
      locations: 17
  Route #8  travel= 460  wait= 92  cost=460.00  demand=60
      customers: 8
      locations: 20
  Route #9  travel= 540  wait= 14  cost=540.00  demand=65
      customers: 9
      locations: 24
  Route #10  travel= 172  wait=  0  cost=172.00  demand=48
      customers: 10
      locations: 26
  Route #11  travel= 576  wait=  0  cost=576.00  demand=63
      customers: 11
      locations: 27
  Route #12  travel= 220  wait=303  cost=220.00  demand=64
      customers: 12
      locations: 33
  Route #13  travel= 506  wait=  0  cost=506.00  demand=55
      customers: 13
      locations: 36
  Route #14  travel= 450  wait= 70  cost=450.00  demand=33
      customers: 14
      locations: 39
  Route #15  travel= 486  wait=134  cost=486.00  demand=39
      customers: 15
      locations: 44
  Route #16  travel=  78  wait=  0  cost=78.00  demand=38
      customers: 16
      locations: 46
  Route #17  travel=  18  wait=  0  cost=18.00  demand=41
      customers: 17
      locations: 47
  Route #18  travel=  84  wait=  0  cost=84.00  demand=36
      customers: 18
      locations: 51
  Route #19  travel=  26  wait=  0  cost=26.00  demand=72
      customers: 19
      locations: 55
  Route #20  travel= 214  wait=366  cost=214.00  demand=47
      customers: 20
      locations: 58
  Route #21  travel= 316  wait=153  cost=316.00  demand=41
      customers: 21
      locations: 60
  Route #22  travel=  14  wait= 38  cost=14.00  demand=45
      customers: 22
      locations: 64
  Route #23  travel= 122  wait=  0  cost=122.00  demand=24
      customers: 23
      locations: 69
  Route #24  travel= 600  wait=  0  cost=600.00  demand=61
      customers: 24
      locations: 72
  Route #25  travel= 228  wait= 40  cost=228.00  demand=38
      customers: 25
      locations: 75
  Route #26  travel=  40  wait=  0  cost=40.00  demand=41
      customers: 26
      locations: 79
  Route #27  travel=  40  wait=  0  cost=40.00  demand=51
      customers: 27
      locations: 80
  Route #28  travel=  78  wait=  0  cost=78.00  demand=43
      customers: 28
      locations: 84
  Route #29  travel=  86  wait=340  cost=86.00  demand=39
      customers: 29
      locations: 88
  Route #30  travel=  36  wait=  0  cost=36.00  demand=62
      customers: 30
      locations: 90
  Route #31  travel= 384  wait=216  cost=384.00  demand=48
      customers: 31
      locations: 96
  Route #32  travel= 392  wait=  0  cost=392.00  demand=28
      customers: 32
      locations: 99
  Route #33  travel= 180  wait=352  cost=180.00  demand=27
      customers: 33
      locations: 104
  Route #34  travel= 314  wait=361  cost=314.00  demand=46
      customers: 34
      locations: 108
  Route #35  travel=  84  wait=235  cost=84.00  demand=70
      customers: 35
      locations: 112
  Route #36  travel= 666  wait=  0  cost=666.00  demand=79
      customers: 36
      locations: 115
  Route #37  travel= 212  wait=  6  cost=212.00  demand=48
      customers: 37
      locations: 117
  Route #38  travel= 280  wait=304  cost=280.00  demand=21
      customers: 38
      locations: 125
  Route #39  travel= 524  wait= 31  cost=524.00  demand=75
      customers: 39
      locations: 129
  Route #40  travel=  32  wait=  0  cost=32.00  demand=42
      customers: 40
      locations: 130
  Route #41  travel= 468  wait= 19  cost=468.00  demand=68
      customers: 41
      locations: 137
  Route #42  travel= 714  wait=  0  cost=714.00  demand=58
      customers: 42
      locations: 140
  Route #43  travel= 204  wait= 72  cost=204.00  demand=56
      customers: 43
      locations: 142
  Route #44  travel= 142  wait= 24  cost=142.00  demand=77
      customers: 44
      locations: 147
  Route #45  travel= 520  wait=  0  cost=520.00  demand=52
      customers: 45
      locations: 152
  Route #46  travel=  42  wait= 60  cost=42.00  demand=97
      customers: 46
      locations: 154
  Route #47  travel= 710  wait=  0  cost=710.00  demand=36
      customers: 47
      locations: 160
  Route #48  travel= 350  wait=277  cost=350.00  demand=49
      customers: 48
      locations: 165
  Route #49  travel= 500  wait=  0  cost=500.00  demand=35
      customers: 49
      locations: 169
  Route #50  travel= 512  wait=170  cost=512.00  demand=45
      customers: 50
      locations: 175
  Route #51  travel= 618  wait=  0  cost=618.00  demand=30
      customers: 51
      locations: 177
  Route #52  travel= 140  wait=409  cost=140.00  demand=42
      customers: 52
      locations: 181
  Route #53  travel= 622  wait= 33  cost=622.00  demand=58
      customers: 53
      locations: 187
  Route #54  travel= 312  wait=330  cost=312.00  demand=16
      customers: 54
      locations: 194
  Route #55  travel=   6  wait=  0  cost=6.00  demand=67
      customers: 55
      locations: 196
  Route #56  travel= 248  wait=  0  cost=248.00  demand=59
      customers: 56
      locations: 202
  Route #57  travel= 596  wait=118  cost=596.00  demand=39
      customers: 57
      locations: 207
  Route #58  travel=  72  wait=196  cost=72.00  demand=59
      customers: 58
      locations: 212
  Route #59  travel= 446  wait=  0  cost=446.00  demand=72
      customers: 59
      locations: 216
  Route #60  travel= 260  wait=100  cost=260.00  demand=39
      customers: 60
      locations: 219
  Route #61  travel= 344  wait=304  cost=344.00  demand=23
      customers: 61
      locations: 225
  Route #62  travel= 176  wait=318  cost=176.00  demand=57
      customers: 62
      locations: 229
  Route #63  travel=  32  wait=582  cost=32.00  demand=37
      customers: 63
      locations: 236
  Route #64  travel= 684  wait= 29  cost=684.00  demand=25
      customers: 64
      locations: 240
  Route #65  travel= 376  wait=141  cost=376.00  demand=69
      customers: 65
      locations: 245
  Route #66  travel= 170  wait=193  cost=170.00  demand=60
      customers: 66
      locations: 249
  Route #67  travel= 422  wait=  0  cost=422.00  demand=59
      customers: 67
      locations: 252
  Route #68  travel=  18  wait=  0  cost=18.00  demand=88
      customers: 68
      locations: 254
  Route #69  travel=  42  wait=290  cost=42.00  demand=67
      customers: 69
      locations: 263
  Route #70  travel= 312  wait=198  cost=312.00  demand=56
      customers: 70
      locations: 268
  Route #71  travel=  60  wait=628  cost=60.00  demand=32
      customers: 71
      locations: 273
  Route #72  travel= 130  wait=  0  cost=130.00  demand=47
      customers: 72
      locations: 274
  Route #73  travel= 234  wait=321  cost=234.00  demand=62
      customers: 73
      locations: 283
  Route #74  travel= 606  wait= 51  cost=606.00  demand=58
      customers: 74
      locations: 285
  Route #75  travel= 408  wait=194  cost=408.00  demand=47
      customers: 75
      locations: 290
  Route #76  travel=  38  wait=  0  cost=38.00  demand=81
      customers: 76
      locations: 293
  Route #77  travel= 264  wait=  0  cost=264.00  demand=41
      customers: 77
      locations: 298
  Route #78  travel= 244  wait=  0  cost=244.00  demand=68
      customers: 78
      locations: 299
  Route #79  travel= 194  wait=117  cost=194.00  demand=25
      customers: 79
      locations: 303
  Route #80  travel= 576  wait= 70  cost=576.00  demand=62
      customers: 80
      locations: 308
  Route #81  travel=  14  wait=  0  cost=14.00  demand=65
      customers: 81
      locations: 313
  Route #82  travel=  50  wait=  0  cost=50.00  demand=54
      customers: 82
      locations: 318
  Route #83  travel= 476  wait=  0  cost=476.00  demand=41
      customers: 83
      locations: 321
  Route #84  travel=  98  wait=240  cost=98.00  demand=67
      customers: 84
      locations: 325
  Route #85  travel= 362  wait=163  cost=362.00  demand=46
      customers: 85
      locations: 329
  Route #86  travel= 524  wait= 39  cost=524.00  demand=36
      customers: 86
      locations: 334
  Route #87  travel=  60  wait=140  cost=60.00  demand=17
      customers: 87
      locations: 337
  Route #88  travel= 334  wait=371  cost=334.00  demand=53
      customers: 88
      locations: 344
  Route #89  travel= 268  wait=409  cost=268.00  demand=28
      customers: 89
      locations: 349
  Route #90  travel= 666  wait=  0  cost=666.00  demand=10
      customers: 90
      locations: 351
  Route #91  travel= 152  wait=140  cost=152.00  demand=33
      customers: 91
      locations: 353
  Route #92  travel=  84  wait=  0  cost=84.00  demand=72
      customers: 92
      locations: 357
  Route #93  travel= 646  wait=  0  cost=646.00  demand=64
      customers: 93
      locations: 360
  Route #94  travel=  90  wait=  0  cost=90.00  demand=48
      customers: 94
      locations: 361
  Route #95  travel=  86  wait=299  cost=86.00  demand=67
      customers: 95
      locations: 367
  Route #96  travel=  40  wait=280  cost=40.00  demand=36
      customers: 96
      locations: 372
  Route #97  travel= 156  wait=  0  cost=156.00  demand=54
      customers: 97
      locations: 376
  Route #98  travel= 448  wait= 43  cost=448.00  demand=40
      customers: 98
      locations: 382
  Route #99  travel= 100  wait=  0  cost=100.00  demand=56
      customers: 99
      locations: 383
  Route #100  travel= 248  wait= 17  cost=248.00  demand=59
      customers: 100
      locations: 385
  Route #101  travel= 138  wait=  0  cost=138.00  demand=71
      customers: 101
      locations: 389
  Route #102  travel= 162  wait=446  cost=162.00  demand=46
      customers: 102
      locations: 396
  Route #103  travel= 268  wait=183  cost=268.00  demand=60
      customers: 103
      locations: 400
  Route #104  travel= 640  wait=  0  cost=640.00  demand=49
      customers: 104
      locations: 403
  Route #105  travel= 242  wait=  0  cost=242.00  demand=46
      customers: 105
      locations: 404
  Route #106  travel=  70  wait=  0  cost=70.00  demand=64
      customers: 106
      locations: 405
  Route #107  travel=   0  wait=  0  cost=0.00  demand=40
      customers: 107
      locations: 406
  Route #108  travel=  28  wait= 64  cost=28.00  demand=26
      customers: 108
      locations: 410
  Route #109  travel= 158  wait=  2  cost=158.00  demand=45
      customers: 109
      locations: 416
  Route #110  travel= 170  wait=312  cost=170.00  demand=57
      customers: 110
      locations: 422
  Route #111  travel= 386  wait=240  cost=386.00  demand=44
      customers: 111
      locations: 426
  Route #112  travel= 258  wait=  0  cost=258.00  demand=26
      customers: 112
      locations: 429
  Route #113  travel=  48  wait=  0  cost=48.00  demand=68
      customers: 113
      locations: 430
  Route #114  travel= 124  wait=494  cost=124.00  demand=22
      customers: 114
      locations: 439
  Route #115  travel= 444  wait= 64  cost=444.00  demand=50
      customers: 115
      locations: 443
  Route #116  travel=  64  wait=619  cost=64.00  demand=32
      customers: 116
      locations: 448
  Route #117  travel= 698  wait=  0  cost=698.00  demand=45
      customers: 117
      locations: 449
  Route #118  travel= 220  wait=100  cost=220.00  demand=60
      customers: 118
      locations: 451
  Route #119  travel= 374  wait=240  cost=374.00  demand=52
      customers: 119
      locations: 454
  Route #120  travel=  74  wait=  0  cost=74.00  demand=38
      customers: 120
      locations: 456

end_time=2026-04-20 13:38:24
