instance_file=/mnt/c/Users/porin/OneDrive/Documentos/Python-Mestrado/Modelagem Matemática/Programação Inteira - Uchoa/Problema VRPRDL/instancias_turco/VRPRDL-triangle/vrptw_padrao_convertidos/instance_14-triangle.txt
instance_name=instance_14-triangle
n_customers=30
capacity=750
k_ub=30
time_horizon=720
ub_mode=trivial
ub_used=5009.2
cfg=config/VRPTW_set_1.cfg
timeout_s=3600
start_time=2026-04-22 11:28:22
cmd=/home/poringman/.juliaup/bin/julia src/run.jl /mnt/c/Users/porin/OneDrive/Documentos/Python-Mestrado/Modelagem Matemática/Programação Inteira - Uchoa/Problema VRPRDL/instancias_turco/VRPRDL-triangle/vrptw_padrao_convertidos/instance_14-triangle.txt --cfg config/VRPTW_set_1.cfg -u 5009.2

  Activating project at `~/VRPSolver/VRPSolverDemos/other/VRPTW`
Application parameters:
  batch  =>  nothing
  update  =>  false
  tikz  =>  nothing
  instance  =>  "/mnt/c/Users/porin/OneDrive/Documentos/Python-Mestrado/Modelagem Matemática/Programação Inteira - Uchoa/Problema VRPRDL/instancias_turco/VRPRDL-triangle/vrptw_padrao_convertidos/instance_14-triangle.txt"
  out  =>  nothing
  nosolve  =>  false
  ub  =>  5009.2
  sol  =>  nothing
  cfg  =>  "config/VRPTW_set_1.cfg"
  enable_cap_res  =>  false
~~~~~~~~~~~~~~~~~~~~~~~~~~~~~~~~~~~~~~~~~~~~~~~~~~~~~~~~~~~~~~~~~~~~~~~~~~~~~~~~~~~~~
GIT VERSION RCSP: 
GIT BRANCH: 
~~~~~~~~~~~~~~~~~~~~~~~~~~~~~~~~~~~~~~~~~~~~~~~~~~~~~~~~~~~~~~~~~~~~~~~~~~~~~~~~~~~~~
VRPSolver v0.6.16, 10/11/2025, © Inria Bordeaux, France, vrpsolver.math.u-bordeaux.fr
      Corresponds to the solver by Pessoa, Sadykov, Uchoa and Vanderbeck (2020)
                 Paper: dx.doi.org/10.1007/s10107-020-01523-z
~~~~~~~~~~~~~~~~~~~~~~~~~~~~~~~~~~~~~~~~~~~~~~~~~~~~~~~~~~~~~~~~~~~~~~~~~~~~~~~~~~~~~
GIT VERSION BAPCOD: a7cb21f19424236c9d0da5dcf94961797a519470
GIT BRANCH: main
~~~~~~~~~~~~~~~~~~~~~~~~~~~~~~~~~~~~~~~~~~~~~~~~~~~~~~~~~~~~~~~~~~~~~~~~~~~~~~~~~~~~~
   BaPCod v0.84, 10/11/2025, © Inria Bordeaux, France, bapcod.math.u-bordeaux.fr 
           THIS CODE IS PROVIDED AS IS, USE IT AT YOUR OWN RISK
~~~~~~~~~~~~~~~~~~~~~~~~~~~~~~~~~~~~~~~~~~~~~~~~~~~~~~~~~~~~~~~~~~~~~~~~~~~~~~~~~~~~~
--- VRPSOLVER PARAMETERS ---
GlobalTimeLimit = 21474836
MaxNbOfBBtreeNodeTreated = 100000
treeSearchStrategy = 1
RCSPstopCutGenTimeThresholdInPricing = 5
RCSPhardTimeThresholdInPricing = 10
RCSPredCostFixingTimeThreshold = 100
RCSPnumberOfBucketsPerVertex = 25
RCSPdynamicBucketSteps = 1
RCSPuseBidirectionalSearch = 1
RCSPapplyReducedCostFixing = 1
RCSPredCostFixingFalseGap = 0
RCSPmaxNumOfColsPerIteration = 30
RCSPmaxNumOfColsPerExactIteration = 150
StabilizationMinPhaseOfStage = 0
RCSPmaxNumOfLabelsInEnumeration = 1000000
RCSPmaxNumOfEnumeratedSolutions = 10000000
RCSPmaxNumOfEnumSolutionsForMIP = 10000
RCSPinitNGneighbourhoodSize = 8
RCSPmaxNGneighbourhoodSize = 16
RCSPrankOneCutsMaxNumPerRound = 100
RCSPrankOneCutsMaxNumRows = 7
RCSPrankOneCutsMemoryType = 1
CutTailingOffThreshold = 0.015
CutTailingOffCounterThreshold = 3
SafeDualBoundScaleFactor = -1
StrongBranchingPhaseOneCandidatesNumber = 50
StrongBranchingPhaseOneTreeSizeEstimRatio = 0.1
StrongBranchingPhaseTwoCandidatesNumber = 3
StrongBranchingPhaseTwoTreeSizeEstimRatio = 0.1
MaxTimeForRestrictedMasterIpHeur = -1
DivingHeurUseDepthLimit = -1
MaxLDSbreadth = 0
MaxLDSdepth = 0
New model incumbent solution 5009.2, TIME = 0h0m0s53t = 53
Model is built TIME = 0h0m0s54t = 54
************************************************************************************************
**** BaB tree root node
**** Local DB = -1e+12, global bounds : [ -1e+12 , 5009.2 ], TIME = 0h0m0s54t = 54
**** 1 open nodes, 0 columns (0 active), 0 dyn. constrs. (0 active), 62 art. vars. (62 active)
************************************************************************************************
<DWph=2> <it= 10> <et=0.55> <Mt= 0.00> <Spt= 0.00> <nCl=300> <DB=-562433.7353> <Mlp= 6839.5302> <PB=5009.2> 
<DWph=2> <it= 20> <et=0.56> <Mt= 0.00> <Spt= 0.01> <nCl=225> <DB=  360.3309> <Mlp= 1910.9000> <PB=5009.2> 
<DWph=2> <it= 30> <et=0.56> <Mt= 0.00> <Spt= 0.00> <nCl=146> <DB= 1869.3667> <Mlp= 1869.3667> <PB=5009.2> 
<DWph=1> <it= 31> <et=0.57> <Mt= 0.00> <Spt= 0.00> <nCl=  2> <DB= 1869.3667> <Mlp= 1869.3667> <PB=5009.2> 
<DWph=0> <it= 35> <et=0.57> <Mt= 0.00> <Spt= 0.01> <nCl=199> <DB= 1858.4000> <Mlp= 1858.4000> <PB=5009.2> 
Reduced cost fixing for graph G_0...  TT = 0.000647, pt = 2.5e-05, dt = 0.00057, ct = 0, ndl = 622', bdl = 4062', odl = 788', odf = 4161', lpcb = 779', cnt = 5302', bdch = 16838', odch = 4316', lcp = 2767'
took 0 sec., 2877 buck. arcs remain (97.2% from prev., 19.3% from max.)
Run enumeration... took 0.61 sec. and not succeeded.
ColGenEvalAlg final dual bound: 1858.4 (rounded: 1858.4)
----- Add fac. cuts : R1C(165), max.viol = 0.5, aver.viol = 0.440909, sep/add took 0.0883466/0.0223551 sec. -----
872 columns (872 active), 165 dyn. constrs. (165 active), 227 art. vars. (227 active)
<DWph=2> <it=  3> <et=1.31> <Mt= 0.01> <Spt= 0.00> <nCl= 15> <DB= 1891.3000> <Mlp= 1891.3000> <PB=1891.3> 
<DWph=1> <it=  4> <et=1.31> <Mt= 0.00> <Spt= 0.01> <nCl=  0> <DB= 1891.3000> <Mlp= 1891.3000> <PB=1891.3> 
<DWph=0> <it=  7> <et=1.33> <Mt= 0.00> <Spt= 0.01> <nCl= 97> <DB= 1873.6000> <Mlp= 1873.6000> <PB=1891.3> 
Reduced cost fixing for graph G_0...  TT = 0.00077, pt = 9e-05, dt = 0.000597, ct = 0, ndl = 430', bdl = 837', odl = 174', odf = 1136', lpcb = 2949', cnt = 525', bdch = 2211', odch = 681', lcp = 284'
took 0 sec., 647 buck. arcs remain (22.5% from prev., 4.34% from max.)
Run enumeration... took 0.04 sec. and succeeded! 
ColGenEvalAlg final dual bound: 1873.6 (rounded: 1873.6)
Gap improvement since the last cut separation : 0.462006 (1858.4)
----- Terminating the node by MIP -----
MIP found solution with value 1887.6
New model incumbent solution 1887.6, TIME = 0h0m1s44t = 144
************************************************************************************************
Search is finished, global bounds : [ 1887.6 , 1887.6 ], TIME = 0h0m1s44t = 144
************************************************************************************************
[32mBaPCod : solution defined.[00m
statistics_cols: instance & :Optimal & cutoff & :bcRecRootDb & :bcTimeRootEval & :bcCountNodeProc & :bcRecBestDb & :bcRecBestInc & :bcTimeMain \\
statistics: instance_14-triangle & 1 & 5009.2 & 1887.60 & 1.44 & 1 & 1887.60 & 1887.60 & 1.44 \\
########################################################
Route #1: 9 5 20 14 30 3 25 2 
Route #2: 17 4 13 1 28 22 29 7 
Route #3: 18 16 8 11 10 27 23 6 
Route #4: 21 12 24 19 15 
Route #5: 26 
Cost 1887.6000000000004
########################################################

end_time=2026-04-22 11:28:32
exit_code=0
