instance_file=/mnt/c/Users/porin/OneDrive/Documentos/Python-Mestrado/Modelagem Matemática/Programação Inteira - Uchoa/Problema VRPRDL/instancias_turco/VRPRDL-triangle/vrptw_padrao_convertidos/instance_25-triangle.txt
instance_name=instance_25-triangle
n_customers=60
capacity=750
k_ub=60
time_horizon=720
ub_mode=trivial
ub_used=11155.6
cfg=config/VRPTW_set_1.cfg
timeout_s=3600
start_time=2026-04-22 11:30:48
cmd=/home/poringman/.juliaup/bin/julia src/run.jl /mnt/c/Users/porin/OneDrive/Documentos/Python-Mestrado/Modelagem Matemática/Programação Inteira - Uchoa/Problema VRPRDL/instancias_turco/VRPRDL-triangle/vrptw_padrao_convertidos/instance_25-triangle.txt --cfg config/VRPTW_set_1.cfg -u 11155.6

  Activating project at `~/VRPSolver/VRPSolverDemos/other/VRPTW`
Application parameters:
  batch  =>  nothing
  update  =>  false
  tikz  =>  nothing
  instance  =>  "/mnt/c/Users/porin/OneDrive/Documentos/Python-Mestrado/Modelagem Matemática/Programação Inteira - Uchoa/Problema VRPRDL/instancias_turco/VRPRDL-triangle/vrptw_padrao_convertidos/instance_25-triangle.txt"
  out  =>  nothing
  nosolve  =>  false
  ub  =>  11155.6
  sol  =>  nothing
  cfg  =>  "config/VRPTW_set_1.cfg"
  enable_cap_res  =>  false
~~~~~~~~~~~~~~~~~~~~~~~~~~~~~~~~~~~~~~~~~~~~~~~~~~~~~~~~~~~~~~~~~~~~~~~~~~~~~~~~~~~~~
GIT VERSION RCSP: 
GIT BRANCH: 
~~~~~~~~~~~~~~~~~~~~~~~~~~~~~~~~~~~~~~~~~~~~~~~~~~~~~~~~~~~~~~~~~~~~~~~~~~~~~~~~~~~~~
VRPSolver v0.6.16, 10/11/2025, © Inria Bordeaux, France, vrpsolver.math.u-bordeaux.fr
      Corresponds to the solver by Pessoa, Sadykov, Uchoa and Vanderbeck (2020)
                 Paper: dx.doi.org/10.1007/s10107-020-01523-z
~~~~~~~~~~~~~~~~~~~~~~~~~~~~~~~~~~~~~~~~~~~~~~~~~~~~~~~~~~~~~~~~~~~~~~~~~~~~~~~~~~~~~
GIT VERSION BAPCOD: a7cb21f19424236c9d0da5dcf94961797a519470
GIT BRANCH: main
~~~~~~~~~~~~~~~~~~~~~~~~~~~~~~~~~~~~~~~~~~~~~~~~~~~~~~~~~~~~~~~~~~~~~~~~~~~~~~~~~~~~~
   BaPCod v0.84, 10/11/2025, © Inria Bordeaux, France, bapcod.math.u-bordeaux.fr 
           THIS CODE IS PROVIDED AS IS, USE IT AT YOUR OWN RISK
~~~~~~~~~~~~~~~~~~~~~~~~~~~~~~~~~~~~~~~~~~~~~~~~~~~~~~~~~~~~~~~~~~~~~~~~~~~~~~~~~~~~~
--- VRPSOLVER PARAMETERS ---
GlobalTimeLimit = 21474836
MaxNbOfBBtreeNodeTreated = 100000
treeSearchStrategy = 1
RCSPstopCutGenTimeThresholdInPricing = 5
RCSPhardTimeThresholdInPricing = 10
RCSPredCostFixingTimeThreshold = 100
RCSPnumberOfBucketsPerVertex = 25
RCSPdynamicBucketSteps = 1
RCSPuseBidirectionalSearch = 1
RCSPapplyReducedCostFixing = 1
RCSPredCostFixingFalseGap = 0
RCSPmaxNumOfColsPerIteration = 30
RCSPmaxNumOfColsPerExactIteration = 150
StabilizationMinPhaseOfStage = 0
RCSPmaxNumOfLabelsInEnumeration = 1000000
RCSPmaxNumOfEnumeratedSolutions = 10000000
RCSPmaxNumOfEnumSolutionsForMIP = 10000
RCSPinitNGneighbourhoodSize = 8
RCSPmaxNGneighbourhoodSize = 16
RCSPrankOneCutsMaxNumPerRound = 100
RCSPrankOneCutsMaxNumRows = 7
RCSPrankOneCutsMemoryType = 1
CutTailingOffThreshold = 0.015
CutTailingOffCounterThreshold = 3
SafeDualBoundScaleFactor = -1
StrongBranchingPhaseOneCandidatesNumber = 50
StrongBranchingPhaseOneTreeSizeEstimRatio = 0.1
StrongBranchingPhaseTwoCandidatesNumber = 3
StrongBranchingPhaseTwoTreeSizeEstimRatio = 0.1
MaxTimeForRestrictedMasterIpHeur = -1
DivingHeurUseDepthLimit = -1
MaxLDSbreadth = 0
MaxLDSdepth = 0
New model incumbent solution 11155.6, TIME = 0h0m0s53t = 53
Model is built TIME = 0h0m0s54t = 54
************************************************************************************************
**** BaB tree root node
**** Local DB = -1e+12, global bounds : [ -1e+12 , 11155.6 ], TIME = 0h0m0s54t = 54
**** 1 open nodes, 0 columns (0 active), 0 dyn. constrs. (0 active), 122 art. vars. (122 active)
************************************************************************************************
<DWph=2> <it= 10> <et=0.56> <Mt= 0.00> <Spt= 0.01> <nCl=300> <DB=-3608614.7506> <Mlp=66727.8751> <PB=11155.6> 
<DWph=2> <it= 20> <et=0.59> <Mt= 0.01> <Spt= 0.01> <nCl=271> <DB=-98416.5975> <Mlp= 3764.7919> <PB=11155.6> 
<DWph=2> <it= 30> <et=0.61> <Mt= 0.01> <Spt= 0.02> <nCl=300> <DB=-2513.2098> <Mlp= 3196.7506> <PB=11155.6> 
<DWph=2> <it= 40> <et=0.64> <Mt= 0.01> <Spt= 0.01> <nCl=296> <DB= 1465.7909> <Mlp= 3024.6856> <PB=11155.6> 
<DWph=2> <it= 50> <et=0.66> <Mt= 0.01> <Spt= 0.02> <nCl=204> <DB= 2630.4654> <Mlp= 3008.4654> <PB=11155.6> 
<DWph=2> <it= 54> <et=0.67> <Mt= 0.00> <Spt= 0.00> <nCl= 25> <DB= 3001.6250> <Mlp= 3001.6250> <PB=11155.6> 
<DWph=1> <it= 60> <et=0.68> <Mt= 0.00> <Spt= 0.01> <nCl=159> <DB= 2890.1473> <Mlp= 2995.5500> <PB=11155.6> 
<DWph=1> <it= 66> <et=0.70> <Mt= 0.01> <Spt= 0.02> <nCl= 58> <DB= 2995.5500> <Mlp= 2995.5500> <PB=11155.6> 
<DWph=0> <it= 70> <et=0.72> <Mt= 0.00> <Spt= 0.01> <nCl=454> <DB= 2943.9000> <Mlp= 2982.9000> <PB=11155.6> 
<DWph=0> <it= 71> <et=0.72> <Mt= 0.00> <Spt= 0.01> <nCl= 43> <DB= 2982.9000> <Mlp= 2982.9000> <PB=11155.6> 
Reduced cost fixing for graph G_0...  TT = 0.002665, pt = 0.000301, dt = 0.00223, ct = 0, ndl = 1752', bdl = 29883', odl = 2746', odf = 16160', lpcb = 6714', cnt = 32913', bdch = 105541', odch = 16007', lcp = 14490'
took 0 sec., 14562 buck. arcs remain (92.7% from prev., 21.7% from max.)
Run enumeration... took 104.53 sec. and not succeeded.
ColGenEvalAlg final dual bound: 2982.9 (rounded: 2982.9)
----- Add fac. cuts : R1C(150), max.viol = 0.5, aver.viol = 0.315, sep/add took 0.0136325/0.0650205 sec. -----
2110 columns (2110 active), 150 dyn. constrs. (150 active), 272 art. vars. (272 active)
<DWph=2> <it=  1> <et=105.58> <Mt= 0.00> <Spt= 0.01> <nCl=  8> <DB= 2987.4500> <Mlp= 2987.4500> <PB=11155.6> 
<DWph=1> <it=  3> <et=105.59> <Mt= 0.00> <Spt= 0.01> <nCl=  5> <DB= 2987.4500> <Mlp= 2987.4500> <PB=11155.6> 
<DWph=0> <it=  4> <et=105.60> <Mt= 0.01> <Spt= 0.00> <nCl= 28> <DB= 2987.4500> <Mlp= 2987.4500> <PB=11155.6> 
ColGenEvalAlg final dual bound: 2987.45 (rounded: 2987.45)
----- Add fac. cuts : R1C(217), max.viol = 0.5, aver.viol = 0.498848, sep/add took 0.124155/0.0906261 sec. -----
2151 columns (2151 active), 367 dyn. constrs. (225 active), 489 art. vars. (347 active)
<DWph=2> <it=  5> <et=105.95> <Mt= 0.01> <Spt= 0.02> <nCl= 33> <DB= 2991.5429> <Mlp= 2991.5429> <PB=11155.6> 
<DWph=1> <it=  6> <et=105.95> <Mt= 0.00> <Spt= 0.01> <nCl=  0> <DB= 2991.5429> <Mlp= 2991.5429> <PB=11155.6> 
<DWph=0> <it=  8> <et=105.97> <Mt= 0.00> <Spt= 0.01> <nCl= 45> <DB= 2991.4833> <Mlp= 2991.4833> <PB=11155.6> 
ColGenEvalAlg final dual bound: 2991.48 (rounded: 2991.48)
----- Add fac. cuts : R1C(439), max.viol = 0.583333, aver.viol = 0.276813, sep/add took 0.323909/0.2174 sec. -----
2229 columns (2229 active), 664 dyn. constrs. (451 active), 928 art. vars. (573 active)
<DWph=2> <it=  6> <et=106.58> <Mt= 0.03> <Spt= 0.04> <nCl= 63> <DB= 3001.5556> <Mlp= 3001.5556> <PB=11155.6> 
<DWph=1> <it= 10> <et=106.69> <Mt= 0.07> <Spt= 0.02> <nCl= 60> <DB= 2923.9824> <Mlp= 3000.7750> <PB=11155.6> 
<DWph=1> <it= 16> <et=106.73> <Mt= 0.01> <Spt= 0.03> <nCl= 35> <DB= 3000.7250> <Mlp= 3000.7250> <PB=11155.6> 
<DWph=0> <it= 20> <et=106.95> <Mt= 0.10> <Spt= 0.13> <nCl=423> <DB= 2931.8353> <Mlp= 2999.4989> <PB=11155.6> 
<DWph=0> <it= 21> <et=106.97> <Mt= 0.01> <Spt= 0.01> <nCl= 36> <DB= 2999.4989> <Mlp= 2999.4989> <PB=11155.6> 
ColGenEvalAlg final dual bound: 2999.5 (rounded: 2999.5)
----- Add fac. cuts : R1C(452), max.viol = 0.460674, aver.viol = 0.17163, sep/add took 0.369602/0.283221 sec. -----
2846 columns (2846 active), 903 dyn. constrs. (488 active), 1380 art. vars. (610 active)
<DWph=2> <it=  3> <et=107.72> <Mt= 0.01> <Spt= 0.03> <nCl= 17> <DB= 3003.8000> <Mlp= 3003.8000> <PB=3003.8> 
<DWph=1> <it=  5> <et=107.73> <Mt= 0.00> <Spt= 0.01> <nCl=  5> <DB= 3003.8000> <Mlp= 3003.8000> <PB=3003.8> 
<DWph=0> <it= 10> <et=108.08> <Mt= 0.21> <Spt= 0.14> <nCl=379> <DB= 3003.0000> <Mlp= 3003.0000> <PB=3003.8> 
Reduced cost fixing for graph G_0...  TT = 0.002747, pt = 0.001312, dt = 0.001218, ct = 0, ndl = 1693', bdl = 11875', odl = 771', odf = 5547', lpcb = 24003', cnt = 2913', bdch = 40551', odch = 6396', lcp = 3530'
took 0 sec., 1189 buck. arcs remain (8.17% from prev., 1.77% from max.)
Run enumeration... took 0.01 sec. and succeeded! 
ColGenEvalAlg final dual bound: 3003 (rounded: 3003)
Gap improvement since the last cut separation : 0.814002 (2999.5)
----- Terminating the node by MIP -----
MIP found solution with value 3003.8
New model incumbent solution 3003.8, TIME = 0h1m48s41t = 10841
************************************************************************************************
Search is finished, global bounds : [ 3003.8 , 3003.8 ], TIME = 0h1m48s42t = 10842
************************************************************************************************
[32mBaPCod : solution defined.[00m
statistics_cols: instance & :Optimal & cutoff & :bcRecRootDb & :bcTimeRootEval & :bcCountNodeProc & :bcRecBestDb & :bcRecBestInc & :bcTimeMain \\
statistics: instance_25-triangle & 1 & 11155.6 & 3003.80 & 108.41 & 1 & 3003.80 & 3003.80 & 108.42 \\
########################################################
Route #1: 9 21 44 49 15 42 33 54 
Route #2: 12 50 58 8 34 23 60 16 18 1 40 59 
Route #3: 19 26 41 38 7 5 22 17 
Route #4: 28 25 27 32 51 56 43 11 3 
Route #5: 29 48 35 37 31 10 46 53 
Route #6: 36 2 13 47 45 14 24 
Route #7: 57 6 39 20 52 55 4 30 
Cost 3003.7999999999993
########################################################

end_time=2026-04-22 11:32:48
exit_code=0
