instance_file=/mnt/c/Users/porin/OneDrive/Documentos/Python-Mestrado/Modelagem Matemática/Programação Inteira - Uchoa/Problema VRPRDL/instancias_turco/VRPRDL-triangle/vrptw_padrao_convertidos/instance_7-triangle.txt
instance_name=instance_7-triangle
n_customers=20
capacity=750
k_ub=20
time_horizon=720
ub_mode=trivial
ub_used=3822.6
cfg=config/VRPTW_set_1.cfg
timeout_s=3600
start_time=2026-04-22 14:21:28
cmd=/home/poringman/.juliaup/bin/julia src/run.jl /mnt/c/Users/porin/OneDrive/Documentos/Python-Mestrado/Modelagem Matemática/Programação Inteira - Uchoa/Problema VRPRDL/instancias_turco/VRPRDL-triangle/vrptw_padrao_convertidos/instance_7-triangle.txt --cfg config/VRPTW_set_1.cfg -u 3822.6

  Activating project at `~/VRPSolver/VRPSolverDemos/other/VRPTW`
Application parameters:
  batch  =>  nothing
  update  =>  false
  tikz  =>  nothing
  instance  =>  "/mnt/c/Users/porin/OneDrive/Documentos/Python-Mestrado/Modelagem Matemática/Programação Inteira - Uchoa/Problema VRPRDL/instancias_turco/VRPRDL-triangle/vrptw_padrao_convertidos/instance_7-triangle.txt"
  out  =>  nothing
  nosolve  =>  false
  ub  =>  3822.6
  sol  =>  nothing
  cfg  =>  "config/VRPTW_set_1.cfg"
  enable_cap_res  =>  false
~~~~~~~~~~~~~~~~~~~~~~~~~~~~~~~~~~~~~~~~~~~~~~~~~~~~~~~~~~~~~~~~~~~~~~~~~~~~~~~~~~~~~
GIT VERSION RCSP: 
GIT BRANCH: 
~~~~~~~~~~~~~~~~~~~~~~~~~~~~~~~~~~~~~~~~~~~~~~~~~~~~~~~~~~~~~~~~~~~~~~~~~~~~~~~~~~~~~
VRPSolver v0.6.16, 10/11/2025, © Inria Bordeaux, France, vrpsolver.math.u-bordeaux.fr
      Corresponds to the solver by Pessoa, Sadykov, Uchoa and Vanderbeck (2020)
                 Paper: dx.doi.org/10.1007/s10107-020-01523-z
~~~~~~~~~~~~~~~~~~~~~~~~~~~~~~~~~~~~~~~~~~~~~~~~~~~~~~~~~~~~~~~~~~~~~~~~~~~~~~~~~~~~~
GIT VERSION BAPCOD: a7cb21f19424236c9d0da5dcf94961797a519470
GIT BRANCH: main
~~~~~~~~~~~~~~~~~~~~~~~~~~~~~~~~~~~~~~~~~~~~~~~~~~~~~~~~~~~~~~~~~~~~~~~~~~~~~~~~~~~~~
   BaPCod v0.84, 10/11/2025, © Inria Bordeaux, France, bapcod.math.u-bordeaux.fr 
           THIS CODE IS PROVIDED AS IS, USE IT AT YOUR OWN RISK
~~~~~~~~~~~~~~~~~~~~~~~~~~~~~~~~~~~~~~~~~~~~~~~~~~~~~~~~~~~~~~~~~~~~~~~~~~~~~~~~~~~~~
--- VRPSOLVER PARAMETERS ---
GlobalTimeLimit = 21474836
MaxNbOfBBtreeNodeTreated = 100000
treeSearchStrategy = 1
RCSPstopCutGenTimeThresholdInPricing = 5
RCSPhardTimeThresholdInPricing = 10
RCSPredCostFixingTimeThreshold = 100
RCSPnumberOfBucketsPerVertex = 25
RCSPdynamicBucketSteps = 1
RCSPuseBidirectionalSearch = 1
RCSPapplyReducedCostFixing = 1
RCSPredCostFixingFalseGap = 0
RCSPmaxNumOfColsPerIteration = 30
RCSPmaxNumOfColsPerExactIteration = 150
StabilizationMinPhaseOfStage = 0
RCSPmaxNumOfLabelsInEnumeration = 1000000
RCSPmaxNumOfEnumeratedSolutions = 10000000
RCSPmaxNumOfEnumSolutionsForMIP = 10000
RCSPinitNGneighbourhoodSize = 8
RCSPmaxNGneighbourhoodSize = 16
RCSPrankOneCutsMaxNumPerRound = 100
RCSPrankOneCutsMaxNumRows = 7
RCSPrankOneCutsMemoryType = 1
CutTailingOffThreshold = 0.015
CutTailingOffCounterThreshold = 3
SafeDualBoundScaleFactor = -1
StrongBranchingPhaseOneCandidatesNumber = 50
StrongBranchingPhaseOneTreeSizeEstimRatio = 0.1
StrongBranchingPhaseTwoCandidatesNumber = 3
StrongBranchingPhaseTwoTreeSizeEstimRatio = 0.1
MaxTimeForRestrictedMasterIpHeur = -1
DivingHeurUseDepthLimit = -1
MaxLDSbreadth = 0
MaxLDSdepth = 0
New model incumbent solution 3822.6, TIME = 0h0m0s30t = 30
Model is built TIME = 0h0m0s31t = 31
************************************************************************************************
**** BaB tree root node
**** Local DB = -1e+12, global bounds : [ -1e+12 , 3822.6 ], TIME = 0h0m0s31t = 31
**** 1 open nodes, 0 columns (0 active), 0 dyn. constrs. (0 active), 42 art. vars. (42 active)
************************************************************************************************
<DWph=2> <it= 10> <et=0.31> <Mt= 0.00> <Spt= 0.00> <nCl=275> <DB=-3092.3046> <Mlp= 1531.7500> <PB=3822.6> 
<DWph=2> <it= 19> <et=0.32> <Mt= 0.00> <Spt= 0.00> <nCl=127> <DB= 1309.8000> <Mlp= 1309.8000> <PB=1309.8> 
<DWph=1> <it= 20> <et=0.32> <Mt= 0.00> <Spt= 0.00> <nCl=  6> <DB=  897.8000> <Mlp= 1309.8000> <PB=1309.8> 
<DWph=1> <it= 22> <et=0.32> <Mt= 0.00> <Spt= 0.00> <nCl= 16> <DB= 1309.8000> <Mlp= 1309.8000> <PB=1309.8> 
<DWph=0> <it= 25> <et=0.32> <Mt= 0.00> <Spt= 0.01> <nCl=198> <DB= 1270.9000> <Mlp= 1270.9000> <PB=1270.9> 
ColGenEvalAlg final dual bound: 1270.9 (rounded: 1270.9)
New model incumbent solution 1270.9, TIME = 0h0m0s32t = 32
************************************************************************************************
Search is finished, global bounds : [ 1270.9 , 1270.9 ], TIME = 0h0m0s32t = 32
************************************************************************************************
[32mBaPCod : solution defined.[00m
statistics_cols: instance & :Optimal & cutoff & :bcRecRootDb & :bcTimeRootEval & :bcCountNodeProc & :bcRecBestDb & :bcRecBestInc & :bcTimeMain \\
statistics: instance_7-triangle & 1 & 3822.6 & 1270.90 & 0.32 & 1 & 1270.90 & 1270.90 & 0.32 \\
########################################################
Route #1: 4 14 3 2 9 5 
Route #2: 7 10 15 6 16 1 
Route #3: 11 20 
Route #4: 17 19 12 18 8 13 
Cost 1270.8999999999999
########################################################

end_time=2026-04-22 14:21:36
exit_code=0
