instance_file=/mnt/c/Users/porin/OneDrive/Documentos/Python-Mestrado/Modelagem Matemática/Programação Inteira - Uchoa/Problema VRPRDL/instancias_turco/VRPRDL-triangle/vrptw_padrao_convertidos/instance_3-triangle.txt
instance_name=instance_3-triangle
n_customers=15
capacity=750
k_ub=15
time_horizon=720
ub_mode=trivial
ub_used=2186.0
cfg=config/VRPTW_set_1.cfg
timeout_s=3600
start_time=2026-04-22 11:33:55
cmd=/home/poringman/.juliaup/bin/julia src/run.jl /mnt/c/Users/porin/OneDrive/Documentos/Python-Mestrado/Modelagem Matemática/Programação Inteira - Uchoa/Problema VRPRDL/instancias_turco/VRPRDL-triangle/vrptw_padrao_convertidos/instance_3-triangle.txt --cfg config/VRPTW_set_1.cfg -u 2186.0

  Activating project at `~/VRPSolver/VRPSolverDemos/other/VRPTW`
Application parameters:
  batch  =>  nothing
  update  =>  false
  tikz  =>  nothing
  instance  =>  "/mnt/c/Users/porin/OneDrive/Documentos/Python-Mestrado/Modelagem Matemática/Programação Inteira - Uchoa/Problema VRPRDL/instancias_turco/VRPRDL-triangle/vrptw_padrao_convertidos/instance_3-triangle.txt"
  out  =>  nothing
  nosolve  =>  false
  ub  =>  2186.0
  sol  =>  nothing
  cfg  =>  "config/VRPTW_set_1.cfg"
  enable_cap_res  =>  false
~~~~~~~~~~~~~~~~~~~~~~~~~~~~~~~~~~~~~~~~~~~~~~~~~~~~~~~~~~~~~~~~~~~~~~~~~~~~~~~~~~~~~
GIT VERSION RCSP: 
GIT BRANCH: 
~~~~~~~~~~~~~~~~~~~~~~~~~~~~~~~~~~~~~~~~~~~~~~~~~~~~~~~~~~~~~~~~~~~~~~~~~~~~~~~~~~~~~
VRPSolver v0.6.16, 10/11/2025, © Inria Bordeaux, France, vrpsolver.math.u-bordeaux.fr
      Corresponds to the solver by Pessoa, Sadykov, Uchoa and Vanderbeck (2020)
                 Paper: dx.doi.org/10.1007/s10107-020-01523-z
~~~~~~~~~~~~~~~~~~~~~~~~~~~~~~~~~~~~~~~~~~~~~~~~~~~~~~~~~~~~~~~~~~~~~~~~~~~~~~~~~~~~~
GIT VERSION BAPCOD: a7cb21f19424236c9d0da5dcf94961797a519470
GIT BRANCH: main
~~~~~~~~~~~~~~~~~~~~~~~~~~~~~~~~~~~~~~~~~~~~~~~~~~~~~~~~~~~~~~~~~~~~~~~~~~~~~~~~~~~~~
   BaPCod v0.84, 10/11/2025, © Inria Bordeaux, France, bapcod.math.u-bordeaux.fr 
           THIS CODE IS PROVIDED AS IS, USE IT AT YOUR OWN RISK
~~~~~~~~~~~~~~~~~~~~~~~~~~~~~~~~~~~~~~~~~~~~~~~~~~~~~~~~~~~~~~~~~~~~~~~~~~~~~~~~~~~~~
--- VRPSOLVER PARAMETERS ---
GlobalTimeLimit = 21474836
MaxNbOfBBtreeNodeTreated = 100000
treeSearchStrategy = 1
RCSPstopCutGenTimeThresholdInPricing = 5
RCSPhardTimeThresholdInPricing = 10
RCSPredCostFixingTimeThreshold = 100
RCSPnumberOfBucketsPerVertex = 25
RCSPdynamicBucketSteps = 1
RCSPuseBidirectionalSearch = 1
RCSPapplyReducedCostFixing = 1
RCSPredCostFixingFalseGap = 0
RCSPmaxNumOfColsPerIteration = 30
RCSPmaxNumOfColsPerExactIteration = 150
StabilizationMinPhaseOfStage = 0
RCSPmaxNumOfLabelsInEnumeration = 1000000
RCSPmaxNumOfEnumeratedSolutions = 10000000
RCSPmaxNumOfEnumSolutionsForMIP = 10000
RCSPinitNGneighbourhoodSize = 8
RCSPmaxNGneighbourhoodSize = 16
RCSPrankOneCutsMaxNumPerRound = 100
RCSPrankOneCutsMaxNumRows = 7
RCSPrankOneCutsMemoryType = 1
CutTailingOffThreshold = 0.015
CutTailingOffCounterThreshold = 3
SafeDualBoundScaleFactor = -1
StrongBranchingPhaseOneCandidatesNumber = 50
StrongBranchingPhaseOneTreeSizeEstimRatio = 0.1
StrongBranchingPhaseTwoCandidatesNumber = 3
StrongBranchingPhaseTwoTreeSizeEstimRatio = 0.1
MaxTimeForRestrictedMasterIpHeur = -1
DivingHeurUseDepthLimit = -1
MaxLDSbreadth = 0
MaxLDSdepth = 0
New model incumbent solution 2186, TIME = 0h0m0s34t = 34
Model is built TIME = 0h0m0s34t = 34
************************************************************************************************
**** BaB tree root node
**** Local DB = -1e+12, global bounds : [ -1e+12 , 2186 ], TIME = 0h0m0s34t = 34
**** 1 open nodes, 0 columns (0 active), 0 dyn. constrs. (0 active), 32 art. vars. (32 active)
************************************************************************************************
<DWph=2> <it= 10> <et=0.35> <Mt= 0.00> <Spt= 0.00> <nCl=260> <DB=  401.0496> <Mlp= 1072.5000> <PB=1072.5> 
<DWph=2> <it= 16> <et=0.35> <Mt= 0.00> <Spt= 0.00> <nCl= 69> <DB=  955.7500> <Mlp=  955.7500> <PB=1072.5> 
<DWph=1> <it= 20> <et=0.35> <Mt= 0.00> <Spt= 0.00> <nCl= 57> <DB=  -24.1250> <Mlp=  955.7500> <PB=1072.5> 
<DWph=1> <it= 28> <et=0.35> <Mt= 0.00> <Spt= 0.00> <nCl= 40> <DB=  952.4000> <Mlp=  952.4000> <PB=1072.5> 
<DWph=0> <it= 29> <et=0.36> <Mt= 0.00> <Spt= 0.00> <nCl= 81> <DB=  952.4000> <Mlp=  952.4000> <PB=1072.5> 
Reduced cost fixing for graph G_0...  TT = 0.000166, pt = 6e-06, dt = 0.000124, ct = 0, ndl = 211', bdl = 343', odl = 229', odf = 2409', lpcb = 412', cnt = 666', bdch = 1681', odch = 1194', lcp = 204'
took 0 sec., 1091 buck. arcs remain (86.7% from prev., 21.3% from max.)
Run enumeration... took 0.05 sec. and succeeded! 
ColGenEvalAlg final dual bound: 952.4 (rounded: 952.4)
----- Terminating the node by MIP -----
MIP found solution with value 977.3
New model incumbent solution 977.3, TIME = 0h0m0s49t = 49
************************************************************************************************
Search is finished, global bounds : [ 977.3 , 977.3 ], TIME = 0h0m0s49t = 49
************************************************************************************************
[32mBaPCod : solution defined.[00m
statistics_cols: instance & :Optimal & cutoff & :bcRecRootDb & :bcTimeRootEval & :bcCountNodeProc & :bcRecBestDb & :bcRecBestInc & :bcTimeMain \\
statistics: instance_3-triangle & 1 & 2186.0 & 977.30 & 0.49 & 1 & 977.30 & 977.30 & 0.49 \\
########################################################
Route #1: 11 9 10 2 4 
Route #2: 12 8 5 3 
Route #3: 13 6 15 14 7 1 
Cost 977.3
########################################################

end_time=2026-04-22 11:34:04
exit_code=0
