instance_file=/mnt/c/Users/porin/OneDrive/Documentos/Python-Mestrado/Modelagem Matemática/Programação Inteira - Uchoa/Problema VRPRDL/instancias_turco/VRPRDL-triangle/vrptw_padrao_convertidos/instance_15-triangle.txt
instance_name=instance_15-triangle
n_customers=30
capacity=750
k_ub=30
time_horizon=720
ub_mode=trivial
ub_used=4723.6
cfg=config/VRPTW_set_1.cfg
timeout_s=3600
start_time=2026-04-22 11:28:32
cmd=/home/poringman/.juliaup/bin/julia src/run.jl /mnt/c/Users/porin/OneDrive/Documentos/Python-Mestrado/Modelagem Matemática/Programação Inteira - Uchoa/Problema VRPRDL/instancias_turco/VRPRDL-triangle/vrptw_padrao_convertidos/instance_15-triangle.txt --cfg config/VRPTW_set_1.cfg -u 4723.6

  Activating project at `~/VRPSolver/VRPSolverDemos/other/VRPTW`
Application parameters:
  batch  =>  nothing
  update  =>  false
  tikz  =>  nothing
  instance  =>  "/mnt/c/Users/porin/OneDrive/Documentos/Python-Mestrado/Modelagem Matemática/Programação Inteira - Uchoa/Problema VRPRDL/instancias_turco/VRPRDL-triangle/vrptw_padrao_convertidos/instance_15-triangle.txt"
  out  =>  nothing
  nosolve  =>  false
  ub  =>  4723.6
  sol  =>  nothing
  cfg  =>  "config/VRPTW_set_1.cfg"
  enable_cap_res  =>  false
~~~~~~~~~~~~~~~~~~~~~~~~~~~~~~~~~~~~~~~~~~~~~~~~~~~~~~~~~~~~~~~~~~~~~~~~~~~~~~~~~~~~~
GIT VERSION RCSP: 
GIT BRANCH: 
~~~~~~~~~~~~~~~~~~~~~~~~~~~~~~~~~~~~~~~~~~~~~~~~~~~~~~~~~~~~~~~~~~~~~~~~~~~~~~~~~~~~~
VRPSolver v0.6.16, 10/11/2025, © Inria Bordeaux, France, vrpsolver.math.u-bordeaux.fr
      Corresponds to the solver by Pessoa, Sadykov, Uchoa and Vanderbeck (2020)
                 Paper: dx.doi.org/10.1007/s10107-020-01523-z
~~~~~~~~~~~~~~~~~~~~~~~~~~~~~~~~~~~~~~~~~~~~~~~~~~~~~~~~~~~~~~~~~~~~~~~~~~~~~~~~~~~~~
GIT VERSION BAPCOD: a7cb21f19424236c9d0da5dcf94961797a519470
GIT BRANCH: main
~~~~~~~~~~~~~~~~~~~~~~~~~~~~~~~~~~~~~~~~~~~~~~~~~~~~~~~~~~~~~~~~~~~~~~~~~~~~~~~~~~~~~
   BaPCod v0.84, 10/11/2025, © Inria Bordeaux, France, bapcod.math.u-bordeaux.fr 
           THIS CODE IS PROVIDED AS IS, USE IT AT YOUR OWN RISK
~~~~~~~~~~~~~~~~~~~~~~~~~~~~~~~~~~~~~~~~~~~~~~~~~~~~~~~~~~~~~~~~~~~~~~~~~~~~~~~~~~~~~
--- VRPSOLVER PARAMETERS ---
GlobalTimeLimit = 21474836
MaxNbOfBBtreeNodeTreated = 100000
treeSearchStrategy = 1
RCSPstopCutGenTimeThresholdInPricing = 5
RCSPhardTimeThresholdInPricing = 10
RCSPredCostFixingTimeThreshold = 100
RCSPnumberOfBucketsPerVertex = 25
RCSPdynamicBucketSteps = 1
RCSPuseBidirectionalSearch = 1
RCSPapplyReducedCostFixing = 1
RCSPredCostFixingFalseGap = 0
RCSPmaxNumOfColsPerIteration = 30
RCSPmaxNumOfColsPerExactIteration = 150
StabilizationMinPhaseOfStage = 0
RCSPmaxNumOfLabelsInEnumeration = 1000000
RCSPmaxNumOfEnumeratedSolutions = 10000000
RCSPmaxNumOfEnumSolutionsForMIP = 10000
RCSPinitNGneighbourhoodSize = 8
RCSPmaxNGneighbourhoodSize = 16
RCSPrankOneCutsMaxNumPerRound = 100
RCSPrankOneCutsMaxNumRows = 7
RCSPrankOneCutsMemoryType = 1
CutTailingOffThreshold = 0.015
CutTailingOffCounterThreshold = 3
SafeDualBoundScaleFactor = -1
StrongBranchingPhaseOneCandidatesNumber = 50
StrongBranchingPhaseOneTreeSizeEstimRatio = 0.1
StrongBranchingPhaseTwoCandidatesNumber = 3
StrongBranchingPhaseTwoTreeSizeEstimRatio = 0.1
MaxTimeForRestrictedMasterIpHeur = -1
DivingHeurUseDepthLimit = -1
MaxLDSbreadth = 0
MaxLDSdepth = 0
New model incumbent solution 4723.6, TIME = 0h0m0s35t = 35
Model is built TIME = 0h0m0s35t = 35
************************************************************************************************
**** BaB tree root node
**** Local DB = -1e+12, global bounds : [ -1e+12 , 4723.6 ], TIME = 0h0m0s35t = 35
**** 1 open nodes, 0 columns (0 active), 0 dyn. constrs. (0 active), 62 art. vars. (62 active)
************************************************************************************************
<DWph=2> <it= 10> <et=0.36> <Mt= 0.00> <Spt= 0.00> <nCl=300> <DB=-485355.1881> <Mlp=13587.1608> <PB=4723.6> 
<DWph=2> <it= 20> <et=0.37> <Mt= 0.00> <Spt= 0.01> <nCl=248> <DB=-1510.0703> <Mlp= 1772.8312> <PB=4723.6> 
<DWph=2> <it= 30> <et=0.38> <Mt= 0.00> <Spt= 0.00> <nCl=231> <DB= 1569.9620> <Mlp= 1658.8000> <PB=1658.8> 
<DWph=2> <it= 35> <et=0.38> <Mt= 0.00> <Spt= 0.00> <nCl= 44> <DB= 1657.5000> <Mlp= 1657.5000> <PB=1657.5> 
<DWph=1> <it= 40> <et=0.39> <Mt= 0.01> <Spt= 0.01> <nCl= 49> <DB= 1656.7000> <Mlp= 1656.7000> <PB=1656.7> 
<DWph=0> <it= 43> <et=0.39> <Mt= 0.00> <Spt= 0.00> <nCl=127> <DB= 1648.3000> <Mlp= 1648.3000> <PB=1656.7> 
Reduced cost fixing for graph G_0...  TT = 0.00022, pt = 2.5e-05, dt = 0.000149, ct = 0, ndl = 275', bdl = 1091', odl = 99', odf = 1267', lpcb = 2268', cnt = 325', bdch = 2642', odch = 332', lcp = 97'
took 0 sec., 1007 buck. arcs remain (26.8% from prev., 6.25% from max.)
Run enumeration... took 0.06 sec. and succeeded! 
ColGenEvalAlg final dual bound: 1648.3 (rounded: 1648.3)
----- Terminating the node by MIP -----
MIP found solution with value 1655.6
New model incumbent solution 1655.6, TIME = 0h0m0s49t = 49
************************************************************************************************
Search is finished, global bounds : [ 1655.6 , 1655.6 ], TIME = 0h0m0s49t = 49
************************************************************************************************
[32mBaPCod : solution defined.[00m
statistics_cols: instance & :Optimal & cutoff & :bcRecRootDb & :bcTimeRootEval & :bcCountNodeProc & :bcRecBestDb & :bcRecBestInc & :bcTimeMain \\
statistics: instance_15-triangle & 1 & 4723.6 & 1655.60 & 0.49 & 1 & 1655.60 & 1655.60 & 0.49 \\
########################################################
Route #1: 2 27 5 3 10 6 24 
Route #2: 7 13 4 26 28 23 15 18 16 
Route #3: 9 12 20 30 8 19 
Route #4: 21 22 25 1 17 14 29 11 
Cost 1655.5999999999997
########################################################

end_time=2026-04-22 11:28:41
exit_code=0
