instance_file=/mnt/c/Users/porin/OneDrive/Documentos/Python-Mestrado/Modelagem Matemática/Programação Inteira - Uchoa/Problema VRPRDL/instancias_turco/VRPRDL-triangle/vrptw_padrao_convertidos/instance_10-triangle.txt
instance_name=instance_10-triangle
n_customers=30
capacity=750
k_ub=30
time_horizon=720
ub_mode=trivial
ub_used=5199.8
cfg=config/VRPTW_set_1.cfg
timeout_s=3600
start_time=2026-04-22 11:27:40
cmd=/home/poringman/.juliaup/bin/julia src/run.jl /mnt/c/Users/porin/OneDrive/Documentos/Python-Mestrado/Modelagem Matemática/Programação Inteira - Uchoa/Problema VRPRDL/instancias_turco/VRPRDL-triangle/vrptw_padrao_convertidos/instance_10-triangle.txt --cfg config/VRPTW_set_1.cfg -u 5199.8

  Activating project at `~/VRPSolver/VRPSolverDemos/other/VRPTW`
Application parameters:
  batch  =>  nothing
  update  =>  false
  tikz  =>  nothing
  instance  =>  "/mnt/c/Users/porin/OneDrive/Documentos/Python-Mestrado/Modelagem Matemática/Programação Inteira - Uchoa/Problema VRPRDL/instancias_turco/VRPRDL-triangle/vrptw_padrao_convertidos/instance_10-triangle.txt"
  out  =>  nothing
  nosolve  =>  false
  ub  =>  5199.8
  sol  =>  nothing
  cfg  =>  "config/VRPTW_set_1.cfg"
  enable_cap_res  =>  false
~~~~~~~~~~~~~~~~~~~~~~~~~~~~~~~~~~~~~~~~~~~~~~~~~~~~~~~~~~~~~~~~~~~~~~~~~~~~~~~~~~~~~
GIT VERSION RCSP: 
GIT BRANCH: 
~~~~~~~~~~~~~~~~~~~~~~~~~~~~~~~~~~~~~~~~~~~~~~~~~~~~~~~~~~~~~~~~~~~~~~~~~~~~~~~~~~~~~
VRPSolver v0.6.16, 10/11/2025, © Inria Bordeaux, France, vrpsolver.math.u-bordeaux.fr
      Corresponds to the solver by Pessoa, Sadykov, Uchoa and Vanderbeck (2020)
                 Paper: dx.doi.org/10.1007/s10107-020-01523-z
~~~~~~~~~~~~~~~~~~~~~~~~~~~~~~~~~~~~~~~~~~~~~~~~~~~~~~~~~~~~~~~~~~~~~~~~~~~~~~~~~~~~~
GIT VERSION BAPCOD: a7cb21f19424236c9d0da5dcf94961797a519470
GIT BRANCH: main
~~~~~~~~~~~~~~~~~~~~~~~~~~~~~~~~~~~~~~~~~~~~~~~~~~~~~~~~~~~~~~~~~~~~~~~~~~~~~~~~~~~~~
   BaPCod v0.84, 10/11/2025, © Inria Bordeaux, France, bapcod.math.u-bordeaux.fr 
           THIS CODE IS PROVIDED AS IS, USE IT AT YOUR OWN RISK
~~~~~~~~~~~~~~~~~~~~~~~~~~~~~~~~~~~~~~~~~~~~~~~~~~~~~~~~~~~~~~~~~~~~~~~~~~~~~~~~~~~~~
--- VRPSOLVER PARAMETERS ---
GlobalTimeLimit = 21474836
MaxNbOfBBtreeNodeTreated = 100000
treeSearchStrategy = 1
RCSPstopCutGenTimeThresholdInPricing = 5
RCSPhardTimeThresholdInPricing = 10
RCSPredCostFixingTimeThreshold = 100
RCSPnumberOfBucketsPerVertex = 25
RCSPdynamicBucketSteps = 1
RCSPuseBidirectionalSearch = 1
RCSPapplyReducedCostFixing = 1
RCSPredCostFixingFalseGap = 0
RCSPmaxNumOfColsPerIteration = 30
RCSPmaxNumOfColsPerExactIteration = 150
StabilizationMinPhaseOfStage = 0
RCSPmaxNumOfLabelsInEnumeration = 1000000
RCSPmaxNumOfEnumeratedSolutions = 10000000
RCSPmaxNumOfEnumSolutionsForMIP = 10000
RCSPinitNGneighbourhoodSize = 8
RCSPmaxNGneighbourhoodSize = 16
RCSPrankOneCutsMaxNumPerRound = 100
RCSPrankOneCutsMaxNumRows = 7
RCSPrankOneCutsMemoryType = 1
CutTailingOffThreshold = 0.015
CutTailingOffCounterThreshold = 3
SafeDualBoundScaleFactor = -1
StrongBranchingPhaseOneCandidatesNumber = 50
StrongBranchingPhaseOneTreeSizeEstimRatio = 0.1
StrongBranchingPhaseTwoCandidatesNumber = 3
StrongBranchingPhaseTwoTreeSizeEstimRatio = 0.1
MaxTimeForRestrictedMasterIpHeur = -1
DivingHeurUseDepthLimit = -1
MaxLDSbreadth = 0
MaxLDSdepth = 0
New model incumbent solution 5199.8, TIME = 0h0m0s35t = 35
Model is built TIME = 0h0m0s35t = 35
************************************************************************************************
**** BaB tree root node
**** Local DB = -1e+12, global bounds : [ -1e+12 , 5199.8 ], TIME = 0h0m0s35t = 35
**** 1 open nodes, 0 columns (0 active), 0 dyn. constrs. (0 active), 62 art. vars. (62 active)
************************************************************************************************
<DWph=2> <it= 10> <et=0.36> <Mt= 0.00> <Spt= 0.00> <nCl=299> <DB=-595707.6248> <Mlp= 8162.2020> <PB=5199.8> 
<DWph=2> <it= 20> <et=0.37> <Mt= 0.00> <Spt= 0.01> <nCl=255> <DB= -421.2014> <Mlp= 1879.9250> <PB=5199.8> 
<DWph=2> <it= 30> <et=0.38> <Mt= 0.00> <Spt= 0.00> <nCl=160> <DB= 1789.5228> <Mlp= 1792.2000> <PB=1792.2> 
<DWph=2> <it= 31> <et=0.38> <Mt= 0.00> <Spt= 0.00> <nCl=  0> <DB= 1792.2000> <Mlp= 1792.2000> <PB=1792.2> 
<DWph=1> <it= 36> <et=0.39> <Mt= 0.01> <Spt= 0.01> <nCl= 46> <DB= 1789.0000> <Mlp= 1789.0000> <PB=1789> 
<DWph=0> <it= 40> <et=0.39> <Mt= 0.00> <Spt= 0.00> <nCl=139> <DB= 1789.0000> <Mlp= 1789.0000> <PB=1789> 
ColGenEvalAlg final dual bound: 1789 (rounded: 1789)
New model incumbent solution 1789, TIME = 0h0m0s39t = 39
************************************************************************************************
Search is finished, global bounds : [ 1789 , 1789 ], TIME = 0h0m0s39t = 39
************************************************************************************************
[32mBaPCod : solution defined.[00m
statistics_cols: instance & :Optimal & cutoff & :bcRecRootDb & :bcTimeRootEval & :bcCountNodeProc & :bcRecBestDb & :bcRecBestInc & :bcTimeMain \\
statistics: instance_10-triangle & 1 & 5199.8 & 1789.00 & 0.39 & 1 & 1789.00 & 1789.00 & 0.39 \\
########################################################
Route #1: 9 3 11 12 26 25 
Route #2: 13 7 21 
Route #3: 17 10 1 14 28 27 
Route #4: 19 29 2 4 18 8 20 24 30 5 
Route #5: 22 16 23 6 15 
Cost 1789.0
########################################################

end_time=2026-04-22 11:27:49
exit_code=0
