instance_file=/mnt/c/Users/porin/OneDrive/Documentos/Python-Mestrado/Modelagem Matemática/Programação Inteira - Uchoa/Problema VRPRDL/instancias_turco/VRPRDL-triangle/vrptw_padrao_convertidos/instance_13-triangle.txt
instance_name=instance_13-triangle
n_customers=30
capacity=750
k_ub=30
time_horizon=720
ub_mode=trivial
ub_used=4418.4
cfg=config/VRPTW_set_1.cfg
timeout_s=3600
start_time=2026-04-22 11:28:07
cmd=/home/poringman/.juliaup/bin/julia src/run.jl /mnt/c/Users/porin/OneDrive/Documentos/Python-Mestrado/Modelagem Matemática/Programação Inteira - Uchoa/Problema VRPRDL/instancias_turco/VRPRDL-triangle/vrptw_padrao_convertidos/instance_13-triangle.txt --cfg config/VRPTW_set_1.cfg -u 4418.4

  Activating project at `~/VRPSolver/VRPSolverDemos/other/VRPTW`
Application parameters:
  batch  =>  nothing
  update  =>  false
  tikz  =>  nothing
  instance  =>  "/mnt/c/Users/porin/OneDrive/Documentos/Python-Mestrado/Modelagem Matemática/Programação Inteira - Uchoa/Problema VRPRDL/instancias_turco/VRPRDL-triangle/vrptw_padrao_convertidos/instance_13-triangle.txt"
  out  =>  nothing
  nosolve  =>  false
  ub  =>  4418.4
  sol  =>  nothing
  cfg  =>  "config/VRPTW_set_1.cfg"
  enable_cap_res  =>  false
~~~~~~~~~~~~~~~~~~~~~~~~~~~~~~~~~~~~~~~~~~~~~~~~~~~~~~~~~~~~~~~~~~~~~~~~~~~~~~~~~~~~~
GIT VERSION RCSP: 
GIT BRANCH: 
~~~~~~~~~~~~~~~~~~~~~~~~~~~~~~~~~~~~~~~~~~~~~~~~~~~~~~~~~~~~~~~~~~~~~~~~~~~~~~~~~~~~~
VRPSolver v0.6.16, 10/11/2025, © Inria Bordeaux, France, vrpsolver.math.u-bordeaux.fr
      Corresponds to the solver by Pessoa, Sadykov, Uchoa and Vanderbeck (2020)
                 Paper: dx.doi.org/10.1007/s10107-020-01523-z
~~~~~~~~~~~~~~~~~~~~~~~~~~~~~~~~~~~~~~~~~~~~~~~~~~~~~~~~~~~~~~~~~~~~~~~~~~~~~~~~~~~~~
GIT VERSION BAPCOD: a7cb21f19424236c9d0da5dcf94961797a519470
GIT BRANCH: main
~~~~~~~~~~~~~~~~~~~~~~~~~~~~~~~~~~~~~~~~~~~~~~~~~~~~~~~~~~~~~~~~~~~~~~~~~~~~~~~~~~~~~
   BaPCod v0.84, 10/11/2025, © Inria Bordeaux, France, bapcod.math.u-bordeaux.fr 
           THIS CODE IS PROVIDED AS IS, USE IT AT YOUR OWN RISK
~~~~~~~~~~~~~~~~~~~~~~~~~~~~~~~~~~~~~~~~~~~~~~~~~~~~~~~~~~~~~~~~~~~~~~~~~~~~~~~~~~~~~
--- VRPSOLVER PARAMETERS ---
GlobalTimeLimit = 21474836
MaxNbOfBBtreeNodeTreated = 100000
treeSearchStrategy = 1
RCSPstopCutGenTimeThresholdInPricing = 5
RCSPhardTimeThresholdInPricing = 10
RCSPredCostFixingTimeThreshold = 100
RCSPnumberOfBucketsPerVertex = 25
RCSPdynamicBucketSteps = 1
RCSPuseBidirectionalSearch = 1
RCSPapplyReducedCostFixing = 1
RCSPredCostFixingFalseGap = 0
RCSPmaxNumOfColsPerIteration = 30
RCSPmaxNumOfColsPerExactIteration = 150
StabilizationMinPhaseOfStage = 0
RCSPmaxNumOfLabelsInEnumeration = 1000000
RCSPmaxNumOfEnumeratedSolutions = 10000000
RCSPmaxNumOfEnumSolutionsForMIP = 10000
RCSPinitNGneighbourhoodSize = 8
RCSPmaxNGneighbourhoodSize = 16
RCSPrankOneCutsMaxNumPerRound = 100
RCSPrankOneCutsMaxNumRows = 7
RCSPrankOneCutsMemoryType = 1
CutTailingOffThreshold = 0.015
CutTailingOffCounterThreshold = 3
SafeDualBoundScaleFactor = -1
StrongBranchingPhaseOneCandidatesNumber = 50
StrongBranchingPhaseOneTreeSizeEstimRatio = 0.1
StrongBranchingPhaseTwoCandidatesNumber = 3
StrongBranchingPhaseTwoTreeSizeEstimRatio = 0.1
MaxTimeForRestrictedMasterIpHeur = -1
DivingHeurUseDepthLimit = -1
MaxLDSbreadth = 0
MaxLDSdepth = 0
New model incumbent solution 4418.4, TIME = 0h0m0s35t = 35
Model is built TIME = 0h0m0s35t = 35
************************************************************************************************
**** BaB tree root node
**** Local DB = -1e+12, global bounds : [ -1e+12 , 4418.4 ], TIME = 0h0m0s35t = 35
**** 1 open nodes, 0 columns (0 active), 0 dyn. constrs. (0 active), 62 art. vars. (62 active)
************************************************************************************************
<DWph=2> <it= 10> <et=0.36> <Mt= 0.00> <Spt= 0.00> <nCl=300> <DB=-951664.5828> <Mlp=20659.2552> <PB=4418.4> 
<DWph=2> <it= 20> <et=0.38> <Mt= 0.00> <Spt= 0.01> <nCl=298> <DB=-1198.6141> <Mlp= 1774.4007> <PB=4418.4> 
<DWph=2> <it= 30> <et=0.39> <Mt= 0.01> <Spt= 0.01> <nCl=196> <DB= 1512.0490> <Mlp= 1662.8000> <PB=4418.4> 
<DWph=2> <it= 34> <et=0.39> <Mt= 0.00> <Spt= 0.00> <nCl= 24> <DB= 1661.2167> <Mlp= 1661.2167> <PB=4418.4> 
<DWph=1> <it= 38> <et=0.39> <Mt= 0.00> <Spt= 0.00> <nCl= 59> <DB= 1654.6833> <Mlp= 1654.6833> <PB=4418.4> 
<DWph=0> <it= 40> <et=0.40> <Mt= 0.00> <Spt= 0.01> <nCl=149> <DB= 1310.6833> <Mlp= 1654.6833> <PB=4418.4> 
<DWph=0> <it= 44> <et=0.41> <Mt= 0.00> <Spt= 0.00> <nCl=277> <DB= 1645.0500> <Mlp= 1645.0500> <PB=4418.4> 
Reduced cost fixing for graph G_0...  TT = 0.000566, pt = 3e-05, dt = 0.000485, ct = 0, ndl = 436', bdl = 3269', odl = 884', odf = 5449', lpcb = 820', cnt = 4369', bdch = 9662', odch = 2336', lcp = 1493'
took 0 sec., 5257 buck. arcs remain (96.5% from prev., 26% from max.)
Run enumeration... took 5.67 sec. and not succeeded.
ColGenEvalAlg final dual bound: 1645.05 (rounded: 1645.05)
----- Add fac. cuts : R1C(180), max.viol = 0.5, aver.viol = 0.5, sep/add took 0.00769617/0.0412894 sec. -----
1303 columns (1303 active), 180 dyn. constrs. (180 active), 242 art. vars. (242 active)
<DWph=2> <it=  4> <et=6.15> <Mt= 0.00> <Spt= 0.01> <nCl= 22> <DB= 1670.1500> <Mlp= 1670.1500> <PB=4418.4> 
<DWph=1> <it= 10> <et=6.16> <Mt= 0.01> <Spt= 0.01> <nCl= 45> <DB= 1626.6744> <Mlp= 1670.1500> <PB=4418.4> 
<DWph=1> <it= 11> <et=6.16> <Mt= 0.00> <Spt= 0.00> <nCl=  0> <DB= 1670.1500> <Mlp= 1670.1500> <PB=4418.4> 
<DWph=0> <it= 15> <et=6.19> <Mt= 0.00> <Spt= 0.02> <nCl=183> <DB= 1662.8000> <Mlp= 1662.8000> <PB=4418.4> 
ColGenEvalAlg final dual bound: 1662.8 (rounded: 1662.8)
----- Add fac. cuts : R1C(177), max.viol = 0.5, aver.viol = 0.5, sep/add took 0.0670771/0.0551105 sec. -----
1553 columns (1553 active), 357 dyn. constrs. (182 active), 419 art. vars. (244 active)
<DWph=2> <it=  8> <et=6.33> <Mt= 0.00> <Spt= 0.01> <nCl= 26> <DB= 1673.5000> <Mlp= 1673.5000> <PB=4418.4> 
<DWph=1> <it= 10> <et=6.33> <Mt= 0.01> <Spt= 0.00> <nCl=  6> <DB= 1549.7242> <Mlp= 1673.5000> <PB=4418.4> 
<DWph=1> <it= 11> <et=6.33> <Mt= 0.00> <Spt= 0.00> <nCl=  0> <DB= 1673.5000> <Mlp= 1673.5000> <PB=4418.4> 
<DWph=0> <it= 15> <et=6.35> <Mt= 0.00> <Spt= 0.01> <nCl= 66> <DB= 1673.5000> <Mlp= 1673.5000> <PB=4418.4> 
ColGenEvalAlg final dual bound: 1673.5 (rounded: 1673.5)
----- Add fac. cuts : R1C(194), max.viol = 0.666667, aver.viol = 0.365979, sep/add took 0.0814951/0.0680211 sec. -----
1651 columns (1651 active), 376 dyn. constrs. (201 active), 613 art. vars. (263 active)
<DWph=2> <it=  1> <et=6.51> <Mt= 0.00> <Spt= 0.01> <nCl=  6> <DB= 1677.5000> <Mlp= 1677.5000> <PB=4418.4> 
<DWph=1> <it=  2> <et=6.51> <Mt= 0.00> <Spt= 0.00> <nCl=  0> <DB= 1677.5000> <Mlp= 1677.5000> <PB=4418.4> 
<DWph=0> <it=  4> <et=6.52> <Mt= 0.00> <Spt= 0.01> <nCl= 32> <DB= 1677.5000> <Mlp= 1677.5000> <PB=4418.4> 
ColGenEvalAlg final dual bound: 1677.5 (rounded: 1677.5)
----- Add fac. cuts : R1C(158), max.viol = 0.5, aver.viol = 0.27057, sep/add took 0.0801293/0.0609716 sec. -----
1689 columns (1689 active), 359 dyn. constrs. (172 active), 771 art. vars. (234 active)
<DWph=2> <it=  2> <et=6.67> <Mt= 0.00> <Spt= 0.00> <nCl=  3> <DB= 1678.2000> <Mlp= 1678.2000> <PB=1678.2> 
<DWph=1> <it=  3> <et=6.67> <Mt= 0.00> <Spt= 0.00> <nCl=  2> <DB= 1678.2000> <Mlp= 1678.2000> <PB=1678.2> 
<DWph=0> <it=  4> <et=6.68> <Mt= 0.00> <Spt= 0.01> <nCl= 16> <DB= 1678.2000> <Mlp= 1678.2000> <PB=1678.2> 
ColGenEvalAlg final dual bound: 1678.2 (rounded: 1678.2)
Gap improvement since the last cut separation : 1 (1677.5)
New model incumbent solution 1678.2, TIME = 0h0m6s68t = 668
************************************************************************************************
Search is finished, global bounds : [ 1678.2 , 1678.2 ], TIME = 0h0m6s68t = 668
************************************************************************************************
[32mBaPCod : solution defined.[00m
statistics_cols: instance & :Optimal & cutoff & :bcRecRootDb & :bcTimeRootEval & :bcCountNodeProc & :bcRecBestDb & :bcRecBestInc & :bcTimeMain \\
statistics: instance_13-triangle & 1 & 4418.4 & 1678.20 & 6.68 & 1 & 1678.20 & 1678.20 & 6.68 \\
########################################################
Route #1: 6 26 3 14 8 4 27 
Route #2: 11 
Route #3: 12 24 22 15 23 30 9 
Route #4: 13 16 21 10 
Route #5: 20 5 19 17 1 18 7 29 2 25 28 
Cost 1678.2000000000003
########################################################

end_time=2026-04-22 11:28:22
exit_code=0
