instance_file=/mnt/c/Users/porin/OneDrive/Documentos/Python-Mestrado/Modelagem Matemática/Programação Inteira - Uchoa/Problema VRPRDL/instancias_turco/VRPRDL-triangle/vrptw_padrao_convertidos/instance_6-triangle.txt
instance_name=instance_6-triangle
n_customers=20
capacity=750
k_ub=20
time_horizon=720
ub_mode=trivial
ub_used=2994.0
cfg=config/VRPTW_set_1.cfg
timeout_s=3600
start_time=2026-04-22 14:21:19
cmd=/home/poringman/.juliaup/bin/julia src/run.jl /mnt/c/Users/porin/OneDrive/Documentos/Python-Mestrado/Modelagem Matemática/Programação Inteira - Uchoa/Problema VRPRDL/instancias_turco/VRPRDL-triangle/vrptw_padrao_convertidos/instance_6-triangle.txt --cfg config/VRPTW_set_1.cfg -u 2994.0

  Activating project at `~/VRPSolver/VRPSolverDemos/other/VRPTW`
Application parameters:
  batch  =>  nothing
  update  =>  false
  tikz  =>  nothing
  instance  =>  "/mnt/c/Users/porin/OneDrive/Documentos/Python-Mestrado/Modelagem Matemática/Programação Inteira - Uchoa/Problema VRPRDL/instancias_turco/VRPRDL-triangle/vrptw_padrao_convertidos/instance_6-triangle.txt"
  out  =>  nothing
  nosolve  =>  false
  ub  =>  2994.0
  sol  =>  nothing
  cfg  =>  "config/VRPTW_set_1.cfg"
  enable_cap_res  =>  false
~~~~~~~~~~~~~~~~~~~~~~~~~~~~~~~~~~~~~~~~~~~~~~~~~~~~~~~~~~~~~~~~~~~~~~~~~~~~~~~~~~~~~
GIT VERSION RCSP: 
GIT BRANCH: 
~~~~~~~~~~~~~~~~~~~~~~~~~~~~~~~~~~~~~~~~~~~~~~~~~~~~~~~~~~~~~~~~~~~~~~~~~~~~~~~~~~~~~
VRPSolver v0.6.16, 10/11/2025, © Inria Bordeaux, France, vrpsolver.math.u-bordeaux.fr
      Corresponds to the solver by Pessoa, Sadykov, Uchoa and Vanderbeck (2020)
                 Paper: dx.doi.org/10.1007/s10107-020-01523-z
~~~~~~~~~~~~~~~~~~~~~~~~~~~~~~~~~~~~~~~~~~~~~~~~~~~~~~~~~~~~~~~~~~~~~~~~~~~~~~~~~~~~~
GIT VERSION BAPCOD: a7cb21f19424236c9d0da5dcf94961797a519470
GIT BRANCH: main
~~~~~~~~~~~~~~~~~~~~~~~~~~~~~~~~~~~~~~~~~~~~~~~~~~~~~~~~~~~~~~~~~~~~~~~~~~~~~~~~~~~~~
   BaPCod v0.84, 10/11/2025, © Inria Bordeaux, France, bapcod.math.u-bordeaux.fr 
           THIS CODE IS PROVIDED AS IS, USE IT AT YOUR OWN RISK
~~~~~~~~~~~~~~~~~~~~~~~~~~~~~~~~~~~~~~~~~~~~~~~~~~~~~~~~~~~~~~~~~~~~~~~~~~~~~~~~~~~~~
--- VRPSOLVER PARAMETERS ---
GlobalTimeLimit = 21474836
MaxNbOfBBtreeNodeTreated = 100000
treeSearchStrategy = 1
RCSPstopCutGenTimeThresholdInPricing = 5
RCSPhardTimeThresholdInPricing = 10
RCSPredCostFixingTimeThreshold = 100
RCSPnumberOfBucketsPerVertex = 25
RCSPdynamicBucketSteps = 1
RCSPuseBidirectionalSearch = 1
RCSPapplyReducedCostFixing = 1
RCSPredCostFixingFalseGap = 0
RCSPmaxNumOfColsPerIteration = 30
RCSPmaxNumOfColsPerExactIteration = 150
StabilizationMinPhaseOfStage = 0
RCSPmaxNumOfLabelsInEnumeration = 1000000
RCSPmaxNumOfEnumeratedSolutions = 10000000
RCSPmaxNumOfEnumSolutionsForMIP = 10000
RCSPinitNGneighbourhoodSize = 8
RCSPmaxNGneighbourhoodSize = 16
RCSPrankOneCutsMaxNumPerRound = 100
RCSPrankOneCutsMaxNumRows = 7
RCSPrankOneCutsMemoryType = 1
CutTailingOffThreshold = 0.015
CutTailingOffCounterThreshold = 3
SafeDualBoundScaleFactor = -1
StrongBranchingPhaseOneCandidatesNumber = 50
StrongBranchingPhaseOneTreeSizeEstimRatio = 0.1
StrongBranchingPhaseTwoCandidatesNumber = 3
StrongBranchingPhaseTwoTreeSizeEstimRatio = 0.1
MaxTimeForRestrictedMasterIpHeur = -1
DivingHeurUseDepthLimit = -1
MaxLDSbreadth = 0
MaxLDSdepth = 0
New model incumbent solution 2994, TIME = 0h0m0s30t = 30
Model is built TIME = 0h0m0s31t = 31
************************************************************************************************
**** BaB tree root node
**** Local DB = -1e+12, global bounds : [ -1e+12 , 2994 ], TIME = 0h0m0s31t = 31
**** 1 open nodes, 0 columns (0 active), 0 dyn. constrs. (0 active), 42 art. vars. (42 active)
************************************************************************************************
<DWph=2> <it= 10> <et=0.31> <Mt= 0.00> <Spt= 0.00> <nCl=299> <DB=-4656.5109> <Mlp= 1483.4464> <PB=2994> 
<DWph=2> <it= 20> <et=0.32> <Mt= 0.00> <Spt= 0.01> <nCl=263> <DB=  894.0151> <Mlp= 1062.7500> <PB=2994> 
<DWph=2> <it= 23> <et=0.33> <Mt= 0.00> <Spt= 0.00> <nCl= 49> <DB= 1057.7000> <Mlp= 1057.7000> <PB=2994> 
<DWph=1> <it= 25> <et=0.33> <Mt= 0.00> <Spt= 0.00> <nCl=  9> <DB= 1054.1000> <Mlp= 1054.1000> <PB=2994> 
<DWph=0> <it= 28> <et=0.33> <Mt= 0.00> <Spt= 0.01> <nCl=176> <DB= 1054.1000> <Mlp= 1054.1000> <PB=2994> 
Reduced cost fixing for graph G_0...  TT = 0.000904, pt = 3.6e-05, dt = 0.000834, ct = 0, ndl = 858', bdl = 4212', odl = 1451', odf = 10893', lpcb = 733', cnt = 8712', bdch = 35689', odch = 13497', lcp = 7072'
took 0 sec., 2863 buck. arcs remain (96.3% from prev., 27.3% from max.)
Run enumeration... took 0.43 sec. and not succeeded.
ColGenEvalAlg final dual bound: 1054.1 (rounded: 1054.1)
----- Add fac. cuts : R1C(131), max.viol = 0.5, aver.viol = 0.5, sep/add took 0.0441724/0.0132404 sec. -----
796 columns (796 active), 131 dyn. constrs. (131 active), 173 art. vars. (173 active)
<DWph=2> <it=  1> <et=0.83> <Mt= 0.00> <Spt= 0.00> <nCl=  0> <DB= 1057.6000> <Mlp= 1057.6000> <PB=1057.6> 
<DWph=1> <it=  2> <et=0.83> <Mt= 0.00> <Spt= 0.00> <nCl=  0> <DB= 1057.6000> <Mlp= 1057.6000> <PB=1057.6> 
<DWph=0> <it=  3> <et=0.83> <Mt= 0.00> <Spt= 0.00> <nCl=  3> <DB= 1057.6000> <Mlp= 1057.6000> <PB=1057.6> 
ColGenEvalAlg final dual bound: 1057.6 (rounded: 1057.6)
Gap improvement since the last cut separation : 1 (1054.1)
New model incumbent solution 1057.6, TIME = 0h0m0s83t = 83
************************************************************************************************
Search is finished, global bounds : [ 1057.6 , 1057.6 ], TIME = 0h0m0s83t = 83
************************************************************************************************
[32mBaPCod : solution defined.[00m
statistics_cols: instance & :Optimal & cutoff & :bcRecRootDb & :bcTimeRootEval & :bcCountNodeProc & :bcRecBestDb & :bcRecBestInc & :bcTimeMain \\
statistics: instance_6-triangle & 1 & 2994.0 & 1057.60 & 0.83 & 1 & 1057.60 & 1057.60 & 0.83 \\
########################################################
Route #1: 11 7 10 5 3 
Route #2: 18 16 9 8 2 6 20 12 13 1 
Route #3: 19 15 14 17 4 
Cost 1057.6
########################################################

end_time=2026-04-22 14:21:28
exit_code=0
