instance_file=/mnt/c/Users/porin/OneDrive/Documentos/Python-Mestrado/Modelagem Matemática/Programação Inteira - Uchoa/Problema VRPRDL/instancias_turco/VRPRDL-triangle/vrptw_padrao_convertidos/instance_24-triangle.txt
instance_name=instance_24-triangle
n_customers=60
capacity=750
k_ub=60
time_horizon=720
ub_mode=trivial
ub_used=9807.2
cfg=config/VRPTW_set_1.cfg
timeout_s=3600
start_time=2026-04-22 11:30:38
cmd=/home/poringman/.juliaup/bin/julia src/run.jl /mnt/c/Users/porin/OneDrive/Documentos/Python-Mestrado/Modelagem Matemática/Programação Inteira - Uchoa/Problema VRPRDL/instancias_turco/VRPRDL-triangle/vrptw_padrao_convertidos/instance_24-triangle.txt --cfg config/VRPTW_set_1.cfg -u 9807.2

  Activating project at `~/VRPSolver/VRPSolverDemos/other/VRPTW`
Application parameters:
  batch  =>  nothing
  update  =>  false
  tikz  =>  nothing
  instance  =>  "/mnt/c/Users/porin/OneDrive/Documentos/Python-Mestrado/Modelagem Matemática/Programação Inteira - Uchoa/Problema VRPRDL/instancias_turco/VRPRDL-triangle/vrptw_padrao_convertidos/instance_24-triangle.txt"
  out  =>  nothing
  nosolve  =>  false
  ub  =>  9807.2
  sol  =>  nothing
  cfg  =>  "config/VRPTW_set_1.cfg"
  enable_cap_res  =>  false
~~~~~~~~~~~~~~~~~~~~~~~~~~~~~~~~~~~~~~~~~~~~~~~~~~~~~~~~~~~~~~~~~~~~~~~~~~~~~~~~~~~~~
GIT VERSION RCSP: 
GIT BRANCH: 
~~~~~~~~~~~~~~~~~~~~~~~~~~~~~~~~~~~~~~~~~~~~~~~~~~~~~~~~~~~~~~~~~~~~~~~~~~~~~~~~~~~~~
VRPSolver v0.6.16, 10/11/2025, © Inria Bordeaux, France, vrpsolver.math.u-bordeaux.fr
      Corresponds to the solver by Pessoa, Sadykov, Uchoa and Vanderbeck (2020)
                 Paper: dx.doi.org/10.1007/s10107-020-01523-z
~~~~~~~~~~~~~~~~~~~~~~~~~~~~~~~~~~~~~~~~~~~~~~~~~~~~~~~~~~~~~~~~~~~~~~~~~~~~~~~~~~~~~
GIT VERSION BAPCOD: a7cb21f19424236c9d0da5dcf94961797a519470
GIT BRANCH: main
~~~~~~~~~~~~~~~~~~~~~~~~~~~~~~~~~~~~~~~~~~~~~~~~~~~~~~~~~~~~~~~~~~~~~~~~~~~~~~~~~~~~~
   BaPCod v0.84, 10/11/2025, © Inria Bordeaux, France, bapcod.math.u-bordeaux.fr 
           THIS CODE IS PROVIDED AS IS, USE IT AT YOUR OWN RISK
~~~~~~~~~~~~~~~~~~~~~~~~~~~~~~~~~~~~~~~~~~~~~~~~~~~~~~~~~~~~~~~~~~~~~~~~~~~~~~~~~~~~~
--- VRPSOLVER PARAMETERS ---
GlobalTimeLimit = 21474836
MaxNbOfBBtreeNodeTreated = 100000
treeSearchStrategy = 1
RCSPstopCutGenTimeThresholdInPricing = 5
RCSPhardTimeThresholdInPricing = 10
RCSPredCostFixingTimeThreshold = 100
RCSPnumberOfBucketsPerVertex = 25
RCSPdynamicBucketSteps = 1
RCSPuseBidirectionalSearch = 1
RCSPapplyReducedCostFixing = 1
RCSPredCostFixingFalseGap = 0
RCSPmaxNumOfColsPerIteration = 30
RCSPmaxNumOfColsPerExactIteration = 150
StabilizationMinPhaseOfStage = 0
RCSPmaxNumOfLabelsInEnumeration = 1000000
RCSPmaxNumOfEnumeratedSolutions = 10000000
RCSPmaxNumOfEnumSolutionsForMIP = 10000
RCSPinitNGneighbourhoodSize = 8
RCSPmaxNGneighbourhoodSize = 16
RCSPrankOneCutsMaxNumPerRound = 100
RCSPrankOneCutsMaxNumRows = 7
RCSPrankOneCutsMemoryType = 1
CutTailingOffThreshold = 0.015
CutTailingOffCounterThreshold = 3
SafeDualBoundScaleFactor = -1
StrongBranchingPhaseOneCandidatesNumber = 50
StrongBranchingPhaseOneTreeSizeEstimRatio = 0.1
StrongBranchingPhaseTwoCandidatesNumber = 3
StrongBranchingPhaseTwoTreeSizeEstimRatio = 0.1
MaxTimeForRestrictedMasterIpHeur = -1
DivingHeurUseDepthLimit = -1
MaxLDSbreadth = 0
MaxLDSdepth = 0
New model incumbent solution 9807.2, TIME = 0h0m0s52t = 52
Model is built TIME = 0h0m0s54t = 54
************************************************************************************************
**** BaB tree root node
**** Local DB = -1e+12, global bounds : [ -1e+12 , 9807.2 ], TIME = 0h0m0s54t = 54
**** 1 open nodes, 0 columns (0 active), 0 dyn. constrs. (0 active), 122 art. vars. (122 active)
************************************************************************************************
<DWph=2> <it= 10> <et=0.56> <Mt= 0.00> <Spt= 0.02> <nCl=300> <DB=-3970162.3759> <Mlp=122738.6866> <PB=9807.2> 
<DWph=2> <it= 20> <et=0.59> <Mt= 0.01> <Spt= 0.01> <nCl=300> <DB=-924844.8675> <Mlp= 4750.2107> <PB=9807.2> 
<DWph=2> <it= 30> <et=0.62> <Mt= 0.01> <Spt= 0.02> <nCl=298> <DB=-9529.1839> <Mlp= 3408.5444> <PB=9807.2> 
<DWph=2> <it= 40> <et=0.64> <Mt= 0.01> <Spt= 0.01> <nCl=295> <DB=-1648.1704> <Mlp= 2863.6452> <PB=9807.2> 
<DWph=2> <it= 50> <et=0.67> <Mt= 0.01> <Spt= 0.02> <nCl=248> <DB= 1701.5489> <Mlp= 2761.4036> <PB=9807.2> 
<DWph=2> <it= 60> <et=0.69> <Mt= 0.01> <Spt= 0.01> <nCl= 88> <DB= 2712.0844> <Mlp= 2748.1375> <PB=9807.2> 
<DWph=2> <it= 64> <et=0.70> <Mt= 0.00> <Spt= 0.01> <nCl= 34> <DB= 2747.4937> <Mlp= 2747.4937> <PB=9807.2> 
<DWph=1> <it= 70> <et=0.72> <Mt= 0.00> <Spt= 0.02> <nCl=175> <DB= 1267.9414> <Mlp= 2726.9889> <PB=9807.2> 
<DWph=1> <it= 80> <et=0.75> <Mt= 0.01> <Spt= 0.02> <nCl=130> <DB= 2647.0503> <Mlp= 2715.7240> <PB=9807.2> 
<DWph=1> <it= 82> <et=0.75> <Mt= 0.00> <Spt= 0.00> <nCl=  2> <DB= 2715.7240> <Mlp= 2715.7240> <PB=9807.2> 
<DWph=0> <it= 87> <et=0.78> <Mt= 0.00> <Spt= 0.02> <nCl=319> <DB= 2708.1500> <Mlp= 2708.1500> <PB=9807.2> 
Reduced cost fixing for graph G_0...  TT = 0.003617, pt = 0.00021, dt = 0.003297, ct = 0, ndl = 1909', bdl = 35724', odl = 2828', odf = 15748', lpcb = 7072', cnt = 45072', bdch = 138957', odch = 20081', lcp = 18626'
took 0 sec., 15144 buck. arcs remain (92.8% from prev., 21.8% from max.)
Run enumeration... took 0.76 sec. and not succeeded.
ColGenEvalAlg final dual bound: 2708.15 (rounded: 2708.15)
----- Add fac. cuts : R1C(145), max.viol = 0.5, aver.viol = 0.5, sep/add took 0.107025/0.0673816 sec. -----
2189 columns (2189 active), 145 dyn. constrs. (145 active), 267 art. vars. (267 active)
<DWph=2> <it=  7> <et=1.83> <Mt= 0.01> <Spt= 0.03> <nCl= 81> <DB= 2715.2600> <Mlp= 2715.2600> <PB=9807.2> 
<DWph=1> <it= 10> <et=1.84> <Mt= 0.01> <Spt= 0.00> <nCl= 19> <DB= 2582.9253> <Mlp= 2714.6250> <PB=9807.2> 
<DWph=1> <it= 11> <et=1.84> <Mt= 0.00> <Spt= 0.01> <nCl=  7> <DB= 2714.6250> <Mlp= 2714.6250> <PB=9807.2> 
<DWph=0> <it= 14> <et=1.86> <Mt= 0.00> <Spt= 0.02> <nCl=107> <DB= 2714.6250> <Mlp= 2714.6250> <PB=9807.2> 
ColGenEvalAlg final dual bound: 2714.62 (rounded: 2714.62)
----- Add fac. cuts : R1C(227), max.viol = 0.5, aver.viol = 0.459251, sep/add took 0.120395/0.109943 sec. -----
2403 columns (2403 active), 372 dyn. constrs. (229 active), 494 art. vars. (351 active)
<DWph=2> <it=  4> <et=2.11> <Mt= 0.01> <Spt= 0.01> <nCl= 16> <DB= 2720.0333> <Mlp= 2720.0333> <PB=9807.2> 
<DWph=1> <it=  6> <et=2.12> <Mt= 0.00> <Spt= 0.01> <nCl=  7> <DB= 2720.0333> <Mlp= 2720.0333> <PB=9807.2> 
<DWph=0> <it=  9> <et=2.15> <Mt= 0.00> <Spt= 0.02> <nCl= 83> <DB= 2718.3000> <Mlp= 2718.3000> <PB=2718.3> 
ColGenEvalAlg final dual bound: 2718.3 (rounded: 2718.3)
Gap improvement since the last cut separation : 1 (2714.62)
New model incumbent solution 2718.3, TIME = 0h0m2s15t = 215
************************************************************************************************
Search is finished, global bounds : [ 2718.3 , 2718.3 ], TIME = 0h0m2s15t = 215
************************************************************************************************
[32mBaPCod : solution defined.[00m
statistics_cols: instance & :Optimal & cutoff & :bcRecRootDb & :bcTimeRootEval & :bcCountNodeProc & :bcRecBestDb & :bcRecBestInc & :bcTimeMain \\
statistics: instance_24-triangle & 1 & 9807.2 & 2718.30 & 2.15 & 1 & 2718.30 & 2718.30 & 2.15 \\
########################################################
Route #1: 14 32 5 6 53 8 
Route #2: 31 60 11 33 57 25 43 
Route #3: 36 15 21 1 24 10 
Route #4: 40 16 39 51 29 12 38 46 
Route #5: 41 3 13 54 59 27 20 2 4 34 7 35 42 
Route #6: 47 22 26 30 23 56 37 45 28 48 
Route #7: 50 17 49 52 9 19 55 58 18 44 
Cost 2718.2999999999997
########################################################

end_time=2026-04-22 11:30:48
exit_code=0
