instance_file=/mnt/c/Users/porin/OneDrive/Documentos/Python-Mestrado/Modelagem Matemática/Programação Inteira - Uchoa/Problema VRPRDL/instancias_turco/VRPRDL-triangle/vrptw_padrao_convertidos/instance_8-triangle.txt
instance_name=instance_8-triangle
n_customers=20
capacity=750
k_ub=20
time_horizon=720
ub_mode=trivial
ub_used=3035.2
cfg=config/VRPTW_set_1.cfg
timeout_s=3600
start_time=2026-04-22 14:21:37
cmd=/home/poringman/.juliaup/bin/julia src/run.jl /mnt/c/Users/porin/OneDrive/Documentos/Python-Mestrado/Modelagem Matemática/Programação Inteira - Uchoa/Problema VRPRDL/instancias_turco/VRPRDL-triangle/vrptw_padrao_convertidos/instance_8-triangle.txt --cfg config/VRPTW_set_1.cfg -u 3035.2

  Activating project at `~/VRPSolver/VRPSolverDemos/other/VRPTW`
Application parameters:
  batch  =>  nothing
  update  =>  false
  tikz  =>  nothing
  instance  =>  "/mnt/c/Users/porin/OneDrive/Documentos/Python-Mestrado/Modelagem Matemática/Programação Inteira - Uchoa/Problema VRPRDL/instancias_turco/VRPRDL-triangle/vrptw_padrao_convertidos/instance_8-triangle.txt"
  out  =>  nothing
  nosolve  =>  false
  ub  =>  3035.2
  sol  =>  nothing
  cfg  =>  "config/VRPTW_set_1.cfg"
  enable_cap_res  =>  false
~~~~~~~~~~~~~~~~~~~~~~~~~~~~~~~~~~~~~~~~~~~~~~~~~~~~~~~~~~~~~~~~~~~~~~~~~~~~~~~~~~~~~
GIT VERSION RCSP: 
GIT BRANCH: 
~~~~~~~~~~~~~~~~~~~~~~~~~~~~~~~~~~~~~~~~~~~~~~~~~~~~~~~~~~~~~~~~~~~~~~~~~~~~~~~~~~~~~
VRPSolver v0.6.16, 10/11/2025, © Inria Bordeaux, France, vrpsolver.math.u-bordeaux.fr
      Corresponds to the solver by Pessoa, Sadykov, Uchoa and Vanderbeck (2020)
                 Paper: dx.doi.org/10.1007/s10107-020-01523-z
~~~~~~~~~~~~~~~~~~~~~~~~~~~~~~~~~~~~~~~~~~~~~~~~~~~~~~~~~~~~~~~~~~~~~~~~~~~~~~~~~~~~~
GIT VERSION BAPCOD: a7cb21f19424236c9d0da5dcf94961797a519470
GIT BRANCH: main
~~~~~~~~~~~~~~~~~~~~~~~~~~~~~~~~~~~~~~~~~~~~~~~~~~~~~~~~~~~~~~~~~~~~~~~~~~~~~~~~~~~~~
   BaPCod v0.84, 10/11/2025, © Inria Bordeaux, France, bapcod.math.u-bordeaux.fr 
           THIS CODE IS PROVIDED AS IS, USE IT AT YOUR OWN RISK
~~~~~~~~~~~~~~~~~~~~~~~~~~~~~~~~~~~~~~~~~~~~~~~~~~~~~~~~~~~~~~~~~~~~~~~~~~~~~~~~~~~~~
--- VRPSOLVER PARAMETERS ---
GlobalTimeLimit = 21474836
MaxNbOfBBtreeNodeTreated = 100000
treeSearchStrategy = 1
RCSPstopCutGenTimeThresholdInPricing = 5
RCSPhardTimeThresholdInPricing = 10
RCSPredCostFixingTimeThreshold = 100
RCSPnumberOfBucketsPerVertex = 25
RCSPdynamicBucketSteps = 1
RCSPuseBidirectionalSearch = 1
RCSPapplyReducedCostFixing = 1
RCSPredCostFixingFalseGap = 0
RCSPmaxNumOfColsPerIteration = 30
RCSPmaxNumOfColsPerExactIteration = 150
StabilizationMinPhaseOfStage = 0
RCSPmaxNumOfLabelsInEnumeration = 1000000
RCSPmaxNumOfEnumeratedSolutions = 10000000
RCSPmaxNumOfEnumSolutionsForMIP = 10000
RCSPinitNGneighbourhoodSize = 8
RCSPmaxNGneighbourhoodSize = 16
RCSPrankOneCutsMaxNumPerRound = 100
RCSPrankOneCutsMaxNumRows = 7
RCSPrankOneCutsMemoryType = 1
CutTailingOffThreshold = 0.015
CutTailingOffCounterThreshold = 3
SafeDualBoundScaleFactor = -1
StrongBranchingPhaseOneCandidatesNumber = 50
StrongBranchingPhaseOneTreeSizeEstimRatio = 0.1
StrongBranchingPhaseTwoCandidatesNumber = 3
StrongBranchingPhaseTwoTreeSizeEstimRatio = 0.1
MaxTimeForRestrictedMasterIpHeur = -1
DivingHeurUseDepthLimit = -1
MaxLDSbreadth = 0
MaxLDSdepth = 0
New model incumbent solution 3035.2, TIME = 0h0m0s32t = 32
Model is built TIME = 0h0m0s32t = 32
************************************************************************************************
**** BaB tree root node
**** Local DB = -1e+12, global bounds : [ -1e+12 , 3035.2 ], TIME = 0h0m0s32t = 32
**** 1 open nodes, 0 columns (0 active), 0 dyn. constrs. (0 active), 42 art. vars. (42 active)
************************************************************************************************
<DWph=2> <it= 10> <et=0.33> <Mt= 0.00> <Spt= 0.00> <nCl=239> <DB=-4817.7552> <Mlp= 1473.6071> <PB=3035.2> 
<DWph=2> <it= 20> <et=0.33> <Mt= 0.00> <Spt= 0.00> <nCl=213> <DB= 1225.9155> <Mlp= 1260.1000> <PB=1260.1> 
<DWph=2> <it= 23> <et=0.33> <Mt= 0.00> <Spt= 0.00> <nCl= 19> <DB= 1260.1000> <Mlp= 1260.1000> <PB=1260.1> 
<DWph=1> <it= 24> <et=0.33> <Mt= 0.00> <Spt= 0.00> <nCl=  3> <DB= 1260.1000> <Mlp= 1260.1000> <PB=1260.1> 
<DWph=0> <it= 25> <et=0.33> <Mt= 0.00> <Spt= 0.00> <nCl= 87> <DB= 1260.1000> <Mlp= 1260.1000> <PB=1260.1> 
ColGenEvalAlg final dual bound: 1260.1 (rounded: 1260.1)
New model incumbent solution 1260.1, TIME = 0h0m0s33t = 33
************************************************************************************************
Search is finished, global bounds : [ 1260.1 , 1260.1 ], TIME = 0h0m0s34t = 34
************************************************************************************************
[32mBaPCod : solution defined.[00m
statistics_cols: instance & :Optimal & cutoff & :bcRecRootDb & :bcTimeRootEval & :bcCountNodeProc & :bcRecBestDb & :bcRecBestInc & :bcTimeMain \\
statistics: instance_8-triangle & 1 & 3035.2 & 1260.10 & 0.33 & 1 & 1260.10 & 1260.10 & 0.34 \\
########################################################
Route #1: 4 3 6 11 8 12 
Route #2: 5 16 15 17 2 1 20 13 
Route #3: 14 19 7 9 18 10 
Cost 1260.1000000000001
########################################################

end_time=2026-04-22 14:21:45
exit_code=0
