instance_file=/mnt/c/Users/porin/OneDrive/Documentos/Python-Mestrado/Modelagem Matemática/Programação Inteira - Uchoa/Problema VRPRDL/instancias_turco/VRPRDL-triangle/vrptw_padrao_convertidos/instance_29-triangle.txt
instance_name=instance_29-triangle
n_customers=60
capacity=750
k_ub=60
time_horizon=720
ub_mode=trivial
ub_used=11703.0
cfg=config/VRPTW_set_1.cfg
timeout_s=3600
start_time=2026-04-22 11:33:27
cmd=/home/poringman/.juliaup/bin/julia src/run.jl /mnt/c/Users/porin/OneDrive/Documentos/Python-Mestrado/Modelagem Matemática/Programação Inteira - Uchoa/Problema VRPRDL/instancias_turco/VRPRDL-triangle/vrptw_padrao_convertidos/instance_29-triangle.txt --cfg config/VRPTW_set_1.cfg -u 11703.0

  Activating project at `~/VRPSolver/VRPSolverDemos/other/VRPTW`
Application parameters:
  batch  =>  nothing
  update  =>  false
  tikz  =>  nothing
  instance  =>  "/mnt/c/Users/porin/OneDrive/Documentos/Python-Mestrado/Modelagem Matemática/Programação Inteira - Uchoa/Problema VRPRDL/instancias_turco/VRPRDL-triangle/vrptw_padrao_convertidos/instance_29-triangle.txt"
  out  =>  nothing
  nosolve  =>  false
  ub  =>  11703.0
  sol  =>  nothing
  cfg  =>  "config/VRPTW_set_1.cfg"
  enable_cap_res  =>  false
~~~~~~~~~~~~~~~~~~~~~~~~~~~~~~~~~~~~~~~~~~~~~~~~~~~~~~~~~~~~~~~~~~~~~~~~~~~~~~~~~~~~~
GIT VERSION RCSP: 
GIT BRANCH: 
~~~~~~~~~~~~~~~~~~~~~~~~~~~~~~~~~~~~~~~~~~~~~~~~~~~~~~~~~~~~~~~~~~~~~~~~~~~~~~~~~~~~~
VRPSolver v0.6.16, 10/11/2025, © Inria Bordeaux, France, vrpsolver.math.u-bordeaux.fr
      Corresponds to the solver by Pessoa, Sadykov, Uchoa and Vanderbeck (2020)
                 Paper: dx.doi.org/10.1007/s10107-020-01523-z
~~~~~~~~~~~~~~~~~~~~~~~~~~~~~~~~~~~~~~~~~~~~~~~~~~~~~~~~~~~~~~~~~~~~~~~~~~~~~~~~~~~~~
GIT VERSION BAPCOD: a7cb21f19424236c9d0da5dcf94961797a519470
GIT BRANCH: main
~~~~~~~~~~~~~~~~~~~~~~~~~~~~~~~~~~~~~~~~~~~~~~~~~~~~~~~~~~~~~~~~~~~~~~~~~~~~~~~~~~~~~
   BaPCod v0.84, 10/11/2025, © Inria Bordeaux, France, bapcod.math.u-bordeaux.fr 
           THIS CODE IS PROVIDED AS IS, USE IT AT YOUR OWN RISK
~~~~~~~~~~~~~~~~~~~~~~~~~~~~~~~~~~~~~~~~~~~~~~~~~~~~~~~~~~~~~~~~~~~~~~~~~~~~~~~~~~~~~
--- VRPSOLVER PARAMETERS ---
GlobalTimeLimit = 21474836
MaxNbOfBBtreeNodeTreated = 100000
treeSearchStrategy = 1
RCSPstopCutGenTimeThresholdInPricing = 5
RCSPhardTimeThresholdInPricing = 10
RCSPredCostFixingTimeThreshold = 100
RCSPnumberOfBucketsPerVertex = 25
RCSPdynamicBucketSteps = 1
RCSPuseBidirectionalSearch = 1
RCSPapplyReducedCostFixing = 1
RCSPredCostFixingFalseGap = 0
RCSPmaxNumOfColsPerIteration = 30
RCSPmaxNumOfColsPerExactIteration = 150
StabilizationMinPhaseOfStage = 0
RCSPmaxNumOfLabelsInEnumeration = 1000000
RCSPmaxNumOfEnumeratedSolutions = 10000000
RCSPmaxNumOfEnumSolutionsForMIP = 10000
RCSPinitNGneighbourhoodSize = 8
RCSPmaxNGneighbourhoodSize = 16
RCSPrankOneCutsMaxNumPerRound = 100
RCSPrankOneCutsMaxNumRows = 7
RCSPrankOneCutsMemoryType = 1
CutTailingOffThreshold = 0.015
CutTailingOffCounterThreshold = 3
SafeDualBoundScaleFactor = -1
StrongBranchingPhaseOneCandidatesNumber = 50
StrongBranchingPhaseOneTreeSizeEstimRatio = 0.1
StrongBranchingPhaseTwoCandidatesNumber = 3
StrongBranchingPhaseTwoTreeSizeEstimRatio = 0.1
MaxTimeForRestrictedMasterIpHeur = -1
DivingHeurUseDepthLimit = -1
MaxLDSbreadth = 0
MaxLDSdepth = 0
New model incumbent solution 11703, TIME = 0h0m0s57t = 57
Model is built TIME = 0h0m0s58t = 58
************************************************************************************************
**** BaB tree root node
**** Local DB = -1e+12, global bounds : [ -1e+12 , 11703 ], TIME = 0h0m0s58t = 58
**** 1 open nodes, 0 columns (0 active), 0 dyn. constrs. (0 active), 122 art. vars. (122 active)
************************************************************************************************
<DWph=2> <it= 10> <et=0.61> <Mt= 0.00> <Spt= 0.01> <nCl=300> <DB=-2843357.6597> <Mlp=19972.2640> <PB=11703> 
<DWph=2> <it= 20> <et=0.63> <Mt= 0.01> <Spt= 0.02> <nCl=249> <DB=-14426.6952> <Mlp= 3577.1297> <PB=11703> 
<DWph=2> <it= 30> <et=0.66> <Mt= 0.01> <Spt= 0.02> <nCl=300> <DB=-2915.9933> <Mlp= 3028.3100> <PB=11703> 
<DWph=2> <it= 40> <et=0.69> <Mt= 0.00> <Spt= 0.01> <nCl=272> <DB= 1212.3320> <Mlp= 2913.7604> <PB=11703> 
<DWph=2> <it= 50> <et=0.71> <Mt= 0.01> <Spt= 0.02> <nCl=165> <DB= 2487.3507> <Mlp= 2891.0400> <PB=11703> 
<DWph=2> <it= 60> <et=0.73> <Mt= 0.01> <Spt= 0.02> <nCl=103> <DB= 2847.5313> <Mlp= 2889.9000> <PB=11703> 
<DWph=2> <it= 62> <et=0.74> <Mt= 0.00> <Spt= 0.00> <nCl= 24> <DB= 2889.9000> <Mlp= 2889.9000> <PB=11703> 
<DWph=1> <it= 70> <et=0.76> <Mt= 0.01> <Spt= 0.02> <nCl=214> <DB= 2576.7724> <Mlp= 2867.7500> <PB=11703> 
<DWph=1> <it= 74> <et=0.78> <Mt= 0.00> <Spt= 0.01> <nCl= 29> <DB= 2867.6000> <Mlp= 2867.6000> <PB=11703> 
<DWph=0> <it= 78> <et=0.80> <Mt= 0.00> <Spt= 0.02> <nCl=302> <DB= 2867.6000> <Mlp= 2867.6000> <PB=11703> 
Reduced cost fixing for graph G_0...  TT = 0.004411, pt = 0.000404, dt = 0.003838, ct = 0, ndl = 2527', bdl = 45486', odl = 3687', odf = 18236', lpcb = 10832', cnt = 54370', bdch = 149883', odch = 26710', lcp = 27365'
took 0 sec., 15195 buck. arcs remain (93.2% from prev., 20.8% from max.)
Run enumeration... took 3.25 sec. and not succeeded.
ColGenEvalAlg final dual bound: 2867.6 (rounded: 2867.6)
----- Add fac. cuts : R1C(187), max.viol = 0.5, aver.viol = 0.316399, sep/add took 0.0136307/0.0679908 sec. -----
1958 columns (1958 active), 187 dyn. constrs. (187 active), 309 art. vars. (309 active)
<DWph=2> <it= 10> <et=4.48> <Mt= 0.03> <Spt= 0.03> <nCl=159> <DB= 2850.9528> <Mlp= 2908.9600> <PB=11703> 
<DWph=2> <it= 16> <et=4.51> <Mt= 0.01> <Spt= 0.02> <nCl= 57> <DB= 2907.9750> <Mlp= 2907.9750> <PB=11703> 
<DWph=1> <it= 20> <et=4.53> <Mt= 0.00> <Spt= 0.01> <nCl= 49> <DB= 2887.4667> <Mlp= 2905.4667> <PB=11703> 
<DWph=1> <it= 21> <et=4.54> <Mt= 0.00> <Spt= 0.01> <nCl=  5> <DB= 2905.4667> <Mlp= 2905.4667> <PB=11703> 
<DWph=0> <it= 29> <et=4.61> <Mt= 0.02> <Spt= 0.06> <nCl=368> <DB= 2899.9128> <Mlp= 2899.9128> <PB=11703> 
ColGenEvalAlg final dual bound: 2899.91 (rounded: 2899.91)
----- Add fac. cuts : R1C(251), max.viol = 0.346154, aver.viol = 0.20712, sep/add took 0.0446062/0.145492 sec. -----
2596 columns (2596 active), 438 dyn. constrs. (264 active), 560 art. vars. (386 active)
<DWph=2> <it=  9> <et=4.87> <Mt= 0.02> <Spt= 0.04> <nCl= 50> <DB= 2912.4667> <Mlp= 2912.4667> <PB=11703> 
<DWph=1> <it= 10> <et=4.87> <Mt= 0.00> <Spt= 0.00> <nCl=  5> <DB= 2864.1946> <Mlp= 2912.4667> <PB=11703> 
<DWph=1> <it= 11> <et=4.88> <Mt= 0.00> <Spt= 0.00> <nCl=  0> <DB= 2912.4667> <Mlp= 2912.4667> <PB=11703> 
<DWph=0> <it= 16> <et=4.93> <Mt= 0.01> <Spt= 0.05> <nCl=175> <DB= 2912.4667> <Mlp= 2912.4667> <PB=11703> 
ColGenEvalAlg final dual bound: 2912.47 (rounded: 2912.47)
----- Add fac. cuts : R1C(296), max.viol = 0.333333, aver.viol = 0.333333, sep/add took 0.110547/0.18847 sec. -----
2826 columns (2826 active), 560 dyn. constrs. (321 active), 856 art. vars. (443 active)
<DWph=2> <it=  9> <et=5.33> <Mt= 0.03> <Spt= 0.05> <nCl= 86> <DB= 2901.9541> <Mlp= 2924.7107> <PB=11703> 
<DWph=2> <it=  9> <et=5.33> <Mt= 0.00> <Spt= 0.00> <nCl=  0> <DB= 2901.9541> <Mlp= 2924.7107> <PB=11703> 
<DWph=1> <it= 10> <et=5.33> <Mt= 0.00> <Spt= 0.00> <nCl=  9> <DB= 2781.8059> <Mlp= 2924.7107> <PB=11703> 
<DWph=1> <it= 12> <et=5.35> <Mt= 0.00> <Spt= 0.01> <nCl= 12> <DB= 2924.4816> <Mlp= 2924.4816> <PB=11703> 
<DWph=0> <it= 18> <et=5.45> <Mt= 0.02> <Spt= 0.09> <nCl=326> <DB= 2922.1283> <Mlp= 2922.1283> <PB=11703> 
ColGenEvalAlg final dual bound: 2922.13 (rounded: 2922.13)
----- Add fac. cuts : R1C(352), max.viol = 0.495575, aver.viol = 0.233344, sep/add took 0.220249/0.262641 sec. -----
3259 columns (3259 active), 673 dyn. constrs. (381 active), 1208 art. vars. (503 active)
<DWph=2> <it=  5> <et=6.01> <Mt= 0.03> <Spt= 0.03> <nCl= 46> <DB= 2924.7000> <Mlp= 2924.7000> <PB=11703> 
<DWph=1> <it=  7> <et=6.03> <Mt= 0.00> <Spt= 0.01> <nCl= 11> <DB= 2924.7000> <Mlp= 2924.7000> <PB=11703> 
<DWph=0> <it= 10> <et=6.10> <Mt= 0.01> <Spt= 0.06> <nCl=178> <DB= 2892.0700> <Mlp= 2924.5000> <PB=11703> 
<DWph=0> <it= 12> <et=6.14> <Mt= 0.00> <Spt= 0.04> <nCl= 68> <DB= 2924.5000> <Mlp= 2924.5000> <PB=11703> 
ColGenEvalAlg final dual bound: 2924.5 (rounded: 2924.5)
----- Add fac. cuts : R1C(343), max.viol = 0.5, aver.viol = 0.5, sep/add took 0.201818/0.275269 sec. -----
3562 columns (3562 active), 724 dyn. constrs. (381 active), 1551 art. vars. (503 active)
<DWph=2> <it=  1> <et=6.65> <Mt= 0.02> <Spt= 0.00> <nCl=  3> <DB= 2926.0407> <Mlp= 2926.0407> <PB=11703> 
<DWph=1> <it=  4> <et=6.67> <Mt= 0.00> <Spt= 0.02> <nCl=  5> <DB= 2926.0407> <Mlp= 2926.0407> <PB=11703> 
<DWph=0> <it=  8> <et=6.74> <Mt= 0.01> <Spt= 0.05> <nCl= 85> <DB= 2925.7902> <Mlp= 2925.7902> <PB=11703> 
ColGenEvalAlg final dual bound: 2925.79 (rounded: 2925.79)
----- Add fac. cuts : R1C(551), max.viol = 0.431373, aver.viol = 0.20405, sep/add took 0.544858/0.581573 sec. -----
3655 columns (3655 active), 932 dyn. constrs. (586 active), 2102 art. vars. (708 active)
<DWph=2> <it=  7> <et=7.99> <Mt= 0.06> <Spt= 0.04> <nCl= 33> <DB= 2874.9500> <Mlp= 2928.5000> <PB=11703> 
<DWph=2> <it=  7> <et=7.99> <Mt= 0.00> <Spt= 0.00> <nCl=  0> <DB= 2874.9500> <Mlp= 2928.5000> <PB=11703> 
<DWph=1> <it=  8> <et=8.01> <Mt= 0.00> <Spt= 0.02> <nCl=  9> <DB= 2928.5000> <Mlp= 2928.5000> <PB=11703> 
<DWph=0> <it= 10> <et=8.72> <Mt= 0.59> <Spt= 0.12> <nCl=209> <DB= 1511.6958> <Mlp= 2928.5000> <PB=11703> 
<DWph=0> <it= 18> <et=10.07> <Mt= 1.11> <Spt= 0.23> <nCl=311> <DB= 2927.5500> <Mlp= 2927.5500> <PB=11703> 
ColGenEvalAlg final dual bound: 2927.55 (rounded: 2927.55)
----- Add fac. cuts : R1C(462), max.viol = 0.5, aver.viol = 0.5, sep/add took 0.328255/0.496957 sec. -----
4217 columns (4217 active), 1048 dyn. constrs. (532 active), 2564 art. vars. (654 active)
<DWph=2> <it=  1> <et=10.96> <Mt= 0.02> <Spt= 0.02> <nCl= 14> <DB= 2928.5000> <Mlp= 2928.5000> <PB=11703> 
<DWph=1> <it=  2> <et=10.97> <Mt= 0.00> <Spt= 0.01> <nCl=  3> <DB= 2928.5000> <Mlp= 2928.5000> <PB=11703> 
<DWph=0> <it=  7> <et=11.12> <Mt= 0.02> <Spt= 0.12> <nCl=141> <DB= 2928.5000> <Mlp= 2928.5000> <PB=11703> 
ColGenEvalAlg final dual bound: 2928.5 (rounded: 2928.5)
----- Add fac. cuts : R1C(277), max.viol = 0.5, aver.viol = 0.5, sep/add took 0.372008/0.36061 sec. -----
4375 columns (4375 active), 809 dyn. constrs. (345 active), 2841 art. vars. (467 active)
<DWph=2> <it=  1> <et=11.94> <Mt= 0.01> <Spt= 0.01> <nCl=  0> <DB= 2928.5000> <Mlp= 2928.5000> <PB=11703> 
<DWph=1> <it=  2> <et=11.95> <Mt= 0.00> <Spt= 0.01> <nCl=  0> <DB= 2928.5000> <Mlp= 2928.5000> <PB=11703> 
<DWph=0> <it=  3> <et=11.95> <Mt= 0.00> <Spt= 0.00> <nCl=  0> <DB= 2928.5000> <Mlp= 2928.5000> <PB=11703> 
<DWph=0> <it=  3> <et=11.95> <Mt= 0.00> <Spt= 0.00> <nCl=  0> <DB= 2928.5000> <Mlp= 2928.5000> <PB=11703> 
ColGenEvalAlg final dual bound: 2928.5 (rounded: 2928.5)
----- Cut generation is stopped due to tailing off -----
**** Strong branching phase 3 is started *****
**** SB phase 3 evaluation of candidate 1, branch 1 ( [ colGenSp ] >= 7 ), value = 1e+12
<DWph=2> <it=  1> <et=12.03> <Mt= 0.01> <Spt= 0.01> <nCl=  1> <DB= 2932.5000> <Mlp= 2932.5000> <PB=11703> 
<DWph=1> <it=  2> <et=12.05> <Mt= 0.01> <Spt= 0.01> <nCl=  1> <DB= 2932.5000> <Mlp= 2932.5000> <PB=11703> 
<DWph=0> <it=  3> <et=12.08> <Mt= 0.00> <Spt= 0.03> <nCl= 30> <DB= 2932.5000> <Mlp= 2932.5000> <PB=11703> 
ColGenEvalAlg final dual bound: 2932.5 (rounded: 2932.5)
----- Add fac. cuts : sep. took 0.336819 sec.----- no cuts found  -----
**** SB phase 3 evaluation of candidate 1, branch 2 ( [ colGenSp ] <= 6 ), value = 1e+12
<DWph=2> <it=  7> <et=12.66> <Mt= 0.09> <Spt= 0.08> <nCl= 99> <DB= 2938.0400> <Mlp= 2938.0400> <PB=11703> 
<DWph=1> <it= 10> <et=12.72> <Mt= 0.03> <Spt= 0.03> <nCl= 45> <DB= 2883.3841> <Mlp= 2937.4600> <PB=11703> 
<DWph=1> <it= 12> <et=12.76> <Mt= 0.02> <Spt= 0.03> <nCl= 32> <DB= 2937.4600> <Mlp= 2937.4600> <PB=11703> 
<DWph=0> <it= 17> <et=12.97> <Mt= 0.06> <Spt= 0.13> <nCl=299> <DB= 2937.0480> <Mlp= 2937.0480> <PB=11703> 
ColGenEvalAlg final dual bound: 2937.05 (rounded: 2937.05)
----- Add fac. cuts : R1C(156), max.viol = 0.42, aver.viol = 0.23141, sep/add took 0.00595092/0.173887 sec. -----
4882 columns (4850 active), 501 dyn. constrs. (202 active), 623 art. vars. (324 active)
<DWph=2> <it=  6> <et=13.27> <Mt= 0.07> <Spt= 0.05> <nCl= 63> <DB= 2942.5932> <Mlp= 2946.8066> <PB=11703> 
<DWph=2> <it=  6> <et=13.27> <Mt= 0.00> <Spt= 0.00> <nCl=  0> <DB= 2942.5932> <Mlp= 2946.8066> <PB=11703> 
<DWph=1> <it= 10> <et=13.31> <Mt= 0.01> <Spt= 0.03> <nCl= 30> <DB= 2940.2012> <Mlp= 2946.8012> <PB=11703> 
<DWph=1> <it= 12> <et=13.34> <Mt= 0.00> <Spt= 0.02> <nCl=  9> <DB= 2946.6838> <Mlp= 2946.6838> <PB=11703> 
<DWph=0> <it= 18> <et=13.47> <Mt= 0.04> <Spt= 0.10> <nCl=316> <DB= 2946.1270> <Mlp= 2946.1270> <PB=11703> 
ColGenEvalAlg final dual bound: 2946.13 (rounded: 2946.13)
----- Add fac. cuts : R1C(154), max.viol = 0.321839, aver.viol = 0.110987, sep/add took 0.0101499/0.209158 sec. -----
5300 columns (5268 active), 655 dyn. constrs. (222 active), 777 art. vars. (344 active)
<DWph=2> <it=  4> <et=13.79> <Mt= 0.05> <Spt= 0.04> <nCl= 21> <DB= 2950.3667> <Mlp= 2950.3667> <PB=11703> 
<DWph=1> <it=  6> <et=13.81> <Mt= 0.00> <Spt= 0.02> <nCl=  4> <DB= 2950.3667> <Mlp= 2950.3667> <PB=11703> 
<DWph=0> <it= 10> <et=14.16> <Mt= 0.26> <Spt= 0.08> <nCl=298> <DB= 2940.9334> <Mlp= 2949.7300> <PB=11703> 
<DWph=0> <it= 14> <et=14.24> <Mt= 0.02> <Spt= 0.07> <nCl= 89> <DB= 2949.7300> <Mlp= 2949.7300> <PB=11703> 
ColGenEvalAlg final dual bound: 2949.73 (rounded: 2949.73)
----- Add fac. cuts : R1C(197), max.viol = 0.5, aver.viol = 0.309645, sep/add took 0.0151934/0.313466 sec. -----
5712 columns (5680 active), 728 dyn. constrs. (265 active), 974 art. vars. (387 active)
<DWph=2> <it=  2> <et=14.67> <Mt= 0.05> <Spt= 0.02> <nCl= 11> <DB= 2952.5000> <Mlp= 2952.5000> <PB=11703> 
<DWph=1> <it=  4> <et=14.69> <Mt= 0.01> <Spt= 0.02> <nCl=  5> <DB= 2952.5000> <Mlp= 2952.5000> <PB=11703> 
<DWph=0> <it=  8> <et=14.80> <Mt= 0.02> <Spt= 0.07> <nCl=160> <DB= 2952.4296> <Mlp= 2952.4296> <PB=11703> 
ColGenEvalAlg final dual bound: 2952.43 (rounded: 2952.43)
----- Add fac. cuts : R1C(354), max.viol = 0.37037, aver.viol = 0.215736, sep/add took 0.246585/0.558506 sec. -----
5888 columns (5856 active), 934 dyn. constrs. (414 active), 1328 art. vars. (536 active)
<DWph=2> <it=  1> <et=15.65> <Mt= 0.02> <Spt= 0.02> <nCl=  3> <DB= 2952.8000> <Mlp= 2952.8000> <PB=2952.8> 
<DWph=1> <it=  2> <et=15.67> <Mt= 0.00> <Spt= 0.01> <nCl=  0> <DB= 2952.8000> <Mlp= 2952.8000> <PB=2952.8> 
<DWph=0> <it=  4> <et=15.72> <Mt= 0.01> <Spt= 0.04> <nCl= 27> <DB= 2952.8000> <Mlp= 2952.8000> <PB=2952.8> 
ColGenEvalAlg final dual bound: 2952.8 (rounded: 2952.8)
Gap improvement since the last cut separation : 1 (2952.43)
SB exact phase 3 branch on colGenSp (6.5) : [2932.5, 2952.8], tree depth = 1e+12, tree size = 1e+12, score = -0.08979
New model incumbent solution 2952.8, TIME = 0h0m15s75t = 1575
************************************************************************************************
**** BaB tree node (N° 2, parent N° 1, depth 1)
**** Local DB = 2932.5, branch: [ colGenSp ] >= 7 , global bounds : [ 2932.5 , 2952.8 ], TIME = 0h0m15s76t = 1576
**** 2 open nodes, ETS : 5, 5918 columns (5886 active), 733 dyn. constrs. (414 active), 855 art. vars. (536 active)
************************************************************************************************
**** Strong branching phase 1 is started *****
SB phase 1 cand.  1 branch on var x[(0, 17)]_0_976_0_OspV (lhs=0.5000)  : [ 2932.5000,  2932.6500], score = 0.00      <et=15.81>
SB phase 1 cand.  2 branch on var x[(0, 27)]_0_1586_0_OspV (lhs=0.5000) : [ 2937.1500,  2947.7000], score = 70.68      <et=15.85>
SB phase 1 cand.  3 branch on var x[(0, 38)]_0_2257_0_OspV (lhs=0.5000) : [ 2934.2800,  2947.7000], score = 27.06      <et=15.87>
SB phase 1 cand.  4 branch on var x[(0, 44)]_0_2623_0_OspV (lhs=0.5000) : [ 2932.5000,  2933.1500], score = 0.00      <et=15.89>
SB phase 1 cand.  5 branch on var x[(1, 35)]_0_35_0_OspV (lhs=0.5000)   : [ 2934.5107,  2947.7000], score = 30.56      <et=15.92>
SB phase 1 cand.  9 branch on var x[(14, 19)]_0_812_0_OspV (lhs=0.5000) : [ 2941.0375,  2945.4143], score = 110.26      <et=16.05>
SB phase 1 cand. 10 branch on var x[(14, 41)]_0_834_0_OspV (lhs=0.5000) : [ 2936.2753,  2959.7748], score = 76.64      <et=16.1>
SB phase 1 cand. 21 branch on var x[(31, 38)]_0_1868_0_OspV (lhs=0.5000): [ 2939.7125,  2954.3359], score = 146.41      <et=16.4>
SB phase 1 cand. 35 branch on var x[(47, 19)]_0_2826_0_OspV (lhs=0.5000): [ 2940.4579,  2957.4600], score = 161.54      <et=16.83>
**** Strong branching phase 2 is started *****
<DWph=1> <it=  8> <et=17.26> <Mt= 0.02> <Spt= 0.06> <nCl= 69> <DB= 2946.6250> <Mlp= 2946.6250> <PB=2952.8> 
<DWph=1> <it=  4> <et=17.43> <Mt= 0.01> <Spt= 0.03> <nCl= 13> <DB= 2940.4579> <Mlp= 2940.4579> <PB=2952.8> 
SB phase 2 cand.  1 branch on var x[(47, 19)]_0_2826_0_OspV (lhs=0.5000): [ 2940.4579,  2946.6250], score = 112.41      <et=17.43>
<DWph=1> <it= 13> <et=17.55> <Mt= 0.02> <Spt= 0.09> <nCl=132> <DB= 2944.4714> <Mlp= 2944.4714> <PB=2952.8> 
<DWph=1> <it=  5> <et=17.62> <Mt= 0.01> <Spt= 0.03> <nCl= 22> <DB= 2939.6500> <Mlp= 2939.6500> <PB=2952.8> 
SB phase 2 cand.  2 branch on var x[(31, 38)]_0_1868_0_OspV (lhs=0.5000): [ 2939.6500,  2944.4714], score = 85.60      <et=17.62>
<DWph=1> <it=  3> <et=17.67> <Mt= 0.01> <Spt= 0.03> <nCl= 19> <DB= 2945.4143> <Mlp= 2945.4143> <PB=2952.8> 
<DWph=1> <it=  6> <et=17.75> <Mt= 0.01> <Spt= 0.04> <nCl= 30> <DB= 2941.0375> <Mlp= 2941.0375> <PB=2952.8> 
SB phase 2 cand.  3 branch on var x[(14, 19)]_0_812_0_OspV (lhs=0.5000) : [ 2941.0375,  2945.4143], score = 110.26      <et=17.75>
**** Strong branching phase 3 is started *****
**** SB phase 3 evaluation of candidate 1, branch 1 ( x[(47, 19)]_0_2826_0_OspV >= 1 ), value = 2946.62
<DWph=2> <it=  1> <et=17.78> <Mt= 0.00> <Spt= 0.01> <nCl=  0> <DB= 2946.6250> <Mlp= 2946.6250> <PB=2952.8> 
<DWph=1> <it=  2> <et=17.79> <Mt= 0.00> <Spt= 0.01> <nCl=  0> <DB= 2946.6250> <Mlp= 2946.6250> <PB=2952.8> 
<DWph=0> <it=  8> <et=17.86> <Mt= 0.01> <Spt= 0.05> <nCl=303> <DB= 2944.6000> <Mlp= 2944.6000> <PB=2952.8> 
Reduced cost fixing for graph G_0...  TT = 0.003349, pt = 0.000718, dt = 0.002347, ct = 0, ndl = 1618', bdl = 9950', odl = 932', odf = 5442', lpcb = 25780', cnt = 3478', bdch = 26185', odch = 5913', lcp = 4338'
took 0 sec., 2047 buck. arcs remain (13.5% from prev., 2.8% from max.)
Run enumeration... took 0.03 sec. and succeeded! 
ColGenEvalAlg final dual bound: 2944.6 (rounded: 2944.6)
----- Terminating the node by MIP -----
MIP found solution with value 2950.8
**** SB phase 3 evaluation of candidate 1, branch 2 ( x[(47, 19)]_0_2826_0_OspV <= 0 ), value = 2940.46
<DWph=2> <it=  1> <et=18.47> <Mt= 0.00> <Spt= 0.01> <nCl=  0> <DB= 2940.4579> <Mlp= 2940.4579> <PB=2950.8> 
<DWph=1> <it=  2> <et=18.48> <Mt= 0.00> <Spt= 0.01> <nCl=  0> <DB= 2940.4579> <Mlp= 2940.4579> <PB=2950.8> 
<DWph=0> <it=  7> <et=18.55> <Mt= 0.01> <Spt= 0.06> <nCl=143> <DB= 2939.9338> <Mlp= 2939.9338> <PB=2950.8> 
Reduced cost fixing for graph G_0...  TT = 0.0051, pt = 0.001452, dt = 0.003403, ct = 0, ndl = 2930', bdl = 18071', odl = 1381', odf = 9716', lpcb = 43049', cnt = 12715', bdch = 63608', odch = 18465', lcp = 11152'
took 0 sec., 2726 buck. arcs remain (17.9% from prev., 3.73% from max.)
Run enumeration... took 0.02 sec. and succeeded! 
ColGenEvalAlg final dual bound: 2939.93 (rounded: 2939.93)
----- Terminating the node by MIP -----
MIP found solution with value 2947.7
 SB phase 3 candidate 1 is conquered !
New model incumbent solution 2947.7, TIME = 0h0m19s41t = 1941
************************************************************************************************
Search is finished, global bounds : [ 2947.7 , 2947.7 ], TIME = 0h0m19s42t = 1942
************************************************************************************************
[32mBaPCod : solution defined.[00m
statistics_cols: instance & :Optimal & cutoff & :bcRecRootDb & :bcTimeRootEval & :bcCountNodeProc & :bcRecBestDb & :bcRecBestInc & :bcTimeMain \\
statistics: instance_29-triangle & 1 & 11703.0 & 2928.50 & 11.99 & 5 & 2947.70 & 2947.70 & 19.42 \\
########################################################
Route #1: 3 59 1 39 25 30 13 20 
Route #2: 10 49 7 15 
Route #3: 11 55 48 51 4 36 45 5 46 
Route #4: 22 40 47 41 37 8 14 19 34 31 53 32 54 
Route #5: 38 21 26 50 18 2 28 
Route #6: 43 33 35 24 29 6 58 52 56 
Route #7: 44 17 23 60 12 57 42 16 9 27 
Cost 2947.7000000000003
########################################################

end_time=2026-04-22 11:33:55
exit_code=0
