instance_file=/mnt/c/Users/porin/OneDrive/Documentos/Python-Mestrado/Modelagem Matemática/Programação Inteira - Uchoa/Problema VRPRDL/instancias_turco/VRPRDL-triangle/vrptw_padrao_convertidos/instance_18-triangle.txt
instance_name=instance_18-triangle
n_customers=30
capacity=750
k_ub=30
time_horizon=720
ub_mode=trivial
ub_used=4966.6
cfg=config/VRPTW_set_1.cfg
timeout_s=3600
start_time=2026-04-22 11:28:59
cmd=/home/poringman/.juliaup/bin/julia src/run.jl /mnt/c/Users/porin/OneDrive/Documentos/Python-Mestrado/Modelagem Matemática/Programação Inteira - Uchoa/Problema VRPRDL/instancias_turco/VRPRDL-triangle/vrptw_padrao_convertidos/instance_18-triangle.txt --cfg config/VRPTW_set_1.cfg -u 4966.6

  Activating project at `~/VRPSolver/VRPSolverDemos/other/VRPTW`
Application parameters:
  batch  =>  nothing
  update  =>  false
  tikz  =>  nothing
  instance  =>  "/mnt/c/Users/porin/OneDrive/Documentos/Python-Mestrado/Modelagem Matemática/Programação Inteira - Uchoa/Problema VRPRDL/instancias_turco/VRPRDL-triangle/vrptw_padrao_convertidos/instance_18-triangle.txt"
  out  =>  nothing
  nosolve  =>  false
  ub  =>  4966.6
  sol  =>  nothing
  cfg  =>  "config/VRPTW_set_1.cfg"
  enable_cap_res  =>  false
~~~~~~~~~~~~~~~~~~~~~~~~~~~~~~~~~~~~~~~~~~~~~~~~~~~~~~~~~~~~~~~~~~~~~~~~~~~~~~~~~~~~~
GIT VERSION RCSP: 
GIT BRANCH: 
~~~~~~~~~~~~~~~~~~~~~~~~~~~~~~~~~~~~~~~~~~~~~~~~~~~~~~~~~~~~~~~~~~~~~~~~~~~~~~~~~~~~~
VRPSolver v0.6.16, 10/11/2025, © Inria Bordeaux, France, vrpsolver.math.u-bordeaux.fr
      Corresponds to the solver by Pessoa, Sadykov, Uchoa and Vanderbeck (2020)
                 Paper: dx.doi.org/10.1007/s10107-020-01523-z
~~~~~~~~~~~~~~~~~~~~~~~~~~~~~~~~~~~~~~~~~~~~~~~~~~~~~~~~~~~~~~~~~~~~~~~~~~~~~~~~~~~~~
GIT VERSION BAPCOD: a7cb21f19424236c9d0da5dcf94961797a519470
GIT BRANCH: main
~~~~~~~~~~~~~~~~~~~~~~~~~~~~~~~~~~~~~~~~~~~~~~~~~~~~~~~~~~~~~~~~~~~~~~~~~~~~~~~~~~~~~
   BaPCod v0.84, 10/11/2025, © Inria Bordeaux, France, bapcod.math.u-bordeaux.fr 
           THIS CODE IS PROVIDED AS IS, USE IT AT YOUR OWN RISK
~~~~~~~~~~~~~~~~~~~~~~~~~~~~~~~~~~~~~~~~~~~~~~~~~~~~~~~~~~~~~~~~~~~~~~~~~~~~~~~~~~~~~
--- VRPSOLVER PARAMETERS ---
GlobalTimeLimit = 21474836
MaxNbOfBBtreeNodeTreated = 100000
treeSearchStrategy = 1
RCSPstopCutGenTimeThresholdInPricing = 5
RCSPhardTimeThresholdInPricing = 10
RCSPredCostFixingTimeThreshold = 100
RCSPnumberOfBucketsPerVertex = 25
RCSPdynamicBucketSteps = 1
RCSPuseBidirectionalSearch = 1
RCSPapplyReducedCostFixing = 1
RCSPredCostFixingFalseGap = 0
RCSPmaxNumOfColsPerIteration = 30
RCSPmaxNumOfColsPerExactIteration = 150
StabilizationMinPhaseOfStage = 0
RCSPmaxNumOfLabelsInEnumeration = 1000000
RCSPmaxNumOfEnumeratedSolutions = 10000000
RCSPmaxNumOfEnumSolutionsForMIP = 10000
RCSPinitNGneighbourhoodSize = 8
RCSPmaxNGneighbourhoodSize = 16
RCSPrankOneCutsMaxNumPerRound = 100
RCSPrankOneCutsMaxNumRows = 7
RCSPrankOneCutsMemoryType = 1
CutTailingOffThreshold = 0.015
CutTailingOffCounterThreshold = 3
SafeDualBoundScaleFactor = -1
StrongBranchingPhaseOneCandidatesNumber = 50
StrongBranchingPhaseOneTreeSizeEstimRatio = 0.1
StrongBranchingPhaseTwoCandidatesNumber = 3
StrongBranchingPhaseTwoTreeSizeEstimRatio = 0.1
MaxTimeForRestrictedMasterIpHeur = -1
DivingHeurUseDepthLimit = -1
MaxLDSbreadth = 0
MaxLDSdepth = 0
New model incumbent solution 4966.6, TIME = 0h0m0s35t = 35
Model is built TIME = 0h0m0s35t = 35
************************************************************************************************
**** BaB tree root node
**** Local DB = -1e+12, global bounds : [ -1e+12 , 4966.6 ], TIME = 0h0m0s35t = 35
**** 1 open nodes, 0 columns (0 active), 0 dyn. constrs. (0 active), 62 art. vars. (62 active)
************************************************************************************************
<DWph=2> <it= 10> <et=0.36> <Mt= 0.00> <Spt= 0.00> <nCl=278> <DB=-499193.2632> <Mlp=13920.7224> <PB=4966.6> 
<DWph=2> <it= 20> <et=0.37> <Mt= 0.00> <Spt= 0.01> <nCl=242> <DB=-2857.1351> <Mlp= 1723.5509> <PB=4966.6> 
<DWph=2> <it= 30> <et=0.39> <Mt= 0.00> <Spt= 0.01> <nCl=225> <DB= 1302.0138> <Mlp= 1595.4000> <PB=4966.6> 
<DWph=2> <it= 38> <et=0.39> <Mt= 0.01> <Spt= 0.00> <nCl= 68> <DB= 1592.0000> <Mlp= 1592.0000> <PB=4966.6> 
<DWph=1> <it= 40> <et=0.40> <Mt= 0.00> <Spt= 0.00> <nCl= 36> <DB= -685.6250> <Mlp= 1555.3750> <PB=4966.6> 
<DWph=1> <it= 49> <et=0.40> <Mt= 0.00> <Spt= 0.01> <nCl= 68> <DB= 1547.0667> <Mlp= 1547.0667> <PB=4966.6> 
<DWph=0> <it= 50> <et=0.41> <Mt= 0.00> <Spt= 0.00> <nCl=115> <DB= 1127.0667> <Mlp= 1547.0667> <PB=4966.6> 
<DWph=0> <it= 53> <et=0.41> <Mt= 0.00> <Spt= 0.01> <nCl=144> <DB= 1534.5333> <Mlp= 1534.5333> <PB=4966.6> 
Reduced cost fixing for graph G_0...  TT = 0.000989, pt = 3.4e-05, dt = 0.000906, ct = 0, ndl = 867', bdl = 6878', odl = 1223', odf = 7534', lpcb = 1955', cnt = 9967', bdch = 28861', odch = 8605', lcp = 4801'
took 0 sec., 4634 buck. arcs remain (93.1% from prev., 22.9% from max.)
Run enumeration... took 1.5 sec. and not succeeded.
ColGenEvalAlg final dual bound: 1534.53 (rounded: 1534.53)
----- Add fac. cuts : R1C(152), max.viol = 0.333333, aver.viol = 0.333333, sep/add took 0.0787623/0.0255089 sec. -----
1176 columns (1176 active), 152 dyn. constrs. (152 active), 214 art. vars. (214 active)
<DWph=2> <it=  5> <et=2.04> <Mt= 0.00> <Spt= 0.00> <nCl= 46> <DB= 1545.6000> <Mlp= 1545.6000> <PB=4966.6> 
<DWph=1> <it=  6> <et=2.04> <Mt= 0.00> <Spt= 0.00> <nCl=  3> <DB= 1545.6000> <Mlp= 1545.6000> <PB=4966.6> 
<DWph=0> <it=  9> <et=2.05> <Mt= 0.00> <Spt= 0.01> <nCl= 79> <DB= 1545.6000> <Mlp= 1545.6000> <PB=4966.6> 
ColGenEvalAlg final dual bound: 1545.6 (rounded: 1545.6)
----- Add fac. cuts : R1C(120), max.viol = 0.333333, aver.viol = 0.333333, sep/add took 0.0770836/0.0297001 sec. -----
1304 columns (1304 active), 272 dyn. constrs. (125 active), 334 art. vars. (187 active)
<DWph=2> <it=  1> <et=2.16> <Mt= 0.00> <Spt= 0.00> <nCl=  0> <DB= 1546.3667> <Mlp= 1546.3667> <PB=4966.6> 
<DWph=1> <it=  2> <et=2.16> <Mt= 0.01> <Spt= 0.00> <nCl=  0> <DB= 1546.3667> <Mlp= 1546.3667> <PB=4966.6> 
<DWph=0> <it=  3> <et=2.16> <Mt= 0.00> <Spt= 0.01> <nCl=  7> <DB= 1546.3667> <Mlp= 1546.3667> <PB=4966.6> 
ColGenEvalAlg final dual bound: 1546.37 (rounded: 1546.37)
----- Add fac. cuts : R1C(220), max.viol = 0.333333, aver.viol = 0.333333, sep/add took 0.142724/0.0559547 sec. -----
1311 columns (1311 active), 345 dyn. constrs. (225 active), 554 art. vars. (287 active)
<DWph=2> <it=  1> <et=2.37> <Mt= 0.00> <Spt= 0.00> <nCl=  2> <DB= 1552.0000> <Mlp= 1552.0000> <PB=4966.6> 
<DWph=1> <it=  2> <et=2.37> <Mt= 0.00> <Spt= 0.00> <nCl=  0> <DB= 1552.0000> <Mlp= 1552.0000> <PB=4966.6> 
<DWph=0> <it=  3> <et=2.37> <Mt= 0.00> <Spt= 0.01> <nCl= 36> <DB= 1552.0000> <Mlp= 1552.0000> <PB=4966.6> 
ColGenEvalAlg final dual bound: 1552 (rounded: 1552)
----- Add fac. cuts : R1C(143), max.viol = 0.5, aver.viol = 0.5, sep/add took 0.201569/0.0498332 sec. -----
1349 columns (1349 active), 368 dyn. constrs. (150 active), 697 art. vars. (212 active)
<DWph=2> <it=  5> <et=2.64> <Mt= 0.00> <Spt= 0.00> <nCl= 45> <DB= 1557.3500> <Mlp= 1557.3500> <PB=4966.6> 
<DWph=1> <it=  6> <et=2.64> <Mt= 0.00> <Spt= 0.01> <nCl=  0> <DB= 1557.3500> <Mlp= 1557.3500> <PB=4966.6> 
<DWph=0> <it= 10> <et=2.66> <Mt= 0.00> <Spt= 0.01> <nCl= 37> <DB= 1557.3500> <Mlp= 1557.3500> <PB=4966.6> 
ColGenEvalAlg final dual bound: 1557.35 (rounded: 1557.35)
----- Add fac. cuts : R1C(397), max.viol = 0.5, aver.viol = 0.5, sep/add took 0.21319/0.10017 sec. -----
1431 columns (1431 active), 547 dyn. constrs. (406 active), 1094 art. vars. (468 active)
<DWph=2> <it=  1> <et=2.98> <Mt= 0.00> <Spt= 0.00> <nCl=  1> <DB= 1560.7667> <Mlp= 1560.7667> <PB=4966.6> 
<DWph=1> <it=  2> <et=2.98> <Mt= 0.00> <Spt= 0.00> <nCl=  1> <DB= 1560.7667> <Mlp= 1560.7667> <PB=4966.6> 
<DWph=0> <it=  4> <et=2.99> <Mt= 0.01> <Spt= 0.01> <nCl=  3> <DB= 1560.7667> <Mlp= 1560.7667> <PB=4966.6> 
ColGenEvalAlg final dual bound: 1560.77 (rounded: 1560.77)
----- Add fac. cuts : R1C(352), max.viol = 0.666667, aver.viol = 0.337121, sep/add took 0.229952/0.100309 sec. -----
1436 columns (1436 active), 758 dyn. constrs. (365 active), 1446 art. vars. (427 active)
<DWph=2> <it=  1> <et=3.33> <Mt= 0.00> <Spt= 0.00> <nCl=  0> <DB= 1562.4375> <Mlp= 1562.4375> <PB=4966.6> 
<DWph=1> <it=  2> <et=3.33> <Mt= 0.00> <Spt= 0.00> <nCl=  0> <DB= 1562.4375> <Mlp= 1562.4375> <PB=4966.6> 
<DWph=0> <it=  3> <et=3.34> <Mt= 0.00> <Spt= 0.01> <nCl=  9> <DB= 1562.4375> <Mlp= 1562.4375> <PB=4966.6> 
ColGenEvalAlg final dual bound: 1562.44 (rounded: 1562.44)
----- Add fac. cuts : R1C(384), max.viol = 0.375, aver.viol = 0.204427, sep/add took 0.273199/0.117398 sec. -----
1445 columns (1445 active), 749 dyn. constrs. (402 active), 1830 art. vars. (464 active)
<DWph=2> <it=  3> <et=3.75> <Mt= 0.00> <Spt= 0.00> <nCl= 11> <DB= 1565.3000> <Mlp= 1565.3000> <PB=1565.3> 
<DWph=1> <it=  5> <et=3.76> <Mt= 0.00> <Spt= 0.01> <nCl=  1> <DB= 1565.3000> <Mlp= 1565.3000> <PB=1565.3> 
<DWph=0> <it=  7> <et=3.78> <Mt= 0.01> <Spt= 0.02> <nCl= 49> <DB= 1565.3000> <Mlp= 1565.3000> <PB=1565.3> 
ColGenEvalAlg final dual bound: 1565.3 (rounded: 1565.3)
Gap improvement since the last cut separation : 1 (1562.44)
New model incumbent solution 1565.3, TIME = 0h0m3s79t = 379
************************************************************************************************
Search is finished, global bounds : [ 1565.3 , 1565.3 ], TIME = 0h0m3s79t = 379
************************************************************************************************
[32mBaPCod : solution defined.[00m
statistics_cols: instance & :Optimal & cutoff & :bcRecRootDb & :bcTimeRootEval & :bcCountNodeProc & :bcRecBestDb & :bcRecBestInc & :bcTimeMain \\
statistics: instance_18-triangle & 1 & 4966.6 & 1565.30 & 3.79 & 1 & 1565.30 & 1565.30 & 3.79 \\
########################################################
Route #1: 21 18 23 24 2 25 15 11 22 13 
Route #2: 26 1 3 8 
Route #3: 27 16 19 10 29 12 9 17 6 20 
Route #4: 30 5 4 28 14 7 
Cost 1565.3000000000004
########################################################

end_time=2026-04-22 11:29:11
exit_code=0
