instance_file=/mnt/c/Users/porin/OneDrive/Documentos/Python-Mestrado/Modelagem Matemática/Programação Inteira - Uchoa/Problema VRPRDL/instancias_turco/VRPRDL-triangle/vrptw_padrao_convertidos/instance_19-triangle.txt
instance_name=instance_19-triangle
n_customers=30
capacity=750
k_ub=30
time_horizon=720
ub_mode=trivial
ub_used=4422.2
cfg=config/VRPTW_set_1.cfg
timeout_s=3600
start_time=2026-04-22 11:29:11
cmd=/home/poringman/.juliaup/bin/julia src/run.jl /mnt/c/Users/porin/OneDrive/Documentos/Python-Mestrado/Modelagem Matemática/Programação Inteira - Uchoa/Problema VRPRDL/instancias_turco/VRPRDL-triangle/vrptw_padrao_convertidos/instance_19-triangle.txt --cfg config/VRPTW_set_1.cfg -u 4422.2

  Activating project at `~/VRPSolver/VRPSolverDemos/other/VRPTW`
Application parameters:
  batch  =>  nothing
  update  =>  false
  tikz  =>  nothing
  instance  =>  "/mnt/c/Users/porin/OneDrive/Documentos/Python-Mestrado/Modelagem Matemática/Programação Inteira - Uchoa/Problema VRPRDL/instancias_turco/VRPRDL-triangle/vrptw_padrao_convertidos/instance_19-triangle.txt"
  out  =>  nothing
  nosolve  =>  false
  ub  =>  4422.2
  sol  =>  nothing
  cfg  =>  "config/VRPTW_set_1.cfg"
  enable_cap_res  =>  false
~~~~~~~~~~~~~~~~~~~~~~~~~~~~~~~~~~~~~~~~~~~~~~~~~~~~~~~~~~~~~~~~~~~~~~~~~~~~~~~~~~~~~
GIT VERSION RCSP: 
GIT BRANCH: 
~~~~~~~~~~~~~~~~~~~~~~~~~~~~~~~~~~~~~~~~~~~~~~~~~~~~~~~~~~~~~~~~~~~~~~~~~~~~~~~~~~~~~
VRPSolver v0.6.16, 10/11/2025, © Inria Bordeaux, France, vrpsolver.math.u-bordeaux.fr
      Corresponds to the solver by Pessoa, Sadykov, Uchoa and Vanderbeck (2020)
                 Paper: dx.doi.org/10.1007/s10107-020-01523-z
~~~~~~~~~~~~~~~~~~~~~~~~~~~~~~~~~~~~~~~~~~~~~~~~~~~~~~~~~~~~~~~~~~~~~~~~~~~~~~~~~~~~~
GIT VERSION BAPCOD: a7cb21f19424236c9d0da5dcf94961797a519470
GIT BRANCH: main
~~~~~~~~~~~~~~~~~~~~~~~~~~~~~~~~~~~~~~~~~~~~~~~~~~~~~~~~~~~~~~~~~~~~~~~~~~~~~~~~~~~~~
   BaPCod v0.84, 10/11/2025, © Inria Bordeaux, France, bapcod.math.u-bordeaux.fr 
           THIS CODE IS PROVIDED AS IS, USE IT AT YOUR OWN RISK
~~~~~~~~~~~~~~~~~~~~~~~~~~~~~~~~~~~~~~~~~~~~~~~~~~~~~~~~~~~~~~~~~~~~~~~~~~~~~~~~~~~~~
--- VRPSOLVER PARAMETERS ---
GlobalTimeLimit = 21474836
MaxNbOfBBtreeNodeTreated = 100000
treeSearchStrategy = 1
RCSPstopCutGenTimeThresholdInPricing = 5
RCSPhardTimeThresholdInPricing = 10
RCSPredCostFixingTimeThreshold = 100
RCSPnumberOfBucketsPerVertex = 25
RCSPdynamicBucketSteps = 1
RCSPuseBidirectionalSearch = 1
RCSPapplyReducedCostFixing = 1
RCSPredCostFixingFalseGap = 0
RCSPmaxNumOfColsPerIteration = 30
RCSPmaxNumOfColsPerExactIteration = 150
StabilizationMinPhaseOfStage = 0
RCSPmaxNumOfLabelsInEnumeration = 1000000
RCSPmaxNumOfEnumeratedSolutions = 10000000
RCSPmaxNumOfEnumSolutionsForMIP = 10000
RCSPinitNGneighbourhoodSize = 8
RCSPmaxNGneighbourhoodSize = 16
RCSPrankOneCutsMaxNumPerRound = 100
RCSPrankOneCutsMaxNumRows = 7
RCSPrankOneCutsMemoryType = 1
CutTailingOffThreshold = 0.015
CutTailingOffCounterThreshold = 3
SafeDualBoundScaleFactor = -1
StrongBranchingPhaseOneCandidatesNumber = 50
StrongBranchingPhaseOneTreeSizeEstimRatio = 0.1
StrongBranchingPhaseTwoCandidatesNumber = 3
StrongBranchingPhaseTwoTreeSizeEstimRatio = 0.1
MaxTimeForRestrictedMasterIpHeur = -1
DivingHeurUseDepthLimit = -1
MaxLDSbreadth = 0
MaxLDSdepth = 0
New model incumbent solution 4422.2, TIME = 0h0m0s35t = 35
Model is built TIME = 0h0m0s35t = 35
************************************************************************************************
**** BaB tree root node
**** Local DB = -1e+12, global bounds : [ -1e+12 , 4422.2 ], TIME = 0h0m0s35t = 35
**** 1 open nodes, 0 columns (0 active), 0 dyn. constrs. (0 active), 62 art. vars. (62 active)
************************************************************************************************
<DWph=2> <it= 10> <et=0.37> <Mt= 0.00> <Spt= 0.01> <nCl=300> <DB=-1308894.4570> <Mlp=20401.4933> <PB=4422.2> 
<DWph=2> <it= 20> <et=0.38> <Mt= 0.00> <Spt= 0.01> <nCl=257> <DB=-2799.3204> <Mlp= 1507.9434> <PB=4422.2> 
<DWph=2> <it= 30> <et=0.40> <Mt= 0.01> <Spt= 0.00> <nCl=288> <DB=  463.5829> <Mlp= 1357.6593> <PB=4422.2> 
<DWph=2> <it= 40> <et=0.41> <Mt= 0.00> <Spt= 0.01> <nCl=196> <DB=  837.1650> <Mlp= 1341.8667> <PB=4422.2> 
<DWph=2> <it= 50> <et=0.42> <Mt= 0.00> <Spt= 0.01> <nCl=151> <DB=  497.8083> <Mlp= 1337.8083> <PB=4422.2> 
<DWph=2> <it= 51> <et=0.42> <Mt= 0.00> <Spt= 0.00> <nCl=  0> <DB=  497.8083> <Mlp= 1323.9667> <PB=4422.2> 
<DWph=2> <it= 51> <et=0.42> <Mt= 0.00> <Spt= 0.00> <nCl=  0> <DB=  497.8083> <Mlp= 1323.9667> <PB=4422.2> 
<DWph=1> <it= 58> <et=0.44> <Mt= 0.01> <Spt= 0.02> <nCl= 67> <DB= 1322.2333> <Mlp= 1322.2333> <PB=4422.2> 
<DWph=0> <it= 60> <et=0.45> <Mt= 0.00> <Spt= 0.01> <nCl=159> <DB= 1308.5773> <Mlp= 1322.2333> <PB=4422.2> 
<DWph=0> <it= 61> <et=0.46> <Mt= 0.00> <Spt= 0.00> <nCl= 37> <DB= 1322.2333> <Mlp= 1322.2333> <PB=4422.2> 
Reduced cost fixing for graph G_0...  TT = 0.003662, pt = 0.000148, dt = 0.003446, ct = 0, ndl = 2973', bdl = 30363', odl = 4364', odf = 36020', lpcb = 5202', cnt = 68957', bdch = 206716', odch = 113036', lcp = 48551'
took 0 sec., 8194 buck. arcs remain (90.5% from prev., 28% from max.)
Run enumeration... took 16.35 sec. and not succeeded.
ColGenEvalAlg final dual bound: 1322.23 (rounded: 1322.23)
----- Add fac. cuts : CAP(3), max.viol = 0.666667, aver.viol = 0.666667, sep/add took 0.000588599/0.00277951 sec. -----
1455 columns (1455 active), 3 dyn. constrs. (3 active), 65 art. vars. (65 active)
<DWph=2> <it=  5> <et=16.84> <Mt= 0.00> <Spt= 0.01> <nCl= 76> <DB= 1342.4375> <Mlp= 1342.4375> <PB=4422.2> 
<DWph=1> <it= 10> <et=16.85> <Mt= 0.00> <Spt= 0.01> <nCl= 96> <DB= 1170.2333> <Mlp= 1340.7333> <PB=4422.2> 
<DWph=1> <it= 12> <et=16.85> <Mt= 0.00> <Spt= 0.00> <nCl=  8> <DB= 1340.7333> <Mlp= 1340.7333> <PB=4422.2> 
<DWph=0> <it= 16> <et=16.88> <Mt= 0.00> <Spt= 0.02> <nCl=333> <DB= 1338.0000> <Mlp= 1338.0000> <PB=4422.2> 
ColGenEvalAlg final dual bound: 1338 (rounded: 1338)
----- Add fac. cuts : CAP(1), max.viol = 1, aver.viol = 1, sep/add took 0.000199342/0.00142986 sec. -----
1968 columns (1968 active), 4 dyn. constrs. (3 active), 66 art. vars. (65 active)
<DWph=2> <it=  1> <et=16.88> <Mt= 0.01> <Spt= 0.00> <nCl= 14> <DB= 1340.5810> <Mlp= 1340.5810> <PB=4422.2> 
<DWph=1> <it=  2> <et=16.88> <Mt= 0.00> <Spt= 0.00> <nCl=  1> <DB= 1340.5810> <Mlp= 1340.5810> <PB=4422.2> 
<DWph=0> <it=  5> <et=16.90> <Mt= 0.00> <Spt= 0.01> <nCl= 56> <DB= 1340.5167> <Mlp= 1340.5167> <PB=4422.2> 
ColGenEvalAlg final dual bound: 1340.52 (rounded: 1340.52)
----- Add fac. cuts : CAP(5), max.viol = 0.166667, aver.viol = 0.116667, sep/add took 0.000717643/0.00548028 sec. -----
2039 columns (2039 active), 8 dyn. constrs. (8 active), 71 art. vars. (70 active)
<DWph=2> <it=  3> <et=16.91> <Mt= 0.00> <Spt= 0.01> <nCl= 38> <DB= 1341.2833> <Mlp= 1341.2833> <PB=4422.2> 
<DWph=1> <it=  5> <et=16.91> <Mt= 0.00> <Spt= 0.00> <nCl=  7> <DB= 1341.2833> <Mlp= 1341.2833> <PB=4422.2> 
<DWph=0> <it=  9> <et=16.93> <Mt= 0.00> <Spt= 0.02> <nCl=172> <DB= 1341.2000> <Mlp= 1341.2000> <PB=4422.2> 
ColGenEvalAlg final dual bound: 1341.2 (rounded: 1341.2)
----- Relaxation was improved for 1 subproblems -----
2256 columns (2178 active), 8 dyn. constrs. (5 active), 71 art. vars. (67 active)
<DWph=2> <it=  1> <et=16.94> <Mt= 0.00> <Spt= 0.00> <nCl= 10> <DB= 1341.2708> <Mlp= 1341.2708> <PB=4422.2> 
<DWph=1> <it=  2> <et=16.94> <Mt= 0.00> <Spt= 0.00> <nCl=  0> <DB= 1341.2708> <Mlp= 1341.2708> <PB=4422.2> 
<DWph=0> <it=  4> <et=16.95> <Mt= 0.00> <Spt= 0.01> <nCl= 56> <DB= 1341.2667> <Mlp= 1341.2667> <PB=4422.2> 
ColGenEvalAlg final dual bound: 1341.27 (rounded: 1341.27)
----- Add fac. cuts : R1C(150), max.viol = 0.5, aver.viol = 0.189167, sep/add took 0.00242708/0.0973052 sec. -----
2322 columns (2244 active), 155 dyn. constrs. (155 active), 221 art. vars. (217 active)
<DWph=2> <it= 10> <et=17.11> <Mt= 0.03> <Spt= 0.02> <nCl=114> <DB= 1349.1974> <Mlp= 1350.8000> <PB=4422.2> 
<DWph=2> <it= 19> <et=17.14> <Mt= 0.02> <Spt= 0.02> <nCl= 87> <DB= 1304.9600> <Mlp= 1350.6000> <PB=4422.2> 
<DWph=2> <it= 19> <et=17.14> <Mt= 0.00> <Spt= 0.00> <nCl=  0> <DB= 1304.9600> <Mlp= 1350.6000> <PB=4422.2> 
<DWph=1> <it= 20> <et=17.14> <Mt= 0.00> <Spt= 0.01> <nCl= 16> <DB= 1219.3749> <Mlp= 1350.6000> <PB=4422.2> 
<DWph=1> <it= 26> <et=17.16> <Mt= 0.00> <Spt= 0.01> <nCl= 75> <DB= 1350.6000> <Mlp= 1350.6000> <PB=4422.2> 
<DWph=0> <it= 30> <et=17.22> <Mt= 0.02> <Spt= 0.04> <nCl=333> <DB= 1347.6000> <Mlp= 1350.6000> <PB=4422.2> 
<DWph=0> <it= 31> <et=17.23> <Mt= 0.00> <Spt= 0.01> <nCl= 37> <DB= 1350.6000> <Mlp= 1350.6000> <PB=4422.2> 
ColGenEvalAlg final dual bound: 1350.6 (rounded: 1350.6)
----- Add fac. cuts : R1C(192), max.viol = 0.5, aver.viol = 0.5, sep/add took 0.0603086/0.130711 sec. -----
2984 columns (2906 active), 347 dyn. constrs. (201 active), 413 art. vars. (263 active)
<DWph=2> <it=  8> <et=17.48> <Mt= 0.02> <Spt= 0.03> <nCl=130> <DB= 1359.0400> <Mlp= 1359.0400> <PB=4422.2> 
<DWph=1> <it= 10> <et=17.48> <Mt= 0.00> <Spt= 0.00> <nCl= 20> <DB= 1345.5354> <Mlp= 1359.0400> <PB=4422.2> 
<DWph=1> <it= 11> <et=17.49> <Mt= 0.01> <Spt= 0.01> <nCl= 10> <DB= 1359.0400> <Mlp= 1359.0400> <PB=4422.2> 
<DWph=0> <it= 14> <et=17.52> <Mt= 0.00> <Spt= 0.02> <nCl=135> <DB= 1359.0400> <Mlp= 1359.0400> <PB=4422.2> 
ColGenEvalAlg final dual bound: 1359.04 (rounded: 1359.04)
----- Add fac. cuts : CAP(1) R1C(151), max.viol = 0.4, aver.viol = 0.210526, sep/add took 0.260405/0.13211 sec. -----
3279 columns (3201 active), 353 dyn. constrs. (165 active), 565 art. vars. (227 active)
<DWph=2> <it=  9> <et=17.98> <Mt= 0.03> <Spt= 0.03> <nCl= 97> <DB= 1320.0240> <Mlp= 1361.4117> <PB=4422.2> 
<DWph=2> <it=  9> <et=17.98> <Mt= 0.00> <Spt= 0.00> <nCl=  0> <DB= 1320.0240> <Mlp= 1361.4117> <PB=4422.2> 
<DWph=1> <it= 10> <et=17.99> <Mt= 0.00> <Spt= 0.00> <nCl= 15> <DB= 1343.9699> <Mlp= 1361.4117> <PB=4422.2> 
<DWph=1> <it= 11> <et=17.99> <Mt= 0.00> <Spt= 0.01> <nCl= 10> <DB= 1361.4117> <Mlp= 1361.4117> <PB=4422.2> 
<DWph=0> <it= 16> <et=18.10> <Mt= 0.02> <Spt= 0.09> <nCl=474> <DB= 1360.5000> <Mlp= 1360.5000> <PB=1360.5> 
ColGenEvalAlg final dual bound: 1360.5 (rounded: 1360.5)
Gap improvement since the last cut separation : 1 (1359.04)
New model incumbent solution 1360.5, TIME = 0h0m18s11t = 1811
************************************************************************************************
Search is finished, global bounds : [ 1360.5 , 1360.5 ], TIME = 0h0m18s11t = 1811
************************************************************************************************
[32mBaPCod : solution defined.[00m
statistics_cols: instance & :Optimal & cutoff & :bcRecRootDb & :bcTimeRootEval & :bcCountNodeProc & :bcRecBestDb & :bcRecBestInc & :bcTimeMain \\
statistics: instance_19-triangle & 1 & 4422.2 & 1360.50 & 18.11 & 1 & 1360.50 & 1360.50 & 18.11 \\
########################################################
Route #1: 4 15 28 30 2 10 19 8 5 13 
Route #2: 6 22 16 9 1 23 27 20 11 3 18 26 14 21 17 
Route #3: 24 25 29 12 7 
Cost 1360.4999999999995
########################################################

end_time=2026-04-22 11:29:37
exit_code=0
