instance_file=/mnt/c/Users/porin/OneDrive/Documentos/Python-Mestrado/Modelagem Matemática/Programação Inteira - Uchoa/Problema VRPRDL/instancias_turco/VRPRDL-triangle/vrptw_padrao_convertidos/instance_4-triangle.txt
instance_name=instance_4-triangle
n_customers=15
capacity=750
k_ub=15
time_horizon=720
ub_mode=trivial
ub_used=3015.8
cfg=config/VRPTW_set_1.cfg
timeout_s=3600
start_time=2026-04-22 14:21:03
cmd=/home/poringman/.juliaup/bin/julia src/run.jl /mnt/c/Users/porin/OneDrive/Documentos/Python-Mestrado/Modelagem Matemática/Programação Inteira - Uchoa/Problema VRPRDL/instancias_turco/VRPRDL-triangle/vrptw_padrao_convertidos/instance_4-triangle.txt --cfg config/VRPTW_set_1.cfg -u 3015.8

  Activating project at `~/VRPSolver/VRPSolverDemos/other/VRPTW`
Application parameters:
  batch  =>  nothing
  update  =>  false
  tikz  =>  nothing
  instance  =>  "/mnt/c/Users/porin/OneDrive/Documentos/Python-Mestrado/Modelagem Matemática/Programação Inteira - Uchoa/Problema VRPRDL/instancias_turco/VRPRDL-triangle/vrptw_padrao_convertidos/instance_4-triangle.txt"
  out  =>  nothing
  nosolve  =>  false
  ub  =>  3015.8
  sol  =>  nothing
  cfg  =>  "config/VRPTW_set_1.cfg"
  enable_cap_res  =>  false
~~~~~~~~~~~~~~~~~~~~~~~~~~~~~~~~~~~~~~~~~~~~~~~~~~~~~~~~~~~~~~~~~~~~~~~~~~~~~~~~~~~~~
GIT VERSION RCSP: 
GIT BRANCH: 
~~~~~~~~~~~~~~~~~~~~~~~~~~~~~~~~~~~~~~~~~~~~~~~~~~~~~~~~~~~~~~~~~~~~~~~~~~~~~~~~~~~~~
VRPSolver v0.6.16, 10/11/2025, © Inria Bordeaux, France, vrpsolver.math.u-bordeaux.fr
      Corresponds to the solver by Pessoa, Sadykov, Uchoa and Vanderbeck (2020)
                 Paper: dx.doi.org/10.1007/s10107-020-01523-z
~~~~~~~~~~~~~~~~~~~~~~~~~~~~~~~~~~~~~~~~~~~~~~~~~~~~~~~~~~~~~~~~~~~~~~~~~~~~~~~~~~~~~
GIT VERSION BAPCOD: a7cb21f19424236c9d0da5dcf94961797a519470
GIT BRANCH: main
~~~~~~~~~~~~~~~~~~~~~~~~~~~~~~~~~~~~~~~~~~~~~~~~~~~~~~~~~~~~~~~~~~~~~~~~~~~~~~~~~~~~~
   BaPCod v0.84, 10/11/2025, © Inria Bordeaux, France, bapcod.math.u-bordeaux.fr 
           THIS CODE IS PROVIDED AS IS, USE IT AT YOUR OWN RISK
~~~~~~~~~~~~~~~~~~~~~~~~~~~~~~~~~~~~~~~~~~~~~~~~~~~~~~~~~~~~~~~~~~~~~~~~~~~~~~~~~~~~~
--- VRPSOLVER PARAMETERS ---
GlobalTimeLimit = 21474836
MaxNbOfBBtreeNodeTreated = 100000
treeSearchStrategy = 1
RCSPstopCutGenTimeThresholdInPricing = 5
RCSPhardTimeThresholdInPricing = 10
RCSPredCostFixingTimeThreshold = 100
RCSPnumberOfBucketsPerVertex = 25
RCSPdynamicBucketSteps = 1
RCSPuseBidirectionalSearch = 1
RCSPapplyReducedCostFixing = 1
RCSPredCostFixingFalseGap = 0
RCSPmaxNumOfColsPerIteration = 30
RCSPmaxNumOfColsPerExactIteration = 150
StabilizationMinPhaseOfStage = 0
RCSPmaxNumOfLabelsInEnumeration = 1000000
RCSPmaxNumOfEnumeratedSolutions = 10000000
RCSPmaxNumOfEnumSolutionsForMIP = 10000
RCSPinitNGneighbourhoodSize = 8
RCSPmaxNGneighbourhoodSize = 16
RCSPrankOneCutsMaxNumPerRound = 100
RCSPrankOneCutsMaxNumRows = 7
RCSPrankOneCutsMemoryType = 1
CutTailingOffThreshold = 0.015
CutTailingOffCounterThreshold = 3
SafeDualBoundScaleFactor = -1
StrongBranchingPhaseOneCandidatesNumber = 50
StrongBranchingPhaseOneTreeSizeEstimRatio = 0.1
StrongBranchingPhaseTwoCandidatesNumber = 3
StrongBranchingPhaseTwoTreeSizeEstimRatio = 0.1
MaxTimeForRestrictedMasterIpHeur = -1
DivingHeurUseDepthLimit = -1
MaxLDSbreadth = 0
MaxLDSdepth = 0
New model incumbent solution 3015.8, TIME = 0h0m0s28t = 28
Model is built TIME = 0h0m0s28t = 28
************************************************************************************************
**** BaB tree root node
**** Local DB = -1e+12, global bounds : [ -1e+12 , 3015.8 ], TIME = 0h0m0s28t = 28
**** 1 open nodes, 0 columns (0 active), 0 dyn. constrs. (0 active), 32 art. vars. (32 active)
************************************************************************************************
<DWph=2> <it= 10> <et=0.29> <Mt= 0.00> <Spt= 0.00> <nCl=256> <DB= 1145.7976> <Mlp= 1450.1000> <PB=1450.1> 
<DWph=2> <it= 13> <et=0.29> <Mt= 0.00> <Spt= 0.00> <nCl= 33> <DB= 1427.7000> <Mlp= 1427.7000> <PB=1427.7> 
<DWph=1> <it= 14> <et=0.29> <Mt= 0.00> <Spt= 0.00> <nCl=  1> <DB= 1427.7000> <Mlp= 1427.7000> <PB=1427.7> 
<DWph=0> <it= 15> <et=0.29> <Mt= 0.00> <Spt= 0.00> <nCl=129> <DB= 1427.7000> <Mlp= 1427.7000> <PB=1427.7> 
ColGenEvalAlg final dual bound: 1427.7 (rounded: 1427.7)
New model incumbent solution 1427.7, TIME = 0h0m0s29t = 29
************************************************************************************************
Search is finished, global bounds : [ 1427.7 , 1427.7 ], TIME = 0h0m0s29t = 29
************************************************************************************************
[32mBaPCod : solution defined.[00m
statistics_cols: instance & :Optimal & cutoff & :bcRecRootDb & :bcTimeRootEval & :bcCountNodeProc & :bcRecBestDb & :bcRecBestInc & :bcTimeMain \\
statistics: instance_4-triangle & 1 & 3015.8 & 1427.70 & 0.29 & 1 & 1427.70 & 1427.70 & 0.29 \\
########################################################
Route #1: 4 8 3 15 
Route #2: 5 1 7 10 12 11 
Route #3: 13 14 6 2 9 
Cost 1427.7000000000003
########################################################

end_time=2026-04-22 14:21:10
exit_code=0
