instance_file=/mnt/c/Users/porin/OneDrive/Documentos/Python-Mestrado/Modelagem Matemática/Programação Inteira - Uchoa/Problema VRPRDL/instancias_turco/VRPRDL-triangle/vrptw_padrao_convertidos/instance_36-triangle.txt
instance_name=instance_36-triangle
n_customers=119
capacity=750
k_ub=119
time_horizon=720
ub_mode=trivial
ub_used=20563.8
cfg=config/VRPTW_set_1.cfg
timeout_s=3600
start_time=2026-04-22 13:49:16
cmd=/home/poringman/.juliaup/bin/julia src/run.jl /mnt/c/Users/porin/OneDrive/Documentos/Python-Mestrado/Modelagem Matemática/Programação Inteira - Uchoa/Problema VRPRDL/instancias_turco/VRPRDL-triangle/vrptw_padrao_convertidos/instance_36-triangle.txt --cfg config/VRPTW_set_1.cfg -u 20563.8

  Activating project at `~/VRPSolver/VRPSolverDemos/other/VRPTW`
Application parameters:
  batch  =>  nothing
  update  =>  false
  tikz  =>  nothing
  instance  =>  "/mnt/c/Users/porin/OneDrive/Documentos/Python-Mestrado/Modelagem Matemática/Programação Inteira - Uchoa/Problema VRPRDL/instancias_turco/VRPRDL-triangle/vrptw_padrao_convertidos/instance_36-triangle.txt"
  out  =>  nothing
  nosolve  =>  false
  ub  =>  20563.8
  sol  =>  nothing
  cfg  =>  "config/VRPTW_set_1.cfg"
  enable_cap_res  =>  false
~~~~~~~~~~~~~~~~~~~~~~~~~~~~~~~~~~~~~~~~~~~~~~~~~~~~~~~~~~~~~~~~~~~~~~~~~~~~~~~~~~~~~
GIT VERSION RCSP: 
GIT BRANCH: 
~~~~~~~~~~~~~~~~~~~~~~~~~~~~~~~~~~~~~~~~~~~~~~~~~~~~~~~~~~~~~~~~~~~~~~~~~~~~~~~~~~~~~
VRPSolver v0.6.16, 10/11/2025, © Inria Bordeaux, France, vrpsolver.math.u-bordeaux.fr
      Corresponds to the solver by Pessoa, Sadykov, Uchoa and Vanderbeck (2020)
                 Paper: dx.doi.org/10.1007/s10107-020-01523-z
~~~~~~~~~~~~~~~~~~~~~~~~~~~~~~~~~~~~~~~~~~~~~~~~~~~~~~~~~~~~~~~~~~~~~~~~~~~~~~~~~~~~~
GIT VERSION BAPCOD: a7cb21f19424236c9d0da5dcf94961797a519470
GIT BRANCH: main
~~~~~~~~~~~~~~~~~~~~~~~~~~~~~~~~~~~~~~~~~~~~~~~~~~~~~~~~~~~~~~~~~~~~~~~~~~~~~~~~~~~~~
   BaPCod v0.84, 10/11/2025, © Inria Bordeaux, France, bapcod.math.u-bordeaux.fr 
           THIS CODE IS PROVIDED AS IS, USE IT AT YOUR OWN RISK
~~~~~~~~~~~~~~~~~~~~~~~~~~~~~~~~~~~~~~~~~~~~~~~~~~~~~~~~~~~~~~~~~~~~~~~~~~~~~~~~~~~~~
--- VRPSOLVER PARAMETERS ---
GlobalTimeLimit = 21474836
MaxNbOfBBtreeNodeTreated = 100000
treeSearchStrategy = 1
RCSPstopCutGenTimeThresholdInPricing = 5
RCSPhardTimeThresholdInPricing = 10
RCSPredCostFixingTimeThreshold = 100
RCSPnumberOfBucketsPerVertex = 25
RCSPdynamicBucketSteps = 1
RCSPuseBidirectionalSearch = 1
RCSPapplyReducedCostFixing = 1
RCSPredCostFixingFalseGap = 0
RCSPmaxNumOfColsPerIteration = 30
RCSPmaxNumOfColsPerExactIteration = 150
StabilizationMinPhaseOfStage = 0
RCSPmaxNumOfLabelsInEnumeration = 1000000
RCSPmaxNumOfEnumeratedSolutions = 10000000
RCSPmaxNumOfEnumSolutionsForMIP = 10000
RCSPinitNGneighbourhoodSize = 8
RCSPmaxNGneighbourhoodSize = 16
RCSPrankOneCutsMaxNumPerRound = 100
RCSPrankOneCutsMaxNumRows = 7
RCSPrankOneCutsMemoryType = 1
CutTailingOffThreshold = 0.015
CutTailingOffCounterThreshold = 3
SafeDualBoundScaleFactor = -1
StrongBranchingPhaseOneCandidatesNumber = 50
StrongBranchingPhaseOneTreeSizeEstimRatio = 0.1
StrongBranchingPhaseTwoCandidatesNumber = 3
StrongBranchingPhaseTwoTreeSizeEstimRatio = 0.1
MaxTimeForRestrictedMasterIpHeur = -1
DivingHeurUseDepthLimit = -1
MaxLDSbreadth = 0
MaxLDSdepth = 0
New model incumbent solution 20563.8, TIME = 0h0m0s40t = 40
Model is built TIME = 0h0m0s46t = 46
************************************************************************************************
**** BaB tree root node
**** Local DB = -1e+12, global bounds : [ -1e+12 , 20563.8 ], TIME = 0h0m0s46t = 46
**** 1 open nodes, 0 columns (0 active), 0 dyn. constrs. (0 active), 240 art. vars. (240 active)
************************************************************************************************
<DWph=2> <it= 10> <et=0.53> <Mt= 0.00> <Spt= 0.06> <nCl=300> <DB=-37379132.4371> <Mlp=804847.9167> <PB=20563.8> 
<DWph=2> <it= 20> <et=0.61> <Mt= 0.02> <Spt= 0.05> <nCl=300> <DB=-15761508.1890> <Mlp=269794.7101> <PB=20563.8> 
<DWph=2> <it= 30> <et=0.70> <Mt= 0.04> <Spt= 0.06> <nCl=300> <DB=-8694866.5009> <Mlp=55904.3108> <PB=20563.8> 
<DWph=2> <it= 40> <et=0.81> <Mt= 0.04> <Spt= 0.06> <nCl=249> <DB=-43905.1012> <Mlp= 5943.5451> <PB=20563.8> 
<DWph=2> <it= 50> <et=0.93> <Mt= 0.05> <Spt= 0.07> <nCl=300> <DB=-23020.1434> <Mlp= 5394.5424> <PB=20563.8> 
<DWph=2> <it= 60> <et=1.05> <Mt= 0.06> <Spt= 0.06> <nCl=300> <DB=-11161.1071> <Mlp= 4875.8503> <PB=20563.8> 
<DWph=2> <it= 70> <et=1.17> <Mt= 0.05> <Spt= 0.07> <nCl=293> <DB=-2050.0368> <Mlp= 4659.3022> <PB=20563.8> 
<DWph=2> <it= 80> <et=1.29> <Mt= 0.05> <Spt= 0.07> <nCl=294> <DB= 1862.8518> <Mlp= 4518.4531> <PB=20563.8> 
<DWph=2> <it= 90> <et=1.39> <Mt= 0.02> <Spt= 0.07> <nCl=247> <DB= 3507.5004> <Mlp= 4499.1699> <PB=20563.8> 
<DWph=2> <it=100> <et=1.46> <Mt= 0.02> <Spt= 0.06> <nCl=158> <DB= 4286.1235> <Mlp= 4494.8253> <PB=20563.8> 
<DWph=2> <it=110> <et=1.56> <Mt= 0.01> <Spt= 0.08> <nCl=106> <DB= 4106.3992> <Mlp= 4494.0865> <PB=20563.8> 
<DWph=2> <it=120> <et=1.68> <Mt= 0.03> <Spt= 0.08> <nCl=153> <DB= 3638.0076> <Mlp= 4475.6914> <PB=20563.8> 
<DWph=2> <it=130> <et=1.75> <Mt= 0.02> <Spt= 0.06> <nCl=158> <DB= 3710.3946> <Mlp= 4470.6082> <PB=20563.8> 
<DWph=2> <it=140> <et=1.82> <Mt= 0.01> <Spt= 0.06> <nCl=128> <DB= 4326.7273> <Mlp= 4469.5273> <PB=20563.8> 
<DWph=2> <it=147> <et=1.88> <Mt= 0.01> <Spt= 0.04> <nCl= 48> <DB= 4469.1518> <Mlp= 4469.1518> <PB=20563.8> 
<DWph=1> <it=150> <et=1.92> <Mt= 0.02> <Spt= 0.03> <nCl= 90> <DB= 1260.6519> <Mlp= 4424.1510> <PB=20563.8> 
<DWph=1> <it=160> <et=2.04> <Mt= 0.04> <Spt= 0.07> <nCl=269> <DB= 3948.5069> <Mlp= 4402.8745> <PB=20563.8> 
<DWph=1> <it=170> <et=2.15> <Mt= 0.02> <Spt= 0.09> <nCl=115> <DB= 4384.2811> <Mlp= 4402.7125> <PB=20563.8> 
<DWph=1> <it=180> <et=2.27> <Mt= 0.02> <Spt= 0.10> <nCl=162> <DB= 4279.3760> <Mlp= 4398.6917> <PB=20563.8> 
<DWph=1> <it=185> <et=2.32> <Mt= 0.01> <Spt= 0.05> <nCl= 57> <DB= 4278.3472> <Mlp= 4398.4667> <PB=20563.8> 
<DWph=1> <it=185> <et=2.32> <Mt= 0.00> <Spt= 0.00> <nCl=  0> <DB= 4278.3472> <Mlp= 4398.4667> <PB=20563.8> 
<DWph=0> <it=190> <et=2.41> <Mt= 0.02> <Spt= 0.06> <nCl=579> <DB= 4207.6481> <Mlp= 4385.7833> <PB=20563.8> 
<DWph=0> <it=193> <et=2.46> <Mt= 0.01> <Spt= 0.04> <nCl=208> <DB= 4385.5833> <Mlp= 4385.5833> <PB=20563.8> 
Reduced cost fixing for graph G_0...  TT = 0.013805, pt = 0.0015, dt = 0.011737, ct = 0, ndl = 4332', bdl = 174100', odl = 7991', odf = 40698', lpcb = 27022', cnt = 199448', bdch = 561914', odch = 54719', lcp = 73214'
took 0.01 sec., 59713 buck. arcs remain (94.3% from prev., 22.9% from max.)
Run enumeration... took 0.11 sec. and not succeeded.
ColGenEvalAlg final dual bound: 4385.58 (rounded: 4385.58)
----- Add fac. cuts : CAP(9), max.viol = 1, aver.viol = 0.888889, sep/add took 0.00418365/0.0157966 sec. -----
4814 columns (4814 active), 9 dyn. constrs. (9 active), 249 art. vars. (249 active)
<DWph=2> <it= 10> <et=2.75> <Mt= 0.02> <Spt= 0.07> <nCl= 54> <DB= 4377.5903> <Mlp= 4386.1333> <PB=20563.8> 
<DWph=2> <it= 20> <et=2.86> <Mt= 0.01> <Spt= 0.10> <nCl= 31> <DB= 4382.7931> <Mlp= 4386.1333> <PB=20563.8> 
<DWph=2> <it= 24> <et=2.92> <Mt= 0.01> <Spt= 0.05> <nCl= 15> <DB= 4386.1333> <Mlp= 4386.1333> <PB=20563.8> 
<DWph=1> <it= 26> <et=2.96> <Mt= 0.00> <Spt= 0.03> <nCl= 17> <DB= 4386.1333> <Mlp= 4386.1333> <PB=20563.8> 
<DWph=0> <it= 27> <et=2.98> <Mt= 0.00> <Spt= 0.03> <nCl= 35> <DB= 4386.1333> <Mlp= 4386.1333> <PB=20563.8> 
ColGenEvalAlg final dual bound: 4386.13 (rounded: 4386.13)
----- Add fac. cuts : CAP(9), max.viol = 0.5, aver.viol = 0.5, sep/add took 0.0045897/0.0161221 sec. -----
4966 columns (4966 active), 18 dyn. constrs. (10 active), 258 art. vars. (250 active)
<DWph=2> <it= 10> <et=3.10> <Mt= 0.03> <Spt= 0.06> <nCl= 58> <DB= 4380.9686> <Mlp= 4387.1333> <PB=20563.8> 
<DWph=2> <it= 19> <et=3.24> <Mt= 0.01> <Spt= 0.12> <nCl= 34> <DB= 4387.1333> <Mlp= 4387.1333> <PB=20563.8> 
<DWph=1> <it= 20> <et=3.25> <Mt= 0.00> <Spt= 0.01> <nCl=  8> <DB= 4200.9587> <Mlp= 4387.1333> <PB=20563.8> 
<DWph=1> <it= 26> <et=3.33> <Mt= 0.01> <Spt= 0.08> <nCl= 36> <DB= 4387.1333> <Mlp= 4387.1333> <PB=20563.8> 
<DWph=0> <it= 29> <et=3.39> <Mt= 0.01> <Spt= 0.05> <nCl= 46> <DB= 4387.1333> <Mlp= 4387.1333> <PB=20563.8> 
ColGenEvalAlg final dual bound: 4387.13 (rounded: 4387.13)
----- Add fac. cuts : CAP(7), max.viol = 1, aver.viol = 0.571429, sep/add took 0.00411536/0.0120324 sec. -----
5148 columns (5148 active), 17 dyn. constrs. (11 active), 265 art. vars. (251 active)
<DWph=2> <it=  6> <et=3.50> <Mt= 0.02> <Spt= 0.06> <nCl= 32> <DB= 4388.9167> <Mlp= 4388.9167> <PB=20563.8> 
<DWph=1> <it=  8> <et=3.53> <Mt= 0.00> <Spt= 0.02> <nCl=  7> <DB= 4388.9167> <Mlp= 4388.9167> <PB=20563.8> 
<DWph=0> <it=  9> <et=3.55> <Mt= 0.00> <Spt= 0.02> <nCl= 33> <DB= 4388.9167> <Mlp= 4388.9167> <PB=20563.8> 
ColGenEvalAlg final dual bound: 4388.92 (rounded: 4388.92)
----- Add fac. cuts : CAP(7), max.viol = 0.541667, aver.viol = 0.22619, sep/add took 0.0133537/0.0134925 sec. -----
----- Relaxation was improved for 1 subproblems -----
5220 columns (5108 active), 18 dyn. constrs. (12 active), 272 art. vars. (252 active)
<DWph=2> <it=  9> <et=3.81> <Mt= 0.12> <Spt= 0.10> <nCl= 84> <DB= 4389.5208> <Mlp= 4389.5208> <PB=20563.8> 
<DWph=1> <it= 10> <et=3.81> <Mt= 0.00> <Spt= 0.00> <nCl= 26> <DB= 3925.4208> <Mlp= 4389.5208> <PB=20563.8> 
<DWph=1> <it= 12> <et=3.85> <Mt= 0.00> <Spt= 0.03> <nCl=  7> <DB= 4389.5208> <Mlp= 4389.5208> <PB=20563.8> 
<DWph=0> <it= 15> <et=3.90> <Mt= 0.01> <Spt= 0.05> <nCl=286> <DB= 4389.5208> <Mlp= 4389.5208> <PB=20563.8> 
ColGenEvalAlg final dual bound: 4389.52 (rounded: 4389.52)
----- Add fac. cuts : CAP(3), max.viol = 0.104167, aver.viol = 0.104167, sep/add took 0.00677301/0.00645676 sec. -----
5623 columns (5511 active), 15 dyn. constrs. (8 active), 275 art. vars. (248 active)
<DWph=2> <it=  1> <et=3.94> <Mt= 0.00> <Spt= 0.01> <nCl=  0> <DB= 4389.5365> <Mlp= 4389.5365> <PB=20563.8> 
<DWph=1> <it=  2> <et=3.95> <Mt= 0.00> <Spt= 0.01> <nCl=  1> <DB= 4389.5365> <Mlp= 4389.5365> <PB=20563.8> 
<DWph=0> <it=  4> <et=3.98> <Mt= 0.00> <Spt= 0.03> <nCl= 16> <DB= 4389.5260> <Mlp= 4389.5260> <PB=20563.8> 
ColGenEvalAlg final dual bound: 4389.53 (rounded: 4389.53)
----- Add fac. cuts : CAP(1), max.viol = 0.0520833, aver.viol = 0.0520833, sep/add took 0.00714337/0.00243904 sec. -----
5640 columns (5528 active), 9 dyn. constrs. (7 active), 276 art. vars. (247 active)
<DWph=2> <it=  1> <et=4.02> <Mt= 0.01> <Spt= 0.01> <nCl=  0> <DB= 4389.5417> <Mlp= 4389.5417> <PB=20563.8> 
<DWph=1> <it=  2> <et=4.03> <Mt= 0.00> <Spt= 0.02> <nCl=  0> <DB= 4389.5417> <Mlp= 4389.5417> <PB=20563.8> 
<DWph=0> <it=  3> <et=4.05> <Mt= 0.00> <Spt= 0.01> <nCl=  7> <DB= 4389.5417> <Mlp= 4389.5417> <PB=20563.8> 
ColGenEvalAlg final dual bound: 4389.54 (rounded: 4389.54)
----- Add fac. cuts : R1C(154), max.viol = 0.5, aver.viol = 0.337527, sep/add took 0.00861637/0.20836 sec. -----
5647 columns (5535 active), 161 dyn. constrs. (161 active), 430 art. vars. (401 active)
<DWph=2> <it= 10> <et=4.47> <Mt= 0.08> <Spt= 0.11> <nCl= 86> <DB= 4299.9246> <Mlp= 4399.2130> <PB=20563.8> 
<DWph=2> <it= 17> <et=4.56> <Mt= 0.02> <Spt= 0.08> <nCl= 53> <DB= 4399.2005> <Mlp= 4399.2005> <PB=20563.8> 
<DWph=1> <it= 20> <et=4.60> <Mt= 0.01> <Spt= 0.03> <nCl= 82> <DB= 4223.5791> <Mlp= 4399.2005> <PB=20563.8> 
<DWph=1> <it= 24> <et=4.66> <Mt= 0.01> <Spt= 0.05> <nCl= 42> <DB= 4399.1956> <Mlp= 4399.1956> <PB=20563.8> 
<DWph=0> <it= 29> <et=4.79> <Mt= 0.01> <Spt= 0.11> <nCl=377> <DB= 4398.5452> <Mlp= 4398.5452> <PB=20563.8> 
ColGenEvalAlg final dual bound: 4398.55 (rounded: 4398.55)
----- Add fac. cuts : CAP(5) R1C(154), max.viol = 0.410714, aver.viol = 0.223046, sep/add took 0.00929662/0.228736 sec. -----
6287 columns (6175 active), 320 dyn. constrs. (172 active), 589 art. vars. (412 active)
<DWph=2> <it= 10> <et=5.30> <Mt= 0.16> <Spt= 0.10> <nCl=108> <DB= 4129.1419> <Mlp= 4404.2283> <PB=20563.8> 
<DWph=2> <it= 20> <et=5.53> <Mt= 0.08> <Spt= 0.15> <nCl= 72> <DB= 4401.8279> <Mlp= 4404.0469> <PB=20563.8> 
<DWph=2> <it= 23> <et=5.58> <Mt= 0.01> <Spt= 0.04> <nCl= 23> <DB= 4404.0469> <Mlp= 4404.0469> <PB=20563.8> 
<DWph=1> <it= 30> <et=5.70> <Mt= 0.02> <Spt= 0.10> <nCl=108> <DB= 4403.9346> <Mlp= 4403.9346> <PB=20563.8> 
<DWph=0> <it= 39> <et=5.93> <Mt= 0.03> <Spt= 0.19> <nCl=654> <DB= 4402.6333> <Mlp= 4402.6333> <PB=20563.8> 
ColGenEvalAlg final dual bound: 4402.63 (rounded: 4402.63)
----- Add fac. cuts : CAP(9) R1C(197), max.viol = 1, aver.viol = 0.42233, sep/add took 0.127403/0.378353 sec. -----
7252 columns (7140 active), 378 dyn. constrs. (230 active), 795 art. vars. (470 active)
<DWph=2> <it= 10> <et=6.66> <Mt= 0.06> <Spt= 0.14> <nCl= 65> <DB= 4404.8796> <Mlp= 4407.9250> <PB=20563.8> 
<DWph=2> <it= 11> <et=6.68> <Mt= 0.00> <Spt= 0.02> <nCl=  2> <DB= 4407.9250> <Mlp= 4407.9250> <PB=20563.8> 
<DWph=1> <it= 18> <et=6.81> <Mt= 0.03> <Spt= 0.10> <nCl= 58> <DB= 4407.9250> <Mlp= 4407.9250> <PB=20563.8> 
<DWph=0> <it= 20> <et=6.92> <Mt= 0.06> <Spt= 0.05> <nCl=176> <DB= 3812.4669> <Mlp= 4407.6958> <PB=20563.8> 
<DWph=0> <it= 30> <et=7.17> <Mt= 0.04> <Spt= 0.21> <nCl=424> <DB= 4407.6409> <Mlp= 4407.6409> <PB=20563.8> 
ColGenEvalAlg final dual bound: 4407.64 (rounded: 4407.64)
----- Add fac. cuts : CAP(11) R1C(452), max.viol = 0.454545, aver.viol = 0.217652, sep/add took 0.348929/0.895712 sec. -----
7977 columns (7865 active), 693 dyn. constrs. (495 active), 1258 art. vars. (735 active)
<DWph=2> <it=  1> <et=8.51> <Mt= 0.04> <Spt= 0.02> <nCl=  3> <DB= 4407.9333> <Mlp= 4407.9333> <PB=20563.8> 
<DWph=1> <it=  2> <et=8.53> <Mt= 0.00> <Spt= 0.02> <nCl=  0> <DB= 4407.9333> <Mlp= 4407.9333> <PB=20563.8> 
<DWph=0> <it=  3> <et=8.57> <Mt= 0.01> <Spt= 0.04> <nCl= 23> <DB= 4407.9333> <Mlp= 4407.9333> <PB=20563.8> 
ColGenEvalAlg final dual bound: 4407.93 (rounded: 4407.93)
----- Add fac. cuts : CAP(6) R1C(346), max.viol = 0.666667, aver.viol = 0.194602, sep/add took 0.349385/0.732371 sec. -----
8003 columns (7891 active), 847 dyn. constrs. (409 active), 1610 art. vars. (649 active)
<DWph=2> <it=  9> <et=9.99> <Mt= 0.10> <Spt= 0.18> <nCl= 86> <DB= 4408.5431> <Mlp= 4408.5431> <PB=20563.8> 
<DWph=1> <it= 10> <et=10.01> <Mt= 0.00> <Spt= 0.01> <nCl=  3> <DB= 4350.2440> <Mlp= 4408.5431> <PB=20563.8> 
<DWph=1> <it= 13> <et=10.07> <Mt= 0.01> <Spt= 0.05> <nCl=  9> <DB= 4408.5362> <Mlp= 4408.5362> <PB=20563.8> 
----- Add core cuts : CAP(2), max.viol = 1, aver.viol = 1, sep/add took 0.00117727/0.00897386 sec. -----
<DWph=0> <it= 16> <et=10.23> <Mt= 0.05> <Spt= 0.12> <nCl=168> <DB= 4408.4688> <Mlp= 4408.4688> <PB=20563.8> 
ColGenEvalAlg final dual bound: 4408.47 (rounded: 4408.47)
----- Add fac. cuts : CAP(5) R1C(551), max.viol = 0.375, aver.viol = 0.214366, sep/add took 0.521379/1.19707 sec. -----
8269 columns (8157 active), 966 dyn. constrs. (590 active), 2168 art. vars. (830 active)
<DWph=2> <it=  1> <et=12.06> <Mt= 0.03> <Spt= 0.02> <nCl=  6> <DB= 4408.6167> <Mlp= 4408.6167> <PB=20563.8> 
<DWph=1> <it=  2> <et=12.10> <Mt= 0.00> <Spt= 0.03> <nCl=  2> <DB= 4408.6167> <Mlp= 4408.6167> <PB=20563.8> 
<DWph=0> <it=  4> <et=12.18> <Mt= 0.01> <Spt= 0.07> <nCl= 53> <DB= 4408.6167> <Mlp= 4408.6167> <PB=20563.8> 
ColGenEvalAlg final dual bound: 4408.62 (rounded: 4408.62)
----- Add fac. cuts : CAP(4) R1C(326), max.viol = 0.166667, aver.viol = 0.166667, sep/add took 0.411/0.733248 sec. -----
8330 columns (8218 active), 920 dyn. constrs. (374 active), 2498 art. vars. (614 active)
<DWph=2> <it=  4> <et=13.51> <Mt= 0.07> <Spt= 0.06> <nCl= 18> <DB= 4408.8767> <Mlp= 4408.8767> <PB=20563.8> 
<DWph=1> <it=  7> <et=13.57> <Mt= 0.01> <Spt= 0.05> <nCl= 21> <DB= 4408.8557> <Mlp= 4408.8557> <PB=20563.8> 
<DWph=0> <it= 10> <et=13.65> <Mt= 0.02> <Spt= 0.07> <nCl= 83> <DB= 4358.8723> <Mlp= 4408.8423> <PB=20563.8> 
<DWph=0> <it= 11> <et=13.70> <Mt= 0.00> <Spt= 0.04> <nCl= 55> <DB= 4408.8423> <Mlp= 4408.8423> <PB=20563.8> 
ColGenEvalAlg final dual bound: 4408.84 (rounded: 4408.84)
----- Cut generation is stopped due to tailing off -----
**** Strong branching phase 1 is started *****
SB phase 1 cand.  1 branch on var x[(115, 0)]_0_13681_0_OspV (lhs=0.4789) : [ 4409.2719,  4410.5200], score = 0.72      <et=13.9>
SB phase 1 cand.  2 branch on var x[(115, 18)]_0_13699_0_OspV (lhs=0.5211): [ 4409.2719,  4410.5200], score = 0.72      <et=13.96>
SB phase 1 cand.  3 branch on var x[(18, 0)]_0_2041_0_OspV (lhs=0.5352)   : [ 4409.6727,  4409.9021], score = 0.88      <et=14.04>
SB phase 1 cand.  6 branch on var x[(78, 15)]_0_9256_0_OspV (lhs=0.5352)  : [ 4409.3654,  4410.5200], score = 0.88      <et=14.21>
SB phase 1 cand.  7 branch on var x[(78, 18)]_0_9259_0_OspV (lhs=0.4648)  : [ 4409.3654,  4410.5200], score = 0.88      <et=14.26>
SB phase 1 cand. 13 branch on var x[(18, 15)]_0_2056_0_OspV (lhs=0.3944)  : [ 4409.5591,  4410.1799], score = 0.96      <et=14.64>
SB phase 1 cand. 24 branch on var x[(46, 78)]_0_5478_0_OspV (lhs=0.6620)  : [ 4410.2321,  4411.7380], score = 4.02      <et=15.47>
SB phase 1 cand. 30 branch on var x[(0, 103)]_0_12240_0_OspV (lhs=0.7324) : [ 4410.4767,  4413.1205], score = 6.99      <et=15.87>
SB phase 1 cand. 31 branch on var x[(0, 48)]_0_5640_0_OspV (lhs=0.2676)   : [ 4410.4767,  4413.2516], score = 7.21      <et=15.97>
SB phase 1 cand. 32 branch on var x[(103, 48)]_0_12289_0_OspV (lhs=0.7324): [ 4410.4767,  4413.2516], score = 7.21      <et=16.08>
SB phase 1 cand. 33 branch on var x[(103, 78)]_0_12319_0_OspV (lhs=0.2676): [ 4410.4524,  4416.3361], score = 12.07      <et=16.17>
**** Strong branching phase 2 is started *****
<DWph=1> <it= 16> <et=17.47> <Mt= 0.05> <Spt= 0.20> <nCl= 83> <DB= 4416.0117> <Mlp= 4416.0117> <PB=20563.8> 
<DWph=1> <it= 12> <et=17.76> <Mt= 0.04> <Spt= 0.21> <nCl= 66> <DB= 4410.1875> <Mlp= 4410.1875> <PB=20563.8> 
SB phase 2 cand.  1 branch on var x[(103, 78)]_0_12319_0_OspV (lhs=0.2676): [ 4410.1875,  4416.0117], score = 9.64      <et=17.77>
<DWph=1> <it=  8> <et=18.03> <Mt= 0.05> <Spt= 0.17> <nCl= 88> <DB= 4409.0614> <Mlp= 4409.0614> <PB=20563.8> 
<DWph=1> <it= 12> <et=18.36> <Mt= 0.07> <Spt= 0.20> <nCl=140> <DB= 4409.0563> <Mlp= 4409.0563> <PB=20563.8> 
SB phase 2 cand.  2 branch on var x[(0, 48)]_0_5640_0_OspV (lhs=0.2676)   : [ 4409.0563,  4409.0614], score = 0.05      <et=18.37>
<DWph=1> <it=  4> <et=18.54> <Mt= 0.04> <Spt= 0.10> <nCl= 34> <DB= 4409.0614> <Mlp= 4409.0614> <PB=20563.8> 
<DWph=1> <it= 17> <et=19.02> <Mt= 0.11> <Spt= 0.30> <nCl=142> <DB= 4410.3250> <Mlp= 4410.3250> <PB=20563.8> 
SB phase 2 cand.  3 branch on var x[(103, 48)]_0_12289_0_OspV (lhs=0.7324): [ 4409.0614,  4410.3250], score = 0.32      <et=19.03>
**** Strong branching phase 3 is started *****
**** SB phase 3 evaluation of candidate 1, branch 1 ( x[(103, 78)]_0_12319_0_OspV >= 1 ), value = 4416.01
<DWph=2> <it=  1> <et=19.10> <Mt= 0.00> <Spt= 0.03> <nCl=  0> <DB= 4416.0117> <Mlp= 4416.0117> <PB=20563.8> 
<DWph=1> <it=  2> <et=19.13> <Mt= 0.01> <Spt= 0.02> <nCl=  0> <DB= 4416.0117> <Mlp= 4416.0117> <PB=20563.8> 
<DWph=0> <it=  6> <et=19.22> <Mt= 0.01> <Spt= 0.08> <nCl=234> <DB= 4415.7286> <Mlp= 4415.7286> <PB=20563.8> 
ColGenEvalAlg final dual bound: 4415.73 (rounded: 4415.73)
----- Add fac. cuts : CAP(21) R1C(155), max.viol = 0.571429, aver.viol = 0.169643, sep/add took 0.00940611/0.402592 sec. -----
9182 columns (8712 active), 215 dyn. constrs. (204 active), 459 art. vars. (444 active)
<DWph=2> <it= 10> <et=19.97> <Mt= 0.14> <Spt= 0.19> <nCl= 56> <DB= 4396.0265> <Mlp= 4417.6333> <PB=20563.8> 
<DWph=2> <it= 12> <et=20.04> <Mt= 0.00> <Spt= 0.05> <nCl=  6> <DB= 4417.6333> <Mlp= 4417.6333> <PB=20563.8> 
<DWph=1> <it= 14> <et=20.09> <Mt= 0.01> <Spt= 0.05> <nCl= 14> <DB= 4417.6333> <Mlp= 4417.6333> <PB=20563.8> 
<DWph=0> <it= 17> <et=20.19> <Mt= 0.01> <Spt= 0.09> <nCl=131> <DB= 4417.6000> <Mlp= 4417.6000> <PB=20563.8> 
ColGenEvalAlg final dual bound: 4417.6 (rounded: 4417.6)
----- Add fac. cuts : CAP(8) R1C(344), max.viol = 0.583333, aver.viol = 0.181345, sep/add took 0.199171/0.826168 sec. -----
9389 columns (8919 active), 567 dyn. constrs. (390 active), 811 art. vars. (630 active)
<DWph=2> <it= 10> <et=21.94> <Mt= 0.47> <Spt= 0.24> <nCl= 94> <DB= 4415.4582> <Mlp= 4419.4248> <PB=20563.8> 
<DWph=2> <it= 11> <et=21.97> <Mt= 0.00> <Spt= 0.03> <nCl=  0> <DB= 4419.4248> <Mlp= 4419.4248> <PB=20563.8> 
<DWph=1> <it= 18> <et=22.23> <Mt= 0.08> <Spt= 0.17> <nCl= 89> <DB= 4419.3500> <Mlp= 4419.3500> <PB=20563.8> 
<DWph=0> <it= 20> <et=22.35> <Mt= 0.02> <Spt= 0.10> <nCl=267> <DB= 4310.6184> <Mlp= 4419.1755> <PB=20563.8> 
<DWph=0> <it= 23> <et=22.51> <Mt= 0.03> <Spt= 0.13> <nCl=197> <DB= 4419.0978> <Mlp= 4419.0978> <PB=20563.8> 
ColGenEvalAlg final dual bound: 4419.1 (rounded: 4419.1)
----- Add fac. cuts : CAP(9) R1C(451), max.viol = 0.580193, aver.viol = 0.378713, sep/add took 0.483281/1.23687 sec. -----
10036 columns (9566 active), 864 dyn. constrs. (512 active), 1271 art. vars. (752 active)
<DWph=2> <it=  4> <et=24.56> <Mt= 0.16> <Spt= 0.11> <nCl= 19> <DB= 4420.8304> <Mlp= 4420.8304> <PB=20563.8> 
<DWph=1> <it= 10> <et=24.84> <Mt= 0.13> <Spt= 0.15> <nCl= 52> <DB= 4372.6765> <Mlp= 4420.2765> <PB=20563.8> 
<DWph=1> <it= 11> <et=24.88> <Mt= 0.01> <Spt= 0.03> <nCl=  3> <DB= 4420.2761> <Mlp= 4420.2761> <PB=20563.8> 
----- Add core cuts : CAP(2), max.viol = 1, aver.viol = 1, sep/add took 0.00121446/0.0145426 sec. -----
----- Add core cuts : CAP(2), max.viol = 1, aver.viol = 1, sep/add took 0.00117879/0.0123228 sec. -----
<DWph=0> <it= 20> <et=25.72> <Mt= 0.45> <Spt= 0.36> <nCl=439> <DB= 4412.4112> <Mlp= 4419.9024> <PB=20563.8> 
<DWph=0> <it= 21> <et=25.84> <Mt= 0.01> <Spt= 0.08> <nCl= 96> <DB= 4419.9020> <Mlp= 4419.9020> <PB=20563.8> 
ColGenEvalAlg final dual bound: 4419.9 (rounded: 4419.9)
----- Add fac. cuts : CAP(3) R1C(507), max.viol = 0.152318, aver.viol = 0.0962343, sep/add took 0.64651/1.15313 sec. -----
10239 columns (6748 active), 1041 dyn. constrs. (572 active), 1785 art. vars. (812 active)
<DWph=2> <it=  3> <et=27.92> <Mt= 0.11> <Spt= 0.11> <nCl= 40> <DB= 4420.1680> <Mlp= 4420.1680> <PB=20563.8> 
<DWph=1> <it=  6> <et=28.51> <Mt= 0.49> <Spt= 0.09> <nCl= 51> <DB= 4396.3514> <Mlp= 4420.1514> <PB=20563.8> 
<DWph=0> <it= 10> <et=28.92> <Mt= 0.19> <Spt= 0.22> <nCl=276> <DB= 4417.8671> <Mlp= 4420.1514> <PB=20563.8> 
<DWph=0> <it= 11> <et=29.02> <Mt= 0.01> <Spt= 0.09> <nCl= 99> <DB= 4420.1514> <Mlp= 4420.1514> <PB=20563.8> 
ColGenEvalAlg final dual bound: 4420.15 (rounded: 4420.15)
----- Add fac. cuts : CAP(1) R1C(482), max.viol = 0.0841121, aver.viol = 0.044736, sep/add took 0.569904/1.03309 sec. -----
10705 columns (7214 active), 1072 dyn. constrs. (576 active), 2268 art. vars. (816 active)
<DWph=2> <it=  1> <et=30.86> <Mt= 0.10> <Spt= 0.05> <nCl= 21> <DB= 4420.2756> <Mlp= 4420.2756> <PB=20563.8> 
<DWph=1> <it=  7> <et=31.11> <Mt= 0.07> <Spt= 0.17> <nCl= 61> <DB= 4420.2550> <Mlp= 4420.2550> <PB=20563.8> 
<DWph=0> <it= 10> <et=31.35> <Mt= 0.03> <Spt= 0.21> <nCl=252> <DB= 4420.2303> <Mlp= 4420.2303> <PB=20563.8> 
ColGenEvalAlg final dual bound: 4420.23 (rounded: 4420.23)
----- Add fac. cuts : R1C(371), max.viol = 0.0989057, aver.viol = 0.0367469, sep/add took 0.732778/0.83517 sec. -----
11039 columns (7548 active), 964 dyn. constrs. (433 active), 2639 art. vars. (673 active)
<DWph=2> <it=  4> <et=33.25> <Mt= 0.12> <Spt= 0.09> <nCl= 18> <DB= 4420.3066> <Mlp= 4420.3066> <PB=20563.8> 
<DWph=1> <it=  6> <et=33.32> <Mt= 0.01> <Spt= 0.06> <nCl= 20> <DB= 4420.3031> <Mlp= 4420.3031> <PB=20563.8> 
<DWph=0> <it= 10> <et=33.53> <Mt= 0.03> <Spt= 0.17> <nCl=145> <DB= 4420.2948> <Mlp= 4420.2948> <PB=20563.8> 
ColGenEvalAlg final dual bound: 4420.29 (rounded: 4420.29)
----- Cut generation is stopped due to tailing off -----
**** SB phase 3 evaluation of candidate 1, branch 2 ( x[(103, 78)]_0_12319_0_OspV <= 0 ), value = 4410.19
<DWph=2> <it=  1> <et=33.82> <Mt= 0.02> <Spt= 0.03> <nCl=  7> <DB= 4410.1875> <Mlp= 4410.1875> <PB=20563.8> 
<DWph=1> <it=  2> <et=33.85> <Mt= 0.00> <Spt= 0.03> <nCl=  3> <DB= 4258.4625> <Mlp= 4410.1875> <PB=20563.8> 
<DWph=0> <it=  8> <et=34.05> <Mt= 0.05> <Spt= 0.16> <nCl=174> <DB= 4410.1875> <Mlp= 4410.1875> <PB=20563.8> 
ColGenEvalAlg final dual bound: 4410.19 (rounded: 4410.19)
----- Add fac. cuts : CAP(2) R1C(151), max.viol = 0.25, aver.viol = 0.212418, sep/add took 0.00423549/0.334743 sec. -----
11370 columns (8645 active), 251 dyn. constrs. (185 active), 491 art. vars. (425 active)
<DWph=2> <it=  9> <et=34.85> <Mt= 0.23> <Spt= 0.20> <nCl= 34> <DB= 4347.0167> <Mlp= 4410.3500> <PB=20563.8> 
<DWph=2> <it=  9> <et=34.85> <Mt= 0.00> <Spt= 0.00> <nCl=  0> <DB= 4347.0167> <Mlp= 4410.3500> <PB=20563.8> 
<DWph=1> <it= 10> <et=34.89> <Mt= 0.00> <Spt= 0.04> <nCl= 20> <DB= 4410.3500> <Mlp= 4410.3500> <PB=20563.8> 
<DWph=0> <it= 18> <et=35.35> <Mt= 0.19> <Spt= 0.28> <nCl=411> <DB= 4410.3000> <Mlp= 4410.3000> <PB=20563.8> 
ColGenEvalAlg final dual bound: 4410.3 (rounded: 4410.3)
----- Add fac. cuts : CAP(1) R1C(208), max.viol = 0.25, aver.viol = 0.25, sep/add took 0.135642/0.523773 sec. -----
11835 columns (9110 active), 460 dyn. constrs. (262 active), 700 art. vars. (502 active)
<DWph=2> <it=  8> <et=36.28> <Mt= 0.06> <Spt= 0.18> <nCl= 21> <DB= 4410.5714> <Mlp= 4410.5714> <PB=20563.8> 
<DWph=1> <it=  9> <et=36.31> <Mt= 0.00> <Spt= 0.04> <nCl=  2> <DB= 4410.5714> <Mlp= 4410.5714> <PB=20563.8> 
<DWph=0> <it= 10> <et=36.34> <Mt= 0.00> <Spt= 0.03> <nCl= 31> <DB= 4327.2714> <Mlp= 4410.5714> <PB=20563.8> 
<DWph=0> <it= 18> <et=36.67> <Mt= 0.07> <Spt= 0.25> <nCl=325> <DB= 4410.4000> <Mlp= 4410.4000> <PB=20563.8> 
ColGenEvalAlg final dual bound: 4410.4 (rounded: 4410.4)
----- Add fac. cuts : R1C(342), max.viol = 0.5, aver.viol = 0.5, sep/add took 0.209054/0.910755 sec. -----
12214 columns (9489 active), 673 dyn. constrs. (375 active), 1042 art. vars. (615 active)
<DWph=2> <it=  6> <et=38.05> <Mt= 0.07> <Spt= 0.16> <nCl= 13> <DB= 4410.6000> <Mlp= 4410.6000> <PB=20563.8> 
<DWph=1> <it=  7> <et=38.09> <Mt= 0.00> <Spt= 0.03> <nCl=  2> <DB= 4410.6000> <Mlp= 4410.6000> <PB=20563.8> 
<DWph=0> <it=  9> <et=38.18> <Mt= 0.01> <Spt= 0.09> <nCl= 48> <DB= 4410.6000> <Mlp= 4410.6000> <PB=20563.8> 
ColGenEvalAlg final dual bound: 4410.6 (rounded: 4410.6)
----- Add fac. cuts : R1C(551), max.viol = 0.25, aver.viol = 0.127042, sep/add took 0.532337/1.44129 sec. -----
12277 columns (9552 active), 997 dyn. constrs. (587 active), 1593 art. vars. (827 active)
<DWph=2> <it=  1> <et=40.26> <Mt= 0.03> <Spt= 0.03> <nCl=  1> <DB= 4410.9000> <Mlp= 4410.9000> <PB=20563.8> 
<DWph=1> <it=  4> <et=40.38> <Mt= 0.02> <Spt= 0.10> <nCl= 15> <DB= 4410.9000> <Mlp= 4410.9000> <PB=20563.8> 
<DWph=0> <it=  7> <et=40.51> <Mt= 0.02> <Spt= 0.11> <nCl= 46> <DB= 4410.9000> <Mlp= 4410.9000> <PB=20563.8> 
ColGenEvalAlg final dual bound: 4410.9 (rounded: 4410.9)
----- Add fac. cuts : R1C(190), max.viol = 0.25, aver.viol = 0.25, sep/add took 0.361723/0.6667 sec. -----
12339 columns (9614 active), 848 dyn. constrs. (239 active), 1783 art. vars. (479 active)
<DWph=2> <it=  3> <et=41.71> <Mt= 0.03> <Spt= 0.08> <nCl=  8> <DB= 4410.9000> <Mlp= 4410.9000> <PB=20563.8> 
<DWph=1> <it=  6> <et=41.82> <Mt= 0.01> <Spt= 0.10> <nCl= 10> <DB= 4410.9000> <Mlp= 4410.9000> <PB=20563.8> 
<DWph=0> <it=  7> <et=41.82> <Mt= 0.01> <Spt= 0.00> <nCl=  0> <DB= 4410.9000> <Mlp= 4410.9000> <PB=20563.8> 
<DWph=0> <it=  7> <et=41.82> <Mt= 0.00> <Spt= 0.00> <nCl=  0> <DB= 4410.9000> <Mlp= 4410.9000> <PB=20563.8> 
ColGenEvalAlg final dual bound: 4410.9 (rounded: 4410.9)
----- Add fac. cuts : R1C(248), max.viol = 0.25, aver.viol = 0.25, sep/add took 0.353687/0.726165 sec. -----
12357 columns (9632 active), 1096 dyn. constrs. (487 active), 2031 art. vars. (727 active)
<DWph=2> <it=  1> <et=42.96> <Mt= 0.01> <Spt= 0.02> <nCl=  0> <DB= 4410.9000> <Mlp= 4410.9000> <PB=20563.8> 
<DWph=1> <it=  2> <et=43.00> <Mt= 0.00> <Spt= 0.04> <nCl=  0> <DB= 4410.9000> <Mlp= 4410.9000> <PB=20563.8> 
<DWph=0> <it=  3> <et=43.01> <Mt= 0.01> <Spt= 0.00> <nCl=  0> <DB= 4410.9000> <Mlp= 4410.9000> <PB=20563.8> 
<DWph=0> <it=  3> <et=43.01> <Mt= 0.00> <Spt= 0.00> <nCl=  0> <DB= 4410.9000> <Mlp= 4410.9000> <PB=20563.8> 
ColGenEvalAlg final dual bound: 4410.9 (rounded: 4410.9)
----- Cut generation is stopped due to tailing off -----
SB exact phase 3 branch on var x[(103, 78)]_0_12319_0_OspV (lhs=0.267606) : [4420.2948, 4410.9], tree depth = 1e+12, tree size = 1e+12, score = -0.1844
************************************************************************************************
**** BaB tree node (N° 3, parent N° 1, depth 1)
**** Local DB = 4410.9, global bounds : [ 4410.9 , 20563.8 ], TIME = 0h0m43s7t = 4307
**** 2 open nodes, 12357 columns (9632 active), 559 dyn. constrs. (487 active), 799 art. vars. (727 active)
************************************************************************************************
**** Strong branching phase 1 is started *****
SB phase 1 cand.  1 branch on var x[(103, 48)]_0_12289_0_OspV (lhs=0.7500): [ 4411.5420,  4421.6833], score = 6.92 (h)  <et=43.28>
SB phase 1 cand.  2 branch on colGenSp (11.2500)                          : [ 4410.9333,  4416.6000], score = 0.19      <et=44.06>
SB phase 1 cand.  3 branch on var x[(0, 48)]_0_5640_0_OspV (lhs=0.2500)   : [ 4411.5420,  4421.6833], score = 6.92 (h)  <et=44.26>
SB phase 1 cand.  4 branch on var x[(0, 103)]_0_12240_0_OspV (lhs=0.7500) : [ 4411.5420,  4421.6833], score = 6.92 (h)  <et=44.48>
SB phase 1 cand. 14 branch on var x[(78, 18)]_0_9259_0_OspV (lhs=0.5000)  : [ 4412.6000,  4415.3571], score = 7.58 (h)  <et=45.96>
**** Strong branching phase 2 is started *****
<DWph=1> <it= 22> <et=49.11> <Mt= 0.55> <Spt= 0.58> <nCl=129> <DB= 4413.5000> <Mlp= 4413.5000> <PB=20563.8> 
----- Add core cuts : CAP(2), max.viol = 1, aver.viol = 1, sep/add took 0.00123497/0.0127387 sec. -----
<DWph=1> <it= 29> <et=53.54> <Mt= 3.53> <Spt= 0.80> <nCl=310> <DB= 4411.0000> <Mlp= 4411.0000> <PB=4411> 
SB phase 2 cand.  1 branch on var x[(78, 18)]_0_9259_0_OspV (lhs=0.5000) : [ 4411.0000,  4413.5000], score = 0.26 (h)  <et=53.55>
<DWph=1> <it=  6> <et=55.22> <Mt= 1.41> <Spt= 0.20> <nCl= 98> <DB= 4411.1250> <Mlp= 4411.1250> <PB=4411> 
<DWph=1> <it= 22> <et=61.69> <Mt= 5.74> <Spt= 0.65> <nCl=248> <DB= 4411.0000> <Mlp= 4411.0000> <PB=4411> 
SB phase 2 cand.  2 branch on var x[(0, 103)]_0_12240_0_OspV (lhs=0.7500): [ 4411.0000,  4411.1250], score = 0.02 (h)  <et=61.7>
<DWph=1> <it= 11> <et=64.43> <Mt= 2.31> <Spt= 0.36> <nCl=140> <DB= 4411.1250> <Mlp= 4411.1250> <PB=4411> 
<DWph=1> <it= 15> <et=66.13> <Mt= 1.22> <Spt= 0.41> <nCl=131> <DB= 4411.0000> <Mlp= 4411.0000> <PB=4411> 
SB phase 2 cand.  3 branch on var x[(0, 48)]_0_5640_0_OspV (lhs=0.2500)  : [ 4411.0000,  4411.1250], score = 0.02 (h)  <et=66.15>
**** Strong branching phase 3 is started *****
**** SB phase 3 evaluation of candidate 1, branch 1 ( x[(78, 18)]_0_9259_0_OspV >= 1 ), value = 4413.5
<DWph=2> <it=  1> <et=66.25> <Mt= 0.01> <Spt= 0.03> <nCl=  0> <DB= 4413.5000> <Mlp= 4413.5000> <PB=4411> 
<DWph=1> <it=  2> <et=66.30> <Mt= 0.00> <Spt= 0.04> <nCl=  0> <DB= 4413.5000> <Mlp= 4413.5000> <PB=4411> 
<DWph=0> <it=  6> <et=66.56> <Mt= 0.04> <Spt= 0.21> <nCl=212> <DB= 4413.4000> <Mlp= 4413.4000> <PB=4411> 
ColGenEvalAlg final dual bound: 4413.4 (rounded: 4413.4)
**** SB phase 3 evaluation of candidate 1, branch 2 ( x[(78, 18)]_0_9259_0_OspV <= 0 ), value = 4411
<DWph=2> <it=  5> <et=68.48> <Mt= 1.63> <Spt= 0.16> <nCl= 77> <DB= 4397.7956> <Mlp= 4411.0000> <PB=4411> 
<DWph=1> <it= 10> <et=68.69> <Mt= 0.04> <Spt= 0.17> <nCl= 54> <DB= 4389.6120> <Mlp= 4411.0000> <PB=4411> 
<DWph=1> <it= 13> <et=68.82> <Mt= 0.02> <Spt= 0.11> <nCl= 25> <DB= 4411.0000> <Mlp= 4411.0000> <PB=4411> 
<DWph=0> <it= 18> <et=69.09> <Mt= 0.05> <Spt= 0.21> <nCl=216> <DB= 4411.0000> <Mlp= 4411.0000> <PB=4411> 
ColGenEvalAlg final dual bound: 4411 (rounded: 4411)
 SB phase 3 candidate 1 is conquered !
New model incumbent solution 4411, TIME = 0h1m9s11t = 6911
************************************************************************************************
Search is finished, global bounds : [ 4411 , 4411 ], TIME = 0h1m9s11t = 6911
************************************************************************************************
[32mBaPCod : solution defined.[00m
statistics_cols: instance & :Optimal & cutoff & :bcRecRootDb & :bcTimeRootEval & :bcCountNodeProc & :bcRecBestDb & :bcRecBestInc & :bcTimeMain \\
statistics: instance_36-triangle & 1 & 20563.8 & 4408.84 & 13.81 & 5 & 4411.00 & 4411.00 & 69.11 \\
########################################################
Route #1: 3 68 32 117 38 119 83 9 21 64 60 96 46 78 
Route #2: 7 91 82 118 73 44 72 4 74 53 8 
Route #3: 52 89 30 6 75 29 112 51 93 
Route #4: 59 67 25 105 47 79 111 77 97 33 37 20 
Route #5: 61 10 2 94 12 26 24 13 55 57 36 
Route #6: 70 40 69 11 99 108 101 81 92 76 115 18 15 43 
Route #7: 90 102 113 1 35 31 100 87 88 5 
Route #8: 98 66 19 63 86 17 58 39 80 85 65 71 
Route #9: 103 48 54 16 56 
Route #10: 107 41 14 104 95 45 27 109 62 42 49 84 106 
Route #11: 114 110 28 23 50 116 22 34 
Cost 4410.999999999999
########################################################

end_time=2026-04-22 13:50:33
exit_code=0
