instance_json=pilot_json/instance_12-triangle.json
instance_log=../VRPRDL-triangle/logs_vrptw_convertidos/instance_12-triangle.log
alpha_wait=0.0
start_time=2026-04-29 17:09:33

========================================
Instância       : instance_12-triangle.txt
JSON            : pilot_json/instance_12-triangle.json
VRPSolver log   : ../VRPRDL-triangle/logs_vrptw_convertidos/instance_12-triangle.log
n_customers     : 30
n_locations     : 119
time_horizon    : 720
capacity        : 750
alpha_wait      : 0.0
========================================
[vrpsolver] backbones lidos: 5
[pool] rotas do VRPSolver/variantes: 5
[pool] singletons viáveis           : 30 / 30
[pool] total inicial                : 35
[cg] it=  1  LP=6635.0000  cols=35  new=0  rc_min=0.0000  pricing=bucket_graph
[cg] LP bound = 6635.0  |  resolvendo MIP com 35 colunas...
========================================
CG finalizado.
status MIP      : OPTIMAL
LP bound        : 6635.0
MIP objetivo    : 6635.0
veículos usados : 23
tempo total     : 117.08 s
========================================
Rotas selecionadas:
  Route #1  travel= 410  wait=302  cost=410.00  demand=302
      customers: 13 26 19 8 1 14
      locations: 49 99 76 33 3 55
  Route #2  travel= 671  wait=  6  cost=671.00  demand=125
      customers: 24 18 4
      locations: 88 70 16
  Route #3  travel= 114  wait=374  cost=114.00  demand=70
      customers: 2
      locations: 6
  Route #4  travel= 552  wait=  0  cost=552.00  demand=66
      customers: 3
      locations: 10
  Route #5  travel=  86  wait=  0  cost=86.00  demand=28
      customers: 5
      locations: 17
  Route #6  travel= 164  wait=  0  cost=164.00  demand=75
      customers: 6
      locations: 20
  Route #7  travel= 170  wait=505  cost=170.00  demand=55
      customers: 7
      locations: 28
  Route #8  travel= 330  wait= 84  cost=330.00  demand=65
      customers: 9
      locations: 35
  Route #9  travel= 114  wait=  0  cost=114.00  demand=59
      customers: 10
      locations: 38
  Route #10  travel= 284  wait=  0  cost=284.00  demand=48
      customers: 11
      locations: 43
  Route #11  travel= 534  wait=  0  cost=534.00  demand=51
      customers: 12
      locations: 46
  Route #12  travel=  72  wait=576  cost=72.00  demand=49
      customers: 15
      locations: 60
  Route #13  travel= 476  wait=207  cost=476.00  demand=50
      customers: 16
      locations: 64
  Route #14  travel= 682  wait=  0  cost=682.00  demand=60
      customers: 17
      locations: 67
  Route #15  travel= 146  wait=111  cost=146.00  demand=53
      customers: 20
      locations: 80
  Route #16  travel=  50  wait=  0  cost=50.00  demand=66
      customers: 21
      locations: 83
  Route #17  travel= 530  wait=  0  cost=530.00  demand=42
      customers: 22
      locations: 84
  Route #18  travel= 186  wait=  0  cost=186.00  demand=56
      customers: 23
      locations: 85
  Route #19  travel= 256  wait=461  cost=256.00  demand=69
      customers: 25
      locations: 95
  Route #20  travel= 114  wait=  0  cost=114.00  demand=32
      customers: 27
      locations: 101
  Route #21  travel=  12  wait=  0  cost=12.00  demand=16
      customers: 28
      locations: 105
  Route #22  travel= 514  wait=166  cost=514.00  demand=56
      customers: 29
      locations: 112
  Route #23  travel= 168  wait=415  cost=168.00  demand=75
      customers: 30
      locations: 116

end_time=2026-04-29 17:11:30
