========================================
[batch] instâncias  : 40
[batch] json_dir    : /mnt/c/Users/porin/OneDrive/Documentos/Python-Mestrado/Modelagem Matemática/Programação Inteira - Uchoa/Problema VRPRDL/instancias_turco/VRPRDL-triangle/json_convertidos
[batch] vrps_logs   : /mnt/c/Users/porin/OneDrive/Documentos/Python-Mestrado/Modelagem Matemática/Programação Inteira - Uchoa/Problema VRPRDL/instancias_turco/VRPRDL-triangle/logs_vrp_convertidos
[batch] out_logs    : /mnt/c/Users/porin/OneDrive/Documentos/Python-Mestrado/Modelagem Matemática/Programação Inteira - Uchoa/Problema VRPRDL/instancias_turco/vrprdl_cg/logs_cg
[batch] alpha_wait  : 0.0
========================================
[1/40] instance_0-triangle ... OK  LP=3538.00  MIP=3538.00  veh=15  cols=15  iters=1  t=3.74s
[2/40] instance_1-triangle ... OK  LP=4436.00  MIP=4436.00  veh=15  cols=15  iters=1  t=0.24s
[3/40] instance_10-triangle ... OK  LP=9284.00  MIP=9284.00  veh=30  cols=30  iters=1  t=0.14s
[4/40] instance_11-triangle ... OK  LP=8286.00  MIP=8286.00  veh=30  cols=30  iters=1  t=0.07s
[5/40] instance_12-triangle ... OK  LP=7624.00  MIP=7624.00  veh=29  cols=31  iters=1  t=0.12s
[6/40] instance_13-triangle ... OK  LP=6860.00  MIP=6860.00  veh=30  cols=30  iters=1  t=0.07s
[7/40] instance_14-triangle ... OK  LP=8245.00  MIP=8245.00  veh=28  cols=34  iters=1  t=0.37s
[8/40] instance_15-triangle ... OK  LP=8516.00  MIP=8516.00  veh=30  cols=30  iters=1  t=0.07s
[9/40] instance_16-triangle ... OK  LP=8530.00  MIP=8530.00  veh=30  cols=30  iters=1  t=0.18s
[10/40] instance_17-triangle ... OK  LP=9397.00  MIP=9397.00  veh=28  cols=34  iters=1  t=0.07s
[11/40] instance_18-triangle ... OK  LP=9030.00  MIP=9030.00  veh=30  cols=30  iters=1  t=0.13s
[12/40] instance_19-triangle ... OK  LP=8050.00  MIP=8050.00  veh=30  cols=30  iters=1  t=0.04s
[13/40] instance_2-triangle ... OK  LP=3602.00  MIP=3602.00  veh=15  cols=15  iters=1  t=0.05s
[14/40] instance_20-triangle ... OK  LP=17926.00  MIP=17926.00  veh=60  cols=60  iters=1  t=0.44s
[15/40] instance_21-triangle ... OK  LP=16740.00  MIP=16740.00  veh=60  cols=60  iters=1  t=0.30s
[16/40] instance_22-triangle ... OK  LP=18410.00  MIP=18410.00  veh=58  cols=64  iters=1  t=0.37s
[17/40] instance_23-triangle ... OK  LP=19676.00  MIP=19676.00  veh=59  cols=61  iters=1  t=0.50s
[18/40] instance_24-triangle ... OK  LP=16410.00  MIP=16410.00  veh=60  cols=60  iters=1  t=0.43s
[19/40] instance_25-triangle ... OK  LP=21022.00  MIP=21022.00  veh=59  cols=61  iters=1  t=0.39s
[20/40] instance_26-triangle ... OK  LP=19392.00  MIP=19392.00  veh=60  cols=60  iters=1  t=0.29s
[21/40] instance_27-triangle ... OK  LP=16540.00  MIP=16540.00  veh=53  cols=62  iters=1  t=0.26s
[22/40] instance_28-triangle ... OK  LP=19672.00  MIP=19672.00  veh=60  cols=60  iters=1  t=0.36s
[23/40] instance_29-triangle ... OK  LP=20728.00  MIP=20728.00  veh=60  cols=60  iters=1  t=0.68s
[24/40] instance_3-triangle ... OK  LP=3672.00  MIP=3672.00  veh=15  cols=15  iters=1  t=0.05s
[25/40] instance_30-triangle ... OK  LP=32546.00  MIP=32546.00  veh=120  cols=120  iters=1  t=0.94s
[26/40] instance_31-triangle ... OK  LP=35910.00  MIP=35910.00  veh=119  cols=121  iters=1  t=1.45s
[27/40] instance_32-triangle ... OK  LP=31569.00  MIP=31569.00  veh=112  cols=122  iters=1  t=1.27s
[28/40] instance_33-triangle ... OK  LP=34550.00  MIP=34550.00  veh=110  cols=121  iters=1  t=0.97s
[29/40] instance_34-triangle ... OK  LP=32211.00  MIP=32211.00  veh=109  cols=122  iters=1  t=3.08s
[30/40] instance_35-triangle ... OK  LP=40522.00  MIP=40522.00  veh=109  cols=125  iters=1  t=1.89s
[31/40] instance_36-triangle ... OK  LP=35712.00  MIP=35712.00  veh=120  cols=120  iters=1  t=2.11s
[32/40] instance_37-triangle ... OK  LP=37210.00  MIP=37210.00  veh=113  cols=126  iters=1  t=1.10s
[33/40] instance_38-triangle ... OK  LP=37252.00  MIP=37252.00  veh=117  cols=125  iters=1  t=0.75s
[34/40] instance_39-triangle ... OK  LP=34348.00  MIP=34348.00  veh=114  cols=122  iters=1  t=0.97s
[35/40] instance_4-triangle ... OK  LP=5806.00  MIP=5806.00  veh=15  cols=16  iters=1  t=0.04s
[36/40] instance_5-triangle ... OK  LP=4875.00  MIP=4875.00  veh=15  cols=24  iters=1  t=0.03s
[37/40] instance_6-triangle ... OK  LP=5510.00  MIP=5510.00  veh=20  cols=20  iters=1  t=0.21s
[38/40] instance_7-triangle ... OK  LP=5636.00  MIP=5636.00  veh=16  cols=25  iters=1  t=0.07s
[39/40] instance_8-triangle ... OK  LP=5270.00  MIP=5270.00  veh=20  cols=20  iters=1  t=0.06s
[40/40] instance_9-triangle ... OK  LP=6034.00  MIP=6034.00  veh=20  cols=20  iters=1  t=0.19s
========================================
[batch] OK=40  SKIP=0  ERR=0  total_time=24.8s
[batch] CSV agregado: /mnt/c/Users/porin/OneDrive/Documentos/Python-Mestrado/Modelagem Matemática/Programação Inteira - Uchoa/Problema VRPRDL/instancias_turco/vrprdl_cg/logs_cg/_summary.csv
========================================
