========================================
Bootstrapping VRPRDL_CG environment
project  = /mnt/c/Users/porin/OneDrive/Documentos/Python-Mestrado/Modelagem Matemática/Programação Inteira - Uchoa/Problema VRPRDL/instancias_turco/vrprdl_cg
julia    = 1.12.6
========================================
  Activating project at `/mnt/c/Users/porin/OneDrive/Documentos/Python-Mestrado/Modelagem Matemática/Programação Inteira - Uchoa/Problema VRPRDL/instancias_turco/vrprdl_cg`
    Updating registry at `~/.julia/registries/General.toml`
   Installed CEnum ────────────── v0.5.0
   Installed StructUtils ──────── v2.7.2
   Installed BenchmarkTools ───── v1.8.0
   Installed JSON ─────────────── v1.5.0
   Installed SpecialFunctions ─── v2.7.2
   Installed CPLEX ────────────── v1.1.1
   Installed MutableArithmetics ─ v1.7.1
    Updating `/mnt/c/Users/porin/OneDrive/Documentos/Python-Mestrado/Modelagem Matemática/Programação Inteira - Uchoa/Problema VRPRDL/instancias_turco/vrprdl_cg/Project.toml`
  [a076750e] + CPLEX v1.1.1
  [0f8b85d8] + JSON3 v1.14.3
  [4076af6c] + JuMP v1.30.0
  [b8f27783] + MathOptInterface v1.50.1
  [ade2ca70] ~ Dates ⇒ v1.11.0
  [de0858da] ~ Printf ⇒ v1.11.0
    Updating `/mnt/c/Users/porin/OneDrive/Documentos/Python-Mestrado/Modelagem Matemática/Programação Inteira - Uchoa/Problema VRPRDL/instancias_turco/vrprdl_cg/Manifest.toml`
  [6e4b80f9] + BenchmarkTools v1.8.0
  [fa961155] + CEnum v0.5.0
  [a076750e] + CPLEX v1.1.1
  [523fee87] + CodecBzip2 v0.8.5
  [944b1d66] + CodecZlib v0.7.8
  [bbf7d656] + CommonSubexpressions v0.3.1
  [34da2185] + Compat v4.18.1
  [163ba53b] + DiffResults v1.1.0
  [b552c78f] + DiffRules v1.15.1
  [ffbed154] + DocStringExtensions v0.9.5
  [f6369f11] + ForwardDiff v1.3.3
  [92d709cd] + IrrationalConstants v0.2.6
  [692b3bcd] + JLLWrappers v1.7.1
  [682c06a0] + JSON v1.5.0
  [0f8b85d8] + JSON3 v1.14.3
  [4076af6c] + JuMP v1.30.0
  [2ab3a3ac] + LogExpFunctions v0.3.29
  [1914dd2f] + MacroTools v0.5.16
  [b8f27783] + MathOptInterface v1.50.1
  [d8a4904e] + MutableArithmetics v1.7.1
  [77ba4419] + NaNMath v1.1.3
  [bac558e1] + OrderedCollections v1.8.1
  [69de0a69] + Parsers v2.8.3
  [aea7be01] + PrecompileTools v1.3.3
  [21216c6a] + Preferences v1.5.2
  [276daf66] + SpecialFunctions v2.7.2
  [1e83bf80] + StaticArraysCore v1.4.4
  [10745b16] + Statistics v1.11.1
  [856f2bd8] + StructTypes v1.11.0
  [ec057cc2] + StructUtils v2.7.2
  [3bb67fe8] + TranscodingStreams v0.11.3
  [6e34b625] + Bzip2_jll v1.0.9+0
  [efe28fd5] + OpenSpecFun_jll v0.5.6+0
  [56f22d72] + Artifacts v1.11.0
  [2a0f44e3] + Base64 v1.11.0
  [ade2ca70] ~ Dates ⇒ v1.11.0
  [b77e0a4c] + InteractiveUtils v1.11.0
  [ac6e5ff7] + JuliaSyntaxHighlighting v1.12.0
  [8f399da3] + Libdl v1.11.0
  [37e2e46d] + LinearAlgebra v1.12.0
  [56ddb016] + Logging v1.11.0
  [d6f4376e] + Markdown v1.11.0
  [a63ad114] + Mmap v1.11.0
  [de0858da] ~ Printf ⇒ v1.11.0
  [9abbd945] + Profile v1.11.0
  [9a3f8284] + Random v1.11.0
  [ea8e919c] + SHA v0.7.0
  [9e88b42a] + Serialization v1.11.0
  [2f01184e] + SparseArrays v1.12.0
  [f489334b] + StyledStrings v1.11.0
  [fa267f1f] + TOML v1.0.3
  [8dfed614] + Test v1.11.0
  [cf7118a7] + UUIDs v1.11.0
  [4ec0a83e] + Unicode v1.11.0
  [e66e0078] + CompilerSupportLibraries_jll v1.3.0+1
  [4536629a] + OpenBLAS_jll v0.3.29+0
  [05823500] + OpenLibm_jll v0.8.7+0
  [bea87d4a] + SuiteSparse_jll v7.8.3+2
  [83775a58] + Zlib_jll v1.3.1+2
  [8e850b90] + libblastrampoline_jll v5.15.0+0
    Building CPLEX → `~/.julia/scratchspaces/44cfe95a-1eb2-52ea-b672-e2afdf69b78f/36590867625f14e47196678cd2028b0956e2101d/build.log`
Precompiling packages...
   1482.9 ms  ✓ CEnum
   1662.6 ms  ✓ StructUtils
    490.1 ms  ✓ StructUtils → StructUtilsStaticArraysCoreExt
   2407.6 ms  ✓ SpecialFunctions
   3817.9 ms  ✓ MutableArithmetics
   3379.6 ms  ✓ JSON
   3421.8 ms  ✓ ForwardDiff
   3635.1 ms  ✓ BenchmarkTools
  24938.2 ms  ✓ MathOptInterface
   2312.6 ms  ✓ CPLEX
  14127.7 ms  ✓ JuMP
  11 dependencies successfully precompiled in 50 seconds. 45 already precompiled.

The following 1 direct dependency failed to precompile:

VRPRDL_CG 

Error: Missing source file for Base.PkgId(Base.UUID("6b1e1c77-7e46-4b3e-9a4f-5c11d7f9c001"), "VRPRDL_CG"[bootstrap] Pkg.instantiate() OK
  0 dependencies successfully precompiled in 0 seconds. 56 already precompiled.

[bootstrap][WARN] Pkg.precompile() falhou — seguindo assim mesmo.
PkgPrecompileError: The following 1 direct dependency failed to precompile:

VRPRDL_CG 

Error: Missing source file for Base.PkgId(Base.UUID("6b1e1c77-7e46-4b3e-9a4f-5c11d7f9c001"), "VRPRDL_CG"
[bootstrap] sanity-check (using JSON3, JuMP, CPLEX) ...
[bootstrap] pacotes carregados OK
[bootstrap] tudo pronto. Pode rodar o batch.
