instance_json=/mnt/c/Users/porin/OneDrive/Documentos/Python-Mestrado/Modelagem Matemática/Programação Inteira - Uchoa/Problema VRPRDL/instancias_turco/VRPRDL-triangle/json_convertidos/instance_28-triangle.json
instance_log=/mnt/c/Users/porin/OneDrive/Documentos/Python-Mestrado/Modelagem Matemática/Programação Inteira - Uchoa/Problema VRPRDL/instancias_turco/VRPRDL-triangle/logs_vrp_convertidos/instance_28-triangle.log
alpha_wait=0.0
start_time=2026-04-20 13:20:30

========================================
Instância       : instance_28-triangle.txt
JSON            : /mnt/c/Users/porin/OneDrive/Documentos/Python-Mestrado/Modelagem Matemática/Programação Inteira - Uchoa/Problema VRPRDL/instancias_turco/VRPRDL-triangle/json_convertidos/instance_28-triangle.json
VRPSolver log   : /mnt/c/Users/porin/OneDrive/Documentos/Python-Mestrado/Modelagem Matemática/Programação Inteira - Uchoa/Problema VRPRDL/instancias_turco/VRPRDL-triangle/logs_vrp_convertidos/instance_28-triangle.log
n_customers     : 60
n_locations     : 227
time_horizon    : 720
capacity        : 750
alpha_wait      : 0.0
========================================
[vrpsolver] backbones lidos: 4
[pool] rotas do VRPSolver/variantes: 0
[pool] singletons viáveis           : 60 / 60
[pool] total inicial                : 60
[cg] it=  1  LP=19672.0000  cols=60  new=0  rc_min=0.0000
[cg] LP bound = 19672.0  |  resolvendo MIP com 60 colunas...
========================================
CG finalizado.
status MIP      : OPTIMAL
LP bound        : 19672.0
MIP objetivo    : 19672.0
veículos usados : 60
tempo total     : 0.35 s
========================================
Rotas selecionadas:
  Route #1  travel= 264  wait= 73  cost=264.00  demand=55
      customers: 1
      locations: 3
  Route #2  travel= 192  wait=  0  cost=192.00  demand=52
      customers: 2
      locations: 6
  Route #3  travel=  38  wait=  0  cost=38.00  demand=84
      customers: 3
      locations: 7
  Route #4  travel= 202  wait=153  cost=202.00  demand=39
      customers: 4
      locations: 10
  Route #5  travel= 556  wait=  0  cost=556.00  demand=42
      customers: 5
      locations: 15
  Route #6  travel= 142  wait=420  cost=142.00  demand=43
      customers: 6
      locations: 21
  Route #7  travel= 158  wait=156  cost=158.00  demand=65
      customers: 7
      locations: 23
  Route #8  travel= 596  wait= 76  cost=596.00  demand=41
      customers: 8
      locations: 28
  Route #9  travel= 278  wait=138  cost=278.00  demand=45
      customers: 9
      locations: 33
  Route #10  travel= 408  wait=168  cost=408.00  demand=52
      customers: 10
      locations: 39
  Route #11  travel= 174  wait=327  cost=174.00  demand=43
      customers: 11
      locations: 44
  Route #12  travel= 498  wait=  0  cost=498.00  demand=50
      customers: 12
      locations: 46
  Route #13  travel= 198  wait=507  cost=198.00  demand=51
      customers: 13
      locations: 52
  Route #14  travel= 542  wait=  0  cost=542.00  demand=31
      customers: 14
      locations: 55
  Route #15  travel= 554  wait=  0  cost=554.00  demand=37
      customers: 15
      locations: 58
  Route #16  travel= 382  wait=119  cost=382.00  demand=64
      customers: 16
      locations: 60
  Route #17  travel=  22  wait=  0  cost=22.00  demand=82
      customers: 17
      locations: 62
  Route #18  travel=  64  wait=592  cost=64.00  demand=65
      customers: 18
      locations: 66
  Route #19  travel= 322  wait=321  cost=322.00  demand=51
      customers: 19
      locations: 72
  Route #20  travel=  42  wait=  0  cost=42.00  demand=72
      customers: 20
      locations: 74
  Route #21  travel= 354  wait= 37  cost=354.00  demand=45
      customers: 21
      locations: 76
  Route #22  travel= 332  wait=208  cost=332.00  demand=69
      customers: 22
      locations: 81
  Route #23  travel= 108  wait=  0  cost=108.00  demand=44
      customers: 23
      locations: 83
  Route #24  travel= 186  wait=  5  cost=186.00  demand=36
      customers: 24
      locations: 88
  Route #25  travel=  98  wait=223  cost=98.00  demand=65
      customers: 25
      locations: 92
  Route #26  travel= 348  wait=  0  cost=348.00  demand=31
      customers: 26
      locations: 95
  Route #27  travel= 612  wait=  0  cost=612.00  demand=23
      customers: 27
      locations: 97
  Route #28  travel=  92  wait=383  cost=92.00  demand=44
      customers: 28
      locations: 102
  Route #29  travel= 662  wait=  0  cost=662.00  demand=38
      customers: 29
      locations: 107
  Route #30  travel= 670  wait=  0  cost=670.00  demand=45
      customers: 30
      locations: 109
  Route #31  travel= 424  wait=  0  cost=424.00  demand=59
      customers: 31
      locations: 111
  Route #32  travel= 580  wait=  0  cost=580.00  demand=39
      customers: 32
      locations: 112
  Route #33  travel= 306  wait=338  cost=306.00  demand=55
      customers: 33
      locations: 114
  Route #34  travel= 260  wait=371  cost=260.00  demand=79
      customers: 34
      locations: 120
  Route #35  travel= 150  wait=424  cost=150.00  demand=41
      customers: 35
      locations: 125
  Route #36  travel= 136  wait=  0  cost=136.00  demand=48
      customers: 36
      locations: 127
  Route #37  travel=  28  wait=576  cost=28.00  demand=43
      customers: 37
      locations: 134
  Route #38  travel= 424  wait=  0  cost=424.00  demand=50
      customers: 38
      locations: 135
  Route #39  travel= 700  wait=  0  cost=700.00  demand=51
      customers: 39
      locations: 136
  Route #40  travel= 188  wait=453  cost=188.00  demand=38
      customers: 40
      locations: 140
  Route #41  travel=  10  wait=  0  cost=10.00  demand=18
      customers: 41
      locations: 141
  Route #42  travel= 322  wait=  0  cost=322.00  demand=63
      customers: 42
      locations: 146
  Route #43  travel= 598  wait= 18  cost=598.00  demand=36
      customers: 43
      locations: 150
  Route #44  travel= 292  wait=  0  cost=292.00  demand=49
      customers: 44
      locations: 155
  Route #45  travel= 528  wait= 60  cost=528.00  demand=59
      customers: 45
      locations: 160
  Route #46  travel= 704  wait=  0  cost=704.00  demand=62
      customers: 46
      locations: 162
  Route #47  travel= 394  wait= 95  cost=394.00  demand=28
      customers: 47
      locations: 166
  Route #48  travel= 566  wait=  1  cost=566.00  demand=52
      customers: 48
      locations: 171
  Route #49  travel= 310  wait=148  cost=310.00  demand=60
      customers: 49
      locations: 176
  Route #50  travel= 426  wait=  0  cost=426.00  demand=41
      customers: 50
      locations: 178
  Route #51  travel= 102  wait=375  cost=102.00  demand=56
      customers: 51
      locations: 181
  Route #52  travel= 508  wait=  0  cost=508.00  demand=26
      customers: 52
      locations: 185
  Route #53  travel= 352  wait=105  cost=352.00  demand=66
      customers: 53
      locations: 189
  Route #54  travel= 204  wait=275  cost=204.00  demand=37
      customers: 54
      locations: 195
  Route #55  travel= 174  wait=439  cost=174.00  demand=27
      customers: 55
      locations: 201
  Route #56  travel= 128  wait=531  cost=128.00  demand=23
      customers: 56
      locations: 206
  Route #57  travel= 580  wait=125  cost=580.00  demand=52
      customers: 57
      locations: 209
  Route #58  travel= 710  wait=  0  cost=710.00  demand=39
      customers: 58
      locations: 214
  Route #59  travel= 354  wait= 98  cost=354.00  demand=28
      customers: 59
      locations: 218
  Route #60  travel= 120  wait=336  cost=120.00  demand=65
      customers: 60
      locations: 223

end_time=2026-04-20 13:20:30
