instance_json=/mnt/c/Users/porin/OneDrive/Documentos/Python-Mestrado/Modelagem Matemática/Programação Inteira - Uchoa/Problema VRPRDL/instancias_turco/VRPRDL-triangle/json_convertidos/instance_5-triangle.json
instance_log=/mnt/c/Users/porin/OneDrive/Documentos/Python-Mestrado/Modelagem Matemática/Programação Inteira - Uchoa/Problema VRPRDL/instancias_turco/VRPRDL-triangle/logs_vrp_convertidos/instance_5-triangle.log
alpha_wait=0.0
start_time=2026-04-20 13:20:45

========================================
Instância       : instance_5-triangle.txt
JSON            : /mnt/c/Users/porin/OneDrive/Documentos/Python-Mestrado/Modelagem Matemática/Programação Inteira - Uchoa/Problema VRPRDL/instancias_turco/VRPRDL-triangle/json_convertidos/instance_5-triangle.json
VRPSolver log   : /mnt/c/Users/porin/OneDrive/Documentos/Python-Mestrado/Modelagem Matemática/Programação Inteira - Uchoa/Problema VRPRDL/instancias_turco/VRPRDL-triangle/logs_vrp_convertidos/instance_5-triangle.log
n_customers     : 20
n_locations     : 67
time_horizon    : 720
capacity        : 750
alpha_wait      : 0.0
========================================
[vrpsolver] backbones lidos: 2
[pool] rotas do VRPSolver/variantes: 4
[pool] singletons viáveis           : 20 / 20
[pool] total inicial                : 24
[cg] it=  1  LP=4875.0000  cols=24  new=0  rc_min=0.0000
[cg] LP bound = 4875.0  |  resolvendo MIP com 24 colunas...
========================================
CG finalizado.
status MIP      : OPTIMAL
LP bound        : 4875.0
MIP objetivo    : 4875.0
veículos usados : 15
tempo total     : 0.03 s
========================================
Rotas selecionadas:
  Route #1  travel= 417  wait=205  cost=417.00  demand=287
      customers: 5 14 11 13 10 17
      locations: 14 47 35 43 33 59
  Route #2  travel= 444  wait=  0  cost=444.00  demand=31
      customers: 1
      locations: 2
  Route #3  travel= 100  wait=  0  cost=100.00  demand=52
      customers: 2
      locations: 4
  Route #4  travel=  58  wait=500  cost=58.00  demand=80
      customers: 3
      locations: 7
  Route #5  travel= 396  wait=288  cost=396.00  demand=60
      customers: 4
      locations: 13
  Route #6  travel= 276  wait=  0  cost=276.00  demand=40
      customers: 6
      locations: 18
  Route #7  travel= 586  wait=  0  cost=586.00  demand=29
      customers: 7
      locations: 20
  Route #8  travel= 346  wait=265  cost=346.00  demand=62
      customers: 8
      locations: 24
  Route #9  travel= 324  wait=  0  cost=324.00  demand=36
      customers: 9
      locations: 27
  Route #10  travel=  16  wait=  0  cost=16.00  demand=46
      customers: 12
      locations: 36
  Route #11  travel= 568  wait=145  cost=568.00  demand=64
      customers: 15
      locations: 52
  Route #12  travel= 242  wait=198  cost=242.00  demand=55
      customers: 16
      locations: 55
  Route #13  travel= 606  wait=  0  cost=606.00  demand=56
      customers: 18
      locations: 60
  Route #14  travel= 130  wait=  0  cost=130.00  demand=49
      customers: 19
      locations: 61
  Route #15  travel= 366  wait=305  cost=366.00  demand=33
      customers: 20
      locations: 65

end_time=2026-04-20 13:20:45
