instance_json=/mnt/c/Users/porin/OneDrive/Documentos/Python-Mestrado/Modelagem Matemática/Programação Inteira - Uchoa/Problema VRPRDL/instancias_turco/VRPRDL-triangle/json_convertidos/instance_31-triangle.json
instance_log=/mnt/c/Users/porin/OneDrive/Documentos/Python-Mestrado/Modelagem Matemática/Programação Inteira - Uchoa/Problema VRPRDL/instancias_turco/VRPRDL-triangle/logs_vrp_convertidos/instance_31-triangle.log
alpha_wait=0.0
start_time=2026-04-20 13:20:32

========================================
Instância       : instance_31-triangle.txt
JSON            : /mnt/c/Users/porin/OneDrive/Documentos/Python-Mestrado/Modelagem Matemática/Programação Inteira - Uchoa/Problema VRPRDL/instancias_turco/VRPRDL-triangle/json_convertidos/instance_31-triangle.json
VRPSolver log   : /mnt/c/Users/porin/OneDrive/Documentos/Python-Mestrado/Modelagem Matemática/Programação Inteira - Uchoa/Problema VRPRDL/instancias_turco/VRPRDL-triangle/logs_vrp_convertidos/instance_31-triangle.log
n_customers     : 120
n_locations     : 442
time_horizon    : 720
capacity        : 750
alpha_wait      : 0.0
========================================
[vrpsolver] backbones lidos: 10
[pool] rotas do VRPSolver/variantes: 2
[pool] singletons viáveis           : 119 / 120
[pool] total inicial                : 121
[cg] it=  1  LP=35910.0000  cols=121  new=0  rc_min=0.0000
[cg] LP bound = 35910.0  |  resolvendo MIP com 121 colunas...
========================================
CG finalizado.
status MIP      : OPTIMAL
LP bound        : 35910.0
MIP objetivo    : 35910.0
veículos usados : 119
tempo total     : 1.44 s
========================================
Rotas selecionadas:
  Route #1  travel=  32  wait=  0  cost=32.00  demand=119
      customers: 52 119
      locations: 193 432
  Route #2  travel=   2  wait=  0  cost=2.00  demand=41
      customers: 112
      locations: 419
  Route #3  travel= 570  wait= 86  cost=570.00  demand=47
      customers: 1
      locations: 3
  Route #4  travel=  74  wait=  0  cost=74.00  demand=55
      customers: 2
      locations: 6
  Route #5  travel= 116  wait=287  cost=116.00  demand=58
      customers: 3
      locations: 9
  Route #6  travel= 390  wait= 76  cost=390.00  demand=43
      customers: 4
      locations: 14
  Route #7  travel= 150  wait=564  cost=150.00  demand=77
      customers: 5
      locations: 20
  Route #8  travel= 132  wait=145  cost=132.00  demand=32
      customers: 6
      locations: 22
  Route #9  travel=  10  wait=  0  cost=10.00  demand=39
      customers: 7
      locations: 24
  Route #10  travel= 172  wait=126  cost=172.00  demand=54
      customers: 8
      locations: 29
  Route #11  travel=  60  wait=144  cost=60.00  demand=61
      customers: 9
      locations: 33
  Route #12  travel= 152  wait=  0  cost=152.00  demand=62
      customers: 10
      locations: 36
  Route #13  travel= 380  wait=151  cost=380.00  demand=68
      customers: 11
      locations: 41
  Route #14  travel= 644  wait=  0  cost=644.00  demand=55
      customers: 12
      locations: 45
  Route #15  travel= 334  wait=351  cost=334.00  demand=64
      customers: 13
      locations: 48
  Route #16  travel= 638  wait=  0  cost=638.00  demand=49
      customers: 14
      locations: 50
  Route #17  travel= 406  wait=313  cost=406.00  demand=74
      customers: 15
      locations: 54
  Route #18  travel= 504  wait=156  cost=504.00  demand=36
      customers: 16
      locations: 59
  Route #19  travel= 464  wait=116  cost=464.00  demand=55
      customers: 17
      locations: 63
  Route #20  travel=  82  wait= 62  cost=82.00  demand=56
      customers: 18
      locations: 68
  Route #21  travel=  12  wait=608  cost=12.00  demand=44
      customers: 19
      locations: 76
  Route #22  travel=  22  wait=394  cost=22.00  demand=35
      customers: 20
      locations: 80
  Route #23  travel=  74  wait=  0  cost=74.00  demand=40
      customers: 21
      locations: 84
  Route #24  travel= 412  wait=  0  cost=412.00  demand=64
      customers: 22
      locations: 87
  Route #25  travel= 134  wait=  0  cost=134.00  demand=40
      customers: 23
      locations: 89
  Route #26  travel= 612  wait= 41  cost=612.00  demand=68
      customers: 24
      locations: 95
  Route #27  travel= 226  wait= 53  cost=226.00  demand=38
      customers: 25
      locations: 98
  Route #28  travel= 662  wait=  0  cost=662.00  demand=54
      customers: 26
      locations: 101
  Route #29  travel= 538  wait=  0  cost=538.00  demand=64
      customers: 27
      locations: 104
  Route #30  travel= 146  wait=383  cost=146.00  demand=65
      customers: 28
      locations: 111
  Route #31  travel= 524  wait=  0  cost=524.00  demand=50
      customers: 29
      locations: 113
  Route #32  travel= 698  wait=  0  cost=698.00  demand=52
      customers: 30
      locations: 116
  Route #33  travel= 678  wait=  0  cost=678.00  demand=55
      customers: 31
      locations: 117
  Route #34  travel= 412  wait=  0  cost=412.00  demand=57
      customers: 32
      locations: 118
  Route #35  travel= 414  wait=  0  cost=414.00  demand=57
      customers: 33
      locations: 119
  Route #36  travel= 212  wait=406  cost=212.00  demand=65
      customers: 34
      locations: 123
  Route #37  travel= 176  wait= 92  cost=176.00  demand=36
      customers: 35
      locations: 127
  Route #38  travel= 388  wait=  0  cost=388.00  demand=32
      customers: 36
      locations: 129
  Route #39  travel= 434  wait=  0  cost=434.00  demand=42
      customers: 37
      locations: 131
  Route #40  travel= 262  wait=417  cost=262.00  demand=57
      customers: 38
      locations: 137
  Route #41  travel= 590  wait=  0  cost=590.00  demand=50
      customers: 39
      locations: 141
  Route #42  travel= 214  wait=  0  cost=214.00  demand=47
      customers: 40
      locations: 143
  Route #43  travel= 326  wait=326  cost=326.00  demand=46
      customers: 41
      locations: 146
  Route #44  travel=  30  wait=  0  cost=30.00  demand=27
      customers: 42
      locations: 149
  Route #45  travel= 126  wait=540  cost=126.00  demand=57
      customers: 43
      locations: 155
  Route #46  travel= 452  wait=  0  cost=452.00  demand=42
      customers: 44
      locations: 158
  Route #47  travel= 704  wait= 15  cost=704.00  demand=49
      customers: 45
      locations: 164
  Route #48  travel= 520  wait=  0  cost=520.00  demand=60
      customers: 46
      locations: 168
  Route #49  travel= 336  wait=288  cost=336.00  demand=34
      customers: 47
      locations: 173
  Route #50  travel= 534  wait= 68  cost=534.00  demand=72
      customers: 48
      locations: 177
  Route #51  travel=  40  wait= 44  cost=40.00  demand=92
      customers: 49
      locations: 180
  Route #52  travel= 410  wait=170  cost=410.00  demand=19
      customers: 50
      locations: 186
  Route #53  travel= 116  wait=125  cost=116.00  demand=49
      customers: 51
      locations: 189
  Route #54  travel=  44  wait=578  cost=44.00  demand=69
      customers: 53
      locations: 202
  Route #55  travel= 490  wait=205  cost=490.00  demand=56
      customers: 54
      locations: 206
  Route #56  travel= 328  wait=369  cost=328.00  demand=48
      customers: 55
      locations: 211
  Route #57  travel=  78  wait=  0  cost=78.00  demand=55
      customers: 56
      locations: 212
  Route #58  travel= 290  wait=  0  cost=290.00  demand=35
      customers: 57
      locations: 213
  Route #59  travel= 182  wait= 48  cost=182.00  demand=45
      customers: 58
      locations: 217
  Route #60  travel= 310  wait=  0  cost=310.00  demand=57
      customers: 59
      locations: 223
  Route #61  travel= 638  wait= 43  cost=638.00  demand=43
      customers: 60
      locations: 228
  Route #62  travel= 294  wait=317  cost=294.00  demand=51
      customers: 61
      locations: 233
  Route #63  travel= 566  wait= 22  cost=566.00  demand=58
      customers: 62
      locations: 236
  Route #64  travel= 562  wait=  0  cost=562.00  demand=33
      customers: 63
      locations: 238
  Route #65  travel= 228  wait=  0  cost=228.00  demand=35
      customers: 64
      locations: 239
  Route #66  travel=  82  wait=556  cost=82.00  demand=53
      customers: 65
      locations: 243
  Route #67  travel= 112  wait=  6  cost=112.00  demand=48
      customers: 66
      locations: 245
  Route #68  travel= 398  wait=  0  cost=398.00  demand=72
      customers: 67
      locations: 249
  Route #69  travel= 334  wait=  0  cost=334.00  demand=22
      customers: 68
      locations: 251
  Route #70  travel= 506  wait= 76  cost=506.00  demand=45
      customers: 69
      locations: 255
  Route #71  travel=  32  wait=  0  cost=32.00  demand=56
      customers: 70
      locations: 258
  Route #72  travel= 128  wait=390  cost=128.00  demand=43
      customers: 71
      locations: 266
  Route #73  travel= 142  wait=  0  cost=142.00  demand=29
      customers: 72
      locations: 268
  Route #74  travel= 604  wait= 22  cost=604.00  demand=41
      customers: 73
      locations: 273
  Route #75  travel= 106  wait=  0  cost=106.00  demand=26
      customers: 74
      locations: 276
  Route #76  travel=  76  wait=199  cost=76.00  demand=46
      customers: 75
      locations: 281
  Route #77  travel= 552  wait=  0  cost=552.00  demand=48
      customers: 76
      locations: 284
  Route #78  travel= 232  wait= 82  cost=232.00  demand=64
      customers: 77
      locations: 286
  Route #79  travel= 522  wait= 12  cost=522.00  demand=46
      customers: 78
      locations: 292
  Route #80  travel= 132  wait=  0  cost=132.00  demand=51
      customers: 79
      locations: 294
  Route #81  travel= 230  wait=235  cost=230.00  demand=34
      customers: 80
      locations: 301
  Route #82  travel= 568  wait= 34  cost=568.00  demand=13
      customers: 81
      locations: 305
  Route #83  travel= 470  wait= 63  cost=470.00  demand=70
      customers: 82
      locations: 310
  Route #84  travel= 374  wait=  0  cost=374.00  demand=31
      customers: 83
      locations: 314
  Route #85  travel= 466  wait=  0  cost=466.00  demand=48
      customers: 84
      locations: 318
  Route #86  travel= 364  wait=  0  cost=364.00  demand=57
      customers: 85
      locations: 321
  Route #87  travel= 450  wait=109  cost=450.00  demand=87
      customers: 86
      locations: 324
  Route #88  travel=  26  wait= 97  cost=26.00  demand=66
      customers: 87
      locations: 329
  Route #89  travel=  38  wait=164  cost=38.00  demand=59
      customers: 88
      locations: 335
  Route #90  travel=  78  wait=  0  cost=78.00  demand=34
      customers: 89
      locations: 339
  Route #91  travel= 314  wait=339  cost=314.00  demand=59
      customers: 90
      locations: 347
  Route #92  travel=  38  wait=140  cost=38.00  demand=47
      customers: 91
      locations: 350
  Route #93  travel= 288  wait=  0  cost=288.00  demand=59
      customers: 92
      locations: 353
  Route #94  travel=  74  wait=577  cost=74.00  demand=45
      customers: 93
      locations: 359
  Route #95  travel= 128  wait=  0  cost=128.00  demand=53
      customers: 94
      locations: 360
  Route #96  travel= 156  wait=110  cost=156.00  demand=35
      customers: 95
      locations: 365
  Route #97  travel=  92  wait=362  cost=92.00  demand=39
      customers: 96
      locations: 371
  Route #98  travel= 246  wait=187  cost=246.00  demand=44
      customers: 97
      locations: 375
  Route #99  travel= 412  wait=277  cost=412.00  demand=23
      customers: 98
      locations: 379
  Route #100  travel=  58  wait=152  cost=58.00  demand=79
      customers: 99
      locations: 383
  Route #101  travel=  66  wait=  0  cost=66.00  demand=50
      customers: 100
      locations: 387
  Route #102  travel=  18  wait=203  cost=18.00  demand=49
      customers: 101
      locations: 390
  Route #103  travel=  40  wait=  0  cost=40.00  demand=57
      customers: 102
      locations: 393
  Route #104  travel= 676  wait=  0  cost=676.00  demand=62
      customers: 103
      locations: 399
  Route #105  travel= 408  wait=  0  cost=408.00  demand=56
      customers: 104
      locations: 401
  Route #106  travel= 216  wait=  0  cost=216.00  demand=47
      customers: 105
      locations: 402
  Route #107  travel= 302  wait=  0  cost=302.00  demand=22
      customers: 106
      locations: 403
  Route #108  travel= 278  wait=204  cost=278.00  demand=49
      customers: 107
      locations: 406
  Route #109  travel= 570  wait=  0  cost=570.00  demand=32
      customers: 108
      locations: 408
  Route #110  travel= 436  wait=252  cost=436.00  demand=26
      customers: 109
      locations: 410
  Route #111  travel=  80  wait=398  cost=80.00  demand=58
      customers: 110
      locations: 415
  Route #112  travel= 588  wait=130  cost=588.00  demand=90
      customers: 111
      locations: 418
  Route #113  travel= 306  wait=  0  cost=306.00  demand=29
      customers: 113
      locations: 420
  Route #114  travel= 298  wait=  0  cost=298.00  demand=79
      customers: 114
      locations: 421
  Route #115  travel= 216  wait=387  cost=216.00  demand=49
      customers: 115
      locations: 425
  Route #116  travel= 460  wait=  0  cost=460.00  demand=51
      customers: 116
      locations: 427
  Route #117  travel= 542  wait=  0  cost=542.00  demand=45
      customers: 117
      locations: 428
  Route #118  travel= 342  wait=  0  cost=342.00  demand=53
      customers: 118
      locations: 429
  Route #119  travel= 484  wait=190  cost=484.00  demand=69
      customers: 120
      locations: 438

end_time=2026-04-20 13:20:33
