instance_json=/mnt/c/Users/porin/OneDrive/Documentos/Python-Mestrado/Modelagem Matemática/Programação Inteira - Uchoa/Problema VRPRDL/instancias_turco/VRPRDL-triangle/json_convertidos/instance_22-triangle.json
instance_log=/mnt/c/Users/porin/OneDrive/Documentos/Python-Mestrado/Modelagem Matemática/Programação Inteira - Uchoa/Problema VRPRDL/instancias_turco/VRPRDL-triangle/logs_vrp_convertidos/instance_22-triangle.log
alpha_wait=0.0
start_time=2026-04-20 13:20:28

========================================
Instância       : instance_22-triangle.txt
JSON            : /mnt/c/Users/porin/OneDrive/Documentos/Python-Mestrado/Modelagem Matemática/Programação Inteira - Uchoa/Problema VRPRDL/instancias_turco/VRPRDL-triangle/json_convertidos/instance_22-triangle.json
VRPSolver log   : /mnt/c/Users/porin/OneDrive/Documentos/Python-Mestrado/Modelagem Matemática/Programação Inteira - Uchoa/Problema VRPRDL/instancias_turco/VRPRDL-triangle/logs_vrp_convertidos/instance_22-triangle.log
n_customers     : 60
n_locations     : 236
time_horizon    : 720
capacity        : 750
alpha_wait      : 0.0
========================================
[vrpsolver] backbones lidos: 5
[pool] rotas do VRPSolver/variantes: 4
[pool] singletons viáveis           : 60 / 60
[pool] total inicial                : 64
[cg] it=  1  LP=18410.0000  cols=64  new=0  rc_min=0.0000
[cg] LP bound = 18410.0  |  resolvendo MIP com 64 colunas...
========================================
CG finalizado.
status MIP      : OPTIMAL
LP bound        : 18410.0
MIP objetivo    : 18410.0
veículos usados : 58
tempo total     : 0.36 s
========================================
Rotas selecionadas:
  Route #1  travel=  52  wait=633  cost=52.00  demand=158
      customers: 32 25 34
      locations: 135 105 144
  Route #2  travel= 340  wait=172  cost=340.00  demand=19
      customers: 1
      locations: 3
  Route #3  travel=  58  wait=270  cost=58.00  demand=23
      customers: 2
      locations: 9
  Route #4  travel=  78  wait=589  cost=78.00  demand=55
      customers: 3
      locations: 16
  Route #5  travel= 246  wait= 48  cost=246.00  demand=44
      customers: 4
      locations: 18
  Route #6  travel= 296  wait= 45  cost=296.00  demand=43
      customers: 5
      locations: 23
  Route #7  travel= 524  wait=  6  cost=524.00  demand=61
      customers: 6
      locations: 29
  Route #8  travel= 256  wait=  0  cost=256.00  demand=55
      customers: 7
      locations: 32
  Route #9  travel= 628  wait=  0  cost=628.00  demand=70
      customers: 8
      locations: 34
  Route #10  travel= 268  wait=  0  cost=268.00  demand=65
      customers: 9
      locations: 36
  Route #11  travel= 676  wait= 30  cost=676.00  demand=45
      customers: 10
      locations: 41
  Route #12  travel= 464  wait=  0  cost=464.00  demand=54
      customers: 11
      locations: 42
  Route #13  travel= 694  wait=  0  cost=694.00  demand=70
      customers: 12
      locations: 43
  Route #14  travel=  70  wait=344  cost=70.00  demand=50
      customers: 13
      locations: 45
  Route #15  travel=  44  wait=391  cost=44.00  demand=17
      customers: 14
      locations: 50
  Route #16  travel= 718  wait=  0  cost=718.00  demand=39
      customers: 15
      locations: 53
  Route #17  travel=  10  wait=532  cost=10.00  demand=43
      customers: 16
      locations: 58
  Route #18  travel= 386  wait= 85  cost=386.00  demand=70
      customers: 17
      locations: 63
  Route #19  travel= 248  wait=358  cost=248.00  demand=71
      customers: 18
      locations: 69
  Route #20  travel=  62  wait=209  cost=62.00  demand=42
      customers: 19
      locations: 74
  Route #21  travel= 618  wait=  0  cost=618.00  demand=58
      customers: 20
      locations: 78
  Route #22  travel= 590  wait=115  cost=590.00  demand=66
      customers: 21
      locations: 81
  Route #23  travel= 554  wait=131  cost=554.00  demand=65
      customers: 22
      locations: 88
  Route #24  travel= 258  wait=  5  cost=258.00  demand=61
      customers: 23
      locations: 90
  Route #25  travel= 330  wait=372  cost=330.00  demand=54
      customers: 24
      locations: 98
  Route #26  travel= 398  wait=  0  cost=398.00  demand=51
      customers: 26
      locations: 106
  Route #27  travel= 296  wait=328  cost=296.00  demand=61
      customers: 27
      locations: 110
  Route #28  travel= 162  wait=290  cost=162.00  demand=60
      customers: 28
      locations: 115
  Route #29  travel= 182  wait=317  cost=182.00  demand=36
      customers: 29
      locations: 120
  Route #30  travel= 482  wait=  0  cost=482.00  demand=56
      customers: 30
      locations: 125
  Route #31  travel= 178  wait= 61  cost=178.00  demand=43
      customers: 31
      locations: 130
  Route #32  travel=  34  wait=  0  cost=34.00  demand=55
      customers: 33
      locations: 136
  Route #33  travel= 322  wait=318  cost=322.00  demand=40
      customers: 35
      locations: 147
  Route #34  travel= 356  wait=  0  cost=356.00  demand=54
      customers: 36
      locations: 149
  Route #35  travel= 348  wait=163  cost=348.00  demand=29
      customers: 37
      locations: 151
  Route #36  travel=  62  wait=564  cost=62.00  demand=42
      customers: 38
      locations: 156
  Route #37  travel= 338  wait=306  cost=338.00  demand=55
      customers: 39
      locations: 161
  Route #38  travel= 286  wait=250  cost=286.00  demand=17
      customers: 40
      locations: 167
  Route #39  travel= 552  wait= 24  cost=552.00  demand=54
      customers: 41
      locations: 170
  Route #40  travel=  58  wait=  0  cost=58.00  demand=29
      customers: 42
      locations: 174
  Route #41  travel= 592  wait=  2  cost=592.00  demand=77
      customers: 43
      locations: 178
  Route #42  travel=  14  wait=398  cost=14.00  demand=58
      customers: 44
      locations: 181
  Route #43  travel= 264  wait= 60  cost=264.00  demand=71
      customers: 45
      locations: 186
  Route #44  travel=  56  wait=  0  cost=56.00  demand=49
      customers: 46
      locations: 190
  Route #45  travel= 156  wait=539  cost=156.00  demand=87
      customers: 47
      locations: 197
  Route #46  travel= 258  wait=  0  cost=258.00  demand=58
      customers: 48
      locations: 198
  Route #47  travel= 680  wait=  0  cost=680.00  demand=52
      customers: 49
      locations: 199
  Route #48  travel= 600  wait= 54  cost=600.00  demand=34
      customers: 50
      locations: 201
  Route #49  travel= 184  wait=  9  cost=184.00  demand=56
      customers: 51
      locations: 204
  Route #50  travel= 186  wait=367  cost=186.00  demand=41
      customers: 52
      locations: 209
  Route #51  travel= 682  wait=  0  cost=682.00  demand=67
      customers: 53
      locations: 210
  Route #52  travel=  32  wait= 37  cost=32.00  demand=70
      customers: 54
      locations: 212
  Route #53  travel= 188  wait=  0  cost=188.00  demand=29
      customers: 55
      locations: 216
  Route #54  travel= 110  wait= 60  cost=110.00  demand=54
      customers: 56
      locations: 220
  Route #55  travel= 392  wait=  0  cost=392.00  demand=31
      customers: 57
      locations: 225
  Route #56  travel= 702  wait=  0  cost=702.00  demand=57
      customers: 58
      locations: 226
  Route #57  travel= 342  wait=195  cost=342.00  demand=57
      customers: 59
      locations: 228
  Route #58  travel= 450  wait=269  cost=450.00  demand=18
      customers: 60
      locations: 234

end_time=2026-04-20 13:20:28
