instance_json=/mnt/c/Users/porin/OneDrive/Documentos/Python-Mestrado/Modelagem Matemática/Programação Inteira - Uchoa/Problema VRPRDL/instancias_turco/VRPRDL-triangle/json_convertidos/instance_26-triangle.json
instance_log=/mnt/c/Users/porin/OneDrive/Documentos/Python-Mestrado/Modelagem Matemática/Programação Inteira - Uchoa/Problema VRPRDL/instancias_turco/VRPRDL-triangle/logs_vrp_convertidos/instance_26-triangle.log
alpha_wait=0.0
start_time=2026-04-20 13:20:29

========================================
Instância       : instance_26-triangle.txt
JSON            : /mnt/c/Users/porin/OneDrive/Documentos/Python-Mestrado/Modelagem Matemática/Programação Inteira - Uchoa/Problema VRPRDL/instancias_turco/VRPRDL-triangle/json_convertidos/instance_26-triangle.json
VRPSolver log   : /mnt/c/Users/porin/OneDrive/Documentos/Python-Mestrado/Modelagem Matemática/Programação Inteira - Uchoa/Problema VRPRDL/instancias_turco/VRPRDL-triangle/logs_vrp_convertidos/instance_26-triangle.log
n_customers     : 60
n_locations     : 209
time_horizon    : 720
capacity        : 750
alpha_wait      : 0.0
========================================
[vrpsolver] backbones lidos: 4
[pool] rotas do VRPSolver/variantes: 0
[pool] singletons viáveis           : 60 / 60
[pool] total inicial                : 60
[cg] it=  1  LP=19392.0000  cols=60  new=0  rc_min=0.0000
[cg] LP bound = 19392.0  |  resolvendo MIP com 60 colunas...
========================================
CG finalizado.
status MIP      : OPTIMAL
LP bound        : 19392.0
MIP objetivo    : 19392.0
veículos usados : 60
tempo total     : 0.29 s
========================================
Rotas selecionadas:
  Route #1  travel= 172  wait=534  cost=172.00  demand=17
      customers: 1
      locations: 5
  Route #2  travel= 400  wait=  0  cost=400.00  demand=32
      customers: 2
      locations: 7
  Route #3  travel= 294  wait=260  cost=294.00  demand=56
      customers: 3
      locations: 14
  Route #4  travel= 588  wait=  0  cost=588.00  demand=69
      customers: 4
      locations: 19
  Route #5  travel= 708  wait=  0  cost=708.00  demand=68
      customers: 5
      locations: 22
  Route #6  travel= 620  wait=  0  cost=620.00  demand=45
      customers: 6
      locations: 23
  Route #7  travel= 548  wait=110  cost=548.00  demand=33
      customers: 7
      locations: 27
  Route #8  travel= 400  wait=  0  cost=400.00  demand=49
      customers: 8
      locations: 29
  Route #9  travel=  98  wait=  0  cost=98.00  demand=52
      customers: 9
      locations: 30
  Route #10  travel= 138  wait=499  cost=138.00  demand=46
      customers: 10
      locations: 34
  Route #11  travel= 572  wait=  0  cost=572.00  demand=42
      customers: 11
      locations: 36
  Route #12  travel= 114  wait=  0  cost=114.00  demand=62
      customers: 12
      locations: 38
  Route #13  travel= 594  wait=  0  cost=594.00  demand=81
      customers: 13
      locations: 42
  Route #14  travel= 434  wait=221  cost=434.00  demand=33
      customers: 14
      locations: 46
  Route #15  travel= 304  wait= 27  cost=304.00  demand=53
      customers: 15
      locations: 50
  Route #16  travel= 400  wait=  0  cost=400.00  demand=15
      customers: 16
      locations: 54
  Route #17  travel= 514  wait=129  cost=514.00  demand=58
      customers: 17
      locations: 57
  Route #18  travel= 530  wait= 48  cost=530.00  demand=49
      customers: 18
      locations: 62
  Route #19  travel= 198  wait=318  cost=198.00  demand=56
      customers: 19
      locations: 69
  Route #20  travel= 620  wait= 28  cost=620.00  demand=43
      customers: 20
      locations: 73
  Route #21  travel=  30  wait=119  cost=30.00  demand=59
      customers: 21
      locations: 77
  Route #22  travel= 490  wait=  0  cost=490.00  demand=29
      customers: 22
      locations: 82
  Route #23  travel= 456  wait=177  cost=456.00  demand=58
      customers: 23
      locations: 86
  Route #24  travel=  28  wait=452  cost=28.00  demand=71
      customers: 24
      locations: 91
  Route #25  travel= 372  wait=  0  cost=372.00  demand=44
      customers: 25
      locations: 94
  Route #26  travel= 440  wait=  0  cost=440.00  demand=37
      customers: 26
      locations: 95
  Route #27  travel= 374  wait=  0  cost=374.00  demand=47
      customers: 27
      locations: 96
  Route #28  travel= 316  wait=  0  cost=316.00  demand=57
      customers: 28
      locations: 97
  Route #29  travel= 354  wait=277  cost=354.00  demand=49
      customers: 29
      locations: 100
  Route #30  travel= 146  wait=455  cost=146.00  demand=71
      customers: 30
      locations: 103
  Route #31  travel= 474  wait=156  cost=474.00  demand=43
      customers: 31
      locations: 107
  Route #32  travel= 576  wait=  0  cost=576.00  demand=67
      customers: 32
      locations: 110
  Route #33  travel= 422  wait=  0  cost=422.00  demand=60
      customers: 33
      locations: 111
  Route #34  travel= 298  wait= 57  cost=298.00  demand=75
      customers: 34
      locations: 113
  Route #35  travel= 300  wait=  0  cost=300.00  demand=43
      customers: 35
      locations: 117
  Route #36  travel= 110  wait=  0  cost=110.00  demand=58
      customers: 36
      locations: 118
  Route #37  travel= 272  wait=268  cost=272.00  demand=20
      customers: 37
      locations: 122
  Route #38  travel=  32  wait=  0  cost=32.00  demand=47
      customers: 38
      locations: 125
  Route #39  travel=  86  wait=  0  cost=86.00  demand=70
      customers: 39
      locations: 128
  Route #40  travel= 306  wait=  0  cost=306.00  demand=57
      customers: 40
      locations: 129
  Route #41  travel= 454  wait=  0  cost=454.00  demand=36
      customers: 41
      locations: 132
  Route #42  travel=  78  wait=429  cost=78.00  demand=55
      customers: 42
      locations: 137
  Route #43  travel= 668  wait=  0  cost=668.00  demand=40
      customers: 43
      locations: 140
  Route #44  travel=  62  wait=386  cost=62.00  demand=55
      customers: 44
      locations: 142
  Route #45  travel= 362  wait=  0  cost=362.00  demand=46
      customers: 45
      locations: 144
  Route #46  travel= 238  wait=  8  cost=238.00  demand=57
      customers: 46
      locations: 147
  Route #47  travel= 510  wait=  0  cost=510.00  demand=22
      customers: 47
      locations: 151
  Route #48  travel= 126  wait=  0  cost=126.00  demand=46
      customers: 48
      locations: 152
  Route #49  travel= 550  wait= 49  cost=550.00  demand=62
      customers: 49
      locations: 155
  Route #50  travel= 614  wait= 52  cost=614.00  demand=65
      customers: 50
      locations: 161
  Route #51  travel= 502  wait=111  cost=502.00  demand=37
      customers: 51
      locations: 165
  Route #52  travel=  48  wait=  0  cost=48.00  demand=49
      customers: 52
      locations: 168
  Route #53  travel= 152  wait=468  cost=152.00  demand=60
      customers: 53
      locations: 176
  Route #54  travel=  54  wait=  0  cost=54.00  demand=51
      customers: 54
      locations: 177
  Route #55  travel= 220  wait=426  cost=220.00  demand=40
      customers: 55
      locations: 185
  Route #56  travel=  60  wait=649  cost=60.00  demand=24
      customers: 56
      locations: 191
  Route #57  travel= 104  wait=157  cost=104.00  demand=24
      customers: 57
      locations: 193
  Route #58  travel=  60  wait=  0  cost=60.00  demand=61
      customers: 58
      locations: 195
  Route #59  travel= 228  wait=464  cost=228.00  demand=43
      customers: 59
      locations: 201
  Route #60  travel= 174  wait=437  cost=174.00  demand=31
      customers: 60
      locations: 205

end_time=2026-04-20 13:20:29
