instance_json=/mnt/c/Users/porin/OneDrive/Documentos/Python-Mestrado/Modelagem Matemática/Programação Inteira - Uchoa/Problema VRPRDL/instancias_turco/VRPRDL-triangle/json_convertidos/instance_14-triangle.json
instance_log=/mnt/c/Users/porin/OneDrive/Documentos/Python-Mestrado/Modelagem Matemática/Programação Inteira - Uchoa/Problema VRPRDL/instancias_turco/VRPRDL-triangle/logs_vrp_convertidos/instance_14-triangle.log
alpha_wait=0.0
start_time=2026-04-20 13:20:26

========================================
Instância       : instance_14-triangle.txt
JSON            : /mnt/c/Users/porin/OneDrive/Documentos/Python-Mestrado/Modelagem Matemática/Programação Inteira - Uchoa/Problema VRPRDL/instancias_turco/VRPRDL-triangle/json_convertidos/instance_14-triangle.json
VRPSolver log   : /mnt/c/Users/porin/OneDrive/Documentos/Python-Mestrado/Modelagem Matemática/Programação Inteira - Uchoa/Problema VRPRDL/instancias_turco/VRPRDL-triangle/logs_vrp_convertidos/instance_14-triangle.log
n_customers     : 30
n_locations     : 125
time_horizon    : 720
capacity        : 750
alpha_wait      : 0.0
========================================
[vrpsolver] backbones lidos: 3
[pool] rotas do VRPSolver/variantes: 4
[pool] singletons viáveis           : 30 / 30
[pool] total inicial                : 34
[cg] it=  1  LP=8245.0000  cols=34  new=0  rc_min=0.0000
[cg] LP bound = 8245.0  |  resolvendo MIP com 34 colunas...
========================================
CG finalizado.
status MIP      : OPTIMAL
LP bound        : 8245.0
MIP objetivo    : 8245.0
veículos usados : 28
tempo total     : 0.37 s
========================================
Rotas selecionadas:
  Route #1  travel=  45  wait=658  cost=45.00  demand=176
      customers: 6 2 16
      locations: 17 4 68
  Route #2  travel= 484  wait= 71  cost=484.00  demand=46
      customers: 1
      locations: 3
  Route #3  travel= 296  wait=390  cost=296.00  demand=88
      customers: 3
      locations: 9
  Route #4  travel= 414  wait=  0  cost=414.00  demand=36
      customers: 4
      locations: 10
  Route #5  travel= 450  wait= 88  cost=450.00  demand=43
      customers: 5
      locations: 13
  Route #6  travel= 118  wait=546  cost=118.00  demand=50
      customers: 7
      locations: 26
  Route #7  travel= 266  wait=  0  cost=266.00  demand=53
      customers: 8
      locations: 28
  Route #8  travel= 212  wait=493  cost=212.00  demand=49
      customers: 9
      locations: 33
  Route #9  travel= 280  wait= 76  cost=280.00  demand=66
      customers: 10
      locations: 36
  Route #10  travel= 398  wait=305  cost=398.00  demand=57
      customers: 11
      locations: 42
  Route #11  travel= 470  wait= 23  cost=470.00  demand=47
      customers: 12
      locations: 47
  Route #12  travel= 544  wait= 56  cost=544.00  demand=48
      customers: 13
      locations: 54
  Route #13  travel= 238  wait=450  cost=238.00  demand=44
      customers: 14
      locations: 59
  Route #14  travel= 394  wait=123  cost=394.00  demand=49
      customers: 15
      locations: 61
  Route #15  travel= 210  wait=323  cost=210.00  demand=89
      customers: 17
      locations: 70
  Route #16  travel= 178  wait=  0  cost=178.00  demand=39
      customers: 18
      locations: 72
  Route #17  travel= 288  wait=183  cost=288.00  demand=53
      customers: 19
      locations: 76
  Route #18  travel= 426  wait=277  cost=426.00  demand=38
      customers: 20
      locations: 82
  Route #19  travel= 402  wait= 80  cost=402.00  demand=51
      customers: 21
      locations: 85
  Route #20  travel=  82  wait=338  cost=82.00  demand=61
      customers: 22
      locations: 91
  Route #21  travel= 194  wait=136  cost=194.00  demand=71
      customers: 23
      locations: 94
  Route #22  travel= 438  wait= 31  cost=438.00  demand=30
      customers: 24
      locations: 98
  Route #23  travel= 218  wait=110  cost=218.00  demand=35
      customers: 25
      locations: 101
  Route #24  travel= 116  wait=469  cost=116.00  demand=59
      customers: 26
      locations: 107
  Route #25  travel= 194  wait=  0  cost=194.00  demand=31
      customers: 27
      locations: 111
  Route #26  travel= 548  wait=  0  cost=548.00  demand=51
      customers: 28
      locations: 116
  Route #27  travel= 100  wait=256  cost=100.00  demand=60
      customers: 29
      locations: 121
  Route #28  travel= 242  wait=  0  cost=242.00  demand=72
      customers: 30
      locations: 123

end_time=2026-04-20 13:20:26
