instance_json=/mnt/c/Users/porin/OneDrive/Documentos/Python-Mestrado/Modelagem Matemática/Programação Inteira - Uchoa/Problema VRPRDL/instancias_turco/VRPRDL-triangle/json_convertidos/instance_19-triangle.json
instance_log=/mnt/c/Users/porin/OneDrive/Documentos/Python-Mestrado/Modelagem Matemática/Programação Inteira - Uchoa/Problema VRPRDL/instancias_turco/VRPRDL-triangle/logs_vrp_convertidos/instance_19-triangle.log
alpha_wait=0.0
start_time=2026-04-20 13:20:27

========================================
Instância       : instance_19-triangle.txt
JSON            : /mnt/c/Users/porin/OneDrive/Documentos/Python-Mestrado/Modelagem Matemática/Programação Inteira - Uchoa/Problema VRPRDL/instancias_turco/VRPRDL-triangle/json_convertidos/instance_19-triangle.json
VRPSolver log   : /mnt/c/Users/porin/OneDrive/Documentos/Python-Mestrado/Modelagem Matemática/Programação Inteira - Uchoa/Problema VRPRDL/instancias_turco/VRPRDL-triangle/logs_vrp_convertidos/instance_19-triangle.log
n_customers     : 30
n_locations     : 76
time_horizon    : 720
capacity        : 750
alpha_wait      : 0.0
========================================
[vrpsolver] backbones lidos: 2
[pool] rotas do VRPSolver/variantes: 0
[pool] singletons viáveis           : 30 / 30
[pool] total inicial                : 30
[cg] it=  1  LP=8050.0000  cols=30  new=0  rc_min=0.0000
[cg] LP bound = 8050.0  |  resolvendo MIP com 30 colunas...
========================================
CG finalizado.
status MIP      : OPTIMAL
LP bound        : 8050.0
MIP objetivo    : 8050.0
veículos usados : 30
tempo total     : 0.04 s
========================================
Rotas selecionadas:
  Route #1  travel= 612  wait=  0  cost=612.00  demand=30
      customers: 1
      locations: 1
  Route #2  travel= 234  wait=301  cost=234.00  demand=47
      customers: 2
      locations: 5
  Route #3  travel= 306  wait=235  cost=306.00  demand=27
      customers: 3
      locations: 10
  Route #4  travel=  78  wait=  0  cost=78.00  demand=62
      customers: 4
      locations: 11
  Route #5  travel= 120  wait=  0  cost=120.00  demand=33
      customers: 5
      locations: 14
  Route #6  travel= 210  wait=420  cost=210.00  demand=58
      customers: 6
      locations: 17
  Route #7  travel=  48  wait=  0  cost=48.00  demand=41
      customers: 7
      locations: 19
  Route #8  travel= 168  wait=  0  cost=168.00  demand=46
      customers: 8
      locations: 22
  Route #9  travel= 624  wait=  0  cost=624.00  demand=73
      customers: 9
      locations: 23
  Route #10  travel= 198  wait=  0  cost=198.00  demand=49
      customers: 10
      locations: 24
  Route #11  travel= 300  wait=  0  cost=300.00  demand=69
      customers: 11
      locations: 25
  Route #12  travel=  86  wait= 99  cost=86.00  demand=61
      customers: 12
      locations: 27
  Route #13  travel=  48  wait=  0  cost=48.00  demand=68
      customers: 13
      locations: 31
  Route #14  travel= 162  wait=290  cost=162.00  demand=41
      customers: 14
      locations: 34
  Route #15  travel= 260  wait=132  cost=260.00  demand=47
      customers: 15
      locations: 38
  Route #16  travel= 202  wait=261  cost=202.00  demand=48
      customers: 16
      locations: 42
  Route #17  travel=  56  wait=  0  cost=56.00  demand=34
      customers: 17
      locations: 44
  Route #18  travel= 226  wait=  0  cost=226.00  demand=77
      customers: 18
      locations: 45
  Route #19  travel= 104  wait=  0  cost=104.00  demand=50
      customers: 19
      locations: 46
  Route #20  travel= 174  wait= 65  cost=174.00  demand=27
      customers: 20
      locations: 48
  Route #21  travel= 114  wait=589  cost=114.00  demand=75
      customers: 21
      locations: 54
  Route #22  travel= 374  wait=  0  cost=374.00  demand=50
      customers: 22
      locations: 55
  Route #23  travel= 606  wait=  0  cost=606.00  demand=34
      customers: 23
      locations: 56
  Route #24  travel=  60  wait=  0  cost=60.00  demand=44
      customers: 24
      locations: 57
  Route #25  travel= 686  wait=  0  cost=686.00  demand=43
      customers: 25
      locations: 61
  Route #26  travel= 286  wait=  0  cost=286.00  demand=50
      customers: 26
      locations: 62
  Route #27  travel= 620  wait=  0  cost=620.00  demand=41
      customers: 27
      locations: 63
  Route #28  travel= 404  wait=233  cost=404.00  demand=49
      customers: 28
      locations: 68
  Route #29  travel= 222  wait=197  cost=222.00  demand=47
      customers: 29
      locations: 72
  Route #30  travel= 462  wait=  0  cost=462.00  demand=28
      customers: 30
      locations: 74

end_time=2026-04-20 13:20:27
