instance_json=/mnt/c/Users/porin/OneDrive/Documentos/Python-Mestrado/Modelagem Matemática/Programação Inteira - Uchoa/Problema VRPRDL/instancias_turco/VRPRDL-triangle/json_convertidos/instance_2-triangle.json
instance_log=/mnt/c/Users/porin/OneDrive/Documentos/Python-Mestrado/Modelagem Matemática/Programação Inteira - Uchoa/Problema VRPRDL/instancias_turco/VRPRDL-triangle/logs_vrp_convertidos/instance_2-triangle.log
alpha_wait=0.0
start_time=2026-04-20 13:20:27

========================================
Instância       : instance_2-triangle.txt
JSON            : /mnt/c/Users/porin/OneDrive/Documentos/Python-Mestrado/Modelagem Matemática/Programação Inteira - Uchoa/Problema VRPRDL/instancias_turco/VRPRDL-triangle/json_convertidos/instance_2-triangle.json
VRPSolver log   : /mnt/c/Users/porin/OneDrive/Documentos/Python-Mestrado/Modelagem Matemática/Programação Inteira - Uchoa/Problema VRPRDL/instancias_turco/VRPRDL-triangle/logs_vrp_convertidos/instance_2-triangle.log
n_customers     : 15
n_locations     : 53
time_horizon    : 720
capacity        : 750
alpha_wait      : 0.0
========================================
[vrpsolver] backbones lidos: 1
[pool] rotas do VRPSolver/variantes: 0
[pool] singletons viáveis           : 15 / 15
[pool] total inicial                : 15
[cg] it=  1  LP=3602.0000  cols=15  new=0  rc_min=0.0000
[cg] LP bound = 3602.0  |  resolvendo MIP com 15 colunas...
========================================
CG finalizado.
status MIP      : OPTIMAL
LP bound        : 3602.0
MIP objetivo    : 3602.0
veículos usados : 15
tempo total     : 0.04 s
========================================
Rotas selecionadas:
  Route #1  travel= 198  wait=  0  cost=198.00  demand=61
      customers: 1
      locations: 2
  Route #2  travel= 668  wait=  0  cost=668.00  demand=64
      customers: 2
      locations: 4
  Route #3  travel= 132  wait=345  cost=132.00  demand=30
      customers: 3
      locations: 8
  Route #4  travel= 164  wait=353  cost=164.00  demand=51
      customers: 4
      locations: 12
  Route #5  travel= 202  wait=203  cost=202.00  demand=45
      customers: 5
      locations: 17
  Route #6  travel= 644  wait=  0  cost=644.00  demand=43
      customers: 6
      locations: 20
  Route #7  travel= 314  wait=  0  cost=314.00  demand=32
      customers: 7
      locations: 21
  Route #8  travel= 290  wait=255  cost=290.00  demand=52
      customers: 8
      locations: 24
  Route #9  travel=  34  wait=  0  cost=34.00  demand=34
      customers: 9
      locations: 26
  Route #10  travel= 100  wait=338  cost=100.00  demand=38
      customers: 10
      locations: 33
  Route #11  travel= 290  wait=390  cost=290.00  demand=30
      customers: 11
      locations: 39
  Route #12  travel=  98  wait=362  cost=98.00  demand=42
      customers: 12
      locations: 43
  Route #13  travel=  30  wait=  0  cost=30.00  demand=60
      customers: 13
      locations: 44
  Route #14  travel= 190  wait=  0  cost=190.00  demand=79
      customers: 14
      locations: 45
  Route #15  travel= 248  wait=208  cost=248.00  demand=52
      customers: 15
      locations: 49

end_time=2026-04-20 13:20:27
