instance_json=/mnt/c/Users/porin/OneDrive/Documentos/Python-Mestrado/Modelagem Matemática/Programação Inteira - Uchoa/Problema VRPRDL/instancias_turco/VRPRDL-triangle/json_convertidos/instance_16-triangle.json
instance_log=/mnt/c/Users/porin/OneDrive/Documentos/Python-Mestrado/Modelagem Matemática/Programação Inteira - Uchoa/Problema VRPRDL/instancias_turco/VRPRDL-triangle/logs_vrp_convertidos/instance_16-triangle.log
alpha_wait=0.0
start_time=2026-04-20 13:20:26

========================================
Instância       : instance_16-triangle.txt
JSON            : /mnt/c/Users/porin/OneDrive/Documentos/Python-Mestrado/Modelagem Matemática/Programação Inteira - Uchoa/Problema VRPRDL/instancias_turco/VRPRDL-triangle/json_convertidos/instance_16-triangle.json
VRPSolver log   : /mnt/c/Users/porin/OneDrive/Documentos/Python-Mestrado/Modelagem Matemática/Programação Inteira - Uchoa/Problema VRPRDL/instancias_turco/VRPRDL-triangle/logs_vrp_convertidos/instance_16-triangle.log
n_customers     : 30
n_locations     : 131
time_horizon    : 720
capacity        : 750
alpha_wait      : 0.0
========================================
[vrpsolver] backbones lidos: 2
[pool] rotas do VRPSolver/variantes: 0
[pool] singletons viáveis           : 30 / 30
[pool] total inicial                : 30
[cg] it=  1  LP=8530.0000  cols=30  new=0  rc_min=0.0000
[cg] LP bound = 8530.0  |  resolvendo MIP com 30 colunas...
========================================
CG finalizado.
status MIP      : OPTIMAL
LP bound        : 8530.0
MIP objetivo    : 8530.0
veículos usados : 30
tempo total     : 0.18 s
========================================
Rotas selecionadas:
  Route #1  travel= 322  wait=357  cost=322.00  demand=44
      customers: 1
      locations: 3
  Route #2  travel= 130  wait=197  cost=130.00  demand=29
      customers: 2
      locations: 6
  Route #3  travel= 478  wait=136  cost=478.00  demand=79
      customers: 3
      locations: 12
  Route #4  travel= 230  wait=  9  cost=230.00  demand=69
      customers: 4
      locations: 16
  Route #5  travel= 370  wait=145  cost=370.00  demand=40
      customers: 5
      locations: 22
  Route #6  travel= 582  wait=132  cost=582.00  demand=29
      customers: 6
      locations: 27
  Route #7  travel= 274  wait=114  cost=274.00  demand=16
      customers: 7
      locations: 30
  Route #8  travel= 540  wait=146  cost=540.00  demand=54
      customers: 8
      locations: 34
  Route #9  travel= 430  wait=221  cost=430.00  demand=91
      customers: 9
      locations: 40
  Route #10  travel= 180  wait= 91  cost=180.00  demand=60
      customers: 10
      locations: 43
  Route #11  travel=   6  wait=  0  cost=6.00  demand=32
      customers: 11
      locations: 47
  Route #12  travel=  44  wait=  0  cost=44.00  demand=54
      customers: 12
      locations: 51
  Route #13  travel= 498  wait=199  cost=498.00  demand=48
      customers: 13
      locations: 57
  Route #14  travel= 382  wait=291  cost=382.00  demand=38
      customers: 14
      locations: 63
  Route #15  travel= 118  wait=149  cost=118.00  demand=32
      customers: 15
      locations: 67
  Route #16  travel=  44  wait=  0  cost=44.00  demand=43
      customers: 16
      locations: 71
  Route #17  travel= 484  wait=139  cost=484.00  demand=74
      customers: 17
      locations: 75
  Route #18  travel=   6  wait=316  cost=6.00  demand=35
      customers: 18
      locations: 78
  Route #19  travel= 426  wait=  0  cost=426.00  demand=58
      customers: 19
      locations: 81
  Route #20  travel= 540  wait= 12  cost=540.00  demand=49
      customers: 20
      locations: 84
  Route #21  travel= 210  wait= 54  cost=210.00  demand=47
      customers: 21
      locations: 87
  Route #22  travel= 192  wait=  0  cost=192.00  demand=32
      customers: 22
      locations: 91
  Route #23  travel= 250  wait=292  cost=250.00  demand=79
      customers: 23
      locations: 94
  Route #24  travel= 154  wait=195  cost=154.00  demand=48
      customers: 24
      locations: 98
  Route #25  travel= 258  wait= 54  cost=258.00  demand=50
      customers: 25
      locations: 103
  Route #26  travel=  84  wait=  0  cost=84.00  demand=41
      customers: 26
      locations: 104
  Route #27  travel= 156  wait=120  cost=156.00  demand=41
      customers: 27
      locations: 110
  Route #28  travel= 228  wait=151  cost=228.00  demand=44
      customers: 28
      locations: 115
  Route #29  travel= 552  wait=  0  cost=552.00  demand=27
      customers: 29
      locations: 120
  Route #30  travel= 362  wait= 18  cost=362.00  demand=68
      customers: 30
      locations: 126

end_time=2026-04-20 13:20:26
