instance_json=/mnt/c/Users/porin/OneDrive/Documentos/Python-Mestrado/Modelagem Matemática/Programação Inteira - Uchoa/Problema VRPRDL/instancias_turco/VRPRDL-triangle/json_convertidos/instance_13-triangle.json
instance_log=/mnt/c/Users/porin/OneDrive/Documentos/Python-Mestrado/Modelagem Matemática/Programação Inteira - Uchoa/Problema VRPRDL/instancias_turco/VRPRDL-triangle/logs_vrp_convertidos/instance_13-triangle.log
alpha_wait=0.0
start_time=2026-04-20 13:20:26

========================================
Instância       : instance_13-triangle.txt
JSON            : /mnt/c/Users/porin/OneDrive/Documentos/Python-Mestrado/Modelagem Matemática/Programação Inteira - Uchoa/Problema VRPRDL/instancias_turco/VRPRDL-triangle/json_convertidos/instance_13-triangle.json
VRPSolver log   : /mnt/c/Users/porin/OneDrive/Documentos/Python-Mestrado/Modelagem Matemática/Programação Inteira - Uchoa/Problema VRPRDL/instancias_turco/VRPRDL-triangle/logs_vrp_convertidos/instance_13-triangle.log
n_customers     : 30
n_locations     : 108
time_horizon    : 720
capacity        : 750
alpha_wait      : 0.0
========================================
[vrpsolver] backbones lidos: 2
[pool] rotas do VRPSolver/variantes: 0
[pool] singletons viáveis           : 30 / 30
[pool] total inicial                : 30
[cg] it=  1  LP=6860.0000  cols=30  new=0  rc_min=0.0000
[cg] LP bound = 6860.0  |  resolvendo MIP com 30 colunas...
========================================
CG finalizado.
status MIP      : OPTIMAL
LP bound        : 6860.0
MIP objetivo    : 6860.0
veículos usados : 30
tempo total     : 0.06 s
========================================
Rotas selecionadas:
  Route #1  travel= 246  wait= 84  cost=246.00  demand=54
      customers: 1
      locations: 3
  Route #2  travel= 188  wait=429  cost=188.00  demand=34
      customers: 2
      locations: 12
  Route #3  travel= 422  wait= 23  cost=422.00  demand=81
      customers: 3
      locations: 14
  Route #4  travel= 120  wait=  0  cost=120.00  demand=39
      customers: 4
      locations: 17
  Route #5  travel= 172  wait=  0  cost=172.00  demand=39
      customers: 5
      locations: 18
  Route #6  travel= 186  wait=  0  cost=186.00  demand=57
      customers: 6
      locations: 19
  Route #7  travel= 268  wait=150  cost=268.00  demand=42
      customers: 7
      locations: 21
  Route #8  travel= 244  wait=371  cost=244.00  demand=46
      customers: 8
      locations: 26
  Route #9  travel=  60  wait=  0  cost=60.00  demand=35
      customers: 9
      locations: 28
  Route #10  travel= 104  wait=  0  cost=104.00  demand=60
      customers: 10
      locations: 33
  Route #11  travel=  10  wait=353  cost=10.00  demand=57
      customers: 11
      locations: 39
  Route #12  travel=  72  wait=572  cost=72.00  demand=55
      customers: 12
      locations: 45
  Route #13  travel= 498  wait=  0  cost=498.00  demand=57
      customers: 13
      locations: 49
  Route #14  travel= 318  wait=  0  cost=318.00  demand=53
      customers: 14
      locations: 53
  Route #15  travel= 360  wait=270  cost=360.00  demand=48
      customers: 15
      locations: 56
  Route #16  travel= 416  wait=  0  cost=416.00  demand=48
      customers: 16
      locations: 57
  Route #17  travel= 230  wait=301  cost=230.00  demand=50
      customers: 17
      locations: 61
  Route #18  travel= 498  wait= 54  cost=498.00  demand=62
      customers: 18
      locations: 65
  Route #19  travel= 340  wait= 20  cost=340.00  demand=61
      customers: 19
      locations: 68
  Route #20  travel=  92  wait=  0  cost=92.00  demand=60
      customers: 20
      locations: 71
  Route #21  travel= 204  wait=376  cost=204.00  demand=42
      customers: 21
      locations: 76
  Route #22  travel= 408  wait=223  cost=408.00  demand=51
      customers: 22
      locations: 79
  Route #23  travel=  30  wait=178  cost=30.00  demand=36
      customers: 23
      locations: 82
  Route #24  travel= 460  wait=224  cost=460.00  demand=36
      customers: 24
      locations: 89
  Route #25  travel= 122  wait=  0  cost=122.00  demand=42
      customers: 25
      locations: 92
  Route #26  travel= 298  wait=372  cost=298.00  demand=55
      customers: 26
      locations: 96
  Route #27  travel=  20  wait=  0  cost=20.00  demand=35
      customers: 27
      locations: 98
  Route #28  travel=  30  wait=  0  cost=30.00  demand=37
      customers: 28
      locations: 102
  Route #29  travel= 334  wait=  0  cost=334.00  demand=39
      customers: 29
      locations: 105
  Route #30  travel= 110  wait=  0  cost=110.00  demand=3
      customers: 30
      locations: 106

end_time=2026-04-20 13:20:26
