instance_json=/mnt/c/Users/porin/OneDrive/Documentos/Python-Mestrado/Modelagem Matemática/Programação Inteira - Uchoa/Problema VRPRDL/instancias_turco/VRPRDL-triangle/json_convertidos/instance_29-triangle.json
instance_log=/mnt/c/Users/porin/OneDrive/Documentos/Python-Mestrado/Modelagem Matemática/Programação Inteira - Uchoa/Problema VRPRDL/instancias_turco/VRPRDL-triangle/logs_vrp_convertidos/instance_29-triangle.log
alpha_wait=0.0
start_time=2026-04-20 13:20:30

========================================
Instância       : instance_29-triangle.txt
JSON            : /mnt/c/Users/porin/OneDrive/Documentos/Python-Mestrado/Modelagem Matemática/Programação Inteira - Uchoa/Problema VRPRDL/instancias_turco/VRPRDL-triangle/json_convertidos/instance_29-triangle.json
VRPSolver log   : /mnt/c/Users/porin/OneDrive/Documentos/Python-Mestrado/Modelagem Matemática/Programação Inteira - Uchoa/Problema VRPRDL/instancias_turco/VRPRDL-triangle/logs_vrp_convertidos/instance_29-triangle.log
n_customers     : 60
n_locations     : 239
time_horizon    : 720
capacity        : 750
alpha_wait      : 0.0
========================================
[vrpsolver] backbones lidos: 4
[pool] rotas do VRPSolver/variantes: 0
[pool] singletons viáveis           : 60 / 60
[pool] total inicial                : 60
[cg] it=  1  LP=20728.0000  cols=60  new=0  rc_min=0.0000
[cg] LP bound = 20728.0  |  resolvendo MIP com 60 colunas...
========================================
CG finalizado.
status MIP      : OPTIMAL
LP bound        : 20728.0
MIP objetivo    : 20728.0
veículos usados : 60
tempo total     : 0.68 s
========================================
Rotas selecionadas:
  Route #1  travel= 660  wait=  0  cost=660.00  demand=67
      customers: 1
      locations: 2
  Route #2  travel=  40  wait=433  cost=40.00  demand=32
      customers: 2
      locations: 7
  Route #3  travel= 220  wait=307  cost=220.00  demand=46
      customers: 3
      locations: 10
  Route #4  travel= 618  wait=  0  cost=618.00  demand=54
      customers: 4
      locations: 14
  Route #5  travel= 522  wait=  0  cost=522.00  demand=50
      customers: 5
      locations: 18
  Route #6  travel= 500  wait= 31  cost=500.00  demand=52
      customers: 6
      locations: 22
  Route #7  travel=  94  wait=  0  cost=94.00  demand=53
      customers: 7
      locations: 26
  Route #8  travel= 614  wait=  0  cost=614.00  demand=57
      customers: 8
      locations: 32
  Route #9  travel= 138  wait=  0  cost=138.00  demand=35
      customers: 9
      locations: 33
  Route #10  travel= 280  wait=198  cost=280.00  demand=60
      customers: 10
      locations: 36
  Route #11  travel= 294  wait=  0  cost=294.00  demand=68
      customers: 11
      locations: 40
  Route #12  travel= 390  wait=  0  cost=390.00  demand=27
      customers: 12
      locations: 43
  Route #13  travel= 608  wait= 31  cost=608.00  demand=47
      customers: 13
      locations: 49
  Route #14  travel= 560  wait= 39  cost=560.00  demand=42
      customers: 14
      locations: 52
  Route #15  travel= 184  wait=330  cost=184.00  demand=20
      customers: 15
      locations: 59
  Route #16  travel= 262  wait=365  cost=262.00  demand=68
      customers: 16
      locations: 63
  Route #17  travel=  24  wait=553  cost=24.00  demand=46
      customers: 17
      locations: 69
  Route #18  travel= 236  wait= 69  cost=236.00  demand=50
      customers: 18
      locations: 72
  Route #19  travel= 642  wait=  0  cost=642.00  demand=34
      customers: 19
      locations: 79
  Route #20  travel= 160  wait=237  cost=160.00  demand=46
      customers: 20
      locations: 83
  Route #21  travel= 374  wait=127  cost=374.00  demand=60
      customers: 21
      locations: 89
  Route #22  travel=  60  wait=  0  cost=60.00  demand=51
      customers: 22
      locations: 90
  Route #23  travel= 302  wait=  0  cost=302.00  demand=17
      customers: 23
      locations: 91
  Route #24  travel= 178  wait=452  cost=178.00  demand=55
      customers: 24
      locations: 96
  Route #25  travel= 534  wait=136  cost=534.00  demand=50
      customers: 25
      locations: 101
  Route #26  travel= 312  wait=218  cost=312.00  demand=19
      customers: 26
      locations: 106
  Route #27  travel=  18  wait=  0  cost=18.00  demand=73
      customers: 27
      locations: 108
  Route #28  travel= 128  wait=502  cost=128.00  demand=52
      customers: 28
      locations: 117
  Route #29  travel= 450  wait=221  cost=450.00  demand=68
      customers: 29
      locations: 122
  Route #30  travel= 408  wait=171  cost=408.00  demand=22
      customers: 30
      locations: 125
  Route #31  travel= 696  wait=  0  cost=696.00  demand=46
      customers: 31
      locations: 128
  Route #32  travel=  80  wait=493  cost=80.00  demand=43
      customers: 32
      locations: 132
  Route #33  travel= 250  wait=343  cost=250.00  demand=50
      customers: 33
      locations: 136
  Route #34  travel= 572  wait= 54  cost=572.00  demand=82
      customers: 34
      locations: 141
  Route #35  travel= 600  wait=  0  cost=600.00  demand=47
      customers: 35
      locations: 142
  Route #36  travel= 356  wait= 15  cost=356.00  demand=60
      customers: 36
      locations: 147
  Route #37  travel= 500  wait=  0  cost=500.00  demand=63
      customers: 37
      locations: 150
  Route #38  travel= 394  wait= 51  cost=394.00  demand=50
      customers: 38
      locations: 152
  Route #39  travel= 622  wait= 89  cost=622.00  demand=55
      customers: 39
      locations: 156
  Route #40  travel= 302  wait=  0  cost=302.00  demand=59
      customers: 40
      locations: 157
  Route #41  travel= 448  wait=  0  cost=448.00  demand=42
      customers: 41
      locations: 159
  Route #42  travel= 300  wait=207  cost=300.00  demand=41
      customers: 42
      locations: 165
  Route #43  travel=  48  wait=336  cost=48.00  demand=20
      customers: 43
      locations: 170
  Route #44  travel= 170  wait=  0  cost=170.00  demand=29
      customers: 44
      locations: 173
  Route #45  travel= 634  wait=  0  cost=634.00  demand=22
      customers: 45
      locations: 174
  Route #46  travel= 190  wait=414  cost=190.00  demand=29
      customers: 46
      locations: 179
  Route #47  travel= 198  wait=443  cost=198.00  demand=45
      customers: 47
      locations: 184
  Route #48  travel= 460  wait=  0  cost=460.00  demand=46
      customers: 48
      locations: 187
  Route #49  travel= 336  wait=141  cost=336.00  demand=51
      customers: 49
      locations: 193
  Route #50  travel= 570  wait= 42  cost=570.00  demand=51
      customers: 50
      locations: 199
  Route #51  travel= 388  wait=161  cost=388.00  demand=59
      customers: 51
      locations: 204
  Route #52  travel= 378  wait=306  cost=378.00  demand=31
      customers: 52
      locations: 210
  Route #53  travel= 264  wait=307  cost=264.00  demand=47
      customers: 53
      locations: 214
  Route #54  travel= 698  wait=  7  cost=698.00  demand=66
      customers: 54
      locations: 216
  Route #55  travel= 326  wait=  0  cost=326.00  demand=58
      customers: 55
      locations: 218
  Route #56  travel=  46  wait=110  cost=46.00  demand=55
      customers: 56
      locations: 220
  Route #57  travel= 320  wait=  0  cost=320.00  demand=32
      customers: 57
      locations: 224
  Route #58  travel= 332  wait=  3  cost=332.00  demand=45
      customers: 58
      locations: 226
  Route #59  travel= 350  wait=  0  cost=350.00  demand=69
      customers: 59
      locations: 231
  Route #60  travel=  90  wait= 93  cost=90.00  demand=51
      customers: 60
      locations: 234

end_time=2026-04-20 13:20:31
