instance_json=/mnt/c/Users/porin/OneDrive/Documentos/Python-Mestrado/Modelagem Matemática/Programação Inteira - Uchoa/Problema VRPRDL/instancias_turco/VRPRDL-triangle/json_convertidos/instance_36-triangle.json
instance_log=/mnt/c/Users/porin/OneDrive/Documentos/Python-Mestrado/Modelagem Matemática/Programação Inteira - Uchoa/Problema VRPRDL/instancias_turco/VRPRDL-triangle/logs_vrp_convertidos/instance_36-triangle.log
alpha_wait=0.0
start_time=2026-04-20 13:20:40

========================================
Instância       : instance_36-triangle.txt
JSON            : /mnt/c/Users/porin/OneDrive/Documentos/Python-Mestrado/Modelagem Matemática/Programação Inteira - Uchoa/Problema VRPRDL/instancias_turco/VRPRDL-triangle/json_convertidos/instance_36-triangle.json
VRPSolver log   : /mnt/c/Users/porin/OneDrive/Documentos/Python-Mestrado/Modelagem Matemática/Programação Inteira - Uchoa/Problema VRPRDL/instancias_turco/VRPRDL-triangle/logs_vrp_convertidos/instance_36-triangle.log
n_customers     : 120
n_locations     : 468
time_horizon    : 720
capacity        : 750
alpha_wait      : 0.0
========================================
[vrpsolver] backbones lidos: 8
[pool] rotas do VRPSolver/variantes: 0
[pool] singletons viáveis           : 120 / 120
[pool] total inicial                : 120
[cg] it=  1  LP=35712.0000  cols=120  new=0  rc_min=0.0000
[cg] LP bound = 35712.0  |  resolvendo MIP com 120 colunas...
========================================
CG finalizado.
status MIP      : OPTIMAL
LP bound        : 35712.0
MIP objetivo    : 35712.0
veículos usados : 120
tempo total     : 2.1 s
========================================
Rotas selecionadas:
  Route #1  travel= 684  wait=  4  cost=684.00  demand=54
      customers: 1
      locations: 2
  Route #2  travel= 550  wait=105  cost=550.00  demand=53
      customers: 2
      locations: 7
  Route #3  travel=  52  wait=  0  cost=52.00  demand=60
      customers: 3
      locations: 10
  Route #4  travel= 116  wait=  0  cost=116.00  demand=62
      customers: 4
      locations: 13
  Route #5  travel=  30  wait=431  cost=30.00  demand=71
      customers: 5
      locations: 20
  Route #6  travel= 536  wait=103  cost=536.00  demand=67
      customers: 6
      locations: 24
  Route #7  travel=  96  wait=100  cost=96.00  demand=84
      customers: 7
      locations: 28
  Route #8  travel=  12  wait=  0  cost=12.00  demand=43
      customers: 8
      locations: 31
  Route #9  travel= 394  wait=277  cost=394.00  demand=59
      customers: 9
      locations: 36
  Route #10  travel= 538  wait=  0  cost=538.00  demand=61
      customers: 10
      locations: 37
  Route #11  travel= 270  wait=210  cost=270.00  demand=33
      customers: 11
      locations: 40
  Route #12  travel= 546  wait=  0  cost=546.00  demand=44
      customers: 12
      locations: 44
  Route #13  travel= 630  wait= 40  cost=630.00  demand=39
      customers: 13
      locations: 47
  Route #14  travel= 368  wait=  0  cost=368.00  demand=41
      customers: 14
      locations: 49
  Route #15  travel=  48  wait=635  cost=48.00  demand=53
      customers: 15
      locations: 52
  Route #16  travel= 196  wait= 36  cost=196.00  demand=65
      customers: 16
      locations: 54
  Route #17  travel= 390  wait=106  cost=390.00  demand=57
      customers: 17
      locations: 61
  Route #18  travel=  52  wait= 22  cost=52.00  demand=39
      customers: 18
      locations: 65
  Route #19  travel= 184  wait=272  cost=184.00  demand=31
      customers: 19
      locations: 69
  Route #20  travel=  76  wait=470  cost=76.00  demand=48
      customers: 20
      locations: 74
  Route #21  travel= 344  wait=  0  cost=344.00  demand=47
      customers: 21
      locations: 76
  Route #22  travel= 566  wait= 76  cost=566.00  demand=48
      customers: 22
      locations: 79
  Route #23  travel= 340  wait=  0  cost=340.00  demand=19
      customers: 23
      locations: 82
  Route #24  travel= 340  wait= 33  cost=340.00  demand=63
      customers: 24
      locations: 88
  Route #25  travel= 154  wait=  0  cost=154.00  demand=57
      customers: 25
      locations: 92
  Route #26  travel= 470  wait= 14  cost=470.00  demand=63
      customers: 26
      locations: 95
  Route #27  travel= 596  wait=  0  cost=596.00  demand=38
      customers: 27
      locations: 99
  Route #28  travel= 424  wait= 92  cost=424.00  demand=27
      customers: 28
      locations: 102
  Route #29  travel= 616  wait=  0  cost=616.00  demand=67
      customers: 29
      locations: 103
  Route #30  travel= 474  wait=120  cost=474.00  demand=59
      customers: 30
      locations: 105
  Route #31  travel= 356  wait=200  cost=356.00  demand=57
      customers: 31
      locations: 110
  Route #32  travel= 404  wait=297  cost=404.00  demand=56
      customers: 32
      locations: 117
  Route #33  travel= 180  wait=135  cost=180.00  demand=52
      customers: 33
      locations: 121
  Route #34  travel= 110  wait= 61  cost=110.00  demand=41
      customers: 34
      locations: 126
  Route #35  travel= 240  wait=145  cost=240.00  demand=32
      customers: 35
      locations: 130
  Route #36  travel=  58  wait=570  cost=58.00  demand=33
      customers: 36
      locations: 136
  Route #37  travel= 160  wait=542  cost=160.00  demand=45
      customers: 37
      locations: 140
  Route #38  travel= 366  wait=161  cost=366.00  demand=51
      customers: 38
      locations: 142
  Route #39  travel=  66  wait=514  cost=66.00  demand=54
      customers: 39
      locations: 148
  Route #40  travel= 280  wait=  0  cost=280.00  demand=37
      customers: 40
      locations: 151
  Route #41  travel= 354  wait=  0  cost=354.00  demand=75
      customers: 41
      locations: 154
  Route #42  travel= 394  wait=  0  cost=394.00  demand=66
      customers: 42
      locations: 156
  Route #43  travel=  26  wait=  0  cost=26.00  demand=61
      customers: 43
      locations: 158
  Route #44  travel= 234  wait=  0  cost=234.00  demand=29
      customers: 44
      locations: 159
  Route #45  travel= 652  wait=  0  cost=652.00  demand=39
      customers: 45
      locations: 161
  Route #46  travel= 182  wait=498  cost=182.00  demand=44
      customers: 46
      locations: 166
  Route #47  travel= 174  wait=  0  cost=174.00  demand=49
      customers: 47
      locations: 167
  Route #48  travel=  68  wait=156  cost=68.00  demand=82
      customers: 48
      locations: 170
  Route #49  travel= 436  wait=  0  cost=436.00  demand=64
      customers: 49
      locations: 173
  Route #50  travel= 444  wait=209  cost=444.00  demand=41
      customers: 50
      locations: 176
  Route #51  travel=  60  wait=385  cost=60.00  demand=26
      customers: 51
      locations: 181
  Route #52  travel= 214  wait=197  cost=214.00  demand=53
      customers: 52
      locations: 186
  Route #53  travel= 686  wait=  0  cost=686.00  demand=59
      customers: 53
      locations: 191
  Route #54  travel= 170  wait=  0  cost=170.00  demand=15
      customers: 54
      locations: 193
  Route #55  travel= 164  wait=482  cost=164.00  demand=44
      customers: 55
      locations: 198
  Route #56  travel=  40  wait=388  cost=40.00  demand=17
      customers: 56
      locations: 201
  Route #57  travel=  74  wait=377  cost=74.00  demand=57
      customers: 57
      locations: 206
  Route #58  travel= 264  wait=  0  cost=264.00  demand=16
      customers: 58
      locations: 209
  Route #59  travel=  58  wait=155  cost=58.00  demand=37
      customers: 59
      locations: 215
  Route #60  travel= 184  wait=324  cost=184.00  demand=52
      customers: 60
      locations: 223
  Route #61  travel= 120  wait=  0  cost=120.00  demand=50
      customers: 61
      locations: 225
  Route #62  travel= 390  wait=305  cost=390.00  demand=66
      customers: 62
      locations: 234
  Route #63  travel= 364  wait=  0  cost=364.00  demand=75
      customers: 63
      locations: 237
  Route #64  travel= 340  wait=  0  cost=340.00  demand=37
      customers: 64
      locations: 238
  Route #65  travel=  34  wait=148  cost=34.00  demand=23
      customers: 65
      locations: 240
  Route #66  travel= 136  wait=233  cost=136.00  demand=55
      customers: 66
      locations: 244
  Route #67  travel= 216  wait= 43  cost=216.00  demand=38
      customers: 67
      locations: 248
  Route #68  travel= 538  wait=  0  cost=538.00  demand=72
      customers: 68
      locations: 255
  Route #69  travel= 242  wait=144  cost=242.00  demand=62
      customers: 69
      locations: 258
  Route #70  travel= 108  wait=  0  cost=108.00  demand=52
      customers: 70
      locations: 262
  Route #71  travel=  46  wait=  0  cost=46.00  demand=39
      customers: 71
      locations: 264
  Route #72  travel= 152  wait=434  cost=152.00  demand=54
      customers: 72
      locations: 268
  Route #73  travel= 668  wait= 19  cost=668.00  demand=39
      customers: 73
      locations: 273
  Route #74  travel=  92  wait=611  cost=92.00  demand=66
      customers: 74
      locations: 278
  Route #75  travel= 640  wait= 61  cost=640.00  demand=27
      customers: 75
      locations: 282
  Route #76  travel= 232  wait=  0  cost=232.00  demand=58
      customers: 76
      locations: 284
  Route #77  travel= 322  wait=  0  cost=322.00  demand=0
      customers: 77
      locations: 287
  Route #78  travel= 304  wait=197  cost=304.00  demand=64
      customers: 78
      locations: 291
  Route #79  travel=  82  wait=  0  cost=82.00  demand=81
      customers: 79
      locations: 295
  Route #80  travel= 122  wait=104  cost=122.00  demand=51
      customers: 80
      locations: 300
  Route #81  travel= 186  wait=139  cost=186.00  demand=36
      customers: 81
      locations: 306
  Route #82  travel= 474  wait= 67  cost=474.00  demand=45
      customers: 82
      locations: 312
  Route #83  travel= 298  wait=249  cost=298.00  demand=18
      customers: 83
      locations: 318
  Route #84  travel= 338  wait= 24  cost=338.00  demand=32
      customers: 84
      locations: 322
  Route #85  travel= 162  wait=418  cost=162.00  demand=71
      customers: 85
      locations: 331
  Route #86  travel=  76  wait=  0  cost=76.00  demand=28
      customers: 86
      locations: 333
  Route #87  travel= 278  wait=223  cost=278.00  demand=54
      customers: 87
      locations: 337
  Route #88  travel= 582  wait=132  cost=582.00  demand=24
      customers: 88
      locations: 342
  Route #89  travel= 400  wait=124  cost=400.00  demand=38
      customers: 89
      locations: 345
  Route #90  travel= 476  wait=148  cost=476.00  demand=66
      customers: 90
      locations: 349
  Route #91  travel= 148  wait=  0  cost=148.00  demand=50
      customers: 91
      locations: 351
  Route #92  travel= 580  wait=  0  cost=580.00  demand=44
      customers: 92
      locations: 355
  Route #93  travel= 410  wait=245  cost=410.00  demand=40
      customers: 93
      locations: 359
  Route #94  travel= 154  wait=  0  cost=154.00  demand=43
      customers: 94
      locations: 361
  Route #95  travel= 500  wait=130  cost=500.00  demand=36
      customers: 95
      locations: 367
  Route #96  travel= 242  wait=310  cost=242.00  demand=63
      customers: 96
      locations: 372
  Route #97  travel=  44  wait=344  cost=44.00  demand=60
      customers: 97
      locations: 377
  Route #98  travel= 180  wait=496  cost=180.00  demand=66
      customers: 98
      locations: 384
  Route #99  travel= 186  wait=  0  cost=186.00  demand=67
      customers: 99
      locations: 385
  Route #100  travel= 360  wait=208  cost=360.00  demand=45
      customers: 100
      locations: 391
  Route #101  travel= 320  wait=  0  cost=320.00  demand=39
      customers: 101
      locations: 395
  Route #102  travel= 466  wait=  0  cost=466.00  demand=45
      customers: 102
      locations: 399
  Route #103  travel= 164  wait=443  cost=164.00  demand=52
      customers: 103
      locations: 405
  Route #104  travel= 168  wait=  0  cost=168.00  demand=49
      customers: 104
      locations: 407
  Route #105  travel= 526  wait=  0  cost=526.00  demand=69
      customers: 105
      locations: 408
  Route #106  travel= 132  wait=270  cost=132.00  demand=49
      customers: 106
      locations: 413
  Route #107  travel= 158  wait=359  cost=158.00  demand=46
      customers: 107
      locations: 418
  Route #108  travel=  12  wait=  0  cost=12.00  demand=39
      customers: 108
      locations: 420
  Route #109  travel= 484  wait=  0  cost=484.00  demand=33
      customers: 109
      locations: 427
  Route #110  travel= 598  wait=  0  cost=598.00  demand=56
      customers: 110
      locations: 429
  Route #111  travel= 542  wait= 48  cost=542.00  demand=52
      customers: 111
      locations: 432
  Route #112  travel=  96  wait= 78  cost=96.00  demand=60
      customers: 112
      locations: 436
  Route #113  travel= 474  wait=  0  cost=474.00  demand=69
      customers: 113
      locations: 441
  Route #114  travel= 664  wait=  0  cost=664.00  demand=28
      customers: 114
      locations: 444
  Route #115  travel= 438  wait=207  cost=438.00  demand=55
      customers: 115
      locations: 447
  Route #116  travel=  86  wait=536  cost=86.00  demand=63
      customers: 116
      locations: 452
  Route #117  travel= 524  wait= 38  cost=524.00  demand=50
      customers: 117
      locations: 454
  Route #118  travel= 348  wait= 98  cost=348.00  demand=50
      customers: 118
      locations: 457
  Route #119  travel= 640  wait=  0  cost=640.00  demand=43
      customers: 119
      locations: 461
  Route #120  travel= 460  wait=106  cost=460.00  demand=42
      customers: 120
      locations: 466

end_time=2026-04-20 13:20:43
