instance_json=/mnt/c/Users/porin/OneDrive/Documentos/Python-Mestrado/Modelagem Matemática/Programação Inteira - Uchoa/Problema VRPRDL/instancias_turco/VRPRDL-triangle/json_convertidos/instance_1-triangle.json
instance_log=/mnt/c/Users/porin/OneDrive/Documentos/Python-Mestrado/Modelagem Matemática/Programação Inteira - Uchoa/Problema VRPRDL/instancias_turco/VRPRDL-triangle/logs_vrp_convertidos/instance_1-triangle.log
alpha_wait=0.0
start_time=2026-04-20 13:20:25

========================================
Instância       : instance_1-triangle.txt
JSON            : /mnt/c/Users/porin/OneDrive/Documentos/Python-Mestrado/Modelagem Matemática/Programação Inteira - Uchoa/Problema VRPRDL/instancias_turco/VRPRDL-triangle/json_convertidos/instance_1-triangle.json
VRPSolver log   : /mnt/c/Users/porin/OneDrive/Documentos/Python-Mestrado/Modelagem Matemática/Programação Inteira - Uchoa/Problema VRPRDL/instancias_turco/VRPRDL-triangle/logs_vrp_convertidos/instance_1-triangle.log
n_customers     : 15
n_locations     : 58
time_horizon    : 720
capacity        : 750
alpha_wait      : 0.0
========================================
[vrpsolver] backbones lidos: 1
[pool] rotas do VRPSolver/variantes: 0
[pool] singletons viáveis           : 15 / 15
[pool] total inicial                : 15
[cg] it=  1  LP=4436.0000  cols=15  new=0  rc_min=0.0000
[cg] LP bound = 4436.0  |  resolvendo MIP com 15 colunas...
========================================
CG finalizado.
status MIP      : OPTIMAL
LP bound        : 4436.0
MIP objetivo    : 4436.0
veículos usados : 15
tempo total     : 0.23 s
========================================
Rotas selecionadas:
  Route #1  travel= 372  wait=163  cost=372.00  demand=69
      customers: 1
      locations: 3
  Route #2  travel= 550  wait= 68  cost=550.00  demand=18
      customers: 2
      locations: 11
  Route #3  travel= 162  wait=415  cost=162.00  demand=38
      customers: 3
      locations: 15
  Route #4  travel= 248  wait=  0  cost=248.00  demand=37
      customers: 4
      locations: 17
  Route #5  travel= 256  wait=249  cost=256.00  demand=71
      customers: 5
      locations: 20
  Route #6  travel= 534  wait=  0  cost=534.00  demand=63
      customers: 6
      locations: 23
  Route #7  travel= 594  wait=  0  cost=594.00  demand=30
      customers: 7
      locations: 26
  Route #8  travel= 240  wait=356  cost=240.00  demand=50
      customers: 8
      locations: 30
  Route #9  travel=  50  wait= 69  cost=50.00  demand=48
      customers: 9
      locations: 32
  Route #10  travel= 328  wait=  0  cost=328.00  demand=48
      customers: 10
      locations: 35
  Route #11  travel= 112  wait=430  cost=112.00  demand=19
      customers: 11
      locations: 39
  Route #12  travel= 358  wait=  0  cost=358.00  demand=41
      customers: 12
      locations: 40
  Route #13  travel= 164  wait=  0  cost=164.00  demand=75
      customers: 13
      locations: 41
  Route #14  travel= 432  wait=  0  cost=432.00  demand=11
      customers: 14
      locations: 47
  Route #15  travel=  36  wait=204  cost=36.00  demand=62
      customers: 15
      locations: 53

end_time=2026-04-20 13:20:25
