instance_json=/mnt/c/Users/porin/OneDrive/Documentos/Python-Mestrado/Modelagem Matemática/Programação Inteira - Uchoa/Problema VRPRDL/instancias_turco/VRPRDL-triangle/json_convertidos/instance_15-triangle.json
instance_log=/mnt/c/Users/porin/OneDrive/Documentos/Python-Mestrado/Modelagem Matemática/Programação Inteira - Uchoa/Problema VRPRDL/instancias_turco/VRPRDL-triangle/logs_vrp_convertidos/instance_15-triangle.log
alpha_wait=0.0
start_time=2026-04-20 13:20:26

========================================
Instância       : instance_15-triangle.txt
JSON            : /mnt/c/Users/porin/OneDrive/Documentos/Python-Mestrado/Modelagem Matemática/Programação Inteira - Uchoa/Problema VRPRDL/instancias_turco/VRPRDL-triangle/json_convertidos/instance_15-triangle.json
VRPSolver log   : /mnt/c/Users/porin/OneDrive/Documentos/Python-Mestrado/Modelagem Matemática/Programação Inteira - Uchoa/Problema VRPRDL/instancias_turco/VRPRDL-triangle/logs_vrp_convertidos/instance_15-triangle.log
n_customers     : 30
n_locations     : 120
time_horizon    : 720
capacity        : 750
alpha_wait      : 0.0
========================================
[vrpsolver] backbones lidos: 2
[pool] rotas do VRPSolver/variantes: 0
[pool] singletons viáveis           : 30 / 30
[pool] total inicial                : 30
[cg] it=  1  LP=8516.0000  cols=30  new=0  rc_min=0.0000
[cg] LP bound = 8516.0  |  resolvendo MIP com 30 colunas...
========================================
CG finalizado.
status MIP      : OPTIMAL
LP bound        : 8516.0
MIP objetivo    : 8516.0
veículos usados : 30
tempo total     : 0.06 s
========================================
Rotas selecionadas:
  Route #1  travel= 586  wait=  0  cost=586.00  demand=48
      customers: 1
      locations: 2
  Route #2  travel=  62  wait=  0  cost=62.00  demand=56
      customers: 2
      locations: 4
  Route #3  travel= 468  wait=  0  cost=468.00  demand=48
      customers: 3
      locations: 5
  Route #4  travel= 614  wait= 85  cost=614.00  demand=35
      customers: 4
      locations: 8
  Route #5  travel=  18  wait=310  cost=18.00  demand=56
      customers: 5
      locations: 12
  Route #6  travel= 302  wait=105  cost=302.00  demand=48
      customers: 6
      locations: 17
  Route #7  travel=  34  wait=  0  cost=34.00  demand=42
      customers: 7
      locations: 19
  Route #8  travel=  94  wait=460  cost=94.00  demand=55
      customers: 8
      locations: 28
  Route #9  travel= 424  wait=167  cost=424.00  demand=42
      customers: 9
      locations: 32
  Route #10  travel= 640  wait=  0  cost=640.00  demand=64
      customers: 10
      locations: 36
  Route #11  travel= 238  wait=107  cost=238.00  demand=44
      customers: 11
      locations: 38
  Route #12  travel= 344  wait= 77  cost=344.00  demand=31
      customers: 12
      locations: 42
  Route #13  travel= 180  wait=298  cost=180.00  demand=36
      customers: 13
      locations: 46
  Route #14  travel= 592  wait=  0  cost=592.00  demand=33
      customers: 14
      locations: 50
  Route #15  travel= 118  wait= 40  cost=118.00  demand=11
      customers: 15
      locations: 54
  Route #16  travel=  22  wait=692  cost=22.00  demand=64
      customers: 16
      locations: 59
  Route #17  travel= 628  wait= 34  cost=628.00  demand=67
      customers: 17
      locations: 62
  Route #18  travel=  90  wait=  0  cost=90.00  demand=62
      customers: 18
      locations: 65
  Route #19  travel=  16  wait=  0  cost=16.00  demand=61
      customers: 19
      locations: 68
  Route #20  travel= 328  wait=250  cost=328.00  demand=40
      customers: 20
      locations: 77
  Route #21  travel=   6  wait=  0  cost=6.00  demand=49
      customers: 21
      locations: 80
  Route #22  travel=  58  wait=450  cost=58.00  demand=63
      customers: 22
      locations: 89
  Route #23  travel= 328  wait=  4  cost=328.00  demand=41
      customers: 23
      locations: 92
  Route #24  travel= 514  wait=  0  cost=514.00  demand=69
      customers: 24
      locations: 94
  Route #25  travel= 496  wait=  0  cost=496.00  demand=44
      customers: 25
      locations: 97
  Route #26  travel= 384  wait=  0  cost=384.00  demand=19
      customers: 26
      locations: 102
  Route #27  travel=  66  wait=  0  cost=66.00  demand=70
      customers: 27
      locations: 105
  Route #28  travel= 434  wait=107  cost=434.00  demand=42
      customers: 28
      locations: 108
  Route #29  travel= 164  wait=187  cost=164.00  demand=82
      customers: 29
      locations: 114
  Route #30  travel= 268  wait=  0  cost=268.00  demand=47
      customers: 30
      locations: 118

end_time=2026-04-20 13:20:26
