instance_json=/mnt/c/Users/porin/OneDrive/Documentos/Python-Mestrado/Modelagem Matemática/Programação Inteira - Uchoa/Problema VRPRDL/instancias_turco/VRPRDL-triangle/json_convertidos/instance_23-triangle.json
instance_log=/mnt/c/Users/porin/OneDrive/Documentos/Python-Mestrado/Modelagem Matemática/Programação Inteira - Uchoa/Problema VRPRDL/instancias_turco/VRPRDL-triangle/logs_vrp_convertidos/instance_23-triangle.log
alpha_wait=0.0
start_time=2026-04-20 13:20:28

========================================
Instância       : instance_23-triangle.txt
JSON            : /mnt/c/Users/porin/OneDrive/Documentos/Python-Mestrado/Modelagem Matemática/Programação Inteira - Uchoa/Problema VRPRDL/instancias_turco/VRPRDL-triangle/json_convertidos/instance_23-triangle.json
VRPSolver log   : /mnt/c/Users/porin/OneDrive/Documentos/Python-Mestrado/Modelagem Matemática/Programação Inteira - Uchoa/Problema VRPRDL/instancias_turco/VRPRDL-triangle/logs_vrp_convertidos/instance_23-triangle.log
n_customers     : 60
n_locations     : 230
time_horizon    : 720
capacity        : 750
alpha_wait      : 0.0
========================================
[vrpsolver] backbones lidos: 5
[pool] rotas do VRPSolver/variantes: 1
[pool] singletons viáveis           : 60 / 60
[pool] total inicial                : 61
[cg] it=  1  LP=19676.0000  cols=61  new=0  rc_min=0.0000
[cg] LP bound = 19676.0  |  resolvendo MIP com 61 colunas...
========================================
CG finalizado.
status MIP      : OPTIMAL
LP bound        : 19676.0
MIP objetivo    : 19676.0
veículos usados : 59
tempo total     : 0.49 s
========================================
Rotas selecionadas:
  Route #1  travel=  54  wait=633  cost=54.00  demand=117
      customers: 26 46
      locations: 94 180
  Route #2  travel= 434  wait=284  cost=434.00  demand=60
      customers: 1
      locations: 5
  Route #3  travel= 306  wait=237  cost=306.00  demand=49
      customers: 2
      locations: 9
  Route #4  travel= 482  wait= 98  cost=482.00  demand=51
      customers: 3
      locations: 14
  Route #5  travel= 416  wait=175  cost=416.00  demand=44
      customers: 4
      locations: 19
  Route #6  travel= 414  wait= 32  cost=414.00  demand=53
      customers: 5
      locations: 24
  Route #7  travel= 152  wait=  0  cost=152.00  demand=35
      customers: 6
      locations: 27
  Route #8  travel= 202  wait=  2  cost=202.00  demand=52
      customers: 7
      locations: 29
  Route #9  travel= 638  wait=  0  cost=638.00  demand=65
      customers: 8
      locations: 34
  Route #10  travel= 420  wait=287  cost=420.00  demand=64
      customers: 9
      locations: 38
  Route #11  travel= 282  wait=145  cost=282.00  demand=33
      customers: 10
      locations: 42
  Route #12  travel= 444  wait=207  cost=444.00  demand=16
      customers: 11
      locations: 49
  Route #13  travel= 612  wait=  0  cost=612.00  demand=17
      customers: 12
      locations: 52
  Route #14  travel= 146  wait=525  cost=146.00  demand=49
      customers: 13
      locations: 56
  Route #15  travel= 190  wait=222  cost=190.00  demand=50
      customers: 14
      locations: 59
  Route #16  travel= 356  wait=  0  cost=356.00  demand=43
      customers: 15
      locations: 61
  Route #17  travel= 402  wait=  0  cost=402.00  demand=47
      customers: 16
      locations: 62
  Route #18  travel= 230  wait=258  cost=230.00  demand=46
      customers: 17
      locations: 65
  Route #19  travel= 558  wait=  0  cost=558.00  demand=57
      customers: 18
      locations: 67
  Route #20  travel=  52  wait=  0  cost=52.00  demand=79
      customers: 19
      locations: 68
  Route #21  travel= 478  wait=  0  cost=478.00  demand=75
      customers: 20
      locations: 71
  Route #22  travel= 154  wait=327  cost=154.00  demand=60
      customers: 21
      locations: 76
  Route #23  travel= 318  wait= 65  cost=318.00  demand=32
      customers: 22
      locations: 79
  Route #24  travel= 148  wait= 50  cost=148.00  demand=50
      customers: 23
      locations: 82
  Route #25  travel= 532  wait= 82  cost=532.00  demand=35
      customers: 24
      locations: 89
  Route #26  travel= 412  wait=  0  cost=412.00  demand=69
      customers: 25
      locations: 92
  Route #27  travel= 162  wait= 53  cost=162.00  demand=50
      customers: 27
      locations: 101
  Route #28  travel= 608  wait= 23  cost=608.00  demand=27
      customers: 28
      locations: 108
  Route #29  travel= 254  wait=405  cost=254.00  demand=60
      customers: 29
      locations: 114
  Route #30  travel=  90  wait=  0  cost=90.00  demand=46
      customers: 30
      locations: 116
  Route #31  travel= 594  wait=106  cost=594.00  demand=42
      customers: 31
      locations: 120
  Route #32  travel= 498  wait=123  cost=498.00  demand=61
      customers: 32
      locations: 124
  Route #33  travel= 116  wait=112  cost=116.00  demand=60
      customers: 33
      locations: 129
  Route #34  travel= 598  wait= 16  cost=598.00  demand=79
      customers: 34
      locations: 133
  Route #35  travel= 522  wait=  0  cost=522.00  demand=47
      customers: 35
      locations: 136
  Route #36  travel=  30  wait=319  cost=30.00  demand=53
      customers: 36
      locations: 142
  Route #37  travel= 656  wait= 26  cost=656.00  demand=63
      customers: 37
      locations: 146
  Route #38  travel= 512  wait=185  cost=512.00  demand=51
      customers: 38
      locations: 151
  Route #39  travel= 238  wait= 19  cost=238.00  demand=27
      customers: 39
      locations: 154
  Route #40  travel=  60  wait=  0  cost=60.00  demand=26
      customers: 40
      locations: 158
  Route #41  travel= 114  wait=  0  cost=114.00  demand=47
      customers: 41
      locations: 159
  Route #42  travel=  18  wait=396  cost=18.00  demand=83
      customers: 42
      locations: 165
  Route #43  travel= 420  wait=131  cost=420.00  demand=76
      customers: 43
      locations: 172
  Route #44  travel= 170  wait= 29  cost=170.00  demand=45
      customers: 44
      locations: 174
  Route #45  travel= 582  wait=  0  cost=582.00  demand=34
      customers: 45
      locations: 176
  Route #46  travel= 536  wait=119  cost=536.00  demand=43
      customers: 47
      locations: 184
  Route #47  travel= 378  wait=  0  cost=378.00  demand=48
      customers: 48
      locations: 188
  Route #48  travel= 344  wait=267  cost=344.00  demand=42
      customers: 49
      locations: 195
  Route #49  travel=  30  wait=  0  cost=30.00  demand=46
      customers: 50
      locations: 196
  Route #50  travel= 112  wait=  0  cost=112.00  demand=57
      customers: 51
      locations: 199
  Route #51  travel=  70  wait=607  cost=70.00  demand=58
      customers: 52
      locations: 203
  Route #52  travel= 138  wait=  0  cost=138.00  demand=52
      customers: 53
      locations: 204
  Route #53  travel= 452  wait=  0  cost=452.00  demand=30
      customers: 54
      locations: 205
  Route #54  travel= 260  wait=190  cost=260.00  demand=40
      customers: 55
      locations: 209
  Route #55  travel= 392  wait= 41  cost=392.00  demand=68
      customers: 56
      locations: 213
  Route #56  travel= 252  wait=398  cost=252.00  demand=49
      customers: 57
      locations: 218
  Route #57  travel= 604  wait=  0  cost=604.00  demand=40
      customers: 58
      locations: 220
  Route #58  travel= 396  wait=323  cost=396.00  demand=31
      customers: 59
      locations: 223
  Route #59  travel= 638  wait= 22  cost=638.00  demand=56
      customers: 60
      locations: 226

end_time=2026-04-20 13:20:28
