instance_json=/mnt/c/Users/porin/OneDrive/Documentos/Python-Mestrado/Modelagem Matemática/Programação Inteira - Uchoa/Problema VRPRDL/instancias_turco/VRPRDL-triangle/json_convertidos/instance_12-triangle.json
instance_log=/mnt/c/Users/porin/OneDrive/Documentos/Python-Mestrado/Modelagem Matemática/Programação Inteira - Uchoa/Problema VRPRDL/instancias_turco/VRPRDL-triangle/logs_vrp_convertidos/instance_12-triangle.log
alpha_wait=0.0
start_time=2026-04-20 13:20:26

========================================
Instância       : instance_12-triangle.txt
JSON            : /mnt/c/Users/porin/OneDrive/Documentos/Python-Mestrado/Modelagem Matemática/Programação Inteira - Uchoa/Problema VRPRDL/instancias_turco/VRPRDL-triangle/json_convertidos/instance_12-triangle.json
VRPSolver log   : /mnt/c/Users/porin/OneDrive/Documentos/Python-Mestrado/Modelagem Matemática/Programação Inteira - Uchoa/Problema VRPRDL/instancias_turco/VRPRDL-triangle/logs_vrp_convertidos/instance_12-triangle.log
n_customers     : 30
n_locations     : 119
time_horizon    : 720
capacity        : 750
alpha_wait      : 0.0
========================================
[vrpsolver] backbones lidos: 3
[pool] rotas do VRPSolver/variantes: 1
[pool] singletons viáveis           : 30 / 30
[pool] total inicial                : 31
[cg] it=  1  LP=7624.0000  cols=31  new=0  rc_min=0.0000
[cg] LP bound = 7624.0  |  resolvendo MIP com 31 colunas...
========================================
CG finalizado.
status MIP      : OPTIMAL
LP bound        : 7624.0
MIP objetivo    : 7624.0
veículos usados : 29
tempo total     : 0.12 s
========================================
Rotas selecionadas:
  Route #1  travel= 330  wait=360  cost=330.00  demand=125
      customers: 10 19
      locations: 38 76
  Route #2  travel= 168  wait=502  cost=168.00  demand=58
      customers: 1
      locations: 3
  Route #3  travel= 114  wait=374  cost=114.00  demand=70
      customers: 2
      locations: 6
  Route #4  travel= 552  wait=  0  cost=552.00  demand=66
      customers: 3
      locations: 10
  Route #5  travel= 172  wait=499  cost=172.00  demand=57
      customers: 4
      locations: 16
  Route #6  travel=  86  wait=  0  cost=86.00  demand=28
      customers: 5
      locations: 17
  Route #7  travel= 164  wait=  0  cost=164.00  demand=75
      customers: 6
      locations: 20
  Route #8  travel= 170  wait=505  cost=170.00  demand=55
      customers: 7
      locations: 28
  Route #9  travel= 198  wait=311  cost=198.00  demand=55
      customers: 8
      locations: 32
  Route #10  travel= 330  wait= 84  cost=330.00  demand=65
      customers: 9
      locations: 35
  Route #11  travel= 284  wait=  0  cost=284.00  demand=48
      customers: 11
      locations: 43
  Route #12  travel= 534  wait=  0  cost=534.00  demand=51
      customers: 12
      locations: 46
  Route #13  travel= 130  wait=242  cost=130.00  demand=40
      customers: 13
      locations: 49
  Route #14  travel= 118  wait=141  cost=118.00  demand=37
      customers: 14
      locations: 53
  Route #15  travel=  72  wait=576  cost=72.00  demand=49
      customers: 15
      locations: 60
  Route #16  travel= 476  wait=207  cost=476.00  demand=50
      customers: 16
      locations: 64
  Route #17  travel= 682  wait=  0  cost=682.00  demand=60
      customers: 17
      locations: 67
  Route #18  travel= 620  wait= 53  cost=620.00  demand=34
      customers: 18
      locations: 70
  Route #19  travel= 146  wait=111  cost=146.00  demand=53
      customers: 20
      locations: 80
  Route #20  travel=  50  wait=  0  cost=50.00  demand=66
      customers: 21
      locations: 83
  Route #21  travel= 530  wait=  0  cost=530.00  demand=42
      customers: 22
      locations: 84
  Route #22  travel= 186  wait=  0  cost=186.00  demand=56
      customers: 23
      locations: 85
  Route #23  travel= 356  wait=222  cost=356.00  demand=34
      customers: 24
      locations: 90
  Route #24  travel= 256  wait=461  cost=256.00  demand=69
      customers: 25
      locations: 95
  Route #25  travel=  92  wait=  0  cost=92.00  demand=46
      customers: 26
      locations: 97
  Route #26  travel= 114  wait=  0  cost=114.00  demand=32
      customers: 27
      locations: 101
  Route #27  travel=  12  wait=  0  cost=12.00  demand=16
      customers: 28
      locations: 105
  Route #28  travel= 514  wait=166  cost=514.00  demand=56
      customers: 29
      locations: 112
  Route #29  travel= 168  wait=415  cost=168.00  demand=75
      customers: 30
      locations: 116

end_time=2026-04-20 13:20:26
