instance_file=/mnt/c/Users/porin/OneDrive/Documentos/Python-Mestrado/Modelagem Matemática/Programação Inteira - Uchoa/Problema VRPRDL/instancias_turco/VRPRDL-triangle/cvrp_padrao_convertidos/instance_24-triangle.vrp
instance_name=instance_24-triangle
n_customers=60
k_lb=4
k_ub=60
ub=1000000
timeout_s=3600
start_time=2026-04-22 10:50:19

  Activating project at `~/VRPSolver/VRPSolverDemos`
Application parameters:
  batch  =>  nothing
  instance  =>  "/mnt/c/Users/porin/OneDrive/Documentos/Python-Mestrado/Modelagem Matemática/Programação Inteira - Uchoa/Problema VRPRDL/instancias_turco/VRPRDL-triangle/cvrp_padrao_convertidos/instance_24-triangle.vrp"
  noround  =>  false
  cfg  =>  "/home/poringman/VRPSolver/VRPSolverDemos/src/../config/CVRP.cfg"
  edge_cuts  =>  false
  out  =>  nothing
  ub  =>  1.0e6
  cluster_branching  =>  1.0
  sol  =>  nothing
  single_resource  =>  false
  strong_kpath_cuts  =>  false
  tikz  =>  nothing
  maxr  =>  60
  update  =>  false
  show_complete_form  =>  false
  nosolve  =>  false
  minr  =>  4
  low_edge_priority  =>  false
~~~~~~~~~~~~~~~~~~~~~~~~~~~~~~~~~~~~~~~~~~~~~~~~~~~~~~~~~~~~~~~~~~~~~~~~~~~~~~~~~~~~~
GIT VERSION RCSP: 
GIT BRANCH: 
~~~~~~~~~~~~~~~~~~~~~~~~~~~~~~~~~~~~~~~~~~~~~~~~~~~~~~~~~~~~~~~~~~~~~~~~~~~~~~~~~~~~~
VRPSolver v0.6.16, 10/11/2025, © Inria Bordeaux, France, vrpsolver.math.u-bordeaux.fr
      Corresponds to the solver by Pessoa, Sadykov, Uchoa and Vanderbeck (2020)
                 Paper: dx.doi.org/10.1007/s10107-020-01523-z
~~~~~~~~~~~~~~~~~~~~~~~~~~~~~~~~~~~~~~~~~~~~~~~~~~~~~~~~~~~~~~~~~~~~~~~~~~~~~~~~~~~~~
GIT VERSION BAPCOD: a7cb21f19424236c9d0da5dcf94961797a519470
GIT BRANCH: main
~~~~~~~~~~~~~~~~~~~~~~~~~~~~~~~~~~~~~~~~~~~~~~~~~~~~~~~~~~~~~~~~~~~~~~~~~~~~~~~~~~~~~
   BaPCod v0.84, 10/11/2025, © Inria Bordeaux, France, bapcod.math.u-bordeaux.fr 
           THIS CODE IS PROVIDED AS IS, USE IT AT YOUR OWN RISK
~~~~~~~~~~~~~~~~~~~~~~~~~~~~~~~~~~~~~~~~~~~~~~~~~~~~~~~~~~~~~~~~~~~~~~~~~~~~~~~~~~~~~
--- MAIN PARAMETERS ---
GlobalTimeLimitInTick = 2147483645
GlobalTimeLimit = 21474836
ClockType = 0
MaxNbOfBBtreeNodeTreated = 100000
optimalityGapTolerance = 1e-06
relOptimalityGapTolerance = 1e-09
ApplyPreprocessing = false
PreprocessVariablesLocalBounds = false
treeSearchStrategy = 1
OpenNodesLimit = 1000
DEFAULTPRINTLEVEL = 0
--- MIP SOLVER PARAMETERS ---
solverName = CPLEX_SOLVER
MipSolverMaxBBNodes = 2000000
MipSolverMaxTime = 360000
MipSolverMultiThread = 1
--- COLUMN GENERATION PARAMETERS ---
SolverSelectForMast = a
  colGenSubProbSolMode = customSolver
mastInitMode = localArtCol
ArtVarPenaltyUpdateFactor = 2
ArtVarMaxNbOfPenaltyUpdates = 5
MaxNbOfStagesInColGenProcedure = 3
GenerateProperColumns = false
InsertAllGeneratedColumnsInFormRatherThanInPool = true
InsertNewNonNegColumnsDirectlyInFormRatherThanInPool = true
ColumnCleanupThreshold = 10000
ColumnCleanupRatio = 0.66
ReducedCostFixingThreshold = 0.9
--- CUT GENERATION PARAMETERS ---
MasterCuttingPlanesDepthLimit = 1000
MaxNbOfCutGeneratedAtEachIter = 1000
CutTailingOffThreshold = 0.015
CutTailingOffCounterThreshold = 3
CutCleanupThreshold = 1
CutCleanupRatio = 0.66
ColGenSpRelaxationImprovementPriority = 0
--- STABILIZATION PARAMETERS ---
colGenDualPriceSmoothingAlphaFactor = 1
colGenDualPriceSmoothingBetaFactor = 0
colGenStabilizationFunctionType = none
colGenProximalStabilizationRule = undefined
StabilFuncKappa = 1
colGenStabilizationMaxTreeDepth = 10000
StabilizationMinPhaseOfStage = 0
--- PRIMAL HEURISTIC PARAMETERS ---
UseInitialPrimalHeur = false
MaxTimeForRestrictedMasterIpHeur = -1
CallFrequencyOfRestrictedMasterIpHeur = 5
MIPemphasisInRestrictedMasterIpHeur = 1
PolishingAfterTimeInRestrictedMasterIpHeur = -1
DivingHeurUseDepthLimit = -1
CallFrequencyOfDivingHeur = 1
LeastFractional
Closest2RoundUp
LeastGreedyCost
LeastCost
FixIntValBeforeRoundingHeur = true
MaxNbOfCgIteDuringRh = 5000
MaxLDSbreadth = 0
MaxLDSdepth = 0
DivingHeurStopsWithFirstFeasSol = false
DivingHeurPreprocessBeforeChoosingVar = false
StrongDivingCandidatesNumber = 1
EvalAlgParamsInDiving = max#cand. = 1 max#cg.iters = 10000 min.lvl.sp.restr. = 1 min#cut.rounds = 0 max#cut.rounds = 0 red.cost.fix&enum. = false tree.size.ratio = 1
LocalSearchHeurUseDepthLimit = -1
LeastFractional
Closest2RoundUp
LeastGreedyCost
LeastCost
MaxFactorOfColFixedByLocalSearchHeur = 0.8
MaxLocalSearchIterationCounter = 3
--- STRONG BRANCHING PARAMETERS ---
SimplifiedStrongBranchingParameterisation = true
StrongBranchingPhaseOneCandidatesNumber = 100
StrongBranchingPhaseOneTreeSizeEstimRatio = 0.2
StrongBranchingPhaseTwoCandidatesNumber = 3
StrongBranchingPhaseTwoTreeSizeEstimRatio = 0.02
SafeDualBoundScaleFactor = -1
StrongBranchingPhaseOne = max#cand. = 100 max#cg.iters = 0 min.lvl.sp.restr. = 0 min#cut.rounds = 0 max#cut.rounds = 0 red.cost.fix&enum. = false tree.size.ratio = 0.2
StrongBranchingPhaseTwo = max#cand. = 3 max#cg.iters = 10000 min.lvl.sp.restr. = 1 min#cut.rounds = 0 max#cut.rounds = 0 red.cost.fix&enum. = false tree.size.ratio = 0.02
StrongBranchingPhaseThree = max#cand. = 1 max#cg.iters = 10000 min.lvl.sp.restr. = 0 min#cut.rounds = 0 max#cut.rounds = 10000 red.cost.fix&enum. = true tree.size.ratio = 1
StrongBranchingPhaseFour =not active
--- DEBUG OUTPUT PARAMETERS ---
printMasterPrimalSols = 0
--- VRPSOLVER PARAMETERS ---
RCSPstopCutGenTimeThresholdInPricing = 10
RCSPhardTimeThresholdInPricing = 25
RCSPredCostFixingTimeThreshold = 100
RCSPnumberOfBucketsPerVertex = 25
RCSPdynamicBucketSteps = 1
RCSPuseBidirectionalSearch = 2
RCSPapplyReducedCostFixing = 1
RCSPmaxNumOfColsPerIteration = 30
RCSPmaxNumOfColsPerExactIteration = 150
RCSPmaxNumOfLabelsInEnumeration = 500000
RCSPmaxNumOfLabelsInHeurEnumeration = 0
RCSPmaxNumOfEnumeratedSolutions = 5000000
RCSPmaxNumOfEnumSolutionsForMIP = 10000
RCSPmaxNumOfEnumSolsForEndOfNodeMIP = 10000
RCSPinitNGneighbourhoodSize = 8
RCSPmaxNGneighbourhoodSize = 8
RCSPrankOneCutsMaxNumRows = 5
RCSPrankOneCutsMaxNumPerRound = 100
RCSPrankOneCutsMemoryType = 0
RCSPrankOneCutsLSnumIterations = 1000
RCSPallowRoutesWithSameVerticesSet = true
RCSPredCostFixingFalseGap = 0
SafeDualBoundScaleFactor = -1
RCSPmaxNumOfLabelsInHeurEnumeration = 0
MaxNumEnumSolsInRestrictedMasterIpHeur = 5000

prName & bcTimeMain \\ 
New model incumbent solution 1e+06, TIME = 0h0m0s44t = 44
RCSP solver info : size of non-robust cut bitmask in a label is 640 bits
Bucket steps were recalculated for graph G_0 : [30]
RCSP solver info : symmetric case is detected for graph G_0! 
Bidirectional border value is initialised to 375
RCSP solver info : number of forw. reachable buckets / buck. strongly connected components is 1571( 97.4566% ) / 1271( 80.9039% )
RCSP solver info: std. label size is 56, ext. label size is 136
Generating neighbourhoods for rank-1 cuts separation
Building structures for 4- and 5-row rank-1 packing cut separation...done!
Model is built TIME = 0h0m0s45t = 45
************************************************************************************************
**** BaB tree root node
**** Local DB = -1e+12, global bounds : [ -1e+12 , 1e+06 ], TIME = 0h0m0s45t = 45
**** 1 open nodes, 0 columns (0 active), 0 dyn. constrs. (0 active), 122 art. vars. (122 active)
************************************************************************************************
--------------------------------------------------------------------------
BaPCod info : first we run the root node with rank-1 cuts with node memory
--------------------------------------------------------------------------
#<DWph=2> <it=  1> <et=0.45> <Mt= 0.00> <Spt= 0.00> <nCl= 30> <al=0.00> <DB=-3311977980.0000> <Mlp=148800000.0000> <PB=1000000> 
#<DWph=2> <it=  2> <et=0.46> <Mt= 0.00> <Spt= 0.00> <nCl= 30> <al=0.55> <DB=-3318029652.1875> <Mlp=135300106.2500> <PB=1000000> 
#<DWph=2> <it=  3> <et=0.46> <Mt= 0.00> <Spt= 0.00> <nCl= 30> <al=0.60> <DB=-3219548289.6487> <Mlp=124800300.2500> <PB=1000000> 
#<DWph=2> <it=  4> <et=0.46> <Mt= 0.00> <Spt= 0.01> <nCl= 30> <al=0.50> <DB=-2668396217.7249> <Mlp=121420232.9821> <PB=1000000> 
#<DWph=2> <it=  5> <et=0.47> <Mt= 0.00> <Spt= 0.00> <nCl= 30> <al=0.55> <DB=-2553124662.3291> <Mlp=110373379.3333> <PB=1000000> 
#<DWph=2> <it=  6> <et=0.47> <Mt= 0.00> <Spt= 0.00> <nCl= 30> <al=0.59> <DB=-2531611044.5190> <Mlp=105624266.7823> <PB=1000000> 
#<DWph=2> <it=  7> <et=0.47> <Mt= 0.00> <Spt= 0.01> <nCl= 30> <al=0.63> <DB=-2411119703.1518> <Mlp=98165518.0035> <PB=1000000> 
#<DWph=2> <it=  8> <et=0.48> <Mt= 0.00> <Spt= 0.00> <nCl= 30> <al=0.67> <DB=-2268400275.3322> <Mlp=89074992.7671> <PB=1000000> 
#<DWph=2> <it=  9> <et=0.48> <Mt= 0.00> <Spt= 0.00> <nCl= 30> <al=0.70> <DB=-2160377055.4643> <Mlp=84056516.4912> <PB=1000000> 
#<DWph=2> <it= 10> <et=0.48> <Mt= 0.00> <Spt= 0.01> <nCl= 30> <al=0.73> <DB=-2138975192.0495> <Mlp=78298948.3137> <PB=1000000> 
#<DWph=2> <it= 11> <et=0.49> <Mt= 0.00> <Spt= 0.00> <nCl= 30> <al=0.63> <DB=-1953331284.8417> <Mlp=71188809.8248> <PB=1000000> 
#<DWph=2> <it= 12> <et=0.49> <Mt= 0.00> <Spt= 0.00> <nCl= 30> <al=0.67> <DB=-1840509955.5383> <Mlp=66622912.9277> <PB=1000000> 
#<DWph=2> <it= 13> <et=0.50> <Mt= 0.00> <Spt= 0.01> <nCl= 30> <al=0.57> <DB=-1798273343.9923> <Mlp=62599727.8018> <PB=1000000> 
#<DWph=2> <it= 14> <et=0.50> <Mt= 0.00> <Spt= 0.00> <nCl= 30> <al=0.61> <DB=-1788338001.5643> <Mlp=50695843.2768> <PB=1000000> 
#<DWph=2> <it= 15> <et=0.50> <Mt= 0.00> <Spt= 0.00> <nCl= 30> <al=0.65> <DB=-1732715640.1893> <Mlp=44315815.9868> <PB=1000000> 
#<DWph=2> <it= 16> <et=0.51> <Mt= 0.00> <Spt= 0.00> <nCl= 30> <al=0.69> <DB=-1765201656.7496> <Mlp=35825014.3787> <PB=1000000> 
#<DWph=2> <it= 17> <et=0.51> <Mt= 0.00> <Spt= 0.01> <nCl= 30> <al=0.72> <DB=-1674725384.2098> <Mlp=31672376.8762> <PB=1000000> 
#<DWph=2> <it= 18> <et=0.51> <Mt= 0.00> <Spt= 0.00> <nCl= 30> <al=0.62> <DB=-1511920410.3689> <Mlp=30042495.9139> <PB=1000000> 
#<DWph=2> <it= 19> <et=0.52> <Mt= 0.00> <Spt= 0.00> <nCl= 30> <al=0.52> <DB=-1499664308.4703> <Mlp=26480401.8762> <PB=1000000> 
#<DWph=2> <it= 20> <et=0.52> <Mt= 0.01> <Spt= 0.00> <nCl= 30> <al=0.57> <DB=-1518215711.4055> <Mlp=21356092.5390> <PB=1000000> 
#<DWph=2> <it= 21> <et=0.52> <Mt= 0.00> <Spt= 0.01> <nCl= 30> <al=0.61> <DB=-1476350731.7636> <Mlp=13772087.7451> <PB=1000000> 
#<DWph=2> <it= 22> <et=0.53> <Mt= 0.00> <Spt= 0.00> <nCl= 30> <al=0.65> <DB=-1393448086.7558> <Mlp=6763409.4674> <PB=1000000> 
#<DWph=2> <it= 23> <et=0.53> <Mt= 0.00> <Spt= 0.00> <nCl= 30> <al=0.55> <DB=-1111766862.9109> <Mlp=1567258.8570> <PB=1000000> 
#<DWph=2> <it= 24> <et=0.54> <Mt= 0.00> <Spt= 0.00> <nCl= 30> <al=0.45> <DB=-700128476.9353> <Mlp=446944.4221> <PB=1000000> 
<DWph=2> <it= 25> <et=0.54> <Mt= 0.00> <Spt= 0.01> <nCl= 30> <al=0.00> <DB=-301522.9202> <Mlp= 4553.7147> <PB=1000000> 
<DWph=2> <it= 26> <et=0.55> <Mt= 0.00> <Spt= 0.00> <nCl= 30> <al=0.25> <DB=-172468.7959> <Mlp= 4491.8063> <PB=1000000> 
<DWph=2> <it= 27> <et=0.55> <Mt= 0.01> <Spt= 0.01> <nCl= 30> <al=0.15> <DB=-88898.8202> <Mlp= 4312.2459> <PB=1000000> 
<DWph=2> <it= 28> <et=0.56> <Mt= 0.00> <Spt= 0.00> <nCl= 30> <al=0.05> <DB=-145111.8639> <Mlp= 4219.9961> <PB=1000000> 
<DWph=2> <it= 29> <et=0.56> <Mt= 0.00> <Spt= 0.00> <nCl= 30> <al=0.14> <DB=-119431.6473> <Mlp= 4142.4513> <PB=1000000> 
<DWph=2> <it= 30> <et=0.56> <Mt= 0.00> <Spt= 0.00> <nCl= 30> <al=0.23> <DB=-114728.2826> <Mlp= 3945.6206> <PB=1000000> 
<DWph=2> <it= 31> <et=0.57> <Mt= 0.00> <Spt= 0.01> <nCl= 30> <al=0.31> <DB=-99593.4860> <Mlp= 3926.3860> <PB=1000000> 
<DWph=2> <it= 32> <et=0.57> <Mt= 0.00> <Spt= 0.00> <nCl= 30> <al=0.38> <DB=-73676.5826> <Mlp= 3813.7115> <PB=1000000> 
<DWph=2> <it= 33> <et=0.58> <Mt= 0.00> <Spt= 0.00> <nCl= 30> <al=0.44> <DB=-79935.8833> <Mlp= 3690.2000> <PB=1000000> 
<DWph=2> <it= 34> <et=0.58> <Mt= 0.00> <Spt= 0.01> <nCl= 30> <al=0.49> <DB=-77181.2576> <Mlp= 3547.9646> <PB=1000000> 
<DWph=2> <it= 35> <et=0.59> <Mt= 0.01> <Spt= 0.00> <nCl= 30> <al=0.54> <DB=-58144.0758> <Mlp= 3406.9579> <PB=1000000> 
<DWph=2> <it= 36> <et=0.59> <Mt= 0.00> <Spt= 0.00> <nCl= 30> <al=0.59> <DB=-56377.4252> <Mlp= 3342.8284> <PB=1000000> 
<DWph=2> <it= 37> <et=0.60> <Mt= 0.00> <Spt= 0.00> <nCl= 30> <al=0.63> <DB=-44120.7046> <Mlp= 3278.3910> <PB=1000000> 
<DWph=2> <it= 38> <et=0.60> <Mt= 0.00> <Spt= 0.01> <nCl= 30> <al=0.53> <DB=-46335.4185> <Mlp= 3088.0964> <PB=1000000> 
<DWph=2> <it= 39> <et=0.61> <Mt= 0.00> <Spt= 0.00> <nCl= 30> <al=0.58> <DB=-38048.0543> <Mlp= 2979.9723> <PB=1000000> 
<DWph=2> <it= 40> <et=0.61> <Mt= 0.00> <Spt= 0.00> <nCl= 30> <al=0.62> <DB=-37067.0095> <Mlp= 2861.4250> <PB=1000000> 
<DWph=2> <it= 41> <et=0.61> <Mt= 0.01> <Spt= 0.01> <nCl= 30> <al=0.66> <DB=-35605.1709> <Mlp= 2763.4010> <PB=1000000> 
<DWph=2> <it= 42> <et=0.62> <Mt= 0.00> <Spt= 0.00> <nCl= 30> <al=0.69> <DB=-28278.4381> <Mlp= 2676.0039> <PB=1000000> 
<DWph=2> <it= 43> <et=0.62> <Mt= 0.00> <Spt= 0.00> <nCl= 30> <al=0.59> <DB=-29387.5263> <Mlp= 2607.6076> <PB=1000000> 
<DWph=2> <it= 44> <et=0.63> <Mt= 0.00> <Spt= 0.00> <nCl= 30> <al=0.63> <DB=-28188.2553> <Mlp= 2505.4443> <PB=1000000> 
<DWph=2> <it= 45> <et=0.63> <Mt= 0.00> <Spt= 0.01> <nCl= 30> <al=0.67> <DB=-31130.5548> <Mlp= 2428.1246> <PB=1000000> 
<DWph=2> <it= 46> <et=0.64> <Mt= 0.00> <Spt= 0.00> <nCl= 30> <al=0.70> <DB=-23260.7015> <Mlp= 2352.0329> <PB=1000000> 
<DWph=2> <it= 47> <et=0.64> <Mt= 0.01> <Spt= 0.00> <nCl= 30> <al=0.60> <DB=-18342.7018> <Mlp= 2315.3967> <PB=1000000> 
<DWph=2> <it= 48> <et=0.65> <Mt= 0.00> <Spt= 0.01> <nCl= 30> <al=0.64> <DB=-13578.3029> <Mlp= 2269.2966> <PB=1000000> 
<DWph=2> <it= 49> <et=0.65> <Mt= 0.00> <Spt= 0.00> <nCl= 30> <al=0.54> <DB=-15605.9706> <Mlp= 2185.2793> <PB=1000000> 
<DWph=2> <it= 50> <et=0.66> <Mt= 0.00> <Spt= 0.00> <nCl= 30> <al=0.59> <DB=-13361.3129> <Mlp= 2130.0620> <PB=1000000> 
<DWph=2> <it= 51> <et=0.66> <Mt= 0.00> <Spt= 0.01> <nCl= 30> <al=0.63> <DB=-13338.6886> <Mlp= 2057.4403> <PB=1000000> 
<DWph=2> <it= 52> <et=0.67> <Mt= 0.00> <Spt= 0.00> <nCl= 30> <al=0.67> <DB=-11014.1122> <Mlp= 2030.5138> <PB=1000000> 
<DWph=2> <it= 53> <et=0.68> <Mt= 0.01> <Spt= 0.00> <nCl= 30> <al=0.57> <DB=-10503.7832> <Mlp= 1918.4884> <PB=1000000> 
<DWph=2> <it= 54> <et=0.68> <Mt= 0.00> <Spt= 0.01> <nCl= 30> <al=0.61> <DB=-8674.0047> <Mlp= 1886.7986> <PB=1000000> 
<DWph=2> <it= 55> <et=0.69> <Mt= 0.00> <Spt= 0.00> <nCl= 30> <al=0.65> <DB=-7615.8656> <Mlp= 1868.4177> <PB=1000000> 
<DWph=2> <it= 56> <et=0.69> <Mt= 0.00> <Spt= 0.00> <nCl= 30> <al=0.68> <DB=-6620.3382> <Mlp= 1853.6583> <PB=1000000> 
<DWph=2> <it= 57> <et=0.70> <Mt= 0.00> <Spt= 0.01> <nCl= 30> <al=0.58> <DB=-8812.4541> <Mlp= 1840.3185> <PB=1000000> 
<DWph=2> <it= 58> <et=0.70> <Mt= 0.01> <Spt= 0.00> <nCl= 30> <al=0.63> <DB=-8047.6523> <Mlp= 1837.7019> <PB=1000000> 
<DWph=2> <it= 59> <et=0.71> <Mt= 0.00> <Spt= 0.00> <nCl= 30> <al=0.66> <DB=-5597.0876> <Mlp= 1816.8349> <PB=1000000> 
<DWph=2> <it= 60> <et=0.71> <Mt= 0.00> <Spt= 0.01> <nCl= 30> <al=0.70> <DB=-4442.8882> <Mlp= 1813.8915> <PB=1000000> 
<DWph=2> <it= 61> <et=0.72> <Mt= 0.00> <Spt= 0.00> <nCl= 30> <al=0.60> <DB=-3616.7178> <Mlp= 1802.4132> <PB=1000000> 
<DWph=2> <it= 62> <et=0.72> <Mt= 0.00> <Spt= 0.00> <nCl= 30> <al=0.64> <DB=-3373.4523> <Mlp= 1794.6104> <PB=1000000> 
<DWph=2> <it= 63> <et=0.73> <Mt= 0.00> <Spt= 0.01> <nCl= 30> <al=0.67> <DB=-2809.4933> <Mlp= 1788.2073> <PB=1000000> 
<DWph=2> <it= 64> <et=0.73> <Mt= 0.01> <Spt= 0.00> <nCl= 30> <al=0.71> <DB=-2284.7756> <Mlp= 1768.7484> <PB=1000000> 
<DWph=2> <it= 65> <et=0.74> <Mt= 0.00> <Spt= 0.00> <nCl= 30> <al=0.74> <DB=-2457.1746> <Mlp= 1749.2206> <PB=1000000> 
<DWph=2> <it= 66> <et=0.74> <Mt= 0.00> <Spt= 0.01> <nCl= 30> <al=0.76> <DB=-1958.9640> <Mlp= 1731.9660> <PB=1000000> 
<DWph=2> <it= 67> <et=0.75> <Mt= 0.00> <Spt= 0.00> <nCl= 30> <al=0.66> <DB=-4243.3463> <Mlp= 1725.5054> <PB=1000000> 
<DWph=2> <it= 68> <et=0.75> <Mt= 0.00> <Spt= 0.00> <nCl= 30> <al=0.70> <DB=-2204.4916> <Mlp= 1724.2796> <PB=1000000> 
<DWph=2> <it= 69> <et=0.76> <Mt= 0.01> <Spt= 0.01> <nCl= 30> <al=0.73> <DB=-1667.0028> <Mlp= 1710.7745> <PB=1000000> 
<DWph=2> <it= 70> <et=0.76> <Mt= 0.00> <Spt= 0.00> <nCl= 30> <al=0.75> <DB=-1253.6569> <Mlp= 1703.8924> <PB=1000000> 
<DWph=2> <it= 71> <et=0.77> <Mt= 0.00> <Spt= 0.00> <nCl= 25> <al=0.78> <DB= -931.9577> <Mlp= 1699.9547> <PB=1000000> 
<DWph=2> <it= 72> <et=0.78> <Mt= 0.00> <Spt= 0.01> <nCl= 30> <al=0.68> <DB= -585.3875> <Mlp= 1685.3638> <PB=1000000> 
<DWph=2> <it= 73> <et=0.78> <Mt= 0.01> <Spt= 0.00> <nCl= 30> <al=0.71> <DB= -238.0671> <Mlp= 1678.7712> <PB=1000000> 
<DWph=2> <it= 74> <et=0.79> <Mt= 0.00> <Spt= 0.00> <nCl= 30> <al=0.61> <DB= -467.1003> <Mlp= 1670.7492> <PB=1000000> 
<DWph=2> <it= 75> <et=0.79> <Mt= 0.00> <Spt= 0.01> <nCl= 29> <al=0.65> <DB= -147.2344> <Mlp= 1670.4417> <PB=1000000> 
<DWph=2> <it= 76> <et=0.80> <Mt= 0.00> <Spt= 0.00> <nCl= 30> <al=0.55> <DB=  147.1804> <Mlp= 1666.6817> <PB=1000000> 
<DWph=2> <it= 77> <et=0.81> <Mt= 0.01> <Spt= 0.00> <nCl= 30> <al=0.59> <DB=  244.0241> <Mlp= 1664.2897> <PB=1000000> 
<DWph=2> <it= 78> <et=0.82> <Mt= 0.00> <Spt= 0.01> <nCl= 30> <al=0.63> <DB=  542.8860> <Mlp= 1656.5291> <PB=1000000> 
<DWph=2> <it= 79> <et=0.82> <Mt= 0.00> <Spt= 0.00> <nCl= 30> <al=0.67> <DB=   38.8888> <Mlp= 1655.5189> <PB=1000000> 
<DWph=2> <it= 80> <et=0.83> <Mt= 0.01> <Spt= 0.00> <nCl= 29> <al=0.70> <DB=  596.9633> <Mlp= 1654.3605> <PB=1000000> 
<DWph=2> <it= 81> <et=0.84> <Mt= 0.00> <Spt= 0.01> <nCl= 28> <al=0.73> <DB=  825.9434> <Mlp= 1652.0702> <PB=1000000> 
<DWph=2> <it= 82> <et=0.85> <Mt= 0.01> <Spt= 0.00> <nCl= 27> <al=0.63> <DB= 1013.4508> <Mlp= 1649.1840> <PB=1000000> 
<DWph=2> <it= 83> <et=0.85> <Mt= 0.00> <Spt= 0.00> <nCl= 22> <al=0.67> <DB= 1144.0827> <Mlp= 1646.4609> <PB=1000000> 
<DWph=2> <it= 84> <et=0.86> <Mt= 0.00> <Spt= 0.01> <nCl= 28> <al=0.70> <DB= 1233.0125> <Mlp= 1646.1046> <PB=1000000> 
<DWph=2> <it= 85> <et=0.86> <Mt= 0.00> <Spt= 0.00> <nCl= 25> <al=0.73> <DB= 1200.4309> <Mlp= 1645.1181> <PB=1000000> 
<DWph=2> <it= 86> <et=0.87> <Mt= 0.01> <Spt= 0.00> <nCl= 16> <al=0.76> <DB= 1033.4036> <Mlp= 1643.7335> <PB=1000000> 
<DWph=2> <it= 87> <et=0.87> <Mt= 0.00> <Spt= 0.01> <nCl= 17> <al=0.78> <DB= 1213.8731> <Mlp= 1642.8232> <PB=1000000> 
<DWph=2> <it= 88> <et=0.88> <Mt= 0.00> <Spt= 0.00> <nCl= 20> <al=0.68> <DB=  995.9148> <Mlp= 1642.7868> <PB=1000000> 
<DWph=2> <it= 89> <et=0.88> <Mt= 0.00> <Spt= 0.00> <nCl= 15> <al=0.72> <DB= 1251.2851> <Mlp= 1642.7868> <PB=1000000> 
<DWph=2> <it= 90> <et=0.89> <Mt= 0.00> <Spt= 0.01> <nCl= 29> <al=0.62> <DB=  886.7916> <Mlp= 1642.5300> <PB=1000000> 
<DWph=2> <it= 91> <et=0.90> <Mt= 0.01> <Spt= 0.00> <nCl= 23> <al=0.65> <DB=  961.7447> <Mlp= 1641.1703> <PB=1000000> 
<DWph=2> <it= 92> <et=0.90> <Mt= 0.00> <Spt= 0.01> <nCl= 23> <al=0.69> <DB=  981.4475> <Mlp= 1639.5089> <PB=1000000> 
<DWph=2> <it= 93> <et=0.91> <Mt= 0.00> <Spt= 0.00> <nCl= 12> <al=0.72> <DB= 1249.6701> <Mlp= 1639.4764> <PB=1000000> 
<DWph=2> <it= 94> <et=0.91> <Mt= 0.00> <Spt= 0.00> <nCl= 26> <al=0.62> <DB= 1076.5459> <Mlp= 1639.2282> <PB=1000000> 
<DWph=2> <it= 95> <et=0.92> <Mt= 0.01> <Spt= 0.00> <nCl= 23> <al=0.52> <DB= 1041.0823> <Mlp= 1635.2824> <PB=1000000> 
<DWph=2> <it= 96> <et=0.93> <Mt= 0.00> <Spt= 0.01> <nCl= 24> <al=0.57> <DB= 1253.0766> <Mlp= 1635.1654> <PB=1000000> 
<DWph=2> <it= 97> <et=0.93> <Mt= 0.00> <Spt= 0.00> <nCl= 16> <al=0.61> <DB= 1502.8783> <Mlp= 1634.3848> <PB=1000000> 
<DWph=2> <it= 98> <et=0.94> <Mt= 0.00> <Spt= 0.00> <nCl= 24> <al=0.65> <DB=  843.5064> <Mlp= 1634.3330> <PB=1000000> 
<DWph=2> <it= 99> <et=0.94> <Mt= 0.00> <Spt= 0.01> <nCl= 15> <al=0.68> <DB= 1502.3663> <Mlp= 1634.3330> <PB=1000000> 
<DWph=2> <it=100> <et=0.94> <Mt= 0.00> <Spt= 0.00> <nCl= 12> <al=0.72> <DB= 1449.2620> <Mlp= 1634.3330> <PB=1000000> 
<DWph=2> <it=101> <et=0.95> <Mt= 0.01> <Spt= 0.00> <nCl=  7> <al=0.74> <DB= 1551.1335> <Mlp= 1634.3330> <PB=1000000> 
<DWph=2> <it=102> <et=0.95> <Mt= 0.00> <Spt= 0.01> <nCl= 12> <al=0.64> <DB= 1379.1218> <Mlp= 1634.3330> <PB=1000000> 
<DWph=2> <it=103> <et=0.95> <Mt= 0.00> <Spt= 0.00> <nCl= 10> <al=0.54> <DB= 1444.2884> <Mlp= 1634.2061> <PB=1000000> 
<DWph=2> <it=104> <et=0.96> <Mt= 0.00> <Spt= 0.00> <nCl=  3> <al=0.59> <DB= 1579.9177> <Mlp= 1634.2061> <PB=1000000> 
<DWph=2> <it=105> <et=0.96> <Mt= 0.00> <Spt= 0.00> <nCl= 24> <al=0.63> <DB= 1287.3126> <Mlp= 1634.2061> <PB=1000000> 
<DWph=2> <it=106> <et=0.97> <Mt= 0.00> <Spt= 0.01> <nCl=  7> <al=0.67> <DB= 1597.9360> <Mlp= 1634.2061> <PB=1000000> 
<DWph=2> <it=107> <et=0.97> <Mt= 0.00> <Spt= 0.00> <nCl= 16> <al=0.57> <DB= 1451.8761> <Mlp= 1634.2061> <PB=1000000> 
<DWph=2> <it=108> <et=0.97> <Mt= 0.00> <Spt= 0.00> <nCl= 17> <al=0.61> <DB= 1300.6361> <Mlp= 1634.0201> <PB=1000000> 
<DWph=2> <it=109> <et=0.98> <Mt= 0.00> <Spt= 0.01> <nCl= 12> <al=0.65> <DB= 1373.2592> <Mlp= 1634.0201> <PB=1000000> 
<DWph=2> <it=110> <et=0.98> <Mt= 0.00> <Spt= 0.00> <nCl=  8> <al=0.69> <DB= 1593.7198> <Mlp= 1634.0201> <PB=1000000> 
<DWph=2> <it=111> <et=0.99> <Mt= 0.00> <Spt= 0.00> <nCl=  9> <al=0.59> <DB= 1507.4345> <Mlp= 1634.0201> <PB=1000000> 
<DWph=2> <it=112> <et=0.99> <Mt= 0.00> <Spt= 0.01> <nCl= 21> <al=0.49> <DB= 1007.2654> <Mlp= 1634.0201> <PB=1000000> 
<DWph=2> <it=113> <et=0.99> <Mt= 0.00> <Spt= 0.00> <nCl=  5> <al=0.54> <DB= 1542.4554> <Mlp= 1634.0201> <PB=1000000> 
<DWph=2> <it=114> <et=1.00> <Mt= 0.01> <Spt= 0.00> <nCl=  3> <al=0.44> <DB= 1527.8046> <Mlp= 1634.0201> <PB=1000000> 
<DWph=2> <it=115> <et=1.00> <Mt= 0.00> <Spt= 0.00> <nCl=  4> <al=0.49> <DB= 1568.8554> <Mlp= 1634.0201> <PB=1000000> 
<DWph=2> <it=116> <et=1.01> <Mt= 0.00> <Spt= 0.01> <nCl= 18> <al=0.00> <DB= 1460.9046> <Mlp= 1634.0201> <PB=1000000> 
<DWph=2> <it=117> <et=1.02> <Mt= 0.00> <Spt= 0.00> <nCl= 30> <al=0.29> <DB= 1297.9941> <Mlp= 1633.9959> <PB=1000000> 
<DWph=2> <it=118> <et=1.02> <Mt= 0.00> <Spt= 0.01> <nCl= 28> <al=0.36> <DB= 1396.7018> <Mlp= 1633.8509> <PB=1000000> 
<DWph=2> <it=119> <et=1.03> <Mt= 0.01> <Spt= 0.00> <nCl= 29> <al=0.43> <DB= 1020.0140> <Mlp= 1633.8509> <PB=1000000> 
<DWph=2> <it=120> <et=1.03> <Mt= 0.00> <Spt= 0.00> <nCl= 23> <al=0.33> <DB= 1417.4112> <Mlp= 1633.8509> <PB=1000000> 
<DWph=2> <it=121> <et=1.03> <Mt= 0.00> <Spt= 0.01> <nCl= 23> <al=0.23> <DB= 1497.4209> <Mlp= 1633.8509> <PB=1000000> 
<DWph=2> <it=122> <et=1.04> <Mt= 0.00> <Spt= 0.00> <nCl= 14> <al=0.30> <DB= 1484.6691> <Mlp= 1633.8509> <PB=1000000> 
<DWph=2> <it=123> <et=1.04> <Mt= 0.00> <Spt= 0.00> <nCl= 10> <al=0.20> <DB= 1542.0143> <Mlp= 1633.8509> <PB=1000000> 
<DWph=2> <it=124> <et=1.05> <Mt= 0.00> <Spt= 0.01> <nCl=  3> <al=0.28> <DB= 1582.9236> <Mlp= 1633.8509> <PB=1000000> 
<DWph=2> <it=125> <et=1.06> <Mt= 0.00> <Spt= 0.00> <nCl= 37> <al=0.00> <DB=  938.3207> <Mlp= 1633.8141> <PB=1000000> 
<DWph=2> <it=126> <et=1.06> <Mt= 0.00> <Spt= 0.01> <nCl= 15> <al=0.26> <DB= 1544.3059> <Mlp= 1633.8141> <PB=1000000> 
<DWph=2> <it=127> <et=1.06> <Mt= 0.00> <Spt= 0.00> <nCl=  6> <al=0.16> <DB= 1482.5536> <Mlp= 1633.7468> <PB=1000000> 
<DWph=2> <it=128> <et=1.07> <Mt= 0.00> <Spt= 0.00> <nCl=  8> <al=0.06> <DB= 1550.3726> <Mlp= 1633.7468> <PB=1000000> 
<DWph=2> <it=129> <et=1.07> <Mt= 0.00> <Spt= 0.00> <nCl=  5> <al=0.15> <DB= 1495.5734> <Mlp= 1633.7468> <PB=1000000> 
<DWph=2> <it=130> <et=1.07> <Mt= 0.01> <Spt= 0.01> <nCl=  2> <al=0.24> <DB= 1465.1390> <Mlp= 1633.7374> <PB=1000000> 
<DWph=2> <it=131> <et=1.08> <Mt= 0.00> <Spt= 0.00> <nCl= 21> <al=0.00> <DB= 1448.5618> <Mlp= 1633.7323> <PB=1000000> 
<DWph=2> <it=132> <et=1.08> <Mt= 0.00> <Spt= 0.00> <nCl=  5> <al=0.04> <DB= 1559.8104> <Mlp= 1633.7323> <PB=1000000> 
<DWph=2> <it=133> <et=1.09> <Mt= 0.00> <Spt= 0.01> <nCl= 20> <al=0.00> <DB= 1633.6204> <Mlp= 1633.6204> <PB=1000000> 
<DWph=1> <it=134> <et=1.10> <Mt= 0.00> <Spt= 0.01> <nCl= 26> <al=0.03> <DB= 1164.7349> <Mlp= 1633.6204> <PB=1000000> 
<DWph=1> <it=135> <et=1.11> <Mt= 0.00> <Spt= 0.01> <nCl= 20> <al=0.13> <DB= 1522.3217> <Mlp= 1633.3092> <PB=1000000> 
<DWph=1> <it=136> <et=1.12> <Mt= 0.00> <Spt= 0.01> <nCl= 17> <al=0.03> <DB= 1429.5811> <Mlp= 1633.3059> <PB=1000000> 
<DWph=1> <it=137> <et=1.13> <Mt= 0.00> <Spt= 0.01> <nCl= 17> <al=0.13> <DB= 1188.7388> <Mlp= 1633.3059> <PB=1000000> 
<DWph=1> <it=138> <et=1.14> <Mt= 0.00> <Spt= 0.01> <nCl= 19> <al=0.03> <DB=  989.9716> <Mlp= 1633.3059> <PB=1000000> 
<DWph=1> <it=139> <et=1.15> <Mt= 0.00> <Spt= 0.01> <nCl= 19> <al=0.12> <DB= 1295.0433> <Mlp= 1633.2308> <PB=1000000> 
<DWph=1> <it=140> <et=1.16> <Mt= 0.00> <Spt= 0.01> <nCl= 11> <al=0.21> <DB= 1596.3233> <Mlp= 1633.2308> <PB=1000000> 
<DWph=1> <it=141> <et=1.17> <Mt= 0.01> <Spt= 0.00> <nCl= 17> <al=0.29> <DB= 1127.4060> <Mlp= 1633.1895> <PB=1000000> 
<DWph=1> <it=142> <et=1.18> <Mt= 0.00> <Spt= 0.01> <nCl= 21> <al=0.19> <DB= 1416.6439> <Mlp= 1632.3222> <PB=1000000> 
<DWph=1> <it=143> <et=1.20> <Mt= 0.00> <Spt= 0.01> <nCl= 16> <al=0.09> <DB= 1467.0371> <Mlp= 1632.2147> <PB=1000000> 
<DWph=1> <it=144> <et=1.21> <Mt= 0.00> <Spt= 0.01> <nCl=  7> <al=0.18> <DB= 1610.8809> <Mlp= 1632.2064> <PB=1000000> 
<DWph=1> <it=145> <et=1.22> <Mt= 0.00> <Spt= 0.01> <nCl= 12> <al=0.26> <DB= 1412.9870> <Mlp= 1632.2064> <PB=1000000> 
<DWph=1> <it=146> <et=1.24> <Mt= 0.00> <Spt= 0.02> <nCl= 14> <al=0.00> <DB= 1588.1697> <Mlp= 1632.2064> <PB=1000000> 
<DWph=1> <it=147> <et=1.25> <Mt= 0.00> <Spt= 0.01> <nCl= 18> <al=0.24> <DB= 1490.3286> <Mlp= 1632.1699> <PB=1000000> 
<DWph=1> <it=148> <et=1.26> <Mt= 0.00> <Spt= 0.01> <nCl= 12> <al=0.31> <DB= 1301.6512> <Mlp= 1632.1455> <PB=1000000> 
<DWph=1> <it=149> <et=1.27> <Mt= 0.01> <Spt= 0.01> <nCl=  8> <al=0.38> <DB= 1482.5755> <Mlp= 1632.0787> <PB=1000000> 
<DWph=1> <it=150> <et=1.28> <Mt= 0.00> <Spt= 0.01> <nCl=  3> <al=0.44> <DB= 1573.4860> <Mlp= 1632.0787> <PB=1000000> 
<DWph=1> <it=151> <et=1.30> <Mt= 0.00> <Spt= 0.02> <nCl= 17> <al=0.00> <DB= 1592.0428> <Mlp= 1632.0787> <PB=1000000> 
<DWph=1> <it=152> <et=1.32> <Mt= 0.00> <Spt= 0.02> <nCl=  6> <al=0.00> <DB= 1632.0787> <Mlp= 1632.0787> <PB=1000000> 
    RCSP exact solver info for graph G_0 : TT = 0.025493, pt = 1.2e-05, dt = 0.024022, ct = 0.000973, ndl = 6802', bdl = 297195', odl = 6775', odf = 44132', bsi = 1722', cnt = 31689', bdch = 3540652', odch = 173319', lcp = 129827', #sols = 150
<DWph=0> <it=153> <et=1.35> <Mt= 0.00> <Spt= 0.03> <nCl=144> <al=0.14> <DB= 1148.3907> <Mlp= 1632.0787> <PB=1000000> 
    RCSP exact solver info for graph G_0 : TT = 0.025933, pt = 2.9e-05, dt = 0.024094, ct = 0.00128, ndl = 7014', bdl = 302209', odl = 6691', odf = 45527', bsi = 1635', cnt = 54063', bdch = 3709100', odch = 183471', lcp = 140398', #sols = 150
<DWph=0> <it=154> <et=1.38> <Mt= 0.00> <Spt= 0.03> <nCl=150> <al=0.04> <DB= 1234.6776> <Mlp= 1629.6347> <PB=1000000> 
    RCSP exact solver info for graph G_0 : TT = 0.026689, pt = 3.1e-05, dt = 0.02516, ct = 0.001005, ndl = 7267', bdl = 315985', odl = 7221', odf = 47984', bsi = 1690', cnt = 42722', bdch = 4078380', odch = 189778', lcp = 153809', #sols = 150
<DWph=0> <it=155> <et=1.42> <Mt= 0.00> <Spt= 0.03> <nCl= 97> <al=0.14> <DB= 1459.0594> <Mlp= 1628.5055> <PB=1000000> 
    RCSP exact solver info for graph G_0 : TT = 0.026619, pt = 3.1e-05, dt = 0.025026, ct = 0.001054, ndl = 7301', bdl = 312888', odl = 7129', odf = 47144', bsi = 1693', cnt = 43053', bdch = 4044652', odch = 191206', lcp = 154046', #sols = 150
<DWph=0> <it=156> <et=1.45> <Mt= 0.00> <Spt= 0.03> <nCl= 64> <al=0.23> <DB= 1463.7626> <Mlp= 1627.5432> <PB=1000000> 
    RCSP exact solver info for graph G_0 : TT = 0.025635, pt = 3.1e-05, dt = 0.024087, ct = 0.001043, ndl = 7307', bdl = 313958', odl = 7088', odf = 46549', bsi = 1704', cnt = 44105', bdch = 4023302', odch = 190584', lcp = 152051', #sols = 150
    RCSP exact solver info for graph G_0 : TT = 0.024862, pt = 2.4e-05, dt = 0.023409, ct = 0.000969, ndl = 6925', bdl = 300612', odl = 7102', odf = 45056', bsi = 1678', cnt = 42538', bdch = 3707152', odch = 178183', lcp = 142904', #sols = 150
<DWph=0> <it=157> <et=1.51> <Mt= 0.01> <Spt= 0.06> <nCl= 37> <al=0.00> <DB= 1617.5315> <Mlp= 1627.5315> <PB=1000000> 
    RCSP exact solver info for graph G_0 : TT = 0.02461, pt = 3e-05, dt = 0.022948, ct = 0.001094, ndl = 6940', bdl = 300982', odl = 7098', odf = 45124', bsi = 1676', cnt = 42500', bdch = 3718540', odch = 178785', lcp = 143222', #sols = 150
    RCSP exact solver info for graph G_0 : TT = 0.024333, pt = 6.6e-05, dt = 0.022796, ct = 0.000987, ndl = 6940', bdl = 300869', odl = 7097', odf = 45138', bsi = 1680', cnt = 42402', bdch = 3716764', odch = 178848', lcp = 143199', #sols = 150
<DWph=0> <it=158> <et=1.56> <Mt= 0.00> <Spt= 0.05> <nCl=  0> <al=0.00> <DB= 1627.5315> <Mlp= 1627.5315> <PB=1000000> 
RCSP solver dynamic params and stats :  bidir.bord. = 375 aver.obdmd = 24.3548 aver.buck.num. = 26
@@ 1 0 1627.53 0.0249934 0.026165 91.7767 1.56
RCSP      solver labels distribution in 683 buckets (bucket size) : largest - 56, top 0.1% - 56, top 0.5% - 52, top 2% - 42, top 10% - 23, top 50% - 6
Reduced cost fixing for graph G_0...  TT = 0.045206, pt = 0.003675, dt = 0.041383, ct = 0, ndl = 16034', bdl = 522434', odl = 7371', odf = 73561', lpcb = 33330', cnt = 1491736', bdch = 5946551', odch = 390920', lcp = 187569'
84133 buck. arcs remain (98.9% from prev., 90.8% from max.) + 0 jump buck. arcs (0% from max.)
 TT = 0.085762, pt = 0.003675, dt = 0.041383, ct = 0.040462, ndl = 16034', bdl = 522434', odl = 7371', odf = 73561', lpcb = 33330', cnt = 1610913', bdch = 5946551', odch = 390920', lcp = 187569'
RCSP      solver labels distribution in 1361 buckets (bucket size) : largest - 56, top 0.1% - 54, top 0.5% - 50, top 2% - 42, top 10% - 26, top 50% - 9
Run forward enumeration with border = 375... not succeeded (ratio 0.982313) lpt = 0.016904, ndl = 20015', dl = 580', lpcb = 0', dch = 13592'
 TT = 0.027418, pt = 0.008167, dt = 0.016904, ct = 0, ndl = 20015', bdl = 580', cnt = 79877', bdch = 13592', odch = 0', lcp = 0'
Bucket graph for G_0 is regenerated as bucket steps were adjusted for 62 vertices
RCSP solver info : number of forw. reachable buckets / buck. strongly connected components is 3024( 95.6357% ) / 3024( 100% )
164415 forw. buck. arcs remain (92.1712% from max.) + 0 jump buck. arcs
ColGenEvalAlg final dual bound: 1627.53 (rounded: 1628)
Shrinking heuristic shrunk 35 edges
In total 9 RCC cut(s) are found by the Fractional capacity min-cut heuristic 
In total 26 RCC cut(s) are found by the greedy construction heuristic 
----- Add fac. cuts : CAP(35), max.viol = 0.666667, aver.viol = 0.252222, sep/add took 0.00352354/0.0771782 sec. -----
4045 columns (4045 active), 35 dyn. constrs. (35 active), 157 art. vars. (157 active)
<DWph=2> <it=  1> <et=1.80> <Mt= 0.01> <Spt= 0.01> <nCl= 15> <al=0.50> <DB= 1587.7473> <Mlp= 1632.9101> <PB=1000000> 
<DWph=2> <it=  2> <et=1.81> <Mt= 0.00> <Spt= 0.00> <nCl=  7> <al=0.55> <DB= 1524.8249> <Mlp= 1632.9101> <PB=1000000> 
<DWph=2> <it=  3> <et=1.82> <Mt= 0.00> <Spt= 0.01> <nCl=  9> <al=0.60> <DB= 1629.7098> <Mlp= 1632.9101> <PB=1000000> 
<DWph=2> <it=  4> <et=1.82> <Mt= 0.00> <Spt= 0.00> <nCl= 19> <al=0.50> <DB= 1459.1318> <Mlp= 1632.9101> <PB=1000000> 
<DWph=2> <it=  5> <et=1.84> <Mt= 0.00> <Spt= 0.01> <nCl=  5> <al=0.55> <DB= 1592.9953> <Mlp= 1632.8628> <PB=1000000> 
<DWph=2> <it=  6> <et=1.85> <Mt= 0.00> <Spt= 0.01> <nCl= 25> <al=0.18> <DB= 1452.9839> <Mlp= 1632.8628> <PB=1000000> 
<DWph=2> <it=  7> <et=1.86> <Mt= 0.01> <Spt= 0.01> <nCl= 10> <al=0.49> <DB= 1572.8742> <Mlp= 1632.5455> <PB=1000000> 
<DWph=2> <it=  8> <et=1.87> <Mt= 0.00> <Spt= 0.01> <nCl= 18> <al=0.08> <DB= 1573.3052> <Mlp= 1632.4751> <PB=1000000> 
<DWph=2> <it=  9> <et=1.88> <Mt= 0.00> <Spt= 0.01> <nCl= 18> <al=0.00> <DB= 1592.7781> <Mlp= 1632.4541> <PB=1000000> 
<DWph=2> <it= 10> <et=1.89> <Mt= 0.00> <Spt= 0.00> <nCl=  6> <al=0.34> <DB= 1631.8945> <Mlp= 1632.4483> <PB=1000000> 
<DWph=2> <it= 11> <et=1.90> <Mt= 0.00> <Spt= 0.01> <nCl=  9> <al=0.00> <DB= 1472.6729> <Mlp= 1632.4475> <PB=1000000> 
<DWph=2> <it= 12> <et=1.91> <Mt= 0.01> <Spt= 0.01> <nCl=  9> <al=0.31> <DB= 1422.4339> <Mlp= 1632.4475> <PB=1000000> 
<DWph=2> <it= 13> <et=1.92> <Mt= 0.00> <Spt= 0.01> <nCl=  3> <al=0.00> <DB= 1632.4475> <Mlp= 1632.4475> <PB=1000000> 
<DWph=1> <it= 14> <et=1.93> <Mt= 0.00> <Spt= 0.01> <nCl= 13> <al=0.28> <DB= 1167.8715> <Mlp= 1632.4475> <PB=1000000> 
<DWph=1> <it= 15> <et=1.95> <Mt= 0.00> <Spt= 0.02> <nCl=  7> <al=0.35> <DB= 1614.1496> <Mlp= 1632.4323> <PB=1000000> 
<DWph=1> <it= 16> <et=1.98> <Mt= 0.00> <Spt= 0.02> <nCl= 17> <al=0.00> <DB= 1625.1172> <Mlp= 1632.4209> <PB=1000000> 
<DWph=1> <it= 17> <et=2.01> <Mt= 0.00> <Spt= 0.03> <nCl=  5> <al=0.00> <DB= 1632.4204> <Mlp= 1632.4204> <PB=1000000> 
    RCSP exact solver info for graph G_0 : TT = 0.023599, pt = 2.9e-05, dt = 0.022185, ct = 0.000945, ndl = 6979', bdl = 297482', odl = 10536', odf = 87108', bsi = 1465', cnt = 27495', bdch = 2568467', odch = 234076', lcp = 118427', #sols = 150
<DWph=0> <it= 18> <et=2.04> <Mt= 0.00> <Spt= 0.03> <nCl= 92> <al=0.21> <DB= 1357.4499> <Mlp= 1632.4204> <PB=1000000> 
    RCSP exact solver info for graph G_0 : TT = 0.025915, pt = 7.2e-05, dt = 0.024294, ct = 0.001031, ndl = 7585', bdl = 321754', odl = 10780', odf = 92348', bsi = 1534', cnt = 32880', bdch = 2963239', odch = 259978', lcp = 133061', #sols = 150
<DWph=0> <it= 19> <et=2.07> <Mt= 0.01> <Spt= 0.03> <nCl= 33> <al=0.11> <DB= 1581.3740> <Mlp= 1632.1709> <PB=1000000> 
    RCSP exact solver info for graph G_0 : TT = 0.029, pt = 4.6e-05, dt = 0.026631, ct = 0.00135, ndl = 7421', bdl = 313029', odl = 10654', odf = 91882', bsi = 1516', cnt = 29468', bdch = 2829873', odch = 249120', lcp = 126415', #sols = 150
<DWph=0> <it= 20> <et=2.10> <Mt= 0.00> <Spt= 0.03> <nCl= 14> <al=0.20> <DB= 1565.7551> <Mlp= 1632.1258> <PB=1000000> 
    RCSP exact solver info for graph G_0 : TT = 0.028556, pt = 4.5e-05, dt = 0.026948, ct = 0.001043, ndl = 7254', bdl = 307266', odl = 10694', odf = 90843', bsi = 1506', cnt = 26845', bdch = 2748686', odch = 236705', lcp = 124306', #sols = 150
    RCSP exact solver info for graph G_0 : TT = 0.025192, pt = 5.9e-05, dt = 0.023614, ct = 0.000981, ndl = 7171', bdl = 303831', odl = 10619', odf = 90185', bsi = 1484', cnt = 26540', bdch = 2681513', odch = 238490', lcp = 122930', #sols = 150
<DWph=0> <it= 21> <et=2.17> <Mt= 0.00> <Spt= 0.06> <nCl= 16> <al=0.00> <DB= 1632.1250> <Mlp= 1632.1250> <PB=1000000> 
RCSP solver dynamic params and stats :  bidir.bord. = 375 aver.obdmd = 48.7097 aver.buck.num. = 51
@@ 1 1 1632.12 0.0258044 0.027991 92.1712 2.17
    Full reduced cost fixing is not called (gap ratio is 0.999995)
ColGenEvalAlg final dual bound: 1632.12 (rounded: 1633)
False gap improvement since the last cut separation : 0.0282238 (1627.53)
Current active cuts : CAP(5,140.033)
Shrinking heuristic shrunk 25 edges
In total 3 RCC cut(s) are found by the Fractional capacity min-cut heuristic 
In total 10 RCC cut(s) are found by the greedy construction heuristic 
----- Add fac. cuts : CAP(13), max.viol = 0.325, aver.viol = 0.178365, sep/add took 0.00399049/0.0326008 sec. -----
4395 columns (4395 active), 48 dyn. constrs. (18 active), 170 art. vars. (140 active)
<DWph=2> <it=  1> <et=2.23> <Mt= 0.01> <Spt= 0.01> <nCl= 25> <al=0.50> <DB= 1433.8401> <Mlp= 1634.4293> <PB=1000000> 
<DWph=2> <it=  2> <et=2.24> <Mt= 0.00> <Spt= 0.01> <nCl= 23> <al=0.10> <DB= 1386.2351> <Mlp= 1634.0915> <PB=1000000> 
<DWph=2> <it=  3> <et=2.25> <Mt= 0.00> <Spt= 0.01> <nCl= 12> <al=0.45> <DB= 1631.8243> <Mlp= 1634.0835> <PB=1000000> 
<DWph=2> <it=  4> <et=2.26> <Mt= 0.00> <Spt= 0.01> <nCl=  9> <al=0.01> <DB= 1627.5063> <Mlp= 1634.0775> <PB=1000000> 
<DWph=2> <it=  5> <et=2.27> <Mt= 0.01> <Spt= 0.01> <nCl=  6> <al=0.00> <DB= 1634.0774> <Mlp= 1634.0774> <PB=1000000> 
<DWph=1> <it=  6> <et=2.29> <Mt= 0.00> <Spt= 0.01> <nCl= 16> <al=0.31> <DB= 1400.8308> <Mlp= 1634.0774> <PB=1000000> 
<DWph=1> <it=  7> <et=2.30> <Mt= 0.00> <Spt= 0.02> <nCl=  3> <al=0.21> <DB= 1586.2584> <Mlp= 1634.0731> <PB=1000000> 
<DWph=1> <it=  8> <et=2.33> <Mt= 0.00> <Spt= 0.02> <nCl=  9> <al=0.00> <DB= 1632.4306> <Mlp= 1634.0657> <PB=1000000> 
<DWph=1> <it=  9> <et=2.36> <Mt= 0.00> <Spt= 0.03> <nCl=  2> <al=0.00> <DB= 1634.0646> <Mlp= 1634.0646> <PB=1000000> 
    RCSP exact solver info for graph G_0 : TT = 0.023636, pt = 3.6e-05, dt = 0.022004, ct = 0.001119, ndl = 6964', bdl = 293451', odl = 10419', odf = 90030', bsi = 1403', cnt = 35532', bdch = 2531104', odch = 247589', lcp = 117334', #sols = 150
<DWph=0> <it= 10> <et=2.39> <Mt= 0.00> <Spt= 0.03> <nCl= 59> <al=0.00> <DB= 1353.3783> <Mlp= 1634.0646> <PB=1000000> 
    RCSP exact solver info for graph G_0 : TT = 0.024643, pt = 4.3e-05, dt = 0.023121, ct = 0.000987, ndl = 7064', bdl = 298012', odl = 10348', odf = 90420', bsi = 1414', cnt = 31587', bdch = 2584813', odch = 242167', lcp = 117408', #sols = 150
<DWph=0> <it= 11> <et=2.42> <Mt= 0.00> <Spt= 0.02> <nCl= 23> <al=0.00> <DB= 1584.7724> <Mlp= 1633.8345> <PB=1000000> 
    RCSP exact solver info for graph G_0 : TT = 0.02546, pt = 4.7e-05, dt = 0.023868, ct = 0.001034, ndl = 7114', bdl = 301107', odl = 10406', odf = 90285', bsi = 1410', cnt = 31218', bdch = 2632252', odch = 236431', lcp = 118290', #sols = 150
<DWph=0> <it= 12> <et=2.45> <Mt= 0.01> <Spt= 0.03> <nCl= 10> <al=0.00> <DB= 1600.3071> <Mlp= 1633.8342> <PB=1000000> 
    RCSP exact solver info for graph G_0 : TT = 0.025, pt = 6.5e-05, dt = 0.023472, ct = 0.000941, ndl = 7122', bdl = 301293', odl = 10405', odf = 90404', bsi = 1407', cnt = 31040', bdch = 2634803', odch = 237545', lcp = 118361', #sols = 150
    RCSP exact solver info for graph G_0 : TT = 0.025875, pt = 5.1e-05, dt = 0.024155, ct = 0.001136, ndl = 7121', bdl = 301351', odl = 10404', odf = 90412', bsi = 1405', cnt = 31034', bdch = 2634171', odch = 237626', lcp = 118324', #sols = 150
<DWph=0> <it= 13> <et=2.51> <Mt= 0.00> <Spt= 0.06> <nCl=  0> <al=0.00> <DB= 1633.8342> <Mlp= 1633.8342> <PB=1000000> 
RCSP solver dynamic params and stats :  bidir.bord. = 375 aver.obdmd = 48.7097 aver.buck.num. = 51
@@ 1 2 1633.83 0.0243674 0.025291 92.1712 2.51
    Full reduced cost fixing is not called (gap ratio is 0.999994)
ColGenEvalAlg final dual bound: 1633.83 (rounded: 1634)
False gap improvement since the last cut separation : 0.0104725 (1632.12)
Cut generation tailing off counter increased to 1
Current active cuts : CAP(6,483.694)
Shrinking heuristic shrunk 24 edges
In total 3 RCC cut(s) are found by the Fractional capacity min-cut heuristic 
In total 13 RCC cut(s) are found by the greedy construction heuristic 
In total 3 RCC cut(s) are found by the global pool greedy search heuristic 
----- Add fac. cuts : CAP(19), max.viol = 0.158942, aver.viol = 0.152368, sep/add took 0.00478248/0.0483817 sec. -----
4592 columns (4592 active), 37 dyn. constrs. (25 active), 189 art. vars. (147 active)
<DWph=2> <it=  1> <et=2.60> <Mt= 0.00> <Spt= 0.01> <nCl= 20> <al=0.00> <DB= 1528.2636> <Mlp= 1634.8462> <PB=1000000> 
<DWph=2> <it=  2> <et=2.61> <Mt= 0.01> <Spt= 0.01> <nCl=  3> <al=0.40> <DB= 1630.2465> <Mlp= 1634.7745> <PB=1000000> 
<DWph=2> <it=  3> <et=2.62> <Mt= 0.00> <Spt= 0.01> <nCl=  7> <al=0.00> <DB= 1559.1303> <Mlp= 1634.7632> <PB=1000000> 
<DWph=2> <it=  4> <et=2.64> <Mt= 0.00> <Spt= 0.01> <nCl=  2> <al=0.00> <DB= 1634.7632> <Mlp= 1634.7632> <PB=1000000> 
<DWph=1> <it=  5> <et=2.65> <Mt= 0.00> <Spt= 0.02> <nCl= 15> <al=0.26> <DB= 1468.4040> <Mlp= 1634.7632> <PB=1000000> 
<DWph=1> <it=  6> <et=2.67> <Mt= 0.00> <Spt= 0.01> <nCl=  4> <al=0.33> <DB= 1579.1954> <Mlp= 1634.7574> <PB=1000000> 
<DWph=1> <it=  7> <et=2.70> <Mt= 0.00> <Spt= 0.03> <nCl=  4> <al=0.00> <DB= 1634.7574> <Mlp= 1634.7574> <PB=1000000> 
    RCSP exact solver info for graph G_0 : TT = 0.026935, pt = 3.2e-05, dt = 0.025346, ct = 0.001074, ndl = 7969', bdl = 340589', odl = 10579', odf = 95181', bsi = 1454', cnt = 40419', bdch = 3125741', odch = 308201', lcp = 140238', #sols = 150
<DWph=0> <it=  8> <et=2.73> <Mt= 0.01> <Spt= 0.03> <nCl= 48> <al=0.13> <DB= 1356.3245> <Mlp= 1634.7574> <PB=1000000> 
    RCSP exact solver info for graph G_0 : TT = 0.026746, pt = 5.3e-05, dt = 0.025201, ct = 0.00101, ndl = 7833', bdl = 333998', odl = 10828', odf = 95820', bsi = 1475', cnt = 39925', bdch = 3091859', odch = 286899', lcp = 138618', #sols = 150
<DWph=0> <it=  9> <et=2.76> <Mt= 0.00> <Spt= 0.03> <nCl= 11> <al=0.03> <DB= 1581.0324> <Mlp= 1634.7421> <PB=1000000> 
    RCSP exact solver info for graph G_0 : TT = 0.028198, pt = 5.5e-05, dt = 0.026013, ct = 0.001606, ndl = 7808', bdl = 333092', odl = 10731', odf = 94882', bsi = 1461', cnt = 41000', bdch = 3047400', odch = 287303', lcp = 136592', #sols = 150
    RCSP exact solver info for graph G_0 : TT = 0.026138, pt = 5.1e-05, dt = 0.02449, ct = 0.001047, ndl = 7646', bdl = 326538', odl = 10752', odf = 93771', bsi = 1444', cnt = 39936', bdch = 2971944', odch = 271502', lcp = 134145', #sols = 150
<DWph=0> <it= 10> <et=2.83> <Mt= 0.00> <Spt= 0.06> <nCl= 10> <al=0.00> <DB= 1634.7421> <Mlp= 1634.7421> <PB=1000000> 
RCSP solver dynamic params and stats :  bidir.bord. = 375 aver.obdmd = 48.7097 aver.buck.num. = 51
@@ 1 3 1634.74 0.0264468 0.027619 92.1712 2.83
    Full reduced cost fixing is not called (gap ratio is 0.999993)
ColGenEvalAlg final dual bound: 1634.74 (rounded: 1635)
False gap improvement since the last cut separation : 0.00555661 (1633.83)
Cut generation tailing off counter increased to 2
Current active cuts : CAP(9,611.143)
Shrinking heuristic shrunk 24 edges
In total 1 RCC cut(s) are found by the global pool greedy search heuristic 
----- Add fac. cuts : CAP(1), max.viol = 0.0762506, aver.viol = 0.0762506, sep/add took 0.00493145/0.00463281 sec. -----
4716 columns (4716 active), 26 dyn. constrs. (10 active), 190 art. vars. (132 active)
<DWph=2> <it=  1> <et=2.86> <Mt= 0.00> <Spt= 0.01> <nCl=  5> <al=0.00> <DB= 1629.8216> <Mlp= 1634.8496> <PB=1000000> 
<DWph=2> <it=  2> <et=2.87> <Mt= 0.00> <Spt= 0.01> <nCl=  5> <al=0.00> <DB= 1634.8496> <Mlp= 1634.8496> <PB=1000000> 
<DWph=1> <it=  3> <et=2.89> <Mt= 0.01> <Spt= 0.01> <nCl=  4> <al=0.30> <DB= 1610.5426> <Mlp= 1634.8496> <PB=1000000> 
<DWph=1> <it=  4> <et=2.92> <Mt= 0.00> <Spt= 0.03> <nCl=  0> <al=0.00> <DB= 1634.8496> <Mlp= 1634.8496> <PB=1000000> 
    RCSP exact solver info for graph G_0 : TT = 0.027986, pt = 3.7e-05, dt = 0.026316, ct = 0.001126, ndl = 7784', bdl = 330563', odl = 10475', odf = 91342', bsi = 1473', cnt = 44871', bdch = 2970204', odch = 277625', lcp = 132650', #sols = 150
<DWph=0> <it=  5> <et=2.95> <Mt= 0.00> <Spt= 0.03> <nCl= 14> <al=0.10> <DB= 1599.0264> <Mlp= 1634.8496> <PB=1000000> 
    RCSP exact solver info for graph G_0 : TT = 0.026126, pt = 4.6e-05, dt = 0.024593, ct = 0.001005, ndl = 7736', bdl = 330628', odl = 10433', odf = 90376', bsi = 1474', cnt = 42110', bdch = 2941232', odch = 268206', lcp = 130959', #sols = 150
<DWph=0> <it=  6> <et=2.98> <Mt= 0.00> <Spt= 0.03> <nCl=  2> <al=0.00> <DB= 1634.8485> <Mlp= 1634.8485> <PB=1000000> 
RCSP solver dynamic params and stats :  bidir.bord. = 375 aver.obdmd = 48.7097 aver.buck.num. = 51
@@ 1 4 1634.85 0.02652 0.027442 92.1712 2.98
    Full reduced cost fixing is not called (gap ratio is 0.999993)
ColGenEvalAlg final dual bound: 1634.85 (rounded: 1635)
False gap improvement since the last cut separation : 0.00065061 (1634.74)
----- Cut separators priority level decreased to 1-----
Current active cuts : CAP(10,660.737)
Shrinking heuristic shrunk 25 edges
In total 1 RCC cut(s) are found by the greedy construction heuristic 
In total 1 RCC cut(s) are found by the global pool greedy search heuristic 
11 Rank-1 1-rows pack. cuts added ,  max viol. = 0.276166, aver. viol. = 0.109977
150 Rank-1 3-rows pack. cuts added ,  max viol. = 0.406683, aver. viol. = 0.274706
----- Add fac. cuts : CAP(2) R1C(161), max.viol = 0.433165, aver.viol = 0.266154, sep/add took 0.00596337/0.222703 sec. -----
4746 columns (4746 active), 173 dyn. constrs. (173 active), 353 art. vars. (295 active)
Shrinking heuristic shrunk 55 edges
<DWph=2> <it=  1> <et=3.26> <Mt= 0.02> <Spt= 0.01> <nCl= 14> <al=0.50> <DB= 1544.8659> <Mlp= 1650.0000> <PB=1650> 
<DWph=2> <it=  2> <et=3.28> <Mt= 0.01> <Spt= 0.01> <nCl= 14> <al=0.55> <DB= 1584.5482> <Mlp= 1650.0000> <PB=1650> 
<DWph=2> <it=  3> <et=3.43> <Mt= 0.14> <Spt= 0.01> <nCl= 20> <al=0.60> <DB= 1413.9395> <Mlp= 1649.9526> <PB=1650> 
<DWph=2> <it=  4> <et=3.44> <Mt= 0.00> <Spt= 0.01> <nCl= 13> <al=0.64> <DB= 1558.5489> <Mlp= 1649.7540> <PB=1650> 
<DWph=2> <it=  5> <et=3.49> <Mt= 0.04> <Spt= 0.01> <nCl= 13> <al=0.67> <DB= 1600.7772> <Mlp= 1648.6288> <PB=1650> 
<DWph=2> <it=  6> <et=3.50> <Mt= 0.00> <Spt= 0.01> <nCl= 11> <al=0.70> <DB= 1633.1645> <Mlp= 1648.6059> <PB=1650> 
<DWph=2> <it=  7> <et=3.51> <Mt= 0.01> <Spt= 0.01> <nCl=  6> <al=0.73> <DB= 1623.5190> <Mlp= 1648.6053> <PB=1650> 
<DWph=2> <it=  8> <et=3.54> <Mt= 0.00> <Spt= 0.02> <nCl= 15> <al=0.52> <DB= 1641.3809> <Mlp= 1648.5061> <PB=1650> 
<DWph=2> <it=  9> <et=3.56> <Mt= 0.01> <Spt= 0.01> <nCl= 27> <al=0.66> <DB=  612.8867> <Mlp= 1648.4455> <PB=1650> 
<DWph=2> <it= 10> <et=3.57> <Mt= 0.00> <Spt= 0.01> <nCl= 11> <al=0.69> <DB= 1557.1378> <Mlp= 1648.4455> <PB=1650> 
<DWph=2> <it= 11> <et=3.58> <Mt= 0.01> <Spt= 0.01> <nCl=  7> <al=0.73> <DB= 1615.7281> <Mlp= 1647.9223> <PB=1650> 
<DWph=2> <it= 12> <et=3.60> <Mt= 0.00> <Spt= 0.01> <nCl=  9> <al=0.63> <DB= 1557.3987> <Mlp= 1647.8997> <PB=1650> 
<DWph=2> <it= 13> <et=3.61> <Mt= 0.01> <Spt= 0.01> <nCl= 15> <al=0.66> <DB= 1637.7850> <Mlp= 1647.5992> <PB=1650> 
<DWph=2> <it= 14> <et=3.63> <Mt= 0.00> <Spt= 0.01> <nCl= 13> <al=0.39> <DB= 1519.2064> <Mlp= 1647.5813> <PB=1650> 
<DWph=2> <it= 15> <et=3.65> <Mt= 0.01> <Spt= 0.01> <nCl= 19> <al=0.60> <DB= 1104.5798> <Mlp= 1647.4581> <PB=1650> 
<DWph=2> <it= 16> <et=3.66> <Mt= 0.00> <Spt= 0.01> <nCl= 11> <al=0.64> <DB= 1644.7059> <Mlp= 1647.2365> <PB=1650> 
<DWph=2> <it= 17> <et=3.68> <Mt= 0.00> <Spt= 0.01> <nCl= 21> <al=0.54> <DB= 1424.9385> <Mlp= 1647.2365> <PB=1650> 
<DWph=2> <it= 18> <et=3.69> <Mt= 0.01> <Spt= 0.01> <nCl=  8> <al=0.58> <DB= 1645.7491> <Mlp= 1647.2085> <PB=1650> 
<DWph=2> <it= 19> <et=3.70> <Mt= 0.00> <Spt= 0.01> <nCl= 14> <al=0.48> <DB= 1562.5108> <Mlp= 1647.2085> <PB=1650> 
<DWph=2> <it= 20> <et=3.72> <Mt= 0.00> <Spt= 0.01> <nCl= 14> <al=0.53> <DB= 1526.0531> <Mlp= 1647.1666> <PB=1650> 
<DWph=2> <it= 21> <et=3.74> <Mt= 0.01> <Spt= 0.02> <nCl= 26> <al=0.16> <DB= 1361.9783> <Mlp= 1647.1585> <PB=1650> 
<DWph=2> <it= 22> <et=3.75> <Mt= 0.00> <Spt= 0.01> <nCl=  4> <al=0.48> <DB= 1621.0603> <Mlp= 1647.1585> <PB=1650> 
<DWph=2> <it= 23> <et=3.77> <Mt= 0.00> <Spt= 0.01> <nCl=  4> <al=0.38> <DB= 1570.2062> <Mlp= 1647.1583> <PB=1650> 
<DWph=2> <it= 24> <et=3.78> <Mt= 0.01> <Spt= 0.01> <nCl=  8> <al=0.28> <DB= 1574.4026> <Mlp= 1647.0939> <PB=1650> 
<DWph=2> <it= 25> <et=3.79> <Mt= 0.00> <Spt= 0.01> <nCl= 10> <al=0.35> <DB= 1601.1084> <Mlp= 1647.0873> <PB=1650> 
<DWph=2> <it= 26> <et=3.81> <Mt= 0.00> <Spt= 0.01> <nCl=  3> <al=0.42> <DB= 1606.9221> <Mlp= 1647.0873> <PB=1650> 
<DWph=2> <it= 27> <et=3.83> <Mt= 0.01> <Spt= 0.02> <nCl= 17> <al=0.00> <DB= 1647.0873> <Mlp= 1647.0873> <PB=1650> 
<DWph=1> <it= 28> <et=3.85> <Mt= 0.00> <Spt= 0.02> <nCl= 23> <al=0.22> <DB= 1364.8574> <Mlp= 1647.0873> <PB=1650> 
<DWph=1> <it= 29> <et=3.87> <Mt= 0.00> <Spt= 0.02> <nCl= 26> <al=0.30> <DB=  956.3302> <Mlp= 1647.0713> <PB=1650> 
<DWph=1> <it= 30> <et=3.90> <Mt= 0.01> <Spt= 0.02> <nCl= 22> <al=0.20> <DB= 1367.5474> <Mlp= 1646.8247> <PB=1650> 
<DWph=1> <it= 31> <et=3.93> <Mt= 0.01> <Spt= 0.02> <nCl= 18> <al=0.10> <DB= 1394.3833> <Mlp= 1646.6827> <PB=1650> 
<DWph=1> <it= 32> <et=3.96> <Mt= 0.00> <Spt= 0.02> <nCl= 16> <al=0.19> <DB= 1110.3351> <Mlp= 1646.5027> <PB=1650> 
<DWph=1> <it= 33> <et=3.98> <Mt= 0.01> <Spt= 0.02> <nCl= 11> <al=0.09> <DB= 1627.9956> <Mlp= 1646.0594> <PB=1650> 
<DWph=1> <it= 34> <et=4.01> <Mt= 0.00> <Spt= 0.02> <nCl=  4> <al=0.18> <DB= 1634.2012> <Mlp= 1646.0505> <PB=1650> 
<DWph=1> <it= 35> <et=4.03> <Mt= 0.00> <Spt= 0.03> <nCl=  6> <al=0.08> <DB= 1633.2890> <Mlp= 1646.0474> <PB=1650> 
<DWph=1> <it= 36> <et=4.08> <Mt= 0.01> <Spt= 0.04> <nCl=  1> <al=0.00> <DB= 1646.0463> <Mlp= 1646.0463> <PB=1650> 
    RCSP exact solver info for graph G_0 : TT = 0.05717, pt = 0.000221, dt = 0.053825, ct = 0.002539, ndl = 11123', bdl = 468625', odl = 12335', odf = 128090', bsi = 1809', cnt = 133134', bdch = 5251384', odch = 687388', lcp = 243241', #sols = 150
<DWph=0> <it= 37> <et=4.15> <Mt= 0.00> <Spt= 0.07> <nCl=123> <al=0.07> <DB= 1450.7865> <Mlp= 1646.0463> <PB=1650> 
    RCSP exact solver info for graph G_0 : TT = 0.04801, pt = 0.000318, dt = 0.044272, ct = 0.002796, ndl = 11317', bdl = 474285', odl = 12620', odf = 129983', bsi = 1760', cnt = 154849', bdch = 5438951', odch = 703867', lcp = 253047', #sols = 150
<DWph=0> <it= 38> <et=4.21> <Mt= 0.01> <Spt= 0.05> <nCl= 32> <al=0.16> <DB= 1578.3827> <Mlp= 1645.4733> <PB=1650> 
    RCSP exact solver info for graph G_0 : TT = 0.048683, pt = 0.000324, dt = 0.044991, ct = 0.002769, ndl = 11258', bdl = 473524', odl = 12554', odf = 130243', bsi = 1749', cnt = 162901', bdch = 5415755', odch = 675386', lcp = 247889', #sols = 150
<DWph=0> <it= 39> <et=4.27> <Mt= 0.00> <Spt= 0.06> <nCl= 15> <al=0.25> <DB= 1612.6378> <Mlp= 1645.3485> <PB=1650> 
    RCSP exact solver info for graph G_0 : TT = 0.046132, pt = 0.000274, dt = 0.042526, ct = 0.002729, ndl = 11240', bdl = 471849', odl = 12483', odf = 130913', bsi = 1719', cnt = 160375', bdch = 5411474', odch = 658212', lcp = 245188', #sols = 150
<DWph=0> <it= 40> <et=4.33> <Mt= 0.01> <Spt= 0.05> <nCl= 11> <al=0.15> <DB= 1616.1705> <Mlp= 1645.3056> <PB=1650> 
    RCSP exact solver info for graph G_0 : TT = 0.046722, pt = 0.000271, dt = 0.043229, ct = 0.002594, ndl = 11184', bdl = 470152', odl = 12512', odf = 129832', bsi = 1705', cnt = 158302', bdch = 5382151', odch = 652131', lcp = 244829', #sols = 150
<DWph=0> <it= 41> <et=4.38> <Mt= 0.00> <Spt= 0.05> <nCl=  7> <al=0.23> <DB= 1633.9601> <Mlp= 1645.3053> <PB=1650> 
    RCSP exact solver info for graph G_0 : TT = 0.04792, pt = 0.00043, dt = 0.04429, ct = 0.002585, ndl = 11144', bdl = 468208', odl = 12478', odf = 129496', bsi = 1702', cnt = 157071', bdch = 5339007', odch = 652401', lcp = 243054', #sols = 150
    RCSP exact solver info for graph G_0 : TT = 0.045411, pt = 0.000219, dt = 0.041274, ct = 0.003308, ndl = 11099', bdl = 464078', odl = 12450', odf = 129698', bsi = 1736', cnt = 155562', bdch = 5279335', odch = 644017', lcp = 240395', #sols = 150
<DWph=0> <it= 42> <et=4.48> <Mt= 0.00> <Spt= 0.10> <nCl=  1> <al=0.00> <DB= 1645.3053> <Mlp= 1645.3053> <PB=1650> 
RCSP solver dynamic params and stats :  bidir.bord. = 375 aver.obdmd = 48.7097 aver.buck.num. = 51 nbR1C = 25 with avMem = 10.4
@@ 1 5 1645.31 0.0476753 0.056364 92.1712 4.48
RCSP      solver labels distribution in 1189 buckets (bucket size) : largest - 90, top 0.1% - 84, top 0.5% - 71, top 2% - 47, top 10% - 23, top 50% - 5
Reduced cost fixing for graph G_0...  TT = 0.020469, pt = 0.008107, dt = 0.011974, ct = 0, ndl = 16624', bdl = 143409', odl = 3649', odf = 65936', lpcb = 298339', cnt = 111146', bdch = 1684031', odch = 371781', lcp = 66928'
7137 buck. arcs remain (4.34% from prev., 4% from max.) + 9497 jump buck. arcs (5.32% from max.)
 TT = 0.040131, pt = 0.008107, dt = 0.011974, ct = 0.019572, ndl = 16624', bdl = 143409', odl = 3649', odf = 65936', lpcb = 298339', cnt = 859305', bdch = 1684031', odch = 371781', lcp = 66928'
RCSP      solver labels distribution in 2244 buckets (bucket size) : largest - 90, top 0.1% - 75, top 0.5% - 65, top 2% - 39, top 10% - 17, top 50% - 4
Run forward enumeration with border = 375... succeeded! lpt = 0.015514, ndl = 4084', dl = 114', lpcb = 17573', dch = 798'
Run enumeration concatenation with time limit 1.34403 sec.... succeeded!
Sorting and storing enumerated solutions ... done!
 TT = 0.021862, pt = 0, dt = 0.015514, ct = 0.00227, ndl = 4084', bdl = 114', lpcb = 17573', cnt = 92151', bdch = 798', odch = 0', lcp = 0'
Enumeration succeeded!, number of elem. solutions is 1270
Estimating inspection time...     TT = 0.000452, performed by inspection with 1270 solutions, nbR1C = 25, nbDiscC = 0
Inspection time is low enough. Pricing will be done by inspection.
Added 758 columns in the formulation 
Removed 4651 columns (not in the enumerated set) from the formulation
Regenerated 758 columns with the 'enumerated' flag
Added 965 columns in the formulation 
ColGenEvalAlg final dual bound: 1645.31 (rounded: 1646)
Gap improvement since the last cut separation : 0.690151 (1634.85)
Current active cuts : CAP(6,530.985) R1C(3+22,53.23) 1rowPackR1C(3) 3rowPackR1C(22)
----- Terminating the node by MIP -----
Version identifier: 22.1.2.0 | 2024-11-26 | 0edbb82fd
CPXPARAM_Advance                                 0
CPXPARAM_Preprocessing_Linear                    0
CPXPARAM_Threads                                 1
CPXPARAM_MIP_Strategy_CallbackReducedLP          0
CPXPARAM_MIP_Limits_Nodes                        2000000
CPXPARAM_Simplex_Tolerances_Optimality           9.9999999999999995e-08
CPXPARAM_Simplex_Tolerances_Feasibility          9.9999999999999995e-08
CPXPARAM_TimeLimit                               360000
CPXPARAM_MIP_Tolerances_UpperCutoff              1649.0000010000001
CPXPARAM_MIP_Tolerances_MIPGap                   1.0000000000000001e-09
Legacy callback                                  L
Warning: Control callbacks may disable some MIP features.
Tried aggregator 1 time.
MIP Presolve eliminated 116 rows and 799 columns.
MIP Presolve modified 16699 coefficients.
Reduced MIP has 117 rows, 924 columns, and 39671 nonzeros.
Reduced MIP has 924 binaries, 0 generals, 0 SOSs, and 0 indicators.
Presolve time = 0.09 sec. (197.11 ticks)
Probing fixed 790 vars, tightened 0 bounds.
Probing changed sense of 39 constraints.
Probing time = 0.04 sec. (92.75 ticks)
Cover probing fixed 1 vars, tightened 0 bounds.
Clique table members: 657.
MIP emphasis: balance optimality and feasibility.
MIP search method: traditional branch-and-cut.
Parallel mode: none, using 1 thread.
Root relaxation solution time = 0.00 sec. (1.20 ticks)

        Nodes                                         Cuts/
   Node  Left     Objective  IInf  Best Integer    Best Bound    ItCnt     Gap         Variable B NodeID Parent  Depth

      0     0        cutoff                                         45         

Root node processing (before b&c):
  Real time             =    0.13 sec. (296.53 ticks)
Sequential b&c:
  Real time             =    0.00 sec. (0.00 ticks)
                          ------------
Total (root+branch&cut) =    0.13 sec. (296.53 ticks)
Solution status = Infeasible
New model incumbent solution 1650, TIME = 0h0m4s88t = 488
************************************************************************************************
Search is finished, global bounds : [ 1650 , 1650 ], TIME = 0h0m4s88t = 488
************************************************************************************************
[32mBaPCod : solution defined.[00m
statistics_cols: instance & :Optimal & cutoff & :bcRecRootDb & :bcTimeRootEval & :bcCountNodeProc & :bcRecBestDb & :bcRecBestInc & :bcTimeMain \\
statistics: instance_24-triangle & 1 & 1.0e6 & 1650.00 & 4.88 & 1 & 1650.00 & 1650 & 4.88 \\
########################################################
Route #1: 3 38 31 14 60 32 24 5 12 53 6 16 21 
Route #2: 25 48 
Route #3: 36 15 45 26 1 56 23 30 37 20 2 59 54 13 18 44 
Route #4: 40 39 29 52 51 19 9 17 49 50 27 55 8 46 
Route #5: 42 35 57 41 4 7 34 22 58 43 28 10 33 11 47 
Cost 1650
########################################################

end_time=2026-04-22 10:50:33
exit_code=0
