instance_file=/mnt/c/Users/porin/OneDrive/Documentos/Python-Mestrado/Modelagem Matemática/Programação Inteira - Uchoa/Problema VRPRDL/instancias_turco/VRPRDL-triangle/cvrp_padrao_convertidos/instance_15-triangle.vrp
instance_name=instance_15-triangle
n_customers=30
k_lb=2
k_ub=30
ub=1000000
timeout_s=3600
start_time=2026-04-22 10:47:53

  Activating project at `~/VRPSolver/VRPSolverDemos`
Application parameters:
  batch  =>  nothing
  instance  =>  "/mnt/c/Users/porin/OneDrive/Documentos/Python-Mestrado/Modelagem Matemática/Programação Inteira - Uchoa/Problema VRPRDL/instancias_turco/VRPRDL-triangle/cvrp_padrao_convertidos/instance_15-triangle.vrp"
  noround  =>  false
  cfg  =>  "/home/poringman/VRPSolver/VRPSolverDemos/src/../config/CVRP.cfg"
  edge_cuts  =>  false
  out  =>  nothing
  ub  =>  1.0e6
  cluster_branching  =>  1.0
  sol  =>  nothing
  single_resource  =>  false
  strong_kpath_cuts  =>  false
  tikz  =>  nothing
  maxr  =>  30
  update  =>  false
  show_complete_form  =>  false
  nosolve  =>  false
  minr  =>  2
  low_edge_priority  =>  false
~~~~~~~~~~~~~~~~~~~~~~~~~~~~~~~~~~~~~~~~~~~~~~~~~~~~~~~~~~~~~~~~~~~~~~~~~~~~~~~~~~~~~
GIT VERSION RCSP: 
GIT BRANCH: 
~~~~~~~~~~~~~~~~~~~~~~~~~~~~~~~~~~~~~~~~~~~~~~~~~~~~~~~~~~~~~~~~~~~~~~~~~~~~~~~~~~~~~
VRPSolver v0.6.16, 10/11/2025, © Inria Bordeaux, France, vrpsolver.math.u-bordeaux.fr
      Corresponds to the solver by Pessoa, Sadykov, Uchoa and Vanderbeck (2020)
                 Paper: dx.doi.org/10.1007/s10107-020-01523-z
~~~~~~~~~~~~~~~~~~~~~~~~~~~~~~~~~~~~~~~~~~~~~~~~~~~~~~~~~~~~~~~~~~~~~~~~~~~~~~~~~~~~~
GIT VERSION BAPCOD: a7cb21f19424236c9d0da5dcf94961797a519470
GIT BRANCH: main
~~~~~~~~~~~~~~~~~~~~~~~~~~~~~~~~~~~~~~~~~~~~~~~~~~~~~~~~~~~~~~~~~~~~~~~~~~~~~~~~~~~~~
   BaPCod v0.84, 10/11/2025, © Inria Bordeaux, France, bapcod.math.u-bordeaux.fr 
           THIS CODE IS PROVIDED AS IS, USE IT AT YOUR OWN RISK
~~~~~~~~~~~~~~~~~~~~~~~~~~~~~~~~~~~~~~~~~~~~~~~~~~~~~~~~~~~~~~~~~~~~~~~~~~~~~~~~~~~~~
--- MAIN PARAMETERS ---
GlobalTimeLimitInTick = 2147483645
GlobalTimeLimit = 21474836
ClockType = 0
MaxNbOfBBtreeNodeTreated = 100000
optimalityGapTolerance = 1e-06
relOptimalityGapTolerance = 1e-09
ApplyPreprocessing = false
PreprocessVariablesLocalBounds = false
treeSearchStrategy = 1
OpenNodesLimit = 1000
DEFAULTPRINTLEVEL = 0
--- MIP SOLVER PARAMETERS ---
solverName = CPLEX_SOLVER
MipSolverMaxBBNodes = 2000000
MipSolverMaxTime = 360000
MipSolverMultiThread = 1
--- COLUMN GENERATION PARAMETERS ---
SolverSelectForMast = a
  colGenSubProbSolMode = customSolver
mastInitMode = localArtCol
ArtVarPenaltyUpdateFactor = 2
ArtVarMaxNbOfPenaltyUpdates = 5
MaxNbOfStagesInColGenProcedure = 3
GenerateProperColumns = false
InsertAllGeneratedColumnsInFormRatherThanInPool = true
InsertNewNonNegColumnsDirectlyInFormRatherThanInPool = true
ColumnCleanupThreshold = 10000
ColumnCleanupRatio = 0.66
ReducedCostFixingThreshold = 0.9
--- CUT GENERATION PARAMETERS ---
MasterCuttingPlanesDepthLimit = 1000
MaxNbOfCutGeneratedAtEachIter = 1000
CutTailingOffThreshold = 0.015
CutTailingOffCounterThreshold = 3
CutCleanupThreshold = 1
CutCleanupRatio = 0.66
ColGenSpRelaxationImprovementPriority = 0
--- STABILIZATION PARAMETERS ---
colGenDualPriceSmoothingAlphaFactor = 1
colGenDualPriceSmoothingBetaFactor = 0
colGenStabilizationFunctionType = none
colGenProximalStabilizationRule = undefined
StabilFuncKappa = 1
colGenStabilizationMaxTreeDepth = 10000
StabilizationMinPhaseOfStage = 0
--- PRIMAL HEURISTIC PARAMETERS ---
UseInitialPrimalHeur = false
MaxTimeForRestrictedMasterIpHeur = -1
CallFrequencyOfRestrictedMasterIpHeur = 5
MIPemphasisInRestrictedMasterIpHeur = 1
PolishingAfterTimeInRestrictedMasterIpHeur = -1
DivingHeurUseDepthLimit = -1
CallFrequencyOfDivingHeur = 1
LeastFractional
Closest2RoundUp
LeastGreedyCost
LeastCost
FixIntValBeforeRoundingHeur = true
MaxNbOfCgIteDuringRh = 5000
MaxLDSbreadth = 0
MaxLDSdepth = 0
DivingHeurStopsWithFirstFeasSol = false
DivingHeurPreprocessBeforeChoosingVar = false
StrongDivingCandidatesNumber = 1
EvalAlgParamsInDiving = max#cand. = 1 max#cg.iters = 10000 min.lvl.sp.restr. = 1 min#cut.rounds = 0 max#cut.rounds = 0 red.cost.fix&enum. = false tree.size.ratio = 1
LocalSearchHeurUseDepthLimit = -1
LeastFractional
Closest2RoundUp
LeastGreedyCost
LeastCost
MaxFactorOfColFixedByLocalSearchHeur = 0.8
MaxLocalSearchIterationCounter = 3
--- STRONG BRANCHING PARAMETERS ---
SimplifiedStrongBranchingParameterisation = true
StrongBranchingPhaseOneCandidatesNumber = 100
StrongBranchingPhaseOneTreeSizeEstimRatio = 0.2
StrongBranchingPhaseTwoCandidatesNumber = 3
StrongBranchingPhaseTwoTreeSizeEstimRatio = 0.02
SafeDualBoundScaleFactor = -1
StrongBranchingPhaseOne = max#cand. = 100 max#cg.iters = 0 min.lvl.sp.restr. = 0 min#cut.rounds = 0 max#cut.rounds = 0 red.cost.fix&enum. = false tree.size.ratio = 0.2
StrongBranchingPhaseTwo = max#cand. = 3 max#cg.iters = 10000 min.lvl.sp.restr. = 1 min#cut.rounds = 0 max#cut.rounds = 0 red.cost.fix&enum. = false tree.size.ratio = 0.02
StrongBranchingPhaseThree = max#cand. = 1 max#cg.iters = 10000 min.lvl.sp.restr. = 0 min#cut.rounds = 0 max#cut.rounds = 10000 red.cost.fix&enum. = true tree.size.ratio = 1
StrongBranchingPhaseFour =not active
--- DEBUG OUTPUT PARAMETERS ---
printMasterPrimalSols = 0
--- VRPSOLVER PARAMETERS ---
RCSPstopCutGenTimeThresholdInPricing = 10
RCSPhardTimeThresholdInPricing = 25
RCSPredCostFixingTimeThreshold = 100
RCSPnumberOfBucketsPerVertex = 25
RCSPdynamicBucketSteps = 1
RCSPuseBidirectionalSearch = 2
RCSPapplyReducedCostFixing = 1
RCSPmaxNumOfColsPerIteration = 30
RCSPmaxNumOfColsPerExactIteration = 150
RCSPmaxNumOfLabelsInEnumeration = 500000
RCSPmaxNumOfLabelsInHeurEnumeration = 0
RCSPmaxNumOfEnumeratedSolutions = 5000000
RCSPmaxNumOfEnumSolutionsForMIP = 10000
RCSPmaxNumOfEnumSolsForEndOfNodeMIP = 10000
RCSPinitNGneighbourhoodSize = 8
RCSPmaxNGneighbourhoodSize = 8
RCSPrankOneCutsMaxNumRows = 5
RCSPrankOneCutsMaxNumPerRound = 100
RCSPrankOneCutsMemoryType = 0
RCSPrankOneCutsLSnumIterations = 1000
RCSPallowRoutesWithSameVerticesSet = true
RCSPredCostFixingFalseGap = 0
SafeDualBoundScaleFactor = -1
RCSPmaxNumOfLabelsInHeurEnumeration = 0
MaxNumEnumSolsInRestrictedMasterIpHeur = 5000

prName & bcTimeMain \\ 
New model incumbent solution 1e+06, TIME = 0h0m0s44t = 44
RCSP solver info : size of non-robust cut bitmask in a label is 640 bits
Bucket steps were recalculated for graph G_0 : [30]
RCSP solver info : symmetric case is detected for graph G_0! 
Bidirectional border value is initialised to 375
RCSP solver info : number of forw. reachable buckets / buck. strongly connected components is 798( 95.9135% ) / 398( 49.8747% )
RCSP solver info: std. label size is 56, ext. label size is 136
Generating neighbourhoods for rank-1 cuts separation
Building structures for 4- and 5-row rank-1 packing cut separation...done!
Model is built TIME = 0h0m0s44t = 44
************************************************************************************************
**** BaB tree root node
**** Local DB = -1e+12, global bounds : [ -1e+12 , 1e+06 ], TIME = 0h0m0s44t = 44
**** 1 open nodes, 0 columns (0 active), 0 dyn. constrs. (0 active), 62 art. vars. (62 active)
************************************************************************************************
--------------------------------------------------------------------------
BaPCod info : first we run the root node with rank-1 cuts with node memory
--------------------------------------------------------------------------
#<DWph=2> <it=  1> <et=0.44> <Mt= 0.00> <Spt= 0.00> <nCl= 30> <al=0.00> <DB=-2159939850.0000> <Mlp=74400000.0000> <PB=1000000> 
#<DWph=2> <it=  2> <et=0.44> <Mt= 0.00> <Spt= 0.00> <nCl= 30> <al=0.55> <DB=-1359236430.4500> <Mlp=65800285.6667> <PB=1000000> 
#<DWph=2> <it=  3> <et=0.45> <Mt= 0.00> <Spt= 0.00> <nCl= 30> <al=0.45> <DB=-1167944104.6393> <Mlp=60695194.7368> <PB=1000000> 
#<DWph=2> <it=  4> <et=0.45> <Mt= 0.00> <Spt= 0.00> <nCl= 30> <al=0.35> <DB=-1285137262.3968> <Mlp=59543355.0000> <PB=1000000> 
#<DWph=2> <it=  5> <et=0.45> <Mt= 0.00> <Spt= 0.00> <nCl= 30> <al=0.42> <DB=-1045513443.5599> <Mlp=46668338.0737> <PB=1000000> 
#<DWph=2> <it=  6> <et=0.45> <Mt= 0.00> <Spt= 0.00> <nCl= 30> <al=0.47> <DB=-1019697456.0177> <Mlp=44915422.7391> <PB=1000000> 
#<DWph=2> <it=  7> <et=0.45> <Mt= 0.00> <Spt= 0.00> <nCl= 30> <al=0.53> <DB=-1000204116.9766> <Mlp=41835061.1337> <PB=1000000> 
#<DWph=2> <it=  8> <et=0.45> <Mt= 0.00> <Spt= 0.00> <nCl= 30> <al=0.43> <DB=-1092587683.8525> <Mlp=35765932.4344> <PB=1000000> 
#<DWph=2> <it=  9> <et=0.45> <Mt= 0.00> <Spt= 0.01> <nCl= 30> <al=0.48> <DB=-995628548.5115> <Mlp=32268039.8153> <PB=1000000> 
#<DWph=2> <it= 10> <et=0.46> <Mt= 0.00> <Spt= 0.00> <nCl= 30> <al=0.54> <DB=-981030365.1420> <Mlp=27443837.6138> <PB=1000000> 
#<DWph=2> <it= 11> <et=0.46> <Mt= 0.00> <Spt= 0.00> <nCl= 30> <al=0.58> <DB=-851617185.8427> <Mlp=23510972.4081> <PB=1000000> 
#<DWph=2> <it= 12> <et=0.46> <Mt= 0.00> <Spt= 0.00> <nCl= 30> <al=0.62> <DB=-832280641.1973> <Mlp=16379877.6663> <PB=1000000> 
#<DWph=2> <it= 13> <et=0.46> <Mt= 0.00> <Spt= 0.00> <nCl= 30> <al=0.66> <DB=-789488691.4772> <Mlp=7141741.1012> <PB=1000000> 
#<DWph=2> <it= 14> <et=0.46> <Mt= 0.00> <Spt= 0.00> <nCl= 30> <al=0.70> <DB=-822460594.3307> <Mlp=2563416.0434> <PB=1000000> 
#<DWph=2> <it= 15> <et=0.46> <Mt= 0.00> <Spt= 0.00> <nCl= 30> <al=0.60> <DB=-746144718.1388> <Mlp=1204720.9811> <PB=1000000> 
#<DWph=2> <it= 16> <et=0.46> <Mt= 0.00> <Spt= 0.00> <nCl= 30> <al=0.50> <DB=-597394153.5345> <Mlp=684731.9441> <PB=1000000> 
#<DWph=2> <it= 17> <et=0.47> <Mt= 0.00> <Spt= 0.00> <nCl= 30> <al=0.40> <DB=-351537368.0145> <Mlp=30882.4226> <PB=1000000> 
<DWph=2> <it= 18> <et=0.47> <Mt= 0.00> <Spt= 0.00> <nCl= 30> <al=0.00> <DB=-1128.4881> <Mlp= 2653.5669> <PB=1000000> 
<DWph=2> <it= 19> <et=0.47> <Mt= 0.00> <Spt= 0.01> <nCl= 30> <al=0.20> <DB=-37670.7333> <Mlp= 2104.9455> <PB=1000000> 
<DWph=2> <it= 20> <et=0.47> <Mt= 0.00> <Spt= 0.00> <nCl= 30> <al=0.28> <DB=-16504.7009> <Mlp= 1966.0593> <PB=1000000> 
<DWph=2> <it= 21> <et=0.47> <Mt= 0.00> <Spt= 0.00> <nCl= 30> <al=0.35> <DB=-7992.4390> <Mlp= 1869.6168> <PB=1000000> 
<DWph=2> <it= 22> <et=0.47> <Mt= 0.00> <Spt= 0.00> <nCl= 30> <al=0.41> <DB=-3365.4495> <Mlp= 1596.6991> <PB=1000000> 
<DWph=2> <it= 23> <et=0.48> <Mt= 0.00> <Spt= 0.00> <nCl= 30> <al=0.47> <DB=-2122.5927> <Mlp= 1515.7828> <PB=1000000> 
<DWph=2> <it= 24> <et=0.48> <Mt= 0.00> <Spt= 0.00> <nCl= 22> <al=0.52> <DB=   88.5726> <Mlp= 1469.4575> <PB=1000000> 
<DWph=2> <it= 25> <et=0.48> <Mt= 0.00> <Spt= 0.00> <nCl= 30> <al=0.57> <DB=-1125.3884> <Mlp= 1424.9881> <PB=1000000> 
<DWph=2> <it= 26> <et=0.48> <Mt= 0.00> <Spt= 0.00> <nCl= 30> <al=0.61> <DB=  264.2851> <Mlp= 1378.0952> <PB=1000000> 
<DWph=2> <it= 27> <et=0.48> <Mt= 0.01> <Spt= 0.00> <nCl= 30> <al=0.65> <DB= -540.2486> <Mlp= 1352.9300> <PB=1000000> 
<DWph=2> <it= 28> <et=0.48> <Mt= 0.00> <Spt= 0.01> <nCl= 29> <al=0.69> <DB=  476.0232> <Mlp= 1297.8124> <PB=1000000> 
<DWph=2> <it= 29> <et=0.48> <Mt= 0.00> <Spt= 0.00> <nCl= 30> <al=0.72> <DB=-1049.0300> <Mlp= 1255.2008> <PB=1000000> 
<DWph=2> <it= 30> <et=0.49> <Mt= 0.00> <Spt= 0.00> <nCl= 30> <al=0.75> <DB= -493.1895> <Mlp= 1212.0714> <PB=1000000> 
<DWph=2> <it= 31> <et=0.49> <Mt= 0.00> <Spt= 0.00> <nCl= 30> <al=0.77> <DB=  590.6628> <Mlp= 1178.7500> <PB=1000000> 
<DWph=2> <it= 32> <et=0.49> <Mt= 0.00> <Spt= 0.00> <nCl= 27> <al=0.80> <DB=  757.4507> <Mlp= 1149.6667> <PB=1000000> 
<DWph=2> <it= 33> <et=0.49> <Mt= 0.00> <Spt= 0.00> <nCl= 29> <al=0.82> <DB=  604.6212> <Mlp= 1134.6333> <PB=1000000> 
<DWph=2> <it= 34> <et=0.49> <Mt= 0.00> <Spt= 0.00> <nCl= 30> <al=0.72> <DB=  119.8898> <Mlp= 1128.0594> <PB=1000000> 
<DWph=2> <it= 35> <et=0.49> <Mt= 0.00> <Spt= 0.00> <nCl= 26> <al=0.74> <DB=  707.2338> <Mlp= 1117.6875> <PB=1000000> 
<DWph=2> <it= 36> <et=0.50> <Mt= 0.00> <Spt= 0.00> <nCl= 19> <al=0.77> <DB=  982.0533> <Mlp= 1098.0778> <PB=1000000> 
<DWph=2> <it= 37> <et=0.50> <Mt= 0.00> <Spt= 0.01> <nCl= 30> <al=0.67> <DB=  229.6637> <Mlp= 1082.7090> <PB=1000000> 
<DWph=2> <it= 38> <et=0.50> <Mt= 0.00> <Spt= 0.00> <nCl= 24> <al=0.70> <DB=  756.3265> <Mlp= 1078.7493> <PB=1000000> 
Shrinking heuristic shrunk 25 edges
<DWph=2> <it= 39> <et=0.50> <Mt= 0.00> <Spt= 0.00> <nCl= 30> <al=0.60> <DB=  -84.3498> <Mlp= 1067.0000> <PB=1067> 
<DWph=2> <it= 40> <et=0.51> <Mt= 0.00> <Spt= 0.00> <nCl= 30> <al=0.64> <DB=   72.8590> <Mlp= 1058.7143> <PB=1067> 
<DWph=2> <it= 41> <et=0.51> <Mt= 0.00> <Spt= 0.00> <nCl= 30> <al=0.68> <DB=   63.6512> <Mlp= 1048.3056> <PB=1067> 
<DWph=2> <it= 42> <et=0.51> <Mt= 0.00> <Spt= 0.00> <nCl= 26> <al=0.58> <DB=  519.8775> <Mlp= 1043.8148> <PB=1067> 
<DWph=2> <it= 43> <et=0.51> <Mt= 0.00> <Spt= 0.01> <nCl= 50> <al=0.24> <DB=  411.3833> <Mlp= 1043.8148> <PB=1067> 
<DWph=2> <it= 44> <et=0.52> <Mt= 0.01> <Spt= 0.00> <nCl= 13> <al=0.52> <DB=  894.9621> <Mlp= 1043.8148> <PB=1067> 
<DWph=2> <it= 45> <et=0.52> <Mt= 0.00> <Spt= 0.00> <nCl= 30> <al=0.42> <DB=  447.3854> <Mlp= 1043.5926> <PB=1067> 
<DWph=2> <it= 46> <et=0.52> <Mt= 0.00> <Spt= 0.00> <nCl= 15> <al=0.48> <DB= 1012.0711> <Mlp= 1042.4030> <PB=1067> 
<DWph=2> <it= 47> <et=0.52> <Mt= 0.00> <Spt= 0.00> <nCl= 30> <al=0.38> <DB=  766.5346> <Mlp= 1042.3582> <PB=1067> 
<DWph=2> <it= 48> <et=0.52> <Mt= 0.00> <Spt= 0.00> <nCl= 30> <al=0.44> <DB=  650.0633> <Mlp= 1042.0000> <PB=1067> 
<DWph=2> <it= 49> <et=0.52> <Mt= 0.00> <Spt= 0.00> <nCl= 28> <al=0.34> <DB=  631.6807> <Mlp= 1038.9107> <PB=1067> 
<DWph=2> <it= 50> <et=0.53> <Mt= 0.00> <Spt= 0.00> <nCl= 19> <al=0.41> <DB=  852.0757> <Mlp= 1035.4495> <PB=1067> 
<DWph=2> <it= 51> <et=0.53> <Mt= 0.00> <Spt= 0.01> <nCl= 15> <al=0.47> <DB=  949.8999> <Mlp= 1035.4441> <PB=1067> 
<DWph=2> <it= 52> <et=0.53> <Mt= 0.00> <Spt= 0.00> <nCl= 44> <al=0.04> <DB=  939.8329> <Mlp= 1034.5909> <PB=1067> 
<DWph=2> <it= 53> <et=0.53> <Mt= 0.00> <Spt= 0.00> <nCl= 34> <al=0.00> <DB=  701.0167> <Mlp= 1034.5167> <PB=1067> 
<DWph=2> <it= 54> <et=0.53> <Mt= 0.00> <Spt= 0.00> <nCl= 13> <al=0.32> <DB=  910.9796> <Mlp= 1034.5167> <PB=1067> 
<DWph=2> <it= 55> <et=0.54> <Mt= 0.00> <Spt= 0.00> <nCl= 12> <al=0.22> <DB=  949.5537> <Mlp= 1034.3667> <PB=1067> 
<DWph=2> <it= 56> <et=0.54> <Mt= 0.00> <Spt= 0.00> <nCl= 21> <al=0.12> <DB=  955.1907> <Mlp= 1034.3667> <PB=1067> 
<DWph=2> <it= 57> <et=0.54> <Mt= 0.00> <Spt= 0.01> <nCl= 15> <al=0.21> <DB= 1031.4322> <Mlp= 1034.0874> <PB=1067> 
<DWph=2> <it= 58> <et=0.54> <Mt= 0.00> <Spt= 0.00> <nCl= 20> <al=0.29> <DB=  835.2944> <Mlp= 1034.0291> <PB=1067> 
<DWph=2> <it= 59> <et=0.54> <Mt= 0.00> <Spt= 0.00> <nCl= 13> <al=0.36> <DB= 1009.4882> <Mlp= 1033.7619> <PB=1067> 
<DWph=2> <it= 60> <et=0.55> <Mt= 0.00> <Spt= 0.00> <nCl=  8> <al=0.26> <DB= 1002.8911> <Mlp= 1033.7619> <PB=1067> 
<DWph=2> <it= 61> <et=0.55> <Mt= 0.00> <Spt= 0.00> <nCl=  3> <al=0.16> <DB=  990.0512> <Mlp= 1033.7619> <PB=1067> 
<DWph=2> <it= 62> <et=0.55> <Mt= 0.00> <Spt= 0.00> <nCl=  1> <al=0.24> <DB= 1017.3404> <Mlp= 1033.7619> <PB=1067> 
<DWph=2> <it= 63> <et=0.55> <Mt= 0.00> <Spt= 0.00> <nCl= 13> <al=0.14> <DB= 1004.4062> <Mlp= 1033.7619> <PB=1067> 
<DWph=2> <it= 64> <et=0.55> <Mt= 0.00> <Spt= 0.00> <nCl=  5> <al=0.00> <DB= 1003.7619> <Mlp= 1033.7619> <PB=1067> 
<DWph=2> <it= 65> <et=0.55> <Mt= 0.00> <Spt= 0.01> <nCl= 11> <al=0.00> <DB=  994.9130> <Mlp= 1033.3913> <PB=1067> 
<DWph=2> <it= 66> <et=0.56> <Mt= 0.00> <Spt= 0.00> <nCl=  0> <al=0.00> <DB= 1033.3913> <Mlp= 1033.3913> <PB=1067> 
<DWph=1> <it= 67> <et=0.56> <Mt= 0.00> <Spt= 0.00> <nCl= 27> <al=0.00> <DB=  742.5217> <Mlp= 1033.3913> <PB=1067> 
<DWph=1> <it= 68> <et=0.56> <Mt= 0.00> <Spt= 0.00> <nCl= 18> <al=0.00> <DB=  826.6522> <Mlp= 1033.3913> <PB=1067> 
<DWph=1> <it= 69> <et=0.57> <Mt= 0.00> <Spt= 0.01> <nCl= 17> <al=0.00> <DB= 1033.3913> <Mlp= 1033.3913> <PB=1067> 
    RCSP exact solver info for graph G_0 : TT = 0.007583, pt = 6e-06, dt = 0.006675, ct = 0.000478, ndl = 3467', bdl = 71914', odl = 3712', odf = 29732', bsi = 1214', cnt = 42504', bdch = 977043', odch = 148392', lcp = 63760', #sols = 150
<DWph=0> <it= 70> <et=0.58> <Mt= 0.00> <Spt= 0.01> <nCl=150> <al=0.00> <DB=  627.4130> <Mlp= 1033.3913> <PB=1067> 
    RCSP exact solver info for graph G_0 : TT = 0.007589, pt = 1.7e-05, dt = 0.006593, ct = 0.000512, ndl = 3326', bdl = 67368', odl = 3978', odf = 30320', bsi = 1259', cnt = 43601', bdch = 940901', odch = 144670', lcp = 64919', #sols = 150
<DWph=0> <it= 71> <et=0.59> <Mt= 0.01> <Spt= 0.01> <nCl=150> <al=0.00> <DB=  773.5586> <Mlp= 1030.5241> <PB=1067> 
    RCSP exact solver info for graph G_0 : TT = 0.007328, pt = 2e-05, dt = 0.006473, ct = 0.000437, ndl = 3365', bdl = 68900', odl = 3831', odf = 29895', bsi = 1188', cnt = 42410', bdch = 916645', odch = 146337', lcp = 58757', #sols = 150
<DWph=0> <it= 72> <et=0.60> <Mt= 0.00> <Spt= 0.01> <nCl=150> <al=0.00> <DB=  823.1724> <Mlp= 1029.0345> <PB=1067> 
Shrinking heuristic shrunk 27 edges
    RCSP exact solver info for graph G_0 : TT = 0.007077, pt = 2.1e-05, dt = 0.00626, ct = 0.000415, ndl = 3290', bdl = 68453', odl = 3721', odf = 28909', bsi = 1258', cnt = 36751', bdch = 894736', odch = 138466', lcp = 60809', #sols = 150
<DWph=0> <it= 73> <et=0.61> <Mt= 0.00> <Spt= 0.01> <nCl=117> <al=0.00> <DB=  905.0000> <Mlp= 1025.0000> <PB=1025> 
    RCSP exact solver info for graph G_0 : TT = 0.007157, pt = 1.6e-05, dt = 0.006425, ct = 0.000363, ndl = 3388', bdl = 70012', odl = 3841', odf = 30379', bsi = 1169', cnt = 38819', bdch = 957191', odch = 150826', lcp = 63299', #sols = 150
<DWph=0> <it= 74> <et=0.62> <Mt= 0.00> <Spt= 0.01> <nCl= 48> <al=0.00> <DB=  998.6364> <Mlp= 1025.0000> <PB=1025> 
    RCSP exact solver info for graph G_0 : TT = 0.006876, pt = 1.5e-05, dt = 0.006092, ct = 0.000431, ndl = 3250', bdl = 67445', odl = 3845', odf = 29485', bsi = 1184', cnt = 35628', bdch = 892334', odch = 141612', lcp = 61237', #sols = 150
<DWph=0> <it= 75> <et=0.63> <Mt= 0.00> <Spt= 0.01> <nCl= 17> <al=0.00> <DB= 1025.0000> <Mlp= 1025.0000> <PB=1025> 
RCSP solver dynamic params and stats :  bidir.bord. = 375 aver.obdmd = 23.9688 aver.buck.num. = 26
@@ 1 0 1025 0.006859 0.007153 91.9991 0.63
ColGenEvalAlg final dual bound: 1025 (rounded: 1025)
New model incumbent solution 1025, TIME = 0h0m0s63t = 63
************************************************************************************************
Search is finished, global bounds : [ 1025 , 1025 ], TIME = 0h0m0s63t = 63
************************************************************************************************
[32mBaPCod : solution defined.[00m
statistics_cols: instance & :Optimal & cutoff & :bcRecRootDb & :bcTimeRootEval & :bcCountNodeProc & :bcRecBestDb & :bcRecBestInc & :bcTimeMain \\
statistics: instance_15-triangle & 1 & 1.0e6 & 1025.00 & 0.63 & 1 & 1025.00 & 1025 & 0.63 \\
########################################################
Route #1: 5 2 27 30 20 12 9 17 25 14 29 1 11 8 
Route #2: 16 22 18 15 6 23 3 24 10 28 26 4 13 7 19 
Route #3: 21 
Cost 1025
########################################################

end_time=2026-04-22 10:48:04
exit_code=0
