instance_file=/mnt/c/Users/porin/OneDrive/Documentos/Python-Mestrado/Modelagem Matemática/Programação Inteira - Uchoa/Problema VRPRDL/instancias_turco/VRPRDL-triangle/cvrp_padrao_convertidos/instance_12-triangle.vrp
instance_name=instance_12-triangle
n_customers=30
k_lb=3
k_ub=30
ub=1000000
timeout_s=3600
start_time=2026-04-22 10:47:16

  Activating project at `~/VRPSolver/VRPSolverDemos`
Application parameters:
  batch  =>  nothing
  instance  =>  "/mnt/c/Users/porin/OneDrive/Documentos/Python-Mestrado/Modelagem Matemática/Programação Inteira - Uchoa/Problema VRPRDL/instancias_turco/VRPRDL-triangle/cvrp_padrao_convertidos/instance_12-triangle.vrp"
  noround  =>  false
  cfg  =>  "/home/poringman/VRPSolver/VRPSolverDemos/src/../config/CVRP.cfg"
  edge_cuts  =>  false
  out  =>  nothing
  ub  =>  1.0e6
  cluster_branching  =>  1.0
  sol  =>  nothing
  single_resource  =>  false
  strong_kpath_cuts  =>  false
  tikz  =>  nothing
  maxr  =>  30
  update  =>  false
  show_complete_form  =>  false
  nosolve  =>  false
  minr  =>  3
  low_edge_priority  =>  false
~~~~~~~~~~~~~~~~~~~~~~~~~~~~~~~~~~~~~~~~~~~~~~~~~~~~~~~~~~~~~~~~~~~~~~~~~~~~~~~~~~~~~
GIT VERSION RCSP: 
GIT BRANCH: 
~~~~~~~~~~~~~~~~~~~~~~~~~~~~~~~~~~~~~~~~~~~~~~~~~~~~~~~~~~~~~~~~~~~~~~~~~~~~~~~~~~~~~
VRPSolver v0.6.16, 10/11/2025, © Inria Bordeaux, France, vrpsolver.math.u-bordeaux.fr
      Corresponds to the solver by Pessoa, Sadykov, Uchoa and Vanderbeck (2020)
                 Paper: dx.doi.org/10.1007/s10107-020-01523-z
~~~~~~~~~~~~~~~~~~~~~~~~~~~~~~~~~~~~~~~~~~~~~~~~~~~~~~~~~~~~~~~~~~~~~~~~~~~~~~~~~~~~~
GIT VERSION BAPCOD: a7cb21f19424236c9d0da5dcf94961797a519470
GIT BRANCH: main
~~~~~~~~~~~~~~~~~~~~~~~~~~~~~~~~~~~~~~~~~~~~~~~~~~~~~~~~~~~~~~~~~~~~~~~~~~~~~~~~~~~~~
   BaPCod v0.84, 10/11/2025, © Inria Bordeaux, France, bapcod.math.u-bordeaux.fr 
           THIS CODE IS PROVIDED AS IS, USE IT AT YOUR OWN RISK
~~~~~~~~~~~~~~~~~~~~~~~~~~~~~~~~~~~~~~~~~~~~~~~~~~~~~~~~~~~~~~~~~~~~~~~~~~~~~~~~~~~~~
--- MAIN PARAMETERS ---
GlobalTimeLimitInTick = 2147483645
GlobalTimeLimit = 21474836
ClockType = 0
MaxNbOfBBtreeNodeTreated = 100000
optimalityGapTolerance = 1e-06
relOptimalityGapTolerance = 1e-09
ApplyPreprocessing = false
PreprocessVariablesLocalBounds = false
treeSearchStrategy = 1
OpenNodesLimit = 1000
DEFAULTPRINTLEVEL = 0
--- MIP SOLVER PARAMETERS ---
solverName = CPLEX_SOLVER
MipSolverMaxBBNodes = 2000000
MipSolverMaxTime = 360000
MipSolverMultiThread = 1
--- COLUMN GENERATION PARAMETERS ---
SolverSelectForMast = a
  colGenSubProbSolMode = customSolver
mastInitMode = localArtCol
ArtVarPenaltyUpdateFactor = 2
ArtVarMaxNbOfPenaltyUpdates = 5
MaxNbOfStagesInColGenProcedure = 3
GenerateProperColumns = false
InsertAllGeneratedColumnsInFormRatherThanInPool = true
InsertNewNonNegColumnsDirectlyInFormRatherThanInPool = true
ColumnCleanupThreshold = 10000
ColumnCleanupRatio = 0.66
ReducedCostFixingThreshold = 0.9
--- CUT GENERATION PARAMETERS ---
MasterCuttingPlanesDepthLimit = 1000
MaxNbOfCutGeneratedAtEachIter = 1000
CutTailingOffThreshold = 0.015
CutTailingOffCounterThreshold = 3
CutCleanupThreshold = 1
CutCleanupRatio = 0.66
ColGenSpRelaxationImprovementPriority = 0
--- STABILIZATION PARAMETERS ---
colGenDualPriceSmoothingAlphaFactor = 1
colGenDualPriceSmoothingBetaFactor = 0
colGenStabilizationFunctionType = none
colGenProximalStabilizationRule = undefined
StabilFuncKappa = 1
colGenStabilizationMaxTreeDepth = 10000
StabilizationMinPhaseOfStage = 0
--- PRIMAL HEURISTIC PARAMETERS ---
UseInitialPrimalHeur = false
MaxTimeForRestrictedMasterIpHeur = -1
CallFrequencyOfRestrictedMasterIpHeur = 5
MIPemphasisInRestrictedMasterIpHeur = 1
PolishingAfterTimeInRestrictedMasterIpHeur = -1
DivingHeurUseDepthLimit = -1
CallFrequencyOfDivingHeur = 1
LeastFractional
Closest2RoundUp
LeastGreedyCost
LeastCost
FixIntValBeforeRoundingHeur = true
MaxNbOfCgIteDuringRh = 5000
MaxLDSbreadth = 0
MaxLDSdepth = 0
DivingHeurStopsWithFirstFeasSol = false
DivingHeurPreprocessBeforeChoosingVar = false
StrongDivingCandidatesNumber = 1
EvalAlgParamsInDiving = max#cand. = 1 max#cg.iters = 10000 min.lvl.sp.restr. = 1 min#cut.rounds = 0 max#cut.rounds = 0 red.cost.fix&enum. = false tree.size.ratio = 1
LocalSearchHeurUseDepthLimit = -1
LeastFractional
Closest2RoundUp
LeastGreedyCost
LeastCost
MaxFactorOfColFixedByLocalSearchHeur = 0.8
MaxLocalSearchIterationCounter = 3
--- STRONG BRANCHING PARAMETERS ---
SimplifiedStrongBranchingParameterisation = true
StrongBranchingPhaseOneCandidatesNumber = 100
StrongBranchingPhaseOneTreeSizeEstimRatio = 0.2
StrongBranchingPhaseTwoCandidatesNumber = 3
StrongBranchingPhaseTwoTreeSizeEstimRatio = 0.02
SafeDualBoundScaleFactor = -1
StrongBranchingPhaseOne = max#cand. = 100 max#cg.iters = 0 min.lvl.sp.restr. = 0 min#cut.rounds = 0 max#cut.rounds = 0 red.cost.fix&enum. = false tree.size.ratio = 0.2
StrongBranchingPhaseTwo = max#cand. = 3 max#cg.iters = 10000 min.lvl.sp.restr. = 1 min#cut.rounds = 0 max#cut.rounds = 0 red.cost.fix&enum. = false tree.size.ratio = 0.02
StrongBranchingPhaseThree = max#cand. = 1 max#cg.iters = 10000 min.lvl.sp.restr. = 0 min#cut.rounds = 0 max#cut.rounds = 10000 red.cost.fix&enum. = true tree.size.ratio = 1
StrongBranchingPhaseFour =not active
--- DEBUG OUTPUT PARAMETERS ---
printMasterPrimalSols = 0
--- VRPSOLVER PARAMETERS ---
RCSPstopCutGenTimeThresholdInPricing = 10
RCSPhardTimeThresholdInPricing = 25
RCSPredCostFixingTimeThreshold = 100
RCSPnumberOfBucketsPerVertex = 25
RCSPdynamicBucketSteps = 1
RCSPuseBidirectionalSearch = 2
RCSPapplyReducedCostFixing = 1
RCSPmaxNumOfColsPerIteration = 30
RCSPmaxNumOfColsPerExactIteration = 150
RCSPmaxNumOfLabelsInEnumeration = 500000
RCSPmaxNumOfLabelsInHeurEnumeration = 0
RCSPmaxNumOfEnumeratedSolutions = 5000000
RCSPmaxNumOfEnumSolutionsForMIP = 10000
RCSPmaxNumOfEnumSolsForEndOfNodeMIP = 10000
RCSPinitNGneighbourhoodSize = 8
RCSPmaxNGneighbourhoodSize = 8
RCSPrankOneCutsMaxNumRows = 5
RCSPrankOneCutsMaxNumPerRound = 100
RCSPrankOneCutsMemoryType = 0
RCSPrankOneCutsLSnumIterations = 1000
RCSPallowRoutesWithSameVerticesSet = true
RCSPredCostFixingFalseGap = 0
SafeDualBoundScaleFactor = -1
RCSPmaxNumOfLabelsInHeurEnumeration = 0
MaxNumEnumSolsInRestrictedMasterIpHeur = 5000

prName & bcTimeMain \\ 
New model incumbent solution 1e+06, TIME = 0h0m0s42t = 42
RCSP solver info : size of non-robust cut bitmask in a label is 640 bits
Bucket steps were recalculated for graph G_0 : [30]
RCSP solver info : symmetric case is detected for graph G_0! 
Bidirectional border value is initialised to 375
RCSP solver info : number of forw. reachable buckets / buck. strongly connected components is 798( 95.9135% ) / 623( 78.0702% )
RCSP solver info: std. label size is 56, ext. label size is 136
Generating neighbourhoods for rank-1 cuts separation
Building structures for 4- and 5-row rank-1 packing cut separation...done!
Model is built TIME = 0h0m0s42t = 42
************************************************************************************************
**** BaB tree root node
**** Local DB = -1e+12, global bounds : [ -1e+12 , 1e+06 ], TIME = 0h0m0s42t = 42
**** 1 open nodes, 0 columns (0 active), 0 dyn. constrs. (0 active), 62 art. vars. (62 active)
************************************************************************************************
--------------------------------------------------------------------------
BaPCod info : first we run the root node with rank-1 cuts with node memory
--------------------------------------------------------------------------
#<DWph=2> <it=  1> <et=0.43> <Mt= 0.00> <Spt= 0.00> <nCl= 30> <al=0.00> <DB=-1943978250.0000> <Mlp=75600000.0000> <PB=1000000> 
#<DWph=2> <it=  2> <et=0.43> <Mt= 0.00> <Spt= 0.00> <nCl= 30> <al=0.55> <DB=-1283235652.6125> <Mlp=66900167.2500> <PB=1000000> 
#<DWph=2> <it=  3> <et=0.43> <Mt= 0.00> <Spt= 0.00> <nCl= 30> <al=0.45> <DB=-1262419562.6356> <Mlp=65863014.2286> <PB=1000000> 
#<DWph=2> <it=  4> <et=0.43> <Mt= 0.00> <Spt= 0.00> <nCl= 30> <al=0.51> <DB=-1242471016.9630> <Mlp=58200482.0000> <PB=1000000> 
#<DWph=2> <it=  5> <et=0.43> <Mt= 0.00> <Spt= 0.00> <nCl= 30> <al=0.55> <DB=-990691156.3885> <Mlp=50309792.3448> <PB=1000000> 
#<DWph=2> <it=  6> <et=0.43> <Mt= 0.00> <Spt= 0.00> <nCl= 30> <al=0.60> <DB=-837085056.5523> <Mlp=45961467.1772> <PB=1000000> 
#<DWph=2> <it=  7> <et=0.43> <Mt= 0.00> <Spt= 0.00> <nCl= 30> <al=0.64> <DB=-887075998.2397> <Mlp=30181205.4402> <PB=1000000> 
#<DWph=2> <it=  8> <et=0.43> <Mt= 0.00> <Spt= 0.00> <nCl= 30> <al=0.68> <DB=-837124312.6160> <Mlp=27308594.1176> <PB=1000000> 
#<DWph=2> <it=  9> <et=0.44> <Mt= 0.00> <Spt= 0.01> <nCl= 30> <al=0.71> <DB=-830282535.3515> <Mlp=20024633.4361> <PB=1000000> 
#<DWph=2> <it= 10> <et=0.44> <Mt= 0.00> <Spt= 0.00> <nCl= 30> <al=0.74> <DB=-776911096.9565> <Mlp=12187102.9135> <PB=1000000> 
#<DWph=2> <it= 11> <et=0.44> <Mt= 0.00> <Spt= 0.00> <nCl= 30> <al=0.64> <DB=-728288922.2375> <Mlp=9024503.3705> <PB=1000000> 
#<DWph=2> <it= 12> <et=0.44> <Mt= 0.00> <Spt= 0.00> <nCl= 30> <al=0.67> <DB=-638075312.8115> <Mlp=2704203.7122> <PB=1000000> 
#<DWph=2> <it= 13> <et=0.44> <Mt= 0.00> <Spt= 0.00> <nCl= 30> <al=0.57> <DB=-369872819.7970> <Mlp=1012823.9215> <PB=1000000> 
#<DWph=2> <it= 14> <et=0.45> <Mt= 0.00> <Spt= 0.00> <nCl= 30> <al=0.47> <DB=-152515089.8263> <Mlp=1012791.1434> <PB=1000000> 
#<DWph=2> <it= 15> <et=0.45> <Mt= 0.00> <Spt= 0.00> <nCl= 30> <al=0.37> <DB=-34889844.2151> <Mlp=1011873.1128> <PB=1000000> 
#<DWph=2> <it= 16> <et=0.45> <Mt= 0.00> <Spt= 0.00> <nCl= 30> <al=0.27> <DB=-2045290.6442> <Mlp=1004309.5806> <PB=1000000> 
<DWph=2> <it= 17> <et=0.45> <Mt= 0.00> <Spt= 0.00> <nCl= 30> <al=0.00> <DB=-45647.8134> <Mlp= 2260.0010> <PB=1000000> 
<DWph=2> <it= 18> <et=0.45> <Mt= 0.00> <Spt= 0.00> <nCl= 30> <al=0.25> <DB=-28152.8747> <Mlp= 2098.3284> <PB=1000000> 
<DWph=2> <it= 19> <et=0.45> <Mt= 0.00> <Spt= 0.01> <nCl= 30> <al=0.32> <DB=-22144.5222> <Mlp= 2050.8614> <PB=1000000> 
<DWph=2> <it= 20> <et=0.45> <Mt= 0.00> <Spt= 0.00> <nCl= 30> <al=0.39> <DB=-20878.5540> <Mlp= 1906.3813> <PB=1000000> 
<DWph=2> <it= 21> <et=0.46> <Mt= 0.00> <Spt= 0.00> <nCl= 30> <al=0.45> <DB=-13627.4148> <Mlp= 1695.8408> <PB=1000000> 
<DWph=2> <it= 22> <et=0.46> <Mt= 0.00> <Spt= 0.00> <nCl= 30> <al=0.51> <DB=-11475.8879> <Mlp= 1626.4855> <PB=1000000> 
<DWph=2> <it= 23> <et=0.46> <Mt= 0.00> <Spt= 0.00> <nCl= 30> <al=0.55> <DB=-8948.4626> <Mlp= 1577.8827> <PB=1000000> 
<DWph=2> <it= 24> <et=0.46> <Mt= 0.00> <Spt= 0.00> <nCl= 30> <al=0.60> <DB=-6530.5721> <Mlp= 1496.6344> <PB=1000000> 
<DWph=2> <it= 25> <et=0.46> <Mt= 0.00> <Spt= 0.00> <nCl= 30> <al=0.64> <DB=-5213.2354> <Mlp= 1457.1406> <PB=1000000> 
<DWph=2> <it= 26> <et=0.46> <Mt= 0.01> <Spt= 0.00> <nCl= 30> <al=0.68> <DB=-4464.8867> <Mlp= 1383.3693> <PB=1000000> 
<DWph=2> <it= 27> <et=0.47> <Mt= 0.00> <Spt= 0.01> <nCl= 30> <al=0.71> <DB=-3761.9120> <Mlp= 1282.7355> <PB=1000000> 
<DWph=2> <it= 28> <et=0.47> <Mt= 0.00> <Spt= 0.00> <nCl= 30> <al=0.61> <DB=-2123.6326> <Mlp= 1259.2766> <PB=1000000> 
<DWph=2> <it= 29> <et=0.47> <Mt= 0.00> <Spt= 0.00> <nCl= 30> <al=0.65> <DB=-2429.3479> <Mlp= 1240.8429> <PB=1000000> 
<DWph=2> <it= 30> <et=0.47> <Mt= 0.00> <Spt= 0.00> <nCl= 30> <al=0.68> <DB=-1172.9043> <Mlp= 1235.7742> <PB=1000000> 
<DWph=2> <it= 31> <et=0.47> <Mt= 0.00> <Spt= 0.00> <nCl= 30> <al=0.58> <DB= -897.2396> <Mlp= 1224.1611> <PB=1000000> 
<DWph=2> <it= 32> <et=0.48> <Mt= 0.00> <Spt= 0.00> <nCl= 30> <al=0.48> <DB= -622.9214> <Mlp= 1216.6985> <PB=1000000> 
<DWph=2> <it= 33> <et=0.48> <Mt= 0.00> <Spt= 0.00> <nCl= 30> <al=0.53> <DB= -542.7772> <Mlp= 1211.8757> <PB=1000000> 
<DWph=2> <it= 34> <et=0.48> <Mt= 0.00> <Spt= 0.00> <nCl= 30> <al=0.58> <DB= -270.2700> <Mlp= 1207.0232> <PB=1000000> 
<DWph=2> <it= 35> <et=0.48> <Mt= 0.00> <Spt= 0.01> <nCl= 30> <al=0.62> <DB= -339.5380> <Mlp= 1207.0232> <PB=1000000> 
<DWph=2> <it= 36> <et=0.48> <Mt= 0.00> <Spt= 0.00> <nCl= 30> <al=0.66> <DB=  -89.8277> <Mlp= 1196.3856> <PB=1000000> 
<DWph=2> <it= 37> <et=0.48> <Mt= 0.00> <Spt= 0.00> <nCl= 30> <al=0.56> <DB=  171.6307> <Mlp= 1191.9136> <PB=1000000> 
<DWph=2> <it= 38> <et=0.49> <Mt= 0.00> <Spt= 0.00> <nCl= 30> <al=0.46> <DB=  422.5071> <Mlp= 1187.6480> <PB=1000000> 
<DWph=2> <it= 39> <et=0.49> <Mt= 0.00> <Spt= 0.00> <nCl= 26> <al=0.51> <DB=  633.0676> <Mlp= 1184.0508> <PB=1000000> 
<DWph=2> <it= 40> <et=0.49> <Mt= 0.00> <Spt= 0.00> <nCl= 30> <al=0.56> <DB=  971.8154> <Mlp= 1183.1751> <PB=1000000> 
<DWph=2> <it= 41> <et=0.49> <Mt= 0.00> <Spt= 0.00> <nCl= 30> <al=0.46> <DB=  705.7620> <Mlp= 1179.3154> <PB=1000000> 
<DWph=2> <it= 42> <et=0.49> <Mt= 0.00> <Spt= 0.00> <nCl= 28> <al=0.52> <DB= 1043.3593> <Mlp= 1178.0907> <PB=1000000> 
<DWph=2> <it= 43> <et=0.49> <Mt= 0.00> <Spt= 0.01> <nCl= 30> <al=0.42> <DB=  656.9236> <Mlp= 1176.5442> <PB=1000000> 
<DWph=2> <it= 44> <et=0.50> <Mt= 0.00> <Spt= 0.00> <nCl= 26> <al=0.47> <DB=  742.7570> <Mlp= 1176.5442> <PB=1000000> 
<DWph=2> <it= 45> <et=0.50> <Mt= 0.00> <Spt= 0.00> <nCl= 28> <al=0.53> <DB=  983.6452> <Mlp= 1172.5065> <PB=1000000> 
<DWph=2> <it= 46> <et=0.50> <Mt= 0.00> <Spt= 0.00> <nCl= 30> <al=0.43> <DB= 1029.5589> <Mlp= 1171.8750> <PB=1000000> 
<DWph=2> <it= 47> <et=0.50> <Mt= 0.01> <Spt= 0.00> <nCl= 27> <al=0.48> <DB= 1014.2083> <Mlp= 1170.8333> <PB=1000000> 
<DWph=2> <it= 48> <et=0.50> <Mt= 0.00> <Spt= 0.00> <nCl= 16> <al=0.54> <DB= 1108.8103> <Mlp= 1170.3915> <PB=1000000> 
<DWph=2> <it= 49> <et=0.50> <Mt= 0.00> <Spt= 0.00> <nCl= 19> <al=0.58> <DB= 1157.1926> <Mlp= 1169.2667> <PB=1000000> 
<DWph=2> <it= 50> <et=0.51> <Mt= 0.00> <Spt= 0.00> <nCl= 17> <al=0.48> <DB= 1000.4787> <Mlp= 1169.2667> <PB=1000000> 
<DWph=2> <it= 51> <et=0.51> <Mt= 0.00> <Spt= 0.00> <nCl= 16> <al=0.53> <DB= 1161.0489> <Mlp= 1167.5752> <PB=1000000> 
<DWph=2> <it= 52> <et=0.51> <Mt= 0.00> <Spt= 0.01> <nCl= 13> <al=0.58> <DB= 1161.3121> <Mlp= 1167.2935> <PB=1000000> 
<DWph=2> <it= 53> <et=0.51> <Mt= 0.00> <Spt= 0.00> <nCl= 33> <al=0.25> <DB= 1153.2189> <Mlp= 1167.2935> <PB=1000000> 
<DWph=2> <it= 54> <et=0.51> <Mt= 0.00> <Spt= 0.00> <nCl=  8> <al=0.52> <DB= 1159.9661> <Mlp= 1167.1429> <PB=1000000> 
<DWph=2> <it= 55> <et=0.52> <Mt= 0.00> <Spt= 0.00> <nCl= 11> <al=0.00> <DB= 1149.5221> <Mlp= 1167.1324> <PB=1000000> 
<DWph=2> <it= 56> <et=0.52> <Mt= 0.00> <Spt= 0.00> <nCl= 26> <al=0.32> <DB= 1156.4429> <Mlp= 1165.0952> <PB=1000000> 
<DWph=2> <it= 57> <et=0.52> <Mt= 0.00> <Spt= 0.00> <nCl= 19> <al=0.39> <DB= 1162.3018> <Mlp= 1165.0084> <PB=1000000> 
<DWph=2> <it= 58> <et=0.52> <Mt= 0.00> <Spt= 0.01> <nCl= 11> <al=0.29> <DB= 1157.7720> <Mlp= 1165.0084> <PB=1000000> 
<DWph=2> <it= 59> <et=0.52> <Mt= 0.00> <Spt= 0.00> <nCl= 14> <al=0.00> <DB= 1098.9072> <Mlp= 1165.0084> <PB=1000000> 
<DWph=2> <it= 60> <et=0.53> <Mt= 0.00> <Spt= 0.00> <nCl= 19> <al=0.26> <DB= 1149.6132> <Mlp= 1163.7765> <PB=1000000> 
<DWph=2> <it= 61> <et=0.53> <Mt= 0.00> <Spt= 0.00> <nCl= 15> <al=0.34> <DB= 1153.8450> <Mlp= 1163.7765> <PB=1000000> 
<DWph=2> <it= 62> <et=0.53> <Mt= 0.00> <Spt= 0.00> <nCl= 36> <al=0.00> <DB= 1147.3000> <Mlp= 1163.5964> <PB=1000000> 
<DWph=2> <it= 63> <et=0.53> <Mt= 0.00> <Spt= 0.00> <nCl=  0> <al=0.30> <DB= 1147.3000> <Mlp= 1163.0000> <PB=1000000> 
<DWph=1> <it= 64> <et=0.53> <Mt= 0.00> <Spt= 0.00> <nCl= 14> <al=0.30> <DB= 1153.2182> <Mlp= 1163.0000> <PB=1000000> 
<DWph=1> <it= 65> <et=0.54> <Mt= 0.00> <Spt= 0.01> <nCl=  5> <al=0.00> <DB= 1163.0000> <Mlp= 1163.0000> <PB=1000000> 
    RCSP exact solver info for graph G_0 : TT = 0.003001, pt = 7e-06, dt = 0.002563, ct = 0.000172, ndl = 1393', bdl = 26456', odl = 3003', odf = 19529', bsi = 1088', cnt = 5562', bdch = 211016', odch = 32314', lcp = 24087', #sols = 150
<DWph=0> <it= 66> <et=0.54> <Mt= 0.00> <Spt= 0.00> <nCl=123> <al=0.10> <DB= 1145.0000> <Mlp= 1163.0000> <PB=1000000> 
    RCSP exact solver info for graph G_0 : TT = 0.004829, pt = 1.4e-05, dt = 0.004245, ct = 0.000266, ndl = 2235', bdl = 43035', odl = 3789', odf = 27316', bsi = 1293', cnt = 10256', bdch = 458250', odch = 71258', lcp = 50024', #sols = 150
<DWph=0> <it= 67> <et=0.55> <Mt= 0.00> <Spt= 0.01> <nCl=101> <al=0.19> <DB= 1147.3806> <Mlp= 1162.0333> <PB=1000000> 
    RCSP exact solver info for graph G_0 : TT = 0.004627, pt = 1.6e-05, dt = 0.004063, ct = 0.000259, ndl = 2196', bdl = 41666', odl = 3645', odf = 26537', bsi = 1270', cnt = 8606', bdch = 430360', odch = 66357', lcp = 45387', #sols = 150
<DWph=0> <it= 68> <et=0.56> <Mt= 0.00> <Spt= 0.01> <nCl= 55> <al=0.27> <DB= 1125.6383> <Mlp= 1161.4242> <PB=1000000> 
    RCSP exact solver info for graph G_0 : TT = 0.004944, pt = 5e-05, dt = 0.004334, ct = 0.000265, ndl = 2261', bdl = 42731', odl = 3684', odf = 27024', bsi = 1292', cnt = 13898', bdch = 447130', odch = 72723', lcp = 48188', #sols = 150
    RCSP exact solver info for graph G_0 : TT = 0.003497, pt = 1.4e-05, dt = 0.002795, ct = 0.000231, ndl = 1600', bdl = 30021', odl = 3144', odf = 21513', bsi = 1180', cnt = 6715', bdch = 251095', odch = 40032', lcp = 28156', #sols = 150
<DWph=0> <it= 69> <et=0.57> <Mt= 0.00> <Spt= 0.01> <nCl= 58> <al=0.00> <DB= 1160.9000> <Mlp= 1160.9000> <PB=1000000> 
RCSP solver dynamic params and stats :  bidir.bord. = 375 aver.obdmd = 23.9688 aver.buck.num. = 26
@@ 1 0 1160.9 0.0038386 0.004599 91.4853 0.57
RCSP      solver labels distribution in 320 buckets (bucket size) : largest - 24, top 0.1% - 24, top 0.5% - 21, top 2% - 16, top 10% - 10, top 50% - 4
Reduced cost fixing for graph G_0...  TT = 0.005963, pt = 0.000491, dt = 0.005421, ct = 0, ndl = 3608', bdl = 47996', odl = 3620', odf = 33712', lpcb = 4620', cnt = 126849', bdch = 403794', odch = 68816', lcp = 40932'
20927 buck. arcs remain (98.8% from prev., 90.4% from max.) + 0 jump buck. arcs (0% from max.)
 TT = 0.013732, pt = 0.000491, dt = 0.005421, ct = 0.007697, ndl = 3608', bdl = 47996', odl = 3620', odf = 33712', lpcb = 4620', cnt = 152364', bdch = 403794', odch = 68816', lcp = 40932'
RCSP      solver labels distribution in 651 buckets (bucket size) : largest - 26, top 0.1% - 26, top 0.5% - 20, top 2% - 16, top 10% - 11, top 50% - 5
Run forward enumeration with border = 375... not succeeded (ratio 0.935882) lpt = 0.031373, ndl = 50017', dl = 37506', lpcb = 0', dch = 186981'
 TT = 0.039499, pt = 0.005993, dt = 0.031373, ct = 0, ndl = 50017', bdl = 37506', cnt = 279530', bdch = 186981', odch = 0', lcp = 0'
ColGenEvalAlg final dual bound: 1160.9 (rounded: 1161)
In total 1 RCC cut(s) are found by the connected components heuristic 
Shrinking heuristic shrunk 18 edges
In total 1 RCC cut(s) are found by the Fractional capacity min-cut heuristic 
In total 3 RCC cut(s) are found by the greedy construction heuristic 
----- Add fac. cuts : CAP(5), max.viol = 0.8, aver.viol = 0.44, sep/add took 0.000756126/0.00718278 sec. -----
2024 columns (2024 active), 5 dyn. constrs. (5 active), 67 art. vars. (67 active)
<DWph=2> <it=  1> <et=0.64> <Mt= 0.01> <Spt= 0.00> <nCl= 28> <al=0.00> <DB= 1169.1429> <Mlp= 1170.4286> <PB=1000000> 
<DWph=2> <it=  2> <et=0.64> <Mt= 0.00> <Spt= 0.00> <nCl=  3> <al=0.00> <DB= 1170.4286> <Mlp= 1170.4286> <PB=1000000> 
<DWph=1> <it=  3> <et=0.65> <Mt= 0.00> <Spt= 0.01> <nCl= 16> <al=0.30> <DB= 1166.9143> <Mlp= 1170.4286> <PB=1000000> 
<DWph=1> <it=  4> <et=0.65> <Mt= 0.00> <Spt= 0.00> <nCl=  3> <al=0.00> <DB= 1170.4286> <Mlp= 1170.4286> <PB=1000000> 
    RCSP exact solver info for graph G_0 : TT = 0.002295, pt = 1.5e-05, dt = 0.001899, ct = 0.00013, ndl = 1032', bdl = 19948', odl = 2672', odf = 18449', bsi = 926', cnt = 2922', bdch = 133466', odch = 23916', lcp = 16058', #sols = 150
<DWph=0> <it=  5> <et=0.66> <Mt= 0.00> <Spt= 0.00> <nCl= 90> <al=0.27> <DB= 1161.9643> <Mlp= 1170.4286> <PB=1000000> 
    RCSP exact solver info for graph G_0 : TT = 0.002345, pt = 1.7e-05, dt = 0.001948, ct = 0.000127, ndl = 1016', bdl = 19500', odl = 2685', odf = 18478', bsi = 928', cnt = 2738', bdch = 129058', odch = 23430', lcp = 15689', #sols = 150
<DWph=0> <it=  6> <et=0.66> <Mt= 0.00> <Spt= 0.01> <nCl= 16> <al=0.34> <DB= 1167.5253> <Mlp= 1170.4286> <PB=1000000> 
    RCSP exact solver info for graph G_0 : TT = 0.002306, pt = 1.3e-05, dt = 0.001911, ct = 0.000148, ndl = 1007', bdl = 19389', odl = 2659', odf = 18297', bsi = 932', cnt = 2742', bdch = 127360', odch = 23048', lcp = 15409', #sols = 150
    RCSP exact solver info for graph G_0 : TT = 0.002185, pt = 1.4e-05, dt = 0.00181, ct = 0.000125, ndl = 997', bdl = 19160', odl = 2629', odf = 18117', bsi = 920', cnt = 2828', bdch = 124535', odch = 22462', lcp = 15098', #sols = 150
<DWph=0> <it=  7> <et=0.67> <Mt= 0.00> <Spt= 0.00> <nCl= 22> <al=0.00> <DB= 1170.0000> <Mlp= 1170.4286> <PB=1000000> 
    RCSP exact solver info for graph G_0 : TT = 0.002373, pt = 1.4e-05, dt = 0.001983, ct = 0.000131, ndl = 1015', bdl = 19583', odl = 2638', odf = 18293', bsi = 923', cnt = 2776', bdch = 128497', odch = 23348', lcp = 15605', #sols = 150
    RCSP exact solver info for graph G_0 : TT = 0.002609, pt = 1.3e-05, dt = 0.002171, ct = 0.000143, ndl = 1036', bdl = 19868', odl = 2637', odf = 18371', bsi = 938', cnt = 3241', bdch = 131742', odch = 23651', lcp = 16057', #sols = 150
<DWph=0> <it=  8> <et=0.67> <Mt= 0.00> <Spt= 0.01> <nCl=  5> <al=0.00> <DB= 1170.4286> <Mlp= 1170.4286> <PB=1000000> 
RCSP solver dynamic params and stats :  bidir.bord. = 375 aver.obdmd = 23.9688 aver.buck.num. = 26
@@ 1 1 1170.43 0.00208767 0.002314 90.3584 0.67
    Full reduced cost fixing is not called (gap ratio is 0.99999)
ColGenEvalAlg final dual bound: 1170.43 (rounded: 1171)
False gap improvement since the last cut separation : 0.0820792 (1160.9)
Current active cuts : CAP(3,10.6667)
Shrinking heuristic shrunk 15 edges
In total 1 RCC cut(s) are found by the Fractional capacity min-cut heuristic 
In total 3 RCC cut(s) are found by the greedy construction heuristic 
----- Add fac. cuts : CAP(4), max.viol = 0.285714, aver.viol = 0.178571, sep/add took 0.000489786/0.00528412 sec. -----
2207 columns (2207 active), 9 dyn. constrs. (7 active), 71 art. vars. (69 active)
<DWph=2> <it=  1> <et=0.69> <Mt= 0.00> <Spt= 0.00> <nCl= 17> <al=0.00> <DB= 1172.0000> <Mlp= 1173.0000> <PB=1000000> 
<DWph=2> <it=  2> <et=0.69> <Mt= 0.00> <Spt= 0.01> <nCl= 23> <al=0.00> <DB= 1169.4000> <Mlp= 1173.0000> <PB=1000000> 
<DWph=2> <it=  3> <et=0.69> <Mt= 0.00> <Spt= 0.00> <nCl=  7> <al=0.00> <DB= 1173.0000> <Mlp= 1173.0000> <PB=1000000> 
<DWph=1> <it=  4> <et=0.69> <Mt= 0.00> <Spt= 0.00> <nCl=  9> <al=0.20> <DB= 1167.0000> <Mlp= 1173.0000> <PB=1000000> 
<DWph=1> <it=  5> <et=0.69> <Mt= 0.00> <Spt= 0.00> <nCl=  2> <al=0.10> <DB= 1170.3000> <Mlp= 1173.0000> <PB=1000000> 
<DWph=1> <it=  6> <et=0.70> <Mt= 0.00> <Spt= 0.00> <nCl=  1> <al=0.00> <DB= 1173.0000> <Mlp= 1173.0000> <PB=1000000> 
    RCSP exact solver info for graph G_0 : TT = 0.001707, pt = 7e-06, dt = 0.001399, ct = 9.3e-05, ndl = 763', bdl = 14910', odl = 2443', odf = 15404', bsi = 806', cnt = 1495', bdch = 86489', odch = 15385', lcp = 10692', #sols = 150
<DWph=0> <it=  7> <et=0.70> <Mt= 0.00> <Spt= 0.01> <nCl= 92> <al=0.09> <DB= 1167.0000> <Mlp= 1173.0000> <PB=1000000> 
    RCSP exact solver info for graph G_0 : TT = 0.00236, pt = 1.4e-05, dt = 0.001984, ct = 0.000121, ndl = 821', bdl = 15791', odl = 2520', odf = 16086', bsi = 809', cnt = 1840', bdch = 95459', odch = 16780', lcp = 12224', #sols = 150
<DWph=0> <it=  8> <et=0.71> <Mt= 0.00> <Spt= 0.00> <nCl= 51> <al=0.00> <DB= 1167.0000> <Mlp= 1173.0000> <PB=1000000> 
    RCSP exact solver info for graph G_0 : TT = 0.002021, pt = 1.3e-05, dt = 0.001679, ct = 0.000107, ndl = 903', bdl = 17265', odl = 2690', odf = 17254', bsi = 848', cnt = 2366', bdch = 110944', odch = 20047', lcp = 14508', #sols = 150
<DWph=0> <it=  9> <et=0.71> <Mt= 0.00> <Spt= 0.01> <nCl= 44> <al=0.00> <DB= 1170.0222> <Mlp= 1172.8222> <PB=1000000> 
    RCSP exact solver info for graph G_0 : TT = 0.002088, pt = 1.3e-05, dt = 0.00173, ct = 0.000118, ndl = 929', bdl = 17812', odl = 2654', odf = 17094', bsi = 862', cnt = 2434', bdch = 113923', odch = 20075', lcp = 14480', #sols = 150
    RCSP exact solver info for graph G_0 : TT = 0.0022, pt = 1.3e-05, dt = 0.001836, ct = 0.00011, ndl = 913', bdl = 17517', odl = 2685', odf = 17112', bsi = 839', cnt = 2303', bdch = 112373', odch = 20105', lcp = 14497', #sols = 150
<DWph=0> <it= 10> <et=0.72> <Mt= 0.01> <Spt= 0.00> <nCl=  5> <al=0.00> <DB= 1172.8140> <Mlp= 1172.8140> <PB=1000000> 
RCSP solver dynamic params and stats :  bidir.bord. = 375 aver.obdmd = 23.9688 aver.buck.num. = 26
@@ 1 2 1172.81 0.0018354 0.002105 90.3584 0.72
    Full reduced cost fixing is not called (gap ratio is 0.999988)
ColGenEvalAlg final dual bound: 1172.81 (rounded: 1173)
False gap improvement since the last cut separation : 0.0203804 (1170.43)
Current active cuts : CAP(7,199.826)
In total 1 RCC cut(s) are found by the connected components heuristic 
Shrinking heuristic shrunk 14 edges
In total 1 RCC cut(s) are found by the global pool greedy search heuristic 
----- Add fac. cuts : CAP(2), max.viol = 0.302326, aver.viol = 0.197674, sep/add took 0.000556374/0.00344384 sec. -----
2458 columns (2458 active), 9 dyn. constrs. (9 active), 73 art. vars. (71 active)
<DWph=2> <it=  1> <et=0.73> <Mt= 0.00> <Spt= 0.01> <nCl= 14> <al=0.00> <DB= 1173.0000> <Mlp= 1173.0000> <PB=1000000> 
<DWph=1> <it=  2> <et=0.73> <Mt= 0.00> <Spt= 0.00> <nCl=  6> <al=0.00> <DB= 1173.0000> <Mlp= 1173.0000> <PB=1000000> 
    RCSP exact solver info for graph G_0 : TT = 0.002334, pt = 7e-06, dt = 0.00195, ct = 0.000122, ndl = 1033', bdl = 20009', odl = 2863', odf = 18513', bsi = 861', cnt = 2751', bdch = 137644', odch = 24235', lcp = 17359', #sols = 150
    RCSP exact solver info for graph G_0 : TT = 0.002142, pt = 1.6e-05, dt = 0.001797, ct = 0.000107, ndl = 1033', bdl = 20009', odl = 2863', odf = 18513', bsi = 861', cnt = 2751', bdch = 137644', odch = 24235', lcp = 17359', #sols = 150
<DWph=0> <it=  3> <et=0.74> <Mt= 0.00> <Spt= 0.01> <nCl= 45> <al=0.00> <DB= 1173.0000> <Mlp= 1173.0000> <PB=1000000> 
RCSP solver dynamic params and stats :  bidir.bord. = 375 aver.obdmd = 23.9688 aver.buck.num. = 26
@@ 1 3 1173 0.001988 0.002072 90.3584 0.74
    Full reduced cost fixing is not called (gap ratio is 0.999988)
ColGenEvalAlg final dual bound: 1173 (rounded: 1173)
False gap improvement since the last cut separation : 0.00158633 (1172.81)
Cut generation tailing off counter increased to 1
Current active cuts : CAP(8,203.962)
Shrinking heuristic shrunk 27 edges
1 Rank-1 1-rows pack. cuts added ,  max viol. = 0.5, aver. viol. = 0.5
Building structures for heuristic rank-1 packing cut separation...done!
----- Add fac. cuts : R1C(1), max.viol = 0.5, aver.viol = 0.5, sep/add took 0.0640156/0.00114284 sec. -----
2523 columns (2523 active), 10 dyn. constrs. (9 active), 74 art. vars. (71 active)
Shrinking heuristic shrunk 27 edges
<DWph=2> <it=  1> <et=0.81> <Mt= 0.00> <Spt= 0.00> <nCl=  0> <al=0.50> <DB= 1173.0000> <Mlp= 1173.0000> <PB=1173> 
ColGenEvalAlg final dual bound: 1173 (rounded: 1173)
Gap improvement since the last cut separation : 1 (1173)
Current active cuts : CAP(8,203.962)
New model incumbent solution 1173, TIME = 0h0m0s81t = 81
************************************************************************************************
Search is finished, global bounds : [ 1173 , 1173 ], TIME = 0h0m0s81t = 81
************************************************************************************************
[32mBaPCod : solution defined.[00m
statistics_cols: instance & :Optimal & cutoff & :bcRecRootDb & :bcTimeRootEval & :bcCountNodeProc & :bcRecBestDb & :bcRecBestInc & :bcTimeMain \\
statistics: instance_12-triangle & 1 & 1.0e6 & 1173.00 & 0.81 & 1 & 1173.00 & 1173 & 0.81 \\
########################################################
Route #1: 7 25 22 29 3 17 16 18 24 4 1 8 11 
Route #2: 15 26 30 12 9 20 13 14 5 21 28 
Route #3: 19 10 6 23 2 27 
Cost 1173
########################################################

end_time=2026-04-22 10:47:27
exit_code=0
