instance_file=/mnt/c/Users/porin/OneDrive/Documentos/Python-Mestrado/Modelagem Matemática/Programação Inteira - Uchoa/Problema VRPRDL/instancias_turco/VRPRDL-triangle/cvrp_padrao_convertidos/instance_18-triangle.vrp
instance_name=instance_18-triangle
n_customers=30
k_lb=2
k_ub=30
ub=1000000
timeout_s=3600
start_time=2026-04-22 10:48:28

  Activating project at `~/VRPSolver/VRPSolverDemos`
Application parameters:
  batch  =>  nothing
  instance  =>  "/mnt/c/Users/porin/OneDrive/Documentos/Python-Mestrado/Modelagem Matemática/Programação Inteira - Uchoa/Problema VRPRDL/instancias_turco/VRPRDL-triangle/cvrp_padrao_convertidos/instance_18-triangle.vrp"
  noround  =>  false
  cfg  =>  "/home/poringman/VRPSolver/VRPSolverDemos/src/../config/CVRP.cfg"
  edge_cuts  =>  false
  out  =>  nothing
  ub  =>  1.0e6
  cluster_branching  =>  1.0
  sol  =>  nothing
  single_resource  =>  false
  strong_kpath_cuts  =>  false
  tikz  =>  nothing
  maxr  =>  30
  update  =>  false
  show_complete_form  =>  false
  nosolve  =>  false
  minr  =>  2
  low_edge_priority  =>  false
~~~~~~~~~~~~~~~~~~~~~~~~~~~~~~~~~~~~~~~~~~~~~~~~~~~~~~~~~~~~~~~~~~~~~~~~~~~~~~~~~~~~~
GIT VERSION RCSP: 
GIT BRANCH: 
~~~~~~~~~~~~~~~~~~~~~~~~~~~~~~~~~~~~~~~~~~~~~~~~~~~~~~~~~~~~~~~~~~~~~~~~~~~~~~~~~~~~~
VRPSolver v0.6.16, 10/11/2025, © Inria Bordeaux, France, vrpsolver.math.u-bordeaux.fr
      Corresponds to the solver by Pessoa, Sadykov, Uchoa and Vanderbeck (2020)
                 Paper: dx.doi.org/10.1007/s10107-020-01523-z
~~~~~~~~~~~~~~~~~~~~~~~~~~~~~~~~~~~~~~~~~~~~~~~~~~~~~~~~~~~~~~~~~~~~~~~~~~~~~~~~~~~~~
GIT VERSION BAPCOD: a7cb21f19424236c9d0da5dcf94961797a519470
GIT BRANCH: main
~~~~~~~~~~~~~~~~~~~~~~~~~~~~~~~~~~~~~~~~~~~~~~~~~~~~~~~~~~~~~~~~~~~~~~~~~~~~~~~~~~~~~
   BaPCod v0.84, 10/11/2025, © Inria Bordeaux, France, bapcod.math.u-bordeaux.fr 
           THIS CODE IS PROVIDED AS IS, USE IT AT YOUR OWN RISK
~~~~~~~~~~~~~~~~~~~~~~~~~~~~~~~~~~~~~~~~~~~~~~~~~~~~~~~~~~~~~~~~~~~~~~~~~~~~~~~~~~~~~
--- MAIN PARAMETERS ---
GlobalTimeLimitInTick = 2147483645
GlobalTimeLimit = 21474836
ClockType = 0
MaxNbOfBBtreeNodeTreated = 100000
optimalityGapTolerance = 1e-06
relOptimalityGapTolerance = 1e-09
ApplyPreprocessing = false
PreprocessVariablesLocalBounds = false
treeSearchStrategy = 1
OpenNodesLimit = 1000
DEFAULTPRINTLEVEL = 0
--- MIP SOLVER PARAMETERS ---
solverName = CPLEX_SOLVER
MipSolverMaxBBNodes = 2000000
MipSolverMaxTime = 360000
MipSolverMultiThread = 1
--- COLUMN GENERATION PARAMETERS ---
SolverSelectForMast = a
  colGenSubProbSolMode = customSolver
mastInitMode = localArtCol
ArtVarPenaltyUpdateFactor = 2
ArtVarMaxNbOfPenaltyUpdates = 5
MaxNbOfStagesInColGenProcedure = 3
GenerateProperColumns = false
InsertAllGeneratedColumnsInFormRatherThanInPool = true
InsertNewNonNegColumnsDirectlyInFormRatherThanInPool = true
ColumnCleanupThreshold = 10000
ColumnCleanupRatio = 0.66
ReducedCostFixingThreshold = 0.9
--- CUT GENERATION PARAMETERS ---
MasterCuttingPlanesDepthLimit = 1000
MaxNbOfCutGeneratedAtEachIter = 1000
CutTailingOffThreshold = 0.015
CutTailingOffCounterThreshold = 3
CutCleanupThreshold = 1
CutCleanupRatio = 0.66
ColGenSpRelaxationImprovementPriority = 0
--- STABILIZATION PARAMETERS ---
colGenDualPriceSmoothingAlphaFactor = 1
colGenDualPriceSmoothingBetaFactor = 0
colGenStabilizationFunctionType = none
colGenProximalStabilizationRule = undefined
StabilFuncKappa = 1
colGenStabilizationMaxTreeDepth = 10000
StabilizationMinPhaseOfStage = 0
--- PRIMAL HEURISTIC PARAMETERS ---
UseInitialPrimalHeur = false
MaxTimeForRestrictedMasterIpHeur = -1
CallFrequencyOfRestrictedMasterIpHeur = 5
MIPemphasisInRestrictedMasterIpHeur = 1
PolishingAfterTimeInRestrictedMasterIpHeur = -1
DivingHeurUseDepthLimit = -1
CallFrequencyOfDivingHeur = 1
LeastFractional
Closest2RoundUp
LeastGreedyCost
LeastCost
FixIntValBeforeRoundingHeur = true
MaxNbOfCgIteDuringRh = 5000
MaxLDSbreadth = 0
MaxLDSdepth = 0
DivingHeurStopsWithFirstFeasSol = false
DivingHeurPreprocessBeforeChoosingVar = false
StrongDivingCandidatesNumber = 1
EvalAlgParamsInDiving = max#cand. = 1 max#cg.iters = 10000 min.lvl.sp.restr. = 1 min#cut.rounds = 0 max#cut.rounds = 0 red.cost.fix&enum. = false tree.size.ratio = 1
LocalSearchHeurUseDepthLimit = -1
LeastFractional
Closest2RoundUp
LeastGreedyCost
LeastCost
MaxFactorOfColFixedByLocalSearchHeur = 0.8
MaxLocalSearchIterationCounter = 3
--- STRONG BRANCHING PARAMETERS ---
SimplifiedStrongBranchingParameterisation = true
StrongBranchingPhaseOneCandidatesNumber = 100
StrongBranchingPhaseOneTreeSizeEstimRatio = 0.2
StrongBranchingPhaseTwoCandidatesNumber = 3
StrongBranchingPhaseTwoTreeSizeEstimRatio = 0.02
SafeDualBoundScaleFactor = -1
StrongBranchingPhaseOne = max#cand. = 100 max#cg.iters = 0 min.lvl.sp.restr. = 0 min#cut.rounds = 0 max#cut.rounds = 0 red.cost.fix&enum. = false tree.size.ratio = 0.2
StrongBranchingPhaseTwo = max#cand. = 3 max#cg.iters = 10000 min.lvl.sp.restr. = 1 min#cut.rounds = 0 max#cut.rounds = 0 red.cost.fix&enum. = false tree.size.ratio = 0.02
StrongBranchingPhaseThree = max#cand. = 1 max#cg.iters = 10000 min.lvl.sp.restr. = 0 min#cut.rounds = 0 max#cut.rounds = 10000 red.cost.fix&enum. = true tree.size.ratio = 1
StrongBranchingPhaseFour =not active
--- DEBUG OUTPUT PARAMETERS ---
printMasterPrimalSols = 0
--- VRPSOLVER PARAMETERS ---
RCSPstopCutGenTimeThresholdInPricing = 10
RCSPhardTimeThresholdInPricing = 25
RCSPredCostFixingTimeThreshold = 100
RCSPnumberOfBucketsPerVertex = 25
RCSPdynamicBucketSteps = 1
RCSPuseBidirectionalSearch = 2
RCSPapplyReducedCostFixing = 1
RCSPmaxNumOfColsPerIteration = 30
RCSPmaxNumOfColsPerExactIteration = 150
RCSPmaxNumOfLabelsInEnumeration = 500000
RCSPmaxNumOfLabelsInHeurEnumeration = 0
RCSPmaxNumOfEnumeratedSolutions = 5000000
RCSPmaxNumOfEnumSolutionsForMIP = 10000
RCSPmaxNumOfEnumSolsForEndOfNodeMIP = 10000
RCSPinitNGneighbourhoodSize = 8
RCSPmaxNGneighbourhoodSize = 8
RCSPrankOneCutsMaxNumRows = 5
RCSPrankOneCutsMaxNumPerRound = 100
RCSPrankOneCutsMemoryType = 0
RCSPrankOneCutsLSnumIterations = 1000
RCSPallowRoutesWithSameVerticesSet = true
RCSPredCostFixingFalseGap = 0
SafeDualBoundScaleFactor = -1
RCSPmaxNumOfLabelsInHeurEnumeration = 0
MaxNumEnumSolsInRestrictedMasterIpHeur = 5000

prName & bcTimeMain \\ 
New model incumbent solution 1e+06, TIME = 0h0m0s46t = 46
RCSP solver info : size of non-robust cut bitmask in a label is 640 bits
Bucket steps were recalculated for graph G_0 : [30]
RCSP solver info : symmetric case is detected for graph G_0! 
Bidirectional border value is initialised to 375
RCSP solver info : number of forw. reachable buckets / buck. strongly connected components is 798( 95.9135% ) / 623( 78.0702% )
RCSP solver info: std. label size is 56, ext. label size is 136
Generating neighbourhoods for rank-1 cuts separation
Building structures for 4- and 5-row rank-1 packing cut separation...done!
Model is built TIME = 0h0m0s47t = 47
************************************************************************************************
**** BaB tree root node
**** Local DB = -1e+12, global bounds : [ -1e+12 , 1e+06 ], TIME = 0h0m0s47t = 47
**** 1 open nodes, 0 columns (0 active), 0 dyn. constrs. (0 active), 62 art. vars. (62 active)
************************************************************************************************
--------------------------------------------------------------------------
BaPCod info : first we run the root node with rank-1 cuts with node memory
--------------------------------------------------------------------------
#<DWph=2> <it=  1> <et=0.47> <Mt= 0.00> <Spt= 0.00> <nCl= 30> <al=0.00> <DB=-1655975100.0000> <Mlp=74400000.0000> <PB=1000000> 
#<DWph=2> <it=  2> <et=0.47> <Mt= 0.00> <Spt= 0.00> <nCl= 30> <al=0.55> <DB=-1468324590.0857> <Mlp=59314533.1429> <PB=1000000> 
#<DWph=2> <it=  3> <et=0.47> <Mt= 0.00> <Spt= 0.00> <nCl= 30> <al=0.45> <DB=-1358410275.2011> <Mlp=55300569.2500> <PB=1000000> 
#<DWph=2> <it=  4> <et=0.47> <Mt= 0.00> <Spt= 0.00> <nCl= 30> <al=0.35> <DB=-1250646634.3279> <Mlp=40621324.7000> <PB=1000000> 
#<DWph=2> <it=  5> <et=0.47> <Mt= 0.00> <Spt= 0.00> <nCl= 30> <al=0.42> <DB=-1235902946.2429> <Mlp=34341689.7287> <PB=1000000> 
#<DWph=2> <it=  6> <et=0.47> <Mt= 0.00> <Spt= 0.00> <nCl= 30> <al=0.47> <DB=-1024735703.7190> <Mlp=29816945.4424> <PB=1000000> 
#<DWph=2> <it=  7> <et=0.48> <Mt= 0.00> <Spt= 0.00> <nCl= 30> <al=0.53> <DB=-991477050.4940> <Mlp=27404203.4497> <PB=1000000> 
#<DWph=2> <it=  8> <et=0.48> <Mt= 0.00> <Spt= 0.00> <nCl= 30> <al=0.57> <DB=-1061989771.9918> <Mlp=22629705.6467> <PB=1000000> 
#<DWph=2> <it=  9> <et=0.48> <Mt= 0.00> <Spt= 0.00> <nCl= 30> <al=0.62> <DB=-810969432.9681> <Mlp=21450722.0485> <PB=1000000> 
#<DWph=2> <it= 10> <et=0.48> <Mt= 0.00> <Spt= 0.01> <nCl= 30> <al=0.65> <DB=-763682876.1623> <Mlp=15224755.7905> <PB=1000000> 
#<DWph=2> <it= 11> <et=0.48> <Mt= 0.00> <Spt= 0.00> <nCl= 30> <al=0.69> <DB=-720547705.3210> <Mlp=8233916.7260> <PB=1000000> 
#<DWph=2> <it= 12> <et=0.48> <Mt= 0.00> <Spt= 0.00> <nCl= 30> <al=0.59> <DB=-422535646.7125> <Mlp=70236.7112> <PB=1000000> 
#<DWph=2> <it= 13> <et=0.48> <Mt= 0.00> <Spt= 0.00> <nCl= 30> <al=0.49> <DB=-198843381.5339> <Mlp=64737.6989> <PB=1000000> 
#<DWph=2> <it= 14> <et=0.48> <Mt= 0.00> <Spt= 0.00> <nCl= 30> <al=0.39> <DB=-51668543.8158> <Mlp=64020.2540> <PB=1000000> 
#<DWph=2> <it= 15> <et=0.49> <Mt= 0.00> <Spt= 0.00> <nCl= 30> <al=0.29> <DB=-1733363.9482> <Mlp=56912.1951> <PB=1000000> 
<DWph=2> <it= 16> <et=0.49> <Mt= 0.00> <Spt= 0.00> <nCl= 30> <al=0.00> <DB=-52289.7830> <Mlp= 2740.3684> <PB=1000000> 
<DWph=2> <it= 17> <et=0.49> <Mt= 0.00> <Spt= 0.00> <nCl= 30> <al=0.09> <DB=-47652.5812> <Mlp= 2620.3418> <PB=1000000> 
<DWph=2> <it= 18> <et=0.49> <Mt= 0.00> <Spt= 0.00> <nCl= 30> <al=0.18> <DB=-31821.4602> <Mlp= 2324.2783> <PB=1000000> 
<DWph=2> <it= 19> <et=0.49> <Mt= 0.00> <Spt= 0.00> <nCl= 30> <al=0.26> <DB=-25481.0562> <Mlp= 2220.2811> <PB=1000000> 
<DWph=2> <it= 20> <et=0.49> <Mt= 0.00> <Spt= 0.01> <nCl= 30> <al=0.34> <DB=-20747.6771> <Mlp= 1956.4802> <PB=1000000> 
<DWph=2> <it= 21> <et=0.50> <Mt= 0.00> <Spt= 0.00> <nCl= 30> <al=0.40> <DB=-21022.6072> <Mlp= 1866.7239> <PB=1000000> 
<DWph=2> <it= 22> <et=0.50> <Mt= 0.00> <Spt= 0.00> <nCl= 30> <al=0.46> <DB=-14603.0216> <Mlp= 1772.0906> <PB=1000000> 
<DWph=2> <it= 23> <et=0.50> <Mt= 0.00> <Spt= 0.00> <nCl= 30> <al=0.52> <DB=-15535.6083> <Mlp= 1597.2170> <PB=1000000> 
<DWph=2> <it= 24> <et=0.50> <Mt= 0.00> <Spt= 0.00> <nCl= 30> <al=0.56> <DB=-11948.9997> <Mlp= 1495.6846> <PB=1000000> 
<DWph=2> <it= 25> <et=0.50> <Mt= 0.00> <Spt= 0.00> <nCl= 30> <al=0.61> <DB=-8513.8494> <Mlp= 1425.8963> <PB=1000000> 
<DWph=2> <it= 26> <et=0.50> <Mt= 0.00> <Spt= 0.00> <nCl= 30> <al=0.65> <DB=-7550.5745> <Mlp= 1380.0264> <PB=1000000> 
<DWph=2> <it= 27> <et=0.51> <Mt= 0.01> <Spt= 0.00> <nCl= 30> <al=0.68> <DB=-7378.0750> <Mlp= 1375.1062> <PB=1000000> 
<DWph=2> <it= 28> <et=0.51> <Mt= 0.00> <Spt= 0.00> <nCl= 30> <al=0.71> <DB=-6073.5720> <Mlp= 1320.3289> <PB=1000000> 
<DWph=2> <it= 29> <et=0.51> <Mt= 0.00> <Spt= 0.01> <nCl= 30> <al=0.61> <DB=-3533.2658> <Mlp= 1306.0553> <PB=1000000> 
<DWph=2> <it= 30> <et=0.51> <Mt= 0.00> <Spt= 0.00> <nCl= 30> <al=0.65> <DB=-3815.4297> <Mlp= 1280.1332> <PB=1000000> 
<DWph=2> <it= 31> <et=0.52> <Mt= 0.00> <Spt= 0.00> <nCl= 30> <al=0.69> <DB=-3495.5093> <Mlp= 1260.7767> <PB=1000000> 
<DWph=2> <it= 32> <et=0.52> <Mt= 0.00> <Spt= 0.00> <nCl= 30> <al=0.59> <DB=-2868.8752> <Mlp= 1245.4953> <PB=1000000> 
<DWph=2> <it= 33> <et=0.52> <Mt= 0.00> <Spt= 0.00> <nCl= 30> <al=0.49> <DB=-3037.3145> <Mlp= 1230.4809> <PB=1000000> 
<DWph=2> <it= 34> <et=0.52> <Mt= 0.00> <Spt= 0.00> <nCl= 30> <al=0.54> <DB=-1848.3020> <Mlp= 1202.7959> <PB=1000000> 
<DWph=2> <it= 35> <et=0.52> <Mt= 0.00> <Spt= 0.01> <nCl= 30> <al=0.58> <DB=-1682.8496> <Mlp= 1190.2684> <PB=1000000> 
<DWph=2> <it= 36> <et=0.53> <Mt= 0.00> <Spt= 0.00> <nCl= 30> <al=0.63> <DB=-1880.5973> <Mlp= 1182.2814> <PB=1000000> 
<DWph=2> <it= 37> <et=0.53> <Mt= 0.00> <Spt= 0.00> <nCl= 30> <al=0.66> <DB=-1449.3510> <Mlp= 1182.2814> <PB=1000000> 
<DWph=2> <it= 38> <et=0.53> <Mt= 0.00> <Spt= 0.00> <nCl= 30> <al=0.70> <DB=-1143.9555> <Mlp= 1167.7935> <PB=1000000> 
<DWph=2> <it= 39> <et=0.53> <Mt= 0.00> <Spt= 0.00> <nCl= 30> <al=0.73> <DB= -415.7475> <Mlp= 1165.9325> <PB=1000000> 
<DWph=2> <it= 40> <et=0.53> <Mt= 0.00> <Spt= 0.00> <nCl= 30> <al=0.63> <DB=-1291.8849> <Mlp= 1163.1397> <PB=1000000> 
<DWph=2> <it= 41> <et=0.54> <Mt= 0.00> <Spt= 0.00> <nCl= 28> <al=0.66> <DB= -509.2339> <Mlp= 1163.1397> <PB=1000000> 
<DWph=2> <it= 42> <et=0.54> <Mt= 0.01> <Spt= 0.00> <nCl= 29> <al=0.70> <DB=  131.8790> <Mlp= 1162.3133> <PB=1000000> 
<DWph=2> <it= 43> <et=0.54> <Mt= 0.00> <Spt= 0.01> <nCl= 29> <al=0.60> <DB= -374.0701> <Mlp= 1156.6250> <PB=1000000> 
<DWph=2> <it= 44> <et=0.54> <Mt= 0.00> <Spt= 0.00> <nCl= 28> <al=0.64> <DB= -195.5203> <Mlp= 1155.3103> <PB=1000000> 
<DWph=2> <it= 45> <et=0.54> <Mt= 0.00> <Spt= 0.00> <nCl= 27> <al=0.54> <DB= -170.4116> <Mlp= 1153.7339> <PB=1000000> 
<DWph=2> <it= 46> <et=0.55> <Mt= 0.00> <Spt= 0.00> <nCl= 30> <al=0.44> <DB=  113.6071> <Mlp= 1150.6316> <PB=1000000> 
<DWph=2> <it= 47> <et=0.55> <Mt= 0.00> <Spt= 0.00> <nCl= 29> <al=0.34> <DB=  459.6798> <Mlp= 1145.8269> <PB=1000000> 
<DWph=2> <it= 48> <et=0.55> <Mt= 0.00> <Spt= 0.00> <nCl= 30> <al=0.40> <DB=  377.9325> <Mlp= 1139.4286> <PB=1000000> 
<DWph=2> <it= 49> <et=0.56> <Mt= 0.00> <Spt= 0.00> <nCl= 30> <al=0.46> <DB=  299.4821> <Mlp= 1133.5000> <PB=1000000> 
<DWph=2> <it= 50> <et=0.56> <Mt= 0.00> <Spt= 0.01> <nCl= 30> <al=0.52> <DB=  681.7890> <Mlp= 1133.5000> <PB=1000000> 
<DWph=2> <it= 51> <et=0.56> <Mt= 0.00> <Spt= 0.00> <nCl= 28> <al=0.57> <DB=  930.5505> <Mlp= 1132.5000> <PB=1000000> 
<DWph=2> <it= 52> <et=0.56> <Mt= 0.00> <Spt= 0.00> <nCl= 26> <al=0.61> <DB=  711.4812> <Mlp= 1131.8462> <PB=1000000> 
<DWph=2> <it= 53> <et=0.56> <Mt= 0.01> <Spt= 0.00> <nCl= 27> <al=0.65> <DB=  735.1187> <Mlp= 1130.6882> <PB=1000000> 
<DWph=2> <it= 54> <et=0.57> <Mt= 0.00> <Spt= 0.00> <nCl= 16> <al=0.68> <DB=  949.8883> <Mlp= 1129.7500> <PB=1000000> 
<DWph=2> <it= 55> <et=0.57> <Mt= 0.00> <Spt= 0.00> <nCl= 14> <al=0.72> <DB= 1079.2990> <Mlp= 1129.7500> <PB=1000000> 
<DWph=2> <it= 56> <et=0.57> <Mt= 0.00> <Spt= 0.00> <nCl= 27> <al=0.62> <DB= 1122.4292> <Mlp= 1129.7500> <PB=1000000> 
<DWph=2> <it= 57> <et=0.57> <Mt= 0.00> <Spt= 0.01> <nCl= 24> <al=0.52> <DB=  363.5412> <Mlp= 1129.3587> <PB=1000000> 
<DWph=2> <it= 58> <et=0.57> <Mt= 0.00> <Spt= 0.00> <nCl= 28> <al=0.56> <DB=  862.6284> <Mlp= 1129.3587> <PB=1000000> 
<DWph=2> <it= 59> <et=0.58> <Mt= 0.00> <Spt= 0.00> <nCl=  8> <al=0.61> <DB= 1124.4947> <Mlp= 1129.2759> <PB=1000000> 
<DWph=2> <it= 60> <et=0.58> <Mt= 0.00> <Spt= 0.00> <nCl= 21> <al=0.65> <DB= 1101.3141> <Mlp= 1129.2759> <PB=1000000> 
<DWph=2> <it= 61> <et=0.58> <Mt= 0.00> <Spt= 0.00> <nCl= 23> <al=0.68> <DB= 1055.1800> <Mlp= 1128.5521> <PB=1000000> 
<DWph=2> <it= 62> <et=0.58> <Mt= 0.00> <Spt= 0.00> <nCl= 18> <al=0.71> <DB= 1123.7341> <Mlp= 1127.3636> <PB=1000000> 
<DWph=2> <it= 63> <et=0.58> <Mt= 0.00> <Spt= 0.00> <nCl= 14> <al=0.74> <DB= 1001.4295> <Mlp= 1127.0699> <PB=1000000> 
<DWph=2> <it= 64> <et=0.59> <Mt= 0.00> <Spt= 0.01> <nCl= 21> <al=0.54> <DB=  879.9207> <Mlp= 1127.0699> <PB=1000000> 
<DWph=2> <it= 65> <et=0.59> <Mt= 0.00> <Spt= 0.00> <nCl= 11> <al=0.67> <DB= 1061.8319> <Mlp= 1127.0699> <PB=1000000> 
<DWph=2> <it= 66> <et=0.59> <Mt= 0.00> <Spt= 0.00> <nCl= 25> <al=0.40> <DB=  998.6131> <Mlp= 1127.0699> <PB=1000000> 
<DWph=2> <it= 67> <et=0.59> <Mt= 0.00> <Spt= 0.00> <nCl= 15> <al=0.60> <DB= 1109.9009> <Mlp= 1126.7330> <PB=1000000> 
<DWph=2> <it= 68> <et=0.60> <Mt= 0.00> <Spt= 0.00> <nCl= 14> <al=0.28> <DB= 1086.2120> <Mlp= 1126.7330> <PB=1000000> 
<DWph=2> <it= 69> <et=0.60> <Mt= 0.00> <Spt= 0.00> <nCl= 16> <al=0.08> <DB= 1020.2002> <Mlp= 1126.7330> <PB=1000000> 
<DWph=2> <it= 70> <et=0.60> <Mt= 0.00> <Spt= 0.01> <nCl= 37> <al=0.00> <DB=  960.8750> <Mlp= 1126.3750> <PB=1000000> 
<DWph=2> <it= 71> <et=0.60> <Mt= 0.00> <Spt= 0.00> <nCl= 30> <al=0.00> <DB=  855.8750> <Mlp= 1126.3750> <PB=1000000> 
<DWph=2> <it= 72> <et=0.61> <Mt= 0.00> <Spt= 0.00> <nCl=  8> <al=0.24> <DB= 1057.2290> <Mlp= 1126.3750> <PB=1000000> 
<DWph=2> <it= 73> <et=0.61> <Mt= 0.01> <Spt= 0.00> <nCl= 19> <al=0.32> <DB= 1035.1296> <Mlp= 1126.1429> <PB=1000000> 
<DWph=2> <it= 74> <et=0.61> <Mt= 0.00> <Spt= 0.00> <nCl= 44> <al=0.00> <DB=  761.7632> <Mlp= 1125.7895> <PB=1000000> 
<DWph=2> <it= 75> <et=0.61> <Mt= 0.00> <Spt= 0.00> <nCl=  0> <al=0.29> <DB=  761.7632> <Mlp= 1124.7222> <PB=1000000> 
<DWph=1> <it= 76> <et=0.61> <Mt= 0.00> <Spt= 0.01> <nCl= 29> <al=0.29> <DB= 1113.6687> <Mlp= 1124.7222> <PB=1000000> 
<DWph=1> <it= 77> <et=0.62> <Mt= 0.00> <Spt= 0.00> <nCl= 19> <al=0.19> <DB= 1113.6005> <Mlp= 1123.8000> <PB=1000000> 
<DWph=1> <it= 78> <et=0.62> <Mt= 0.00> <Spt= 0.00> <nCl= 22> <al=0.09> <DB= 1118.3430> <Mlp= 1123.6047> <PB=1000000> 
<DWph=1> <it= 79> <et=0.62> <Mt= 0.00> <Spt= 0.00> <nCl= 13> <al=0.00> <DB= 1108.0233> <Mlp= 1123.6047> <PB=1000000> 
<DWph=1> <it= 80> <et=0.62> <Mt= 0.00> <Spt= 0.01> <nCl=  5> <al=0.00> <DB= 1115.2673> <Mlp= 1123.6040> <PB=1000000> 
<DWph=1> <it= 81> <et=0.63> <Mt= 0.00> <Spt= 0.00> <nCl= 18> <al=0.00> <DB= 1107.5804> <Mlp= 1123.5804> <PB=1000000> 
<DWph=1> <it= 82> <et=0.63> <Mt= 0.00> <Spt= 0.00> <nCl= 24> <al=0.00> <DB= 1061.5957> <Mlp= 1121.5957> <PB=1000000> 
<DWph=1> <it= 83> <et=0.63> <Mt= 0.00> <Spt= 0.00> <nCl=  3> <al=0.00> <DB= 1121.5957> <Mlp= 1121.5957> <PB=1000000> 
    RCSP exact solver info for graph G_0 : TT = 0.004691, pt = 6e-06, dt = 0.004082, ct = 0.000296, ndl = 2172', bdl = 43617', odl = 3312', odf = 22510', bsi = 1388', cnt = 11701', bdch = 413461', odch = 66753', lcp = 38786', #sols = 150
<DWph=0> <it= 84> <et=0.64> <Mt= 0.00> <Spt= 0.01> <nCl=139> <al=0.00> <DB=  647.3404> <Mlp= 1121.5957> <PB=1000000> 
    RCSP exact solver info for graph G_0 : TT = 0.004847, pt = 1.9e-05, dt = 0.004184, ct = 0.000324, ndl = 2261', bdl = 45131', odl = 3302', odf = 22772', bsi = 1498', cnt = 14127', bdch = 425299', odch = 68752', lcp = 40138', #sols = 150
<DWph=0> <it= 85> <et=0.65> <Mt= 0.00> <Spt= 0.01> <nCl=115> <al=0.00> <DB=  818.5517> <Mlp= 1118.5517> <PB=1000000> 
    RCSP exact solver info for graph G_0 : TT = 0.004676, pt = 1.6e-05, dt = 0.004116, ct = 0.000257, ndl = 2296', bdl = 47056', odl = 3525', odf = 23746', bsi = 1399', cnt = 13539', bdch = 475336', odch = 74578', lcp = 45887', #sols = 150
<DWph=0> <it= 86> <et=0.66> <Mt= 0.00> <Spt= 0.00> <nCl= 94> <al=0.00> <DB= 1022.5135> <Mlp= 1117.3784> <PB=1000000> 
    RCSP exact solver info for graph G_0 : TT = 0.005099, pt = 1.4e-05, dt = 0.00445, ct = 0.000281, ndl = 2218', bdl = 45284', odl = 3496', odf = 23450', bsi = 1372', cnt = 12267', bdch = 450267', odch = 71202', lcp = 43215', #sols = 150
    RCSP exact solver info for graph G_0 : TT = 0.005784, pt = 2.2e-05, dt = 0.00487, ct = 0.000432, ndl = 2048', bdl = 42086', odl = 3448', odf = 22415', bsi = 1332', cnt = 11230', bdch = 401707', odch = 64386', lcp = 39464', #sols = 150
<DWph=0> <it= 87> <et=0.67> <Mt= 0.00> <Spt= 0.02> <nCl= 41> <al=0.00> <DB= 1117.3784> <Mlp= 1117.3784> <PB=1000000> 
RCSP solver dynamic params and stats :  bidir.bord. = 375 aver.obdmd = 23.9688 aver.buck.num. = 26
@@ 1 0 1117.38 0.0046584 0.005302 91.9473 0.67
RCSP      solver labels distribution in 319 buckets (bucket size) : largest - 35, top 0.1% - 35, top 0.5% - 32, top 2% - 28, top 10% - 13, top 50% - 4
Reduced cost fixing for graph G_0...  TT = 0.009465, pt = 0.000502, dt = 0.008848, ct = 0, ndl = 4720', bdl = 61439', odl = 4211', odf = 44552', lpcb = 5403', cnt = 172730', bdch = 612591', odch = 151354', lcp = 53694'
21034 buck. arcs remain (98.8% from prev., 90.8% from max.) + 0 jump buck. arcs (0% from max.)
 TT = 0.019773, pt = 0.000502, dt = 0.008848, ct = 0.010186, ndl = 4720', bdl = 61439', odl = 4211', odf = 44552', lpcb = 5403', cnt = 199703', bdch = 612591', odch = 151354', lcp = 53694'
RCSP      solver labels distribution in 652 buckets (bucket size) : largest - 35, top 0.1% - 35, top 0.5% - 30, top 2% - 24, top 10% - 16, top 50% - 6
Run forward enumeration with border = 375... not succeeded (ratio 0.936042) lpt = 0.036001, ndl = 50017', dl = 37290', lpcb = 0', dch = 184303'
 TT = 0.044889, pt = 0.006904, dt = 0.036001, ct = 0, ndl = 50017', bdl = 37290', cnt = 303033', bdch = 184303', odch = 0', lcp = 0'
ColGenEvalAlg final dual bound: 1117.38 (rounded: 1118)
In total 1 RCC cut(s) are found by the connected components heuristic 
Shrinking heuristic shrunk 18 edges
In total 1 RCC cut(s) are found by the Fractional capacity min-cut heuristic 
In total 2 RCC cut(s) are found by the greedy construction heuristic 
----- Add fac. cuts : CAP(4), max.viol = 0.216216, aver.viol = 0.128378, sep/add took 0.0005593/0.00677672 sec. -----
2526 columns (2526 active), 4 dyn. constrs. (4 active), 66 art. vars. (66 active)
<DWph=2> <it=  1> <et=0.76> <Mt= 0.00> <Spt= 0.00> <nCl= 28> <al=0.00> <DB= 1123.6400> <Mlp= 1119.6400> <PB=1000000> 
<DWph=1> <it=  2> <et=0.76> <Mt= 0.00> <Spt= 0.01> <nCl= 18> <al=0.40> <DB= 1095.0579> <Mlp= 1119.6400> <PB=1000000> 
<DWph=1> <it=  3> <et=0.76> <Mt= 0.00> <Spt= 0.00> <nCl= 32> <al=0.00> <DB= 1119.6400> <Mlp= 1119.6400> <PB=1000000> 
    RCSP exact solver info for graph G_0 : TT = 0.004006, pt = 6e-06, dt = 0.003474, ct = 0.000255, ndl = 2000', bdl = 41082', odl = 3221', odf = 20985', bsi = 1296', cnt = 10059', bdch = 366140', odch = 61232', lcp = 35754', #sols = 150
<DWph=0> <it=  4> <et=0.77> <Mt= 0.01> <Spt= 0.01> <nCl= 63> <al=0.36> <DB= 1068.0400> <Mlp= 1119.6400> <PB=1000000> 
    RCSP exact solver info for graph G_0 : TT = 0.004024, pt = 1.5e-05, dt = 0.003505, ct = 0.00023, ndl = 2038', bdl = 41732', odl = 3244', odf = 21243', bsi = 1326', cnt = 10681', bdch = 374344', odch = 62915', lcp = 36593', #sols = 150
    RCSP exact solver info for graph G_0 : TT = 0.004046, pt = 1.3e-05, dt = 0.003504, ct = 0.000262, ndl = 2000', bdl = 40862', odl = 3226', odf = 21048', bsi = 1313', cnt = 10517', bdch = 360509', odch = 61008', lcp = 35593', #sols = 150
<DWph=0> <it=  5> <et=0.78> <Mt= 0.00> <Spt= 0.01> <nCl= 25> <al=0.00> <DB= 1119.5238> <Mlp= 1119.5238> <PB=1000000> 
RCSP solver dynamic params and stats :  bidir.bord. = 375 aver.obdmd = 23.9688 aver.buck.num. = 26
@@ 1 1 1119.52 0.00374333 0.003766 90.8204 0.78
    Full reduced cost fixing is not called (gap ratio is 0.999998)
ColGenEvalAlg final dual bound: 1119.52 (rounded: 1120)
False gap improvement since the last cut separation : 0.0192006 (1117.38)
Current active cuts : CAP(3,153.429)
Shrinking heuristic shrunk 19 edges
In total 1 RCC cut(s) are found by the Fractional capacity min-cut heuristic 
----- Add fac. cuts : CAP(1), max.viol = 0.285714, aver.viol = 0.285714, sep/add took 0.000286666/0.00267188 sec. -----
2692 columns (2692 active), 5 dyn. constrs. (4 active), 67 art. vars. (66 active)
<DWph=2> <it=  1> <et=0.79> <Mt= 0.00> <Spt= 0.00> <nCl= 18> <al=0.00> <DB= 1128.1000> <Mlp= 1120.1000> <PB=1000000> 
<DWph=1> <it=  2> <et=0.80> <Mt= 0.00> <Spt= 0.00> <nCl= 30> <al=0.00> <DB= 1099.1000> <Mlp= 1120.1000> <PB=1000000> 
<DWph=1> <it=  3> <et=0.80> <Mt= 0.00> <Spt= 0.01> <nCl=  9> <al=0.00> <DB= 1120.1000> <Mlp= 1120.1000> <PB=1000000> 
    RCSP exact solver info for graph G_0 : TT = 0.004071, pt = 6e-06, dt = 0.003538, ct = 0.000276, ndl = 1979', bdl = 40791', odl = 3200', odf = 20678', bsi = 1285', cnt = 11913', bdch = 359280', odch = 58874', lcp = 35970', #sols = 150
<DWph=0> <it=  4> <et=0.81> <Mt= 0.00> <Spt= 0.00> <nCl= 30> <al=0.20> <DB= 1105.1000> <Mlp= 1120.1000> <PB=1000000> 
    RCSP exact solver info for graph G_0 : TT = 0.003955, pt = 1.3e-05, dt = 0.00345, ct = 0.000235, ndl = 1982', bdl = 40799', odl = 3197', odf = 20712', bsi = 1285', cnt = 11744', bdch = 359473', odch = 58942', lcp = 35984', #sols = 150
    RCSP exact solver info for graph G_0 : TT = 0.003936, pt = 1.3e-05, dt = 0.003444, ct = 0.000226, ndl = 1979', bdl = 40782', odl = 3197', odf = 20691', bsi = 1279', cnt = 11776', bdch = 359277', odch = 58848', lcp = 35954', #sols = 150
<DWph=0> <it=  5> <et=0.82> <Mt= 0.00> <Spt= 0.01> <nCl=  2> <al=0.00> <DB= 1120.1000> <Mlp= 1120.1000> <PB=1000000> 
RCSP solver dynamic params and stats :  bidir.bord. = 375 aver.obdmd = 23.9688 aver.buck.num. = 26
@@ 1 2 1120.1 0.003723 0.003814 90.8204 0.82
    Full reduced cost fixing is not called (gap ratio is 0.999997)
ColGenEvalAlg final dual bound: 1120.1 (rounded: 1121)
False gap improvement since the last cut separation : 0.00514675 (1119.52)
Cut generation tailing off counter increased to 1
Current active cuts : CAP(4,201)
Shrinking heuristic shrunk 17 edges
In total 2 RCC cut(s) are found by the Fractional capacity min-cut heuristic 
In total 1 RCC cut(s) are found by the greedy construction heuristic 
----- Add fac. cuts : CAP(3), max.viol = 0.15, aver.viol = 0.15, sep/add took 0.000385262/0.00545775 sec. -----
2781 columns (2781 active), 7 dyn. constrs. (7 active), 70 art. vars. (69 active)
<DWph=2> <it=  1> <et=0.83> <Mt= 0.00> <Spt= 0.01> <nCl= 18> <al=0.00> <DB= 1120.5000> <Mlp= 1120.5000> <PB=1000000> 
<DWph=1> <it=  2> <et=0.83> <Mt= 0.00> <Spt= 0.00> <nCl=  5> <al=0.00> <DB= 1120.5000> <Mlp= 1120.5000> <PB=1000000> 
    RCSP exact solver info for graph G_0 : TT = 0.003661, pt = 7e-06, dt = 0.003192, ct = 0.000232, ndl = 1908', bdl = 38669', odl = 3232', odf = 21017', bsi = 1244', cnt = 11808', bdch = 337187', odch = 55342', lcp = 33453', #sols = 150
<DWph=0> <it=  3> <et=0.84> <Mt= 0.00> <Spt= 0.01> <nCl= 24> <al=0.30> <DB= 1118.0000> <Mlp= 1120.5000> <PB=1000000> 
    RCSP exact solver info for graph G_0 : TT = 0.003785, pt = 1.6e-05, dt = 0.003305, ct = 0.000221, ndl = 1905', bdl = 38613', odl = 3233', odf = 21034', bsi = 1244', cnt = 11741', bdch = 335927', odch = 55346', lcp = 33435', #sols = 150
    RCSP exact solver info for graph G_0 : TT = 0.003777, pt = 1.2e-05, dt = 0.003291, ct = 0.000224, ndl = 1892', bdl = 38428', odl = 3240', odf = 20988', bsi = 1247', cnt = 11562', bdch = 333188', odch = 54886', lcp = 33316', #sols = 150
<DWph=0> <it=  4> <et=0.85> <Mt= 0.00> <Spt= 0.01> <nCl=  5> <al=0.00> <DB= 1120.5000> <Mlp= 1120.5000> <PB=1000000> 
RCSP solver dynamic params and stats :  bidir.bord. = 375 aver.obdmd = 23.9688 aver.buck.num. = 26
@@ 1 3 1120.5 0.00348833 0.003526 90.8204 0.85
    Full reduced cost fixing is not called (gap ratio is 0.999997)
ColGenEvalAlg final dual bound: 1120.5 (rounded: 1121)
False gap improvement since the last cut separation : 0.00357111 (1120.1)
Cut generation tailing off counter increased to 2
Current active cuts : CAP(6,257.417)
Shrinking heuristic shrunk 21 edges
150 Rank-1 3-rows pack. cuts added ,  max viol. = 0.5, aver. viol. = 0.5
----- Add fac. cuts : R1C(150), max.viol = 0.5, aver.viol = 0.5, sep/add took 0.00081294/0.133779 sec. -----
2833 columns (2833 active), 157 dyn. constrs. (156 active), 220 art. vars. (218 active)
<DWph=2> <it=  1> <et=1.00> <Mt= 0.00> <Spt= 0.00> <nCl= 29> <al=0.50> <DB= 1100.0000> <Mlp= 1124.5000> <PB=1000000> 
<DWph=2> <it=  2> <et=1.00> <Mt= 0.01> <Spt= 0.01> <nCl= 31> <al=0.10> <DB= 1021.6000> <Mlp= 1124.5000> <PB=1000000> 
<DWph=2> <it=  3> <et=1.02> <Mt= 0.00> <Spt= 0.01> <nCl= 26> <al=0.00> <DB= 1083.7857> <Mlp= 1124.5000> <PB=1000000> 
<DWph=2> <it=  4> <et=1.03> <Mt= 0.00> <Spt= 0.00> <nCl= 19> <al=0.35> <DB= 1083.3469> <Mlp= 1124.5000> <PB=1000000> 
<DWph=2> <it=  5> <et=1.03> <Mt= 0.00> <Spt= 0.01> <nCl= 20> <al=0.00> <DB= 1103.5000> <Mlp= 1124.5000> <PB=1000000> 
<DWph=2> <it=  6> <et=1.04> <Mt= 0.00> <Spt= 0.00> <nCl= 15> <al=0.32> <DB= 1110.4819> <Mlp= 1124.5000> <PB=1000000> 
<DWph=2> <it=  7> <et=1.04> <Mt= 0.00> <Spt= 0.01> <nCl=  7> <al=0.00> <DB= 1124.5000> <Mlp= 1124.5000> <PB=1000000> 
<DWph=1> <it=  8> <et=1.05> <Mt= 0.01> <Spt= 0.00> <nCl= 24> <al=0.28> <DB= 1061.2857> <Mlp= 1124.5000> <PB=1000000> 
<DWph=1> <it=  9> <et=1.06> <Mt= 0.00> <Spt= 0.01> <nCl= 21> <al=0.00> <DB= 1044.5000> <Mlp= 1124.5000> <PB=1000000> 
<DWph=1> <it= 10> <et=1.07> <Mt= 0.00> <Spt= 0.01> <nCl=  9> <al=0.00> <DB= 1124.5000> <Mlp= 1124.5000> <PB=1000000> 
    RCSP exact solver info for graph G_0 : TT = 0.007446, pt = 6.6e-05, dt = 0.006646, ct = 0.000452, ndl = 3519', bdl = 69664', odl = 4071', odf = 31661', bsi = 1516', cnt = 36596', bdch = 910061', odch = 151250', lcp = 82000', #sols = 150
<DWph=0> <it= 11> <et=1.09> <Mt= 0.00> <Spt= 0.02> <nCl=126> <al=0.16> <DB=  876.6053> <Mlp= 1124.5000> <PB=1000000> 
    RCSP exact solver info for graph G_0 : TT = 0.00863, pt = 8.8e-05, dt = 0.00764, ct = 0.000562, ndl = 3994', bdl = 78504', odl = 4110', odf = 34577', bsi = 1490', cnt = 43751', bdch = 1129444', odch = 156788', lcp = 89883', #sols = 150
<DWph=0> <it= 12> <et=1.12> <Mt= 0.01> <Spt= 0.02> <nCl=150> <al=0.06> <DB=  946.7481> <Mlp= 1124.0000> <PB=1000000> 
    RCSP exact solver info for graph G_0 : TT = 0.008493, pt = 8.4e-05, dt = 0.007529, ct = 0.000506, ndl = 3531', bdl = 69053', odl = 4084', odf = 32261', bsi = 1485', cnt = 35329', bdch = 934208', odch = 133881', lcp = 76075', #sols = 150
<DWph=0> <it= 13> <et=1.14> <Mt= 0.00> <Spt= 0.02> <nCl= 77> <al=0.15> <DB= 1056.6101> <Mlp= 1124.0000> <PB=1000000> 
Shrinking heuristic shrunk 28 edges
    RCSP exact solver info for graph G_0 : TT = 0.01077, pt = 0.000154, dt = 0.00962, ct = 0.00059, ndl = 3878', bdl = 76470', odl = 4103', odf = 33520', bsi = 1442', cnt = 37351', bdch = 1048957', odch = 160642', lcp = 86830', #sols = 150
<DWph=0> <it= 14> <et=1.17> <Mt= 0.01> <Spt= 0.02> <nCl=106> <al=0.23> <DB= 1010.6667> <Mlp= 1123.0000> <PB=1123> 
    RCSP exact solver info for graph G_0 : TT = 0.010691, pt = 8.7e-05, dt = 0.009587, ct = 0.000605, ndl = 3883', bdl = 75047', odl = 4362', odf = 34940', bsi = 1445', cnt = 40483', bdch = 1092903', odch = 167424', lcp = 90836', #sols = 150
<DWph=0> <it= 15> <et=1.19> <Mt= 0.00> <Spt= 0.02> <nCl= 37> <al=0.31> <DB= 1077.9149> <Mlp= 1123.0000> <PB=1123> 
    RCSP exact solver info for graph G_0 : TT = 0.011559, pt = 9.3e-05, dt = 0.010338, ct = 0.000673, ndl = 4100', bdl = 79105', odl = 4444', odf = 36202', bsi = 1471', cnt = 44556', bdch = 1185104', odch = 187463', lcp = 98964', #sols = 150
    RCSP exact solver info for graph G_0 : TT = 0.008479, pt = 5.9e-05, dt = 0.007551, ct = 0.000525, ndl = 3638', bdl = 71312', odl = 4209', odf = 32767', bsi = 1400', cnt = 34889', bdch = 968172', odch = 155469', lcp = 82721', #sols = 150
<DWph=0> <it= 16> <et=1.22> <Mt= 0.00> <Spt= 0.03> <nCl= 15> <al=0.00> <DB= 1123.0000> <Mlp= 1123.0000> <PB=1123> 
RCSP solver dynamic params and stats :  bidir.bord. = 375 aver.obdmd = 23.9688 aver.buck.num. = 26 nbR1C = 6 with avMem = 14.3333
@@ 1 4 1123 0.00897486 0.011011 90.8204 1.22
ColGenEvalAlg final dual bound: 1123 (rounded: 1123)
Gap improvement since the last cut separation : 1 (1120.5)
Current active cuts : CAP(2,193.5) R1C(6,30) 3rowPackR1C(6)
New model incumbent solution 1123, TIME = 0h0m1s22t = 122
************************************************************************************************
Search is finished, global bounds : [ 1123 , 1123 ], TIME = 0h0m1s23t = 123
************************************************************************************************
[32mBaPCod : solution defined.[00m
statistics_cols: instance & :Optimal & cutoff & :bcRecRootDb & :bcTimeRootEval & :bcCountNodeProc & :bcRecBestDb & :bcRecBestInc & :bcTimeMain \\
statistics: instance_18-triangle & 1 & 1.0e6 & 1123.00 & 1.22 & 1 & 1123.00 & 1123 & 1.23 \\
########################################################
Route #1: 6 30 27 11 22 16 19 9 29 10 12 17 20 13 
Route #2: 15 21 25 2 24 23 18 5 4 28 8 7 14 1 3 26 
Cost 1123
########################################################

end_time=2026-04-22 10:48:39
exit_code=0
