instance_file=/mnt/c/Users/porin/OneDrive/Documentos/Python-Mestrado/Modelagem Matemática/Programação Inteira - Uchoa/Problema VRPRDL/instancias_turco/VRPRDL-triangle/cvrp_padrao_convertidos/instance_2-triangle.vrp
instance_name=instance_2-triangle
n_customers=15
k_lb=1
k_ub=15
ub=1000000
timeout_s=3600
start_time=2026-04-22 10:48:51

  Activating project at `~/VRPSolver/VRPSolverDemos`
Application parameters:
  batch  =>  nothing
  instance  =>  "/mnt/c/Users/porin/OneDrive/Documentos/Python-Mestrado/Modelagem Matemática/Programação Inteira - Uchoa/Problema VRPRDL/instancias_turco/VRPRDL-triangle/cvrp_padrao_convertidos/instance_2-triangle.vrp"
  noround  =>  false
  cfg  =>  "/home/poringman/VRPSolver/VRPSolverDemos/src/../config/CVRP.cfg"
  edge_cuts  =>  false
  out  =>  nothing
  ub  =>  1.0e6
  cluster_branching  =>  1.0
  sol  =>  nothing
  single_resource  =>  false
  strong_kpath_cuts  =>  false
  tikz  =>  nothing
  maxr  =>  15
  update  =>  false
  show_complete_form  =>  false
  nosolve  =>  false
  minr  =>  1
  low_edge_priority  =>  false
~~~~~~~~~~~~~~~~~~~~~~~~~~~~~~~~~~~~~~~~~~~~~~~~~~~~~~~~~~~~~~~~~~~~~~~~~~~~~~~~~~~~~
GIT VERSION RCSP: 
GIT BRANCH: 
~~~~~~~~~~~~~~~~~~~~~~~~~~~~~~~~~~~~~~~~~~~~~~~~~~~~~~~~~~~~~~~~~~~~~~~~~~~~~~~~~~~~~
VRPSolver v0.6.16, 10/11/2025, © Inria Bordeaux, France, vrpsolver.math.u-bordeaux.fr
      Corresponds to the solver by Pessoa, Sadykov, Uchoa and Vanderbeck (2020)
                 Paper: dx.doi.org/10.1007/s10107-020-01523-z
~~~~~~~~~~~~~~~~~~~~~~~~~~~~~~~~~~~~~~~~~~~~~~~~~~~~~~~~~~~~~~~~~~~~~~~~~~~~~~~~~~~~~
GIT VERSION BAPCOD: a7cb21f19424236c9d0da5dcf94961797a519470
GIT BRANCH: main
~~~~~~~~~~~~~~~~~~~~~~~~~~~~~~~~~~~~~~~~~~~~~~~~~~~~~~~~~~~~~~~~~~~~~~~~~~~~~~~~~~~~~
   BaPCod v0.84, 10/11/2025, © Inria Bordeaux, France, bapcod.math.u-bordeaux.fr 
           THIS CODE IS PROVIDED AS IS, USE IT AT YOUR OWN RISK
~~~~~~~~~~~~~~~~~~~~~~~~~~~~~~~~~~~~~~~~~~~~~~~~~~~~~~~~~~~~~~~~~~~~~~~~~~~~~~~~~~~~~
--- MAIN PARAMETERS ---
GlobalTimeLimitInTick = 2147483645
GlobalTimeLimit = 21474836
ClockType = 0
MaxNbOfBBtreeNodeTreated = 100000
optimalityGapTolerance = 1e-06
relOptimalityGapTolerance = 1e-09
ApplyPreprocessing = false
PreprocessVariablesLocalBounds = false
treeSearchStrategy = 1
OpenNodesLimit = 1000
DEFAULTPRINTLEVEL = 0
--- MIP SOLVER PARAMETERS ---
solverName = CPLEX_SOLVER
MipSolverMaxBBNodes = 2000000
MipSolverMaxTime = 360000
MipSolverMultiThread = 1
--- COLUMN GENERATION PARAMETERS ---
SolverSelectForMast = a
  colGenSubProbSolMode = customSolver
mastInitMode = localArtCol
ArtVarPenaltyUpdateFactor = 2
ArtVarMaxNbOfPenaltyUpdates = 5
MaxNbOfStagesInColGenProcedure = 3
GenerateProperColumns = false
InsertAllGeneratedColumnsInFormRatherThanInPool = true
InsertNewNonNegColumnsDirectlyInFormRatherThanInPool = true
ColumnCleanupThreshold = 10000
ColumnCleanupRatio = 0.66
ReducedCostFixingThreshold = 0.9
--- CUT GENERATION PARAMETERS ---
MasterCuttingPlanesDepthLimit = 1000
MaxNbOfCutGeneratedAtEachIter = 1000
CutTailingOffThreshold = 0.015
CutTailingOffCounterThreshold = 3
CutCleanupThreshold = 1
CutCleanupRatio = 0.66
ColGenSpRelaxationImprovementPriority = 0
--- STABILIZATION PARAMETERS ---
colGenDualPriceSmoothingAlphaFactor = 1
colGenDualPriceSmoothingBetaFactor = 0
colGenStabilizationFunctionType = none
colGenProximalStabilizationRule = undefined
StabilFuncKappa = 1
colGenStabilizationMaxTreeDepth = 10000
StabilizationMinPhaseOfStage = 0
--- PRIMAL HEURISTIC PARAMETERS ---
UseInitialPrimalHeur = false
MaxTimeForRestrictedMasterIpHeur = -1
CallFrequencyOfRestrictedMasterIpHeur = 5
MIPemphasisInRestrictedMasterIpHeur = 1
PolishingAfterTimeInRestrictedMasterIpHeur = -1
DivingHeurUseDepthLimit = -1
CallFrequencyOfDivingHeur = 1
LeastFractional
Closest2RoundUp
LeastGreedyCost
LeastCost
FixIntValBeforeRoundingHeur = true
MaxNbOfCgIteDuringRh = 5000
MaxLDSbreadth = 0
MaxLDSdepth = 0
DivingHeurStopsWithFirstFeasSol = false
DivingHeurPreprocessBeforeChoosingVar = false
StrongDivingCandidatesNumber = 1
EvalAlgParamsInDiving = max#cand. = 1 max#cg.iters = 10000 min.lvl.sp.restr. = 1 min#cut.rounds = 0 max#cut.rounds = 0 red.cost.fix&enum. = false tree.size.ratio = 1
LocalSearchHeurUseDepthLimit = -1
LeastFractional
Closest2RoundUp
LeastGreedyCost
LeastCost
MaxFactorOfColFixedByLocalSearchHeur = 0.8
MaxLocalSearchIterationCounter = 3
--- STRONG BRANCHING PARAMETERS ---
SimplifiedStrongBranchingParameterisation = true
StrongBranchingPhaseOneCandidatesNumber = 100
StrongBranchingPhaseOneTreeSizeEstimRatio = 0.2
StrongBranchingPhaseTwoCandidatesNumber = 3
StrongBranchingPhaseTwoTreeSizeEstimRatio = 0.02
SafeDualBoundScaleFactor = -1
StrongBranchingPhaseOne = max#cand. = 100 max#cg.iters = 0 min.lvl.sp.restr. = 0 min#cut.rounds = 0 max#cut.rounds = 0 red.cost.fix&enum. = false tree.size.ratio = 0.2
StrongBranchingPhaseTwo = max#cand. = 3 max#cg.iters = 10000 min.lvl.sp.restr. = 1 min#cut.rounds = 0 max#cut.rounds = 0 red.cost.fix&enum. = false tree.size.ratio = 0.02
StrongBranchingPhaseThree = max#cand. = 1 max#cg.iters = 10000 min.lvl.sp.restr. = 0 min#cut.rounds = 0 max#cut.rounds = 10000 red.cost.fix&enum. = true tree.size.ratio = 1
StrongBranchingPhaseFour =not active
--- DEBUG OUTPUT PARAMETERS ---
printMasterPrimalSols = 0
--- VRPSOLVER PARAMETERS ---
RCSPstopCutGenTimeThresholdInPricing = 10
RCSPhardTimeThresholdInPricing = 25
RCSPredCostFixingTimeThreshold = 100
RCSPnumberOfBucketsPerVertex = 25
RCSPdynamicBucketSteps = 1
RCSPuseBidirectionalSearch = 2
RCSPapplyReducedCostFixing = 1
RCSPmaxNumOfColsPerIteration = 30
RCSPmaxNumOfColsPerExactIteration = 150
RCSPmaxNumOfLabelsInEnumeration = 500000
RCSPmaxNumOfLabelsInHeurEnumeration = 0
RCSPmaxNumOfEnumeratedSolutions = 5000000
RCSPmaxNumOfEnumSolutionsForMIP = 10000
RCSPmaxNumOfEnumSolsForEndOfNodeMIP = 10000
RCSPinitNGneighbourhoodSize = 8
RCSPmaxNGneighbourhoodSize = 8
RCSPrankOneCutsMaxNumRows = 5
RCSPrankOneCutsMaxNumPerRound = 100
RCSPrankOneCutsMemoryType = 0
RCSPrankOneCutsLSnumIterations = 1000
RCSPallowRoutesWithSameVerticesSet = true
RCSPredCostFixingFalseGap = 0
SafeDualBoundScaleFactor = -1
RCSPmaxNumOfLabelsInHeurEnumeration = 0
MaxNumEnumSolsInRestrictedMasterIpHeur = 5000

prName & bcTimeMain \\ 
New model incumbent solution 1e+06, TIME = 0h0m0s42t = 42
RCSP solver info : size of non-robust cut bitmask in a label is 640 bits
Bucket steps were recalculated for graph G_0 : [30]
RCSP solver info : symmetric case is detected for graph G_0! 
Bidirectional border value is initialised to 375
RCSP solver info : number of forw. reachable buckets / buck. strongly connected components is 413( 93.4389% ) / 413( 100% )
RCSP solver info: std. label size is 56, ext. label size is 136
Generating neighbourhoods for rank-1 cuts separation
Building structures for 4- and 5-row rank-1 packing cut separation...done!
Model is built TIME = 0h0m0s42t = 42
************************************************************************************************
**** BaB tree root node
**** Local DB = -1e+12, global bounds : [ -1e+12 , 1e+06 ], TIME = 0h0m0s42t = 42
**** 1 open nodes, 0 columns (0 active), 0 dyn. constrs. (0 active), 32 art. vars. (32 active)
************************************************************************************************
--------------------------------------------------------------------------
BaPCod info : first we run the root node with rank-1 cuts with node memory
--------------------------------------------------------------------------
#<DWph=2> <it=  1> <et=0.42> <Mt= 0.00> <Spt= 0.00> <nCl= 15> <al=0.00> <DB=-827970090.0000> <Mlp=37200000.0000> <PB=1000000> 
#<DWph=2> <it=  2> <et=0.42> <Mt= 0.00> <Spt= 0.00> <nCl= 15> <al=0.55> <DB=-704310039.2625> <Mlp=25800434.6250> <PB=1000000> 
#<DWph=2> <it=  3> <et=0.42> <Mt= 0.00> <Spt= 0.00> <nCl= 15> <al=0.45> <DB=-553253259.2077> <Mlp=25000616.6042> <PB=1000000> 
#<DWph=2> <it=  4> <et=0.42> <Mt= 0.00> <Spt= 0.00> <nCl= 15> <al=0.35> <DB=-520866320.6330> <Mlp=14400561.3333> <PB=1000000> 
#<DWph=2> <it=  5> <et=0.43> <Mt= 0.00> <Spt= 0.00> <nCl= 15> <al=0.42> <DB=-506816826.8277> <Mlp=10050739.3750> <PB=1000000> 
#<DWph=2> <it=  6> <et=0.43> <Mt= 0.00> <Spt= 0.00> <nCl= 15> <al=0.47> <DB=-497478583.8000> <Mlp=8229813.1315> <PB=1000000> 
#<DWph=2> <it=  7> <et=0.43> <Mt= 0.00> <Spt= 0.00> <nCl= 15> <al=0.53> <DB=-381293109.7001> <Mlp=5107536.1330> <PB=1000000> 
#<DWph=2> <it=  8> <et=0.43> <Mt= 0.00> <Spt= 0.00> <nCl= 15> <al=0.43> <DB=-285057566.1578> <Mlp=2081038.2228> <PB=1000000> 
<DWph=2> <it=  9> <et=0.43> <Mt= 0.00> <Spt= 0.00> <nCl= 15> <al=0.00> <DB=-62320.0354> <Mlp= 1379.9757> <PB=1000000> 
<DWph=2> <it= 10> <et=0.43> <Mt= 0.00> <Spt= 0.00> <nCl= 15> <al=0.38> <DB=-26859.9090> <Mlp= 1346.9314> <PB=1000000> 
<DWph=2> <it= 11> <et=0.43> <Mt= 0.00> <Spt= 0.00> <nCl= 15> <al=0.28> <DB=-10643.5790> <Mlp= 1301.6497> <PB=1000000> 
<DWph=2> <it= 12> <et=0.43> <Mt= 0.00> <Spt= 0.00> <nCl= 15> <al=0.18> <DB=-12405.0712> <Mlp= 1220.0948> <PB=1000000> 
<DWph=2> <it= 13> <et=0.43> <Mt= 0.00> <Spt= 0.00> <nCl= 15> <al=0.27> <DB=-7235.7272> <Mlp= 1157.4735> <PB=1000000> 
<DWph=2> <it= 14> <et=0.43> <Mt= 0.00> <Spt= 0.00> <nCl= 15> <al=0.34> <DB=-4973.3067> <Mlp= 1019.4294> <PB=1000000> 
<DWph=2> <it= 15> <et=0.43> <Mt= 0.00> <Spt= 0.00> <nCl= 15> <al=0.40> <DB=-5462.2073> <Mlp=  939.4426> <PB=1000000> 
<DWph=2> <it= 16> <et=0.43> <Mt= 0.00> <Spt= 0.00> <nCl= 15> <al=0.46> <DB=-2522.0228> <Mlp=  903.4170> <PB=1000000> 
<DWph=2> <it= 17> <et=0.43> <Mt= 0.00> <Spt= 0.00> <nCl= 15> <al=0.36> <DB=-3243.3854> <Mlp=  872.0398> <PB=1000000> 
<DWph=2> <it= 18> <et=0.43> <Mt= 0.00> <Spt= 0.00> <nCl= 15> <al=0.43> <DB=-2465.8309> <Mlp=  857.1854> <PB=1000000> 
<DWph=2> <it= 19> <et=0.44> <Mt= 0.00> <Spt= 0.00> <nCl= 15> <al=0.49> <DB=-1894.9632> <Mlp=  853.2699> <PB=1000000> 
<DWph=2> <it= 20> <et=0.44> <Mt= 0.00> <Spt= 0.00> <nCl= 15> <al=0.54> <DB=-1493.8893> <Mlp=  832.4624> <PB=1000000> 
<DWph=2> <it= 21> <et=0.44> <Mt= 0.00> <Spt= 0.00> <nCl= 15> <al=0.58> <DB= -996.5746> <Mlp=  821.8089> <PB=1000000> 
<DWph=2> <it= 22> <et=0.44> <Mt= 0.00> <Spt= 0.00> <nCl= 15> <al=0.48> <DB= -639.1732> <Mlp=  800.0000> <PB=1000000> 
<DWph=2> <it= 23> <et=0.44> <Mt= 0.00> <Spt= 0.01> <nCl= 15> <al=0.53> <DB= -454.7455> <Mlp=  800.0000> <PB=1000000> 
<DWph=2> <it= 24> <et=0.44> <Mt= 0.00> <Spt= 0.00> <nCl= 15> <al=0.58> <DB= -509.7269> <Mlp=  800.0000> <PB=1000000> 
<DWph=2> <it= 25> <et=0.44> <Mt= 0.00> <Spt= 0.00> <nCl= 15> <al=0.62> <DB= -132.3467> <Mlp=  800.0000> <PB=1000000> 
<DWph=2> <it= 26> <et=0.44> <Mt= 0.00> <Spt= 0.00> <nCl= 15> <al=0.52> <DB= -358.4348> <Mlp=  800.0000> <PB=1000000> 
<DWph=2> <it= 27> <et=0.44> <Mt= 0.00> <Spt= 0.00> <nCl= 15> <al=0.57> <DB=   69.7386> <Mlp=  800.0000> <PB=1000000> 
<DWph=2> <it= 28> <et=0.44> <Mt= 0.00> <Spt= 0.00> <nCl= 15> <al=0.47> <DB=   90.8508> <Mlp=  800.0000> <PB=1000000> 
<DWph=2> <it= 29> <et=0.44> <Mt= 0.00> <Spt= 0.00> <nCl= 15> <al=0.52> <DB=  286.4807> <Mlp=  800.0000> <PB=1000000> 
Shrinking heuristic shrunk 14 edges
<DWph=2> <it= 30> <et=0.44> <Mt= 0.00> <Spt= 0.00> <nCl= 15> <al=0.57> <DB=  358.5102> <Mlp=  771.0000> <PB=771> 
<DWph=2> <it= 31> <et=0.45> <Mt= 0.00> <Spt= 0.00> <nCl= 15> <al=0.61> <DB=  152.3642> <Mlp=  771.0000> <PB=771> 
<DWph=2> <it= 32> <et=0.45> <Mt= 0.00> <Spt= 0.00> <nCl= 15> <al=0.65> <DB=  222.4769> <Mlp=  771.0000> <PB=771> 
<DWph=2> <it= 33> <et=0.45> <Mt= 0.00> <Spt= 0.00> <nCl= 15> <al=0.69> <DB=  555.5961> <Mlp=  771.0000> <PB=771> 
<DWph=2> <it= 34> <et=0.45> <Mt= 0.00> <Spt= 0.00> <nCl= 15> <al=0.72> <DB=  586.6334> <Mlp=  771.0000> <PB=771> 
<DWph=2> <it= 35> <et=0.45> <Mt= 0.00> <Spt= 0.00> <nCl= 15> <al=0.75> <DB=  528.4165> <Mlp=  771.0000> <PB=771> 
<DWph=2> <it= 36> <et=0.45> <Mt= 0.00> <Spt= 0.00> <nCl= 15> <al=0.65> <DB=  616.1549> <Mlp=  771.0000> <PB=771> 
<DWph=2> <it= 37> <et=0.45> <Mt= 0.00> <Spt= 0.00> <nCl= 15> <al=0.55> <DB=  461.4099> <Mlp=  771.0000> <PB=771> 
<DWph=2> <it= 38> <et=0.45> <Mt= 0.00> <Spt= 0.00> <nCl= 15> <al=0.59> <DB=  575.6983> <Mlp=  771.0000> <PB=771> 
<DWph=2> <it= 39> <et=0.45> <Mt= 0.00> <Spt= 0.00> <nCl= 15> <al=0.63> <DB=  582.4272> <Mlp=  771.0000> <PB=771> 
<DWph=2> <it= 40> <et=0.45> <Mt= 0.00> <Spt= 0.00> <nCl= 15> <al=0.67> <DB=  682.5565> <Mlp=  771.0000> <PB=771> 
<DWph=2> <it= 41> <et=0.45> <Mt= 0.00> <Spt= 0.00> <nCl= 15> <al=0.70> <DB=  599.5512> <Mlp=  771.0000> <PB=771> 
<DWph=2> <it= 42> <et=0.45> <Mt= 0.00> <Spt= 0.00> <nCl= 15> <al=0.73> <DB=  649.6467> <Mlp=  771.0000> <PB=771> 
<DWph=2> <it= 43> <et=0.45> <Mt= 0.00> <Spt= 0.00> <nCl= 11> <al=0.76> <DB=  683.3575> <Mlp=  771.0000> <PB=771> 
<DWph=2> <it= 44> <et=0.45> <Mt= 0.01> <Spt= 0.01> <nCl= 15> <al=0.66> <DB=  614.1141> <Mlp=  771.0000> <PB=771> 
<DWph=2> <it= 45> <et=0.46> <Mt= 0.00> <Spt= 0.00> <nCl= 15> <al=0.69> <DB=  680.6929> <Mlp=  771.0000> <PB=771> 
<DWph=2> <it= 46> <et=0.46> <Mt= 0.00> <Spt= 0.00> <nCl= 30> <al=0.45> <DB=  721.4489> <Mlp=  771.0000> <PB=771> 
<DWph=2> <it= 47> <et=0.46> <Mt= 0.00> <Spt= 0.00> <nCl= 14> <al=0.62> <DB=  728.6814> <Mlp=  771.0000> <PB=771> 
<DWph=2> <it= 48> <et=0.46> <Mt= 0.00> <Spt= 0.00> <nCl=  6> <al=0.52> <DB=  742.0609> <Mlp=  771.0000> <PB=771> 
<DWph=2> <it= 49> <et=0.46> <Mt= 0.00> <Spt= 0.00> <nCl= 15> <al=0.42> <DB=  456.7674> <Mlp=  771.0000> <PB=771> 
<DWph=2> <it= 50> <et=0.46> <Mt= 0.00> <Spt= 0.00> <nCl= 15> <al=0.48> <DB=  563.4718> <Mlp=  771.0000> <PB=771> 
<DWph=2> <it= 51> <et=0.46> <Mt= 0.00> <Spt= 0.00> <nCl= 15> <al=0.38> <DB=  648.6727> <Mlp=  771.0000> <PB=771> 
<DWph=2> <it= 52> <et=0.46> <Mt= 0.00> <Spt= 0.00> <nCl= 15> <al=0.28> <DB=  641.6656> <Mlp=  771.0000> <PB=771> 
<DWph=2> <it= 53> <et=0.46> <Mt= 0.00> <Spt= 0.00> <nCl= 15> <al=0.35> <DB=  455.3932> <Mlp=  771.0000> <PB=771> 
<DWph=2> <it= 54> <et=0.46> <Mt= 0.00> <Spt= 0.00> <nCl= 14> <al=0.42> <DB=  734.1983> <Mlp=  771.0000> <PB=771> 
<DWph=2> <it= 55> <et=0.46> <Mt= 0.00> <Spt= 0.00> <nCl= 15> <al=0.48> <DB=  649.1248> <Mlp=  771.0000> <PB=771> 
<DWph=2> <it= 56> <et=0.47> <Mt= 0.00> <Spt= 0.00> <nCl= 15> <al=0.38> <DB=  699.3728> <Mlp=  771.0000> <PB=771> 
<DWph=2> <it= 57> <et=0.47> <Mt= 0.00> <Spt= 0.00> <nCl= 10> <al=0.44> <DB=  707.0116> <Mlp=  771.0000> <PB=771> 
<DWph=2> <it= 58> <et=0.47> <Mt= 0.00> <Spt= 0.00> <nCl= 13> <al=0.34> <DB=  669.7791> <Mlp=  771.0000> <PB=771> 
<DWph=2> <it= 59> <et=0.47> <Mt= 0.00> <Spt= 0.00> <nCl= 15> <al=0.40> <DB=  672.4151> <Mlp=  771.0000> <PB=771> 
<DWph=2> <it= 60> <et=0.47> <Mt= 0.00> <Spt= 0.00> <nCl= 15> <al=0.30> <DB=  634.4137> <Mlp=  771.0000> <PB=771> 
<DWph=2> <it= 61> <et=0.47> <Mt= 0.00> <Spt= 0.00> <nCl= 11> <al=0.37> <DB=  645.9812> <Mlp=  771.0000> <PB=771> 
<DWph=2> <it= 62> <et=0.47> <Mt= 0.00> <Spt= 0.00> <nCl= 14> <al=0.27> <DB=  719.3987> <Mlp=  771.0000> <PB=771> 
<DWph=2> <it= 63> <et=0.47> <Mt= 0.00> <Spt= 0.00> <nCl= 15> <al=0.17> <DB=  665.8248> <Mlp=  771.0000> <PB=771> 
<DWph=2> <it= 64> <et=0.47> <Mt= 0.00> <Spt= 0.01> <nCl= 15> <al=0.26> <DB=  752.9166> <Mlp=  771.0000> <PB=771> 
<DWph=2> <it= 65> <et=0.47> <Mt= 0.00> <Spt= 0.00> <nCl= 15> <al=0.16> <DB=  638.9476> <Mlp=  771.0000> <PB=771> 
<DWph=2> <it= 66> <et=0.47> <Mt= 0.00> <Spt= 0.00> <nCl= 11> <al=0.06> <DB=  723.8386> <Mlp=  771.0000> <PB=771> 
<DWph=2> <it= 67> <et=0.47> <Mt= 0.00> <Spt= 0.00> <nCl= 14> <al=0.15> <DB=  701.8585> <Mlp=  771.0000> <PB=771> 
<DWph=2> <it= 68> <et=0.47> <Mt= 0.00> <Spt= 0.00> <nCl= 10> <al=0.24> <DB=  771.8825> <Mlp=  771.0000> <PB=771> 
<DWph=1> <it= 69> <et=0.48> <Mt= 0.00> <Spt= 0.00> <nCl= 15> <al=0.31> <DB=  637.3898> <Mlp=  771.0000> <PB=771> 
<DWph=1> <it= 70> <et=0.48> <Mt= 0.00> <Spt= 0.00> <nCl= 15> <al=0.21> <DB=  694.8521> <Mlp=  771.0000> <PB=771> 
<DWph=1> <it= 71> <et=0.48> <Mt= 0.00> <Spt= 0.00> <nCl= 15> <al=0.29> <DB=  663.8862> <Mlp=  771.0000> <PB=771> 
<DWph=1> <it= 72> <et=0.48> <Mt= 0.00> <Spt= 0.00> <nCl= 15> <al=0.36> <DB=  597.1524> <Mlp=  771.0000> <PB=771> 
<DWph=1> <it= 73> <et=0.48> <Mt= 0.00> <Spt= 0.00> <nCl= 15> <al=0.43> <DB=  727.3180> <Mlp=  771.0000> <PB=771> 
<DWph=1> <it= 74> <et=0.48> <Mt= 0.00> <Spt= 0.00> <nCl= 15> <al=0.33> <DB=  691.8938> <Mlp=  771.0000> <PB=771> 
<DWph=1> <it= 75> <et=0.48> <Mt= 0.00> <Spt= 0.00> <nCl= 15> <al=0.23> <DB=  691.0901> <Mlp=  771.0000> <PB=771> 
<DWph=1> <it= 76> <et=0.48> <Mt= 0.00> <Spt= 0.00> <nCl= 15> <al=0.30> <DB=  745.3959> <Mlp=  771.0000> <PB=771> 
<DWph=1> <it= 77> <et=0.48> <Mt= 0.00> <Spt= 0.00> <nCl=  7> <al=0.37> <DB=  715.4604> <Mlp=  771.0000> <PB=771> 
<DWph=1> <it= 78> <et=0.49> <Mt= 0.00> <Spt= 0.01> <nCl=  9> <al=0.27> <DB=  725.0702> <Mlp=  771.0000> <PB=771> 
<DWph=1> <it= 79> <et=0.49> <Mt= 0.00> <Spt= 0.00> <nCl= 10> <al=0.35> <DB=  760.8774> <Mlp=  771.0000> <PB=771> 
<DWph=1> <it= 80> <et=0.49> <Mt= 0.00> <Spt= 0.00> <nCl=  4> <al=0.41> <DB=  761.0268> <Mlp=  771.0000> <PB=771> 
<DWph=1> <it= 81> <et=0.49> <Mt= 0.00> <Spt= 0.00> <nCl=  3> <al=0.31> <DB=  746.9497> <Mlp=  771.0000> <PB=771> 
<DWph=1> <it= 82> <et=0.49> <Mt= 0.01> <Spt= 0.00> <nCl=  9> <al=0.00> <DB=  770.2857> <Mlp=  771.0000> <PB=771> 
<DWph=1> <it= 83> <et=0.49> <Mt= 0.00> <Spt= 0.00> <nCl=  4> <al=0.00> <DB=  771.0000> <Mlp=  771.0000> <PB=771> 
    RCSP exact solver info for graph G_0 : TT = 0.00152, pt = 3e-06, dt = 0.001046, ct = 0.000134, ndl = 714', bdl = 4315', odl = 1566', odf = 11441', bsi = 980', cnt = 6760', bdch = 45309', odch = 22785', lcp = 9958', #sols = 150
<DWph=0> <it= 84> <et=0.50> <Mt= 0.00> <Spt= 0.00> <nCl=150> <al=0.18> <DB=  591.0000> <Mlp=  771.0000> <PB=771> 
Shrinking heuristic shrunk 14 edges
    RCSP exact solver info for graph G_0 : TT = 0.001573, pt = 1.2e-05, dt = 0.001144, ct = 0.000168, ndl = 966', bdl = 5985', odl = 1887', odf = 13082', bsi = 992', cnt = 8361', bdch = 80470', odch = 36982', lcp = 17751', #sols = 150
<DWph=0> <it= 85> <et=0.50> <Mt= 0.00> <Spt= 0.01> <nCl=150> <al=0.18> <DB=  492.0561> <Mlp=  759.0000> <PB=759> 
    RCSP exact solver info for graph G_0 : TT = 0.001091, pt = 1e-05, dt = 0.000719, ct = 0.000111, ndl = 621', bdl = 3756', odl = 1714', odf = 11381', bsi = 958', cnt = 3723', bdch = 42320', odch = 21409', lcp = 10563', #sols = 150
<DWph=0> <it= 86> <et=0.50> <Mt= 0.00> <Spt= 0.00> <nCl= 94> <al=0.26> <DB=  714.9861> <Mlp=  759.0000> <PB=759> 
    RCSP exact solver info for graph G_0 : TT = 0.001165, pt = 1.1e-05, dt = 0.0008, ct = 0.000102, ndl = 610', bdl = 3531', odl = 1751', odf = 11179', bsi = 862', cnt = 3175', bdch = 42571', odch = 20226', lcp = 11576', #sols = 150
<DWph=0> <it= 87> <et=0.51> <Mt= 0.00> <Spt= 0.00> <nCl=150> <al=0.16> <DB=  706.7846> <Mlp=  759.0000> <PB=759> 
    RCSP exact solver info for graph G_0 : TT = 0.001217, pt = 5.6e-05, dt = 0.000804, ct = 0.000119, ndl = 691', bdl = 4235', odl = 1649', odf = 10745', bsi = 1015', cnt = 4686', bdch = 46806', odch = 21894', lcp = 11372', #sols = 150
<DWph=0> <it= 88> <et=0.51> <Mt= 0.00> <Spt= 0.01> <nCl= 78> <al=0.25> <DB=  748.1819> <Mlp=  759.0000> <PB=759> 
    RCSP exact solver info for graph G_0 : TT = 0.001533, pt = 4.3e-05, dt = 0.001092, ct = 0.000165, ndl = 860', bdl = 5137', odl = 1664', odf = 11277', bsi = 1137', cnt = 8299', bdch = 60761', odch = 27085', lcp = 14298', #sols = 150
<DWph=0> <it= 89> <et=0.52> <Mt= 0.00> <Spt= 0.00> <nCl=150> <al=0.15> <DB=  745.6411> <Mlp=  759.0000> <PB=759> 
    RCSP exact solver info for graph G_0 : TT = 0.001787, pt = 2.2e-05, dt = 0.00121, ct = 0.000189, ndl = 894', bdl = 5515', odl = 1664', odf = 11542', bsi = 1176', cnt = 9621', bdch = 65086', odch = 27968', lcp = 14815', #sols = 150
<DWph=0> <it= 90> <et=0.52> <Mt= 0.00> <Spt= 0.00> <nCl= 51> <al=0.23> <DB=  756.4987> <Mlp=  759.0000> <PB=759> 
    RCSP exact solver info for graph G_0 : TT = 0.001842, pt = 1.1e-05, dt = 0.001311, ct = 0.000226, ndl = 1167', bdl = 6497', odl = 1642', odf = 13211', bsi = 1293', cnt = 19891', bdch = 84742', odch = 37208', lcp = 19116', #sols = 150
<DWph=0> <it= 91> <et=0.52> <Mt= 0.00> <Spt= 0.01> <nCl= 93> <al=0.13> <DB=  758.6497> <Mlp=  759.0000> <PB=759> 
RCSP solver dynamic params and stats :  bidir.bord. = 375 aver.obdmd = 23.3529 aver.buck.num. = 26
@@ 1 0 758.65 0.0011675 0.001537 92.0758 0.52
ColGenEvalAlg final dual bound: 758.65 (rounded: 759)
New model incumbent solution 759, TIME = 0h0m0s53t = 53
************************************************************************************************
Search is finished, global bounds : [ 759 , 759 ], TIME = 0h0m0s53t = 53
************************************************************************************************
[32mBaPCod : solution defined.[00m
statistics_cols: instance & :Optimal & cutoff & :bcRecRootDb & :bcTimeRootEval & :bcCountNodeProc & :bcRecBestDb & :bcRecBestInc & :bcTimeMain \\
statistics: instance_2-triangle & 1 & 1.0e6 & 759.00 & 0.53 & 1 & 759.00 & 759 & 0.53 \\
########################################################
Route #1: 9 10 12 4 15 6 11 8 2 1 3 5 7 14 13 
Cost 759
########################################################

end_time=2026-04-22 10:49:01
exit_code=0
