instance_file=/mnt/c/Users/porin/OneDrive/Documentos/Python-Mestrado/Modelagem Matemática/Programação Inteira - Uchoa/Problema VRPRDL/instancias_turco/VRPRDL-triangle/cvrp_padrao_convertidos/instance_22-triangle.vrp
instance_name=instance_22-triangle
n_customers=60
k_lb=5
k_ub=60
ub=1000000
timeout_s=3600
start_time=2026-04-22 10:49:38

  Activating project at `~/VRPSolver/VRPSolverDemos`
Application parameters:
  batch  =>  nothing
  instance  =>  "/mnt/c/Users/porin/OneDrive/Documentos/Python-Mestrado/Modelagem Matemática/Programação Inteira - Uchoa/Problema VRPRDL/instancias_turco/VRPRDL-triangle/cvrp_padrao_convertidos/instance_22-triangle.vrp"
  noround  =>  false
  cfg  =>  "/home/poringman/VRPSolver/VRPSolverDemos/src/../config/CVRP.cfg"
  edge_cuts  =>  false
  out  =>  nothing
  ub  =>  1.0e6
  cluster_branching  =>  1.0
  sol  =>  nothing
  single_resource  =>  false
  strong_kpath_cuts  =>  false
  tikz  =>  nothing
  maxr  =>  60
  update  =>  false
  show_complete_form  =>  false
  nosolve  =>  false
  minr  =>  5
  low_edge_priority  =>  false
~~~~~~~~~~~~~~~~~~~~~~~~~~~~~~~~~~~~~~~~~~~~~~~~~~~~~~~~~~~~~~~~~~~~~~~~~~~~~~~~~~~~~
GIT VERSION RCSP: 
GIT BRANCH: 
~~~~~~~~~~~~~~~~~~~~~~~~~~~~~~~~~~~~~~~~~~~~~~~~~~~~~~~~~~~~~~~~~~~~~~~~~~~~~~~~~~~~~
VRPSolver v0.6.16, 10/11/2025, © Inria Bordeaux, France, vrpsolver.math.u-bordeaux.fr
      Corresponds to the solver by Pessoa, Sadykov, Uchoa and Vanderbeck (2020)
                 Paper: dx.doi.org/10.1007/s10107-020-01523-z
~~~~~~~~~~~~~~~~~~~~~~~~~~~~~~~~~~~~~~~~~~~~~~~~~~~~~~~~~~~~~~~~~~~~~~~~~~~~~~~~~~~~~
GIT VERSION BAPCOD: a7cb21f19424236c9d0da5dcf94961797a519470
GIT BRANCH: main
~~~~~~~~~~~~~~~~~~~~~~~~~~~~~~~~~~~~~~~~~~~~~~~~~~~~~~~~~~~~~~~~~~~~~~~~~~~~~~~~~~~~~
   BaPCod v0.84, 10/11/2025, © Inria Bordeaux, France, bapcod.math.u-bordeaux.fr 
           THIS CODE IS PROVIDED AS IS, USE IT AT YOUR OWN RISK
~~~~~~~~~~~~~~~~~~~~~~~~~~~~~~~~~~~~~~~~~~~~~~~~~~~~~~~~~~~~~~~~~~~~~~~~~~~~~~~~~~~~~
--- MAIN PARAMETERS ---
GlobalTimeLimitInTick = 2147483645
GlobalTimeLimit = 21474836
ClockType = 0
MaxNbOfBBtreeNodeTreated = 100000
optimalityGapTolerance = 1e-06
relOptimalityGapTolerance = 1e-09
ApplyPreprocessing = false
PreprocessVariablesLocalBounds = false
treeSearchStrategy = 1
OpenNodesLimit = 1000
DEFAULTPRINTLEVEL = 0
--- MIP SOLVER PARAMETERS ---
solverName = CPLEX_SOLVER
MipSolverMaxBBNodes = 2000000
MipSolverMaxTime = 360000
MipSolverMultiThread = 1
--- COLUMN GENERATION PARAMETERS ---
SolverSelectForMast = a
  colGenSubProbSolMode = customSolver
mastInitMode = localArtCol
ArtVarPenaltyUpdateFactor = 2
ArtVarMaxNbOfPenaltyUpdates = 5
MaxNbOfStagesInColGenProcedure = 3
GenerateProperColumns = false
InsertAllGeneratedColumnsInFormRatherThanInPool = true
InsertNewNonNegColumnsDirectlyInFormRatherThanInPool = true
ColumnCleanupThreshold = 10000
ColumnCleanupRatio = 0.66
ReducedCostFixingThreshold = 0.9
--- CUT GENERATION PARAMETERS ---
MasterCuttingPlanesDepthLimit = 1000
MaxNbOfCutGeneratedAtEachIter = 1000
CutTailingOffThreshold = 0.015
CutTailingOffCounterThreshold = 3
CutCleanupThreshold = 1
CutCleanupRatio = 0.66
ColGenSpRelaxationImprovementPriority = 0
--- STABILIZATION PARAMETERS ---
colGenDualPriceSmoothingAlphaFactor = 1
colGenDualPriceSmoothingBetaFactor = 0
colGenStabilizationFunctionType = none
colGenProximalStabilizationRule = undefined
StabilFuncKappa = 1
colGenStabilizationMaxTreeDepth = 10000
StabilizationMinPhaseOfStage = 0
--- PRIMAL HEURISTIC PARAMETERS ---
UseInitialPrimalHeur = false
MaxTimeForRestrictedMasterIpHeur = -1
CallFrequencyOfRestrictedMasterIpHeur = 5
MIPemphasisInRestrictedMasterIpHeur = 1
PolishingAfterTimeInRestrictedMasterIpHeur = -1
DivingHeurUseDepthLimit = -1
CallFrequencyOfDivingHeur = 1
LeastFractional
Closest2RoundUp
LeastGreedyCost
LeastCost
FixIntValBeforeRoundingHeur = true
MaxNbOfCgIteDuringRh = 5000
MaxLDSbreadth = 0
MaxLDSdepth = 0
DivingHeurStopsWithFirstFeasSol = false
DivingHeurPreprocessBeforeChoosingVar = false
StrongDivingCandidatesNumber = 1
EvalAlgParamsInDiving = max#cand. = 1 max#cg.iters = 10000 min.lvl.sp.restr. = 1 min#cut.rounds = 0 max#cut.rounds = 0 red.cost.fix&enum. = false tree.size.ratio = 1
LocalSearchHeurUseDepthLimit = -1
LeastFractional
Closest2RoundUp
LeastGreedyCost
LeastCost
MaxFactorOfColFixedByLocalSearchHeur = 0.8
MaxLocalSearchIterationCounter = 3
--- STRONG BRANCHING PARAMETERS ---
SimplifiedStrongBranchingParameterisation = true
StrongBranchingPhaseOneCandidatesNumber = 100
StrongBranchingPhaseOneTreeSizeEstimRatio = 0.2
StrongBranchingPhaseTwoCandidatesNumber = 3
StrongBranchingPhaseTwoTreeSizeEstimRatio = 0.02
SafeDualBoundScaleFactor = -1
StrongBranchingPhaseOne = max#cand. = 100 max#cg.iters = 0 min.lvl.sp.restr. = 0 min#cut.rounds = 0 max#cut.rounds = 0 red.cost.fix&enum. = false tree.size.ratio = 0.2
StrongBranchingPhaseTwo = max#cand. = 3 max#cg.iters = 10000 min.lvl.sp.restr. = 1 min#cut.rounds = 0 max#cut.rounds = 0 red.cost.fix&enum. = false tree.size.ratio = 0.02
StrongBranchingPhaseThree = max#cand. = 1 max#cg.iters = 10000 min.lvl.sp.restr. = 0 min#cut.rounds = 0 max#cut.rounds = 10000 red.cost.fix&enum. = true tree.size.ratio = 1
StrongBranchingPhaseFour =not active
--- DEBUG OUTPUT PARAMETERS ---
printMasterPrimalSols = 0
--- VRPSOLVER PARAMETERS ---
RCSPstopCutGenTimeThresholdInPricing = 10
RCSPhardTimeThresholdInPricing = 25
RCSPredCostFixingTimeThreshold = 100
RCSPnumberOfBucketsPerVertex = 25
RCSPdynamicBucketSteps = 1
RCSPuseBidirectionalSearch = 2
RCSPapplyReducedCostFixing = 1
RCSPmaxNumOfColsPerIteration = 30
RCSPmaxNumOfColsPerExactIteration = 150
RCSPmaxNumOfLabelsInEnumeration = 500000
RCSPmaxNumOfLabelsInHeurEnumeration = 0
RCSPmaxNumOfEnumeratedSolutions = 5000000
RCSPmaxNumOfEnumSolutionsForMIP = 10000
RCSPmaxNumOfEnumSolsForEndOfNodeMIP = 10000
RCSPinitNGneighbourhoodSize = 8
RCSPmaxNGneighbourhoodSize = 8
RCSPrankOneCutsMaxNumRows = 5
RCSPrankOneCutsMaxNumPerRound = 100
RCSPrankOneCutsMemoryType = 0
RCSPrankOneCutsLSnumIterations = 1000
RCSPallowRoutesWithSameVerticesSet = true
RCSPredCostFixingFalseGap = 0
SafeDualBoundScaleFactor = -1
RCSPmaxNumOfLabelsInHeurEnumeration = 0
MaxNumEnumSolsInRestrictedMasterIpHeur = 5000

prName & bcTimeMain \\ 
New model incumbent solution 1e+06, TIME = 0h0m0s41t = 41
RCSP solver info : size of non-robust cut bitmask in a label is 640 bits
Bucket steps were recalculated for graph G_0 : [30]
RCSP solver info : symmetric case is detected for graph G_0! 
Bidirectional border value is initialised to 375
RCSP solver info : number of forw. reachable buckets / buck. strongly connected components is 1571( 97.4566% ) / 1196( 76.1299% )
RCSP solver info: std. label size is 56, ext. label size is 136
Generating neighbourhoods for rank-1 cuts separation
Building structures for 4- and 5-row rank-1 packing cut separation...done!
Model is built TIME = 0h0m0s42t = 42
************************************************************************************************
**** BaB tree root node
**** Local DB = -1e+12, global bounds : [ -1e+12 , 1e+06 ], TIME = 0h0m0s42t = 42
**** 1 open nodes, 0 columns (0 active), 0 dyn. constrs. (0 active), 122 art. vars. (122 active)
************************************************************************************************
--------------------------------------------------------------------------
BaPCod info : first we run the root node with rank-1 cuts with node memory
--------------------------------------------------------------------------
#<DWph=2> <it=  1> <et=0.43> <Mt= 0.00> <Spt= 0.00> <nCl= 30> <al=0.00> <DB=-5183860260.0000> <Mlp=150000000.0000> <PB=1000000> 
#<DWph=2> <it=  2> <et=0.43> <Mt= 0.00> <Spt= 0.00> <nCl= 30> <al=0.55> <DB=-3906266542.9000> <Mlp=141200482.4444> <PB=1000000> 
#<DWph=2> <it=  3> <et=0.43> <Mt= 0.00> <Spt= 0.00> <nCl= 30> <al=0.45> <DB=-3411990856.2193> <Mlp=134828967.4286> <PB=1000000> 
#<DWph=2> <it=  4> <et=0.43> <Mt= 0.00> <Spt= 0.01> <nCl= 30> <al=0.51> <DB=-3321410832.0908> <Mlp=131310487.5575> <PB=1000000> 
#<DWph=2> <it=  5> <et=0.44> <Mt= 0.00> <Spt= 0.00> <nCl= 30> <al=0.55> <DB=-2639893001.1724> <Mlp=125981575.6388> <PB=1000000> 
#<DWph=2> <it=  6> <et=0.44> <Mt= 0.00> <Spt= 0.00> <nCl= 30> <al=0.60> <DB=-2289416045.9428> <Mlp=121641202.7762> <PB=1000000> 
#<DWph=2> <it=  7> <et=0.44> <Mt= 0.00> <Spt= 0.01> <nCl= 30> <al=0.50> <DB=-2239416675.8288> <Mlp=115836339.3905> <PB=1000000> 
#<DWph=2> <it=  8> <et=0.45> <Mt= 0.00> <Spt= 0.00> <nCl= 30> <al=0.55> <DB=-2271953044.5318> <Mlp=101877976.7144> <PB=1000000> 
#<DWph=2> <it=  9> <et=0.45> <Mt= 0.00> <Spt= 0.00> <nCl= 30> <al=0.59> <DB=-1844748393.7711> <Mlp=90549671.4059> <PB=1000000> 
#<DWph=2> <it= 10> <et=0.46> <Mt= 0.00> <Spt= 0.01> <nCl= 30> <al=0.63> <DB=-1889099030.9048> <Mlp=86460259.7021> <PB=1000000> 
#<DWph=2> <it= 11> <et=0.46> <Mt= 0.00> <Spt= 0.00> <nCl= 30> <al=0.67> <DB=-1778122112.0139> <Mlp=81167399.3075> <PB=1000000> 
#<DWph=2> <it= 12> <et=0.46> <Mt= 0.00> <Spt= 0.00> <nCl= 30> <al=0.70> <DB=-1879928126.7131> <Mlp=69633201.5357> <PB=1000000> 
#<DWph=2> <it= 13> <et=0.47> <Mt= 0.00> <Spt= 0.00> <nCl= 30> <al=0.73> <DB=-1808912140.2473> <Mlp=64850096.8131> <PB=1000000> 
#<DWph=2> <it= 14> <et=0.47> <Mt= 0.00> <Spt= 0.01> <nCl= 30> <al=0.76> <DB=-1750158274.2944> <Mlp=57082257.5549> <PB=1000000> 
#<DWph=2> <it= 15> <et=0.47> <Mt= 0.00> <Spt= 0.00> <nCl= 30> <al=0.78> <DB=-1717947613.6814> <Mlp=42714231.9078> <PB=1000000> 
#<DWph=2> <it= 16> <et=0.48> <Mt= 0.00> <Spt= 0.00> <nCl= 30> <al=0.68> <DB=-1745311024.4760> <Mlp=33019445.9540> <PB=1000000> 
#<DWph=2> <it= 17> <et=0.48> <Mt= 0.00> <Spt= 0.01> <nCl= 30> <al=0.72> <DB=-1744323401.0020> <Mlp=27267477.6570> <PB=1000000> 
#<DWph=2> <it= 18> <et=0.48> <Mt= 0.00> <Spt= 0.00> <nCl= 30> <al=0.74> <DB=-1571716501.4246> <Mlp=24378661.7251> <PB=1000000> 
#<DWph=2> <it= 19> <et=0.49> <Mt= 0.00> <Spt= 0.00> <nCl= 30> <al=0.64> <DB=-1495689060.7494> <Mlp=20998874.1211> <PB=1000000> 
#<DWph=2> <it= 20> <et=0.49> <Mt= 0.00> <Spt= 0.00> <nCl= 30> <al=0.68> <DB=-1525395863.3432> <Mlp=17765210.2218> <PB=1000000> 
#<DWph=2> <it= 21> <et=0.49> <Mt= 0.01> <Spt= 0.00> <nCl= 30> <al=0.71> <DB=-1476706169.8100> <Mlp=16368043.6095> <PB=1000000> 
#<DWph=2> <it= 22> <et=0.50> <Mt= 0.00> <Spt= 0.01> <nCl= 30> <al=0.74> <DB=-1441359028.7547> <Mlp=13010189.6795> <PB=1000000> 
#<DWph=2> <it= 23> <et=0.50> <Mt= 0.00> <Spt= 0.00> <nCl= 30> <al=0.77> <DB=-1411418069.3220> <Mlp=9109221.3931> <PB=1000000> 
#<DWph=2> <it= 24> <et=0.50> <Mt= 0.00> <Spt= 0.00> <nCl= 30> <al=0.79> <DB=-1272596935.0219> <Mlp=6152824.7635> <PB=1000000> 
#<DWph=2> <it= 25> <et=0.51> <Mt= 0.00> <Spt= 0.00> <nCl= 30> <al=0.81> <DB=-1238279440.0159> <Mlp=3019250.6188> <PB=1000000> 
#<DWph=2> <it= 26> <et=0.51> <Mt= 0.00> <Spt= 0.01> <nCl= 30> <al=0.83> <DB=-1005077084.9302> <Mlp=1665517.7250> <PB=1000000> 
#<DWph=2> <it= 27> <et=0.52> <Mt= 0.00> <Spt= 0.00> <nCl= 30> <al=0.73> <DB=-715731952.3543> <Mlp=1057738.3256> <PB=1000000> 
#<DWph=2> <it= 28> <et=0.52> <Mt= 0.00> <Spt= 0.00> <nCl= 30> <al=0.63> <DB=-430586284.4670> <Mlp=1042345.7056> <PB=1000000> 
#<DWph=2> <it= 29> <et=0.52> <Mt= 0.00> <Spt= 0.00> <nCl= 30> <al=0.53> <DB=-195087531.2832> <Mlp=1042051.4004> <PB=1000000> 
#<DWph=2> <it= 30> <et=0.53> <Mt= 0.01> <Spt= 0.01> <nCl= 30> <al=0.43> <DB=-51690423.9836> <Mlp=1032024.3067> <PB=1000000> 
#<DWph=2> <it= 31> <et=0.53> <Mt= 0.00> <Spt= 0.00> <nCl= 30> <al=0.33> <DB=-4357460.8572> <Mlp=1009322.7982> <PB=1000000> 
<DWph=2> <it= 32> <et=0.54> <Mt= 0.00> <Spt= 0.00> <nCl= 30> <al=0.00> <DB=-125326.3050> <Mlp= 4871.6471> <PB=1000000> 
<DWph=2> <it= 33> <et=0.54> <Mt= 0.00> <Spt= 0.01> <nCl= 30> <al=0.30> <DB=-160001.6943> <Mlp= 4657.5929> <PB=1000000> 
<DWph=2> <it= 34> <et=0.54> <Mt= 0.00> <Spt= 0.00> <nCl= 30> <al=0.37> <DB=-93583.2623> <Mlp= 4495.5365> <PB=1000000> 
<DWph=2> <it= 35> <et=0.55> <Mt= 0.00> <Spt= 0.00> <nCl= 30> <al=0.27> <DB=-99487.0881> <Mlp= 4249.0092> <PB=1000000> 
<DWph=2> <it= 36> <et=0.55> <Mt= 0.00> <Spt= 0.01> <nCl= 30> <al=0.34> <DB=-90505.1805> <Mlp= 4105.1404> <PB=1000000> 
<DWph=2> <it= 37> <et=0.56> <Mt= 0.00> <Spt= 0.00> <nCl= 30> <al=0.41> <DB=-89070.2017> <Mlp= 4040.5936> <PB=1000000> 
<DWph=2> <it= 38> <et=0.56> <Mt= 0.01> <Spt= 0.00> <nCl= 30> <al=0.47> <DB=-102520.8281> <Mlp= 3885.6975> <PB=1000000> 
<DWph=2> <it= 39> <et=0.56> <Mt= 0.00> <Spt= 0.00> <nCl= 30> <al=0.52> <DB=-70513.2089> <Mlp= 3783.8932> <PB=1000000> 
<DWph=2> <it= 40> <et=0.57> <Mt= 0.00> <Spt= 0.01> <nCl= 30> <al=0.42> <DB=-65908.8643> <Mlp= 3623.4963> <PB=1000000> 
<DWph=2> <it= 41> <et=0.57> <Mt= 0.00> <Spt= 0.00> <nCl= 30> <al=0.48> <DB=-60449.0508> <Mlp= 3435.6546> <PB=1000000> 
<DWph=2> <it= 42> <et=0.58> <Mt= 0.00> <Spt= 0.00> <nCl= 30> <al=0.53> <DB=-61331.7395> <Mlp= 3381.6028> <PB=1000000> 
<DWph=2> <it= 43> <et=0.58> <Mt= 0.00> <Spt= 0.01> <nCl= 30> <al=0.58> <DB=-46547.5529> <Mlp= 3269.4606> <PB=1000000> 
<DWph=2> <it= 44> <et=0.58> <Mt= 0.00> <Spt= 0.00> <nCl= 30> <al=0.62> <DB=-38935.3966> <Mlp= 3193.2545> <PB=1000000> 
<DWph=2> <it= 45> <et=0.59> <Mt= 0.00> <Spt= 0.00> <nCl= 30> <al=0.52> <DB=-33360.2376> <Mlp= 3078.7953> <PB=1000000> 
<DWph=2> <it= 46> <et=0.59> <Mt= 0.00> <Spt= 0.00> <nCl= 30> <al=0.57> <DB=-25980.7452> <Mlp= 2997.5116> <PB=1000000> 
<DWph=2> <it= 47> <et=0.60> <Mt= 0.01> <Spt= 0.01> <nCl= 30> <al=0.61> <DB=-25069.1103> <Mlp= 2795.8548> <PB=1000000> 
<DWph=2> <it= 48> <et=0.60> <Mt= 0.00> <Spt= 0.00> <nCl= 30> <al=0.65> <DB=-22660.1854> <Mlp= 2720.7911> <PB=1000000> 
<DWph=2> <it= 49> <et=0.61> <Mt= 0.00> <Spt= 0.00> <nCl= 30> <al=0.68> <DB=-19004.4488> <Mlp= 2622.5518> <PB=1000000> 
<DWph=2> <it= 50> <et=0.61> <Mt= 0.00> <Spt= 0.01> <nCl= 30> <al=0.72> <DB=-17227.3109> <Mlp= 2582.7940> <PB=1000000> 
<DWph=2> <it= 51> <et=0.62> <Mt= 0.00> <Spt= 0.00> <nCl= 30> <al=0.74> <DB=-18184.8612> <Mlp= 2504.4409> <PB=1000000> 
<DWph=2> <it= 52> <et=0.62> <Mt= 0.00> <Spt= 0.00> <nCl= 30> <al=0.77> <DB=-16704.2863> <Mlp= 2455.5076> <PB=1000000> 
<DWph=2> <it= 53> <et=0.63> <Mt= 0.00> <Spt= 0.01> <nCl= 30> <al=0.79> <DB=-13255.8707> <Mlp= 2346.4391> <PB=1000000> 
<DWph=2> <it= 54> <et=0.63> <Mt= 0.01> <Spt= 0.00> <nCl= 30> <al=0.69> <DB=-11480.5879> <Mlp= 2274.5270> <PB=1000000> 
<DWph=2> <it= 55> <et=0.64> <Mt= 0.00> <Spt= 0.00> <nCl= 30> <al=0.72> <DB=-10655.4841> <Mlp= 2197.5673> <PB=1000000> 
<DWph=2> <it= 56> <et=0.64> <Mt= 0.00> <Spt= 0.00> <nCl= 30> <al=0.75> <DB=-10328.2814> <Mlp= 2153.7304> <PB=1000000> 
<DWph=2> <it= 57> <et=0.65> <Mt= 0.00> <Spt= 0.01> <nCl= 30> <al=0.78> <DB=-10215.6956> <Mlp= 2114.6212> <PB=1000000> 
<DWph=2> <it= 58> <et=0.65> <Mt= 0.00> <Spt= 0.00> <nCl= 30> <al=0.80> <DB=-7560.2761> <Mlp= 2073.5629> <PB=1000000> 
<DWph=2> <it= 59> <et=0.65> <Mt= 0.00> <Spt= 0.00> <nCl= 30> <al=0.70> <DB=-6889.2782> <Mlp= 2044.9661> <PB=1000000> 
<DWph=2> <it= 60> <et=0.66> <Mt= 0.01> <Spt= 0.01> <nCl= 30> <al=0.73> <DB=-6232.7743> <Mlp= 2004.0893> <PB=1000000> 
<DWph=2> <it= 61> <et=0.67> <Mt= 0.00> <Spt= 0.00> <nCl= 30> <al=0.63> <DB=-5080.1953> <Mlp= 1986.6957> <PB=1000000> 
<DWph=2> <it= 62> <et=0.67> <Mt= 0.00> <Spt= 0.00> <nCl= 30> <al=0.67> <DB=-3947.8798> <Mlp= 1978.7791> <PB=1000000> 
<DWph=2> <it= 63> <et=0.68> <Mt= 0.00> <Spt= 0.01> <nCl= 30> <al=0.70> <DB=-3546.3722> <Mlp= 1956.9736> <PB=1000000> 
<DWph=2> <it= 64> <et=0.68> <Mt= 0.00> <Spt= 0.00> <nCl= 30> <al=0.73> <DB=-3161.5436> <Mlp= 1948.5036> <PB=1000000> 
<DWph=2> <it= 65> <et=0.68> <Mt= 0.00> <Spt= 0.00> <nCl= 30> <al=0.76> <DB=-1801.7955> <Mlp= 1948.2860> <PB=1000000> 
<DWph=2> <it= 66> <et=0.69> <Mt= 0.01> <Spt= 0.01> <nCl= 30> <al=0.66> <DB=-1748.6599> <Mlp= 1934.1595> <PB=1000000> 
<DWph=2> <it= 67> <et=0.69> <Mt= 0.00> <Spt= 0.00> <nCl= 30> <al=0.69> <DB=-1379.4678> <Mlp= 1928.1184> <PB=1000000> 
<DWph=2> <it= 68> <et=0.70> <Mt= 0.00> <Spt= 0.00> <nCl= 26> <al=0.72> <DB= -332.9539> <Mlp= 1910.8354> <PB=1000000> 
<DWph=2> <it= 69> <et=0.70> <Mt= 0.00> <Spt= 0.01> <nCl= 30> <al=0.62> <DB= -260.3053> <Mlp= 1902.9986> <PB=1000000> 
<DWph=2> <it= 70> <et=0.71> <Mt= 0.00> <Spt= 0.00> <nCl= 30> <al=0.66> <DB= -841.7422> <Mlp= 1880.6607> <PB=1000000> 
<DWph=2> <it= 71> <et=0.71> <Mt= 0.00> <Spt= 0.00> <nCl= 27> <al=0.69> <DB=  -64.6459> <Mlp= 1873.2282> <PB=1000000> 
<DWph=2> <it= 72> <et=0.72> <Mt= 0.01> <Spt= 0.01> <nCl= 30> <al=0.72> <DB=   83.9461> <Mlp= 1868.5895> <PB=1000000> 
<DWph=2> <it= 73> <et=0.72> <Mt= 0.00> <Spt= 0.00> <nCl= 29> <al=0.75> <DB=  602.6302> <Mlp= 1863.6501> <PB=1000000> 
<DWph=2> <it= 74> <et=0.73> <Mt= 0.00> <Spt= 0.00> <nCl= 30> <al=0.65> <DB=  697.4797> <Mlp= 1862.2693> <PB=1000000> 
<DWph=2> <it= 75> <et=0.74> <Mt= 0.00> <Spt= 0.01> <nCl= 30> <al=0.69> <DB=  962.9440> <Mlp= 1860.3870> <PB=1000000> 
<DWph=2> <it= 76> <et=0.74> <Mt= 0.00> <Spt= 0.00> <nCl= 30> <al=0.72> <DB=  976.4572> <Mlp= 1856.2602> <PB=1000000> 
<DWph=2> <it= 77> <et=0.75> <Mt= 0.01> <Spt= 0.00> <nCl= 28> <al=0.62> <DB= 1022.7120> <Mlp= 1853.3853> <PB=1000000> 
<DWph=2> <it= 78> <et=0.76> <Mt= 0.00> <Spt= 0.00> <nCl= 30> <al=0.66> <DB= 1055.5018> <Mlp= 1847.3525> <PB=1000000> 
<DWph=2> <it= 79> <et=0.77> <Mt= 0.01> <Spt= 0.01> <nCl= 30> <al=0.69> <DB=  775.5977> <Mlp= 1841.5362> <PB=1000000> 
<DWph=2> <it= 80> <et=0.77> <Mt= 0.00> <Spt= 0.00> <nCl= 23> <al=0.72> <DB=  801.1237> <Mlp= 1839.2500> <PB=1000000> 
<DWph=2> <it= 81> <et=0.78> <Mt= 0.01> <Spt= 0.01> <nCl= 26> <al=0.75> <DB= 1245.6126> <Mlp= 1836.5650> <PB=1000000> 
<DWph=2> <it= 82> <et=0.79> <Mt= 0.01> <Spt= 0.00> <nCl= 28> <al=0.77> <DB= 1447.5617> <Mlp= 1835.4715> <PB=1000000> 
<DWph=2> <it= 83> <et=0.80> <Mt= 0.00> <Spt= 0.00> <nCl= 29> <al=0.67> <DB= 1551.6062> <Mlp= 1834.9457> <PB=1000000> 
<DWph=2> <it= 84> <et=0.80> <Mt= 0.00> <Spt= 0.01> <nCl= 18> <al=0.71> <DB= 1656.6445> <Mlp= 1833.7696> <PB=1000000> 
<DWph=2> <it= 85> <et=0.81> <Mt= 0.00> <Spt= 0.00> <nCl= 25> <al=0.61> <DB= 1701.7878> <Mlp= 1833.7306> <PB=1000000> 
<DWph=2> <it= 86> <et=0.81> <Mt= 0.00> <Spt= 0.00> <nCl= 16> <al=0.65> <DB= 1759.2905> <Mlp= 1833.3529> <PB=1000000> 
<DWph=2> <it= 87> <et=0.82> <Mt= 0.00> <Spt= 0.00> <nCl= 20> <al=0.68> <DB= 1473.1033> <Mlp= 1833.3041> <PB=1000000> 
<DWph=2> <it= 88> <et=0.82> <Mt= 0.00> <Spt= 0.01> <nCl= 17> <al=0.71> <DB= 1599.7385> <Mlp= 1833.2850> <PB=1000000> 
<DWph=2> <it= 89> <et=0.82> <Mt= 0.00> <Spt= 0.00> <nCl= 19> <al=0.74> <DB= 1791.4081> <Mlp= 1833.0374> <PB=1000000> 
<DWph=2> <it= 90> <et=0.83> <Mt= 0.00> <Spt= 0.00> <nCl= 13> <al=0.77> <DB= 1649.4413> <Mlp= 1832.2353> <PB=1000000> 
<DWph=2> <it= 91> <et=0.83> <Mt= 0.00> <Spt= 0.01> <nCl= 16> <al=0.79> <DB= 1651.7078> <Mlp= 1832.1919> <PB=1000000> 
<DWph=2> <it= 92> <et=0.84> <Mt= 0.01> <Spt= 0.00> <nCl= 10> <al=0.81> <DB= 1478.4895> <Mlp= 1831.7034> <PB=1000000> 
<DWph=2> <it= 93> <et=0.84> <Mt= 0.00> <Spt= 0.00> <nCl=  5> <al=0.71> <DB= 1537.3198> <Mlp= 1831.7034> <PB=1000000> 
<DWph=2> <it= 94> <et=0.84> <Mt= 0.00> <Spt= 0.01> <nCl= 20> <al=0.61> <DB= 1357.5494> <Mlp= 1831.7034> <PB=1000000> 
<DWph=2> <it= 95> <et=0.85> <Mt= 0.00> <Spt= 0.00> <nCl=  7> <al=0.65> <DB= 1752.8859> <Mlp= 1831.3182> <PB=1000000> 
<DWph=2> <it= 96> <et=0.85> <Mt= 0.00> <Spt= 0.00> <nCl=  4> <al=0.69> <DB= 1809.0860> <Mlp= 1831.3182> <PB=1000000> 
<DWph=2> <it= 97> <et=0.86> <Mt= 0.00> <Spt= 0.01> <nCl= 19> <al=0.17> <DB= 1177.4024> <Mlp= 1831.2791> <PB=1000000> 
<DWph=2> <it= 98> <et=0.86> <Mt= 0.00> <Spt= 0.00> <nCl=  5> <al=0.49> <DB= 1779.3739> <Mlp= 1831.2791> <PB=1000000> 
<DWph=2> <it= 99> <et=0.86> <Mt= 0.00> <Spt= 0.00> <nCl=  5> <al=0.54> <DB= 1818.5803> <Mlp= 1831.2791> <PB=1000000> 
<DWph=2> <it=100> <et=0.87> <Mt= 0.00> <Spt= 0.01> <nCl=  8> <al=0.44> <DB= 1728.4958> <Mlp= 1831.2791> <PB=1000000> 
<DWph=2> <it=101> <et=0.87> <Mt= 0.00> <Spt= 0.00> <nCl= 23> <al=0.00> <DB= 1655.7330> <Mlp= 1831.2791> <PB=1000000> 
<DWph=2> <it=102> <et=0.88> <Mt= 0.00> <Spt= 0.00> <nCl=  7> <al=0.24> <DB= 1829.4357> <Mlp= 1831.2791> <PB=1000000> 
<DWph=2> <it=103> <et=0.88> <Mt= 0.00> <Spt= 0.01> <nCl= 16> <al=0.31> <DB= 1758.3530> <Mlp= 1831.2791> <PB=1000000> 
<DWph=2> <it=104> <et=0.88> <Mt= 0.00> <Spt= 0.00> <nCl= 10> <al=0.38> <DB= 1731.1384> <Mlp= 1830.9085> <PB=1000000> 
<DWph=2> <it=105> <et=0.89> <Mt= 0.01> <Spt= 0.00> <nCl=  9> <al=0.44> <DB= 1830.7141> <Mlp= 1830.4573> <PB=1000000> 
<DWph=1> <it=106> <et=0.90> <Mt= 0.00> <Spt= 0.01> <nCl= 30> <al=0.50> <DB= 1085.1060> <Mlp= 1830.4573> <PB=1000000> 
<DWph=1> <it=107> <et=0.91> <Mt= 0.00> <Spt= 0.01> <nCl= 20> <al=0.55> <DB= 1500.4503> <Mlp= 1827.7597> <PB=1000000> 
<DWph=1> <it=108> <et=0.92> <Mt= 0.00> <Spt= 0.01> <nCl= 21> <al=0.59> <DB= 1668.0166> <Mlp= 1827.4506> <PB=1000000> 
<DWph=1> <it=109> <et=0.93> <Mt= 0.00> <Spt= 0.01> <nCl= 10> <al=0.64> <DB= 1795.9840> <Mlp= 1827.4506> <PB=1000000> 
<DWph=1> <it=110> <et=0.94> <Mt= 0.00> <Spt= 0.01> <nCl=  4> <al=0.67> <DB= 1821.1725> <Mlp= 1827.4506> <PB=1000000> 
<DWph=1> <it=111> <et=0.95> <Mt= 0.00> <Spt= 0.01> <nCl= 23> <al=0.14> <DB= 1774.5544> <Mlp= 1827.4506> <PB=1000000> 
<DWph=1> <it=112> <et=0.96> <Mt= 0.00> <Spt= 0.01> <nCl=  8> <al=0.47> <DB= 1818.6274> <Mlp= 1827.4506> <PB=1000000> 
<DWph=1> <it=113> <et=0.97> <Mt= 0.00> <Spt= 0.01> <nCl=  4> <al=0.52> <DB= 1721.0571> <Mlp= 1827.4506> <PB=1000000> 
<DWph=1> <it=114> <et=0.98> <Mt= 0.00> <Spt= 0.01> <nCl=  2> <al=0.57> <DB= 1755.1914> <Mlp= 1827.4506> <PB=1000000> 
<DWph=1> <it=115> <et=1.00> <Mt= 0.00> <Spt= 0.01> <nCl=  9> <al=0.23> <DB= 1823.8515> <Mlp= 1827.4506> <PB=1000000> 
<DWph=1> <it=116> <et=1.02> <Mt= 0.00> <Spt= 0.02> <nCl=  8> <al=0.03> <DB= 1822.4719> <Mlp= 1827.4506> <PB=1000000> 
<DWph=1> <it=117> <et=1.03> <Mt= 0.00> <Spt= 0.02> <nCl= 16> <al=0.00> <DB= 1827.3419> <Mlp= 1827.4506> <PB=1000000> 
<DWph=1> <it=118> <et=1.05> <Mt= 0.00> <Spt= 0.01> <nCl=  5> <al=0.00> <DB= 1827.4489> <Mlp= 1827.4489> <PB=1000000> 
    RCSP exact solver info for graph G_0 : TT = 0.025112, pt = 1.4e-05, dt = 0.023626, ct = 0.001054, ndl = 7093', bdl = 306076', odl = 6814', odf = 49598', bsi = 1465', cnt = 44974', bdch = 3815483', odch = 224743', lcp = 155793', #sols = 150
<DWph=0> <it=119> <et=1.08> <Mt= 0.01> <Spt= 0.03> <nCl=150> <al=0.21> <DB= 1387.5625> <Mlp= 1827.4489> <PB=1000000> 
    RCSP exact solver info for graph G_0 : TT = 0.026733, pt = 4.1e-05, dt = 0.02522, ct = 0.001015, ndl = 7601', bdl = 322267', odl = 6885', odf = 52458', bsi = 1407', cnt = 49700', bdch = 4215250', odch = 250855', lcp = 168702', #sols = 150
<DWph=0> <it=120> <et=1.11> <Mt= 0.00> <Spt= 0.03> <nCl= 79> <al=0.11> <DB= 1775.7226> <Mlp= 1825.7917> <PB=1000000> 
    RCSP exact solver info for graph G_0 : TT = 0.027405, pt = 3.2e-05, dt = 0.025546, ct = 0.001333, ndl = 7577', bdl = 324023', odl = 6974', odf = 52702', bsi = 1381', cnt = 49175', bdch = 4267191', odch = 252757', lcp = 171307', #sols = 150
<DWph=0> <it=121> <et=1.14> <Mt= 0.00> <Spt= 0.03> <nCl= 39> <al=0.20> <DB= 1818.0535> <Mlp= 1825.1667> <PB=1000000> 
    RCSP exact solver info for graph G_0 : TT = 0.027783, pt = 2.8e-05, dt = 0.026076, ct = 0.001182, ndl = 7782', bdl = 331143', odl = 6992', odf = 53188', bsi = 1397', cnt = 55300', bdch = 4457162', odch = 263819', lcp = 178694', #sols = 150
    RCSP exact solver info for graph G_0 : TT = 0.025515, pt = 3e-05, dt = 0.023959, ct = 0.001081, ndl = 7337', bdl = 312431', odl = 6874', odf = 50296', bsi = 1413', cnt = 49763', bdch = 4019137', odch = 240174', lcp = 169003', #sols = 150
<DWph=0> <it=122> <et=1.20> <Mt= 0.00> <Spt= 0.06> <nCl= 18> <al=0.00> <DB= 1825.1667> <Mlp= 1825.1667> <PB=1000000> 
RCSP solver dynamic params and stats :  bidir.bord. = 375 aver.obdmd = 24.3548 aver.buck.num. = 26
@@ 1 0 1825.17 0.0260184 0.027258 91.6839 1.2
RCSP      solver labels distribution in 636 buckets (bucket size) : largest - 68, top 0.1% - 68, top 0.5% - 63, top 2% - 49, top 10% - 31, top 50% - 7
Reduced cost fixing for graph G_0...  TT = 0.069871, pt = 0.004669, dt = 0.064966, ct = 0, ndl = 19624', bdl = 663344', odl = 7584', odf = 103366', lpcb = 55361', cnt = 1884767', bdch = 9295470', odch = 870405', lcp = 344713'
84047 buck. arcs remain (98.9% from prev., 90.7% from max.) + 0 jump buck. arcs (0% from max.)
 TT = 0.109511, pt = 0.004669, dt = 0.064966, ct = 0.039543, ndl = 19624', bdl = 663344', odl = 7584', odf = 103366', lpcb = 55361', cnt = 2023851', bdch = 9295470', odch = 870405', lcp = 344713'
RCSP      solver labels distribution in 1257 buckets (bucket size) : largest - 68, top 0.1% - 68, top 0.5% - 65, top 2% - 55, top 10% - 41, top 50% - 10
Run forward enumeration with border = 375... not succeeded (ratio 0.982313) lpt = 0.014845, ndl = 20015', dl = 580', lpcb = 0', dch = 13564'
 TT = 0.022905, pt = 0.006093, dt = 0.014845, ct = 0, ndl = 20015', bdl = 580', cnt = 96810', bdch = 13564', odch = 0', lcp = 0'
Bucket graph for G_0 is regenerated as bucket steps were adjusted for 62 vertices
RCSP solver info : number of forw. reachable buckets / buck. strongly connected components is 3028( 95.7622% ) / 3028( 100% )
164312 forw. buck. arcs remain (91.9897% from max.) + 0 jump buck. arcs
ColGenEvalAlg final dual bound: 1825.17 (rounded: 1826)
In total 1 RCC cut(s) are found by the connected components heuristic 
Shrinking heuristic shrunk 36 edges
In total 20 RCC cut(s) are found by the Fractional capacity min-cut heuristic 
In total 42 RCC cut(s) are found by the greedy construction heuristic 
----- Add fac. cuts : CAP(63), max.viol = 0.666667, aver.viol = 0.318783, sep/add took 0.00358754/0.12059 sec. -----
3204 columns (3204 active), 63 dyn. constrs. (63 active), 185 art. vars. (185 active)
<DWph=2> <it=  1> <et=1.51> <Mt= 0.01> <Spt= 0.01> <nCl= 30> <al=0.50> <DB=  275.4758> <Mlp= 1845.1989> <PB=1000000> 
<DWph=2> <it=  2> <et=1.52> <Mt= 0.01> <Spt= 0.01> <nCl= 21> <al=0.55> <DB= 1821.9039> <Mlp= 1841.8426> <PB=1000000> 
<DWph=2> <it=  3> <et=1.53> <Mt= 0.00> <Spt= 0.00> <nCl= 22> <al=0.60> <DB= 1825.9730> <Mlp= 1840.8238> <PB=1000000> 
<DWph=2> <it=  4> <et=1.54> <Mt= 0.00> <Spt= 0.01> <nCl= 25> <al=0.64> <DB= 1659.6178> <Mlp= 1840.0599> <PB=1000000> 
<DWph=2> <it=  5> <et=1.56> <Mt= 0.01> <Spt= 0.01> <nCl=  9> <al=0.67> <DB= 1830.2545> <Mlp= 1839.2199> <PB=1000000> 
<DWph=2> <it=  6> <et=1.56> <Mt= 0.00> <Spt= 0.00> <nCl= 17> <al=0.57> <DB= 1799.1094> <Mlp= 1839.2199> <PB=1000000> 
<DWph=2> <it=  7> <et=1.57> <Mt= 0.00> <Spt= 0.01> <nCl= 13> <al=0.61> <DB= 1824.3169> <Mlp= 1837.8863> <PB=1000000> 
<DWph=2> <it=  8> <et=1.58> <Mt= 0.01> <Spt= 0.01> <nCl= 10> <al=0.65> <DB= 1814.6417> <Mlp= 1836.9113> <PB=1000000> 
<DWph=2> <it=  9> <et=1.59> <Mt= 0.00> <Spt= 0.00> <nCl=  8> <al=0.69> <DB= 1833.2581> <Mlp= 1836.6367> <PB=1000000> 
<DWph=2> <it= 10> <et=1.60> <Mt= 0.00> <Spt= 0.01> <nCl=  9> <al=0.72> <DB= 1834.2069> <Mlp= 1836.6367> <PB=1000000> 
<DWph=2> <it= 11> <et=1.61> <Mt= 0.00> <Spt= 0.01> <nCl= 13> <al=0.75> <DB= 1834.7361> <Mlp= 1836.5455> <PB=1000000> 
<DWph=2> <it= 12> <et=1.62> <Mt= 0.00> <Spt= 0.01> <nCl=  9> <al=0.77> <DB= 1637.0172> <Mlp= 1836.4733> <PB=1000000> 
<DWph=2> <it= 13> <et=1.63> <Mt= 0.01> <Spt= 0.00> <nCl=  1> <al=0.80> <DB= 1733.0490> <Mlp= 1836.3493> <PB=1000000> 
<DWph=2> <it= 14> <et=1.64> <Mt= 0.00> <Spt= 0.02> <nCl= 18> <al=0.39> <DB= 1664.0927> <Mlp= 1836.3493> <PB=1000000> 
<DWph=2> <it= 15> <et=1.65> <Mt= 0.00> <Spt= 0.00> <nCl=  4> <al=0.60> <DB= 1790.8948> <Mlp= 1836.3221> <PB=1000000> 
<DWph=2> <it= 16> <et=1.67> <Mt= 0.00> <Spt= 0.01> <nCl= 13> <al=0.00> <DB= 1789.7330> <Mlp= 1836.3221> <PB=1000000> 
<DWph=2> <it= 17> <et=1.68> <Mt= 0.00> <Spt= 0.02> <nCl= 10> <al=0.00> <DB= 1833.5849> <Mlp= 1836.3057> <PB=1000000> 
<DWph=2> <it= 18> <et=1.69> <Mt= 0.01> <Spt= 0.00> <nCl=  1> <al=0.30> <DB= 1832.7090> <Mlp= 1836.3057> <PB=1000000> 
<DWph=2> <it= 19> <et=1.70> <Mt= 0.00> <Spt= 0.01> <nCl=  6> <al=0.20> <DB= 1835.9992> <Mlp= 1836.3057> <PB=1000000> 
<DWph=2> <it= 20> <et=1.70> <Mt= 0.00> <Spt= 0.00> <nCl=  4> <al=0.10> <DB= 1829.2271> <Mlp= 1836.3057> <PB=1000000> 
<DWph=2> <it= 21> <et=1.72> <Mt= 0.00> <Spt= 0.01> <nCl=  4> <al=0.00> <DB= 1836.3057> <Mlp= 1836.3057> <PB=1000000> 
<DWph=1> <it= 22> <et=1.73> <Mt= 0.00> <Spt= 0.02> <nCl= 19> <al=0.09> <DB= 1718.8397> <Mlp= 1836.3057> <PB=1000000> 
<DWph=1> <it= 23> <et=1.75> <Mt= 0.00> <Spt= 0.01> <nCl= 15> <al=0.18> <DB= 1520.2355> <Mlp= 1836.3057> <PB=1000000> 
<DWph=1> <it= 24> <et=1.77> <Mt= 0.00> <Spt= 0.02> <nCl=  9> <al=0.26> <DB= 1804.1320> <Mlp= 1836.2965> <PB=1000000> 
<DWph=1> <it= 25> <et=1.79> <Mt= 0.01> <Spt= 0.02> <nCl=  6> <al=0.00> <DB= 1836.2965> <Mlp= 1836.2965> <PB=1000000> 
    RCSP exact solver info for graph G_0 : TT = 0.023281, pt = 3.8e-05, dt = 0.021698, ct = 0.00109, ndl = 6894', bdl = 292215', odl = 10029', odf = 95194', bsi = 1323', cnt = 58474', bdch = 2327781', odch = 258115', lcp = 123490', #sols = 150
<DWph=0> <it= 26> <et=1.83> <Mt= 0.00> <Spt= 0.04> <nCl=150> <al=0.06> <DB= 1467.5174> <Mlp= 1836.2965> <PB=1000000> 
    RCSP exact solver info for graph G_0 : TT = 0.026289, pt = 0.000111, dt = 0.024421, ct = 0.001191, ndl = 7580', bdl = 319225', odl = 10554', odf = 99491', bsi = 1251', cnt = 58909', bdch = 2732703', odch = 294806', lcp = 136526', #sols = 150
<DWph=0> <it= 27> <et=1.87> <Mt= 0.00> <Spt= 0.03> <nCl= 77> <al=0.15> <DB= 1829.6686> <Mlp= 1835.9951> <PB=1000000> 
    RCSP exact solver info for graph G_0 : TT = 0.028119, pt = 7.8e-05, dt = 0.026129, ct = 0.001287, ndl = 7960', bdl = 337355', odl = 10698', odf = 101754', bsi = 1259', cnt = 68174', bdch = 2966106', odch = 309718', lcp = 144252', #sols = 150
<DWph=0> <it= 28> <et=1.90> <Mt= 0.00> <Spt= 0.03> <nCl= 29> <al=0.05> <DB= 1834.9450> <Mlp= 1835.8335> <PB=1000000> 
    RCSP exact solver info for graph G_0 : TT = 0.024716, pt = 5.8e-05, dt = 0.022927, ct = 0.001196, ndl = 7464', bdl = 319593', odl = 10431', odf = 97035', bsi = 1284', cnt = 62968', bdch = 2694136', odch = 290387', lcp = 138169', #sols = 150
<DWph=0> <it= 29> <et=1.93> <Mt= 0.01> <Spt= 0.03> <nCl= 26> <al=0.00> <DB= 1830.0803> <Mlp= 1835.8034> <PB=1000000> 
    RCSP exact solver info for graph G_0 : TT = 0.028856, pt = 5.9e-05, dt = 0.027085, ct = 0.001159, ndl = 8018', bdl = 338784', odl = 10803', odf = 103011', bsi = 1284', cnt = 67773', bdch = 3009080', odch = 312337', lcp = 145118', #sols = 150
    RCSP exact solver info for graph G_0 : TT = 0.027477, pt = 4.5e-05, dt = 0.025643, ct = 0.001254, ndl = 7714', bdl = 326947', odl = 10414', odf = 99083', bsi = 1315', cnt = 66830', bdch = 2801511', odch = 301315', lcp = 140167', #sols = 150
<DWph=0> <it= 30> <et=2.00> <Mt= 0.00> <Spt= 0.06> <nCl=  4> <al=0.00> <DB= 1835.8032> <Mlp= 1835.8032> <PB=1000000> 
RCSP solver dynamic params and stats :  bidir.bord. = 375 aver.obdmd = 48.7097 aver.buck.num. = 51
@@ 1 1 1835.8 0.0258467 0.028244 91.9897 2
    Full reduced cost fixing is not called (gap ratio is 0.999989)
ColGenEvalAlg final dual bound: 1835.8 (rounded: 1836)
False gap improvement since the last cut separation : 0.058277 (1825.17)
Current active cuts : CAP(7,421.01)
In total 1 RCC cut(s) are found by the connected components heuristic 
Shrinking heuristic shrunk 23 edges
In total 6 RCC cut(s) are found by the Fractional capacity min-cut heuristic 
In total 13 RCC cut(s) are found by the greedy construction heuristic 
In total 2 RCC cut(s) are found by the global pool greedy search heuristic 
----- Add fac. cuts : CAP(22), max.viol = 0.568839, aver.viol = 0.252482, sep/add took 0.00552993/0.0535597 sec. -----
3786 columns (3786 active), 85 dyn. constrs. (29 active), 207 art. vars. (151 active)
<DWph=2> <it=  1> <et=2.08> <Mt= 0.01> <Spt= 0.01> <nCl= 28> <al=0.50> <DB= 1112.7844> <Mlp= 1850.2326> <PB=1000000> 
<DWph=2> <it=  2> <et=2.09> <Mt= 0.00> <Spt= 0.01> <nCl=  6> <al=0.55> <DB= 1839.2952> <Mlp= 1848.9706> <PB=1000000> 
<DWph=2> <it=  3> <et=2.10> <Mt= 0.01> <Spt= 0.01> <nCl= 24> <al=0.60> <DB= 1635.4387> <Mlp= 1848.5566> <PB=1000000> 
<DWph=2> <it=  4> <et=2.11> <Mt= 0.00> <Spt= 0.00> <nCl= 18> <al=0.64> <DB= 1838.8131> <Mlp= 1846.7071> <PB=1000000> 
<DWph=2> <it=  5> <et=2.13> <Mt= 0.00> <Spt= 0.02> <nCl= 38> <al=0.34> <DB= 1438.1857> <Mlp= 1846.2704> <PB=1000000> 
<DWph=2> <it=  6> <et=2.14> <Mt= 0.00> <Spt= 0.00> <nCl= 13> <al=0.57> <DB= 1804.8920> <Mlp= 1846.1293> <PB=1000000> 
<DWph=2> <it=  7> <et=2.15> <Mt= 0.01> <Spt= 0.01> <nCl= 14> <al=0.61> <DB= 1840.0387> <Mlp= 1845.7849> <PB=1000000> 
<DWph=2> <it=  8> <et=2.16> <Mt= 0.00> <Spt= 0.01> <nCl= 12> <al=0.65> <DB= 1815.8300> <Mlp= 1845.6415> <PB=1000000> 
<DWph=2> <it=  9> <et=2.17> <Mt= 0.00> <Spt= 0.00> <nCl= 10> <al=0.69> <DB= 1842.9252> <Mlp= 1845.3837> <PB=1000000> 
<DWph=2> <it= 10> <et=2.18> <Mt= 0.00> <Spt= 0.01> <nCl= 11> <al=0.72> <DB= 1786.9734> <Mlp= 1845.3837> <PB=1000000> 
<DWph=2> <it= 11> <et=2.19> <Mt= 0.01> <Spt= 0.01> <nCl= 14> <al=0.49> <DB= 1842.7637> <Mlp= 1845.3837> <PB=1000000> 
<DWph=2> <it= 12> <et=2.20> <Mt= 0.00> <Spt= 0.01> <nCl= 14> <al=0.65> <DB= 1843.3009> <Mlp= 1845.3603> <PB=1000000> 
<DWph=2> <it= 13> <et=2.22> <Mt= 0.00> <Spt= 0.01> <nCl= 13> <al=0.37> <DB= 1842.3081> <Mlp= 1845.3381> <PB=1000000> 
<DWph=2> <it= 14> <et=2.23> <Mt= 0.00> <Spt= 0.02> <nCl=  9> <al=0.17> <DB= 1841.9209> <Mlp= 1845.3381> <PB=1000000> 
<DWph=2> <it= 15> <et=2.25> <Mt= 0.00> <Spt= 0.01> <nCl= 12> <al=0.00> <DB= 1760.0572> <Mlp= 1845.3381> <PB=1000000> 
<DWph=2> <it= 16> <et=2.26> <Mt= 0.00> <Spt= 0.02> <nCl= 11> <al=0.00> <DB= 1583.8406> <Mlp= 1845.3352> <PB=1000000> 
<DWph=2> <it= 17> <et=2.27> <Mt= 0.01> <Spt= 0.00> <nCl=  7> <al=0.28> <DB= 1844.4835> <Mlp= 1845.3170> <PB=1000000> 
<DWph=2> <it= 18> <et=2.28> <Mt= 0.00> <Spt= 0.01> <nCl=  3> <al=0.35> <DB= 1842.8446> <Mlp= 1845.3021> <PB=1000000> 
<DWph=2> <it= 19> <et=2.29> <Mt= 0.00> <Spt= 0.01> <nCl= 16> <al=0.00> <DB= 1842.6590> <Mlp= 1845.2645> <PB=1000000> 
<DWph=2> <it= 20> <et=2.30> <Mt= 0.00> <Spt= 0.01> <nCl=  3> <al=0.15> <DB= 1844.9323> <Mlp= 1845.2625> <PB=1000000> 
<DWph=2> <it= 21> <et=2.31> <Mt= 0.00> <Spt= 0.01> <nCl=  0> <al=0.00> <DB= 1845.2625> <Mlp= 1845.2625> <PB=1000000> 
<DWph=1> <it= 22> <et=2.33> <Mt= 0.00> <Spt= 0.01> <nCl= 14> <al=0.14> <DB= 1582.9809> <Mlp= 1845.2625> <PB=1000000> 
<DWph=1> <it= 23> <et=2.34> <Mt= 0.00> <Spt= 0.02> <nCl= 12> <al=0.04> <DB= 1840.2357> <Mlp= 1845.0989> <PB=1000000> 
<DWph=1> <it= 24> <et=2.38> <Mt= 0.01> <Spt= 0.03> <nCl=  6> <al=0.00> <DB= 1845.0989> <Mlp= 1845.0989> <PB=1000000> 
    RCSP exact solver info for graph G_0 : TT = 0.029079, pt = 4.1e-05, dt = 0.027061, ct = 0.001406, ndl = 7858', bdl = 332555', odl = 11242', odf = 102575', bsi = 1349', cnt = 31653', bdch = 3008609', odch = 271686', lcp = 143622', #sols = 150
<DWph=0> <it= 25> <et=2.42> <Mt= 0.00> <Spt= 0.04> <nCl=132> <al=0.03> <DB= 1581.6482> <Mlp= 1845.0989> <PB=1000000> 
    RCSP exact solver info for graph G_0 : TT = 0.027257, pt = 8.4e-05, dt = 0.025575, ct = 0.00102, ndl = 7528', bdl = 315533', odl = 11168', odf = 100806', bsi = 1303', cnt = 29344', bdch = 2796962', odch = 256738', lcp = 137142', #sols = 150
<DWph=0> <it= 26> <et=2.45> <Mt= 0.00> <Spt= 0.03> <nCl= 83> <al=0.13> <DB= 1812.6617> <Mlp= 1844.5260> <PB=1000000> 
    RCSP exact solver info for graph G_0 : TT = 0.024532, pt = 6.7e-05, dt = 0.022857, ct = 0.001031, ndl = 7398', bdl = 311410', odl = 11037', odf = 98025', bsi = 1279', cnt = 27744', bdch = 2719842', odch = 247564', lcp = 135329', #sols = 150
<DWph=0> <it= 27> <et=2.49> <Mt= 0.00> <Spt= 0.03> <nCl= 23> <al=0.22> <DB= 1839.2742> <Mlp= 1844.3653> <PB=1000000> 
    RCSP exact solver info for graph G_0 : TT = 0.026065, pt = 6.2e-05, dt = 0.02434, ct = 0.001052, ndl = 7470', bdl = 315144', odl = 11065', odf = 98505', bsi = 1282', cnt = 27686', bdch = 2758236', odch = 252641', lcp = 138199', #sols = 150
<DWph=0> <it= 28> <et=2.52> <Mt= 0.01> <Spt= 0.03> <nCl= 12> <al=0.30> <DB= 1842.8507> <Mlp= 1844.3580> <PB=1000000> 
    RCSP exact solver info for graph G_0 : TT = 0.028234, pt = 6.8e-05, dt = 0.026214, ct = 0.001258, ndl = 7250', bdl = 307236', odl = 11002', odf = 96679', bsi = 1282', cnt = 27210', bdch = 2634735', odch = 240704', lcp = 132693', #sols = 150
    RCSP exact solver info for graph G_0 : TT = 0.026404, pt = 7.1e-05, dt = 0.024685, ct = 0.001041, ndl = 7233', bdl = 306592', odl = 10930', odf = 96576', bsi = 1290', cnt = 27053', bdch = 2621037', odch = 240196', lcp = 131575', #sols = 150
<DWph=0> <it= 29> <et=2.58> <Mt= 0.00> <Spt= 0.06> <nCl=  4> <al=0.00> <DB= 1844.3575> <Mlp= 1844.3575> <PB=1000000> 
RCSP solver dynamic params and stats :  bidir.bord. = 375 aver.obdmd = 48.7097 aver.buck.num. = 51
@@ 1 2 1844.36 0.0262567 0.028467 91.9897 2.58
    Full reduced cost fixing is not called (gap ratio is 0.999981)
ColGenEvalAlg final dual bound: 1844.36 (rounded: 1845)
False gap improvement since the last cut separation : 0.046597 (1835.8)
Current active cuts : CAP(9,764.013)
Shrinking heuristic shrunk 20 edges
In total 1 RCC cut(s) are found by the Fractional capacity min-cut heuristic 
In total 11 RCC cut(s) are found by the greedy construction heuristic 
In total 4 RCC cut(s) are found by the global pool greedy search heuristic 
----- Add fac. cuts : CAP(16), max.viol = 0.227295, aver.viol = 0.104113, sep/add took 0.00645561/0.0370057 sec. -----
4348 columns (4348 active), 45 dyn. constrs. (25 active), 223 art. vars. (147 active)
<DWph=2> <it=  1> <et=2.68> <Mt= 0.01> <Spt= 0.01> <nCl= 20> <al=0.50> <DB= 1729.6249> <Mlp= 1848.9806> <PB=1000000> 
<DWph=2> <it=  2> <et=2.69> <Mt= 0.00> <Spt= 0.00> <nCl=  5> <al=0.55> <DB= 1845.8622> <Mlp= 1848.6011> <PB=1000000> 
<DWph=2> <it=  3> <et=2.70> <Mt= 0.00> <Spt= 0.01> <nCl=  8> <al=0.60> <DB= 1845.1305> <Mlp= 1848.5545> <PB=1000000> 
<DWph=2> <it=  4> <et=2.72> <Mt= 0.00> <Spt= 0.02> <nCl= 21> <al=0.00> <DB= 1689.0495> <Mlp= 1848.5545> <PB=1000000> 
<DWph=2> <it=  5> <et=2.74> <Mt= 0.00> <Spt= 0.01> <nCl=  4> <al=0.07> <DB= 1848.5105> <Mlp= 1848.5545> <PB=1000000> 
<DWph=2> <it=  6> <et=2.75> <Mt= 0.00> <Spt= 0.01> <nCl=  0> <al=0.00> <DB= 1848.5545> <Mlp= 1848.5545> <PB=1000000> 
<DWph=1> <it=  7> <et=2.77> <Mt= 0.01> <Spt= 0.02> <nCl= 15> <al=0.34> <DB= 1656.3109> <Mlp= 1848.5545> <PB=1000000> 
<DWph=1> <it=  8> <et=2.78> <Mt= 0.00> <Spt= 0.01> <nCl=  7> <al=0.40> <DB= 1793.4531> <Mlp= 1848.5259> <PB=1000000> 
<DWph=1> <it=  9> <et=2.80> <Mt= 0.00> <Spt= 0.02> <nCl=  4> <al=0.30> <DB= 1847.0839> <Mlp= 1848.3965> <PB=1000000> 
<DWph=1> <it= 10> <et=2.83> <Mt= 0.00> <Spt= 0.02> <nCl=  5> <al=0.00> <DB= 1848.3866> <Mlp= 1848.3866> <PB=1000000> 
    RCSP exact solver info for graph G_0 : TT = 0.027575, pt = 3.4e-05, dt = 0.025769, ct = 0.001252, ndl = 7734', bdl = 329871', odl = 11085', odf = 100471', bsi = 1346', cnt = 23967', bdch = 2975450', odch = 246942', lcp = 138484', #sols = 150
<DWph=0> <it= 11> <et=2.86> <Mt= 0.00> <Spt= 0.03> <nCl= 87> <al=0.10> <DB= 1722.7186> <Mlp= 1848.3866> <PB=1000000> 
    RCSP exact solver info for graph G_0 : TT = 0.02678, pt = 4.8e-05, dt = 0.025105, ct = 0.001054, ndl = 7480', bdl = 314147', odl = 10894', odf = 98152', bsi = 1383', cnt = 25030', bdch = 2736170', odch = 234509', lcp = 131519', #sols = 150
<DWph=0> <it= 12> <et=2.89> <Mt= 0.00> <Spt= 0.03> <nCl= 23> <al=0.19> <DB= 1843.3689> <Mlp= 1848.3647> <PB=1000000> 
    RCSP exact solver info for graph G_0 : TT = 0.026648, pt = 5e-05, dt = 0.024941, ct = 0.001111, ndl = 7545', bdl = 316193', odl = 10845', odf = 97655', bsi = 1358', cnt = 25943', bdch = 2770926', odch = 236239', lcp = 132241', #sols = 150
    RCSP exact solver info for graph G_0 : TT = 0.026595, pt = 5.4e-05, dt = 0.024904, ct = 0.001026, ndl = 7307', bdl = 307644', odl = 10732', odf = 94993', bsi = 1368', cnt = 25034', bdch = 2635464', odch = 222834', lcp = 127078', #sols = 150
<DWph=0> <it= 13> <et=2.95> <Mt= 0.01> <Spt= 0.06> <nCl=  8> <al=0.00> <DB= 1848.3644> <Mlp= 1848.3644> <PB=1000000> 
RCSP solver dynamic params and stats :  bidir.bord. = 375 aver.obdmd = 48.7097 aver.buck.num. = 51
@@ 1 3 1848.36 0.0262905 0.027021 91.9897 2.95
    Full reduced cost fixing is not called (gap ratio is 0.999977)
ColGenEvalAlg final dual bound: 1848.36 (rounded: 1849)
False gap improvement since the last cut separation : 0.0217252 (1844.36)
Current active cuts : CAP(12,804.769)
Shrinking heuristic shrunk 23 edges
In total 2 RCC cut(s) are found by the Fractional capacity min-cut heuristic 
In total 2 RCC cut(s) are found by the greedy construction heuristic 
In total 2 RCC cut(s) are found by the global pool greedy search heuristic 
----- Add fac. cuts : CAP(6), max.viol = 0.186564, aver.viol = 0.104271, sep/add took 0.00542351/0.0136502 sec. -----
4555 columns (4555 active), 31 dyn. constrs. (18 active), 229 art. vars. (140 active)
<DWph=2> <it=  1> <et=3.00> <Mt= 0.00> <Spt= 0.01> <nCl= 13> <al=0.50> <DB= 1848.6945> <Mlp= 1849.0246> <PB=1000000> 
<DWph=2> <it=  2> <et=3.01> <Mt= 0.00> <Spt= 0.01> <nCl= 14> <al=0.40> <DB= 1815.3165> <Mlp= 1849.0246> <PB=1000000> 
<DWph=2> <it=  3> <et=3.02> <Mt= 0.01> <Spt= 0.01> <nCl= 11> <al=0.46> <DB= 1844.2480> <Mlp= 1849.0246> <PB=1000000> 
<DWph=2> <it=  4> <et=3.03> <Mt= 0.00> <Spt= 0.00> <nCl=  8> <al=0.51> <DB= 1847.5940> <Mlp= 1848.9132> <PB=1000000> 
<DWph=2> <it=  5> <et=3.04> <Mt= 0.00> <Spt= 0.01> <nCl=  6> <al=0.13> <DB= 1848.5977> <Mlp= 1848.8911> <PB=1000000> 
<DWph=2> <it=  6> <et=3.06> <Mt= 0.00> <Spt= 0.01> <nCl=  7> <al=0.00> <DB= 1848.8897> <Mlp= 1848.8897> <PB=1000000> 
<DWph=1> <it=  7> <et=3.07> <Mt= 0.00> <Spt= 0.02> <nCl=  8> <al=0.36> <DB= 1841.2966> <Mlp= 1848.8897> <PB=1000000> 
<DWph=1> <it=  8> <et=3.08> <Mt= 0.00> <Spt= 0.01> <nCl=  6> <al=0.26> <DB= 1844.1441> <Mlp= 1848.8080> <PB=1000000> 
<DWph=1> <it=  9> <et=3.11> <Mt= 0.00> <Spt= 0.02> <nCl=  1> <al=0.00> <DB= 1848.8072> <Mlp= 1848.8072> <PB=1000000> 
    RCSP exact solver info for graph G_0 : TT = 0.024958, pt = 3.1e-05, dt = 0.023465, ct = 0.00095, ndl = 6986', bdl = 301308', odl = 10787', odf = 94741', bsi = 1309', cnt = 23093', bdch = 2531516', odch = 219815', lcp = 124791', #sols = 150
<DWph=0> <it= 10> <et=3.14> <Mt= 0.01> <Spt= 0.03> <nCl= 35> <al=0.24> <DB= 1846.6099> <Mlp= 1848.8072> <PB=1000000> 
    RCSP exact solver info for graph G_0 : TT = 0.023723, pt = 5.3e-05, dt = 0.022296, ct = 0.000847, ndl = 6893', bdl = 296376', odl = 10793', odf = 94602', bsi = 1336', cnt = 22467', bdch = 2471912', odch = 216730', lcp = 122312', #sols = 150
    RCSP exact solver info for graph G_0 : TT = 0.025468, pt = 6.3e-05, dt = 0.023768, ct = 0.001052, ndl = 6784', bdl = 292663', odl = 10664', odf = 92798', bsi = 1310', cnt = 21161', bdch = 2395774', odch = 213922', lcp = 118943', #sols = 150
<DWph=0> <it= 11> <et=3.20> <Mt= 0.00> <Spt= 0.06> <nCl= 11> <al=0.00> <DB= 1848.8027> <Mlp= 1848.8027> <PB=1000000> 
RCSP solver dynamic params and stats :  bidir.bord. = 375 aver.obdmd = 48.7097 aver.buck.num. = 51
@@ 1 4 1848.8 0.024126 0.02482 91.9897 3.2
    Full reduced cost fixing is not called (gap ratio is 0.999976)
ColGenEvalAlg final dual bound: 1848.8 (rounded: 1849)
False gap improvement since the last cut separation : 0.00237136 (1848.36)
Cut generation tailing off counter increased to 1
Current active cuts : CAP(13,960.758)
Shrinking heuristic shrunk 24 edges
In total 3 RCC cut(s) are found by the Fractional capacity min-cut heuristic 
In total 3 RCC cut(s) are found by the greedy construction heuristic 
In total 3 RCC cut(s) are found by the global pool greedy search heuristic 
----- Add fac. cuts : CAP(9), max.viol = 0.0986486, aver.viol = 0.0462462, sep/add took 0.0049095/0.0249998 sec. -----
4675 columns (4675 active), 27 dyn. constrs. (22 active), 238 art. vars. (144 active)
<DWph=2> <it=  1> <et=3.26> <Mt= 0.01> <Spt= 0.01> <nCl= 10> <al=0.50> <DB= 1848.9806> <Mlp= 1849.8277> <PB=1000000> 
<DWph=2> <it=  2> <et=3.28> <Mt= 0.00> <Spt= 0.01> <nCl= 18> <al=0.10> <DB= 1831.4022> <Mlp= 1849.7918> <PB=1000000> 
<DWph=2> <it=  3> <et=3.29> <Mt= 0.01> <Spt= 0.01> <nCl= 27> <al=0.45> <DB= 1402.2048> <Mlp= 1849.6441> <PB=1000000> 
<DWph=2> <it=  4> <et=3.31> <Mt= 0.00> <Spt= 0.01> <nCl= 43> <al=0.01> <DB= 1009.7632> <Mlp= 1849.6441> <PB=1000000> 
<DWph=2> <it=  5> <et=3.32> <Mt= 0.01> <Spt= 0.01> <nCl= 11> <al=0.41> <DB= 1799.8489> <Mlp= 1849.6441> <PB=1000000> 
<DWph=2> <it=  6> <et=3.33> <Mt= 0.00> <Spt= 0.00> <nCl=  5> <al=0.46> <DB= 1788.2020> <Mlp= 1849.6441> <PB=1000000> 
<DWph=2> <it=  7> <et=3.34> <Mt= 0.00> <Spt= 0.01> <nCl=  3> <al=0.52> <DB= 1849.1578> <Mlp= 1849.6441> <PB=1000000> 
<DWph=2> <it=  8> <et=3.36> <Mt= 0.00> <Spt= 0.01> <nCl= 16> <al=0.13> <DB= 1716.0447> <Mlp= 1849.6441> <PB=1000000> 
<DWph=2> <it=  9> <et=3.37> <Mt= 0.01> <Spt= 0.02> <nCl= 13> <al=0.00> <DB= 1747.1704> <Mlp= 1849.6441> <PB=1000000> 
<DWph=2> <it= 10> <et=3.39> <Mt= 0.00> <Spt= 0.01> <nCl=  5> <al=0.00> <DB= 1849.6441> <Mlp= 1849.6441> <PB=1000000> 
<DWph=1> <it= 11> <et=3.40> <Mt= 0.00> <Spt= 0.01> <nCl= 13> <al=0.27> <DB= 1801.4535> <Mlp= 1849.6441> <PB=1000000> 
<DWph=1> <it= 12> <et=3.42> <Mt= 0.00> <Spt= 0.02> <nCl= 10> <al=0.17> <DB= 1845.8509> <Mlp= 1849.6092> <PB=1000000> 
<DWph=1> <it= 13> <et=3.44> <Mt= 0.01> <Spt= 0.01> <nCl= 13> <al=0.25> <DB= 1848.3398> <Mlp= 1849.6092> <PB=1000000> 
<DWph=1> <it= 14> <et=3.47> <Mt= 0.00> <Spt= 0.03> <nCl=  6> <al=0.00> <DB= 1847.4253> <Mlp= 1849.6092> <PB=1000000> 
<DWph=1> <it= 15> <et=3.49> <Mt= 0.00> <Spt= 0.03> <nCl=  3> <al=0.00> <DB= 1849.6092> <Mlp= 1849.6092> <PB=1000000> 
    RCSP exact solver info for graph G_0 : TT = 0.022556, pt = 3.1e-05, dt = 0.020901, ct = 0.001132, ndl = 6536', bdl = 277716', odl = 10095', odf = 90588', bsi = 1504', cnt = 40314', bdch = 2147625', odch = 199470', lcp = 108233', #sols = 150
<DWph=0> <it= 16> <et=3.52> <Mt= 0.00> <Spt= 0.02> <nCl= 50> <al=0.12> <DB= 1829.3793> <Mlp= 1849.6092> <PB=1000000> 
    RCSP exact solver info for graph G_0 : TT = 0.024212, pt = 6.9e-05, dt = 0.021844, ct = 0.00144, ndl = 6570', bdl = 278824', odl = 10104', odf = 92652', bsi = 1415', cnt = 39086', bdch = 2165286', odch = 198273', lcp = 107482', #sols = 150
<DWph=0> <it= 17> <et=3.55> <Mt= 0.00> <Spt= 0.03> <nCl=  5> <al=0.02> <DB= 1849.4279> <Mlp= 1849.5991> <PB=1000000> 
    RCSP exact solver info for graph G_0 : TT = 0.02284, pt = 6.5e-05, dt = 0.021285, ct = 0.000975, ndl = 6469', bdl = 274900', odl = 9967', odf = 90564', bsi = 1435', cnt = 36375', bdch = 2090997', odch = 192954', lcp = 103945', #sols = 150
<DWph=0> <it= 18> <et=3.58> <Mt= 0.00> <Spt= 0.03> <nCl= 12> <al=0.00> <DB= 1849.5988> <Mlp= 1849.5988> <PB=1000000> 
RCSP solver dynamic params and stats :  bidir.bord. = 375 aver.obdmd = 48.7097 aver.buck.num. = 51
@@ 1 5 1849.6 0.0225257 0.023284 91.9897 3.58
    Full reduced cost fixing is not called (gap ratio is 0.999976)
ColGenEvalAlg final dual bound: 1849.6 (rounded: 1850)
False gap improvement since the last cut separation : 0.00430575 (1848.8)
Cut generation tailing off counter increased to 2
Current active cuts : CAP(18,1232.74)
Shrinking heuristic shrunk 25 edges
In total 3 RCC cut(s) are found by the greedy construction heuristic 
----- Add fac. cuts : CAP(3), max.viol = 0.0235094, aver.viol = 0.0151808, sep/add took 0.00452957/0.00844624 sec. -----
4938 columns (4938 active), 25 dyn. constrs. (21 active), 241 art. vars. (143 active)
<DWph=2> <it=  1> <et=3.62> <Mt= 0.01> <Spt= 0.01> <nCl=  5> <al=0.00> <DB= 1849.6006> <Mlp= 1849.6006> <PB=1000000> 
<DWph=1> <it=  2> <et=3.65> <Mt= 0.00> <Spt= 0.03> <nCl=  5> <al=0.00> <DB= 1849.6006> <Mlp= 1849.6006> <PB=1000000> 
    RCSP exact solver info for graph G_0 : TT = 0.022546, pt = 3.9e-05, dt = 0.020886, ct = 0.001045, ndl = 6330', bdl = 270567', odl = 10227', odf = 91749', bsi = 1396', cnt = 33609', bdch = 2070551', odch = 189027', lcp = 104396', #sols = 150
    RCSP exact solver info for graph G_0 : TT = 0.023346, pt = 4.4e-05, dt = 0.021735, ct = 0.000995, ndl = 6330', bdl = 270567', odl = 10227', odf = 91749', bsi = 1396', cnt = 33609', bdch = 2070551', odch = 189027', lcp = 104396', #sols = 150
<DWph=0> <it=  3> <et=3.70> <Mt= 0.00> <Spt= 0.05> <nCl= 14> <al=0.00> <DB= 1849.6006> <Mlp= 1849.6006> <PB=1000000> 
RCSP solver dynamic params and stats :  bidir.bord. = 375 aver.obdmd = 48.7097 aver.buck.num. = 51
@@ 1 6 1849.6 0.0223305 0.02273 91.9897 3.7
    Full reduced cost fixing is not called (gap ratio is 0.999976)
ColGenEvalAlg final dual bound: 1849.6 (rounded: 1850)
False gap improvement since the last cut separation : 9.93785e-06 (1849.6)
----- Cut separators priority level decreased to 1-----
Current active cuts : CAP(17,1231.75)
Shrinking heuristic shrunk 25 edges
13 Rank-1 1-rows pack. cuts added ,  max viol. = 0.367026, aver. viol. = 0.159621
150 Rank-1 3-rows pack. cuts added ,  max viol. = 0.378803, aver. viol. = 0.373291
----- Add fac. cuts : R1C(163), max.viol = 0.378803, aver.viol = 0.356972, sep/add took 0.0055485/0.269961 sec. -----
4962 columns (4962 active), 184 dyn. constrs. (180 active), 404 art. vars. (302 active)
<DWph=2> <it=  1> <et=4.03> <Mt= 0.03> <Spt= 0.01> <nCl= 27> <al=0.50> <DB= 1163.0082> <Mlp= 1860.5833> <PB=1000000> 
<DWph=2> <it=  2> <et=4.15> <Mt= 0.11> <Spt= 0.01> <nCl= 19> <al=0.55> <DB= 1803.9174> <Mlp= 1858.2209> <PB=1000000> 
<DWph=2> <it=  3> <et=4.17> <Mt= 0.00> <Spt= 0.01> <nCl=  9> <al=0.60> <DB= 1841.0583> <Mlp= 1857.9264> <PB=1000000> 
<DWph=2> <it=  4> <et=4.19> <Mt= 0.01> <Spt= 0.02> <nCl= 19> <al=0.27> <DB= 1609.8373> <Mlp= 1857.9264> <PB=1000000> 
<DWph=2> <it=  5> <et=4.26> <Mt= 0.06> <Spt= 0.01> <nCl=  9> <al=0.54> <DB= 1803.3939> <Mlp= 1857.3000> <PB=1000000> 
<DWph=2> <it=  6> <et=4.28> <Mt= 0.00> <Spt= 0.01> <nCl=  6> <al=0.58> <DB= 1854.5854> <Mlp= 1857.3000> <PB=1000000> 
<DWph=2> <it=  7> <et=4.30> <Mt= 0.01> <Spt= 0.01> <nCl= 13> <al=0.48> <DB= 1854.9256> <Mlp= 1857.3000> <PB=1000000> 
<DWph=2> <it=  8> <et=4.31> <Mt= 0.01> <Spt= 0.01> <nCl= 13> <al=0.53> <DB= 1629.9214> <Mlp= 1857.2500> <PB=1000000> 
<DWph=2> <it=  9> <et=4.33> <Mt= 0.00> <Spt= 0.01> <nCl= 16> <al=0.58> <DB= 1743.2854> <Mlp= 1857.2500> <PB=1000000> 
<DWph=2> <it= 10> <et=4.34> <Mt= 0.01> <Spt= 0.01> <nCl=  7> <al=0.62> <DB= 1841.5801> <Mlp= 1857.2330> <PB=1000000> 
<DWph=2> <it= 11> <et=4.36> <Mt= 0.00> <Spt= 0.01> <nCl= 17> <al=0.52> <DB= 1594.7606> <Mlp= 1857.2330> <PB=1000000> 
<DWph=2> <it= 12> <et=4.37> <Mt= 0.01> <Spt= 0.01> <nCl= 11> <al=0.57> <DB= 1847.5102> <Mlp= 1857.2330> <PB=1000000> 
<DWph=2> <it= 13> <et=4.39> <Mt= 0.00> <Spt= 0.01> <nCl=  2> <al=0.47> <DB= 1853.2466> <Mlp= 1857.2330> <PB=1000000> 
<DWph=2> <it= 14> <et=4.40> <Mt= 0.00> <Spt= 0.01> <nCl=  7> <al=0.52> <DB= 1621.5547> <Mlp= 1857.2330> <PB=1000000> 
<DWph=2> <it= 15> <et=4.43> <Mt= 0.01> <Spt= 0.02> <nCl= 21> <al=0.14> <DB= 1812.5925> <Mlp= 1857.1688> <PB=1000000> 
<DWph=2> <it= 16> <et=4.45> <Mt= 0.00> <Spt= 0.02> <nCl= 18> <al=0.00> <DB= 1854.1274> <Mlp= 1857.1688> <PB=1000000> 
<DWph=2> <it= 17> <et=4.47> <Mt= 0.00> <Spt= 0.02> <nCl=  8> <al=0.00> <DB= 1857.1688> <Mlp= 1857.1688> <PB=1000000> 
<DWph=1> <it= 18> <et=4.49> <Mt= 0.01> <Spt= 0.02> <nCl= 17> <al=0.27> <DB= 1732.1688> <Mlp= 1857.1688> <PB=1000000> 
<DWph=1> <it= 19> <et=4.52> <Mt= 0.00> <Spt= 0.02> <nCl= 15> <al=0.17> <DB= 1791.8753> <Mlp= 1856.8149> <PB=1000000> 
<DWph=1> <it= 20> <et=4.54> <Mt= 0.00> <Spt= 0.02> <nCl=  8> <al=0.25> <DB= 1850.7644> <Mlp= 1856.8086> <PB=1000000> 
<DWph=1> <it= 21> <et=4.57> <Mt= 0.01> <Spt= 0.02> <nCl= 13> <al=0.33> <DB= 1745.2439> <Mlp= 1856.8086> <PB=1000000> 
<DWph=1> <it= 22> <et=4.59> <Mt= 0.00> <Spt= 0.02> <nCl=  4> <al=0.40> <DB= 1851.9386> <Mlp= 1856.8086> <PB=1000000> 
<DWph=1> <it= 23> <et=4.62> <Mt= 0.00> <Spt= 0.02> <nCl=  1> <al=0.30> <DB= 1854.9902> <Mlp= 1856.8039> <PB=1000000> 
<DWph=1> <it= 24> <et=4.64> <Mt= 0.01> <Spt= 0.02> <nCl=  2> <al=0.37> <DB= 1856.0871> <Mlp= 1856.8039> <PB=1000000> 
<DWph=1> <it= 25> <et=4.68> <Mt= 0.00> <Spt= 0.04> <nCl=  6> <al=0.00> <DB= 1856.7199> <Mlp= 1856.8039> <PB=1000000> 
<DWph=1> <it= 26> <et=4.71> <Mt= 0.00> <Spt= 0.03> <nCl=  0> <al=0.00> <DB= 1856.8039> <Mlp= 1856.8039> <PB=1000000> 
    RCSP exact solver info for graph G_0 : TT = 0.053725, pt = 0.000133, dt = 0.048872, ct = 0.004073, ndl = 10555', bdl = 432138', odl = 12734', odf = 133822', bsi = 1357', cnt = 185200', bdch = 4828380', odch = 550702', lcp = 245838', #sols = 150
<DWph=0> <it= 27> <et=4.79> <Mt= 0.00> <Spt= 0.08> <nCl=150> <al=0.07> <DB= 1535.3333> <Mlp= 1856.8039> <PB=1000000> 
    RCSP exact solver info for graph G_0 : TT = 0.04121, pt = 0.000303, dt = 0.037556, ct = 0.002733, ndl = 10133', bdl = 416867', odl = 12151', odf = 127276', bsi = 1228', cnt = 136835', bdch = 4413862', odch = 515371', lcp = 210646', #sols = 150
<DWph=0> <it= 28> <et=4.86> <Mt= 0.01> <Spt= 0.05> <nCl=101> <al=0.16> <DB= 1670.3240> <Mlp= 1855.1863> <PB=1000000> 
    RCSP exact solver info for graph G_0 : TT = 0.041084, pt = 0.000311, dt = 0.037673, ct = 0.00252, ndl = 9979', bdl = 412106', odl = 12421', odf = 126780', bsi = 1236', cnt = 123932', bdch = 4365868', odch = 496808', lcp = 212819', #sols = 150
<DWph=0> <it= 29> <et=4.91> <Mt= 0.01> <Spt= 0.05> <nCl= 40> <al=0.24> <DB= 1845.5379> <Mlp= 1855.1034> <PB=1000000> 
    RCSP exact solver info for graph G_0 : TT = 0.04298, pt = 0.000252, dt = 0.03925, ct = 0.002859, ndl = 10224', bdl = 421001', odl = 12525', odf = 129960', bsi = 1240', cnt = 132500', bdch = 4528844', odch = 527494', lcp = 226275', #sols = 150
<DWph=0> <it= 30> <et=4.97> <Mt= 0.00> <Spt= 0.05> <nCl= 16> <al=0.32> <DB= 1852.0370> <Mlp= 1855.0825> <PB=1000000> 
    RCSP exact solver info for graph G_0 : TT = 0.041959, pt = 0.000229, dt = 0.038237, ct = 0.002851, ndl = 10289', bdl = 422979', odl = 12481', odf = 130242', bsi = 1224', cnt = 128394', bdch = 4560116', odch = 526775', lcp = 227471', #sols = 150
<DWph=0> <it= 31> <et=5.01> <Mt= 0.01> <Spt= 0.05> <nCl=  3> <al=0.22> <DB= 1854.4153> <Mlp= 1855.0825> <PB=1000000> 
    RCSP exact solver info for graph G_0 : TT = 0.043327, pt = 0.000271, dt = 0.039261, ct = 0.002963, ndl = 10296', bdl = 422845', odl = 12465', odf = 130397', bsi = 1226', cnt = 128433', bdch = 4553414', odch = 529544', lcp = 227636', #sols = 150
    RCSP exact solver info for graph G_0 : TT = 0.037246, pt = 0.000232, dt = 0.033821, ct = 0.002594, ndl = 9697', bdl = 400088', odl = 12013', odf = 124505', bsi = 1257', cnt = 125046', bdch = 4073926', odch = 494968', lcp = 211942', #sols = 150
<DWph=0> <it= 32> <et=5.11> <Mt= 0.00> <Spt= 0.08> <nCl= 25> <al=0.00> <DB= 1855.0825> <Mlp= 1855.0825> <PB=1000000> 
RCSP solver dynamic params and stats :  bidir.bord. = 375 aver.obdmd = 48.7097 aver.buck.num. = 51 nbR1C = 10 with avMem = 13.7
@@ 1 7 1855.08 0.0421804 0.052945 91.9897 5.11
    Full reduced cost fixing is not called (gap ratio is 0.99997)
ColGenEvalAlg final dual bound: 1855.08 (rounded: 1856)
False gap improvement since the last cut separation : 0.0296382 (1849.6)
Current active cuts : CAP(6,544.174) R1C(5+5,33.9983) 1rowPackR1C(5) 3rowPackR1C(5)
In total 1 RCC cut(s) are found by the connected components heuristic 
Shrinking heuristic shrunk 23 edges
In total 5 RCC cut(s) are found by the Fractional capacity min-cut heuristic 
In total 3 RCC cut(s) are found by the greedy construction heuristic 
10 Rank-1 1-rows pack. cuts added ,  max viol. = 0.0309278, aver. viol. = 0.0257732
150 Rank-1 3-rows pack. cuts added ,  max viol. = 0.43299, aver. viol. = 0.154742
----- Add fac. cuts : CAP(9) R1C(160), max.viol = 0.742268, aver.viol = 0.15287, sep/add took 0.00566819/0.298806 sec. -----
5585 columns (5585 active), 349 dyn. constrs. (187 active), 573 art. vars. (309 active)
<DWph=2> <it=  1> <et=5.46> <Mt= 0.02> <Spt= 0.02> <nCl= 16> <al=0.50> <DB= 1856.7959> <Mlp= 1860.5012> <PB=1000000> 
<DWph=2> <it=  2> <et=5.48> <Mt= 0.01> <Spt= 0.01> <nCl= 13> <al=0.55> <DB= 1798.2708> <Mlp= 1860.3057> <PB=1000000> 
<DWph=2> <it=  3> <et=5.50> <Mt= 0.00> <Spt= 0.02> <nCl=  5> <al=0.60> <DB= 1856.8626> <Mlp= 1860.2181> <PB=1000000> 
<DWph=2> <it=  4> <et=5.51> <Mt= 0.00> <Spt= 0.01> <nCl= 10> <al=0.64> <DB= 1853.7350> <Mlp= 1860.2181> <PB=1000000> 
<DWph=2> <it=  5> <et=5.55> <Mt= 0.01> <Spt= 0.04> <nCl= 14> <al=0.00> <DB= 1719.6391> <Mlp= 1860.2137> <PB=1000000> 
<DWph=2> <it=  6> <et=5.57> <Mt= 0.00> <Spt= 0.01> <nCl=  4> <al=0.57> <DB= 1859.2396> <Mlp= 1860.2126> <PB=1000000> 
<DWph=2> <it=  7> <et=5.61> <Mt= 0.00> <Spt= 0.03> <nCl= 12> <al=0.00> <DB= 1860.2126> <Mlp= 1860.2126> <PB=1000000> 
<DWph=1> <it=  8> <et=5.64> <Mt= 0.00> <Spt= 0.03> <nCl= 18> <al=0.51> <DB= 1474.6040> <Mlp= 1860.2126> <PB=1000000> 
<DWph=1> <it=  9> <et=5.66> <Mt= 0.01> <Spt= 0.02> <nCl=  6> <al=0.56> <DB= 1626.9770> <Mlp= 1860.2126> <PB=1000000> 
<DWph=1> <it= 10> <et=5.73> <Mt= 0.00> <Spt= 0.06> <nCl= 10> <al=0.00> <DB= 1860.2126> <Mlp= 1860.2126> <PB=1000000> 
    RCSP exact solver info for graph G_0 : TT = 0.055028, pt = 0.000208, dt = 0.050676, ct = 0.003502, ndl = 12679', bdl = 520985', odl = 13790', odf = 153785', bsi = 1361', cnt = 181610', bdch = 6530701', odch = 674887', lcp = 298162', #sols = 150
<DWph=0> <it= 11> <et=5.80> <Mt= 0.00> <Spt= 0.08> <nCl=150> <al=0.51> <DB= 1684.4389> <Mlp= 1860.2126> <PB=1000000> 
    RCSP exact solver info for graph G_0 : TT = 0.073286, pt = 0.000358, dt = 0.067654, ct = 0.004309, ndl = 12963', bdl = 531689', odl = 13692', odf = 153455', bsi = 1416', cnt = 195612', bdch = 6842249', odch = 715252', lcp = 307661', #sols = 150
<DWph=0> <it= 12> <et=5.90> <Mt= 0.01> <Spt= 0.08> <nCl= 54> <al=0.51> <DB= 1811.5070> <Mlp= 1859.6582> <PB=1000000> 
    RCSP exact solver info for graph G_0 : TT = 0.059414, pt = 0.000371, dt = 0.053431, ct = 0.004778, ndl = 12760', bdl = 521132', odl = 13783', odf = 150993', bsi = 1445', cnt = 206133', bdch = 6678035', odch = 705609', lcp = 310567', #sols = 150
<DWph=0> <it= 13> <et=5.97> <Mt= 0.00> <Spt= 0.07> <nCl= 55> <al=0.41> <DB= 1853.0541> <Mlp= 1859.6582> <PB=1000000> 
    RCSP exact solver info for graph G_0 : TT = 0.060683, pt = 0.000503, dt = 0.055696, ct = 0.003677, ndl = 12702', bdl = 518718', odl = 13759', odf = 151674', bsi = 1434', cnt = 208741', bdch = 6598837', odch = 696980', lcp = 308148', #sols = 150
<DWph=0> <it= 14> <et=6.04> <Mt= 0.01> <Spt= 0.07> <nCl= 24> <al=0.47> <DB= 1856.5559> <Mlp= 1859.6149> <PB=1000000> 
    RCSP exact solver info for graph G_0 : TT = 0.061832, pt = 0.000429, dt = 0.05672, ct = 0.003793, ndl = 12678', bdl = 518214', odl = 13753', odf = 150968', bsi = 1429', cnt = 215035', bdch = 6584446', odch = 707262', lcp = 311029', #sols = 150
<DWph=0> <it= 15> <et=6.11> <Mt= 0.00> <Spt= 0.07> <nCl= 33> <al=0.37> <DB= 1838.0252> <Mlp= 1859.5860> <PB=1000000> 
    RCSP exact solver info for graph G_0 : TT = 0.058283, pt = 0.000417, dt = 0.053153, ct = 0.003885, ndl = 12829', bdl = 523040', odl = 13669', odf = 152321', bsi = 1447', cnt = 232264', bdch = 6694578', odch = 731833', lcp = 314182', #sols = 150
    RCSP exact solver info for graph G_0 : TT = 0.053833, pt = 0.000288, dt = 0.049452, ct = 0.003415, ndl = 12710', bdl = 518232', odl = 13854', odf = 151455', bsi = 1440', cnt = 234607', bdch = 6670033', odch = 737301', lcp = 320065', #sols = 150
<DWph=0> <it= 16> <et=6.24> <Mt= 0.01> <Spt= 0.12> <nCl= 28> <al=0.00> <DB= 1859.3977> <Mlp= 1859.5825> <PB=1000000> 
    RCSP exact solver info for graph G_0 : TT = 0.055995, pt = 0.000469, dt = 0.050961, ct = 0.003821, ndl = 12741', bdl = 518972', odl = 13855', odf = 151700', bsi = 1440', cnt = 239967', bdch = 6693951', odch = 741710', lcp = 320684', #sols = 150
    RCSP exact solver info for graph G_0 : TT = 0.053171, pt = 0.000291, dt = 0.048646, ct = 0.003489, ndl = 12590', bdl = 513905', odl = 13787', odf = 150304', bsi = 1430', cnt = 224656', bdch = 6564874', odch = 718838', lcp = 313128', #sols = 150
<DWph=0> <it= 17> <et=6.36> <Mt= 0.00> <Spt= 0.12> <nCl=  4> <al=0.00> <DB= 1859.5825> <Mlp= 1859.5825> <PB=1000000> 
RCSP solver dynamic params and stats :  bidir.bord. = 375 aver.obdmd = 48.7097 aver.buck.num. = 51 nbR1C = 22 with avMem = 12.2727
@@ 1 8 1859.58 0.0578953 0.071963 91.9897 6.36
    Full reduced cost fixing is not called (gap ratio is 0.999966)
Bucket graph for G_0 is regenerated as bucket steps were adjusted for 62 vertices
RCSP solver info : number of forw. reachable buckets / buck. strongly connected components is 5962( 95.2092% ) / 5962( 100% )
324436 forw. buck. arcs remain (92.227% from max.) + 0 jump buck. arcs
ColGenEvalAlg final dual bound: 1859.58 (rounded: 1860)
False gap improvement since the last cut separation : 0.0242576 (1855.08)
Current active cuts : CAP(7,659.077) R1C(6+16,55.9933) 1rowPackR1C(6) 3rowPackR1C(16)
Shrinking heuristic shrunk 25 edges
In total 9 RCC cut(s) are found by the Fractional capacity min-cut heuristic 
In total 10 RCC cut(s) are found by the greedy construction heuristic 
In total 10 RCC cut(s) are found by the global pool greedy search heuristic 
5 Rank-1 1-rows pack. cuts added ,  max viol. = 0.105681, aver. viol. = 0.0541234
150 Rank-1 3-rows pack. cuts added ,  max viol. = 0.351558, aver. viol. = 0.175778
----- Add fac. cuts : CAP(29) R1C(155), max.viol = 0.40898, aver.viol = 0.163684, sep/add took 0.00823923/0.455743 sec. -----
6041 columns (6041 active), 382 dyn. constrs. (214 active), 757 art. vars. (336 active)
<DWph=2> <it=  1> <et=6.98> <Mt= 0.03> <Spt= 0.02> <nCl= 14> <al=0.50> <DB= 1857.3063> <Mlp= 1862.6535> <PB=1000000> 
<DWph=2> <it=  2> <et=7.01> <Mt= 0.01> <Spt= 0.03> <nCl=  7> <al=0.55> <DB= 1860.9642> <Mlp= 1862.6530> <PB=1000000> 
<DWph=2> <it=  3> <et=7.06> <Mt= 0.01> <Spt= 0.04> <nCl= 22> <al=0.19> <DB= 1654.3587> <Mlp= 1862.5993> <PB=1000000> 
<DWph=2> <it=  4> <et=7.09> <Mt= 0.00> <Spt= 0.02> <nCl=  5> <al=0.50> <DB= 1861.4438> <Mlp= 1862.4778> <PB=1000000> 
<DWph=2> <it=  5> <et=7.12> <Mt= 0.01> <Spt= 0.03> <nCl=  9> <al=0.55> <DB= 1850.7712> <Mlp= 1862.4481> <PB=1000000> 
<DWph=2> <it=  6> <et=7.15> <Mt= 0.00> <Spt= 0.02> <nCl=  2> <al=0.59> <DB= 1854.1853> <Mlp= 1862.4426> <PB=1000000> 
<DWph=2> <it=  7> <et=7.18> <Mt= 0.01> <Spt= 0.03> <nCl=  2> <al=0.63> <DB= 1860.4784> <Mlp= 1862.4159> <PB=1000000> 
<DWph=2> <it=  8> <et=7.23> <Mt= 0.00> <Spt= 0.04> <nCl=  7> <al=0.06> <DB= 1859.6688> <Mlp= 1862.4159> <PB=1000000> 
<DWph=2> <it=  9> <et=7.28> <Mt= 0.01> <Spt= 0.04> <nCl= 10> <al=0.00> <DB= 1859.6721> <Mlp= 1862.3821> <PB=1000000> 
<DWph=2> <it= 10> <et=7.32> <Mt= 0.00> <Spt= 0.04> <nCl=  3> <al=0.00> <DB= 1861.3659> <Mlp= 1862.3821> <PB=1000000> 
<DWph=2> <it= 11> <et=7.35> <Mt= 0.01> <Spt= 0.02> <nCl=  3> <al=0.23> <DB= 1858.3422> <Mlp= 1862.3821> <PB=1000000> 
<DWph=2> <it= 12> <et=7.39> <Mt= 0.00> <Spt= 0.04> <nCl=  1> <al=0.00> <DB= 1862.3821> <Mlp= 1862.3821> <PB=1000000> 
<DWph=1> <it= 13> <et=7.44> <Mt= 0.00> <Spt= 0.05> <nCl= 11> <al=0.21> <DB= 1785.0080> <Mlp= 1862.3821> <PB=1000000> 
<DWph=1> <it= 14> <et=7.48> <Mt= 0.01> <Spt= 0.04> <nCl=  3> <al=0.29> <DB= 1846.1250> <Mlp= 1862.3335> <PB=1000000> 
<DWph=1> <it= 15> <et=7.53> <Mt= 0.00> <Spt= 0.04> <nCl=  4> <al=0.19> <DB= 1861.3004> <Mlp= 1862.3335> <PB=1000000> 
<DWph=1> <it= 16> <et=7.57> <Mt= 0.00> <Spt= 0.04> <nCl=  3> <al=0.09> <DB= 1859.3855> <Mlp= 1862.3335> <PB=1000000> 
<DWph=1> <it= 17> <et=7.62> <Mt= 0.01> <Spt= 0.04> <nCl=  1> <al=0.18> <DB= 1862.0590> <Mlp= 1862.3258> <PB=1000000> 
<DWph=1> <it= 18> <et=7.72> <Mt= 0.00> <Spt= 0.09> <nCl=  4> <al=0.00> <DB= 1861.8385> <Mlp= 1862.3258> <PB=1000000> 
<DWph=1> <it= 19> <et=7.80> <Mt= 0.01> <Spt= 0.08> <nCl=  1> <al=0.00> <DB= 1862.3255> <Mlp= 1862.3255> <PB=1000000> 
    RCSP exact solver info for graph G_0 : TT = 0.13115, pt = 0.000427, dt = 0.114152, ct = 0.015638, ndl = 20596', bdl = 792535', odl = 25731', odf = 501058', bsi = 1473', cnt = 1074518', bdch = 9351985', odch = 2638268', lcp = 578911', #sols = 150
<DWph=0> <it= 20> <et=7.96> <Mt= 0.00> <Spt= 0.16> <nCl=150> <al=0.06> <DB= 1667.8616> <Mlp= 1862.3255> <PB=1000000> 
    RCSP exact solver info for graph G_0 : TT = 0.107177, pt = 0.000524, dt = 0.093327, ct = 0.012398, ndl = 19637', bdl = 761225', odl = 24630', odf = 464991', bsi = 1536', cnt = 844051', bdch = 8562035', odch = 2300642', lcp = 529577', #sols = 150
<DWph=0> <it= 21> <et=8.11> <Mt= 0.01> <Spt= 0.13> <nCl=121> <al=0.00> <DB= 1691.3040> <Mlp= 1861.9664> <PB=1000000> 
    RCSP exact solver info for graph G_0 : TT = 0.105025, pt = 0.000594, dt = 0.092413, ct = 0.011247, ndl = 18953', bdl = 737525', odl = 24302', odf = 446479', bsi = 1609', cnt = 771340', bdch = 8049456', odch = 1987295', lcp = 481076', #sols = 150
<DWph=0> <it= 22> <et=8.24> <Mt= 0.02> <Spt= 0.13> <nCl=150> <al=0.07> <DB= 1618.1374> <Mlp= 1861.8846> <PB=1000000> 
    RCSP exact solver info for graph G_0 : TT = 0.109561, pt = 0.000652, dt = 0.09593, ct = 0.011789, ndl = 18512', bdl = 719282', odl = 24217', odf = 441986', bsi = 1533', cnt = 738936', bdch = 7866118', odch = 1947433', lcp = 472967', #sols = 150
<DWph=0> <it= 23> <et=8.37> <Mt= 0.00> <Spt= 0.11> <nCl= 26> <al=0.16> <DB= 1859.2461> <Mlp= 1861.8846> <PB=1000000> 
    RCSP exact solver info for graph G_0 : TT = 0.111519, pt = 0.000549, dt = 0.098312, ct = 0.011624, ndl = 18748', bdl = 727692', odl = 24114', odf = 442570', bsi = 1528', cnt = 753292', bdch = 8002549', odch = 1945916', lcp = 476994', #sols = 150
<DWph=0> <it= 24> <et=8.49> <Mt= 0.00> <Spt= 0.12> <nCl=  6> <al=0.06> <DB= 1860.3463> <Mlp= 1861.8833> <PB=1000000> 
    RCSP exact solver info for graph G_0 : TT = 0.115882, pt = 0.000597, dt = 0.101612, ct = 0.012441, ndl = 18866', bdl = 730407', odl = 24168', odf = 443678', bsi = 1535', cnt = 753714', bdch = 8068142', odch = 1951772', lcp = 478182', #sols = 150
    RCSP exact solver info for graph G_0 : TT = 0.105961, pt = 0.000514, dt = 0.093458, ct = 0.010924, ndl = 18608', bdl = 722939', odl = 24191', odf = 439566', bsi = 1533', cnt = 736111', bdch = 7918238', odch = 1915390', lcp = 472393', #sols = 150
<DWph=0> <it= 25> <et=8.72> <Mt= 0.01> <Spt= 0.23> <nCl=  7> <al=0.00> <DB= 1861.8831> <Mlp= 1861.8831> <PB=1000000> 
RCSP solver dynamic params and stats :  bidir.bord. = 375 aver.obdmd = 97.4194 aver.buck.num. = 101 nbR1C = 36 with avMem = 13.4167
@@ 1 9 1861.88 0.110752 0.12979 92.227 8.72
    Full reduced cost fixing is not called (gap ratio is 0.999963)
ColGenEvalAlg final dual bound: 1861.88 (rounded: 1862)
False gap improvement since the last cut separation : 0.0123719 (1859.58)
Separator R1C not in maximum phase
Cut generation tailing off counter increased to 0
Current active cuts : CAP(10,855.948) R1C(9+27,97.8052) 1rowPackR1C(9) 3rowPackR1C(27)
Shrinking heuristic shrunk 16 edges
In total 1 RCC cut(s) are found by the Fractional capacity min-cut heuristic 
In total 1 RCC cut(s) are found by the greedy construction heuristic 
In total 14 RCC cut(s) are found by the global pool greedy search heuristic 
12 Rank-1 1-rows pack. cuts added ,  max viol. = 0.077149, aver. viol. = 0.0480958
150 Rank-1 3-rows pack. cuts added ,  max viol. = 0.151979, aver. viol. = 0.0935127
Building structures for heuristic rank-1 packing cut separation...done!
100 Rank-1 4-rows pack. cuts added ,  max viol. = 0.164038, aver. viol. = 0.0920779
----- Add fac. cuts : CAP(16) R1C(262), max.viol = 0.213203, aver.viol = 0.101963, sep/add took 0.0463815/0.670273 sec. -----
6613 columns (6613 active), 503 dyn. constrs. (325 active), 1035 art. vars. (447 active)
Shrinking heuristic shrunk 55 edges
<DWph=2> <it=  1> <et=9.54> <Mt= 0.03> <Spt= 0.04> <nCl=  8> <al=0.50> <DB= 1862.4416> <Mlp= 1863.0000> <PB=1863> 
<DWph=2> <it=  2> <et=9.59> <Mt= 0.01> <Spt= 0.03> <nCl=  7> <al=0.55> <DB= 1862.6929> <Mlp= 1863.0000> <PB=1863> 
<DWph=2> <it=  3> <et=9.67> <Mt= 0.01> <Spt= 0.06> <nCl=  7> <al=0.19> <DB= 1837.2292> <Mlp= 1863.0000> <PB=1863> 
<DWph=2> <it=  4> <et=9.71> <Mt= 0.01> <Spt= 0.04> <nCl=  4> <al=0.50> <DB= 1861.0779> <Mlp= 1863.0000> <PB=1863> 
<DWph=2> <it=  5> <et=9.77> <Mt= 0.01> <Spt= 0.05> <nCl=  1> <al=0.09> <DB= 1862.4277> <Mlp= 1863.0000> <PB=1863> 
<DWph=2> <it=  6> <et=9.83> <Mt= 0.00> <Spt= 0.05> <nCl=  1> <al=0.00> <DB= 1862.7719> <Mlp= 1863.0000> <PB=1863> 
<DWph=2> <it=  7> <et=9.89> <Mt= 0.01> <Spt= 0.06> <nCl=  1> <al=0.00> <DB= 1863.0000> <Mlp= 1863.0000> <PB=1863> 
<DWph=1> <it=  8> <et=9.94> <Mt= 0.00> <Spt= 0.05> <nCl= 13> <al=0.25> <DB= 1818.1025> <Mlp= 1863.0000> <PB=1863> 
<DWph=1> <it=  9> <et=10.01> <Mt= 0.01> <Spt= 0.05> <nCl=  5> <al=0.15> <DB= 1861.8066> <Mlp= 1863.0000> <PB=1863> 
<DWph=1> <it= 10> <et=10.06> <Mt= 0.01> <Spt= 0.05> <nCl=  4> <al=0.05> <DB= 1858.3601> <Mlp= 1863.0000> <PB=1863> 
<DWph=1> <it= 11> <et=10.12> <Mt= 0.01> <Spt= 0.05> <nCl=  3> <al=0.14> <DB= 1860.9435> <Mlp= 1863.0000> <PB=1863> 
<DWph=1> <it= 12> <et=10.18> <Mt= 0.00> <Spt= 0.05> <nCl=  2> <al=0.04> <DB= 1862.8782> <Mlp= 1863.0000> <PB=1863> 
<DWph=1> <it= 13> <et=10.23> <Mt= 0.01> <Spt= 0.05> <nCl=  1> <al=0.00> <DB= 1863.0000> <Mlp= 1863.0000> <PB=1863> 
    RCSP exact solver info for graph G_0 : TT = 0.143305, pt = 0.000624, dt = 0.127662, ct = 0.013883, ndl = 22244', bdl = 848976', odl = 25691', odf = 516672', bsi = 1528', cnt = 1030443', bdch = 10396413', odch = 2645871', lcp = 606602', #sols = 150
<DWph=0> <it= 14> <et=10.41> <Mt= 0.00> <Spt= 0.17> <nCl=115> <al=0.00> <DB= 1697.6819> <Mlp= 1863.0000> <PB=1863> 
    RCSP exact solver info for graph G_0 : TT = 0.143997, pt = 0.000723, dt = 0.124991, ct = 0.01739, ndl = 23295', bdl = 869442', odl = 27391', odf = 565623', bsi = 1807', cnt = 1053931', bdch = 10907959', odch = 3285058', lcp = 772877', #sols = 150
<DWph=0> <it= 15> <et=11.58> <Mt= 0.99> <Spt= 0.18> <nCl=150> <al=0.00> <DB=  975.6131> <Mlp= 1863.0000> <PB=1863> 
    RCSP exact solver info for graph G_0 : TT = 0.153007, pt = 0.000869, dt = 0.131449, ct = 0.019564, ndl = 22249', bdl = 830409', odl = 25944', odf = 538292', bsi = 1560', cnt = 1103422', bdch = 10084964', odch = 2950152', lcp = 669002', #sols = 150
<DWph=0> <it= 16> <et=13.01> <Mt= 1.24> <Spt= 0.20> <nCl=150> <al=0.00> <DB= 1553.8292> <Mlp= 1863.0000> <PB=1863> 
    RCSP exact solver info for graph G_0 : TT = 0.180795, pt = 0.001072, dt = 0.157796, ct = 0.020622, ndl = 24193', bdl = 907500', odl = 27707', odf = 585421', bsi = 1494', cnt = 1154216', bdch = 12007945', odch = 3493995', lcp = 783519', #sols = 150
<DWph=0> <it= 17> <et=14.25> <Mt= 1.02> <Spt= 0.22> <nCl=115> <al=0.06> <DB= 1814.0604> <Mlp= 1863.0000> <PB=1863> 
    RCSP exact solver info for graph G_0 : TT = 0.193491, pt = 0.001077, dt = 0.165239, ct = 0.025781, ndl = 24355', bdl = 911423', odl = 27661', odf = 585390', bsi = 1513', cnt = 1360647', bdch = 12081691', odch = 3549040', lcp = 781272', #sols = 150
<DWph=0> <it= 18> <et=15.45> <Mt= 0.99> <Spt= 0.21> <nCl= 48> <al=0.16> <DB= 1850.9530> <Mlp= 1863.0000> <PB=1863> 
    RCSP exact solver info for graph G_0 : TT = 0.20899, pt = 0.001247, dt = 0.18364, ct = 0.022815, ndl = 24698', bdl = 922717', odl = 28466', odf = 601290', bsi = 1470', cnt = 1231765', bdch = 12353841', odch = 3594007', lcp = 781490', #sols = 150
<DWph=0> <it= 19> <et=15.71> <Mt= 0.03> <Spt= 0.23> <nCl= 42> <al=0.24> <DB= 1858.0400> <Mlp= 1863.0000> <PB=1863> 
    RCSP exact solver info for graph G_0 : TT = 0.21428, pt = 0.001055, dt = 0.185954, ct = 0.025962, ndl = 25270', bdl = 936651', odl = 28431', odf = 609004', bsi = 1499', cnt = 1393342', bdch = 12702889', odch = 3917192', lcp = 825827', #sols = 150
    RCSP exact solver info for graph G_0 : TT = 0.173294, pt = 0.00064, dt = 0.14869, ct = 0.022668, ndl = 24745', bdl = 917880', odl = 27792', odf = 593570', bsi = 1495', cnt = 1366871', bdch = 12152388', odch = 3828776', lcp = 797697', #sols = 150
<DWph=0> <it= 20> <et=16.14> <Mt= 0.02> <Spt= 0.40> <nCl= 25> <al=0.00> <DB= 1862.5696> <Mlp= 1863.0000> <PB=1863> 
RCSP solver dynamic params and stats :  bidir.bord. = 375 aver.obdmd = 97.4194 aver.buck.num. = 101 nbR1C = 54 with avMem = 13.7222
@@ 1 10 1862.57 0.174263 0.211916 92.227 16.14
ColGenEvalAlg final dual bound: 1862.57 (rounded: 1863)
Gap improvement since the last cut separation : 1 (1861.88)
Current active cuts : CAP(11,1057.32) R1C(11+43,127.395) 1rowPackR1C(11) 3rowPackR1C(28) 4rowPackR1C(15)
New model incumbent solution 1863, TIME = 0h0m16s21t = 1621
************************************************************************************************
Search is finished, global bounds : [ 1863 , 1863 ], TIME = 0h0m16s21t = 1621
************************************************************************************************
[32mBaPCod : solution defined.[00m
statistics_cols: instance & :Optimal & cutoff & :bcRecRootDb & :bcTimeRootEval & :bcCountNodeProc & :bcRecBestDb & :bcRecBestInc & :bcTimeMain \\
statistics: instance_22-triangle & 1 & 1.0e6 & 1863.00 & 16.21 & 1 & 1863.00 & 1863 & 16.21 \\
########################################################
Route #1: 3 52 4 9 6 37 22 20 41 43 10 27 51 29 
Route #2: 14 18 39 17 60 26 53 58 15 49 8 50 57 45 38 
Route #3: 16 54 19 56 55 7 1 31 28 13 32 42 2 25 
Route #4: 34 46 33 44 
Route #5: 47 48 23 5 35 40 24 11 36 21 12 30 59 
Cost 1863
########################################################

end_time=2026-04-22 10:50:04
exit_code=0
