instance_file=/mnt/c/Users/porin/OneDrive/Documentos/Python-Mestrado/Modelagem Matemática/Programação Inteira - Uchoa/Problema VRPRDL/instancias_turco/VRPRDL-triangle/cvrp_padrao_convertidos/instance_13-triangle.vrp
instance_name=instance_13-triangle
n_customers=30
k_lb=2
k_ub=30
ub=1000000
timeout_s=3600
start_time=2026-04-22 10:47:27

  Activating project at `~/VRPSolver/VRPSolverDemos`
Application parameters:
  batch  =>  nothing
  instance  =>  "/mnt/c/Users/porin/OneDrive/Documentos/Python-Mestrado/Modelagem Matemática/Programação Inteira - Uchoa/Problema VRPRDL/instancias_turco/VRPRDL-triangle/cvrp_padrao_convertidos/instance_13-triangle.vrp"
  noround  =>  false
  cfg  =>  "/home/poringman/VRPSolver/VRPSolverDemos/src/../config/CVRP.cfg"
  edge_cuts  =>  false
  out  =>  nothing
  ub  =>  1.0e6
  cluster_branching  =>  1.0
  sol  =>  nothing
  single_resource  =>  false
  strong_kpath_cuts  =>  false
  tikz  =>  nothing
  maxr  =>  30
  update  =>  false
  show_complete_form  =>  false
  nosolve  =>  false
  minr  =>  2
  low_edge_priority  =>  false
~~~~~~~~~~~~~~~~~~~~~~~~~~~~~~~~~~~~~~~~~~~~~~~~~~~~~~~~~~~~~~~~~~~~~~~~~~~~~~~~~~~~~
GIT VERSION RCSP: 
GIT BRANCH: 
~~~~~~~~~~~~~~~~~~~~~~~~~~~~~~~~~~~~~~~~~~~~~~~~~~~~~~~~~~~~~~~~~~~~~~~~~~~~~~~~~~~~~
VRPSolver v0.6.16, 10/11/2025, © Inria Bordeaux, France, vrpsolver.math.u-bordeaux.fr
      Corresponds to the solver by Pessoa, Sadykov, Uchoa and Vanderbeck (2020)
                 Paper: dx.doi.org/10.1007/s10107-020-01523-z
~~~~~~~~~~~~~~~~~~~~~~~~~~~~~~~~~~~~~~~~~~~~~~~~~~~~~~~~~~~~~~~~~~~~~~~~~~~~~~~~~~~~~
GIT VERSION BAPCOD: a7cb21f19424236c9d0da5dcf94961797a519470
GIT BRANCH: main
~~~~~~~~~~~~~~~~~~~~~~~~~~~~~~~~~~~~~~~~~~~~~~~~~~~~~~~~~~~~~~~~~~~~~~~~~~~~~~~~~~~~~
   BaPCod v0.84, 10/11/2025, © Inria Bordeaux, France, bapcod.math.u-bordeaux.fr 
           THIS CODE IS PROVIDED AS IS, USE IT AT YOUR OWN RISK
~~~~~~~~~~~~~~~~~~~~~~~~~~~~~~~~~~~~~~~~~~~~~~~~~~~~~~~~~~~~~~~~~~~~~~~~~~~~~~~~~~~~~
--- MAIN PARAMETERS ---
GlobalTimeLimitInTick = 2147483645
GlobalTimeLimit = 21474836
ClockType = 0
MaxNbOfBBtreeNodeTreated = 100000
optimalityGapTolerance = 1e-06
relOptimalityGapTolerance = 1e-09
ApplyPreprocessing = false
PreprocessVariablesLocalBounds = false
treeSearchStrategy = 1
OpenNodesLimit = 1000
DEFAULTPRINTLEVEL = 0
--- MIP SOLVER PARAMETERS ---
solverName = CPLEX_SOLVER
MipSolverMaxBBNodes = 2000000
MipSolverMaxTime = 360000
MipSolverMultiThread = 1
--- COLUMN GENERATION PARAMETERS ---
SolverSelectForMast = a
  colGenSubProbSolMode = customSolver
mastInitMode = localArtCol
ArtVarPenaltyUpdateFactor = 2
ArtVarMaxNbOfPenaltyUpdates = 5
MaxNbOfStagesInColGenProcedure = 3
GenerateProperColumns = false
InsertAllGeneratedColumnsInFormRatherThanInPool = true
InsertNewNonNegColumnsDirectlyInFormRatherThanInPool = true
ColumnCleanupThreshold = 10000
ColumnCleanupRatio = 0.66
ReducedCostFixingThreshold = 0.9
--- CUT GENERATION PARAMETERS ---
MasterCuttingPlanesDepthLimit = 1000
MaxNbOfCutGeneratedAtEachIter = 1000
CutTailingOffThreshold = 0.015
CutTailingOffCounterThreshold = 3
CutCleanupThreshold = 1
CutCleanupRatio = 0.66
ColGenSpRelaxationImprovementPriority = 0
--- STABILIZATION PARAMETERS ---
colGenDualPriceSmoothingAlphaFactor = 1
colGenDualPriceSmoothingBetaFactor = 0
colGenStabilizationFunctionType = none
colGenProximalStabilizationRule = undefined
StabilFuncKappa = 1
colGenStabilizationMaxTreeDepth = 10000
StabilizationMinPhaseOfStage = 0
--- PRIMAL HEURISTIC PARAMETERS ---
UseInitialPrimalHeur = false
MaxTimeForRestrictedMasterIpHeur = -1
CallFrequencyOfRestrictedMasterIpHeur = 5
MIPemphasisInRestrictedMasterIpHeur = 1
PolishingAfterTimeInRestrictedMasterIpHeur = -1
DivingHeurUseDepthLimit = -1
CallFrequencyOfDivingHeur = 1
LeastFractional
Closest2RoundUp
LeastGreedyCost
LeastCost
FixIntValBeforeRoundingHeur = true
MaxNbOfCgIteDuringRh = 5000
MaxLDSbreadth = 0
MaxLDSdepth = 0
DivingHeurStopsWithFirstFeasSol = false
DivingHeurPreprocessBeforeChoosingVar = false
StrongDivingCandidatesNumber = 1
EvalAlgParamsInDiving = max#cand. = 1 max#cg.iters = 10000 min.lvl.sp.restr. = 1 min#cut.rounds = 0 max#cut.rounds = 0 red.cost.fix&enum. = false tree.size.ratio = 1
LocalSearchHeurUseDepthLimit = -1
LeastFractional
Closest2RoundUp
LeastGreedyCost
LeastCost
MaxFactorOfColFixedByLocalSearchHeur = 0.8
MaxLocalSearchIterationCounter = 3
--- STRONG BRANCHING PARAMETERS ---
SimplifiedStrongBranchingParameterisation = true
StrongBranchingPhaseOneCandidatesNumber = 100
StrongBranchingPhaseOneTreeSizeEstimRatio = 0.2
StrongBranchingPhaseTwoCandidatesNumber = 3
StrongBranchingPhaseTwoTreeSizeEstimRatio = 0.02
SafeDualBoundScaleFactor = -1
StrongBranchingPhaseOne = max#cand. = 100 max#cg.iters = 0 min.lvl.sp.restr. = 0 min#cut.rounds = 0 max#cut.rounds = 0 red.cost.fix&enum. = false tree.size.ratio = 0.2
StrongBranchingPhaseTwo = max#cand. = 3 max#cg.iters = 10000 min.lvl.sp.restr. = 1 min#cut.rounds = 0 max#cut.rounds = 0 red.cost.fix&enum. = false tree.size.ratio = 0.02
StrongBranchingPhaseThree = max#cand. = 1 max#cg.iters = 10000 min.lvl.sp.restr. = 0 min#cut.rounds = 0 max#cut.rounds = 10000 red.cost.fix&enum. = true tree.size.ratio = 1
StrongBranchingPhaseFour =not active
--- DEBUG OUTPUT PARAMETERS ---
printMasterPrimalSols = 0
--- VRPSOLVER PARAMETERS ---
RCSPstopCutGenTimeThresholdInPricing = 10
RCSPhardTimeThresholdInPricing = 25
RCSPredCostFixingTimeThreshold = 100
RCSPnumberOfBucketsPerVertex = 25
RCSPdynamicBucketSteps = 1
RCSPuseBidirectionalSearch = 2
RCSPapplyReducedCostFixing = 1
RCSPmaxNumOfColsPerIteration = 30
RCSPmaxNumOfColsPerExactIteration = 150
RCSPmaxNumOfLabelsInEnumeration = 500000
RCSPmaxNumOfLabelsInHeurEnumeration = 0
RCSPmaxNumOfEnumeratedSolutions = 5000000
RCSPmaxNumOfEnumSolutionsForMIP = 10000
RCSPmaxNumOfEnumSolsForEndOfNodeMIP = 10000
RCSPinitNGneighbourhoodSize = 8
RCSPmaxNGneighbourhoodSize = 8
RCSPrankOneCutsMaxNumRows = 5
RCSPrankOneCutsMaxNumPerRound = 100
RCSPrankOneCutsMemoryType = 0
RCSPrankOneCutsLSnumIterations = 1000
RCSPallowRoutesWithSameVerticesSet = true
RCSPredCostFixingFalseGap = 0
SafeDualBoundScaleFactor = -1
RCSPmaxNumOfLabelsInHeurEnumeration = 0
MaxNumEnumSolsInRestrictedMasterIpHeur = 5000

prName & bcTimeMain \\ 
New model incumbent solution 1e+06, TIME = 0h0m0s38t = 38
RCSP solver info : size of non-robust cut bitmask in a label is 640 bits
Bucket steps were recalculated for graph G_0 : [30]
RCSP solver info : symmetric case is detected for graph G_0! 
Bidirectional border value is initialised to 375
RCSP solver info : number of forw. reachable buckets / buck. strongly connected components is 802( 96.3942% ) / 277( 34.5387% )
RCSP solver info: std. label size is 56, ext. label size is 136
Generating neighbourhoods for rank-1 cuts separation
Building structures for 4- and 5-row rank-1 packing cut separation...done!
Model is built TIME = 0h0m0s38t = 38
************************************************************************************************
**** BaB tree root node
**** Local DB = -1e+12, global bounds : [ -1e+12 , 1e+06 ], TIME = 0h0m0s38t = 38
**** 1 open nodes, 0 columns (0 active), 0 dyn. constrs. (0 active), 62 art. vars. (62 active)
************************************************************************************************
--------------------------------------------------------------------------
BaPCod info : first we run the root node with rank-1 cuts with node memory
--------------------------------------------------------------------------
#<DWph=2> <it=  1> <et=0.39> <Mt= 0.00> <Spt= 0.00> <nCl= 30> <al=0.00> <DB=-2519964720.0000> <Mlp=74400000.0000> <PB=1000000> 
#<DWph=2> <it=  2> <et=0.39> <Mt= 0.00> <Spt= 0.00> <nCl= 30> <al=0.55> <DB=-1406664649.8300> <Mlp=68400222.6000> <PB=1000000> 
#<DWph=2> <it=  3> <et=0.39> <Mt= 0.00> <Spt= 0.00> <nCl= 30> <al=0.45> <DB=-1301049024.8152> <Mlp=67400163.8333> <PB=1000000> 
#<DWph=2> <it=  4> <et=0.39> <Mt= 0.00> <Spt= 0.00> <nCl= 30> <al=0.51> <DB=-1226809432.7625> <Mlp=55835662.0588> <PB=1000000> 
#<DWph=2> <it=  5> <et=0.39> <Mt= 0.00> <Spt= 0.00> <nCl= 30> <al=0.41> <DB=-1234609934.6067> <Mlp=44518470.8824> <PB=1000000> 
#<DWph=2> <it=  6> <et=0.39> <Mt= 0.00> <Spt= 0.00> <nCl= 30> <al=0.46> <DB=-1154938608.7225> <Mlp=37777388.8335> <PB=1000000> 
#<DWph=2> <it=  7> <et=0.39> <Mt= 0.00> <Spt= 0.00> <nCl= 30> <al=0.52> <DB=-965136056.5065> <Mlp=30056990.6766> <PB=1000000> 
#<DWph=2> <it=  8> <et=0.39> <Mt= 0.00> <Spt= 0.00> <nCl= 30> <al=0.57> <DB=-904094912.6157> <Mlp=26786769.4780> <PB=1000000> 
#<DWph=2> <it=  9> <et=0.40> <Mt= 0.00> <Spt= 0.00> <nCl= 30> <al=0.61> <DB=-1010505504.1968> <Mlp=12890096.6653> <PB=1000000> 
#<DWph=2> <it= 10> <et=0.40> <Mt= 0.00> <Spt= 0.01> <nCl= 30> <al=0.65> <DB=-983257117.5579> <Mlp=11419039.1851> <PB=1000000> 
#<DWph=2> <it= 11> <et=0.40> <Mt= 0.00> <Spt= 0.00> <nCl= 30> <al=0.68> <DB=-911166409.3324> <Mlp=8893947.8970> <PB=1000000> 
#<DWph=2> <it= 12> <et=0.40> <Mt= 0.00> <Spt= 0.00> <nCl= 30> <al=0.72> <DB=-817700382.1156> <Mlp=3682893.6645> <PB=1000000> 
#<DWph=2> <it= 13> <et=0.40> <Mt= 0.00> <Spt= 0.00> <nCl= 30> <al=0.62> <DB=-666989730.3971> <Mlp=1118238.1784> <PB=1000000> 
#<DWph=2> <it= 14> <et=0.40> <Mt= 0.00> <Spt= 0.00> <nCl= 30> <al=0.52> <DB=-482763492.7651> <Mlp=666994.5032> <PB=1000000> 
#<DWph=2> <it= 15> <et=0.40> <Mt= 0.00> <Spt= 0.00> <nCl= 30> <al=0.42> <DB=-321548649.9649> <Mlp=108057.7248> <PB=1000000> 
#<DWph=2> <it= 16> <et=0.40> <Mt= 0.00> <Spt= 0.00> <nCl= 30> <al=0.32> <DB=-82450370.2315> <Mlp=62855.6180> <PB=1000000> 
#<DWph=2> <it= 17> <et=0.41> <Mt= 0.00> <Spt= 0.00> <nCl= 30> <al=0.22> <DB=-2065921.9279> <Mlp=60520.7517> <PB=1000000> 
<DWph=2> <it= 18> <et=0.41> <Mt= 0.00> <Spt= 0.00> <nCl= 30> <al=0.00> <DB=-33069.7994> <Mlp= 1793.7113> <PB=1000000> 
<DWph=2> <it= 19> <et=0.41> <Mt= 0.00> <Spt= 0.00> <nCl= 30> <al=0.02> <DB=-29675.5660> <Mlp= 1722.2915> <PB=1000000> 
<DWph=2> <it= 20> <et=0.41> <Mt= 0.00> <Spt= 0.00> <nCl= 30> <al=0.11> <DB=-34415.2837> <Mlp= 1640.3901> <PB=1000000> 
<DWph=2> <it= 21> <et=0.41> <Mt= 0.00> <Spt= 0.01> <nCl= 30> <al=0.20> <DB=-16531.1207> <Mlp= 1590.1635> <PB=1000000> 
<DWph=2> <it= 22> <et=0.41> <Mt= 0.00> <Spt= 0.00> <nCl= 30> <al=0.28> <DB=-14646.8385> <Mlp= 1404.2629> <PB=1000000> 
<DWph=2> <it= 23> <et=0.42> <Mt= 0.00> <Spt= 0.00> <nCl= 30> <al=0.35> <DB=-10198.6902> <Mlp= 1339.9377> <PB=1000000> 
<DWph=2> <it= 24> <et=0.42> <Mt= 0.00> <Spt= 0.00> <nCl= 30> <al=0.25> <DB=-8978.8420> <Mlp= 1293.3639> <PB=1000000> 
<DWph=2> <it= 25> <et=0.42> <Mt= 0.00> <Spt= 0.00> <nCl= 30> <al=0.33> <DB=-6985.6903> <Mlp= 1251.5302> <PB=1000000> 
<DWph=2> <it= 26> <et=0.42> <Mt= 0.00> <Spt= 0.00> <nCl= 30> <al=0.40> <DB=-6042.4249> <Mlp= 1217.0633> <PB=1000000> 
<DWph=2> <it= 27> <et=0.42> <Mt= 0.00> <Spt= 0.00> <nCl= 30> <al=0.46> <DB=-5159.5716> <Mlp= 1204.0276> <PB=1000000> 
<DWph=2> <it= 28> <et=0.42> <Mt= 0.01> <Spt= 0.00> <nCl= 30> <al=0.51> <DB=-5196.8533> <Mlp= 1200.9495> <PB=1000000> 
<DWph=2> <it= 29> <et=0.43> <Mt= 0.00> <Spt= 0.00> <nCl= 30> <al=0.56> <DB=-3856.9077> <Mlp= 1163.5074> <PB=1000000> 
<DWph=2> <it= 30> <et=0.43> <Mt= 0.00> <Spt= 0.01> <nCl= 30> <al=0.60> <DB=-3455.0355> <Mlp= 1119.3203> <PB=1000000> 
<DWph=2> <it= 31> <et=0.43> <Mt= 0.00> <Spt= 0.00> <nCl= 30> <al=0.64> <DB=-2189.5400> <Mlp= 1100.6776> <PB=1000000> 
<DWph=2> <it= 32> <et=0.43> <Mt= 0.00> <Spt= 0.00> <nCl= 30> <al=0.54> <DB=-1955.1628> <Mlp= 1076.5843> <PB=1000000> 
<DWph=2> <it= 33> <et=0.43> <Mt= 0.00> <Spt= 0.00> <nCl= 30> <al=0.59> <DB=-1689.1910> <Mlp= 1058.8825> <PB=1000000> 
<DWph=2> <it= 34> <et=0.44> <Mt= 0.00> <Spt= 0.00> <nCl= 30> <al=0.63> <DB=-1743.1317> <Mlp= 1044.3982> <PB=1000000> 
<DWph=2> <it= 35> <et=0.44> <Mt= 0.00> <Spt= 0.00> <nCl= 30> <al=0.67> <DB=-1069.4653> <Mlp= 1016.4736> <PB=1000000> 
<DWph=2> <it= 36> <et=0.44> <Mt= 0.00> <Spt= 0.00> <nCl= 30> <al=0.57> <DB= -917.1631> <Mlp= 1015.1876> <PB=1000000> 
<DWph=2> <it= 37> <et=0.44> <Mt= 0.00> <Spt= 0.01> <nCl= 30> <al=0.61> <DB= -919.4741> <Mlp= 1009.0989> <PB=1000000> 
<DWph=2> <it= 38> <et=0.44> <Mt= 0.00> <Spt= 0.00> <nCl= 30> <al=0.65> <DB= -955.2910> <Mlp= 1001.9252> <PB=1000000> 
<DWph=2> <it= 39> <et=0.45> <Mt= 0.00> <Spt= 0.00> <nCl= 30> <al=0.68> <DB= -517.0954> <Mlp=  999.0607> <PB=1000000> 
<DWph=2> <it= 40> <et=0.45> <Mt= 0.00> <Spt= 0.00> <nCl= 30> <al=0.58> <DB= -495.4963> <Mlp=  996.1432> <PB=1000000> 
<DWph=2> <it= 41> <et=0.45> <Mt= 0.00> <Spt= 0.00> <nCl= 30> <al=0.63> <DB= -138.5114> <Mlp=  992.6304> <PB=1000000> 
<DWph=2> <it= 42> <et=0.45> <Mt= 0.00> <Spt= 0.00> <nCl= 30> <al=0.53> <DB= -171.9221> <Mlp=  990.9157> <PB=1000000> 
<DWph=2> <it= 43> <et=0.45> <Mt= 0.00> <Spt= 0.00> <nCl= 30> <al=0.57> <DB= -378.7700> <Mlp=  986.8686> <PB=1000000> 
<DWph=2> <it= 44> <et=0.46> <Mt= 0.00> <Spt= 0.00> <nCl= 30> <al=0.62> <DB=   50.3414> <Mlp=  984.7077> <PB=1000000> 
<DWph=2> <it= 45> <et=0.46> <Mt= 0.00> <Spt= 0.01> <nCl= 30> <al=0.52> <DB= -212.0232> <Mlp=  978.9959> <PB=1000000> 
<DWph=2> <it= 46> <et=0.46> <Mt= 0.01> <Spt= 0.00> <nCl= 30> <al=0.56> <DB=  373.1645> <Mlp=  978.9959> <PB=1000000> 
<DWph=2> <it= 47> <et=0.46> <Mt= 0.00> <Spt= 0.00> <nCl= 30> <al=0.61> <DB=  -16.8950> <Mlp=  975.6507> <PB=1000000> 
<DWph=2> <it= 48> <et=0.46> <Mt= 0.00> <Spt= 0.00> <nCl= 30> <al=0.65> <DB=  375.5640> <Mlp=  975.6507> <PB=1000000> 
<DWph=2> <it= 49> <et=0.46> <Mt= 0.00> <Spt= 0.00> <nCl= 28> <al=0.68> <DB=  393.7842> <Mlp=  973.4000> <PB=1000000> 
<DWph=2> <it= 50> <et=0.47> <Mt= 0.00> <Spt= 0.00> <nCl= 30> <al=0.71> <DB=  414.1114> <Mlp=  972.1414> <PB=1000000> 
<DWph=2> <it= 51> <et=0.47> <Mt= 0.00> <Spt= 0.00> <nCl= 30> <al=0.74> <DB=  405.1653> <Mlp=  971.8673> <PB=1000000> 
<DWph=2> <it= 52> <et=0.47> <Mt= 0.00> <Spt= 0.00> <nCl= 30> <al=0.64> <DB=  466.2000> <Mlp=  970.7957> <PB=1000000> 
<DWph=2> <it= 53> <et=0.47> <Mt= 0.00> <Spt= 0.01> <nCl= 30> <al=0.68> <DB=  563.1732> <Mlp=  970.7957> <PB=1000000> 
<DWph=2> <it= 54> <et=0.47> <Mt= 0.00> <Spt= 0.00> <nCl= 30> <al=0.71> <DB=  712.8613> <Mlp=  970.0909> <PB=1000000> 
<DWph=2> <it= 55> <et=0.48> <Mt= 0.00> <Spt= 0.00> <nCl= 25> <al=0.61> <DB=  729.7575> <Mlp=  969.7038> <PB=1000000> 
<DWph=2> <it= 56> <et=0.48> <Mt= 0.00> <Spt= 0.00> <nCl= 29> <al=0.65> <DB=  720.0750> <Mlp=  969.5698> <PB=1000000> 
<DWph=2> <it= 57> <et=0.48> <Mt= 0.00> <Spt= 0.00> <nCl= 23> <al=0.68> <DB=  795.6191> <Mlp=  969.5698> <PB=1000000> 
<DWph=2> <it= 58> <et=0.48> <Mt= 0.00> <Spt= 0.00> <nCl= 29> <al=0.58> <DB=  621.5194> <Mlp=  969.4907> <PB=1000000> 
<DWph=2> <it= 59> <et=0.48> <Mt= 0.00> <Spt= 0.00> <nCl= 28> <al=0.63> <DB=  626.3806> <Mlp=  969.0667> <PB=1000000> 
<DWph=2> <it= 60> <et=0.48> <Mt= 0.00> <Spt= 0.00> <nCl= 19> <al=0.66> <DB=  733.2214> <Mlp=  969.0667> <PB=1000000> 
<DWph=2> <it= 61> <et=0.49> <Mt= 0.00> <Spt= 0.01> <nCl= 17> <al=0.56> <DB=  557.1606> <Mlp=  968.8064> <PB=1000000> 
<DWph=2> <it= 62> <et=0.49> <Mt= 0.00> <Spt= 0.00> <nCl= 18> <al=0.61> <DB=  877.4600> <Mlp=  967.8571> <PB=1000000> 
<DWph=2> <it= 63> <et=0.49> <Mt= 0.00> <Spt= 0.00> <nCl= 26> <al=0.51> <DB=  808.9023> <Mlp=  967.6429> <PB=1000000> 
<DWph=2> <it= 64> <et=0.49> <Mt= 0.00> <Spt= 0.00> <nCl= 19> <al=0.56> <DB=  907.2968> <Mlp=  967.6429> <PB=1000000> 
<DWph=2> <it= 65> <et=0.49> <Mt= 0.01> <Spt= 0.00> <nCl= 18> <al=0.60> <DB=  887.9172> <Mlp=  967.6429> <PB=1000000> 
<DWph=2> <it= 66> <et=0.50> <Mt= 0.00> <Spt= 0.00> <nCl= 10> <al=0.64> <DB=  961.6489> <Mlp=  967.6071> <PB=1000000> 
<DWph=2> <it= 67> <et=0.50> <Mt= 0.00> <Spt= 0.00> <nCl= 24> <al=0.54> <DB=  676.8671> <Mlp=  967.5714> <PB=1000000> 
<DWph=2> <it= 68> <et=0.50> <Mt= 0.00> <Spt= 0.01> <nCl= 25> <al=0.59> <DB=  607.4422> <Mlp=  967.3241> <PB=1000000> 
<DWph=2> <it= 69> <et=0.50> <Mt= 0.00> <Spt= 0.00> <nCl= 28> <al=0.63> <DB=  910.3903> <Mlp=  966.5083> <PB=1000000> 
<DWph=2> <it= 70> <et=0.50> <Mt= 0.00> <Spt= 0.00> <nCl= 22> <al=0.67> <DB=  852.7288> <Mlp=  966.1250> <PB=1000000> 
<DWph=2> <it= 71> <et=0.51> <Mt= 0.00> <Spt= 0.00> <nCl= 35> <al=0.40> <DB=  758.1788> <Mlp=  966.1250> <PB=1000000> 
<DWph=2> <it= 72> <et=0.51> <Mt= 0.00> <Spt= 0.00> <nCl= 34> <al=0.20> <DB=  949.7939> <Mlp=  965.6613> <PB=1000000> 
<DWph=2> <it= 73> <et=0.51> <Mt= 0.00> <Spt= 0.01> <nCl= 38> <al=0.00> <DB=  717.9194> <Mlp=  965.6613> <PB=1000000> 
<DWph=2> <it= 74> <et=0.51> <Mt= 0.00> <Spt= 0.00> <nCl= 17> <al=0.40> <DB=  935.0310> <Mlp=  965.0435> <PB=1000000> 
<DWph=2> <it= 75> <et=0.52> <Mt= 0.00> <Spt= 0.00> <nCl= 37> <al=0.00> <DB=  671.7101> <Mlp=  965.0435> <PB=1000000> 
<DWph=2> <it= 76> <et=0.52> <Mt= 0.00> <Spt= 0.00> <nCl= 12> <al=0.36> <DB=  946.2583> <Mlp=  965.0435> <PB=1000000> 
<DWph=2> <it= 77> <et=0.52> <Mt= 0.00> <Spt= 0.00> <nCl= 17> <al=0.26> <DB=  959.2224> <Mlp=  965.0435> <PB=1000000> 
<DWph=2> <it= 78> <et=0.52> <Mt= 0.00> <Spt= 0.00> <nCl= 43> <al=0.00> <DB=  953.3043> <Mlp=  965.0435> <PB=1000000> 
<DWph=2> <it= 79> <et=0.53> <Mt= 0.00> <Spt= 0.01> <nCl= 24> <al=0.06> <DB=  759.6978> <Mlp=  965.0435> <PB=1000000> 
<DWph=2> <it= 80> <et=0.53> <Mt= 0.00> <Spt= 0.00> <nCl= 17> <al=0.15> <DB=  753.3153> <Mlp=  965.0435> <PB=1000000> 
<DWph=2> <it= 81> <et=0.53> <Mt= 0.00> <Spt= 0.00> <nCl= 13> <al=0.24> <DB=  738.2286> <Mlp=  965.0435> <PB=1000000> 
<DWph=2> <it= 82> <et=0.53> <Mt= 0.00> <Spt= 0.00> <nCl= 22> <al=0.00> <DB=  869.8261> <Mlp=  965.0435> <PB=1000000> 
<DWph=2> <it= 83> <et=0.53> <Mt= 0.00> <Spt= 0.00> <nCl= 12> <al=0.21> <DB=  856.0996> <Mlp=  965.0435> <PB=1000000> 
<DWph=2> <it= 84> <et=0.54> <Mt= 0.01> <Spt= 0.00> <nCl=  7> <al=0.29> <DB=  957.7079> <Mlp=  965.0435> <PB=1000000> 
<DWph=2> <it= 85> <et=0.54> <Mt= 0.00> <Spt= 0.00> <nCl= 11> <al=0.00> <DB=  866.4348> <Mlp=  965.0435> <PB=1000000> 
<DWph=2> <it= 86> <et=0.54> <Mt= 0.00> <Spt= 0.01> <nCl= 11> <al=0.00> <DB=  965.0435> <Mlp=  965.0435> <PB=1000000> 
<DWph=1> <it= 87> <et=0.54> <Mt= 0.00> <Spt= 0.00> <nCl= 16> <al=0.00> <DB=  842.4348> <Mlp=  965.0435> <PB=1000000> 
<DWph=1> <it= 88> <et=0.55> <Mt= 0.00> <Spt= 0.00> <nCl= 26> <al=0.00> <DB=  740.3295> <Mlp=  964.6477> <PB=1000000> 
<DWph=1> <it= 89> <et=0.55> <Mt= 0.00> <Spt= 0.00> <nCl= 26> <al=0.09> <DB=  587.9347> <Mlp=  964.2667> <PB=1000000> 
<DWph=1> <it= 90> <et=0.55> <Mt= 0.00> <Spt= 0.01> <nCl= 19> <al=0.18> <DB=  772.3373> <Mlp=  964.2667> <PB=1000000> 
<DWph=1> <it= 91> <et=0.56> <Mt= 0.00> <Spt= 0.00> <nCl= 12> <al=0.27> <DB=  904.0074> <Mlp=  964.2667> <PB=1000000> 
<DWph=1> <it= 92> <et=0.56> <Mt= 0.00> <Spt= 0.00> <nCl= 14> <al=0.17> <DB=  912.9769> <Mlp=  963.5000> <PB=1000000> 
<DWph=1> <it= 93> <et=0.56> <Mt= 0.00> <Spt= 0.01> <nCl= 11> <al=0.00> <DB=  962.3616> <Mlp=  963.5000> <PB=1000000> 
<DWph=1> <it= 94> <et=0.57> <Mt= 0.00> <Spt= 0.00> <nCl=  2> <al=0.00> <DB=  963.5000> <Mlp=  963.5000> <PB=1000000> 
    RCSP exact solver info for graph G_0 : TT = 0.004086, pt = 6e-06, dt = 0.003541, ct = 0.000251, ndl = 2002', bdl = 40884', odl = 3479', odf = 21962', bsi = 1474', cnt = 4667', bdch = 348925', odch = 54646', lcp = 34133', #sols = 150
<DWph=0> <it= 95> <et=0.58> <Mt= 0.00> <Spt= 0.01> <nCl=126> <al=0.05> <DB=  693.5000> <Mlp=  963.5000> <PB=1000000> 
    RCSP exact solver info for graph G_0 : TT = 0.004099, pt = 1.4e-05, dt = 0.00356, ct = 0.000234, ndl = 2112', bdl = 43245', odl = 3387', odf = 21818', bsi = 1482', cnt = 5774', bdch = 365540', odch = 61128', lcp = 37323', #sols = 150
<DWph=0> <it= 96> <et=0.58> <Mt= 0.00> <Spt= 0.00> <nCl=109> <al=0.00> <DB=  831.1757> <Mlp=  962.5000> <PB=1000000> 
    RCSP exact solver info for graph G_0 : TT = 0.004017, pt = 1.2e-05, dt = 0.003507, ct = 0.000219, ndl = 2033', bdl = 41706', odl = 3447', odf = 21854', bsi = 1449', cnt = 5871', bdch = 351671', odch = 58726', lcp = 37123', #sols = 150
<DWph=0> <it= 97> <et=0.59> <Mt= 0.00> <Spt= 0.01> <nCl= 35> <al=0.05> <DB=  954.1734> <Mlp=  962.5000> <PB=1000000> 
    RCSP exact solver info for graph G_0 : TT = 0.004061, pt = 1.5e-05, dt = 0.003535, ct = 0.000228, ndl = 2028', bdl = 41608', odl = 3448', odf = 21954', bsi = 1454', cnt = 5792', bdch = 350302', odch = 59185', lcp = 37322', #sols = 150
    RCSP exact solver info for graph G_0 : TT = 0.004168, pt = 1.4e-05, dt = 0.003583, ct = 0.000232, ndl = 1995', bdl = 41127', odl = 3451', odf = 21804', bsi = 1435', cnt = 5296', bdch = 345064', odch = 57563', lcp = 36854', #sols = 150
<DWph=0> <it= 98> <et=0.60> <Mt= 0.00> <Spt= 0.01> <nCl= 14> <al=0.00> <DB=  962.5000> <Mlp=  962.5000> <PB=1000000> 
RCSP solver dynamic params and stats :  bidir.bord. = 375 aver.obdmd = 24.0938 aver.buck.num. = 26
@@ 1 0 962.5 0.003778 0.003815 92.384 0.6
RCSP      solver labels distribution in 301 buckets (bucket size) : largest - 42, top 0.1% - 42, top 0.5% - 35, top 2% - 28, top 10% - 14, top 50% - 5
Reduced cost fixing for graph G_0...  TT = 0.006641, pt = 0.000362, dt = 0.006236, ct = 0, ndl = 4729', bdl = 64223', odl = 3666', odf = 41712', lpcb = 6329', cnt = 171572', bdch = 537906', odch = 150485', lcp = 50254'
21362 buck. arcs remain (99.3% from prev., 91.8% from max.) + 0 jump buck. arcs (0% from max.)
 TT = 0.015018, pt = 0.000362, dt = 0.006236, ct = 0.008311, ndl = 4729', bdl = 64223', odl = 3666', odf = 41712', lpcb = 6329', cnt = 199278', bdch = 537906', odch = 150485', lcp = 50254'
RCSP      solver labels distribution in 625 buckets (bucket size) : largest - 42, top 0.1% - 42, top 0.5% - 36, top 2% - 33, top 10% - 16, top 50% - 6
Run forward enumeration with border = 375... not succeeded (ratio 0.934442) lpt = 0.031749, ndl = 50017', dl = 39450', lpcb = 0', dch = 193365'
 TT = 0.039665, pt = 0.005936, dt = 0.031749, ct = 0, ndl = 50017', bdl = 39450', cnt = 302764', bdch = 193365', odch = 0', lcp = 0'
ColGenEvalAlg final dual bound: 962.5 (rounded: 963)
In total 1 RCC cut(s) are found by the connected components heuristic 
Shrinking heuristic shrunk 23 edges
In total 1 RCC cut(s) are found by the greedy construction heuristic 
----- Add fac. cuts : CAP(2), max.viol = 0.5, aver.viol = 0.5, sep/add took 0.000358254/0.00489124 sec. -----
2738 columns (2738 active), 2 dyn. constrs. (2 active), 64 art. vars. (64 active)
<DWph=2> <it=  1> <et=0.67> <Mt= 0.00> <Spt= 0.00> <nCl= 16> <al=0.50> <DB=  896.0929> <Mlp=  976.4000> <PB=1000000> 
<DWph=2> <it=  2> <et=0.67> <Mt= 0.01> <Spt= 0.00> <nCl= 13> <al=0.55> <DB=  964.9102> <Mlp=  974.2414> <PB=1000000> 
<DWph=2> <it=  3> <et=0.68> <Mt= 0.00> <Spt= 0.01> <nCl= 24> <al=0.60> <DB=  940.8722> <Mlp=  974.0588> <PB=1000000> 
<DWph=2> <it=  4> <et=0.68> <Mt= 0.00> <Spt= 0.00> <nCl= 41> <al=0.27> <DB=  964.3874> <Mlp=  971.2778> <PB=1000000> 
<DWph=2> <it=  5> <et=0.68> <Mt= 0.00> <Spt= 0.00> <nCl= 24> <al=0.54> <DB=  967.8496> <Mlp=  971.2778> <PB=1000000> 
<DWph=2> <it=  6> <et=0.68> <Mt= 0.00> <Spt= 0.00> <nCl= 17> <al=0.58> <DB=  969.4667> <Mlp=  971.0986> <PB=1000000> 
<DWph=2> <it=  7> <et=0.69> <Mt= 0.00> <Spt= 0.00> <nCl= 17> <al=0.48> <DB=  968.6099> <Mlp=  971.0959> <PB=1000000> 
<DWph=2> <it=  8> <et=0.69> <Mt= 0.00> <Spt= 0.00> <nCl= 14> <al=0.53> <DB=  969.4373> <Mlp=  971.0909> <PB=1000000> 
<DWph=2> <it=  9> <et=0.69> <Mt= 0.00> <Spt= 0.01> <nCl= 27> <al=0.16> <DB=  970.5596> <Mlp=  971.0909> <PB=1000000> 
<DWph=2> <it= 10> <et=0.69> <Mt= 0.00> <Spt= 0.00> <nCl= 17> <al=0.00> <DB=  968.8636> <Mlp=  971.0909> <PB=1000000> 
<DWph=2> <it= 11> <et=0.69> <Mt= 0.00> <Spt= 0.00> <nCl= 17> <al=0.38> <DB=  968.2128> <Mlp=  971.0909> <PB=1000000> 
<DWph=2> <it= 12> <et=0.70> <Mt= 0.00> <Spt= 0.00> <nCl= 17> <al=0.44> <DB=  969.4841> <Mlp=  971.0909> <PB=1000000> 
<DWph=2> <it= 13> <et=0.70> <Mt= 0.00> <Spt= 0.00> <nCl=  8> <al=0.00> <DB=  971.0909> <Mlp=  971.0909> <PB=1000000> 
<DWph=1> <it= 14> <et=0.70> <Mt= 0.00> <Spt= 0.00> <nCl= 20> <al=0.24> <DB=  969.6364> <Mlp=  971.0909> <PB=1000000> 
<DWph=1> <it= 15> <et=0.71> <Mt= 0.00> <Spt= 0.01> <nCl=  6> <al=0.00> <DB=  971.0909> <Mlp=  971.0909> <PB=1000000> 
    RCSP exact solver info for graph G_0 : TT = 0.004274, pt = 5e-06, dt = 0.003625, ct = 0.00027, ndl = 2159', bdl = 44961', odl = 3185', odf = 21582', bsi = 1567', cnt = 5096', bdch = 375888', odch = 59083', lcp = 36267', #sols = 150
<DWph=0> <it= 16> <et=0.71> <Mt= 0.00> <Spt= 0.01> <nCl=116> <al=0.04> <DB=  933.7273> <Mlp=  971.0909> <PB=1000000> 
    RCSP exact solver info for graph G_0 : TT = 0.004614, pt = 1.7e-05, dt = 0.004031, ct = 0.000247, ndl = 2351', bdl = 48876', odl = 3245', odf = 22439', bsi = 1621', cnt = 5950', bdch = 428678', odch = 65493', lcp = 39289', #sols = 150
<DWph=0> <it= 17> <et=0.72> <Mt= 0.00> <Spt= 0.00> <nCl= 79> <al=0.14> <DB=  968.7006> <Mlp=  971.0238> <PB=1000000> 
    RCSP exact solver info for graph G_0 : TT = 0.004411, pt = 1.4e-05, dt = 0.003874, ct = 0.00024, ndl = 2424', bdl = 50838', odl = 3297', odf = 22786', bsi = 1642', cnt = 5665', bdch = 459163', odch = 68230', lcp = 41531', #sols = 150
<DWph=0> <it= 18> <et=0.73> <Mt= 0.01> <Spt= 0.01> <nCl= 28> <al=0.22> <DB=  969.9478> <Mlp=  971.0000> <PB=1000000> 
    RCSP exact solver info for graph G_0 : TT = 0.004581, pt = 1.6e-05, dt = 0.004003, ct = 0.000267, ndl = 2469', bdl = 51520', odl = 3283', odf = 23070', bsi = 1658', cnt = 5779', bdch = 465620', odch = 70258', lcp = 42080', #sols = 150
    RCSP exact solver info for graph G_0 : TT = 0.003775, pt = 1.4e-05, dt = 0.003321, ct = 0.000174, ndl = 1935', bdl = 41196', odl = 3133', odf = 20115', bsi = 1407', cnt = 3496', bdch = 331497', odch = 51350', lcp = 31829', #sols = 150
<DWph=0> <it= 19> <et=0.74> <Mt= 0.00> <Spt= 0.01> <nCl= 51> <al=0.00> <DB=  971.0000> <Mlp=  971.0000> <PB=1000000> 
RCSP solver dynamic params and stats :  bidir.bord. = 375 aver.obdmd = 24.0938 aver.buck.num. = 26
@@ 1 1 971 0.0040104 0.004278 91.7612 0.74
    Full reduced cost fixing is not called (gap ratio is 0.999991)
ColGenEvalAlg final dual bound: 971 (rounded: 971)
False gap improvement since the last cut separation : 0.0883117 (962.5)
Current active cuts : CAP(2,209)
In total 2 RCC cut(s) are found by the connected components heuristic 
Shrinking heuristic shrunk 18 edges
In total 4 RCC cut(s) are found by the Fractional capacity min-cut heuristic 
In total 18 RCC cut(s) are found by the greedy construction heuristic 
----- Add fac. cuts : CAP(24), max.viol = 0.1, aver.viol = 0.05625, sep/add took 0.000529322/0.0383826 sec. -----
3290 columns (3290 active), 26 dyn. constrs. (26 active), 88 art. vars. (88 active)
<DWph=2> <it=  1> <et=0.79> <Mt= 0.00> <Spt= 0.01> <nCl= 33> <al=0.00> <DB=  971.8333> <Mlp=  971.8333> <PB=1000000> 
<DWph=1> <it=  2> <et=0.79> <Mt= 0.00> <Spt= 0.00> <nCl= 18> <al=0.40> <DB=  968.1667> <Mlp=  971.8333> <PB=1000000> 
<DWph=1> <it=  3> <et=0.80> <Mt= 0.00> <Spt= 0.00> <nCl= 14> <al=0.00> <DB=  971.8333> <Mlp=  971.8333> <PB=1000000> 
    RCSP exact solver info for graph G_0 : TT = 0.004492, pt = 7e-06, dt = 0.003872, ct = 0.000203, ndl = 2078', bdl = 43919', odl = 3207', odf = 21677', bsi = 1447', cnt = 3750', bdch = 372076', odch = 58873', lcp = 34512', #sols = 150
<DWph=0> <it=  4> <et=0.81> <Mt= 0.00> <Spt= 0.01> <nCl= 59> <al=0.36> <DB=  971.1667> <Mlp=  971.8333> <PB=1000000> 
    RCSP exact solver info for graph G_0 : TT = 0.003961, pt = 1.3e-05, dt = 0.003415, ct = 0.00022, ndl = 2080', bdl = 44214', odl = 3210', odf = 21807', bsi = 1442', cnt = 3817', bdch = 377939', odch = 60213', lcp = 34516', #sols = 150
    RCSP exact solver info for graph G_0 : TT = 0.003952, pt = 1.3e-05, dt = 0.003412, ct = 0.000226, ndl = 2116', bdl = 44840', odl = 3248', odf = 22172', bsi = 1447', cnt = 3961', bdch = 386258', odch = 61643', lcp = 35618', #sols = 150
<DWph=0> <it=  5> <et=0.82> <Mt= 0.00> <Spt= 0.01> <nCl=  6> <al=0.00> <DB=  971.8333> <Mlp=  971.8333> <PB=1000000> 
RCSP solver dynamic params and stats :  bidir.bord. = 375 aver.obdmd = 24.0938 aver.buck.num. = 26
@@ 1 2 971.833 0.00378267 0.004075 91.7612 0.82
    Full reduced cost fixing is not called (gap ratio is 0.999991)
ColGenEvalAlg final dual bound: 971.833 (rounded: 972)
False gap improvement since the last cut separation : 0.00858222 (971)
Cut generation tailing off counter increased to 1
Current active cuts : CAP(7,333.333)
Shrinking heuristic shrunk 18 edges
11 Rank-1 1-rows pack. cuts added ,  max viol. = 0.166667, aver. viol. = 0.166667
150 Rank-1 3-rows pack. cuts added ,  max viol. = 0.5, aver. viol. = 0.36
----- Add fac. cuts : R1C(161), max.viol = 0.5, aver.viol = 0.371636, sep/add took 0.000947596/0.200657 sec. -----
3420 columns (3420 active), 187 dyn. constrs. (168 active), 249 art. vars. (230 active)
Shrinking heuristic shrunk 28 edges
<DWph=2> <it=  1> <et=1.05> <Mt= 0.02> <Spt= 0.01> <nCl= 27> <al=0.50> <DB=  767.8333> <Mlp= 1000.0000> <PB=1000> 
<DWph=2> <it=  2> <et=1.23> <Mt= 0.18> <Spt= 0.00> <nCl= 28> <al=0.55> <DB=  897.0394> <Mlp=  992.1461> <PB=1000> 
<DWph=2> <it=  3> <et=1.24> <Mt= 0.00> <Spt= 0.01> <nCl= 21> <al=0.60> <DB=  918.1696> <Mlp=  992.1461> <PB=1000> 
<DWph=2> <it=  4> <et=1.25> <Mt= 0.01> <Spt= 0.00> <nCl=  6> <al=0.64> <DB=  979.2373> <Mlp=  992.1461> <PB=1000> 
<DWph=2> <it=  5> <et=1.25> <Mt= 0.00> <Spt= 0.00> <nCl= 21> <al=0.67> <DB=  947.8316> <Mlp=  992.1429> <PB=1000> 
<DWph=2> <it=  6> <et=1.31> <Mt= 0.05> <Spt= 0.01> <nCl= 25> <al=0.70> <DB=  980.8527> <Mlp=  990.1667> <PB=1000> 
<DWph=2> <it=  7> <et=1.38> <Mt= 0.06> <Spt= 0.00> <nCl= 30> <al=0.73> <DB=  870.9938> <Mlp=  989.0247> <PB=1000> 
<DWph=2> <it=  8> <et=1.38> <Mt= 0.00> <Spt= 0.01> <nCl= 29> <al=0.76> <DB=  854.8971> <Mlp=  989.0247> <PB=1000> 
<DWph=2> <it=  9> <et=1.39> <Mt= 0.01> <Spt= 0.00> <nCl= 12> <al=0.78> <DB=  972.2912> <Mlp=  989.0247> <PB=1000> 
<DWph=2> <it= 10> <et=1.40> <Mt= 0.00> <Spt= 0.01> <nCl= 16> <al=0.68> <DB=  984.5362> <Mlp=  988.8235> <PB=1000> 
<DWph=2> <it= 11> <et=1.44> <Mt= 0.04> <Spt= 0.00> <nCl= 25> <al=0.72> <DB=  902.2962> <Mlp=  988.5625> <PB=1000> 
<DWph=2> <it= 12> <et=1.53> <Mt= 0.08> <Spt= 0.01> <nCl= 15> <al=0.74> <DB=  968.7204> <Mlp=  987.6842> <PB=1000> 
<DWph=2> <it= 13> <et=1.54> <Mt= 0.00> <Spt= 0.00> <nCl= 26> <al=0.64> <DB=  917.8899> <Mlp=  987.6842> <PB=1000> 
<DWph=2> <it= 14> <et=1.55> <Mt= 0.01> <Spt= 0.01> <nCl= 22> <al=0.68> <DB=  927.1219> <Mlp=  987.1481> <PB=1000> 
<DWph=2> <it= 15> <et=1.56> <Mt= 0.00> <Spt= 0.00> <nCl= 15> <al=0.71> <DB=  985.2880> <Mlp=  987.1481> <PB=1000> 
<DWph=2> <it= 16> <et=1.56> <Mt= 0.01> <Spt= 0.00> <nCl= 12> <al=0.74> <DB=  928.9962> <Mlp=  987.1481> <PB=1000> 
<DWph=2> <it= 17> <et=1.58> <Mt= 0.00> <Spt= 0.01> <nCl= 19> <al=0.77> <DB=  801.1830> <Mlp=  987.1481> <PB=1000> 
<DWph=2> <it= 18> <et=1.59> <Mt= 0.01> <Spt= 0.00> <nCl= 11> <al=0.79> <DB=  876.7069> <Mlp=  987.1481> <PB=1000> 
<DWph=2> <it= 19> <et=1.59> <Mt= 0.00> <Spt= 0.01> <nCl= 11> <al=0.69> <DB=  953.9449> <Mlp=  986.9000> <PB=1000> 
<DWph=2> <it= 20> <et=1.60> <Mt= 0.01> <Spt= 0.00> <nCl= 15> <al=0.72> <DB=  886.8293> <Mlp=  986.7843> <PB=1000> 
<DWph=2> <it= 21> <et=1.61> <Mt= 0.00> <Spt= 0.01> <nCl= 14> <al=0.62> <DB=  967.1011> <Mlp=  986.7843> <PB=1000> 
<DWph=2> <it= 22> <et=1.62> <Mt= 0.00> <Spt= 0.00> <nCl= 18> <al=0.66> <DB=  945.9621> <Mlp=  986.7000> <PB=1000> 
<DWph=2> <it= 23> <et=1.62> <Mt= 0.01> <Spt= 0.00> <nCl= 14> <al=0.69> <DB=  963.5739> <Mlp=  986.7000> <PB=1000> 
<DWph=2> <it= 24> <et=1.63> <Mt= 0.00> <Spt= 0.01> <nCl= 19> <al=0.72> <DB=  931.2983> <Mlp=  986.7000> <PB=1000> 
<DWph=2> <it= 25> <et=1.64> <Mt= 0.00> <Spt= 0.00> <nCl=  5> <al=0.62> <DB=  951.9399> <Mlp=  986.7000> <PB=1000> 
<DWph=2> <it= 26> <et=1.65> <Mt= 0.01> <Spt= 0.01> <nCl= 23> <al=0.52> <DB=  938.4482> <Mlp=  986.6347> <PB=1000> 
<DWph=2> <it= 27> <et=1.66> <Mt= 0.00> <Spt= 0.00> <nCl=  7> <al=0.57> <DB=  975.7502> <Mlp=  986.5294> <PB=1000> 
<DWph=2> <it= 28> <et=1.66> <Mt= 0.01> <Spt= 0.00> <nCl= 13> <al=0.47> <DB=  946.2460> <Mlp=  986.5294> <PB=1000> 
<DWph=2> <it= 29> <et=1.68> <Mt= 0.00> <Spt= 0.01> <nCl= 34> <al=0.05> <DB=  384.3572> <Mlp=  986.4064> <PB=1000> 
<DWph=2> <it= 30> <et=1.68> <Mt= 0.00> <Spt= 0.00> <nCl= 21> <al=0.42> <DB=  981.3504> <Mlp=  986.4064> <PB=1000> 
<DWph=2> <it= 31> <et=1.69> <Mt= 0.01> <Spt= 0.01> <nCl=  8> <al=0.32> <DB=  985.0499> <Mlp=  986.3636> <PB=1000> 
<DWph=2> <it= 32> <et=1.70> <Mt= 0.00> <Spt= 0.00> <nCl= 13> <al=0.22> <DB=  985.3881> <Mlp=  986.3636> <PB=1000> 
<DWph=2> <it= 33> <et=1.70> <Mt= 0.00> <Spt= 0.01> <nCl= 27> <al=0.30> <DB=  828.8289> <Mlp=  986.3636> <PB=1000> 
<DWph=2> <it= 34> <et=1.71> <Mt= 0.00> <Spt= 0.00> <nCl= 22> <al=0.37> <DB=  982.4780> <Mlp=  986.3636> <PB=1000> 
<DWph=2> <it= 35> <et=1.72> <Mt= 0.01> <Spt= 0.01> <nCl= 11> <al=0.43> <DB=  985.2481> <Mlp=  986.3636> <PB=1000> 
<DWph=2> <it= 36> <et=1.72> <Mt= 0.00> <Spt= 0.00> <nCl=  5> <al=0.49> <DB=  985.6400> <Mlp=  986.3636> <PB=1000> 
<DWph=2> <it= 37> <et=1.73> <Mt= 0.00> <Spt= 0.00> <nCl=  8> <al=0.54> <DB=  985.7503> <Mlp=  986.3571> <PB=1000> 
<DWph=2> <it= 38> <et=1.74> <Mt= 0.00> <Spt= 0.01> <nCl=  9> <al=0.59> <DB=  961.2224> <Mlp=  986.3404> <PB=1000> 
<DWph=2> <it= 39> <et=1.74> <Mt= 0.01> <Spt= 0.00> <nCl= 16> <al=0.26> <DB=  985.7085> <Mlp=  986.3404> <PB=1000> 
<DWph=2> <it= 40> <et=1.75> <Mt= 0.00> <Spt= 0.01> <nCl=  5> <al=0.53> <DB=  985.4304> <Mlp=  986.3265> <PB=1000> 
<DWph=2> <it= 41> <et=1.76> <Mt= 0.00> <Spt= 0.00> <nCl= 17> <al=0.00> <DB=  982.0204> <Mlp=  986.3265> <PB=1000> 
<DWph=2> <it= 42> <et=1.77> <Mt= 0.00> <Spt= 0.01> <nCl=  3> <al=0.00> <DB=  986.3265> <Mlp=  986.3265> <PB=1000> 
<DWph=1> <it= 43> <et=1.77> <Mt= 0.00> <Spt= 0.00> <nCl= 26> <al=0.23> <DB=  866.9184> <Mlp=  986.3265> <PB=1000> 
<DWph=1> <it= 44> <et=1.79> <Mt= 0.01> <Spt= 0.01> <nCl= 26> <al=0.13> <DB=  929.4554> <Mlp=  986.2231> <PB=1000> 
<DWph=1> <it= 45> <et=1.80> <Mt= 0.00> <Spt= 0.01> <nCl= 19> <al=0.03> <DB=  935.7350> <Mlp=  986.1146> <PB=1000> 
<DWph=1> <it= 46> <et=1.81> <Mt= 0.01> <Spt= 0.00> <nCl= 17> <al=0.13> <DB=  893.2550> <Mlp=  986.1146> <PB=1000> 
<DWph=1> <it= 47> <et=1.82> <Mt= 0.00> <Spt= 0.01> <nCl= 18> <al=0.03> <DB=  981.5879> <Mlp=  985.8272> <PB=1000> 
<DWph=1> <it= 48> <et=1.82> <Mt= 0.00> <Spt= 0.00> <nCl=  7> <al=0.12> <DB=  984.6467> <Mlp=  985.8272> <PB=1000> 
<DWph=1> <it= 49> <et=1.83> <Mt= 0.00> <Spt= 0.01> <nCl=  4> <al=0.02> <DB=  985.4779> <Mlp=  985.8259> <PB=1000> 
<DWph=1> <it= 50> <et=1.84> <Mt= 0.01> <Spt= 0.00> <nCl=  5> <al=0.12> <DB=  985.6599> <Mlp=  985.8182> <PB=1000> 
<DWph=1> <it= 51> <et=1.84> <Mt= 0.00> <Spt= 0.01> <nCl=  2> <al=0.21> <DB=  985.7039> <Mlp=  985.8182> <PB=1000> 
<DWph=1> <it= 52> <et=1.85> <Mt= 0.00> <Spt= 0.01> <nCl=  2> <al=0.00> <DB=  985.8155> <Mlp=  985.8155> <PB=1000> 
    RCSP exact solver info for graph G_0 : TT = 0.010631, pt = 6.4e-05, dt = 0.009411, ct = 0.000812, ndl = 4138', bdl = 82277', odl = 4619', odf = 39421', bsi = 1439', cnt = 39025', bdch = 1014090', odch = 216884', lcp = 99953', #sols = 150
<DWph=0> <it= 53> <et=1.89> <Mt= 0.00> <Spt= 0.03> <nCl=150> <al=0.19> <DB=  872.8413> <Mlp=  985.8155> <PB=1000> 
    RCSP exact solver info for graph G_0 : TT = 0.012701, pt = 0.000112, dt = 0.011207, ct = 0.000825, ndl = 4292', bdl = 85357', odl = 4556', odf = 39278', bsi = 1395', cnt = 49051', bdch = 1103900', odch = 240499', lcp = 107508', #sols = 150
<DWph=0> <it= 54> <et=1.93> <Mt= 0.01> <Spt= 0.03> <nCl=146> <al=0.09> <DB=  924.9959> <Mlp=  985.1516> <PB=1000> 
    RCSP exact solver info for graph G_0 : TT = 0.011501, pt = 0.000118, dt = 0.010133, ct = 0.000763, ndl = 3901', bdl = 79773', odl = 4342', odf = 37151', bsi = 1368', cnt = 33863', bdch = 972193', odch = 192500', lcp = 88318', #sols = 150
<DWph=0> <it= 55> <et=1.96> <Mt= 0.01> <Spt= 0.02> <nCl= 69> <al=0.18> <DB=  982.7590> <Mlp=  985.0800> <PB=1000> 
    RCSP exact solver info for graph G_0 : TT = 0.011118, pt = 0.000132, dt = 0.009852, ct = 0.00072, ndl = 3921', bdl = 79710', odl = 4368', odf = 37469', bsi = 1391', cnt = 32601', bdch = 987685', odch = 193968', lcp = 89398', #sols = 150
<DWph=0> <it= 56> <et=1.98> <Mt= 0.00> <Spt= 0.02> <nCl= 17> <al=0.08> <DB=  983.1837> <Mlp=  985.0000> <PB=1000> 
    RCSP exact solver info for graph G_0 : TT = 0.011059, pt = 0.000115, dt = 0.009907, ct = 0.000654, ndl = 3934', bdl = 79756', odl = 4352', odf = 37527', bsi = 1400', cnt = 32882', bdch = 984524', odch = 195156', lcp = 88656', #sols = 150
    RCSP exact solver info for graph G_0 : TT = 0.006188, pt = 6.6e-05, dt = 0.005498, ct = 0.00033, ndl = 2661', bdl = 55140', odl = 3841', odf = 27847', bsi = 1174', cnt = 14955', bdch = 538166', odch = 110219', lcp = 53177', #sols = 150
<DWph=0> <it= 57> <et=2.01> <Mt= 0.00> <Spt= 0.02> <nCl= 53> <al=0.00> <DB=  985.0000> <Mlp=  985.0000> <PB=1000> 
RCSP solver dynamic params and stats :  bidir.bord. = 375 aver.obdmd = 24.0938 aver.buck.num. = 26 nbR1C = 12 with avMem = 10.3333
@@ 1 3 985 0.0100187 0.012032 91.7612 2.01
RCSP      solver labels distribution in 304 buckets (bucket size) : largest - 37, top 0.1% - 37, top 0.5% - 37, top 2% - 29, top 10% - 20, top 50% - 6
Reduced cost fixing for graph G_0...  TT = 0.004099, pt = 0.000697, dt = 0.003328, ct = 0, ndl = 4950', bdl = 13012', odl = 1726', odf = 32612', lpcb = 54633', cnt = 38255', bdch = 110105', odch = 98219', lcp = 15692'
5505 buck. arcs remain (25.8% from prev., 23.6% from max.) + 1408 jump buck. arcs (6.05% from max.)
 TT = 0.008586, pt = 0.000697, dt = 0.003328, ct = 0.004443, ndl = 4950', bdl = 13012', odl = 1726', odf = 32612', lpcb = 54633', cnt = 85908', bdch = 110105', odch = 98219', lcp = 15692'
RCSP      solver labels distribution in 588 buckets (bucket size) : largest - 52, top 0.1% - 52, top 0.5% - 46, top 2% - 34, top 10% - 19, top 50% - 6
Run forward enumeration with border = 375... succeeded! lpt = 0.070557, ndl = 33491', dl = 3337', lpcb = 161218', dch = 34249'
Run enumeration concatenation with time limit 0.3 sec.... succeeded!
Sorting and storing enumerated solutions ... done!
 TT = 0.165151, pt = 0, dt = 0.070557, ct = 0.063444, ndl = 33491', bdl = 3337', lpcb = 161218', cnt = 689966', bdch = 34249', odch = 0', lcp = 0'
Enumeration succeeded!, number of elem. solutions is 23235
Estimating inspection time...     TT = 0.00353, performed by inspection with 23235 solutions, nbR1C = 12, nbDiscC = 0
Inspection time is low enough. Pricing will be done by inspection.
Added 675 columns in the formulation 
Removed 4004 columns (not in the enumerated set) from the formulation
Regenerated 675 columns with the 'enumerated' flag
<DWph=2> <it= 58> <et=2.31> <Mt= 0.01> <Spt= 0.01> <nCl=  0> <al=0.00> <DB=  986.0000> <Mlp=  986.0000> <PB=1000> 
<DWph=1> <it= 59> <et=2.31> <Mt= 0.00> <Spt= 0.00> <nCl=  0> <al=0.00> <DB=  986.0000> <Mlp=  986.0000> <PB=1000> 
    TT = 0.00364, performed by inspection with 23235 solutions, nbR1C = 17, nbDiscC = 0
<DWph=0> <it= 60> <et=2.33> <Mt= 0.01> <Spt= 0.01> <nCl=150> <al=0.30> <DB=-72000919.0000> <Mlp=  986.0000> <PB=1000> 
    TT = 0.002959, performed by inspection with 23235 solutions, nbR1C = 18, nbDiscC = 0
<DWph=0> <it= 61> <et=2.34> <Mt= 0.00> <Spt= 0.02> <nCl= 86> <al=0.37> <DB=-45357228.5610> <Mlp=  986.0000> <PB=1000> 
    TT = 0.003113, performed by inspection with 23235 solutions, nbR1C = 18, nbDiscC = 0
<DWph=0> <it= 62> <et=2.35> <Mt= 0.00> <Spt= 0.00> <nCl= 21> <al=0.43> <DB=-19639120.9285> <Mlp=  985.9583> <PB=1000> 
    TT = 0.003901, performed by inspection with 23235 solutions, nbR1C = 18, nbDiscC = 0
<DWph=0> <it= 63> <et=2.36> <Mt= 0.00> <Spt= 0.01> <nCl= 12> <al=0.33> <DB=-6539169.6356> <Mlp=  985.9574> <PB=1000> 
    TT = 0.002785, performed by inspection with 23235 solutions, nbR1C = 18, nbDiscC = 0
    TT = 0.002683, performed by inspection with 23235 solutions, nbR1C = 11, nbDiscC = 0
<DWph=0> <it= 64> <et=2.38> <Mt= 0.00> <Spt= 0.01> <nCl= 19> <al=0.00> <DB=  985.9574> <Mlp=  985.9574> <PB=1000> 
RCSP solver dynamic params and stats :  bidir.bord. = 375 aver.obdmd = 24.0938 aver.buck.num. = 26 nbR1C = 11 with avMem = 13.7273
@@ 1 3 985.957 0.00318017 0.003901 0 2.38
Reduced cost fixing for graph G_0...  took 0 sec., done by inspection with 23235 solutions, remains 7227 (31.1%)
Removed 281 columns (not in the enumerated set) from the formulation
Added 6813 columns in the formulation 
    Full reduced cost fixing is not called (gap ratio is 0.931611)
ColGenEvalAlg final dual bound: 985.957 (rounded: 986)
Gap improvement since the last cut separation : 0.501448 (971.833)
Current active cuts : CAP(3,170.128) R1C(11,57.6809) 3rowPackR1C(11)
----- Terminating the node by MIP -----
Version identifier: 22.1.2.0 | 2024-11-26 | 0edbb82fd
CPXPARAM_Advance                                 0
CPXPARAM_Preprocessing_Linear                    0
CPXPARAM_Threads                                 1
CPXPARAM_MIP_Strategy_CallbackReducedLP          0
CPXPARAM_MIP_Limits_Nodes                        2000000
CPXPARAM_Simplex_Tolerances_Optimality           9.9999999999999995e-08
CPXPARAM_Simplex_Tolerances_Feasibility          9.9999999999999995e-08
CPXPARAM_TimeLimit                               360000
CPXPARAM_MIP_Tolerances_UpperCutoff              999.000001
CPXPARAM_MIP_Tolerances_MIPGap                   1.0000000000000001e-09
Legacy callback                                  L
Warning: Control callbacks may disable some MIP features.
Tried aggregator 1 time.
MIP Presolve eliminated 101 rows and 235 columns.
MIP Presolve modified 35678 coefficients.
Reduced MIP has 99 rows, 7260 columns, and 348388 nonzeros.
Reduced MIP has 7260 binaries, 0 generals, 0 SOSs, and 0 indicators.
Presolve time = 0.32 sec. (631.91 ticks)
Probing fixed 2016 vars, tightened 0 bounds.
Probing time = 1.47 sec. (3227.29 ticks)
Clique table members: 753.
MIP emphasis: balance optimality and feasibility.
MIP search method: traditional branch-and-cut.
Parallel mode: none, using 1 thread.
Root relaxation solution time = 0.04 sec. (49.16 ticks)

        Nodes                                         Cuts/
   Node  Left     Objective  IInf  Best Integer    Best Bound    ItCnt     Gap         Variable B NodeID Parent  Depth

      0     0      986.2727    17                    986.2727      317         
Shrinking heuristic shrunk 28 edges
*     0+    0                          992.0000      986.2727             0.58%
Shrinking heuristic shrunk 28 edges
*     0+    0                          988.0000      986.2727             0.17%
      0     0        cutoff            988.0000      986.2727      440    0.17%                        0             0
Elapsed time = 1.90 sec. (4025.42 ticks, tree = 0.01 MB, solutions = 2)

Root node processing (before b&c):
  Real time             =    1.90 sec. (4025.68 ticks)
Sequential b&c:
  Real time             =    0.00 sec. (0.00 ticks)
                          ------------
Total (root+branch&cut) =    1.90 sec. (4025.68 ticks)
Solution status = Optimum
Shrinking heuristic shrunk 28 edges
New model incumbent solution 988, TIME = 0h0m5s12t = 512
************************************************************************************************
Search is finished, global bounds : [ 988 , 988 ], TIME = 0h0m5s12t = 512
************************************************************************************************
[32mBaPCod : solution defined.[00m
statistics_cols: instance & :Optimal & cutoff & :bcRecRootDb & :bcTimeRootEval & :bcCountNodeProc & :bcRecBestDb & :bcRecBestInc & :bcTimeMain \\
statistics: instance_13-triangle & 1 & 1.0e6 & 988.00 & 5.12 & 1 & 988.00 & 988 & 5.12 \\
########################################################
Route #1: 9 4 30 21 7 16 24 22 15 8 14 26 19 6 5 20 
Route #2: 23 27 11 12 25 2 17 29 18 13 3 1 10 28 
Cost 988
########################################################

end_time=2026-04-22 10:47:42
exit_code=0
