instance_file=/mnt/c/Users/porin/OneDrive/Documentos/Python-Mestrado/Modelagem Matemática/Programação Inteira - Uchoa/Problema VRPRDL/instancias_turco/VRPRDL-triangle/cvrp_padrao_convertidos/instance_11-triangle.vrp
instance_name=instance_11-triangle
n_customers=30
k_lb=2
k_ub=30
ub=1000000
timeout_s=3600
start_time=2026-04-22 10:47:03

  Activating project at `~/VRPSolver/VRPSolverDemos`
Application parameters:
  batch  =>  nothing
  instance  =>  "/mnt/c/Users/porin/OneDrive/Documentos/Python-Mestrado/Modelagem Matemática/Programação Inteira - Uchoa/Problema VRPRDL/instancias_turco/VRPRDL-triangle/cvrp_padrao_convertidos/instance_11-triangle.vrp"
  noround  =>  false
  cfg  =>  "/home/poringman/VRPSolver/VRPSolverDemos/src/../config/CVRP.cfg"
  edge_cuts  =>  false
  out  =>  nothing
  ub  =>  1.0e6
  cluster_branching  =>  1.0
  sol  =>  nothing
  single_resource  =>  false
  strong_kpath_cuts  =>  false
  tikz  =>  nothing
  maxr  =>  30
  update  =>  false
  show_complete_form  =>  false
  nosolve  =>  false
  minr  =>  2
  low_edge_priority  =>  false
~~~~~~~~~~~~~~~~~~~~~~~~~~~~~~~~~~~~~~~~~~~~~~~~~~~~~~~~~~~~~~~~~~~~~~~~~~~~~~~~~~~~~
GIT VERSION RCSP: 
GIT BRANCH: 
~~~~~~~~~~~~~~~~~~~~~~~~~~~~~~~~~~~~~~~~~~~~~~~~~~~~~~~~~~~~~~~~~~~~~~~~~~~~~~~~~~~~~
VRPSolver v0.6.16, 10/11/2025, © Inria Bordeaux, France, vrpsolver.math.u-bordeaux.fr
      Corresponds to the solver by Pessoa, Sadykov, Uchoa and Vanderbeck (2020)
                 Paper: dx.doi.org/10.1007/s10107-020-01523-z
~~~~~~~~~~~~~~~~~~~~~~~~~~~~~~~~~~~~~~~~~~~~~~~~~~~~~~~~~~~~~~~~~~~~~~~~~~~~~~~~~~~~~
GIT VERSION BAPCOD: a7cb21f19424236c9d0da5dcf94961797a519470
GIT BRANCH: main
~~~~~~~~~~~~~~~~~~~~~~~~~~~~~~~~~~~~~~~~~~~~~~~~~~~~~~~~~~~~~~~~~~~~~~~~~~~~~~~~~~~~~
   BaPCod v0.84, 10/11/2025, © Inria Bordeaux, France, bapcod.math.u-bordeaux.fr 
           THIS CODE IS PROVIDED AS IS, USE IT AT YOUR OWN RISK
~~~~~~~~~~~~~~~~~~~~~~~~~~~~~~~~~~~~~~~~~~~~~~~~~~~~~~~~~~~~~~~~~~~~~~~~~~~~~~~~~~~~~
--- MAIN PARAMETERS ---
GlobalTimeLimitInTick = 2147483645
GlobalTimeLimit = 21474836
ClockType = 0
MaxNbOfBBtreeNodeTreated = 100000
optimalityGapTolerance = 1e-06
relOptimalityGapTolerance = 1e-09
ApplyPreprocessing = false
PreprocessVariablesLocalBounds = false
treeSearchStrategy = 1
OpenNodesLimit = 1000
DEFAULTPRINTLEVEL = 0
--- MIP SOLVER PARAMETERS ---
solverName = CPLEX_SOLVER
MipSolverMaxBBNodes = 2000000
MipSolverMaxTime = 360000
MipSolverMultiThread = 1
--- COLUMN GENERATION PARAMETERS ---
SolverSelectForMast = a
  colGenSubProbSolMode = customSolver
mastInitMode = localArtCol
ArtVarPenaltyUpdateFactor = 2
ArtVarMaxNbOfPenaltyUpdates = 5
MaxNbOfStagesInColGenProcedure = 3
GenerateProperColumns = false
InsertAllGeneratedColumnsInFormRatherThanInPool = true
InsertNewNonNegColumnsDirectlyInFormRatherThanInPool = true
ColumnCleanupThreshold = 10000
ColumnCleanupRatio = 0.66
ReducedCostFixingThreshold = 0.9
--- CUT GENERATION PARAMETERS ---
MasterCuttingPlanesDepthLimit = 1000
MaxNbOfCutGeneratedAtEachIter = 1000
CutTailingOffThreshold = 0.015
CutTailingOffCounterThreshold = 3
CutCleanupThreshold = 1
CutCleanupRatio = 0.66
ColGenSpRelaxationImprovementPriority = 0
--- STABILIZATION PARAMETERS ---
colGenDualPriceSmoothingAlphaFactor = 1
colGenDualPriceSmoothingBetaFactor = 0
colGenStabilizationFunctionType = none
colGenProximalStabilizationRule = undefined
StabilFuncKappa = 1
colGenStabilizationMaxTreeDepth = 10000
StabilizationMinPhaseOfStage = 0
--- PRIMAL HEURISTIC PARAMETERS ---
UseInitialPrimalHeur = false
MaxTimeForRestrictedMasterIpHeur = -1
CallFrequencyOfRestrictedMasterIpHeur = 5
MIPemphasisInRestrictedMasterIpHeur = 1
PolishingAfterTimeInRestrictedMasterIpHeur = -1
DivingHeurUseDepthLimit = -1
CallFrequencyOfDivingHeur = 1
LeastFractional
Closest2RoundUp
LeastGreedyCost
LeastCost
FixIntValBeforeRoundingHeur = true
MaxNbOfCgIteDuringRh = 5000
MaxLDSbreadth = 0
MaxLDSdepth = 0
DivingHeurStopsWithFirstFeasSol = false
DivingHeurPreprocessBeforeChoosingVar = false
StrongDivingCandidatesNumber = 1
EvalAlgParamsInDiving = max#cand. = 1 max#cg.iters = 10000 min.lvl.sp.restr. = 1 min#cut.rounds = 0 max#cut.rounds = 0 red.cost.fix&enum. = false tree.size.ratio = 1
LocalSearchHeurUseDepthLimit = -1
LeastFractional
Closest2RoundUp
LeastGreedyCost
LeastCost
MaxFactorOfColFixedByLocalSearchHeur = 0.8
MaxLocalSearchIterationCounter = 3
--- STRONG BRANCHING PARAMETERS ---
SimplifiedStrongBranchingParameterisation = true
StrongBranchingPhaseOneCandidatesNumber = 100
StrongBranchingPhaseOneTreeSizeEstimRatio = 0.2
StrongBranchingPhaseTwoCandidatesNumber = 3
StrongBranchingPhaseTwoTreeSizeEstimRatio = 0.02
SafeDualBoundScaleFactor = -1
StrongBranchingPhaseOne = max#cand. = 100 max#cg.iters = 0 min.lvl.sp.restr. = 0 min#cut.rounds = 0 max#cut.rounds = 0 red.cost.fix&enum. = false tree.size.ratio = 0.2
StrongBranchingPhaseTwo = max#cand. = 3 max#cg.iters = 10000 min.lvl.sp.restr. = 1 min#cut.rounds = 0 max#cut.rounds = 0 red.cost.fix&enum. = false tree.size.ratio = 0.02
StrongBranchingPhaseThree = max#cand. = 1 max#cg.iters = 10000 min.lvl.sp.restr. = 0 min#cut.rounds = 0 max#cut.rounds = 10000 red.cost.fix&enum. = true tree.size.ratio = 1
StrongBranchingPhaseFour =not active
--- DEBUG OUTPUT PARAMETERS ---
printMasterPrimalSols = 0
--- VRPSOLVER PARAMETERS ---
RCSPstopCutGenTimeThresholdInPricing = 10
RCSPhardTimeThresholdInPricing = 25
RCSPredCostFixingTimeThreshold = 100
RCSPnumberOfBucketsPerVertex = 25
RCSPdynamicBucketSteps = 1
RCSPuseBidirectionalSearch = 2
RCSPapplyReducedCostFixing = 1
RCSPmaxNumOfColsPerIteration = 30
RCSPmaxNumOfColsPerExactIteration = 150
RCSPmaxNumOfLabelsInEnumeration = 500000
RCSPmaxNumOfLabelsInHeurEnumeration = 0
RCSPmaxNumOfEnumeratedSolutions = 5000000
RCSPmaxNumOfEnumSolutionsForMIP = 10000
RCSPmaxNumOfEnumSolsForEndOfNodeMIP = 10000
RCSPinitNGneighbourhoodSize = 8
RCSPmaxNGneighbourhoodSize = 8
RCSPrankOneCutsMaxNumRows = 5
RCSPrankOneCutsMaxNumPerRound = 100
RCSPrankOneCutsMemoryType = 0
RCSPrankOneCutsLSnumIterations = 1000
RCSPallowRoutesWithSameVerticesSet = true
RCSPredCostFixingFalseGap = 0
SafeDualBoundScaleFactor = -1
RCSPmaxNumOfLabelsInHeurEnumeration = 0
MaxNumEnumSolsInRestrictedMasterIpHeur = 5000

prName & bcTimeMain \\ 
New model incumbent solution 1e+06, TIME = 0h0m0s40t = 40
RCSP solver info : size of non-robust cut bitmask in a label is 640 bits
Bucket steps were recalculated for graph G_0 : [30]
RCSP solver info : symmetric case is detected for graph G_0! 
Bidirectional border value is initialised to 375
RCSP solver info : number of forw. reachable buckets / buck. strongly connected components is 802( 96.3942% ) / 302( 37.6559% )
RCSP solver info: std. label size is 56, ext. label size is 136
Generating neighbourhoods for rank-1 cuts separation
Building structures for 4- and 5-row rank-1 packing cut separation...done!
Model is built TIME = 0h0m0s40t = 40
************************************************************************************************
**** BaB tree root node
**** Local DB = -1e+12, global bounds : [ -1e+12 , 1e+06 ], TIME = 0h0m0s40t = 40
**** 1 open nodes, 0 columns (0 active), 0 dyn. constrs. (0 active), 62 art. vars. (62 active)
************************************************************************************************
--------------------------------------------------------------------------
BaPCod info : first we run the root node with rank-1 cuts with node memory
--------------------------------------------------------------------------
#<DWph=2> <it=  1> <et=0.40> <Mt= 0.00> <Spt= 0.00> <nCl= 30> <al=0.00> <DB=-3527942520.0000> <Mlp=74400000.0000> <PB=1000000> 
#<DWph=2> <it=  2> <et=0.40> <Mt= 0.00> <Spt= 0.00> <nCl= 30> <al=0.55> <DB=-1744751983.1591> <Mlp=69054704.0909> <PB=1000000> 
#<DWph=2> <it=  3> <et=0.41> <Mt= 0.00> <Spt= 0.00> <nCl= 30> <al=0.45> <DB=-1644103606.8103> <Mlp=67800113.4048> <PB=1000000> 
#<DWph=2> <it=  4> <et=0.41> <Mt= 0.00> <Spt= 0.00> <nCl= 30> <al=0.51> <DB=-1493601335.9019> <Mlp=57186603.1783> <PB=1000000> 
#<DWph=2> <it=  5> <et=0.41> <Mt= 0.00> <Spt= 0.00> <nCl= 30> <al=0.55> <DB=-1397610615.7457> <Mlp=52078084.5440> <PB=1000000> 
#<DWph=2> <it=  6> <et=0.41> <Mt= 0.00> <Spt= 0.00> <nCl= 30> <al=0.60> <DB=-1215311636.7902> <Mlp=48662313.7709> <PB=1000000> 
#<DWph=2> <it=  7> <et=0.41> <Mt= 0.00> <Spt= 0.00> <nCl= 30> <al=0.50> <DB=-1151610826.2587> <Mlp=37028584.4186> <PB=1000000> 
#<DWph=2> <it=  8> <et=0.41> <Mt= 0.00> <Spt= 0.00> <nCl= 30> <al=0.55> <DB=-1137749692.2981> <Mlp=33063930.2812> <PB=1000000> 
#<DWph=2> <it=  9> <et=0.41> <Mt= 0.00> <Spt= 0.00> <nCl= 30> <al=0.59> <DB=-1016065141.5561> <Mlp=29061634.5540> <PB=1000000> 
#<DWph=2> <it= 10> <et=0.42> <Mt= 0.00> <Spt= 0.01> <nCl= 30> <al=0.49> <DB=-930827997.5004> <Mlp=26355310.1631> <PB=1000000> 
#<DWph=2> <it= 11> <et=0.42> <Mt= 0.00> <Spt= 0.00> <nCl= 30> <al=0.54> <DB=-998123542.5795> <Mlp=25718789.3120> <PB=1000000> 
#<DWph=2> <it= 12> <et=0.42> <Mt= 0.00> <Spt= 0.00> <nCl= 30> <al=0.59> <DB=-877592644.0484> <Mlp=14174330.5380> <PB=1000000> 
#<DWph=2> <it= 13> <et=0.42> <Mt= 0.00> <Spt= 0.00> <nCl= 30> <al=0.63> <DB=-865863078.6527> <Mlp=8791022.2354> <PB=1000000> 
#<DWph=2> <it= 14> <et=0.42> <Mt= 0.00> <Spt= 0.00> <nCl= 30> <al=0.67> <DB=-759169214.0181> <Mlp=4581469.4957> <PB=1000000> 
#<DWph=2> <it= 15> <et=0.42> <Mt= 0.00> <Spt= 0.00> <nCl= 30> <al=0.70> <DB=-685596346.0926> <Mlp=1443697.8352> <PB=1000000> 
#<DWph=2> <it= 16> <et=0.42> <Mt= 0.00> <Spt= 0.00> <nCl= 30> <al=0.60> <DB=-502045492.0620> <Mlp=261542.0893> <PB=1000000> 
#<DWph=2> <it= 17> <et=0.43> <Mt= 0.00> <Spt= 0.00> <nCl= 34> <al=0.00> <DB=-2141734.7848> <Mlp=203931.3529> <PB=1000000> 
<DWph=2> <it= 18> <et=0.43> <Mt= 0.00> <Spt= 0.00> <nCl= 30> <al=0.00> <DB=-55195.9031> <Mlp= 2163.3476> <PB=1000000> 
<DWph=2> <it= 19> <et=0.43> <Mt= 0.00> <Spt= 0.01> <nCl= 30> <al=0.30> <DB=-33789.9244> <Mlp= 2100.8914> <PB=1000000> 
<DWph=2> <it= 20> <et=0.43> <Mt= 0.00> <Spt= 0.00> <nCl= 30> <al=0.37> <DB=-21696.0763> <Mlp= 1900.8614> <PB=1000000> 
<DWph=2> <it= 21> <et=0.43> <Mt= 0.00> <Spt= 0.00> <nCl= 30> <al=0.27> <DB=-21573.0909> <Mlp= 1759.4444> <PB=1000000> 
<DWph=2> <it= 22> <et=0.43> <Mt= 0.00> <Spt= 0.00> <nCl= 30> <al=0.34> <DB=-17448.3067> <Mlp= 1701.3817> <PB=1000000> 
<DWph=2> <it= 23> <et=0.44> <Mt= 0.00> <Spt= 0.00> <nCl= 30> <al=0.41> <DB=-13914.1946> <Mlp= 1653.1859> <PB=1000000> 
<DWph=2> <it= 24> <et=0.44> <Mt= 0.00> <Spt= 0.00> <nCl= 30> <al=0.47> <DB=-10744.1074> <Mlp= 1623.7895> <PB=1000000> 
<DWph=2> <it= 25> <et=0.44> <Mt= 0.00> <Spt= 0.00> <nCl= 30> <al=0.52> <DB=-10361.5870> <Mlp= 1614.3203> <PB=1000000> 
<DWph=2> <it= 26> <et=0.44> <Mt= 0.00> <Spt= 0.00> <nCl= 30> <al=0.57> <DB=-11341.1781> <Mlp= 1517.9863> <PB=1000000> 
<DWph=2> <it= 27> <et=0.44> <Mt= 0.01> <Spt= 0.01> <nCl= 30> <al=0.61> <DB=-7625.6991> <Mlp= 1460.2584> <PB=1000000> 
<DWph=2> <it= 28> <et=0.45> <Mt= 0.00> <Spt= 0.00> <nCl= 30> <al=0.51> <DB=-7414.1439> <Mlp= 1423.5546> <PB=1000000> 
<DWph=2> <it= 29> <et=0.45> <Mt= 0.00> <Spt= 0.00> <nCl= 30> <al=0.56> <DB=-7265.1291> <Mlp= 1351.5577> <PB=1000000> 
<DWph=2> <it= 30> <et=0.45> <Mt= 0.00> <Spt= 0.00> <nCl= 30> <al=0.61> <DB=-6474.8993> <Mlp= 1350.7596> <PB=1000000> 
<DWph=2> <it= 31> <et=0.45> <Mt= 0.00> <Spt= 0.00> <nCl= 30> <al=0.64> <DB=-6661.9776> <Mlp= 1308.9018> <PB=1000000> 
<DWph=2> <it= 32> <et=0.45> <Mt= 0.00> <Spt= 0.00> <nCl= 30> <al=0.68> <DB=-5120.0645> <Mlp= 1304.2985> <PB=1000000> 
<DWph=2> <it= 33> <et=0.45> <Mt= 0.00> <Spt= 0.00> <nCl= 30> <al=0.58> <DB=-4088.2032> <Mlp= 1296.2692> <PB=1000000> 
<DWph=2> <it= 34> <et=0.46> <Mt= 0.00> <Spt= 0.00> <nCl= 30> <al=0.48> <DB=-4537.8920> <Mlp= 1262.1425> <PB=1000000> 
<DWph=2> <it= 35> <et=0.46> <Mt= 0.00> <Spt= 0.01> <nCl= 30> <al=0.53> <DB=-3528.2375> <Mlp= 1239.8714> <PB=1000000> 
<DWph=2> <it= 36> <et=0.46> <Mt= 0.00> <Spt= 0.00> <nCl= 30> <al=0.58> <DB=-4789.2376> <Mlp= 1218.0871> <PB=1000000> 
<DWph=2> <it= 37> <et=0.46> <Mt= 0.00> <Spt= 0.00> <nCl= 30> <al=0.62> <DB=-2506.4170> <Mlp= 1218.0871> <PB=1000000> 
<DWph=2> <it= 38> <et=0.46> <Mt= 0.00> <Spt= 0.00> <nCl= 30> <al=0.52> <DB=-2177.9740> <Mlp= 1216.0733> <PB=1000000> 
<DWph=2> <it= 39> <et=0.46> <Mt= 0.00> <Spt= 0.00> <nCl= 30> <al=0.57> <DB=-1436.1166> <Mlp= 1195.4016> <PB=1000000> 
<DWph=2> <it= 40> <et=0.47> <Mt= 0.00> <Spt= 0.00> <nCl= 30> <al=0.47> <DB= -272.5335> <Mlp= 1183.7733> <PB=1000000> 
<DWph=2> <it= 41> <et=0.47> <Mt= 0.00> <Spt= 0.00> <nCl= 30> <al=0.52> <DB= -463.6995> <Mlp= 1182.5112> <PB=1000000> 
<DWph=2> <it= 42> <et=0.47> <Mt= 0.00> <Spt= 0.00> <nCl= 30> <al=0.57> <DB=   -0.8584> <Mlp= 1179.3428> <PB=1000000> 
<DWph=2> <it= 43> <et=0.47> <Mt= 0.00> <Spt= 0.01> <nCl= 30> <al=0.47> <DB= -195.4159> <Mlp= 1175.3249> <PB=1000000> 
<DWph=2> <it= 44> <et=0.47> <Mt= 0.00> <Spt= 0.00> <nCl= 30> <al=0.37> <DB=-1110.3232> <Mlp= 1169.6077> <PB=1000000> 
<DWph=2> <it= 45> <et=0.48> <Mt= 0.01> <Spt= 0.00> <nCl= 30> <al=0.43> <DB=  337.2892> <Mlp= 1150.0829> <PB=1000000> 
<DWph=2> <it= 46> <et=0.48> <Mt= 0.00> <Spt= 0.00> <nCl= 30> <al=0.49> <DB=  191.5887> <Mlp= 1144.9774> <PB=1000000> 
<DWph=2> <it= 47> <et=0.48> <Mt= 0.00> <Spt= 0.00> <nCl= 30> <al=0.54> <DB=  690.2301> <Mlp= 1140.9421> <PB=1000000> 
<DWph=2> <it= 48> <et=0.48> <Mt= 0.00> <Spt= 0.00> <nCl= 30> <al=0.44> <DB=  857.7074> <Mlp= 1139.6507> <PB=1000000> 
<DWph=2> <it= 49> <et=0.49> <Mt= 0.00> <Spt= 0.00> <nCl= 30> <al=0.50> <DB=  497.1756> <Mlp= 1139.6507> <PB=1000000> 
<DWph=2> <it= 50> <et=0.49> <Mt= 0.00> <Spt= 0.01> <nCl= 30> <al=0.55> <DB=  454.5729> <Mlp= 1136.0227> <PB=1000000> 
<DWph=2> <it= 51> <et=0.49> <Mt= 0.00> <Spt= 0.00> <nCl= 27> <al=0.59> <DB=  822.5982> <Mlp= 1136.0227> <PB=1000000> 
<DWph=2> <it= 52> <et=0.49> <Mt= 0.00> <Spt= 0.00> <nCl= 30> <al=0.49> <DB=  607.3931> <Mlp= 1136.0227> <PB=1000000> 
<DWph=2> <it= 53> <et=0.49> <Mt= 0.00> <Spt= 0.00> <nCl= 30> <al=0.54> <DB=  733.2244> <Mlp= 1133.3333> <PB=1000000> 
<DWph=2> <it= 54> <et=0.50> <Mt= 0.00> <Spt= 0.00> <nCl= 30> <al=0.44> <DB=  981.4190> <Mlp= 1133.3333> <PB=1000000> 
<DWph=2> <it= 55> <et=0.50> <Mt= 0.00> <Spt= 0.00> <nCl= 30> <al=0.50> <DB=  828.0724> <Mlp= 1132.0392> <PB=1000000> 
<DWph=2> <it= 56> <et=0.50> <Mt= 0.00> <Spt= 0.00> <nCl= 30> <al=0.55> <DB= 1119.5924> <Mlp= 1132.0392> <PB=1000000> 
<DWph=2> <it= 57> <et=0.50> <Mt= 0.00> <Spt= 0.01> <nCl= 30> <al=0.59> <DB=  774.6471> <Mlp= 1131.3731> <PB=1000000> 
<DWph=2> <it= 58> <et=0.51> <Mt= 0.00> <Spt= 0.00> <nCl= 30> <al=0.49> <DB=  442.4524> <Mlp= 1129.1833> <PB=1000000> 
<DWph=2> <it= 59> <et=0.51> <Mt= 0.00> <Spt= 0.00> <nCl= 26> <al=0.54> <DB= 1083.1514> <Mlp= 1126.7065> <PB=1000000> 
<DWph=2> <it= 60> <et=0.51> <Mt= 0.00> <Spt= 0.00> <nCl= 28> <al=0.59> <DB= 1113.0940> <Mlp= 1125.4138> <PB=1000000> 
<DWph=2> <it= 61> <et=0.51> <Mt= 0.00> <Spt= 0.00> <nCl= 27> <al=0.49> <DB= 1114.3095> <Mlp= 1124.8750> <PB=1000000> 
<DWph=2> <it= 62> <et=0.51> <Mt= 0.00> <Spt= 0.00> <nCl= 20> <al=0.39> <DB= 1117.2055> <Mlp= 1124.8750> <PB=1000000> 
<DWph=2> <it= 63> <et=0.51> <Mt= 0.00> <Spt= 0.01> <nCl= 19> <al=0.29> <DB= 1112.7287> <Mlp= 1124.6667> <PB=1000000> 
<DWph=2> <it= 64> <et=0.52> <Mt= 0.00> <Spt= 0.00> <nCl= 14> <al=0.36> <DB= 1120.3949> <Mlp= 1124.6667> <PB=1000000> 
<DWph=2> <it= 65> <et=0.52> <Mt= 0.01> <Spt= 0.00> <nCl= 24> <al=0.26> <DB= 1120.7864> <Mlp= 1124.6667> <PB=1000000> 
<DWph=2> <it= 66> <et=0.52> <Mt= 0.00> <Spt= 0.00> <nCl= 28> <al=0.33> <DB= 1119.8187> <Mlp= 1124.3333> <PB=1000000> 
<DWph=2> <it= 67> <et=0.52> <Mt= 0.00> <Spt= 0.00> <nCl= 31> <al=0.00> <DB= 1123.8333> <Mlp= 1123.8333> <PB=1000000> 
<DWph=1> <it= 68> <et=0.53> <Mt= 0.00> <Spt= 0.00> <nCl= 30> <al=0.30> <DB=  795.9762> <Mlp= 1123.8333> <PB=1000000> 
<DWph=1> <it= 69> <et=0.53> <Mt= 0.00> <Spt= 0.01> <nCl= 28> <al=0.20> <DB=  588.2867> <Mlp= 1123.7143> <PB=1000000> 
<DWph=1> <it= 70> <et=0.53> <Mt= 0.00> <Spt= 0.00> <nCl= 27> <al=0.10> <DB=  818.8344> <Mlp= 1123.7143> <PB=1000000> 
<DWph=1> <it= 71> <et=0.54> <Mt= 0.00> <Spt= 0.00> <nCl= 28> <al=0.19> <DB=  962.8048> <Mlp= 1123.4000> <PB=1000000> 
<DWph=1> <it= 72> <et=0.54> <Mt= 0.00> <Spt= 0.01> <nCl= 28> <al=0.27> <DB= 1096.2347> <Mlp= 1122.5163> <PB=1000000> 
<DWph=1> <it= 73> <et=0.54> <Mt= 0.00> <Spt= 0.00> <nCl= 21> <al=0.17> <DB= 1066.2476> <Mlp= 1122.4507> <PB=1000000> 
<DWph=1> <it= 74> <et=0.55> <Mt= 0.00> <Spt= 0.00> <nCl= 22> <al=0.07> <DB= 1114.3927> <Mlp= 1122.4507> <PB=1000000> 
<DWph=1> <it= 75> <et=0.55> <Mt= 0.00> <Spt= 0.00> <nCl= 19> <al=0.16> <DB= 1115.3973> <Mlp= 1121.7805> <PB=1000000> 
<DWph=1> <it= 76> <et=0.55> <Mt= 0.00> <Spt= 0.01> <nCl= 19> <al=0.06> <DB= 1116.0770> <Mlp= 1121.7525> <PB=1000000> 
<DWph=1> <it= 77> <et=0.56> <Mt= 0.00> <Spt= 0.00> <nCl= 12> <al=0.00> <DB= 1117.8400> <Mlp= 1121.5760> <PB=1000000> 
<DWph=1> <it= 78> <et=0.56> <Mt= 0.00> <Spt= 0.00> <nCl=  9> <al=0.00> <DB= 1121.5760> <Mlp= 1121.5760> <PB=1000000> 
    RCSP exact solver info for graph G_0 : TT = 0.005242, pt = 6e-06, dt = 0.004658, ct = 0.000264, ndl = 2381', bdl = 50167', odl = 3429', odf = 24405', bsi = 1212', cnt = 14424', bdch = 451744', odch = 69710', lcp = 40793', #sols = 150
<DWph=0> <it= 79> <et=0.57> <Mt= 0.00> <Spt= 0.01> <nCl=150> <al=0.00> <DB=  830.9560> <Mlp= 1121.5760> <PB=1000000> 
    RCSP exact solver info for graph G_0 : TT = 0.005151, pt = 1.4e-05, dt = 0.004498, ct = 0.000318, ndl = 2561', bdl = 53645', odl = 3249', odf = 23694', bsi = 1720', cnt = 15164', bdch = 501416', odch = 66311', lcp = 41058', #sols = 150
<DWph=0> <it= 80> <et=0.58> <Mt= 0.00> <Spt= 0.01> <nCl=150> <al=0.00> <DB=  449.1714> <Mlp= 1113.0286> <PB=1000000> 
    RCSP exact solver info for graph G_0 : TT = 0.005736, pt = 1.6e-05, dt = 0.005103, ct = 0.000312, ndl = 2924', bdl = 60449', odl = 3294', odf = 27015', bsi = 1444', cnt = 29091', bdch = 601091', odch = 91612', lcp = 48717', #sols = 150
<DWph=0> <it= 81> <et=0.59> <Mt= 0.00> <Spt= 0.01> <nCl=150> <al=0.07> <DB=  978.2039> <Mlp= 1113.0286> <PB=1000000> 
    RCSP exact solver info for graph G_0 : TT = 0.006083, pt = 1.6e-05, dt = 0.005352, ct = 0.000385, ndl = 3116', bdl = 64302', odl = 3363', odf = 29230', bsi = 1352', cnt = 35785', bdch = 663574', odch = 103200', lcp = 47888', #sols = 150
<DWph=0> <it= 82> <et=0.60> <Mt= 0.01> <Spt= 0.01> <nCl=124> <al=0.16> <DB= 1102.8177> <Mlp= 1112.0227> <PB=1000000> 
    RCSP exact solver info for graph G_0 : TT = 0.006458, pt = 1.4e-05, dt = 0.005718, ct = 0.000384, ndl = 3203', bdl = 66362', odl = 3569', odf = 30409', bsi = 1405', cnt = 34244', bdch = 714195', odch = 108142', lcp = 51905', #sols = 150
<DWph=0> <it= 83> <et=0.61> <Mt= 0.00> <Spt= 0.01> <nCl= 57> <al=0.25> <DB= 1108.8858> <Mlp= 1111.0769> <PB=1000000> 
    RCSP exact solver info for graph G_0 : TT = 0.006419, pt = 1.5e-05, dt = 0.005676, ct = 0.000373, ndl = 3125', bdl = 64707', odl = 3482', odf = 29049', bsi = 1410', cnt = 33322', bdch = 676251', odch = 102900', lcp = 51232', #sols = 150
<DWph=0> <it= 84> <et=0.62> <Mt= 0.00> <Spt= 0.00> <nCl= 26> <al=0.32> <DB= 1109.7400> <Mlp= 1111.0000> <PB=1000000> 
    RCSP exact solver info for graph G_0 : TT = 0.006989, pt = 1.6e-05, dt = 0.006263, ct = 0.000338, ndl = 3151', bdl = 65450', odl = 3465', odf = 28995', bsi = 1425', cnt = 33622', bdch = 684512', odch = 104732', lcp = 51631', #sols = 150
    RCSP exact solver info for graph G_0 : TT = 0.005446, pt = 1.5e-05, dt = 0.004798, ct = 0.000292, ndl = 2634', bdl = 55104', odl = 3254', odf = 25175', bsi = 1354', cnt = 24673', bdch = 507569', odch = 77282', lcp = 40934', #sols = 150
<DWph=0> <it= 85> <et=0.64> <Mt= 0.00> <Spt= 0.02> <nCl= 40> <al=0.00> <DB= 1111.0000> <Mlp= 1111.0000> <PB=1000000> 
RCSP solver dynamic params and stats :  bidir.bord. = 375 aver.obdmd = 24.0938 aver.buck.num. = 26
@@ 1 0 1111 0.0055915 0.006601 92.4914 0.64
RCSP      solver labels distribution in 332 buckets (bucket size) : largest - 44, top 0.1% - 44, top 0.5% - 40, top 2% - 35, top 10% - 20, top 50% - 5
Reduced cost fixing for graph G_0...  TT = 0.007105, pt = 0.000473, dt = 0.006567, ct = 0, ndl = 5427', bdl = 69648', odl = 3550', odf = 43037', lpcb = 5021', cnt = 207968', bdch = 600486', odch = 160633', lcp = 48099'
21387 buck. arcs remain (99.3% from prev., 91.9% from max.) + 0 jump buck. arcs (0% from max.)
 TT = 0.015127, pt = 0.000473, dt = 0.006567, ct = 0.007964, ndl = 5427', bdl = 69648', odl = 3550', odf = 43037', lpcb = 5021', cnt = 238278', bdch = 600486', odch = 160633', lcp = 48099'
RCSP      solver labels distribution in 647 buckets (bucket size) : largest - 44, top 0.1% - 44, top 0.5% - 37, top 2% - 29, top 10% - 20, top 50% - 6
Run forward enumeration with border = 375... not succeeded (ratio 0.938441) lpt = 0.031617, ndl = 50017', dl = 34050', lpcb = 0', dch = 176558'
 TT = 0.039865, pt = 0.006219, dt = 0.031617, ct = 0, ndl = 50017', bdl = 34050', cnt = 312631', bdch = 176558', odch = 0', lcp = 0'
ColGenEvalAlg final dual bound: 1111 (rounded: 1111)
In total 1 RCC cut(s) are found by the connected components heuristic 
Shrinking heuristic shrunk 21 edges
In total 1 RCC cut(s) are found by the Fractional capacity min-cut heuristic 
----- Add fac. cuts : CAP(2), max.viol = 0.333333, aver.viol = 0.333333, sep/add took 0.000377806/0.00539272 sec. -----
2898 columns (2898 active), 2 dyn. constrs. (2 active), 64 art. vars. (64 active)
<DWph=2> <it=  1> <et=0.71> <Mt= 0.00> <Spt= 0.00> <nCl= 20> <al=0.00> <DB= 1111.2500> <Mlp= 1111.2500> <PB=1000000> 
<DWph=1> <it=  2> <et=0.71> <Mt= 0.00> <Spt= 0.01> <nCl= 21> <al=0.00> <DB= 1111.2500> <Mlp= 1111.2500> <PB=1000000> 
    RCSP exact solver info for graph G_0 : TT = 0.004716, pt = 6e-06, dt = 0.00417, ct = 0.000268, ndl = 2661', bdl = 56234', odl = 3111', odf = 24420', bsi = 1305', cnt = 25078', bdch = 508175', odch = 78032', lcp = 42116', #sols = 150
<DWph=0> <it=  3> <et=0.72> <Mt= 0.00> <Spt= 0.00> <nCl= 38> <al=0.30> <DB= 1109.7500> <Mlp= 1111.2500> <PB=1000000> 
    RCSP exact solver info for graph G_0 : TT = 0.004873, pt = 1.5e-05, dt = 0.004267, ct = 0.000297, ndl = 2633', bdl = 55691', odl = 3169', odf = 24593', bsi = 1320', cnt = 23827', bdch = 506353', odch = 76494', lcp = 41929', #sols = 150
    RCSP exact solver info for graph G_0 : TT = 0.00514, pt = 1.4e-05, dt = 0.004589, ct = 0.000263, ndl = 2626', bdl = 55602', odl = 3185', odf = 24595', bsi = 1309', cnt = 23446', bdch = 505070', odch = 76369', lcp = 41738', #sols = 150
<DWph=0> <it=  4> <et=0.73> <Mt= 0.00> <Spt= 0.02> <nCl=  0> <al=0.00> <DB= 1111.2500> <Mlp= 1111.2500> <PB=1000000> 
RCSP solver dynamic params and stats :  bidir.bord. = 375 aver.obdmd = 24.0938 aver.buck.num. = 26
@@ 1 1 1111.25 0.004618 0.004852 91.8686 0.73
    Full reduced cost fixing is not called (gap ratio is 1)
ColGenEvalAlg final dual bound: 1111.25 (rounded: 1112)
False gap improvement since the last cut separation : 0.00225023 (1111)
Cut generation tailing off counter increased to 1
Current active cuts : CAP(1,5)
In total 1 RCC cut(s) are found by the connected components heuristic 
Shrinking heuristic shrunk 14 edges
In total 2 RCC cut(s) are found by the Fractional capacity min-cut heuristic 
In total 3 RCC cut(s) are found by the greedy construction heuristic 
----- Add fac. cuts : CAP(6), max.viol = 0.321429, aver.viol = 0.130952, sep/add took 0.000552809/0.00998926 sec. -----
2977 columns (2977 active), 8 dyn. constrs. (7 active), 70 art. vars. (69 active)
<DWph=2> <it=  1> <et=0.75> <Mt= 0.00> <Spt= 0.00> <nCl= 43> <al=0.00> <DB= 1111.7143> <Mlp= 1114.5714> <PB=1000000> 
<DWph=2> <it=  2> <et=0.75> <Mt= 0.00> <Spt= 0.00> <nCl= 25> <al=0.00> <DB= 1112.8571> <Mlp= 1114.5714> <PB=1000000> 
<DWph=2> <it=  3> <et=0.75> <Mt= 0.00> <Spt= 0.00> <nCl=  7> <al=0.00> <DB= 1114.5714> <Mlp= 1114.5714> <PB=1000000> 
<DWph=1> <it=  4> <et=0.76> <Mt= 0.00> <Spt= 0.01> <nCl= 10> <al=0.00> <DB= 1114.5714> <Mlp= 1114.5714> <PB=1000000> 
    RCSP exact solver info for graph G_0 : TT = 0.003568, pt = 6e-06, dt = 0.003097, ct = 0.000215, ndl = 2084', bdl = 45256', odl = 2676', odf = 19925', bsi = 889', cnt = 14446', bdch = 329683', odch = 56080', lcp = 30509', #sols = 150
<DWph=0> <it=  5> <et=0.76> <Mt= 0.00> <Spt= 0.00> <nCl= 89> <al=0.10> <DB= 1111.1429> <Mlp= 1114.5714> <PB=1000000> 
    RCSP exact solver info for graph G_0 : TT = 0.004452, pt = 1.5e-05, dt = 0.003491, ct = 0.000422, ndl = 2193', bdl = 47039', odl = 2898', odf = 21704', bsi = 928', cnt = 15160', bdch = 372088', odch = 56892', lcp = 33318', #sols = 150
<DWph=0> <it=  6> <et=0.77> <Mt= 0.00> <Spt= 0.01> <nCl= 73> <al=0.19> <DB= 1113.2486> <Mlp= 1114.0000> <PB=1000000> 
    RCSP exact solver info for graph G_0 : TT = 0.003727, pt = 1.4e-05, dt = 0.003283, ct = 0.000182, ndl = 2115', bdl = 45611', odl = 2842', odf = 20924', bsi = 910', cnt = 14333', bdch = 354416', odch = 53972', lcp = 31905', #sols = 150
    RCSP exact solver info for graph G_0 : TT = 0.002851, pt = 1.1e-05, dt = 0.002459, ct = 0.000125, ndl = 1572', bdl = 34224', odl = 2657', odf = 17513', bsi = 826', cnt = 7755', bdch = 227132', odch = 36443', lcp = 22753', #sols = 150
<DWph=0> <it=  7> <et=0.78> <Mt= 0.01> <Spt= 0.01> <nCl= 67> <al=0.00> <DB= 1114.0000> <Mlp= 1114.0000> <PB=1000000> 
RCSP solver dynamic params and stats :  bidir.bord. = 375 aver.obdmd = 24.0938 aver.buck.num. = 26
@@ 1 2 1114 0.0033185 0.003913 91.8686 0.78
    Full reduced cost fixing is not called (gap ratio is 0.999997)
ColGenEvalAlg final dual bound: 1114 (rounded: 1114)
False gap improvement since the last cut separation : 0.0247469 (1111.25)
Current active cuts : CAP(4,137)
Shrinking heuristic shrunk 19 edges
150 Rank-1 3-rows pack. cuts added ,  max viol. = 0.333333, aver. viol. = 0.333333
----- Add fac. cuts : R1C(150), max.viol = 0.333333, aver.viol = 0.333333, sep/add took 0.00091443/0.152543 sec. -----
3291 columns (3291 active), 157 dyn. constrs. (154 active), 220 art. vars. (216 active)
<DWph=2> <it=  1> <et=0.95> <Mt= 0.00> <Spt= 0.00> <nCl= 11> <al=0.50> <DB= 1114.4000> <Mlp= 1116.8000> <PB=1000000> 
<DWph=2> <it=  2> <et=0.95> <Mt= 0.00> <Spt= 0.01> <nCl= 10> <al=0.55> <DB= 1115.2350> <Mlp= 1116.8000> <PB=1000000> 
<DWph=2> <it=  3> <et=0.96> <Mt= 0.01> <Spt= 0.00> <nCl= 17> <al=0.60> <DB= 1109.8495> <Mlp= 1116.7500> <PB=1000000> 
<DWph=2> <it=  4> <et=0.97> <Mt= 0.00> <Spt= 0.00> <nCl=  8> <al=0.64> <DB= 1114.6123> <Mlp= 1116.7500> <PB=1000000> 
<DWph=2> <it=  5> <et=0.97> <Mt= 0.00> <Spt= 0.01> <nCl=  7> <al=0.34> <DB= 1115.9449> <Mlp= 1116.7174> <PB=1000000> 
<DWph=2> <it=  6> <et=0.98> <Mt= 0.00> <Spt= 0.00> <nCl=  2> <al=0.57> <DB= 1115.8025> <Mlp= 1116.7174> <PB=1000000> 
<DWph=2> <it=  7> <et=0.98> <Mt= 0.01> <Spt= 0.00> <nCl=  1> <al=0.61> <DB= 1115.8836> <Mlp= 1116.6250> <PB=1000000> 
<DWph=2> <it=  8> <et=0.99> <Mt= 0.00> <Spt= 0.01> <nCl= 23> <al=0.31> <DB= 1114.8210> <Mlp= 1116.6250> <PB=1000000> 
<DWph=2> <it=  9> <et=0.99> <Mt= 0.00> <Spt= 0.00> <nCl=  7> <al=0.55> <DB= 1116.2700> <Mlp= 1116.6250> <PB=1000000> 
<DWph=2> <it= 10> <et=1.00> <Mt= 0.00> <Spt= 0.00> <nCl= 12> <al=0.00> <DB= 1116.6250> <Mlp= 1116.6250> <PB=1000000> 
<DWph=1> <it= 11> <et=1.00> <Mt= 0.00> <Spt= 0.01> <nCl= 14> <al=0.50> <DB= 1115.8472> <Mlp= 1116.6250> <PB=1000000> 
<DWph=1> <it= 12> <et=1.01> <Mt= 0.00> <Spt= 0.01> <nCl=  4> <al=0.00> <DB= 1116.5000> <Mlp= 1116.5000> <PB=1000000> 
    RCSP exact solver info for graph G_0 : TT = 0.006213, pt = 3.1e-05, dt = 0.00553, ct = 0.000277, ndl = 2621', bdl = 55766', odl = 3174', odf = 24228', bsi = 1041', cnt = 24788', bdch = 507206', odch = 76902', lcp = 43170', #sols = 150
<DWph=0> <it= 13> <et=1.03> <Mt= 0.00> <Spt= 0.01> <nCl= 70> <al=0.45> <DB= 1108.9878> <Mlp= 1116.5000> <PB=1000000> 
    RCSP exact solver info for graph G_0 : TT = 0.007299, pt = 9.1e-05, dt = 0.006473, ct = 0.000339, ndl = 2859', bdl = 61489', odl = 3253', odf = 25715', bsi = 1009', cnt = 27754', bdch = 598157', odch = 92554', lcp = 49872', #sols = 150
<DWph=0> <it= 14> <et=1.06> <Mt= 0.02> <Spt= 0.02> <nCl= 35> <al=0.35> <DB= 1113.3739> <Mlp= 1116.4071> <PB=1000000> 
    RCSP exact solver info for graph G_0 : TT = 0.006482, pt = 7.6e-05, dt = 0.005843, ct = 0.000249, ndl = 2784', bdl = 60081', odl = 3224', odf = 25422', bsi = 975', cnt = 25049', bdch = 579369', odch = 90102', lcp = 47796', #sols = 150
<DWph=0> <it= 15> <et=1.07> <Mt= 0.00> <Spt= 0.01> <nCl= 17> <al=0.25> <DB= 1115.2497> <Mlp= 1116.3750> <PB=1000000> 
    RCSP exact solver info for graph G_0 : TT = 0.007158, pt = 7.2e-05, dt = 0.0065, ct = 0.000259, ndl = 2890', bdl = 62305', odl = 3281', odf = 26327', bsi = 983', cnt = 26118', bdch = 613098', odch = 96526', lcp = 50276', #sols = 150
<DWph=0> <it= 16> <et=1.08> <Mt= 0.00> <Spt= 0.00> <nCl=  5> <al=0.32> <DB= 1116.0111> <Mlp= 1116.3750> <PB=1000000> 
    RCSP exact solver info for graph G_0 : TT = 0.007713, pt = 7.8e-05, dt = 0.006908, ct = 0.000314, ndl = 2898', bdl = 62462', odl = 3295', odf = 26456', bsi = 983', cnt = 25841', bdch = 615624', odch = 96620', lcp = 50408', #sols = 150
    RCSP exact solver info for graph G_0 : TT = 0.006611, pt = 6.5e-05, dt = 0.005956, ct = 0.000243, ndl = 2803', bdl = 60448', odl = 3233', odf = 25669', bsi = 968', cnt = 24926', bdch = 579833', odch = 90966', lcp = 47965', #sols = 150
<DWph=0> <it= 17> <et=1.10> <Mt= 0.00> <Spt= 0.02> <nCl=  9> <al=0.00> <DB= 1116.3750> <Mlp= 1116.3750> <PB=1000000> 
RCSP solver dynamic params and stats :  bidir.bord. = 375 aver.obdmd = 24.0938 aver.buck.num. = 26 nbR1C = 11 with avMem = 13.9091
@@ 1 3 1116.38 0.00648183 0.007222 91.8686 1.1
    Full reduced cost fixing is not called (gap ratio is 0.999995)
ColGenEvalAlg final dual bound: 1116.38 (rounded: 1117)
False gap improvement since the last cut separation : 0.0213196 (1114)
Current active cuts : CAP(3,93.5625) R1C(11,12.625) 3rowPackR1C(11)
Shrinking heuristic shrunk 15 edges
5 Rank-1 1-rows pack. cuts added ,  max viol. = 0.125, aver. viol. = 0.125
150 Rank-1 3-rows pack. cuts added ,  max viol. = 0.25, aver. viol. = 0.229167
----- Add fac. cuts : R1C(155), max.viol = 0.25, aver.viol = 0.23629, sep/add took 0.001374/0.211586 sec. -----
3543 columns (3543 active), 309 dyn. constrs. (170 active), 375 art. vars. (232 active)
<DWph=2> <it=  1> <et=1.33> <Mt= 0.01> <Spt= 0.01> <nCl= 23> <al=0.00> <DB= 1114.3261> <Mlp= 1117.5870> <PB=1000000> 
<DWph=2> <it=  2> <et=1.34> <Mt= 0.00> <Spt= 0.01> <nCl= 15> <al=0.00> <DB= 1117.5870> <Mlp= 1117.5870> <PB=1000000> 
<DWph=1> <it=  3> <et=1.35> <Mt= 0.00> <Spt= 0.01> <nCl= 12> <al=0.00> <DB= 1117.5870> <Mlp= 1117.5870> <PB=1000000> 
    RCSP exact solver info for graph G_0 : TT = 0.01734, pt = 0.000187, dt = 0.016014, ct = 0.000679, ndl = 4931', bdl = 100500', odl = 4368', odf = 42464', bsi = 1161', cnt = 107689', bdch = 1486814', odch = 252735', lcp = 113866', #sols = 150
<DWph=0> <it=  4> <et=1.38> <Mt= 0.01> <Spt= 0.03> <nCl= 66> <al=0.20> <DB= 1112.6304> <Mlp= 1117.5870> <PB=1000000> 
    RCSP exact solver info for graph G_0 : TT = 0.015631, pt = 0.000182, dt = 0.014229, ct = 0.000659, ndl = 4484', bdl = 91623', odl = 4066', odf = 38467', bsi = 1115', cnt = 89014', bdch = 1246706', odch = 207452', lcp = 95451', #sols = 150
<DWph=0> <it=  5> <et=1.41> <Mt= 0.00> <Spt= 0.02> <nCl= 16> <al=0.28> <DB= 1116.1555> <Mlp= 1117.5263> <PB=1000000> 
    RCSP exact solver info for graph G_0 : TT = 0.016027, pt = 0.000166, dt = 0.014548, ct = 0.00063, ndl = 4474', bdl = 91148', odl = 4103', odf = 38972', bsi = 1117', cnt = 87536', bdch = 1239842', odch = 206786', lcp = 93655', #sols = 150
    RCSP exact solver info for graph G_0 : TT = 0.015134, pt = 0.000132, dt = 0.013964, ct = 0.000562, ndl = 4286', bdl = 87996', odl = 3972', odf = 37070', bsi = 1107', cnt = 80004', bdch = 1152715', odch = 189082', lcp = 88431', #sols = 150
<DWph=0> <it=  6> <et=1.45> <Mt= 0.00> <Spt= 0.03> <nCl=  3> <al=0.00> <DB= 1117.5263> <Mlp= 1117.5263> <PB=1000000> 
RCSP solver dynamic params and stats :  bidir.bord. = 375 aver.obdmd = 24.0938 aver.buck.num. = 26 nbR1C = 19 with avMem = 17.4211
@@ 1 4 1117.53 0.0153212 0.016693 91.8686 1.45
    Full reduced cost fixing is not called (gap ratio is 0.999993)
ColGenEvalAlg final dual bound: 1117.53 (rounded: 1118)
False gap improvement since the last cut separation : 0.010313 (1116.38)
Separator R1C not in maximum phase
Cut generation tailing off counter increased to 0
Current active cuts : CAP(2,60.4211) R1C(19,23.7368) 3rowPackR1C(19)
Shrinking heuristic shrunk 13 edges
In total 1 RCC cut(s) are found by the Fractional capacity min-cut heuristic 
In total 1 RCC cut(s) are found by the greedy construction heuristic 
4 Rank-1 1-rows pack. cuts added ,  max viol. = 0.122807, aver. viol. = 0.0789474
150 Rank-1 3-rows pack. cuts added ,  max viol. = 0.31579, aver. viol. = 0.207602
Building structures for heuristic rank-1 packing cut separation...done!
100 Rank-1 4-rows pack. cuts added ,  max viol. = 0.210526, aver. viol. = 0.194737
----- Add fac. cuts : CAP(2) R1C(254), max.viol = 0.368421, aver.viol = 0.252604, sep/add took 0.0165079/0.399787 sec. -----
3678 columns (3678 active), 427 dyn. constrs. (278 active), 631 art. vars. (340 active)
<DWph=2> <it=  1> <et=1.92> <Mt= 0.02> <Spt= 0.01> <nCl= 20> <al=0.50> <DB= 1119.4909> <Mlp= 1121.4554> <PB=1000000> 
<DWph=2> <it=  2> <et=1.93> <Mt= 0.01> <Spt= 0.01> <nCl= 27> <al=0.10> <DB= 1119.0984> <Mlp= 1121.4554> <PB=1000000> 
<DWph=2> <it=  3> <et=1.94> <Mt= 0.00> <Spt= 0.01> <nCl=  3> <al=0.45> <DB= 1120.6295> <Mlp= 1121.4554> <PB=1000000> 
<DWph=2> <it=  4> <et=1.96> <Mt= 0.00> <Spt= 0.01> <nCl=  9> <al=0.01> <DB= 1116.3233> <Mlp= 1121.4554> <PB=1000000> 
<DWph=2> <it=  5> <et=1.97> <Mt= 0.01> <Spt= 0.01> <nCl=  9> <al=0.41> <DB= 1120.1852> <Mlp= 1121.4554> <PB=1000000> 
<DWph=2> <it=  6> <et=1.98> <Mt= 0.00> <Spt= 0.00> <nCl= 11> <al=0.00> <DB= 1118.5159> <Mlp= 1121.3333> <PB=1000000> 
<DWph=2> <it=  7> <et=1.99> <Mt= 0.01> <Spt= 0.01> <nCl= 13> <al=0.36> <DB= 1118.1394> <Mlp= 1121.3333> <PB=1000000> 
<DWph=2> <it=  8> <et=2.01> <Mt= 0.00> <Spt= 0.01> <nCl= 12> <al=0.00> <DB= 1121.3333> <Mlp= 1121.3333> <PB=1000000> 
<DWph=1> <it=  9> <et=2.03> <Mt= 0.01> <Spt= 0.01> <nCl= 25> <al=0.16> <DB= 1116.8569> <Mlp= 1121.3333> <PB=1000000> 
<DWph=1> <it= 10> <et=2.05> <Mt= 0.00> <Spt= 0.02> <nCl= 19> <al=0.06> <DB= 1107.2102> <Mlp= 1121.3333> <PB=1000000> 
<DWph=1> <it= 11> <et=2.23> <Mt= 0.18> <Spt= 0.01> <nCl= 30> <al=0.00> <DB= -545.3936> <Mlp= 1121.2553> <PB=1000000> 
<DWph=1> <it= 12> <et=2.26> <Mt= 0.00> <Spt= 0.02> <nCl= 28> <al=0.07> <DB= 1066.9519> <Mlp= 1121.2553> <PB=1000000> 
<DWph=1> <it= 13> <et=2.28> <Mt= 0.01> <Spt= 0.01> <nCl= 27> <al=0.16> <DB=  680.4138> <Mlp= 1121.2553> <PB=1000000> 
<DWph=1> <it= 14> <et=2.31> <Mt= 0.01> <Spt= 0.02> <nCl= 40> <al=0.00> <DB= 1115.6383> <Mlp= 1121.2553> <PB=1000000> 
    RCSP exact solver info for graph G_0 : TT = 0.040303, pt = 0.000308, dt = 0.038055, ct = 0.001568, ndl = 6798', bdl = 133090', odl = 5667', odf = 57983', bsi = 1350', cnt = 196400', bdch = 2513280', odch = 545578', lcp = 255594', #sols = 150
<DWph=0> <it= 15> <et=2.39> <Mt= 0.00> <Spt= 0.08> <nCl=150> <al=0.15> <DB= 1043.4789> <Mlp= 1121.1600> <PB=1000000> 
    RCSP exact solver info for graph G_0 : TT = 0.044553, pt = 0.000566, dt = 0.042108, ct = 0.001388, ndl = 6631', bdl = 132039', odl = 5961', odf = 58377', bsi = 1180', cnt = 163892', bdch = 2625156', odch = 557914', lcp = 245467', #sols = 150
<DWph=0> <it= 16> <et=2.49> <Mt= 0.02> <Spt= 0.08> <nCl=126> <al=0.23> <DB= 1104.3724> <Mlp= 1120.8671> <PB=1000000> 
    RCSP exact solver info for graph G_0 : TT = 0.055478, pt = 0.000467, dt = 0.052771, ct = 0.00174, ndl = 7300', bdl = 143766', odl = 6096', odf = 63836', bsi = 1149', cnt = 210017', bdch = 3088852', odch = 652169', lcp = 281371', #sols = 150
<DWph=0> <it= 17> <et=2.57> <Mt= 0.01> <Spt= 0.06> <nCl= 15> <al=0.31> <DB= 1115.6760> <Mlp= 1120.6964> <PB=1000000> 
    RCSP exact solver info for graph G_0 : TT = 0.057793, pt = 0.000385, dt = 0.054957, ct = 0.001862, ndl = 7430', bdl = 146112', odl = 6198', odf = 65404', bsi = 1130', cnt = 213372', bdch = 3210827', odch = 664037', lcp = 288162', #sols = 150
<DWph=0> <it= 18> <et=2.64> <Mt= 0.01> <Spt= 0.07> <nCl= 12> <al=0.21> <DB= 1119.6545> <Mlp= 1120.6964> <PB=1000000> 
    RCSP exact solver info for graph G_0 : TT = 0.055695, pt = 0.000678, dt = 0.052984, ct = 0.001516, ndl = 7134', bdl = 142296', odl = 6106', odf = 63555', bsi = 1147', cnt = 176420', bdch = 2980498', odch = 598310', lcp = 263052', #sols = 150
<DWph=0> <it= 19> <et=2.71> <Mt= 0.01> <Spt= 0.06> <nCl=  9> <al=0.11> <DB= 1118.8723> <Mlp= 1120.6862> <PB=1000000> 
    RCSP exact solver info for graph G_0 : TT = 0.055132, pt = 0.000572, dt = 0.052538, ct = 0.001504, ndl = 7176', bdl = 143216', odl = 6100', odf = 63578', bsi = 1141', cnt = 178494', bdch = 3005292', odch = 607796', lcp = 266212', #sols = 150
    RCSP exact solver info for graph G_0 : TT = 0.031953, pt = 0.000209, dt = 0.029992, ct = 0.001172, ndl = 6636', bdl = 133468', odl = 5854', odf = 58624', bsi = 1123', cnt = 159129', bdch = 2605977', odch = 540258', lcp = 238463', #sols = 150
<DWph=0> <it= 20> <et=2.81> <Mt= 0.00> <Spt= 0.09> <nCl=  6> <al=0.00> <DB= 1120.6862> <Mlp= 1120.6862> <PB=1000000> 
RCSP solver dynamic params and stats :  bidir.bord. = 375 aver.obdmd = 24.0938 aver.buck.num. = 26 nbR1C = 27 with avMem = 20.6667
@@ 1 5 1120.69 0.0477364 0.056819 91.8686 2.81
    Full reduced cost fixing is not called (gap ratio is 0.99999)
ColGenEvalAlg final dual bound: 1120.69 (rounded: 1121)
False gap improvement since the last cut separation : 0.0282758 (1117.53)
Current active cuts : CAP(1,25.8517) R1C(27,45.0845) 3rowPackR1C(17) 4rowPackR1C(10)
Shrinking heuristic shrunk 12 edges
In total 1 RCC cut(s) are found by the Fractional capacity min-cut heuristic 
In total 1 RCC cut(s) are found by the global pool greedy search heuristic 
5 Rank-1 1-rows pack. cuts added ,  max viol. = 0.0896552, aver. viol. = 0.0793103
150 Rank-1 3-rows pack. cuts added ,  max viol. = 0.262069, aver. viol. = 0.219402
Building structures for heuristic rank-1 packing cut separation...done!
100 Rank-1 4-rows pack. cuts added ,  max viol. = 0.358621, aver. viol. = 0.288241
----- Add fac. cuts : CAP(2) R1C(255), max.viol = 0.358621, aver.viol = 0.249242, sep/add took 0.0211426/0.516844 sec. -----
4269 columns (4269 active), 537 dyn. constrs. (287 active), 888 art. vars. (349 active)
Shrinking heuristic shrunk 28 edges
<DWph=2> <it=  1> <et=3.40> <Mt= 0.01> <Spt= 0.01> <nCl= 20> <al=0.00> <DB= 1122.0000> <Mlp= 1122.0000> <PB=1122> 
<DWph=1> <it=  2> <et=3.42> <Mt= 0.01> <Spt= 0.01> <nCl= 15> <al=0.40> <DB= 1118.0000> <Mlp= 1122.0000> <PB=1122> 
<DWph=1> <it=  3> <et=3.44> <Mt= 0.00> <Spt= 0.02> <nCl= 15> <al=0.46> <DB= 1121.0005> <Mlp= 1122.0000> <PB=1122> 
<DWph=1> <it=  4> <et=3.46> <Mt= 0.01> <Spt= 0.02> <nCl= 12> <al=0.00> <DB= 1121.8360> <Mlp= 1122.0000> <PB=1122> 
    RCSP exact solver info for graph G_0 : TT = 0.049522, pt = 0.000229, dt = 0.04652, ct = 0.002143, ndl = 9261', bdl = 180072', odl = 7193', odf = 81147', bsi = 1270', cnt = 298228', bdch = 4653530', odch = 1018222', lcp = 425075', #sols = 150
<DWph=0> <it=  5> <et=3.54> <Mt= 0.00> <Spt= 0.07> <nCl= 74> <al=0.26> <DB= 1115.5668> <Mlp= 1122.0000> <PB=1122> 
    RCSP exact solver info for graph G_0 : TT = 0.05024, pt = 0.000232, dt = 0.046695, ct = 0.002653, ndl = 9503', bdl = 182932', odl = 7181', odf = 82509', bsi = 1186', cnt = 391042', bdch = 4750140', odch = 1121518', lcp = 449190', #sols = 150
<DWph=0> <it=  6> <et=3.61> <Mt= 0.01> <Spt= 0.06> <nCl= 30> <al=0.33> <DB= 1119.1396> <Mlp= 1122.0000> <PB=1122> 
    RCSP exact solver info for graph G_0 : TT = 0.048285, pt = 0.000236, dt = 0.045399, ct = 0.002009, ndl = 9104', bdl = 175763', odl = 6926', odf = 78650', bsi = 1145', cnt = 352874', bdch = 4357330', odch = 1030862', lcp = 418253', #sols = 150
<DWph=0> <it=  7> <et=3.67> <Mt= 0.01> <Spt= 0.05> <nCl= 19> <al=0.40> <DB= 1120.8541> <Mlp= 1122.0000> <PB=1122> 
    RCSP exact solver info for graph G_0 : TT = 0.046817, pt = 0.000232, dt = 0.043959, ct = 0.001956, ndl = 8812', bdl = 172214', odl = 6713', odf = 75507', bsi = 1090', cnt = 322318', bdch = 4090284', odch = 985472', lcp = 397413', #sols = 150
    RCSP exact solver info for graph G_0 : TT = 0.036441, pt = 0.000151, dt = 0.033867, ct = 0.001705, ndl = 8484', bdl = 167523', odl = 6533', odf = 72771', bsi = 1054', cnt = 288856', bdch = 3809752', odch = 929557', lcp = 374072', #sols = 150
<DWph=0> <it=  8> <et=3.77> <Mt= 0.01> <Spt= 0.09> <nCl=  8> <al=0.00> <DB= 1122.0000> <Mlp= 1122.0000> <PB=1122> 
RCSP solver dynamic params and stats :  bidir.bord. = 375 aver.obdmd = 24.0938 aver.buck.num. = 26 nbR1C = 20 with avMem = 19.95
@@ 1 6 1122 0.0453812 0.049348 91.8686 3.77
ColGenEvalAlg final dual bound: 1122 (rounded: 1122)
Gap improvement since the last cut separation : 1 (1120.69)
Current active cuts : CAP(1,36) R1C(20,57.5556) 3rowPackR1C(13) 4rowPackR1C(7)
New model incumbent solution 1122, TIME = 0h0m3s85t = 385
************************************************************************************************
Search is finished, global bounds : [ 1122 , 1122 ], TIME = 0h0m3s86t = 386
************************************************************************************************
[32mBaPCod : solution defined.[00m
statistics_cols: instance & :Optimal & cutoff & :bcRecRootDb & :bcTimeRootEval & :bcCountNodeProc & :bcRecBestDb & :bcRecBestInc & :bcTimeMain \\
statistics: instance_11-triangle & 1 & 1.0e6 & 1122.00 & 3.85 & 1 & 1122.00 & 1122 & 3.86 \\
########################################################
Route #1: 1 9 8 24 29 5 2 13 19 17 11 27 
Route #2: 3 21 30 18 16 6 4 20 28 22 14 10 7 26 25 23 12 15 
Cost 1122
########################################################

end_time=2026-04-22 10:47:16
exit_code=0
