instance_file=/mnt/c/Users/porin/OneDrive/Documentos/Python-Mestrado/Modelagem Matemática/Programação Inteira - Uchoa/Problema VRPRDL/instancias_turco/VRPRDL-triangle/cvrp_padrao_convertidos/instance_25-triangle.vrp
instance_name=instance_25-triangle
n_customers=60
k_lb=5
k_ub=60
ub=1000000
timeout_s=3600
start_time=2026-04-22 10:50:33

  Activating project at `~/VRPSolver/VRPSolverDemos`
Application parameters:
  batch  =>  nothing
  instance  =>  "/mnt/c/Users/porin/OneDrive/Documentos/Python-Mestrado/Modelagem Matemática/Programação Inteira - Uchoa/Problema VRPRDL/instancias_turco/VRPRDL-triangle/cvrp_padrao_convertidos/instance_25-triangle.vrp"
  noround  =>  false
  cfg  =>  "/home/poringman/VRPSolver/VRPSolverDemos/src/../config/CVRP.cfg"
  edge_cuts  =>  false
  out  =>  nothing
  ub  =>  1.0e6
  cluster_branching  =>  1.0
  sol  =>  nothing
  single_resource  =>  false
  strong_kpath_cuts  =>  false
  tikz  =>  nothing
  maxr  =>  60
  update  =>  false
  show_complete_form  =>  false
  nosolve  =>  false
  minr  =>  5
  low_edge_priority  =>  false
~~~~~~~~~~~~~~~~~~~~~~~~~~~~~~~~~~~~~~~~~~~~~~~~~~~~~~~~~~~~~~~~~~~~~~~~~~~~~~~~~~~~~
GIT VERSION RCSP: 
GIT BRANCH: 
~~~~~~~~~~~~~~~~~~~~~~~~~~~~~~~~~~~~~~~~~~~~~~~~~~~~~~~~~~~~~~~~~~~~~~~~~~~~~~~~~~~~~
VRPSolver v0.6.16, 10/11/2025, © Inria Bordeaux, France, vrpsolver.math.u-bordeaux.fr
      Corresponds to the solver by Pessoa, Sadykov, Uchoa and Vanderbeck (2020)
                 Paper: dx.doi.org/10.1007/s10107-020-01523-z
~~~~~~~~~~~~~~~~~~~~~~~~~~~~~~~~~~~~~~~~~~~~~~~~~~~~~~~~~~~~~~~~~~~~~~~~~~~~~~~~~~~~~
GIT VERSION BAPCOD: a7cb21f19424236c9d0da5dcf94961797a519470
GIT BRANCH: main
~~~~~~~~~~~~~~~~~~~~~~~~~~~~~~~~~~~~~~~~~~~~~~~~~~~~~~~~~~~~~~~~~~~~~~~~~~~~~~~~~~~~~
   BaPCod v0.84, 10/11/2025, © Inria Bordeaux, France, bapcod.math.u-bordeaux.fr 
           THIS CODE IS PROVIDED AS IS, USE IT AT YOUR OWN RISK
~~~~~~~~~~~~~~~~~~~~~~~~~~~~~~~~~~~~~~~~~~~~~~~~~~~~~~~~~~~~~~~~~~~~~~~~~~~~~~~~~~~~~
--- MAIN PARAMETERS ---
GlobalTimeLimitInTick = 2147483645
GlobalTimeLimit = 21474836
ClockType = 0
MaxNbOfBBtreeNodeTreated = 100000
optimalityGapTolerance = 1e-06
relOptimalityGapTolerance = 1e-09
ApplyPreprocessing = false
PreprocessVariablesLocalBounds = false
treeSearchStrategy = 1
OpenNodesLimit = 1000
DEFAULTPRINTLEVEL = 0
--- MIP SOLVER PARAMETERS ---
solverName = CPLEX_SOLVER
MipSolverMaxBBNodes = 2000000
MipSolverMaxTime = 360000
MipSolverMultiThread = 1
--- COLUMN GENERATION PARAMETERS ---
SolverSelectForMast = a
  colGenSubProbSolMode = customSolver
mastInitMode = localArtCol
ArtVarPenaltyUpdateFactor = 2
ArtVarMaxNbOfPenaltyUpdates = 5
MaxNbOfStagesInColGenProcedure = 3
GenerateProperColumns = false
InsertAllGeneratedColumnsInFormRatherThanInPool = true
InsertNewNonNegColumnsDirectlyInFormRatherThanInPool = true
ColumnCleanupThreshold = 10000
ColumnCleanupRatio = 0.66
ReducedCostFixingThreshold = 0.9
--- CUT GENERATION PARAMETERS ---
MasterCuttingPlanesDepthLimit = 1000
MaxNbOfCutGeneratedAtEachIter = 1000
CutTailingOffThreshold = 0.015
CutTailingOffCounterThreshold = 3
CutCleanupThreshold = 1
CutCleanupRatio = 0.66
ColGenSpRelaxationImprovementPriority = 0
--- STABILIZATION PARAMETERS ---
colGenDualPriceSmoothingAlphaFactor = 1
colGenDualPriceSmoothingBetaFactor = 0
colGenStabilizationFunctionType = none
colGenProximalStabilizationRule = undefined
StabilFuncKappa = 1
colGenStabilizationMaxTreeDepth = 10000
StabilizationMinPhaseOfStage = 0
--- PRIMAL HEURISTIC PARAMETERS ---
UseInitialPrimalHeur = false
MaxTimeForRestrictedMasterIpHeur = -1
CallFrequencyOfRestrictedMasterIpHeur = 5
MIPemphasisInRestrictedMasterIpHeur = 1
PolishingAfterTimeInRestrictedMasterIpHeur = -1
DivingHeurUseDepthLimit = -1
CallFrequencyOfDivingHeur = 1
LeastFractional
Closest2RoundUp
LeastGreedyCost
LeastCost
FixIntValBeforeRoundingHeur = true
MaxNbOfCgIteDuringRh = 5000
MaxLDSbreadth = 0
MaxLDSdepth = 0
DivingHeurStopsWithFirstFeasSol = false
DivingHeurPreprocessBeforeChoosingVar = false
StrongDivingCandidatesNumber = 1
EvalAlgParamsInDiving = max#cand. = 1 max#cg.iters = 10000 min.lvl.sp.restr. = 1 min#cut.rounds = 0 max#cut.rounds = 0 red.cost.fix&enum. = false tree.size.ratio = 1
LocalSearchHeurUseDepthLimit = -1
LeastFractional
Closest2RoundUp
LeastGreedyCost
LeastCost
MaxFactorOfColFixedByLocalSearchHeur = 0.8
MaxLocalSearchIterationCounter = 3
--- STRONG BRANCHING PARAMETERS ---
SimplifiedStrongBranchingParameterisation = true
StrongBranchingPhaseOneCandidatesNumber = 100
StrongBranchingPhaseOneTreeSizeEstimRatio = 0.2
StrongBranchingPhaseTwoCandidatesNumber = 3
StrongBranchingPhaseTwoTreeSizeEstimRatio = 0.02
SafeDualBoundScaleFactor = -1
StrongBranchingPhaseOne = max#cand. = 100 max#cg.iters = 0 min.lvl.sp.restr. = 0 min#cut.rounds = 0 max#cut.rounds = 0 red.cost.fix&enum. = false tree.size.ratio = 0.2
StrongBranchingPhaseTwo = max#cand. = 3 max#cg.iters = 10000 min.lvl.sp.restr. = 1 min#cut.rounds = 0 max#cut.rounds = 0 red.cost.fix&enum. = false tree.size.ratio = 0.02
StrongBranchingPhaseThree = max#cand. = 1 max#cg.iters = 10000 min.lvl.sp.restr. = 0 min#cut.rounds = 0 max#cut.rounds = 10000 red.cost.fix&enum. = true tree.size.ratio = 1
StrongBranchingPhaseFour =not active
--- DEBUG OUTPUT PARAMETERS ---
printMasterPrimalSols = 0
--- VRPSOLVER PARAMETERS ---
RCSPstopCutGenTimeThresholdInPricing = 10
RCSPhardTimeThresholdInPricing = 25
RCSPredCostFixingTimeThreshold = 100
RCSPnumberOfBucketsPerVertex = 25
RCSPdynamicBucketSteps = 1
RCSPuseBidirectionalSearch = 2
RCSPapplyReducedCostFixing = 1
RCSPmaxNumOfColsPerIteration = 30
RCSPmaxNumOfColsPerExactIteration = 150
RCSPmaxNumOfLabelsInEnumeration = 500000
RCSPmaxNumOfLabelsInHeurEnumeration = 0
RCSPmaxNumOfEnumeratedSolutions = 5000000
RCSPmaxNumOfEnumSolutionsForMIP = 10000
RCSPmaxNumOfEnumSolsForEndOfNodeMIP = 10000
RCSPinitNGneighbourhoodSize = 8
RCSPmaxNGneighbourhoodSize = 8
RCSPrankOneCutsMaxNumRows = 5
RCSPrankOneCutsMaxNumPerRound = 100
RCSPrankOneCutsMemoryType = 0
RCSPrankOneCutsLSnumIterations = 1000
RCSPallowRoutesWithSameVerticesSet = true
RCSPredCostFixingFalseGap = 0
SafeDualBoundScaleFactor = -1
RCSPmaxNumOfLabelsInHeurEnumeration = 0
MaxNumEnumSolsInRestrictedMasterIpHeur = 5000

prName & bcTimeMain \\ 
New model incumbent solution 1e+06, TIME = 0h0m0s42t = 42
RCSP solver info : size of non-robust cut bitmask in a label is 640 bits
Bucket steps were recalculated for graph G_0 : [30]
RCSP solver info : symmetric case is detected for graph G_0! 
Bidirectional border value is initialised to 375
RCSP solver info : number of forw. reachable buckets / buck. strongly connected components is 1566( 97.1464% ) / 841( 53.7037% )
RCSP solver info: std. label size is 56, ext. label size is 136
Generating neighbourhoods for rank-1 cuts separation
Building structures for 4- and 5-row rank-1 packing cut separation...done!
Model is built TIME = 0h0m0s43t = 43
************************************************************************************************
**** BaB tree root node
**** Local DB = -1e+12, global bounds : [ -1e+12 , 1e+06 ], TIME = 0h0m0s43t = 43
**** 1 open nodes, 0 columns (0 active), 0 dyn. constrs. (0 active), 122 art. vars. (122 active)
************************************************************************************************
--------------------------------------------------------------------------
BaPCod info : first we run the root node with rank-1 cuts with node memory
--------------------------------------------------------------------------
#<DWph=2> <it=  1> <et=0.44> <Mt= 0.00> <Spt= 0.00> <nCl= 30> <al=0.00> <DB=-6335699880.0000> <Mlp=150000000.0000> <PB=1000000> 
#<DWph=2> <it=  2> <et=0.44> <Mt= 0.00> <Spt= 0.00> <nCl= 30> <al=0.55> <DB=-3415645978.2545> <Mlp=143345870.5455> <PB=1000000> 
#<DWph=2> <it=  3> <et=0.44> <Mt= 0.00> <Spt= 0.00> <nCl= 30> <al=0.45> <DB=-4048999976.2874> <Mlp=137400377.6196> <PB=1000000> 
#<DWph=2> <it=  4> <et=0.45> <Mt= 0.00> <Spt= 0.01> <nCl= 30> <al=0.51> <DB=-3561769650.4557> <Mlp=127645475.2270> <PB=1000000> 
#<DWph=2> <it=  5> <et=0.45> <Mt= 0.00> <Spt= 0.00> <nCl= 30> <al=0.55> <DB=-3356120412.5971> <Mlp=126700564.1739> <PB=1000000> 
#<DWph=2> <it=  6> <et=0.45> <Mt= 0.00> <Spt= 0.00> <nCl= 30> <al=0.45> <DB=-3392635345.1289> <Mlp=122359360.5822> <PB=1000000> 
#<DWph=2> <it=  7> <et=0.46> <Mt= 0.00> <Spt= 0.01> <nCl= 30> <al=0.51> <DB=-3025907056.3995> <Mlp=120873564.8377> <PB=1000000> 
#<DWph=2> <it=  8> <et=0.46> <Mt= 0.00> <Spt= 0.00> <nCl= 30> <al=0.56> <DB=-2696540760.7770> <Mlp=119177579.9953> <PB=1000000> 
#<DWph=2> <it=  9> <et=0.46> <Mt= 0.00> <Spt= 0.00> <nCl= 30> <al=0.60> <DB=-2267161856.3694> <Mlp=117214516.6531> <PB=1000000> 
#<DWph=2> <it= 10> <et=0.47> <Mt= 0.00> <Spt= 0.00> <nCl= 30> <al=0.50> <DB=-2514440687.6727> <Mlp=113942601.8066> <PB=1000000> 
#<DWph=2> <it= 11> <et=0.47> <Mt= 0.00> <Spt= 0.01> <nCl= 30> <al=0.55> <DB=-2480808896.3930> <Mlp=111246002.6062> <PB=1000000> 
#<DWph=2> <it= 12> <et=0.47> <Mt= 0.00> <Spt= 0.00> <nCl= 30> <al=0.60> <DB=-2233868782.7667> <Mlp=103766736.9125> <PB=1000000> 
#<DWph=2> <it= 13> <et=0.48> <Mt= 0.00> <Spt= 0.00> <nCl= 30> <al=0.50> <DB=-2133737050.0811> <Mlp=95249474.2206> <PB=1000000> 
#<DWph=2> <it= 14> <et=0.48> <Mt= 0.00> <Spt= 0.01> <nCl= 30> <al=0.55> <DB=-1783487091.0660> <Mlp=82490403.9011> <PB=1000000> 
#<DWph=2> <it= 15> <et=0.48> <Mt= 0.00> <Spt= 0.00> <nCl= 30> <al=0.59> <DB=-2037164448.5273> <Mlp=78066813.6725> <PB=1000000> 
#<DWph=2> <it= 16> <et=0.49> <Mt= 0.00> <Spt= 0.00> <nCl= 30> <al=0.63> <DB=-1888382500.2359> <Mlp=77518414.5493> <PB=1000000> 
#<DWph=2> <it= 17> <et=0.49> <Mt= 0.00> <Spt= 0.00> <nCl= 30> <al=0.67> <DB=-2089990860.2910> <Mlp=73710754.8451> <PB=1000000> 
#<DWph=2> <it= 18> <et=0.49> <Mt= 0.00> <Spt= 0.01> <nCl= 30> <al=0.70> <DB=-1773339819.0301> <Mlp=72302538.2379> <PB=1000000> 
#<DWph=2> <it= 19> <et=0.50> <Mt= 0.00> <Spt= 0.00> <nCl= 30> <al=0.73> <DB=-1709102766.3732> <Mlp=58255778.2952> <PB=1000000> 
#<DWph=2> <it= 20> <et=0.50> <Mt= 0.00> <Spt= 0.00> <nCl= 30> <al=0.76> <DB=-1723891831.0918> <Mlp=44900941.4212> <PB=1000000> 
#<DWph=2> <it= 21> <et=0.51> <Mt= 0.00> <Spt= 0.01> <nCl= 30> <al=0.78> <DB=-1618323648.1830> <Mlp=29690623.3779> <PB=1000000> 
#<DWph=2> <it= 22> <et=0.51> <Mt= 0.00> <Spt= 0.00> <nCl= 30> <al=0.81> <DB=-1563832524.5803> <Mlp=27020671.8293> <PB=1000000> 
#<DWph=2> <it= 23> <et=0.51> <Mt= 0.01> <Spt= 0.00> <nCl= 30> <al=0.71> <DB=-1529412021.9352> <Mlp=24753392.6201> <PB=1000000> 
#<DWph=2> <it= 24> <et=0.52> <Mt= 0.00> <Spt= 0.01> <nCl= 30> <al=0.73> <DB=-1464868007.6861> <Mlp=20112403.1578> <PB=1000000> 
#<DWph=2> <it= 25> <et=0.52> <Mt= 0.00> <Spt= 0.00> <nCl= 30> <al=0.76> <DB=-1379371671.7449> <Mlp=17506696.0549> <PB=1000000> 
#<DWph=2> <it= 26> <et=0.53> <Mt= 0.00> <Spt= 0.00> <nCl= 30> <al=0.66> <DB=-1308538367.3657> <Mlp=12411490.1406> <PB=1000000> 
#<DWph=2> <it= 27> <et=0.53> <Mt= 0.00> <Spt= 0.00> <nCl= 30> <al=0.56> <DB=-1257141640.7425> <Mlp=8794735.1209> <PB=1000000> 
#<DWph=2> <it= 28> <et=0.53> <Mt= 0.00> <Spt= 0.01> <nCl= 30> <al=0.46> <DB=-1153489405.3530> <Mlp=6020101.3336> <PB=1000000> 
#<DWph=2> <it= 29> <et=0.54> <Mt= 0.00> <Spt= 0.00> <nCl= 30> <al=0.52> <DB=-986898734.2069> <Mlp=2717458.2769> <PB=1000000> 
#<DWph=2> <it= 30> <et=0.54> <Mt= 0.01> <Spt= 0.00> <nCl= 19> <al=0.42> <DB=-366091838.5623> <Mlp=1017376.9603> <PB=1000000> 
#<DWph=2> <it= 31> <et=0.55> <Mt= 0.00> <Spt= 0.00> <nCl= 30> <al=0.32> <DB=-77879250.1991> <Mlp=1014092.1336> <PB=1000000> 
#<DWph=2> <it= 32> <et=0.55> <Mt= 0.00> <Spt= 0.00> <nCl= 30> <al=0.22> <DB=-4726720.4521> <Mlp=1010493.5688> <PB=1000000> 
<DWph=2> <it= 33> <et=0.56> <Mt= 0.00> <Spt= 0.01> <nCl= 30> <al=0.00> <DB=-151725.0642> <Mlp= 4998.3845> <PB=1000000> 
<DWph=2> <it= 34> <et=0.56> <Mt= 0.00> <Spt= 0.00> <nCl= 30> <al=0.19> <DB=-153407.4005> <Mlp= 4830.8825> <PB=1000000> 
<DWph=2> <it= 35> <et=0.56> <Mt= 0.00> <Spt= 0.00> <nCl= 30> <al=0.27> <DB=-101210.6470> <Mlp= 4634.7833> <PB=1000000> 
<DWph=2> <it= 36> <et=0.57> <Mt= 0.00> <Spt= 0.01> <nCl= 30> <al=0.35> <DB=-86271.5034> <Mlp= 4461.2726> <PB=1000000> 
<DWph=2> <it= 37> <et=0.57> <Mt= 0.01> <Spt= 0.00> <nCl= 30> <al=0.41> <DB=-77381.2023> <Mlp= 4187.4147> <PB=1000000> 
<DWph=2> <it= 38> <et=0.58> <Mt= 0.00> <Spt= 0.00> <nCl= 30> <al=0.47> <DB=-72554.9978> <Mlp= 3990.2085> <PB=1000000> 
<DWph=2> <it= 39> <et=0.58> <Mt= 0.00> <Spt= 0.01> <nCl= 30> <al=0.52> <DB=-68099.7414> <Mlp= 3771.8256> <PB=1000000> 
<DWph=2> <it= 40> <et=0.59> <Mt= 0.00> <Spt= 0.00> <nCl= 30> <al=0.57> <DB=-60290.0291> <Mlp= 3580.8530> <PB=1000000> 
<DWph=2> <it= 41> <et=0.59> <Mt= 0.00> <Spt= 0.00> <nCl= 30> <al=0.61> <DB=-61400.2871> <Mlp= 3471.9848> <PB=1000000> 
<DWph=2> <it= 42> <et=0.60> <Mt= 0.00> <Spt= 0.01> <nCl= 30> <al=0.65> <DB=-52407.9653> <Mlp= 3416.5374> <PB=1000000> 
<DWph=2> <it= 43> <et=0.60> <Mt= 0.00> <Spt= 0.00> <nCl= 30> <al=0.69> <DB=-52640.6570> <Mlp= 3288.9522> <PB=1000000> 
<DWph=2> <it= 44> <et=0.61> <Mt= 0.01> <Spt= 0.00> <nCl= 30> <al=0.72> <DB=-42539.6121> <Mlp= 3185.3851> <PB=1000000> 
<DWph=2> <it= 45> <et=0.61> <Mt= 0.00> <Spt= 0.01> <nCl= 30> <al=0.62> <DB=-39914.2900> <Mlp= 3130.8072> <PB=1000000> 
<DWph=2> <it= 46> <et=0.62> <Mt= 0.00> <Spt= 0.00> <nCl= 30> <al=0.66> <DB=-38735.4862> <Mlp= 2966.3206> <PB=1000000> 
<DWph=2> <it= 47> <et=0.62> <Mt= 0.00> <Spt= 0.00> <nCl= 30> <al=0.69> <DB=-28950.4895> <Mlp= 2881.1487> <PB=1000000> 
<DWph=2> <it= 48> <et=0.63> <Mt= 0.00> <Spt= 0.01> <nCl= 30> <al=0.59> <DB=-42642.1767> <Mlp= 2825.6773> <PB=1000000> 
<DWph=2> <it= 49> <et=0.63> <Mt= 0.00> <Spt= 0.00> <nCl= 30> <al=0.63> <DB=-27908.8645> <Mlp= 2807.6878> <PB=1000000> 
<DWph=2> <it= 50> <et=0.63> <Mt= 0.00> <Spt= 0.00> <nCl= 30> <al=0.67> <DB=-27183.2581> <Mlp= 2739.7965> <PB=1000000> 
<DWph=2> <it= 51> <et=0.64> <Mt= 0.01> <Spt= 0.01> <nCl= 30> <al=0.70> <DB=-20122.2236> <Mlp= 2601.4383> <PB=1000000> 
<DWph=2> <it= 52> <et=0.64> <Mt= 0.00> <Spt= 0.00> <nCl= 30> <al=0.60> <DB=-19304.5407> <Mlp= 2559.3050> <PB=1000000> 
<DWph=2> <it= 53> <et=0.65> <Mt= 0.00> <Spt= 0.00> <nCl= 30> <al=0.64> <DB=-17297.0891> <Mlp= 2494.0022> <PB=1000000> 
<DWph=2> <it= 54> <et=0.65> <Mt= 0.00> <Spt= 0.01> <nCl= 30> <al=0.68> <DB=-15276.9644> <Mlp= 2406.4331> <PB=1000000> 
<DWph=2> <it= 55> <et=0.66> <Mt= 0.00> <Spt= 0.00> <nCl= 30> <al=0.71> <DB=-22285.8324> <Mlp= 2354.5450> <PB=1000000> 
<DWph=2> <it= 56> <et=0.66> <Mt= 0.00> <Spt= 0.00> <nCl= 30> <al=0.74> <DB=-12582.8771> <Mlp= 2325.8324> <PB=1000000> 
<DWph=2> <it= 57> <et=0.67> <Mt= 0.00> <Spt= 0.00> <nCl= 30> <al=0.64> <DB=-11146.6760> <Mlp= 2227.8836> <PB=1000000> 
<DWph=2> <it= 58> <et=0.67> <Mt= 0.01> <Spt= 0.01> <nCl= 30> <al=0.67> <DB=-9398.3952> <Mlp= 2181.9047> <PB=1000000> 
<DWph=2> <it= 59> <et=0.68> <Mt= 0.00> <Spt= 0.00> <nCl= 30> <al=0.71> <DB=-9653.4788> <Mlp= 2130.2215> <PB=1000000> 
<DWph=2> <it= 60> <et=0.68> <Mt= 0.00> <Spt= 0.00> <nCl= 30> <al=0.74> <DB=-8189.5291> <Mlp= 2085.1672> <PB=1000000> 
<DWph=2> <it= 61> <et=0.69> <Mt= 0.00> <Spt= 0.01> <nCl= 30> <al=0.76> <DB=-6449.3446> <Mlp= 2056.0845> <PB=1000000> 
<DWph=2> <it= 62> <et=0.69> <Mt= 0.00> <Spt= 0.00> <nCl= 30> <al=0.66> <DB=-5476.9435> <Mlp= 2024.1325> <PB=1000000> 
<DWph=2> <it= 63> <et=0.70> <Mt= 0.01> <Spt= 0.00> <nCl= 30> <al=0.70> <DB=-6225.5398> <Mlp= 2000.1661> <PB=1000000> 
<DWph=2> <it= 64> <et=0.70> <Mt= 0.00> <Spt= 0.01> <nCl= 30> <al=0.73> <DB=-4192.9121> <Mlp= 2000.1220> <PB=1000000> 
<DWph=2> <it= 65> <et=0.71> <Mt= 0.00> <Spt= 0.00> <nCl= 30> <al=0.63> <DB=-3550.0743> <Mlp= 1971.0340> <PB=1000000> 
<DWph=2> <it= 66> <et=0.71> <Mt= 0.00> <Spt= 0.00> <nCl= 30> <al=0.53> <DB=-3550.4090> <Mlp= 1947.3642> <PB=1000000> 
<DWph=2> <it= 67> <et=0.72> <Mt= 0.00> <Spt= 0.01> <nCl= 30> <al=0.57> <DB=-2778.8348> <Mlp= 1940.5324> <PB=1000000> 
<DWph=2> <it= 68> <et=0.72> <Mt= 0.00> <Spt= 0.00> <nCl= 30> <al=0.62> <DB=-2017.1237> <Mlp= 1921.5562> <PB=1000000> 
<DWph=2> <it= 69> <et=0.73> <Mt= 0.01> <Spt= 0.00> <nCl= 30> <al=0.66> <DB=-1350.4904> <Mlp= 1903.1251> <PB=1000000> 
<DWph=2> <it= 70> <et=0.74> <Mt= 0.00> <Spt= 0.01> <nCl= 30> <al=0.56> <DB= -891.9165> <Mlp= 1889.5435> <PB=1000000> 
<DWph=2> <it= 71> <et=0.74> <Mt= 0.00> <Spt= 0.00> <nCl= 30> <al=0.60> <DB= -581.5723> <Mlp= 1879.2370> <PB=1000000> 
<DWph=2> <it= 72> <et=0.75> <Mt= 0.00> <Spt= 0.00> <nCl= 28> <al=0.64> <DB=  113.5449> <Mlp= 1873.6786> <PB=1000000> 
<DWph=2> <it= 73> <et=0.75> <Mt= 0.00> <Spt= 0.01> <nCl= 30> <al=0.54> <DB=  151.2776> <Mlp= 1868.2659> <PB=1000000> 
<DWph=2> <it= 74> <et=0.76> <Mt= 0.01> <Spt= 0.00> <nCl= 28> <al=0.59> <DB=  -28.9449> <Mlp= 1861.0653> <PB=1000000> 
<DWph=2> <it= 75> <et=0.76> <Mt= 0.00> <Spt= 0.00> <nCl= 29> <al=0.63> <DB=  650.7535> <Mlp= 1856.9471> <PB=1000000> 
<DWph=2> <it= 76> <et=0.77> <Mt= 0.00> <Spt= 0.01> <nCl= 30> <al=0.53> <DB=  706.1831> <Mlp= 1854.0677> <PB=1000000> 
<DWph=2> <it= 77> <et=0.77> <Mt= 0.00> <Spt= 0.00> <nCl= 28> <al=0.57> <DB= 1183.9064> <Mlp= 1852.2885> <PB=1000000> 
<DWph=2> <it= 78> <et=0.78> <Mt= 0.00> <Spt= 0.01> <nCl= 30> <al=0.62> <DB=  238.1029> <Mlp= 1850.7392> <PB=1000000> 
<DWph=2> <it= 79> <et=0.78> <Mt= 0.00> <Spt= 0.00> <nCl= 27> <al=0.66> <DB= 1326.0816> <Mlp= 1849.6244> <PB=1000000> 
<DWph=2> <it= 80> <et=0.79> <Mt= 0.01> <Spt= 0.00> <nCl= 28> <al=0.56> <DB=  872.9014> <Mlp= 1848.7034> <PB=1000000> 
<DWph=2> <it= 81> <et=0.79> <Mt= 0.00> <Spt= 0.00> <nCl= 30> <al=0.46> <DB=  638.9365> <Mlp= 1845.5052> <PB=1000000> 
<DWph=2> <it= 82> <et=0.80> <Mt= 0.00> <Spt= 0.01> <nCl= 30> <al=0.51> <DB= 1504.9929> <Mlp= 1845.2293> <PB=1000000> 
<DWph=2> <it= 83> <et=0.80> <Mt= 0.00> <Spt= 0.00> <nCl= 30> <al=0.56> <DB=  396.4962> <Mlp= 1843.7585> <PB=1000000> 
<DWph=2> <it= 84> <et=0.81> <Mt= 0.00> <Spt= 0.00> <nCl= 27> <al=0.60> <DB= 1353.8078> <Mlp= 1843.6080> <PB=1000000> 
<DWph=2> <it= 85> <et=0.81> <Mt= 0.00> <Spt= 0.01> <nCl= 24> <al=0.64> <DB=  715.8506> <Mlp= 1843.1549> <PB=1000000> 
<DWph=2> <it= 86> <et=0.82> <Mt= 0.01> <Spt= 0.00> <nCl= 23> <al=0.68> <DB= 1451.9762> <Mlp= 1840.0720> <PB=1000000> 
<DWph=2> <it= 87> <et=0.83> <Mt= 0.00> <Spt= 0.01> <nCl= 19> <al=0.71> <DB= 1494.4558> <Mlp= 1840.0252> <PB=1000000> 
<DWph=2> <it= 88> <et=0.83> <Mt= 0.00> <Spt= 0.00> <nCl= 18> <al=0.61> <DB= 1344.2645> <Mlp= 1838.7177> <PB=1000000> 
<DWph=2> <it= 89> <et=0.84> <Mt= 0.00> <Spt= 0.00> <nCl= 23> <al=0.65> <DB= 1601.1448> <Mlp= 1838.2287> <PB=1000000> 
<DWph=2> <it= 90> <et=0.84> <Mt= 0.00> <Spt= 0.01> <nCl= 20> <al=0.68> <DB= 1399.4810> <Mlp= 1836.3800> <PB=1000000> 
<DWph=2> <it= 91> <et=0.85> <Mt= 0.01> <Spt= 0.00> <nCl= 17> <al=0.58> <DB= 1498.1149> <Mlp= 1836.0586> <PB=1000000> 
<DWph=2> <it= 92> <et=0.85> <Mt= 0.00> <Spt= 0.00> <nCl= 18> <al=0.63> <DB= 1529.0660> <Mlp= 1835.7976> <PB=1000000> 
<DWph=2> <it= 93> <et=0.86> <Mt= 0.00> <Spt= 0.01> <nCl= 14> <al=0.53> <DB= 1687.8780> <Mlp= 1835.7619> <PB=1000000> 
<DWph=2> <it= 94> <et=0.86> <Mt= 0.00> <Spt= 0.00> <nCl= 30> <al=0.43> <DB=  782.5266> <Mlp= 1835.6834> <PB=1000000> 
<DWph=2> <it= 95> <et=0.86> <Mt= 0.00> <Spt= 0.00> <nCl= 28> <al=0.48> <DB= 1456.1543> <Mlp= 1835.6834> <PB=1000000> 
<DWph=2> <it= 96> <et=0.87> <Mt= 0.00> <Spt= 0.01> <nCl= 19> <al=0.54> <DB= 1344.6234> <Mlp= 1835.3025> <PB=1000000> 
<DWph=2> <it= 97> <et=0.87> <Mt= 0.00> <Spt= 0.00> <nCl= 18> <al=0.58> <DB= 1691.0727> <Mlp= 1834.4549> <PB=1000000> 
<DWph=2> <it= 98> <et=0.88> <Mt= 0.00> <Spt= 0.00> <nCl= 13> <al=0.48> <DB= 1822.8641> <Mlp= 1833.6875> <PB=1000000> 
<DWph=2> <it= 99> <et=0.88> <Mt= 0.00> <Spt= 0.00> <nCl=  7> <al=0.38> <DB= 1832.2310> <Mlp= 1833.6416> <PB=1000000> 
<DWph=2> <it=100> <et=0.88> <Mt= 0.00> <Spt= 0.01> <nCl= 25> <al=0.28> <DB=  750.8077> <Mlp= 1833.6416> <PB=1000000> 
<DWph=2> <it=101> <et=0.89> <Mt= 0.00> <Spt= 0.00> <nCl=  9> <al=0.35> <DB= 1760.1445> <Mlp= 1833.6416> <PB=1000000> 
<DWph=2> <it=102> <et=0.89> <Mt= 0.01> <Spt= 0.00> <nCl= 22> <al=0.42> <DB= 1753.4639> <Mlp= 1833.4785> <PB=1000000> 
<DWph=2> <it=103> <et=0.90> <Mt= 0.00> <Spt= 0.01> <nCl=  7> <al=0.48> <DB= 1590.0733> <Mlp= 1833.4785> <PB=1000000> 
<DWph=2> <it=104> <et=0.90> <Mt= 0.00> <Spt= 0.00> <nCl= 10> <al=0.38> <DB= 1831.3294> <Mlp= 1833.4785> <PB=1000000> 
<DWph=2> <it=105> <et=0.91> <Mt= 0.00> <Spt= 0.01> <nCl= 26> <al=0.00> <DB= 1703.5892> <Mlp= 1833.4785> <PB=1000000> 
<DWph=2> <it=106> <et=0.91> <Mt= 0.00> <Spt= 0.00> <nCl=  4> <al=0.18> <DB= 1832.4716> <Mlp= 1833.4785> <PB=1000000> 
<DWph=2> <it=107> <et=0.91> <Mt= 0.00> <Spt= 0.00> <nCl=  6> <al=0.08> <DB= 1833.3126> <Mlp= 1833.4785> <PB=1000000> 
<DWph=2> <it=108> <et=0.92> <Mt= 0.00> <Spt= 0.00> <nCl=  1> <al=0.00> <DB= 1833.4785> <Mlp= 1833.4785> <PB=1000000> 
<DWph=1> <it=109> <et=0.93> <Mt= 0.00> <Spt= 0.01> <nCl= 27> <al=0.00> <DB= 1272.2707> <Mlp= 1833.4785> <PB=1000000> 
<DWph=1> <it=110> <et=0.94> <Mt= 0.00> <Spt= 0.01> <nCl= 29> <al=0.00> <DB= 1579.5008> <Mlp= 1832.9611> <PB=1000000> 
<DWph=1> <it=111> <et=0.95> <Mt= 0.00> <Spt= 0.01> <nCl= 14> <al=0.00> <DB= 1537.8111> <Mlp= 1832.8111> <PB=1000000> 
<DWph=1> <it=112> <et=0.96> <Mt= 0.00> <Spt= 0.01> <nCl= 14> <al=0.00> <DB= 1675.7379> <Mlp= 1832.7130> <PB=1000000> 
<DWph=1> <it=113> <et=0.97> <Mt= 0.00> <Spt= 0.01> <nCl=  7> <al=0.00> <DB= 1830.2806> <Mlp= 1832.7096> <PB=1000000> 
<DWph=1> <it=114> <et=0.98> <Mt= 0.00> <Spt= 0.01> <nCl=  2> <al=0.00> <DB= 1832.7062> <Mlp= 1832.7062> <PB=1000000> 
    RCSP exact solver info for graph G_0 : TT = 0.030806, pt = 1.2e-05, dt = 0.028816, ct = 0.001598, ndl = 7897', bdl = 326591', odl = 6762', odf = 50578', bsi = 1455', cnt = 85413', bdch = 4541940', odch = 237009', lcp = 161803', #sols = 150
<DWph=0> <it=115> <et=1.01> <Mt= 0.00> <Spt= 0.03> <nCl=150> <al=0.00> <DB=  957.8411> <Mlp= 1832.7062> <PB=1000000> 
    RCSP exact solver info for graph G_0 : TT = 0.033207, pt = 3.1e-05, dt = 0.031644, ct = 0.001106, ndl = 8134', bdl = 346146', odl = 7804', odf = 55408', bsi = 1540', cnt = 25030', bdch = 5408481', odch = 247244', lcp = 189205', #sols = 150
<DWph=0> <it=116> <et=1.06> <Mt= 0.01> <Spt= 0.04> <nCl=150> <al=0.00> <DB=  470.3612> <Mlp= 1825.2800> <PB=1000000> 
    RCSP exact solver info for graph G_0 : TT = 0.032152, pt = 2.6e-05, dt = 0.030401, ct = 0.001284, ndl = 8025', bdl = 339415', odl = 7795', odf = 54367', bsi = 1447', cnt = 77340', bdch = 5287170', odch = 243148', lcp = 172881', #sols = 150
<DWph=0> <it=117> <et=1.09> <Mt= 0.00> <Spt= 0.04> <nCl=150> <al=0.03> <DB= 1201.8846> <Mlp= 1825.2800> <PB=1000000> 
    RCSP exact solver info for graph G_0 : TT = 0.032887, pt = 3.1e-05, dt = 0.030996, ct = 0.001397, ndl = 8519', bdl = 352541', odl = 7539', odf = 56535', bsi = 1266', cnt = 83927', bdch = 5593306', odch = 274642', lcp = 193083', #sols = 150
<DWph=0> <it=118> <et=1.13> <Mt= 0.00> <Spt= 0.03> <nCl=122> <al=0.13> <DB= 1317.0347> <Mlp= 1823.6076> <PB=1000000> 
    RCSP exact solver info for graph G_0 : TT = 0.033187, pt = 2.6e-05, dt = 0.030659, ct = 0.001947, ndl = 8421', bdl = 341982', odl = 7411', odf = 55749', bsi = 1211', cnt = 73830', bdch = 5288308', odch = 287846', lcp = 192393', #sols = 150
<DWph=0> <it=119> <et=1.17> <Mt= 0.01> <Spt= 0.04> <nCl= 83> <al=0.21> <DB= 1758.7363> <Mlp= 1822.9603> <PB=1000000> 
    RCSP exact solver info for graph G_0 : TT = 0.034132, pt = 3.2e-05, dt = 0.03215, ct = 0.00143, ndl = 8952', bdl = 366054', odl = 7649', odf = 58466', bsi = 1253', cnt = 84422', bdch = 6012780', odch = 311079', lcp = 216196', #sols = 150
<DWph=0> <it=120> <et=1.21> <Mt= 0.00> <Spt= 0.04> <nCl= 51> <al=0.11> <DB= 1818.0668> <Mlp= 1822.5873> <PB=1000000> 
    RCSP exact solver info for graph G_0 : TT = 0.035761, pt = 2.4e-05, dt = 0.033291, ct = 0.001907, ndl = 8751', bdl = 357778', odl = 7586', odf = 57061', bsi = 1228', cnt = 74302', bdch = 5802727', odch = 295928', lcp = 207263', #sols = 150
<DWph=0> <it=121> <et=1.25> <Mt= 0.00> <Spt= 0.03> <nCl= 18> <al=0.20> <DB= 1821.1818> <Mlp= 1822.5493> <PB=1000000> 
    RCSP exact solver info for graph G_0 : TT = 0.035671, pt = 3.1e-05, dt = 0.033524, ct = 0.001586, ndl = 8730', bdl = 356942', odl = 7587', odf = 56967', bsi = 1234', cnt = 74881', bdch = 5785040', odch = 294658', lcp = 206818', #sols = 150
    RCSP exact solver info for graph G_0 : TT = 0.031365, pt = 2.6e-05, dt = 0.029461, ct = 0.001374, ndl = 8267', bdl = 335272', odl = 7375', odf = 54926', bsi = 1207', cnt = 62147', bdch = 5175797', odch = 276399', lcp = 192532', #sols = 150
<DWph=0> <it=122> <et=1.32> <Mt= 0.00> <Spt= 0.08> <nCl=  7> <al=0.00> <DB= 1822.5493> <Mlp= 1822.5493> <PB=1000000> 
RCSP solver dynamic params and stats :  bidir.bord. = 375 aver.obdmd = 24.2742 aver.buck.num. = 26
@@ 1 0 1822.55 0.0327301 0.035198 91.6212 1.32
RCSP      solver labels distribution in 673 buckets (bucket size) : largest - 85, top 0.1% - 85, top 0.5% - 74, top 2% - 59, top 10% - 30, top 50% - 7
Reduced cost fixing for graph G_0...  TT = 0.09292, pt = 0.00698, dt = 0.085807, ct = 0, ndl = 24304', bdl = 871757', odl = 9630', odf = 134322', lpcb = 66994', cnt = 2519116', bdch = 16030235', odch = 1260247', lcp = 533807'
83419 buck. arcs remain (98.5% from prev., 90.3% from max.) + 0 jump buck. arcs (0% from max.)
 TT = 0.138024, pt = 0.00698, dt = 0.085807, ct = 0.044997, ndl = 24304', bdl = 871757', odl = 9630', odf = 134322', lpcb = 66994', cnt = 2659844', bdch = 16030235', odch = 1260247', lcp = 533807'
RCSP      solver labels distribution in 1295 buckets (bucket size) : largest - 141, top 0.1% - 134, top 0.5% - 120, top 2% - 86, top 10% - 41, top 50% - 13
Run forward enumeration with border = 375... not succeeded (ratio 0.982313) lpt = 0.016709, ndl = 20015', dl = 580', lpcb = 0', dch = 13515'
 TT = 0.027451, pt = 0.008546, dt = 0.016709, ct = 0, ndl = 20015', bdl = 580', cnt = 92370', bdch = 13515', odch = 0', lcp = 0'
Bucket graph for G_0 is regenerated as bucket steps were adjusted for 62 vertices
RCSP solver info : number of forw. reachable buckets / buck. strongly connected components is 3015( 95.351% ) / 2965( 98.3416% )
163467 forw. buck. arcs remain (91.918% from max.) + 0 jump buck. arcs
ColGenEvalAlg final dual bound: 1822.55 (rounded: 1823)
In total 2 RCC cut(s) are found by the connected components heuristic 
Shrinking heuristic shrunk 27 edges
In total 9 RCC cut(s) are found by the Fractional capacity min-cut heuristic 
In total 48 RCC cut(s) are found by the greedy construction heuristic 
----- Add fac. cuts : CAP(59), max.viol = 0.507042, aver.viol = 0.33206, sep/add took 0.0048591/0.114507 sec. -----
3719 columns (3719 active), 59 dyn. constrs. (59 active), 181 art. vars. (181 active)
<DWph=2> <it=  1> <et=1.66> <Mt= 0.01> <Spt= 0.00> <nCl= 19> <al=0.50> <DB= 1553.2351> <Mlp= 1835.9003> <PB=1000000> 
<DWph=2> <it=  2> <et=1.67> <Mt= 0.00> <Spt= 0.01> <nCl= 12> <al=0.55> <DB= 1827.8654> <Mlp= 1834.3629> <PB=1000000> 
<DWph=2> <it=  3> <et=1.68> <Mt= 0.01> <Spt= 0.01> <nCl= 18> <al=0.45> <DB=  738.7886> <Mlp= 1834.3629> <PB=1000000> 
<DWph=2> <it=  4> <et=1.69> <Mt= 0.00> <Spt= 0.01> <nCl= 18> <al=0.51> <DB= 1694.3747> <Mlp= 1832.6087> <PB=1000000> 
<DWph=2> <it=  5> <et=1.70> <Mt= 0.00> <Spt= 0.00> <nCl=  8> <al=0.55> <DB= 1829.8527> <Mlp= 1832.3263> <PB=1000000> 
<DWph=2> <it=  6> <et=1.71> <Mt= 0.00> <Spt= 0.01> <nCl= 15> <al=0.45> <DB= 1645.4356> <Mlp= 1832.0855> <PB=1000000> 
<DWph=2> <it=  7> <et=1.73> <Mt= 0.01> <Spt= 0.01> <nCl= 24> <al=0.02> <DB= 1672.3270> <Mlp= 1831.0247> <PB=1000000> 
<DWph=2> <it=  8> <et=1.74> <Mt= 0.00> <Spt= 0.01> <nCl= 11> <al=0.00> <DB= 1604.0180> <Mlp= 1831.0125> <PB=1000000> 
<DWph=2> <it=  9> <et=1.75> <Mt= 0.00> <Spt= 0.01> <nCl= 12> <al=0.31> <DB= 1806.3328> <Mlp= 1831.0093> <PB=1000000> 
<DWph=2> <it= 10> <et=1.76> <Mt= 0.00> <Spt= 0.01> <nCl=  6> <al=0.38> <DB= 1830.9026> <Mlp= 1830.9811> <PB=1000000> 
<DWph=2> <it= 11> <et=1.77> <Mt= 0.01> <Spt= 0.01> <nCl= 11> <al=0.00> <DB= 1830.9811> <Mlp= 1830.9811> <PB=1000000> 
<DWph=1> <it= 12> <et=1.79> <Mt= 0.00> <Spt= 0.01> <nCl=  8> <al=0.18> <DB= 1808.5947> <Mlp= 1830.9811> <PB=1000000> 
<DWph=1> <it= 13> <et=1.81> <Mt= 0.00> <Spt= 0.03> <nCl=  3> <al=0.00> <DB= 1648.8220> <Mlp= 1830.9811> <PB=1000000> 
<DWph=1> <it= 14> <et=1.84> <Mt= 0.00> <Spt= 0.02> <nCl=  3> <al=0.00> <DB= 1830.9811> <Mlp= 1830.9811> <PB=1000000> 
    RCSP exact solver info for graph G_0 : TT = 0.024785, pt = 2.8e-05, dt = 0.023053, ct = 0.0011, ndl = 6969', bdl = 293742', odl = 10078', odf = 88250', bsi = 1307', cnt = 50542', bdch = 2512895', odch = 231608', lcp = 107059', #sols = 150
<DWph=0> <it= 15> <et=1.87> <Mt= 0.00> <Spt= 0.03> <nCl= 87> <al=0.06> <DB= 1660.3561> <Mlp= 1830.9811> <PB=1000000> 
    RCSP exact solver info for graph G_0 : TT = 0.030574, pt = 6.2e-05, dt = 0.028727, ct = 0.001216, ndl = 7722', bdl = 322126', odl = 10430', odf = 93869', bsi = 1302', cnt = 61201', bdch = 3005842', odch = 264123', lcp = 123961', #sols = 150
<DWph=0> <it= 16> <et=1.91> <Mt= 0.00> <Spt= 0.04> <nCl= 92> <al=0.00> <DB= 1547.7703> <Mlp= 1830.5663> <PB=1000000> 
    RCSP exact solver info for graph G_0 : TT = 0.025225, pt = 8.1e-05, dt = 0.023464, ct = 0.001113, ndl = 7027', bdl = 293979', odl = 10353', odf = 90086', bsi = 1247', cnt = 48429', bdch = 2581208', odch = 232010', lcp = 110773', #sols = 150
<DWph=0> <it= 17> <et=1.95> <Mt= 0.01> <Spt= 0.03> <nCl= 26> <al=0.06> <DB= 1826.2779> <Mlp= 1830.5190> <PB=1000000> 
    RCSP exact solver info for graph G_0 : TT = 0.025133, pt = 5.8e-05, dt = 0.023447, ct = 0.001079, ndl = 7370', bdl = 306595', odl = 10833', odf = 95856', bsi = 1279', cnt = 44420', bdch = 2829337', odch = 250022', lcp = 121462', #sols = 150
<DWph=0> <it= 18> <et=1.98> <Mt= 0.00> <Spt= 0.04> <nCl=  9> <al=0.16> <DB= 1828.1385> <Mlp= 1830.4026> <PB=1000000> 
    RCSP exact solver info for graph G_0 : TT = 0.026807, pt = 6.4e-05, dt = 0.024663, ct = 0.001253, ndl = 7277', bdl = 303742', odl = 10866', odf = 95469', bsi = 1255', cnt = 44703', bdch = 2798858', odch = 246059', lcp = 120871', #sols = 150
    RCSP exact solver info for graph G_0 : TT = 0.024642, pt = 4.6e-05, dt = 0.022518, ct = 0.001478, ndl = 6840', bdl = 287835', odl = 10653', odf = 91758', bsi = 1227', cnt = 39804', bdch = 2530112', odch = 218409', lcp = 108386', #sols = 150
<DWph=0> <it= 19> <et=2.04> <Mt= 0.00> <Spt= 0.05> <nCl= 17> <al=0.00> <DB= 1830.4020> <Mlp= 1830.4020> <PB=1000000> 
RCSP solver dynamic params and stats :  bidir.bord. = 375 aver.obdmd = 48.5484 aver.buck.num. = 51
@@ 1 1 1830.4 0.0255185 0.029943 91.918 2.04
    Full reduced cost fixing is not called (gap ratio is 0.999992)
ColGenEvalAlg final dual bound: 1830.4 (rounded: 1831)
False gap improvement since the last cut separation : 0.0430866 (1822.55)
Current active cuts : CAP(6,602.858)
In total 2 RCC cut(s) are found by the connected components heuristic 
Shrinking heuristic shrunk 19 edges
In total 13 RCC cut(s) are found by the Fractional capacity min-cut heuristic 
In total 66 RCC cut(s) are found by the greedy construction heuristic 
In total 8 RCC cut(s) are found by the global pool greedy search heuristic 
----- Add fac. cuts : CAP(89), max.viol = 0.35845, aver.viol = 0.221454, sep/add took 0.00868492/0.27561 sec. -----
4118 columns (4118 active), 148 dyn. constrs. (95 active), 270 art. vars. (217 active)
<DWph=2> <it=  1> <et=2.36> <Mt= 0.02> <Spt= 0.01> <nCl= 27> <al=0.50> <DB= 1432.6147> <Mlp= 1841.0957> <PB=1000000> 
<DWph=2> <it=  2> <et=2.37> <Mt= 0.00> <Spt= 0.01> <nCl= 23> <al=0.55> <DB= 1718.2631> <Mlp= 1840.6009> <PB=1000000> 
<DWph=2> <it=  3> <et=2.39> <Mt= 0.01> <Spt= 0.01> <nCl= 10> <al=0.60> <DB= 1833.8778> <Mlp= 1838.9841> <PB=1000000> 
<DWph=2> <it=  4> <et=2.40> <Mt= 0.01> <Spt= 0.01> <nCl= 19> <al=0.50> <DB= 1833.0334> <Mlp= 1838.9387> <PB=1000000> 
<DWph=2> <it=  5> <et=2.42> <Mt= 0.00> <Spt= 0.01> <nCl= 12> <al=0.55> <DB= 1833.6093> <Mlp= 1838.8272> <PB=1000000> 
<DWph=2> <it=  6> <et=2.43> <Mt= 0.00> <Spt= 0.01> <nCl=  9> <al=0.59> <DB= 1835.8241> <Mlp= 1838.6358> <PB=1000000> 
<DWph=2> <it=  7> <et=2.44> <Mt= 0.01> <Spt= 0.00> <nCl= 13> <al=0.49> <DB= 1835.5820> <Mlp= 1838.6327> <PB=1000000> 
<DWph=2> <it=  8> <et=2.45> <Mt= 0.00> <Spt= 0.01> <nCl=  8> <al=0.54> <DB= 1833.0793> <Mlp= 1838.6214> <PB=1000000> 
<DWph=2> <it=  9> <et=2.46> <Mt= 0.01> <Spt= 0.01> <nCl= 10> <al=0.59> <DB= 1836.7847> <Mlp= 1838.1538> <PB=1000000> 
<DWph=2> <it= 10> <et=2.47> <Mt= 0.00> <Spt= 0.01> <nCl=  7> <al=0.49> <DB= 1759.8653> <Mlp= 1838.1538> <PB=1000000> 
<DWph=2> <it= 11> <et=2.49> <Mt= 0.00> <Spt= 0.01> <nCl=  3> <al=0.54> <DB= 1835.8933> <Mlp= 1838.1528> <PB=1000000> 
<DWph=2> <it= 12> <et=2.50> <Mt= 0.01> <Spt= 0.00> <nCl=  7> <al=0.59> <DB= 1836.9401> <Mlp= 1838.1117> <PB=1000000> 
<DWph=2> <it= 13> <et=2.52> <Mt= 0.00> <Spt= 0.02> <nCl= 20> <al=0.00> <DB= 1792.4577> <Mlp= 1838.0838> <PB=1000000> 
<DWph=2> <it= 14> <et=2.54> <Mt= 0.00> <Spt= 0.02> <nCl=  7> <al=0.05> <DB= 1833.1256> <Mlp= 1838.0837> <PB=1000000> 
<DWph=2> <it= 15> <et=2.56> <Mt= 0.00> <Spt= 0.01> <nCl=  1> <al=0.00> <DB= 1838.0823> <Mlp= 1838.0823> <PB=1000000> 
<DWph=1> <it= 16> <et=2.57> <Mt= 0.01> <Spt= 0.02> <nCl= 12> <al=0.33> <DB= 1748.0430> <Mlp= 1838.0823> <PB=1000000> 
<DWph=1> <it= 17> <et=2.59> <Mt= 0.00> <Spt= 0.01> <nCl= 10> <al=0.23> <DB= 1808.3443> <Mlp= 1838.0038> <PB=1000000> 
<DWph=1> <it= 18> <et=2.62> <Mt= 0.00> <Spt= 0.03> <nCl= 12> <al=0.00> <DB= 1836.9249> <Mlp= 1837.9532> <PB=1000000> 
<DWph=1> <it= 19> <et=2.66> <Mt= 0.01> <Spt= 0.03> <nCl=  4> <al=0.00> <DB= 1837.9460> <Mlp= 1837.9460> <PB=1000000> 
    RCSP exact solver info for graph G_0 : TT = 0.027593, pt = 3.8e-05, dt = 0.025703, ct = 0.001384, ndl = 7630', bdl = 315699', odl = 10402', odf = 98393', bsi = 1497', cnt = 101276', bdch = 3021764', odch = 277740', lcp = 119321', #sols = 150
<DWph=0> <it= 20> <et=2.70> <Mt= 0.00> <Spt= 0.04> <nCl=115> <al=0.10> <DB= 1352.9460> <Mlp= 1837.9460> <PB=1000000> 
    RCSP exact solver info for graph G_0 : TT = 0.027944, pt = 6.7e-05, dt = 0.025817, ct = 0.001487, ndl = 7634', bdl = 312083', odl = 10071', odf = 99516', bsi = 1450', cnt = 96579', bdch = 2941236', odch = 282208', lcp = 118068', #sols = 150
<DWph=0> <it= 21> <et=2.74> <Mt= 0.00> <Spt= 0.03> <nCl= 22> <al=0.00> <DB= 1833.8456> <Mlp= 1837.6209> <PB=1000000> 
    RCSP exact solver info for graph G_0 : TT = 0.026821, pt = 4.9e-05, dt = 0.024856, ct = 0.001377, ndl = 7709', bdl = 314654', odl = 10074', odf = 100023', bsi = 1457', cnt = 97899', bdch = 2978884', odch = 288781', lcp = 120047', #sols = 150
    RCSP exact solver info for graph G_0 : TT = 0.023994, pt = 4.3e-05, dt = 0.02237, ct = 0.001077, ndl = 6620', bdl = 275887', odl = 9961', odf = 90363', bsi = 1375', cnt = 52247', bdch = 2346963', odch = 216179', lcp = 98026', #sols = 150
<DWph=0> <it= 22> <et=2.80> <Mt= 0.01> <Spt= 0.06> <nCl= 14> <al=0.00> <DB= 1837.6209> <Mlp= 1837.6209> <PB=1000000> 
RCSP solver dynamic params and stats :  bidir.bord. = 375 aver.obdmd = 48.5484 aver.buck.num. = 51
@@ 1 2 1837.62 0.0260178 0.027304 91.918 2.8
    Full reduced cost fixing is not called (gap ratio is 0.999985)
ColGenEvalAlg final dual bound: 1837.62 (rounded: 1838)
False gap improvement since the last cut separation : 0.0394388 (1830.4)
Current active cuts : CAP(10,982.044)
In total 1 RCC cut(s) are found by the connected components heuristic 
Shrinking heuristic shrunk 25 edges
In total 3 RCC cut(s) are found by the Fractional capacity min-cut heuristic 
In total 6 RCC cut(s) are found by the greedy construction heuristic 
In total 6 RCC cut(s) are found by the global pool greedy search heuristic 
----- Add fac. cuts : CAP(16), max.viol = 0.523466, aver.viol = 0.0832581, sep/add took 0.00512846/0.047049 sec. -----
4483 columns (4483 active), 111 dyn. constrs. (26 active), 286 art. vars. (148 active)
<DWph=2> <it=  1> <et=2.91> <Mt= 0.01> <Spt= 0.02> <nCl= 33> <al=0.00> <DB= 1805.3498> <Mlp= 1840.8959> <PB=1000000> 
<DWph=2> <it=  2> <et=2.93> <Mt= 0.00> <Spt= 0.01> <nCl= 20> <al=0.00> <DB= 1836.0731> <Mlp= 1840.8299> <PB=1000000> 
<DWph=2> <it=  3> <et=2.95> <Mt= 0.00> <Spt= 0.01> <nCl=  8> <al=0.00> <DB= 1840.8299> <Mlp= 1840.8299> <PB=1000000> 
<DWph=1> <it=  4> <et=2.96> <Mt= 0.00> <Spt= 0.02> <nCl= 13> <al=0.20> <DB= 1689.3724> <Mlp= 1840.8299> <PB=1000000> 
<DWph=1> <it=  5> <et=2.98> <Mt= 0.00> <Spt= 0.01> <nCl= 10> <al=0.10> <DB= 1802.9838> <Mlp= 1840.4456> <PB=1000000> 
<DWph=1> <it=  6> <et=3.01> <Mt= 0.00> <Spt= 0.03> <nCl=  7> <al=0.00> <DB= 1840.4099> <Mlp= 1840.4099> <PB=1000000> 
    RCSP exact solver info for graph G_0 : TT = 0.025846, pt = 3.2e-05, dt = 0.023978, ct = 0.001301, ndl = 7187', bdl = 296819', odl = 9937', odf = 92802', bsi = 1447', cnt = 53554', bdch = 2628354', odch = 247067', lcp = 109230', #sols = 150
<DWph=0> <it=  7> <et=3.04> <Mt= 0.01> <Spt= 0.03> <nCl= 43> <al=0.09> <DB= 1775.3885> <Mlp= 1840.4099> <PB=1000000> 
    RCSP exact solver info for graph G_0 : TT = 0.023497, pt = 7.2e-05, dt = 0.021719, ct = 0.001118, ndl = 6568', bdl = 274409', odl = 10021', odf = 90240', bsi = 1291', cnt = 45486', bdch = 2299043', odch = 224529', lcp = 101153', #sols = 150
<DWph=0> <it=  8> <et=3.07> <Mt= 0.00> <Spt= 0.03> <nCl= 57> <al=0.00> <DB= 1741.8113> <Mlp= 1840.1849> <PB=1000000> 
    RCSP exact solver info for graph G_0 : TT = 0.024684, pt = 6.2e-05, dt = 0.022913, ct = 0.001151, ndl = 6849', bdl = 286183', odl = 9989', odf = 91616', bsi = 1335', cnt = 47603', bdch = 2455647', odch = 231182', lcp = 104296', #sols = 150
<DWph=0> <it=  9> <et=3.10> <Mt= 0.00> <Spt= 0.03> <nCl= 10> <al=0.09> <DB= 1831.8464> <Mlp= 1840.1815> <PB=1000000> 
    RCSP exact solver info for graph G_0 : TT = 0.025905, pt = 7.4e-05, dt = 0.023975, ct = 0.001273, ndl = 6902', bdl = 287312', odl = 10037', odf = 92056', bsi = 1338', cnt = 49952', bdch = 2475702', odch = 232989', lcp = 104891', #sols = 150
    RCSP exact solver info for graph G_0 : TT = 0.023166, pt = 4.7e-05, dt = 0.021549, ct = 0.001066, ndl = 6681', bdl = 280124', odl = 10045', odf = 90827', bsi = 1295', cnt = 40256', bdch = 2366241', odch = 225148', lcp = 103613', #sols = 150
<DWph=0> <it= 10> <et=3.16> <Mt= 0.00> <Spt= 0.06> <nCl=  4> <al=0.00> <DB= 1840.1815> <Mlp= 1840.1815> <PB=1000000> 
RCSP solver dynamic params and stats :  bidir.bord. = 375 aver.obdmd = 48.5484 aver.buck.num. = 51
@@ 1 3 1840.18 0.0240086 0.025279 91.918 3.16
    Full reduced cost fixing is not called (gap ratio is 0.999982)
ColGenEvalAlg final dual bound: 1840.18 (rounded: 1841)
False gap improvement since the last cut separation : 0.0139342 (1837.62)
Cut generation tailing off counter increased to 1
Current active cuts : CAP(15,1178.84)
Shrinking heuristic shrunk 23 edges
In total 3 RCC cut(s) are found by the greedy construction heuristic 
In total 2 RCC cut(s) are found by the global pool greedy search heuristic 
----- Add fac. cuts : CAP(5), max.viol = 0.147329, aver.viol = 0.0497113, sep/add took 0.00430237/0.0159706 sec. -----
4688 columns (4688 active), 31 dyn. constrs. (20 active), 291 art. vars. (142 active)
<DWph=2> <it=  1> <et=3.26> <Mt= 0.01> <Spt= 0.01> <nCl= 10> <al=0.00> <DB= 1825.7646> <Mlp= 1840.8332> <PB=1000000> 
<DWph=2> <it=  2> <et=3.27> <Mt= 0.00> <Spt= 0.01> <nCl= 11> <al=0.00> <DB= 1840.8332> <Mlp= 1840.8332> <PB=1000000> 
<DWph=1> <it=  3> <et=3.30> <Mt= 0.00> <Spt= 0.03> <nCl=  5> <al=0.00> <DB= 1840.8332> <Mlp= 1840.8332> <PB=1000000> 
    RCSP exact solver info for graph G_0 : TT = 0.024741, pt = 4.3e-05, dt = 0.022789, ct = 0.001274, ndl = 6708', bdl = 278821', odl = 10025', odf = 91854', bsi = 1434', cnt = 45676', bdch = 2422046', odch = 222874', lcp = 99272', #sols = 150
<DWph=0> <it=  4> <et=3.33> <Mt= 0.00> <Spt= 0.02> <nCl=  7> <al=0.20> <DB= 1839.9272> <Mlp= 1840.8332> <PB=1000000> 
    RCSP exact solver info for graph G_0 : TT = 0.024332, pt = 5.6e-05, dt = 0.022383, ct = 0.001251, ndl = 6882', bdl = 283190', odl = 10053', odf = 94710', bsi = 1424', cnt = 51353', bdch = 2508088', odch = 236176', lcp = 103124', #sols = 150
    RCSP exact solver info for graph G_0 : TT = 0.023188, pt = 4.8e-05, dt = 0.021468, ct = 0.001035, ndl = 6464', bdl = 271402', odl = 10009', odf = 90516', bsi = 1397', cnt = 41674', bdch = 2295147', odch = 212152', lcp = 94953', #sols = 150
<DWph=0> <it=  5> <et=3.39> <Mt= 0.00> <Spt= 0.06> <nCl=  4> <al=0.00> <DB= 1840.8293> <Mlp= 1840.8293> <PB=1000000> 
RCSP solver dynamic params and stats :  bidir.bord. = 375 aver.obdmd = 48.5484 aver.buck.num. = 51
@@ 1 4 1840.83 0.0234 0.024063 91.918 3.39
    Full reduced cost fixing is not called (gap ratio is 0.999982)
ColGenEvalAlg final dual bound: 1840.83 (rounded: 1841)
False gap improvement since the last cut separation : 0.00352001 (1840.18)
Cut generation tailing off counter increased to 2
Current active cuts : CAP(14,1150)
Shrinking heuristic shrunk 23 edges
16 Rank-1 1-rows pack. cuts added ,  max viol. = 0.272358, aver. viol. = 0.115854
150 Rank-1 3-rows pack. cuts added ,  max viol. = 0.394309, aver. viol. = 0.215583
----- Add fac. cuts : R1C(166), max.viol = 0.394309, aver.viol = 0.215668, sep/add took 0.00673192/0.203722 sec. -----
4725 columns (4725 active), 186 dyn. constrs. (180 active), 457 art. vars. (302 active)
<DWph=2> <it=  1> <et=3.67> <Mt= 0.04> <Spt= 0.01> <nCl= 30> <al=0.50> <DB=  -39.9918> <Mlp= 1857.5994> <PB=1000000> 
<DWph=2> <it=  2> <et=3.76> <Mt= 0.09> <Spt= 0.01> <nCl= 30> <al=0.55> <DB=-1635.1850> <Mlp= 1853.9091> <PB=1000000> 
<DWph=2> <it=  3> <et=3.84> <Mt= 0.06> <Spt= 0.02> <nCl= 30> <al=0.60> <DB= 1508.8450> <Mlp= 1853.9091> <PB=1000000> 
<DWph=2> <it=  4> <et=3.89> <Mt= 0.04> <Spt= 0.01> <nCl= 17> <al=0.64> <DB= 1746.4014> <Mlp= 1853.8394> <PB=1000000> 
<DWph=2> <it=  5> <et=3.99> <Mt= 0.09> <Spt= 0.01> <nCl= 12> <al=0.67> <DB= 1844.0085> <Mlp= 1850.5205> <PB=1000000> 
<DWph=2> <it=  6> <et=4.01> <Mt= 0.01> <Spt= 0.01> <nCl= 29> <al=0.57> <DB= 1502.5850> <Mlp= 1850.4880> <PB=1000000> 
<DWph=2> <it=  7> <et=4.03> <Mt= 0.00> <Spt= 0.02> <nCl= 25> <al=0.61> <DB= 1682.7537> <Mlp= 1850.2809> <PB=1000000> 
<DWph=2> <it=  8> <et=4.05> <Mt= 0.01> <Spt= 0.01> <nCl= 17> <al=0.65> <DB= 1773.0960> <Mlp= 1850.1990> <PB=1000000> 
<DWph=2> <it=  9> <et=4.08> <Mt= 0.01> <Spt= 0.01> <nCl= 10> <al=0.69> <DB= 1824.4108> <Mlp= 1849.8603> <PB=1000000> 
<DWph=2> <it= 10> <et=4.10> <Mt= 0.00> <Spt= 0.02> <nCl= 21> <al=0.44> <DB= 1493.6398> <Mlp= 1849.8603> <PB=1000000> 
<DWph=2> <it= 11> <et=4.12> <Mt= 0.01> <Spt= 0.02> <nCl= 21> <al=0.24> <DB= 1844.3367> <Mlp= 1849.8540> <PB=1000000> 
<DWph=2> <it= 12> <et=4.13> <Mt= 0.00> <Spt= 0.01> <nCl=  6> <al=0.52> <DB= 1846.1908> <Mlp= 1849.7556> <PB=1000000> 
<DWph=2> <it= 13> <et=4.15> <Mt= 0.01> <Spt= 0.01> <nCl= 21> <al=0.57> <DB= 1706.9373> <Mlp= 1849.7556> <PB=1000000> 
<DWph=2> <it= 14> <et=4.24> <Mt= 0.07> <Spt= 0.01> <nCl= 13> <al=0.61> <DB= 1848.2016> <Mlp= 1849.5716> <PB=1000000> 
<DWph=2> <it= 15> <et=4.26> <Mt= 0.01> <Spt= 0.01> <nCl= 12> <al=0.65> <DB= 1815.7341> <Mlp= 1849.5716> <PB=1000000> 
<DWph=2> <it= 16> <et=4.27> <Mt= 0.00> <Spt= 0.02> <nCl=  7> <al=0.68> <DB= 1775.7952> <Mlp= 1849.5716> <PB=1000000> 
<DWph=2> <it= 17> <et=4.29> <Mt= 0.00> <Spt= 0.01> <nCl= 14> <al=0.58> <DB= 1818.3708> <Mlp= 1849.5716> <PB=1000000> 
<DWph=2> <it= 18> <et=4.31> <Mt= 0.01> <Spt= 0.02> <nCl= 18> <al=0.25> <DB= 1837.9644> <Mlp= 1849.5716> <PB=1000000> 
<DWph=2> <it= 19> <et=4.34> <Mt= 0.00> <Spt= 0.02> <nCl= 19> <al=0.05> <DB= 1486.2608> <Mlp= 1849.5716> <PB=1000000> 
<DWph=2> <it= 20> <et=4.35> <Mt= 0.01> <Spt= 0.01> <nCl=  5> <al=0.43> <DB= 1727.1220> <Mlp= 1849.5704> <PB=1000000> 
<DWph=2> <it= 21> <et=4.38> <Mt= 0.00> <Spt= 0.02> <nCl= 15> <al=0.00> <DB= 1486.6036> <Mlp= 1849.5704> <PB=1000000> 
<DWph=2> <it= 22> <et=4.40> <Mt= 0.00> <Spt= 0.02> <nCl=  7> <al=0.00> <DB= 1849.5704> <Mlp= 1849.5704> <PB=1000000> 
<DWph=1> <it= 23> <et=4.42> <Mt= 0.00> <Spt= 0.02> <nCl= 18> <al=0.28> <DB= 1457.8381> <Mlp= 1849.5704> <PB=1000000> 
<DWph=1> <it= 24> <et=4.53> <Mt= 0.08> <Spt= 0.03> <nCl= 15> <al=0.36> <DB= 1787.9884> <Mlp= 1849.4000> <PB=1000000> 
<DWph=1> <it= 25> <et=4.55> <Mt= 0.01> <Spt= 0.02> <nCl= 16> <al=0.42> <DB= 1769.6272> <Mlp= 1849.4000> <PB=1000000> 
<DWph=1> <it= 26> <et=4.58> <Mt= 0.00> <Spt= 0.02> <nCl= 10> <al=0.48> <DB= 1720.1660> <Mlp= 1849.4000> <PB=1000000> 
<DWph=1> <it= 27> <et=4.61> <Mt= 0.01> <Spt= 0.03> <nCl=  6> <al=0.53> <DB= 1845.9501> <Mlp= 1849.3958> <PB=1000000> 
<DWph=1> <it= 28> <et=4.64> <Mt= 0.00> <Spt= 0.02> <nCl= 14> <al=0.43> <DB= 1844.7684> <Mlp= 1849.3958> <PB=1000000> 
<DWph=1> <it= 29> <et=4.66> <Mt= 0.00> <Spt= 0.02> <nCl= 10> <al=0.49> <DB= 1845.8131> <Mlp= 1849.3958> <PB=1000000> 
<DWph=1> <it= 30> <et=4.69> <Mt= 0.01> <Spt= 0.02> <nCl=  8> <al=0.54> <DB= 1825.9582> <Mlp= 1849.3958> <PB=1000000> 
<DWph=1> <it= 31> <et=4.71> <Mt= 0.00> <Spt= 0.02> <nCl=  4> <al=0.58> <DB= 1636.6159> <Mlp= 1849.3958> <PB=1000000> 
<DWph=1> <it= 32> <et=4.75> <Mt= 0.00> <Spt= 0.04> <nCl= 15> <al=0.00> <DB= 1768.1484> <Mlp= 1849.3958> <PB=1000000> 
<DWph=1> <it= 33> <et=4.80> <Mt= 0.01> <Spt= 0.04> <nCl=  7> <al=0.00> <DB= 1848.2066> <Mlp= 1849.3958> <PB=1000000> 
<DWph=1> <it= 34> <et=4.82> <Mt= 0.00> <Spt= 0.02> <nCl=  2> <al=0.28> <DB= 1812.0889> <Mlp= 1849.3958> <PB=1000000> 
<DWph=1> <it= 35> <et=4.84> <Mt= 0.00> <Spt= 0.02> <nCl=  3> <al=0.36> <DB= 1823.8499> <Mlp= 1849.3958> <PB=1000000> 
<DWph=1> <it= 36> <et=4.89> <Mt= 0.00> <Spt= 0.04> <nCl=  2> <al=0.00> <DB= 1849.3958> <Mlp= 1849.3958> <PB=1000000> 
    RCSP exact solver info for graph G_0 : TT = 0.057645, pt = 0.000175, dt = 0.053293, ct = 0.003502, ndl = 11922', bdl = 472072', odl = 12448', odf = 146119', bsi = 1328', cnt = 163877', bdch = 5920496', odch = 641310', lcp = 245057', #sols = 150
<DWph=0> <it= 37> <et=4.97> <Mt= 0.01> <Spt= 0.08> <nCl=150> <al=0.16> <DB= 1264.9360> <Mlp= 1849.3958> <PB=1000000> 
    RCSP exact solver info for graph G_0 : TT = 0.066982, pt = 0.000431, dt = 0.06036, ct = 0.005511, ndl = 13949', bdl = 536396', odl = 12419', odf = 163376', bsi = 1417', cnt = 277087', bdch = 7424033', odch = 856811', lcp = 294867', #sols = 150
<DWph=0> <it= 38> <et=5.08> <Mt= 0.02> <Spt= 0.09> <nCl=150> <al=0.24> <DB= 1469.2766> <Mlp= 1849.3958> <PB=1000000> 
    RCSP exact solver info for graph G_0 : TT = 0.059843, pt = 0.000491, dt = 0.054003, ct = 0.004656, ndl = 13608', bdl = 522464', odl = 12647', odf = 162030', bsi = 1348', cnt = 264951', bdch = 7308249', odch = 841389', lcp = 287983', #sols = 150
<DWph=0> <it= 39> <et=5.18> <Mt= 0.01> <Spt= 0.08> <nCl=146> <al=0.32> <DB= 1424.1696> <Mlp= 1849.3958> <PB=1000000> 
    RCSP exact solver info for graph G_0 : TT = 0.068383, pt = 0.000747, dt = 0.060996, ct = 0.005964, ndl = 14311', bdl = 553485', odl = 12989', odf = 171355', bsi = 1490', cnt = 283255', bdch = 7960062', odch = 888171', lcp = 325226', #sols = 150
<DWph=0> <it= 40> <et=5.35> <Mt= 0.09> <Spt= 0.09> <nCl=100> <al=0.38> <DB= 1740.6496> <Mlp= 1849.0655> <PB=1000000> 
    RCSP exact solver info for graph G_0 : TT = 0.06752, pt = 0.000515, dt = 0.060401, ct = 0.005895, ndl = 13894', bdl = 542420', odl = 12669', odf = 166215', bsi = 1471', cnt = 251685', bdch = 7473992', odch = 851417', lcp = 311697', #sols = 150
<DWph=0> <it= 41> <et=5.43> <Mt= 0.01> <Spt= 0.07> <nCl= 58> <al=0.45> <DB= 1813.0853> <Mlp= 1848.8652> <PB=1000000> 
    RCSP exact solver info for graph G_0 : TT = 0.068577, pt = 0.000626, dt = 0.061914, ct = 0.005339, ndl = 13941', bdl = 544593', odl = 12576', odf = 166547', bsi = 1478', cnt = 236028', bdch = 7574645', odch = 844691', lcp = 313378', #sols = 150
<DWph=0> <it= 42> <et=5.52> <Mt= 0.00> <Spt= 0.08> <nCl= 57> <al=0.50> <DB= 1843.2706> <Mlp= 1848.6923> <PB=1000000> 
    RCSP exact solver info for graph G_0 : TT = 0.068317, pt = 0.000666, dt = 0.06164, ct = 0.005293, ndl = 14039', bdl = 550702', odl = 12618', odf = 168073', bsi = 1491', cnt = 234393', bdch = 7648221', odch = 872111', lcp = 322345', #sols = 150
<DWph=0> <it= 43> <et=5.60> <Mt= 0.01> <Spt= 0.08> <nCl= 20> <al=0.55> <DB= 1845.9966> <Mlp= 1848.6923> <PB=1000000> 
    RCSP exact solver info for graph G_0 : TT = 0.067684, pt = 0.000472, dt = 0.060706, ct = 0.005781, ndl = 14111', bdl = 553522', odl = 12609', odf = 167867', bsi = 1496', cnt = 244136', bdch = 7724739', odch = 884819', lcp = 324750', #sols = 150
<DWph=0> <it= 44> <et=5.67> <Mt= 0.00> <Spt= 0.07> <nCl= 20> <al=0.45> <DB= 1813.0473> <Mlp= 1848.6923> <PB=1000000> 
    RCSP exact solver info for graph G_0 : TT = 0.070204, pt = 0.000514, dt = 0.06344, ct = 0.005511, ndl = 14013', bdl = 549389', odl = 12533', odf = 166815', bsi = 1493', cnt = 235384', bdch = 7632527', odch = 873388', lcp = 320149', #sols = 150
    RCSP exact solver info for graph G_0 : TT = 0.068967, pt = 0.000453, dt = 0.061811, ct = 0.005827, ndl = 14001', bdl = 549948', odl = 12552', odf = 166716', bsi = 1498', cnt = 229250', bdch = 7605794', odch = 874719', lcp = 318092', #sols = 150
<DWph=0> <it= 45> <et=5.83> <Mt= 0.01> <Spt= 0.15> <nCl= 18> <al=0.01> <DB= 1846.4024> <Mlp= 1848.6923> <PB=1000000> 
    RCSP exact solver info for graph G_0 : TT = 0.071637, pt = 0.000561, dt = 0.06415, ct = 0.006048, ndl = 13949', bdl = 547576', odl = 12543', odf = 165972', bsi = 1482', cnt = 230968', bdch = 7577506', odch = 867442', lcp = 319469', #sols = 150
    RCSP exact solver info for graph G_0 : TT = 0.053928, pt = 0.000285, dt = 0.048855, ct = 0.004042, ndl = 12946', bdl = 508313', odl = 12024', odf = 155292', bsi = 1450', cnt = 199288', bdch = 6568958', odch = 745449', lcp = 272076', #sols = 150
<DWph=0> <it= 46> <et=5.97> <Mt= 0.00> <Spt= 0.13> <nCl= 33> <al=0.00> <DB= 1848.6923> <Mlp= 1848.6923> <PB=1000000> 
RCSP solver dynamic params and stats :  bidir.bord. = 375 aver.obdmd = 48.5484 aver.buck.num. = 51 nbR1C = 29 with avMem = 9.31034
@@ 1 5 1848.69 0.0645782 0.070198 91.918 5.97
    Full reduced cost fixing is not called (gap ratio is 0.999974)
Bucket graph for G_0 is regenerated as bucket steps were adjusted for 62 vertices
RCSP solver info : number of forw. reachable buckets / buck. strongly connected components is 5964( 95.2411% ) / 5964( 100% )
324158 forw. buck. arcs remain (92.1479% from max.) + 0 jump buck. arcs
ColGenEvalAlg final dual bound: 1848.69 (rounded: 1849)
False gap improvement since the last cut separation : 0.0427147 (1840.83)
Current active cuts : CAP(9,991.702) R1C(8+21,108.98) 1rowPackR1C(8) 3rowPackR1C(21)
Shrinking heuristic shrunk 35 edges
In total 1 RCC cut(s) are found by the Fractional capacity min-cut heuristic 
In total 4 RCC cut(s) are found by the greedy construction heuristic 
In total 1 RCC cut(s) are found by the global pool greedy search heuristic 
7 Rank-1 1-rows pack. cuts added ,  max viol. = 0.115385, aver. viol. = 0.0714286
150 Rank-1 3-rows pack. cuts added ,  max viol. = 0.346154, aver. viol. = 0.202564
----- Add fac. cuts : CAP(6) R1C(157), max.viol = 0.423077, aver.viol = 0.201038, sep/add took 0.00369617/0.304428 sec. -----
5986 columns (5986 active), 343 dyn. constrs. (201 active), 620 art. vars. (323 active)
<DWph=2> <it=  1> <et=6.40> <Mt= 0.04> <Spt= 0.02> <nCl= 16> <al=0.50> <DB= 1846.7941> <Mlp= 1851.1685> <PB=1000000> 
<DWph=2> <it=  2> <et=6.58> <Mt= 0.15> <Spt= 0.03> <nCl= 14> <al=0.55> <DB= 1812.7324> <Mlp= 1850.6667> <PB=1000000> 
<DWph=2> <it=  3> <et=6.75> <Mt= 0.15> <Spt= 0.02> <nCl=  5> <al=0.60> <DB= 1848.5106> <Mlp= 1850.6667> <PB=1000000> 
<DWph=2> <it=  4> <et=6.79> <Mt= 0.01> <Spt= 0.03> <nCl= 14> <al=0.27> <DB= 1785.0646> <Mlp= 1850.6667> <PB=1000000> 
<DWph=2> <it=  5> <et=7.00> <Mt= 0.16> <Spt= 0.04> <nCl= 27> <al=0.07> <DB= 1555.8940> <Mlp= 1850.6667> <PB=1000000> 
<DWph=2> <it=  6> <et=7.20> <Mt= 0.18> <Spt= 0.03> <nCl= 13> <al=0.44> <DB= 1844.3061> <Mlp= 1850.6667> <PB=1000000> 
<DWph=2> <it=  7> <et=7.23> <Mt= 0.02> <Spt= 0.02> <nCl=  8> <al=0.49> <DB= 1778.1205> <Mlp= 1850.6667> <PB=1000000> 
<DWph=2> <it=  8> <et=7.26> <Mt= 0.00> <Spt= 0.02> <nCl=  3> <al=0.54> <DB= 1844.7829> <Mlp= 1850.6667> <PB=1000000> 
<DWph=2> <it=  9> <et=7.30> <Mt= 0.01> <Spt= 0.04> <nCl= 18> <al=0.18> <DB= 1584.7090> <Mlp= 1850.6667> <PB=1000000> 
<DWph=2> <it= 10> <et=7.34> <Mt= 0.00> <Spt= 0.03> <nCl= 16> <al=0.00> <DB= 1801.3681> <Mlp= 1850.3333> <PB=1000000> 
<DWph=2> <it= 11> <et=7.38> <Mt= 0.00> <Spt= 0.04> <nCl= 19> <al=0.00> <DB= 1848.8606> <Mlp= 1850.3333> <PB=1000000> 
<DWph=2> <it= 12> <et=7.42> <Mt= 0.01> <Spt= 0.03> <nCl=  9> <al=0.00> <DB= 1752.1406> <Mlp= 1850.3333> <PB=1000000> 
<DWph=2> <it= 13> <et=7.46> <Mt= 0.00> <Spt= 0.04> <nCl=  7> <al=0.00> <DB= 1850.3333> <Mlp= 1850.3333> <PB=1000000> 
<DWph=1> <it= 14> <et=7.50> <Mt= 0.00> <Spt= 0.03> <nCl=  9> <al=0.09> <DB= 1801.1093> <Mlp= 1850.3333> <PB=1000000> 
<DWph=1> <it= 15> <et=7.54> <Mt= 0.01> <Spt= 0.04> <nCl=  7> <al=0.18> <DB= 1776.9193> <Mlp= 1850.3333> <PB=1000000> 
<DWph=1> <it= 16> <et=7.58> <Mt= 0.00> <Spt= 0.03> <nCl=  8> <al=0.26> <DB= 1813.5181> <Mlp= 1850.3333> <PB=1000000> 
<DWph=1> <it= 17> <et=7.62> <Mt= 0.01> <Spt= 0.04> <nCl=  4> <al=0.34> <DB= 1837.9818> <Mlp= 1850.3333> <PB=1000000> 
<DWph=1> <it= 18> <et=7.69> <Mt= 0.00> <Spt= 0.07> <nCl=  1> <al=0.00> <DB= 1847.9014> <Mlp= 1850.3333> <PB=1000000> 
<DWph=1> <it= 19> <et=7.76> <Mt= 0.00> <Spt= 0.07> <nCl=  0> <al=0.00> <DB= 1850.3333> <Mlp= 1850.3333> <PB=1000000> 
    RCSP exact solver info for graph G_0 : TT = 0.075167, pt = 0.000376, dt = 0.068581, ct = 0.005408, ndl = 15279', bdl = 595598', odl = 21214', odf = 363038', bsi = 1558', cnt = 263520', bdch = 6134547', odch = 1108031', lcp = 270413', #sols = 150
<DWph=0> <it= 20> <et=7.86> <Mt= 0.00> <Spt= 0.09> <nCl= 94> <al=0.04> <DB= 1714.0232> <Mlp= 1850.3333> <PB=1000000> 
Shrinking heuristic shrunk 55 edges
    RCSP exact solver info for graph G_0 : TT = 0.070036, pt = 0.000552, dt = 0.063683, ct = 0.004946, ndl = 14501', bdl = 568556', odl = 21020', odf = 348998', bsi = 1547', cnt = 224199', bdch = 5690271', odch = 981896', lcp = 248865', #sols = 150
<DWph=0> <it= 21> <et=7.95> <Mt= 0.01> <Spt= 0.08> <nCl= 33> <al=0.13> <DB= 1777.7630> <Mlp= 1850.0000> <PB=1850> 
    RCSP exact solver info for graph G_0 : TT = 0.071979, pt = 0.000405, dt = 0.065981, ct = 0.004825, ndl = 14758', bdl = 579134', odl = 21159', odf = 352244', bsi = 1580', cnt = 233823', bdch = 5847907', odch = 1016684', lcp = 255588', #sols = 150
<DWph=0> <it= 22> <et=8.03> <Mt= 0.01> <Spt= 0.08> <nCl= 14> <al=0.22> <DB= 1834.1977> <Mlp= 1850.0000> <PB=1850> 
    RCSP exact solver info for graph G_0 : TT = 0.072493, pt = 0.000397, dt = 0.066506, ct = 0.004764, ndl = 14916', bdl = 585107', odl = 21220', odf = 356729', bsi = 1574', cnt = 249350', bdch = 5949734', odch = 1050065', lcp = 259563', #sols = 150
    RCSP exact solver info for graph G_0 : TT = 0.058895, pt = 0.000333, dt = 0.053753, ct = 0.004072, ndl = 13022', bdl = 513967', odl = 19527', odf = 313039', bsi = 1468', cnt = 196060', bdch = 4586010', odch = 829168', lcp = 206822', #sols = 150
<DWph=0> <it= 23> <et=8.17> <Mt= 0.00> <Spt= 0.14> <nCl= 11> <al=0.00> <DB= 1850.0000> <Mlp= 1850.0000> <PB=1850> 
RCSP solver dynamic params and stats :  bidir.bord. = 375 aver.obdmd = 97.0968 aver.buck.num. = 101 nbR1C = 26 with avMem = 10.6538
@@ 1 6 1850 0.0685038 0.073989 92.1479 8.17
ColGenEvalAlg final dual bound: 1850 (rounded: 1850)
Gap improvement since the last cut separation : 1 (1848.69)
Current active cuts : CAP(9,942.585) R1C(4+22,114.724) 1rowPackR1C(4) 3rowPackR1C(22)
New model incumbent solution 1850, TIME = 0h0m8s21t = 821
************************************************************************************************
Search is finished, global bounds : [ 1850 , 1850 ], TIME = 0h0m8s22t = 822
************************************************************************************************
[32mBaPCod : solution defined.[00m
statistics_cols: instance & :Optimal & cutoff & :bcRecRootDb & :bcTimeRootEval & :bcCountNodeProc & :bcRecBestDb & :bcRecBestInc & :bcTimeMain \\
statistics: instance_25-triangle & 1 & 1.0e6 & 1850.00 & 8.21 & 1 & 1850.00 & 1850 & 8.22 \\
########################################################
Route #1: 3 29 53 35 48 34 43 51 8 50 58 1 57 21 19 
Route #2: 6 4 47 36 45 13 2 14 24 37 46 10 31 56 
Route #3: 12 59 
Route #4: 25 30 17 5 22 7 9 49 15 42 44 33 40 54 
Route #5: 27 32 26 55 41 38 52 20 39 60 23 16 11 18 28 
Cost 1850
########################################################

end_time=2026-04-22 10:50:51
exit_code=0
