instance_file=/mnt/c/Users/porin/OneDrive/Documentos/Python-Mestrado/Modelagem Matemática/Programação Inteira - Uchoa/Problema VRPRDL/instancias_turco/VRPRDL-triangle/cvrp_padrao_convertidos/instance_0-triangle.vrp
instance_name=instance_0-triangle
n_customers=15
k_lb=1
k_ub=15
ub=1000000
timeout_s=3600
start_time=2026-04-22 10:46:30

  Activating project at `~/VRPSolver/VRPSolverDemos`
Application parameters:
  batch  =>  nothing
  instance  =>  "/mnt/c/Users/porin/OneDrive/Documentos/Python-Mestrado/Modelagem Matemática/Programação Inteira - Uchoa/Problema VRPRDL/instancias_turco/VRPRDL-triangle/cvrp_padrao_convertidos/instance_0-triangle.vrp"
  noround  =>  false
  cfg  =>  "/home/poringman/VRPSolver/VRPSolverDemos/src/../config/CVRP.cfg"
  edge_cuts  =>  false
  out  =>  nothing
  ub  =>  1.0e6
  cluster_branching  =>  1.0
  sol  =>  nothing
  single_resource  =>  false
  strong_kpath_cuts  =>  false
  tikz  =>  nothing
  maxr  =>  15
  update  =>  false
  show_complete_form  =>  false
  nosolve  =>  false
  minr  =>  1
  low_edge_priority  =>  false
~~~~~~~~~~~~~~~~~~~~~~~~~~~~~~~~~~~~~~~~~~~~~~~~~~~~~~~~~~~~~~~~~~~~~~~~~~~~~~~~~~~~~
GIT VERSION RCSP: 
GIT BRANCH: 
~~~~~~~~~~~~~~~~~~~~~~~~~~~~~~~~~~~~~~~~~~~~~~~~~~~~~~~~~~~~~~~~~~~~~~~~~~~~~~~~~~~~~
VRPSolver v0.6.16, 10/11/2025, © Inria Bordeaux, France, vrpsolver.math.u-bordeaux.fr
      Corresponds to the solver by Pessoa, Sadykov, Uchoa and Vanderbeck (2020)
                 Paper: dx.doi.org/10.1007/s10107-020-01523-z
~~~~~~~~~~~~~~~~~~~~~~~~~~~~~~~~~~~~~~~~~~~~~~~~~~~~~~~~~~~~~~~~~~~~~~~~~~~~~~~~~~~~~
GIT VERSION BAPCOD: a7cb21f19424236c9d0da5dcf94961797a519470
GIT BRANCH: main
~~~~~~~~~~~~~~~~~~~~~~~~~~~~~~~~~~~~~~~~~~~~~~~~~~~~~~~~~~~~~~~~~~~~~~~~~~~~~~~~~~~~~
   BaPCod v0.84, 10/11/2025, © Inria Bordeaux, France, bapcod.math.u-bordeaux.fr 
           THIS CODE IS PROVIDED AS IS, USE IT AT YOUR OWN RISK
~~~~~~~~~~~~~~~~~~~~~~~~~~~~~~~~~~~~~~~~~~~~~~~~~~~~~~~~~~~~~~~~~~~~~~~~~~~~~~~~~~~~~
--- MAIN PARAMETERS ---
GlobalTimeLimitInTick = 2147483645
GlobalTimeLimit = 21474836
ClockType = 0
MaxNbOfBBtreeNodeTreated = 100000
optimalityGapTolerance = 1e-06
relOptimalityGapTolerance = 1e-09
ApplyPreprocessing = false
PreprocessVariablesLocalBounds = false
treeSearchStrategy = 1
OpenNodesLimit = 1000
DEFAULTPRINTLEVEL = 0
--- MIP SOLVER PARAMETERS ---
solverName = CPLEX_SOLVER
MipSolverMaxBBNodes = 2000000
MipSolverMaxTime = 360000
MipSolverMultiThread = 1
--- COLUMN GENERATION PARAMETERS ---
SolverSelectForMast = a
  colGenSubProbSolMode = customSolver
mastInitMode = localArtCol
ArtVarPenaltyUpdateFactor = 2
ArtVarMaxNbOfPenaltyUpdates = 5
MaxNbOfStagesInColGenProcedure = 3
GenerateProperColumns = false
InsertAllGeneratedColumnsInFormRatherThanInPool = true
InsertNewNonNegColumnsDirectlyInFormRatherThanInPool = true
ColumnCleanupThreshold = 10000
ColumnCleanupRatio = 0.66
ReducedCostFixingThreshold = 0.9
--- CUT GENERATION PARAMETERS ---
MasterCuttingPlanesDepthLimit = 1000
MaxNbOfCutGeneratedAtEachIter = 1000
CutTailingOffThreshold = 0.015
CutTailingOffCounterThreshold = 3
CutCleanupThreshold = 1
CutCleanupRatio = 0.66
ColGenSpRelaxationImprovementPriority = 0
--- STABILIZATION PARAMETERS ---
colGenDualPriceSmoothingAlphaFactor = 1
colGenDualPriceSmoothingBetaFactor = 0
colGenStabilizationFunctionType = none
colGenProximalStabilizationRule = undefined
StabilFuncKappa = 1
colGenStabilizationMaxTreeDepth = 10000
StabilizationMinPhaseOfStage = 0
--- PRIMAL HEURISTIC PARAMETERS ---
UseInitialPrimalHeur = false
MaxTimeForRestrictedMasterIpHeur = -1
CallFrequencyOfRestrictedMasterIpHeur = 5
MIPemphasisInRestrictedMasterIpHeur = 1
PolishingAfterTimeInRestrictedMasterIpHeur = -1
DivingHeurUseDepthLimit = -1
CallFrequencyOfDivingHeur = 1
LeastFractional
Closest2RoundUp
LeastGreedyCost
LeastCost
FixIntValBeforeRoundingHeur = true
MaxNbOfCgIteDuringRh = 5000
MaxLDSbreadth = 0
MaxLDSdepth = 0
DivingHeurStopsWithFirstFeasSol = false
DivingHeurPreprocessBeforeChoosingVar = false
StrongDivingCandidatesNumber = 1
EvalAlgParamsInDiving = max#cand. = 1 max#cg.iters = 10000 min.lvl.sp.restr. = 1 min#cut.rounds = 0 max#cut.rounds = 0 red.cost.fix&enum. = false tree.size.ratio = 1
LocalSearchHeurUseDepthLimit = -1
LeastFractional
Closest2RoundUp
LeastGreedyCost
LeastCost
MaxFactorOfColFixedByLocalSearchHeur = 0.8
MaxLocalSearchIterationCounter = 3
--- STRONG BRANCHING PARAMETERS ---
SimplifiedStrongBranchingParameterisation = true
StrongBranchingPhaseOneCandidatesNumber = 100
StrongBranchingPhaseOneTreeSizeEstimRatio = 0.2
StrongBranchingPhaseTwoCandidatesNumber = 3
StrongBranchingPhaseTwoTreeSizeEstimRatio = 0.02
SafeDualBoundScaleFactor = -1
StrongBranchingPhaseOne = max#cand. = 100 max#cg.iters = 0 min.lvl.sp.restr. = 0 min#cut.rounds = 0 max#cut.rounds = 0 red.cost.fix&enum. = false tree.size.ratio = 0.2
StrongBranchingPhaseTwo = max#cand. = 3 max#cg.iters = 10000 min.lvl.sp.restr. = 1 min#cut.rounds = 0 max#cut.rounds = 0 red.cost.fix&enum. = false tree.size.ratio = 0.02
StrongBranchingPhaseThree = max#cand. = 1 max#cg.iters = 10000 min.lvl.sp.restr. = 0 min#cut.rounds = 0 max#cut.rounds = 10000 red.cost.fix&enum. = true tree.size.ratio = 1
StrongBranchingPhaseFour =not active
--- DEBUG OUTPUT PARAMETERS ---
printMasterPrimalSols = 0
--- VRPSOLVER PARAMETERS ---
RCSPstopCutGenTimeThresholdInPricing = 10
RCSPhardTimeThresholdInPricing = 25
RCSPredCostFixingTimeThreshold = 100
RCSPnumberOfBucketsPerVertex = 25
RCSPdynamicBucketSteps = 1
RCSPuseBidirectionalSearch = 2
RCSPapplyReducedCostFixing = 1
RCSPmaxNumOfColsPerIteration = 30
RCSPmaxNumOfColsPerExactIteration = 150
RCSPmaxNumOfLabelsInEnumeration = 500000
RCSPmaxNumOfLabelsInHeurEnumeration = 0
RCSPmaxNumOfEnumeratedSolutions = 5000000
RCSPmaxNumOfEnumSolutionsForMIP = 10000
RCSPmaxNumOfEnumSolsForEndOfNodeMIP = 10000
RCSPinitNGneighbourhoodSize = 8
RCSPmaxNGneighbourhoodSize = 8
RCSPrankOneCutsMaxNumRows = 5
RCSPrankOneCutsMaxNumPerRound = 100
RCSPrankOneCutsMemoryType = 0
RCSPrankOneCutsLSnumIterations = 1000
RCSPallowRoutesWithSameVerticesSet = true
RCSPredCostFixingFalseGap = 0
SafeDualBoundScaleFactor = -1
RCSPmaxNumOfLabelsInHeurEnumeration = 0
MaxNumEnumSolsInRestrictedMasterIpHeur = 5000

prName & bcTimeMain \\ 
New model incumbent solution 1e+06, TIME = 0h0m0s41t = 41
RCSP solver info : size of non-robust cut bitmask in a label is 640 bits
Bucket steps were recalculated for graph G_0 : [30]
RCSP solver info : symmetric case is detected for graph G_0! 
Bidirectional border value is initialised to 375
RCSP solver info : number of forw. reachable buckets / buck. strongly connected components is 415( 93.8914% ) / 390( 93.9759% )
RCSP solver info: std. label size is 56, ext. label size is 136
Generating neighbourhoods for rank-1 cuts separation
Building structures for 4- and 5-row rank-1 packing cut separation...done!
Model is built TIME = 0h0m0s44t = 44
************************************************************************************************
**** BaB tree root node
**** Local DB = -1e+12, global bounds : [ -1e+12 , 1e+06 ], TIME = 0h0m0s44t = 44
**** 1 open nodes, 0 columns (0 active), 0 dyn. constrs. (0 active), 32 art. vars. (32 active)
************************************************************************************************
--------------------------------------------------------------------------
BaPCod info : first we run the root node with rank-1 cuts with node memory
--------------------------------------------------------------------------
#<DWph=2> <it=  1> <et=0.45> <Mt= 0.00> <Spt= 0.00> <nCl= 15> <al=0.00> <DB=-683985585.0000> <Mlp=37200000.0000> <PB=1000000> 
#<DWph=2> <it=  2> <et=0.45> <Mt= 0.00> <Spt= 0.00> <nCl= 15> <al=0.55> <DB=-513418514.1000> <Mlp=27840207.0000> <PB=1000000> 
#<DWph=2> <it=  3> <et=0.45> <Mt= 0.00> <Spt= 0.00> <nCl= 15> <al=0.45> <DB=-478396360.7175> <Mlp=21720504.3000> <PB=1000000> 
#<DWph=2> <it=  4> <et=0.45> <Mt= 0.00> <Spt= 0.00> <nCl= 15> <al=0.51> <DB=-450783938.8057> <Mlp=7970044.0923> <PB=1000000> 
#<DWph=2> <it=  5> <et=0.45> <Mt= 0.00> <Spt= 0.00> <nCl= 15> <al=0.55> <DB=-473610778.4506> <Mlp=4264239.7727> <PB=1000000> 
#<DWph=2> <it=  6> <et=0.46> <Mt= 0.00> <Spt= 0.00> <nCl= 15> <al=0.45> <DB=-418465834.4333> <Mlp=1572316.5766> <PB=1000000> 
<DWph=2> <it=  7> <et=0.46> <Mt= 0.00> <Spt= 0.00> <nCl= 15> <al=0.00> <DB=-25246.5597> <Mlp= 1193.6531> <PB=1000000> 
<DWph=2> <it=  8> <et=0.46> <Mt= 0.00> <Spt= 0.00> <nCl= 15> <al=0.41> <DB=-11402.7866> <Mlp= 1117.9204> <PB=1000000> 
<DWph=2> <it=  9> <et=0.46> <Mt= 0.00> <Spt= 0.00> <nCl= 15> <al=0.31> <DB=-16035.6425> <Mlp= 1054.4689> <PB=1000000> 
<DWph=2> <it= 10> <et=0.46> <Mt= 0.00> <Spt= 0.00> <nCl= 15> <al=0.38> <DB=-9233.7660> <Mlp= 1008.7175> <PB=1000000> 
<DWph=2> <it= 11> <et=0.46> <Mt= 0.00> <Spt= 0.00> <nCl= 15> <al=0.44> <DB=-5076.0226> <Mlp=  940.4050> <PB=1000000> 
<DWph=2> <it= 12> <et=0.46> <Mt= 0.00> <Spt= 0.00> <nCl= 15> <al=0.34> <DB=-3191.3076> <Mlp=  928.9097> <PB=1000000> 
<DWph=2> <it= 13> <et=0.46> <Mt= 0.00> <Spt= 0.00> <nCl= 15> <al=0.24> <DB=-9980.3917> <Mlp=  886.2999> <PB=1000000> 
<DWph=2> <it= 14> <et=0.46> <Mt= 0.00> <Spt= 0.00> <nCl= 15> <al=0.32> <DB=-3396.4307> <Mlp=  873.3453> <PB=1000000> 
<DWph=2> <it= 15> <et=0.46> <Mt= 0.01> <Spt= 0.01> <nCl= 15> <al=0.38> <DB=-3702.3557> <Mlp=  831.4878> <PB=1000000> 
<DWph=2> <it= 16> <et=0.46> <Mt= 0.00> <Spt= 0.00> <nCl= 15> <al=0.45> <DB=-1984.4700> <Mlp=  819.7698> <PB=1000000> 
<DWph=2> <it= 17> <et=0.46> <Mt= 0.00> <Spt= 0.00> <nCl= 15> <al=0.50> <DB=-2140.2435> <Mlp=  786.2380> <PB=1000000> 
<DWph=2> <it= 18> <et=0.46> <Mt= 0.00> <Spt= 0.00> <nCl= 15> <al=0.55> <DB= -849.9215> <Mlp=  781.3938> <PB=1000000> 
<DWph=2> <it= 19> <et=0.47> <Mt= 0.00> <Spt= 0.00> <nCl= 15> <al=0.60> <DB= -703.7654> <Mlp=  769.3699> <PB=1000000> 
<DWph=2> <it= 20> <et=0.47> <Mt= 0.00> <Spt= 0.00> <nCl= 15> <al=0.50> <DB= -515.1327> <Mlp=  755.6316> <PB=1000000> 
<DWph=2> <it= 21> <et=0.47> <Mt= 0.00> <Spt= 0.00> <nCl= 15> <al=0.55> <DB= -827.4549> <Mlp=  752.4941> <PB=1000000> 
<DWph=2> <it= 22> <et=0.47> <Mt= 0.00> <Spt= 0.00> <nCl= 14> <al=0.45> <DB= -128.7961> <Mlp=  748.6893> <PB=1000000> 
<DWph=2> <it= 23> <et=0.47> <Mt= 0.00> <Spt= 0.00> <nCl= 15> <al=0.35> <DB=   81.7457> <Mlp=  748.6867> <PB=1000000> 
<DWph=2> <it= 24> <et=0.47> <Mt= 0.00> <Spt= 0.00> <nCl= 15> <al=0.25> <DB=  -28.9264> <Mlp=  748.1242> <PB=1000000> 
<DWph=2> <it= 25> <et=0.47> <Mt= 0.00> <Spt= 0.00> <nCl= 15> <al=0.32> <DB= -961.9646> <Mlp=  744.6250> <PB=1000000> 
<DWph=2> <it= 26> <et=0.47> <Mt= 0.00> <Spt= 0.00> <nCl= 15> <al=0.39> <DB=  227.4587> <Mlp=  744.6250> <PB=1000000> 
<DWph=2> <it= 27> <et=0.47> <Mt= 0.00> <Spt= 0.00> <nCl= 15> <al=0.29> <DB=  -56.3063> <Mlp=  743.7042> <PB=1000000> 
<DWph=2> <it= 28> <et=0.47> <Mt= 0.00> <Spt= 0.00> <nCl= 15> <al=0.36> <DB=    5.1578> <Mlp=  743.7042> <PB=1000000> 
<DWph=2> <it= 29> <et=0.47> <Mt= 0.00> <Spt= 0.00> <nCl= 15> <al=0.42> <DB=  331.3807> <Mlp=  743.7042> <PB=1000000> 
<DWph=2> <it= 30> <et=0.47> <Mt= 0.00> <Spt= 0.00> <nCl= 15> <al=0.32> <DB=  381.3288> <Mlp=  741.4000> <PB=1000000> 
<DWph=2> <it= 31> <et=0.47> <Mt= 0.00> <Spt= 0.00> <nCl= 15> <al=0.39> <DB=  364.3994> <Mlp=  741.3667> <PB=1000000> 
<DWph=2> <it= 32> <et=0.47> <Mt= 0.00> <Spt= 0.00> <nCl= 13> <al=0.45> <DB=  513.6474> <Mlp=  741.3667> <PB=1000000> 
Shrinking heuristic shrunk 14 edges
<DWph=2> <it= 33> <et=0.48> <Mt= 0.00> <Spt= 0.00> <nCl= 15> <al=0.35> <DB=  521.3930> <Mlp=  733.0000> <PB=733> 
<DWph=2> <it= 34> <et=0.48> <Mt= 0.00> <Spt= 0.00> <nCl= 15> <al=0.42> <DB=  405.9284> <Mlp=  733.0000> <PB=733> 
<DWph=2> <it= 35> <et=0.48> <Mt= 0.00> <Spt= 0.00> <nCl= 15> <al=0.48> <DB=  521.9411> <Mlp=  733.0000> <PB=733> 
<DWph=2> <it= 36> <et=0.48> <Mt= 0.00> <Spt= 0.01> <nCl= 15> <al=0.53> <DB=  514.5501> <Mlp=  733.0000> <PB=733> 
<DWph=2> <it= 37> <et=0.48> <Mt= 0.00> <Spt= 0.00> <nCl= 15> <al=0.58> <DB=  429.4916> <Mlp=  733.0000> <PB=733> 
<DWph=2> <it= 38> <et=0.48> <Mt= 0.00> <Spt= 0.00> <nCl= 15> <al=0.62> <DB=  541.0339> <Mlp=  733.0000> <PB=733> 
<DWph=2> <it= 39> <et=0.48> <Mt= 0.00> <Spt= 0.00> <nCl= 10> <al=0.66> <DB=  611.3198> <Mlp=  733.0000> <PB=733> 
<DWph=2> <it= 40> <et=0.48> <Mt= 0.00> <Spt= 0.00> <nCl= 14> <al=0.56> <DB=  663.1532> <Mlp=  733.0000> <PB=733> 
<DWph=2> <it= 41> <et=0.48> <Mt= 0.00> <Spt= 0.00> <nCl= 15> <al=0.46> <DB=  575.3314> <Mlp=  733.0000> <PB=733> 
Shrinking heuristic shrunk 14 edges
<DWph=2> <it= 42> <et=0.48> <Mt= 0.00> <Spt= 0.00> <nCl= 15> <al=0.51> <DB=  571.2720> <Mlp=  723.0000> <PB=723> 
<DWph=2> <it= 43> <et=0.48> <Mt= 0.00> <Spt= 0.00> <nCl=  7> <al=0.56> <DB=  641.9978> <Mlp=  723.0000> <PB=723> 
<DWph=2> <it= 44> <et=0.48> <Mt= 0.00> <Spt= 0.00> <nCl= 14> <al=0.46> <DB=  655.8996> <Mlp=  723.0000> <PB=723> 
<DWph=2> <it= 45> <et=0.49> <Mt= 0.00> <Spt= 0.00> <nCl= 15> <al=0.51> <DB=  643.0399> <Mlp=  723.0000> <PB=723> 
<DWph=2> <it= 46> <et=0.49> <Mt= 0.00> <Spt= 0.00> <nCl=  9> <al=0.56> <DB=  704.0779> <Mlp=  723.0000> <PB=723> 
<DWph=2> <it= 47> <et=0.49> <Mt= 0.00> <Spt= 0.00> <nCl= 13> <al=0.46> <DB=  698.5181> <Mlp=  723.0000> <PB=723> 
<DWph=2> <it= 48> <et=0.49> <Mt= 0.00> <Spt= 0.00> <nCl=  9> <al=0.52> <DB=  703.5179> <Mlp=  723.0000> <PB=723> 
<DWph=2> <it= 49> <et=0.49> <Mt= 0.00> <Spt= 0.00> <nCl=  6> <al=0.56> <DB=  712.1161> <Mlp=  723.0000> <PB=723> 
<DWph=2> <it= 50> <et=0.49> <Mt= 0.00> <Spt= 0.00> <nCl=  6> <al=0.61> <DB=  718.3656> <Mlp=  723.0000> <PB=723> 
<DWph=2> <it= 51> <et=0.49> <Mt= 0.00> <Spt= 0.00> <nCl=  7> <al=0.51> <DB=  679.5313> <Mlp=  723.0000> <PB=723> 
<DWph=2> <it= 52> <et=0.49> <Mt= 0.00> <Spt= 0.00> <nCl=  5> <al=0.56> <DB=  701.3778> <Mlp=  723.0000> <PB=723> 
<DWph=2> <it= 53> <et=0.49> <Mt= 0.00> <Spt= 0.00> <nCl= 12> <al=0.46> <DB=  695.7159> <Mlp=  723.0000> <PB=723> 
<DWph=2> <it= 54> <et=0.49> <Mt= 0.00> <Spt= 0.00> <nCl=  6> <al=0.51> <DB=  707.9979> <Mlp=  723.0000> <PB=723> 
<DWph=2> <it= 55> <et=0.49> <Mt= 0.00> <Spt= 0.00> <nCl=  8> <al=0.41> <DB=  719.8272> <Mlp=  723.0000> <PB=723> 
<DWph=2> <it= 56> <et=0.49> <Mt= 0.00> <Spt= 0.00> <nCl=  4> <al=0.31> <DB=  704.5837> <Mlp=  723.0000> <PB=723> 
<DWph=2> <it= 57> <et=0.49> <Mt= 0.00> <Spt= 0.00> <nCl=  5> <al=0.38> <DB=  714.9405> <Mlp=  723.0000> <PB=723> 
<DWph=2> <it= 58> <et=0.49> <Mt= 0.00> <Spt= 0.00> <nCl=  7> <al=0.44> <DB=  713.0158> <Mlp=  723.0000> <PB=723> 
<DWph=2> <it= 59> <et=0.49> <Mt= 0.00> <Spt= 0.00> <nCl= 14> <al=0.50> <DB=  700.1172> <Mlp=  723.0000> <PB=723> 
<DWph=2> <it= 60> <et=0.49> <Mt= 0.00> <Spt= 0.01> <nCl=  2> <al=0.40> <DB=  709.8144> <Mlp=  723.0000> <PB=723> 
<DWph=2> <it= 61> <et=0.49> <Mt= 0.00> <Spt= 0.00> <nCl=  4> <al=0.30> <DB=  718.8864> <Mlp=  723.0000> <PB=723> 
<DWph=2> <it= 62> <et=0.50> <Mt= 0.00> <Spt= 0.00> <nCl= 11> <al=0.20> <DB=  703.5063> <Mlp=  723.0000> <PB=723> 
<DWph=2> <it= 63> <et=0.50> <Mt= 0.00> <Spt= 0.00> <nCl=  5> <al=0.28> <DB=  718.3223> <Mlp=  723.0000> <PB=723> 
<DWph=2> <it= 64> <et=0.50> <Mt= 0.01> <Spt= 0.00> <nCl=  8> <al=0.18> <DB=  712.2468> <Mlp=  723.0000> <PB=723> 
<DWph=2> <it= 65> <et=0.50> <Mt= 0.00> <Spt= 0.00> <nCl=  3> <al=0.26> <DB=  719.4057> <Mlp=  723.0000> <PB=723> 
<DWph=2> <it= 66> <et=0.50> <Mt= 0.00> <Spt= 0.00> <nCl=  2> <al=0.16> <DB=  720.7860> <Mlp=  723.0000> <PB=723> 
<DWph=2> <it= 67> <et=0.50> <Mt= 0.00> <Spt= 0.00> <nCl=  1> <al=0.00> <DB=  723.0000> <Mlp=  723.0000> <PB=723> 
<DWph=1> <it= 68> <et=0.50> <Mt= 0.00> <Spt= 0.00> <nCl=  5> <al=0.00> <DB=  721.5000> <Mlp=  723.0000> <PB=723> 
<DWph=1> <it= 69> <et=0.50> <Mt= 0.00> <Spt= 0.00> <nCl=  7> <al=0.00> <DB=  721.1250> <Mlp=  723.0000> <PB=723> 
<DWph=1> <it= 70> <et=0.50> <Mt= 0.00> <Spt= 0.00> <nCl=  1> <al=0.00> <DB=  721.6364> <Mlp=  723.0000> <PB=723> 
<DWph=1> <it= 71> <et=0.50> <Mt= 0.00> <Spt= 0.00> <nCl=  0> <al=0.00> <DB=  723.0000> <Mlp=  723.0000> <PB=723> 
    RCSP exact solver info for graph G_0 : TT = 0.002086, pt = 3e-06, dt = 0.001444, ct = 8.2e-05, ndl = 704', bdl = 4691', odl = 1826', odf = 11791', bsi = 859', cnt = 2506', bdch = 53405', odch = 17130', lcp = 12341', #sols = 150
<DWph=0> <it= 72> <et=0.51> <Mt= 0.00> <Spt= 0.00> <nCl=144> <al=0.00> <DB=  699.9000> <Mlp=  723.0000> <PB=723> 
    RCSP exact solver info for graph G_0 : TT = 0.00121, pt = 1.2e-05, dt = 0.000843, ct = 0.000105, ndl = 699', bdl = 4703', odl = 1750', odf = 11238', bsi = 948', cnt = 2651', bdch = 50515', odch = 17222', lcp = 11210', #sols = 150
<DWph=0> <it= 73> <et=0.51> <Mt= 0.00> <Spt= 0.01> <nCl=122> <al=0.00> <DB=  711.6111> <Mlp=  723.0000> <PB=723> 
    RCSP exact solver info for graph G_0 : TT = 0.001268, pt = 1.2e-05, dt = 0.000912, ct = 0.000116, ndl = 857', bdl = 5722', odl = 1755', odf = 11807', bsi = 998', cnt = 5295', bdch = 63332', odch = 21138', lcp = 13944', #sols = 150
<DWph=0> <it= 74> <et=0.51> <Mt= 0.00> <Spt= 0.00> <nCl=108> <al=0.00> <DB=  718.3846> <Mlp=  723.0000> <PB=723> 
    RCSP exact solver info for graph G_0 : TT = 0.001308, pt = 1.1e-05, dt = 0.000955, ct = 0.000119, ndl = 829', bdl = 5482', odl = 1746', odf = 11695', bsi = 1041', cnt = 5097', bdch = 59487', odch = 20411', lcp = 13138', #sols = 150
<DWph=0> <it= 75> <et=0.52> <Mt= 0.00> <Spt= 0.00> <nCl= 38> <al=0.00> <DB=  723.0000> <Mlp=  723.0000> <PB=723> 
RCSP solver dynamic params and stats :  bidir.bord. = 375 aver.obdmd = 23.4706 aver.buck.num. = 26
@@ 1 0 723 0.001144 0.001526 92.0994 0.52
ColGenEvalAlg final dual bound: 723 (rounded: 723)
New model incumbent solution 723, TIME = 0h0m0s52t = 52
************************************************************************************************
Search is finished, global bounds : [ 723 , 723 ], TIME = 0h0m0s52t = 52
************************************************************************************************
[32mBaPCod : solution defined.[00m
statistics_cols: instance & :Optimal & cutoff & :bcRecRootDb & :bcTimeRootEval & :bcCountNodeProc & :bcRecBestDb & :bcRecBestInc & :bcTimeMain \\
statistics: instance_0-triangle & 1 & 1.0e6 & 723.00 & 0.52 & 1 & 723.00 & 723 & 0.52 \\
########################################################
Route #1: 6 2 3 1 12 9 5 11 7 13 10 15 4 14 8 
Cost 723
########################################################

end_time=2026-04-22 10:46:41
exit_code=0
