instance_file=/mnt/c/Users/porin/OneDrive/Documentos/Python-Mestrado/Modelagem Matemática/Programação Inteira - Uchoa/Problema VRPRDL/instancias_turco/VRPRDL-triangle/cvrp_padrao_convertidos/instance_17-triangle.vrp
instance_name=instance_17-triangle
n_customers=30
k_lb=3
k_ub=30
ub=1000000
timeout_s=3600
start_time=2026-04-22 10:48:17

  Activating project at `~/VRPSolver/VRPSolverDemos`
Application parameters:
  batch  =>  nothing
  instance  =>  "/mnt/c/Users/porin/OneDrive/Documentos/Python-Mestrado/Modelagem Matemática/Programação Inteira - Uchoa/Problema VRPRDL/instancias_turco/VRPRDL-triangle/cvrp_padrao_convertidos/instance_17-triangle.vrp"
  noround  =>  false
  cfg  =>  "/home/poringman/VRPSolver/VRPSolverDemos/src/../config/CVRP.cfg"
  edge_cuts  =>  false
  out  =>  nothing
  ub  =>  1.0e6
  cluster_branching  =>  1.0
  sol  =>  nothing
  single_resource  =>  false
  strong_kpath_cuts  =>  false
  tikz  =>  nothing
  maxr  =>  30
  update  =>  false
  show_complete_form  =>  false
  nosolve  =>  false
  minr  =>  3
  low_edge_priority  =>  false
~~~~~~~~~~~~~~~~~~~~~~~~~~~~~~~~~~~~~~~~~~~~~~~~~~~~~~~~~~~~~~~~~~~~~~~~~~~~~~~~~~~~~
GIT VERSION RCSP: 
GIT BRANCH: 
~~~~~~~~~~~~~~~~~~~~~~~~~~~~~~~~~~~~~~~~~~~~~~~~~~~~~~~~~~~~~~~~~~~~~~~~~~~~~~~~~~~~~
VRPSolver v0.6.16, 10/11/2025, © Inria Bordeaux, France, vrpsolver.math.u-bordeaux.fr
      Corresponds to the solver by Pessoa, Sadykov, Uchoa and Vanderbeck (2020)
                 Paper: dx.doi.org/10.1007/s10107-020-01523-z
~~~~~~~~~~~~~~~~~~~~~~~~~~~~~~~~~~~~~~~~~~~~~~~~~~~~~~~~~~~~~~~~~~~~~~~~~~~~~~~~~~~~~
GIT VERSION BAPCOD: a7cb21f19424236c9d0da5dcf94961797a519470
GIT BRANCH: main
~~~~~~~~~~~~~~~~~~~~~~~~~~~~~~~~~~~~~~~~~~~~~~~~~~~~~~~~~~~~~~~~~~~~~~~~~~~~~~~~~~~~~
   BaPCod v0.84, 10/11/2025, © Inria Bordeaux, France, bapcod.math.u-bordeaux.fr 
           THIS CODE IS PROVIDED AS IS, USE IT AT YOUR OWN RISK
~~~~~~~~~~~~~~~~~~~~~~~~~~~~~~~~~~~~~~~~~~~~~~~~~~~~~~~~~~~~~~~~~~~~~~~~~~~~~~~~~~~~~
--- MAIN PARAMETERS ---
GlobalTimeLimitInTick = 2147483645
GlobalTimeLimit = 21474836
ClockType = 0
MaxNbOfBBtreeNodeTreated = 100000
optimalityGapTolerance = 1e-06
relOptimalityGapTolerance = 1e-09
ApplyPreprocessing = false
PreprocessVariablesLocalBounds = false
treeSearchStrategy = 1
OpenNodesLimit = 1000
DEFAULTPRINTLEVEL = 0
--- MIP SOLVER PARAMETERS ---
solverName = CPLEX_SOLVER
MipSolverMaxBBNodes = 2000000
MipSolverMaxTime = 360000
MipSolverMultiThread = 1
--- COLUMN GENERATION PARAMETERS ---
SolverSelectForMast = a
  colGenSubProbSolMode = customSolver
mastInitMode = localArtCol
ArtVarPenaltyUpdateFactor = 2
ArtVarMaxNbOfPenaltyUpdates = 5
MaxNbOfStagesInColGenProcedure = 3
GenerateProperColumns = false
InsertAllGeneratedColumnsInFormRatherThanInPool = true
InsertNewNonNegColumnsDirectlyInFormRatherThanInPool = true
ColumnCleanupThreshold = 10000
ColumnCleanupRatio = 0.66
ReducedCostFixingThreshold = 0.9
--- CUT GENERATION PARAMETERS ---
MasterCuttingPlanesDepthLimit = 1000
MaxNbOfCutGeneratedAtEachIter = 1000
CutTailingOffThreshold = 0.015
CutTailingOffCounterThreshold = 3
CutCleanupThreshold = 1
CutCleanupRatio = 0.66
ColGenSpRelaxationImprovementPriority = 0
--- STABILIZATION PARAMETERS ---
colGenDualPriceSmoothingAlphaFactor = 1
colGenDualPriceSmoothingBetaFactor = 0
colGenStabilizationFunctionType = none
colGenProximalStabilizationRule = undefined
StabilFuncKappa = 1
colGenStabilizationMaxTreeDepth = 10000
StabilizationMinPhaseOfStage = 0
--- PRIMAL HEURISTIC PARAMETERS ---
UseInitialPrimalHeur = false
MaxTimeForRestrictedMasterIpHeur = -1
CallFrequencyOfRestrictedMasterIpHeur = 5
MIPemphasisInRestrictedMasterIpHeur = 1
PolishingAfterTimeInRestrictedMasterIpHeur = -1
DivingHeurUseDepthLimit = -1
CallFrequencyOfDivingHeur = 1
LeastFractional
Closest2RoundUp
LeastGreedyCost
LeastCost
FixIntValBeforeRoundingHeur = true
MaxNbOfCgIteDuringRh = 5000
MaxLDSbreadth = 0
MaxLDSdepth = 0
DivingHeurStopsWithFirstFeasSol = false
DivingHeurPreprocessBeforeChoosingVar = false
StrongDivingCandidatesNumber = 1
EvalAlgParamsInDiving = max#cand. = 1 max#cg.iters = 10000 min.lvl.sp.restr. = 1 min#cut.rounds = 0 max#cut.rounds = 0 red.cost.fix&enum. = false tree.size.ratio = 1
LocalSearchHeurUseDepthLimit = -1
LeastFractional
Closest2RoundUp
LeastGreedyCost
LeastCost
MaxFactorOfColFixedByLocalSearchHeur = 0.8
MaxLocalSearchIterationCounter = 3
--- STRONG BRANCHING PARAMETERS ---
SimplifiedStrongBranchingParameterisation = true
StrongBranchingPhaseOneCandidatesNumber = 100
StrongBranchingPhaseOneTreeSizeEstimRatio = 0.2
StrongBranchingPhaseTwoCandidatesNumber = 3
StrongBranchingPhaseTwoTreeSizeEstimRatio = 0.02
SafeDualBoundScaleFactor = -1
StrongBranchingPhaseOne = max#cand. = 100 max#cg.iters = 0 min.lvl.sp.restr. = 0 min#cut.rounds = 0 max#cut.rounds = 0 red.cost.fix&enum. = false tree.size.ratio = 0.2
StrongBranchingPhaseTwo = max#cand. = 3 max#cg.iters = 10000 min.lvl.sp.restr. = 1 min#cut.rounds = 0 max#cut.rounds = 0 red.cost.fix&enum. = false tree.size.ratio = 0.02
StrongBranchingPhaseThree = max#cand. = 1 max#cg.iters = 10000 min.lvl.sp.restr. = 0 min#cut.rounds = 0 max#cut.rounds = 10000 red.cost.fix&enum. = true tree.size.ratio = 1
StrongBranchingPhaseFour =not active
--- DEBUG OUTPUT PARAMETERS ---
printMasterPrimalSols = 0
--- VRPSOLVER PARAMETERS ---
RCSPstopCutGenTimeThresholdInPricing = 10
RCSPhardTimeThresholdInPricing = 25
RCSPredCostFixingTimeThreshold = 100
RCSPnumberOfBucketsPerVertex = 25
RCSPdynamicBucketSteps = 1
RCSPuseBidirectionalSearch = 2
RCSPapplyReducedCostFixing = 1
RCSPmaxNumOfColsPerIteration = 30
RCSPmaxNumOfColsPerExactIteration = 150
RCSPmaxNumOfLabelsInEnumeration = 500000
RCSPmaxNumOfLabelsInHeurEnumeration = 0
RCSPmaxNumOfEnumeratedSolutions = 5000000
RCSPmaxNumOfEnumSolutionsForMIP = 10000
RCSPmaxNumOfEnumSolsForEndOfNodeMIP = 10000
RCSPinitNGneighbourhoodSize = 8
RCSPmaxNGneighbourhoodSize = 8
RCSPrankOneCutsMaxNumRows = 5
RCSPrankOneCutsMaxNumPerRound = 100
RCSPrankOneCutsMemoryType = 0
RCSPrankOneCutsLSnumIterations = 1000
RCSPallowRoutesWithSameVerticesSet = true
RCSPredCostFixingFalseGap = 0
SafeDualBoundScaleFactor = -1
RCSPmaxNumOfLabelsInHeurEnumeration = 0
MaxNumEnumSolsInRestrictedMasterIpHeur = 5000

prName & bcTimeMain \\ 
New model incumbent solution 1e+06, TIME = 0h0m0s39t = 39
RCSP solver info : size of non-robust cut bitmask in a label is 640 bits
Bucket steps were recalculated for graph G_0 : [30]
RCSP solver info : symmetric case is detected for graph G_0! 
Bidirectional border value is initialised to 375
RCSP solver info : number of forw. reachable buckets / buck. strongly connected components is 797( 95.7933% ) / 772( 96.8632% )
RCSP solver info: std. label size is 56, ext. label size is 136
Generating neighbourhoods for rank-1 cuts separation
Building structures for 4- and 5-row rank-1 packing cut separation...done!
Model is built TIME = 0h0m0s39t = 39
************************************************************************************************
**** BaB tree root node
**** Local DB = -1e+12, global bounds : [ -1e+12 , 1e+06 ], TIME = 0h0m0s39t = 39
**** 1 open nodes, 0 columns (0 active), 0 dyn. constrs. (0 active), 62 art. vars. (62 active)
************************************************************************************************
--------------------------------------------------------------------------
BaPCod info : first we run the root node with rank-1 cuts with node memory
--------------------------------------------------------------------------
#<DWph=2> <it=  1> <et=0.39> <Mt= 0.00> <Spt= 0.00> <nCl= 30> <al=0.00> <DB=-1583945760.0000> <Mlp=75600000.0000> <PB=1000000> 
#<DWph=2> <it=  2> <et=0.40> <Mt= 0.00> <Spt= 0.00> <nCl= 30> <al=0.55> <DB=-1301159098.8794> <Mlp=64023935.8235> <PB=1000000> 
#<DWph=2> <it=  3> <et=0.40> <Mt= 0.00> <Spt= 0.00> <nCl= 30> <al=0.60> <DB=-1234978701.8217> <Mlp=56013010.7692> <PB=1000000> 
#<DWph=2> <it=  4> <et=0.40> <Mt= 0.00> <Spt= 0.00> <nCl= 30> <al=0.64> <DB=-913984397.2731> <Mlp=50447050.2949> <PB=1000000> 
#<DWph=2> <it=  5> <et=0.40> <Mt= 0.00> <Spt= 0.00> <nCl= 30> <al=0.54> <DB=-1026936695.0893> <Mlp=40677280.1258> <PB=1000000> 
#<DWph=2> <it=  6> <et=0.40> <Mt= 0.00> <Spt= 0.00> <nCl= 30> <al=0.58> <DB=-925712753.3716> <Mlp=36734677.3333> <PB=1000000> 
#<DWph=2> <it=  7> <et=0.40> <Mt= 0.00> <Spt= 0.00> <nCl= 30> <al=0.62> <DB=-841368415.3990> <Mlp=31170895.0529> <PB=1000000> 
#<DWph=2> <it=  8> <et=0.40> <Mt= 0.00> <Spt= 0.00> <nCl= 30> <al=0.66> <DB=-791720721.8046> <Mlp=23531319.4213> <PB=1000000> 
#<DWph=2> <it=  9> <et=0.40> <Mt= 0.00> <Spt= 0.00> <nCl= 30> <al=0.70> <DB=-718016455.1311> <Mlp=20769587.0413> <PB=1000000> 
#<DWph=2> <it= 10> <et=0.41> <Mt= 0.00> <Spt= 0.00> <nCl= 30> <al=0.73> <DB=-666494906.4853> <Mlp=16178174.7780> <PB=1000000> 
#<DWph=2> <it= 11> <et=0.41> <Mt= 0.00> <Spt= 0.01> <nCl= 30> <al=0.75> <DB=-671844782.5859> <Mlp=9554272.2496> <PB=1000000> 
#<DWph=2> <it= 12> <et=0.41> <Mt= 0.00> <Spt= 0.00> <nCl= 30> <al=0.78> <DB=-605914967.4080> <Mlp=4602472.2642> <PB=1000000> 
#<DWph=2> <it= 13> <et=0.41> <Mt= 0.00> <Spt= 0.00> <nCl= 30> <al=0.68> <DB=-486402858.3594> <Mlp=1090294.1198> <PB=1000000> 
#<DWph=2> <it= 14> <et=0.41> <Mt= 0.00> <Spt= 0.00> <nCl= 30> <al=0.58> <DB=-259637916.3407> <Mlp=807006.6627> <PB=1000000> 
#<DWph=2> <it= 15> <et=0.41> <Mt= 0.00> <Spt= 0.00> <nCl= 30> <al=0.48> <DB=-110530377.4714> <Mlp=802097.0579> <PB=1000000> 
#<DWph=2> <it= 16> <et=0.41> <Mt= 0.00> <Spt= 0.00> <nCl= 30> <al=0.38> <DB=-21067817.0770> <Mlp=799542.3194> <PB=1000000> 
#<DWph=2> <it= 17> <et=0.41> <Mt= 0.00> <Spt= 0.00> <nCl= 30> <al=0.28> <DB=-2261806.7479> <Mlp=797955.9991> <PB=1000000> 
<DWph=2> <it= 18> <et=0.42> <Mt= 0.00> <Spt= 0.00> <nCl= 30> <al=0.00> <DB=-28016.8779> <Mlp= 2636.3443> <PB=1000000> 
<DWph=2> <it= 19> <et=0.42> <Mt= 0.00> <Spt= 0.00> <nCl= 30> <al=0.08> <DB=-50914.0377> <Mlp= 2256.7981> <PB=1000000> 
<DWph=2> <it= 20> <et=0.42> <Mt= 0.00> <Spt= 0.00> <nCl= 30> <al=0.17> <DB=-23395.6053> <Mlp= 2222.3264> <PB=1000000> 
<DWph=2> <it= 21> <et=0.42> <Mt= 0.00> <Spt= 0.00> <nCl= 30> <al=0.25> <DB=-25117.8064> <Mlp= 2068.8294> <PB=1000000> 
<DWph=2> <it= 22> <et=0.42> <Mt= 0.00> <Spt= 0.01> <nCl= 30> <al=0.33> <DB=-17311.2469> <Mlp= 1982.1248> <PB=1000000> 
<DWph=2> <it= 23> <et=0.42> <Mt= 0.00> <Spt= 0.00> <nCl= 30> <al=0.39> <DB=-12174.8511> <Mlp= 1802.4416> <PB=1000000> 
<DWph=2> <it= 24> <et=0.43> <Mt= 0.00> <Spt= 0.00> <nCl= 30> <al=0.29> <DB=-10558.4630> <Mlp= 1675.0875> <PB=1000000> 
<DWph=2> <it= 25> <et=0.43> <Mt= 0.00> <Spt= 0.00> <nCl= 30> <al=0.37> <DB=-12404.6968> <Mlp= 1650.1806> <PB=1000000> 
<DWph=2> <it= 26> <et=0.43> <Mt= 0.00> <Spt= 0.00> <nCl= 30> <al=0.43> <DB=-7532.3385> <Mlp= 1589.5898> <PB=1000000> 
<DWph=2> <it= 27> <et=0.43> <Mt= 0.00> <Spt= 0.00> <nCl= 30> <al=0.33> <DB=-9257.3795> <Mlp= 1530.3896> <PB=1000000> 
<DWph=2> <it= 28> <et=0.43> <Mt= 0.01> <Spt= 0.00> <nCl= 30> <al=0.40> <DB=-7432.7748> <Mlp= 1483.7834> <PB=1000000> 
<DWph=2> <it= 29> <et=0.43> <Mt= 0.00> <Spt= 0.00> <nCl= 30> <al=0.46> <DB=-3307.3121> <Mlp= 1458.8061> <PB=1000000> 
<DWph=2> <it= 30> <et=0.44> <Mt= 0.00> <Spt= 0.00> <nCl= 30> <al=0.51> <DB=-3446.6435> <Mlp= 1440.7016> <PB=1000000> 
<DWph=2> <it= 31> <et=0.44> <Mt= 0.00> <Spt= 0.01> <nCl= 30> <al=0.41> <DB=-2461.7513> <Mlp= 1383.1391> <PB=1000000> 
<DWph=2> <it= 32> <et=0.44> <Mt= 0.00> <Spt= 0.00> <nCl= 30> <al=0.47> <DB=-2061.8922> <Mlp= 1364.3510> <PB=1000000> 
<DWph=2> <it= 33> <et=0.44> <Mt= 0.00> <Spt= 0.00> <nCl= 30> <al=0.37> <DB=-3058.9634> <Mlp= 1334.3348> <PB=1000000> 
<DWph=2> <it= 34> <et=0.44> <Mt= 0.00> <Spt= 0.00> <nCl= 30> <al=0.43> <DB=-2018.7779> <Mlp= 1326.7245> <PB=1000000> 
<DWph=2> <it= 35> <et=0.44> <Mt= 0.00> <Spt= 0.00> <nCl= 30> <al=0.49> <DB= -402.4036> <Mlp= 1321.6113> <PB=1000000> 
<DWph=2> <it= 36> <et=0.45> <Mt= 0.00> <Spt= 0.00> <nCl= 30> <al=0.39> <DB= -306.5910> <Mlp= 1314.4981> <PB=1000000> 
<DWph=2> <it= 37> <et=0.45> <Mt= 0.00> <Spt= 0.00> <nCl= 30> <al=0.45> <DB=  192.9829> <Mlp= 1297.8644> <PB=1000000> 
<DWph=2> <it= 38> <et=0.45> <Mt= 0.00> <Spt= 0.00> <nCl= 30> <al=0.51> <DB=  780.4131> <Mlp= 1285.6181> <PB=1000000> 
<DWph=2> <it= 39> <et=0.45> <Mt= 0.00> <Spt= 0.01> <nCl= 30> <al=0.41> <DB=  812.0468> <Mlp= 1274.9984> <PB=1000000> 
<DWph=2> <it= 40> <et=0.45> <Mt= 0.00> <Spt= 0.00> <nCl= 30> <al=0.46> <DB=  709.1142> <Mlp= 1273.0134> <PB=1000000> 
<DWph=2> <it= 41> <et=0.46> <Mt= 0.00> <Spt= 0.00> <nCl= 30> <al=0.52> <DB= 1104.7431> <Mlp= 1272.5521> <PB=1000000> 
<DWph=2> <it= 42> <et=0.46> <Mt= 0.00> <Spt= 0.00> <nCl= 30> <al=0.42> <DB=  615.4073> <Mlp= 1270.4247> <PB=1000000> 
<DWph=2> <it= 43> <et=0.46> <Mt= 0.00> <Spt= 0.00> <nCl= 27> <al=0.48> <DB= 1143.7248> <Mlp= 1269.9081> <PB=1000000> 
<DWph=2> <it= 44> <et=0.46> <Mt= 0.00> <Spt= 0.00> <nCl= 30> <al=0.53> <DB= 1068.4106> <Mlp= 1264.2500> <PB=1000000> 
<DWph=2> <it= 45> <et=0.46> <Mt= 0.00> <Spt= 0.00> <nCl= 26> <al=0.58> <DB= 1189.8834> <Mlp= 1264.2500> <PB=1000000> 
<DWph=2> <it= 46> <et=0.46> <Mt= 0.00> <Spt= 0.00> <nCl= 23> <al=0.62> <DB= 1216.9315> <Mlp= 1261.8333> <PB=1000000> 
<DWph=2> <it= 47> <et=0.46> <Mt= 0.01> <Spt= 0.00> <nCl= 22> <al=0.52> <DB= 1230.8397> <Mlp= 1260.5000> <PB=1000000> 
<DWph=2> <it= 48> <et=0.47> <Mt= 0.00> <Spt= 0.01> <nCl= 22> <al=0.42> <DB= 1242.3401> <Mlp= 1260.0000> <PB=1000000> 
<DWph=2> <it= 49> <et=0.47> <Mt= 0.00> <Spt= 0.00> <nCl= 23> <al=0.48> <DB= 1251.5835> <Mlp= 1260.0000> <PB=1000000> 
<DWph=2> <it= 50> <et=0.47> <Mt= 0.00> <Spt= 0.00> <nCl= 11> <al=0.38> <DB= 1238.6265> <Mlp= 1260.0000> <PB=1000000> 
<DWph=2> <it= 51> <et=0.47> <Mt= 0.00> <Spt= 0.00> <nCl= 18> <al=0.28> <DB= 1256.7491> <Mlp= 1260.0000> <PB=1000000> 
<DWph=2> <it= 52> <et=0.47> <Mt= 0.00> <Spt= 0.00> <nCl=  9> <al=0.18> <DB= 1250.7615> <Mlp= 1259.7500> <PB=1000000> 
<DWph=2> <it= 53> <et=0.47> <Mt= 0.00> <Spt= 0.00> <nCl=  2> <al=0.00> <DB= 1250.7500> <Mlp= 1259.7500> <PB=1000000> 
<DWph=2> <it= 54> <et=0.48> <Mt= 0.00> <Spt= 0.00> <nCl=  2> <al=0.00> <DB= 1259.7500> <Mlp= 1259.7500> <PB=1000000> 
<DWph=1> <it= 55> <et=0.48> <Mt= 0.00> <Spt= 0.00> <nCl= 22> <al=0.00> <DB= 1230.1250> <Mlp= 1259.7500> <PB=1000000> 
<DWph=1> <it= 56> <et=0.48> <Mt= 0.00> <Spt= 0.01> <nCl= 14> <al=0.00> <DB= 1218.8750> <Mlp= 1259.7500> <PB=1000000> 
<DWph=1> <it= 57> <et=0.48> <Mt= 0.00> <Spt= 0.00> <nCl= 10> <al=0.00> <DB= 1229.4167> <Mlp= 1256.4167> <PB=1000000> 
<DWph=1> <it= 58> <et=0.48> <Mt= 0.00> <Spt= 0.00> <nCl= 11> <al=0.00> <DB= 1232.4167> <Mlp= 1256.4167> <PB=1000000> 
<DWph=1> <it= 59> <et=0.49> <Mt= 0.00> <Spt= 0.00> <nCl= 10> <al=0.09> <DB= 1236.9167> <Mlp= 1256.4167> <PB=1000000> 
<DWph=1> <it= 60> <et=0.49> <Mt= 0.00> <Spt= 0.00> <nCl= 10> <al=0.09> <DB= 1227.2976> <Mlp= 1256.4167> <PB=1000000> 
<DWph=1> <it= 61> <et=0.49> <Mt= 0.00> <Spt= 0.01> <nCl= 11> <al=0.18> <DB= 1241.4167> <Mlp= 1256.4167> <PB=1000000> 
<DWph=1> <it= 62> <et=0.49> <Mt= 0.00> <Spt= 0.00> <nCl=  5> <al=0.00> <DB= 1256.4167> <Mlp= 1256.4167> <PB=1000000> 
    RCSP exact solver info for graph G_0 : TT = 0.002823, pt = 7e-06, dt = 0.002366, ct = 0.000207, ndl = 1329', bdl = 23575', odl = 2953', odf = 19191', bsi = 1284', cnt = 4499', bdch = 194636', odch = 28820', lcp = 22002', #sols = 150
<DWph=0> <it= 63> <et=0.50> <Mt= 0.00> <Spt= 0.00> <nCl=114> <al=0.08> <DB= 1223.4167> <Mlp= 1256.4167> <PB=1000000> 
    RCSP exact solver info for graph G_0 : TT = 0.003003, pt = 1.3e-05, dt = 0.002525, ct = 0.000229, ndl = 1437', bdl = 25572', odl = 2995', odf = 20152', bsi = 1305', cnt = 6090', bdch = 219391', odch = 31785', lcp = 23837', #sols = 150
    RCSP exact solver info for graph G_0 : TT = 0.002853, pt = 1.2e-05, dt = 0.002365, ct = 0.000225, ndl = 1417', bdl = 25482', odl = 2995', odf = 20073', bsi = 1294', cnt = 6172', bdch = 218136', odch = 31353', lcp = 23525', #sols = 150
<DWph=0> <it= 64> <et=0.51> <Mt= 0.00> <Spt= 0.01> <nCl= 46> <al=0.00> <DB= 1254.5000> <Mlp= 1254.5000> <PB=1000000> 
RCSP solver dynamic params and stats :  bidir.bord. = 375 aver.obdmd = 23.9375 aver.buck.num. = 26
@@ 1 0 1254.5 0.002639 0.002754 90.9122 0.51
RCSP      solver labels distribution in 299 buckets (bucket size) : largest - 26, top 0.1% - 26, top 0.5% - 20, top 2% - 18, top 10% - 11, top 50% - 3
Reduced cost fixing for graph G_0...  TT = 0.005505, pt = 0.000412, dt = 0.005038, ct = 0, ndl = 3496', bdl = 50435', odl = 3918', odf = 41784', lpcb = 4368', cnt = 112705', bdch = 454881', odch = 89620', lcp = 45923'
20738 buck. arcs remain (98.6% from prev., 89.7% from max.) + 0 jump buck. arcs (0% from max.)
 TT = 0.013334, pt = 0.000412, dt = 0.005038, ct = 0.007775, ndl = 3496', bdl = 50435', odl = 3918', odf = 41784', lpcb = 4368', cnt = 135686', bdch = 454881', odch = 89620', lcp = 45923'
RCSP      solver labels distribution in 599 buckets (bucket size) : largest - 29, top 0.1% - 29, top 0.5% - 24, top 2% - 19, top 10% - 12, top 50% - 5
Run forward enumeration with border = 375... not succeeded (ratio 0.938281) lpt = 0.031747, ndl = 50017', dl = 34266', lpcb = 0', dch = 176120'
 TT = 0.040068, pt = 0.006192, dt = 0.031747, ct = 0, ndl = 50017', bdl = 34266', cnt = 260703', bdch = 176120', odch = 0', lcp = 0'
ColGenEvalAlg final dual bound: 1254.5 (rounded: 1255)
In total 2 RCC cut(s) are found by the connected components heuristic 
Shrinking heuristic shrunk 20 edges
In total 2 RCC cut(s) are found by the Fractional capacity min-cut heuristic 
In total 4 RCC cut(s) are found by the greedy construction heuristic 
----- Add fac. cuts : CAP(8), max.viol = 0.75, aver.viol = 0.375, sep/add took 0.000525216/0.00578305 sec. -----
1728 columns (1728 active), 8 dyn. constrs. (8 active), 70 art. vars. (70 active)
<DWph=2> <it=  1> <et=0.58> <Mt= 0.00> <Spt= 0.00> <nCl= 24> <al=0.50> <DB= 1246.7955> <Mlp= 1284.9091> <PB=1000000> 
<DWph=2> <it=  2> <et=0.58> <Mt= 0.00> <Spt= 0.01> <nCl= 22> <al=0.55> <DB= 1246.7023> <Mlp= 1283.9293> <PB=1000000> 
<DWph=2> <it=  3> <et=0.58> <Mt= 0.00> <Spt= 0.00> <nCl= 23> <al=0.60> <DB= 1239.8251> <Mlp= 1279.9189> <PB=1000000> 
<DWph=2> <it=  4> <et=0.58> <Mt= 0.00> <Spt= 0.00> <nCl= 43> <al=0.27> <DB= 1158.0586> <Mlp= 1279.9153> <PB=1000000> 
<DWph=2> <it=  5> <et=0.59> <Mt= 0.00> <Spt= 0.00> <nCl= 14> <al=0.54> <DB= 1261.8813> <Mlp= 1279.9153> <PB=1000000> 
<DWph=2> <it=  6> <et=0.59> <Mt= 0.00> <Spt= 0.00> <nCl= 13> <al=0.58> <DB= 1270.6441> <Mlp= 1279.9153> <PB=1000000> 
<DWph=2> <it=  7> <et=0.59> <Mt= 0.01> <Spt= 0.00> <nCl= 30> <al=0.62> <DB= 1261.1044> <Mlp= 1279.5000> <PB=1000000> 
<DWph=2> <it=  8> <et=0.59> <Mt= 0.00> <Spt= 0.00> <nCl= 19> <al=0.66> <DB= 1271.8527> <Mlp= 1279.3000> <PB=1000000> 
<DWph=2> <it=  9> <et=0.59> <Mt= 0.00> <Spt= 0.00> <nCl= 11> <al=0.70> <DB= 1274.1223> <Mlp= 1279.3000> <PB=1000000> 
<DWph=2> <it= 10> <et=0.59> <Mt= 0.00> <Spt= 0.01> <nCl= 23> <al=0.73> <DB= 1272.8957> <Mlp= 1279.3000> <PB=1000000> 
<DWph=2> <it= 11> <et=0.60> <Mt= 0.00> <Spt= 0.00> <nCl= 12> <al=0.75> <DB= 1200.2613> <Mlp= 1279.3000> <PB=1000000> 
<DWph=2> <it= 12> <et=0.60> <Mt= 0.00> <Spt= 0.00> <nCl= 16> <al=0.56> <DB= 1187.1750> <Mlp= 1279.3000> <PB=1000000> 
<DWph=2> <it= 13> <et=0.60> <Mt= 0.00> <Spt= 0.00> <nCl= 13> <al=0.00> <DB= 1253.5385> <Mlp= 1279.0385> <PB=1000000> 
<DWph=2> <it= 14> <et=0.61> <Mt= 0.00> <Spt= 0.00> <nCl= 43> <al=0.00> <DB= 1254.2308> <Mlp= 1279.0385> <PB=1000000> 
<DWph=2> <it= 15> <et=0.61> <Mt= 0.00> <Spt= 0.01> <nCl= 25> <al=0.00> <DB= 1277.5385> <Mlp= 1279.0385> <PB=1000000> 
<DWph=2> <it= 16> <et=0.61> <Mt= 0.00> <Spt= 0.00> <nCl=  5> <al=0.00> <DB= 1270.0385> <Mlp= 1279.0385> <PB=1000000> 
<DWph=2> <it= 17> <et=0.61> <Mt= 0.00> <Spt= 0.00> <nCl= 16> <al=0.28> <DB= 1276.2286> <Mlp= 1278.8333> <PB=1000000> 
<DWph=2> <it= 18> <et=0.61> <Mt= 0.00> <Spt= 0.00> <nCl=  0> <al=0.18> <DB= 1276.2286> <Mlp= 1278.7917> <PB=1000000> 
<DWph=1> <it= 19> <et=0.61> <Mt= 0.00> <Spt= 0.00> <nCl= 22> <al=0.18> <DB= 1262.3205> <Mlp= 1278.7917> <PB=1000000> 
<DWph=1> <it= 20> <et=0.62> <Mt= 0.00> <Spt= 0.00> <nCl= 16> <al=0.26> <DB= 1275.3030> <Mlp= 1276.8333> <PB=1000000> 
<DWph=1> <it= 21> <et=0.62> <Mt= 0.00> <Spt= 0.01> <nCl=  3> <al=0.16> <DB= 1273.9113> <Mlp= 1276.8333> <PB=1000000> 
<DWph=1> <it= 22> <et=0.62> <Mt= 0.00> <Spt= 0.00> <nCl=  5> <al=0.00> <DB= 1276.8333> <Mlp= 1276.8333> <PB=1000000> 
    RCSP exact solver info for graph G_0 : TT = 0.002612, pt = 6e-06, dt = 0.002185, ct = 0.000173, ndl = 1292', bdl = 23607', odl = 2867', odf = 18922', bsi = 1236', cnt = 4268', bdch = 189985', odch = 30999', lcp = 21283', #sols = 150
    RCSP exact solver info for graph G_0 : TT = 0.002523, pt = 1.4e-05, dt = 0.002127, ct = 0.000162, ndl = 1292', bdl = 23607', odl = 2867', odf = 18922', bsi = 1236', cnt = 4268', bdch = 189985', odch = 30999', lcp = 21283', #sols = 150
<DWph=0> <it= 23> <et=0.63> <Mt= 0.00> <Spt= 0.01> <nCl= 96> <al=0.00> <DB= 1276.8333> <Mlp= 1276.8333> <PB=1000000> 
RCSP solver dynamic params and stats :  bidir.bord. = 375 aver.obdmd = 23.9375 aver.buck.num. = 26
@@ 1 1 1276.83 0.0023235 0.002358 89.6585 0.63
    Full reduced cost fixing is not called (gap ratio is 0.999978)
ColGenEvalAlg final dual bound: 1276.83 (rounded: 1277)
False gap improvement since the last cut separation : 0.178026 (1254.5)
Current active cuts : CAP(3,381.764)
In total 1 RCC cut(s) are found by the connected components heuristic 
Shrinking heuristic shrunk 20 edges
In total 3 RCC cut(s) are found by the greedy construction heuristic 
----- Add fac. cuts : CAP(4), max.viol = 0.5, aver.viol = 0.25, sep/add took 0.000264081/0.00425909 sec. -----
2222 columns (2222 active), 12 dyn. constrs. (7 active), 74 art. vars. (69 active)
<DWph=2> <it=  1> <et=0.64> <Mt= 0.00> <Spt= 0.00> <nCl= 18> <al=0.00> <DB= 1278.1667> <Mlp= 1278.1667> <PB=1000000> 
<DWph=1> <it=  2> <et=0.65> <Mt= 0.00> <Spt= 0.00> <nCl=  6> <al=0.00> <DB= 1278.1667> <Mlp= 1278.1667> <PB=1000000> 
    RCSP exact solver info for graph G_0 : TT = 0.002491, pt = 7e-06, dt = 0.002099, ct = 0.000176, ndl = 1224', bdl = 22342', odl = 2810', odf = 18576', bsi = 1215', cnt = 4406', bdch = 172510', odch = 28704', lcp = 20173', #sols = 150
    RCSP exact solver info for graph G_0 : TT = 0.002469, pt = 1.2e-05, dt = 0.002081, ct = 0.00016, ndl = 1224', bdl = 22342', odl = 2810', odf = 18576', bsi = 1215', cnt = 4406', bdch = 172510', odch = 28704', lcp = 20173', #sols = 150
<DWph=0> <it=  3> <et=0.65> <Mt= 0.00> <Spt= 0.01> <nCl= 13> <al=0.00> <DB= 1278.1667> <Mlp= 1278.1667> <PB=1000000> 
RCSP solver dynamic params and stats :  bidir.bord. = 375 aver.obdmd = 23.9375 aver.buck.num. = 26
@@ 1 2 1278.17 0.002258 0.002275 89.6585 0.65
    Full reduced cost fixing is not called (gap ratio is 0.999976)
ColGenEvalAlg final dual bound: 1278.17 (rounded: 1279)
False gap improvement since the last cut separation : 0.0104425 (1276.83)
Cut generation tailing off counter increased to 1
Current active cuts : CAP(4,374.417)
In total 1 RCC cut(s) are found by the connected components heuristic 
Shrinking heuristic shrunk 21 edges
----- Add fac. cuts : CAP(1), max.viol = 0.5, aver.viol = 0.5, sep/add took 0.000177179/0.0011744 sec. -----
2259 columns (2259 active), 8 dyn. constrs. (5 active), 75 art. vars. (67 active)
<DWph=2> <it=  1> <et=0.66> <Mt= 0.00> <Spt= 0.00> <nCl=  7> <al=0.00> <DB= 1278.6429> <Mlp= 1278.6429> <PB=1000000> 
<DWph=1> <it=  2> <et=0.66> <Mt= 0.00> <Spt= 0.01> <nCl=  3> <al=0.00> <DB= 1278.6429> <Mlp= 1278.6429> <PB=1000000> 
    RCSP exact solver info for graph G_0 : TT = 0.002532, pt = 6e-06, dt = 0.00207, ct = 0.000193, ndl = 1212', bdl = 22555', odl = 2786', odf = 18388', bsi = 1242', cnt = 3999', bdch = 172491', odch = 28688', lcp = 20026', #sols = 150
    RCSP exact solver info for graph G_0 : TT = 0.003022, pt = 1.3e-05, dt = 0.002517, ct = 0.000179, ndl = 1212', bdl = 22555', odl = 2786', odf = 18388', bsi = 1242', cnt = 3999', bdch = 172491', odch = 28688', lcp = 20026', #sols = 150
<DWph=0> <it=  3> <et=0.67> <Mt= 0.01> <Spt= 0.00> <nCl= 23> <al=0.00> <DB= 1278.6429> <Mlp= 1278.6429> <PB=1000000> 
RCSP solver dynamic params and stats :  bidir.bord. = 375 aver.obdmd = 23.9375 aver.buck.num. = 26
@@ 1 3 1278.64 0.0024795 0.002696 89.6585 0.67
    Full reduced cost fixing is not called (gap ratio is 0.999976)
ColGenEvalAlg final dual bound: 1278.64 (rounded: 1279)
False gap improvement since the last cut separation : 0.00372557 (1278.17)
Cut generation tailing off counter increased to 2
Current active cuts : CAP(5,366.214)
In total 2 RCC cut(s) are found by the connected components heuristic 
Shrinking heuristic shrunk 16 edges
In total 2 RCC cut(s) are found by the Fractional capacity min-cut heuristic 
In total 1 RCC cut(s) are found by the greedy construction heuristic 
----- Add fac. cuts : CAP(5), max.viol = 0.142857, aver.viol = 0.142857, sep/add took 0.000621091/0.00592875 sec. -----
2292 columns (2292 active), 10 dyn. constrs. (10 active), 80 art. vars. (72 active)
<DWph=2> <it=  1> <et=0.68> <Mt= 0.00> <Spt= 0.01> <nCl=  6> <al=0.50> <DB= 1278.4286> <Mlp= 1279.5000> <PB=1000000> 
<DWph=2> <it=  2> <et=0.69> <Mt= 0.00> <Spt= 0.00> <nCl=  6> <al=0.00> <DB= 1279.0000> <Mlp= 1279.0000> <PB=1000000> 
<DWph=1> <it=  3> <et=0.69> <Mt= 0.00> <Spt= 0.00> <nCl=  6> <al=0.00> <DB= 1279.0000> <Mlp= 1279.0000> <PB=1000000> 
    RCSP exact solver info for graph G_0 : TT = 0.002529, pt = 6e-06, dt = 0.002059, ct = 0.000171, ndl = 1171', bdl = 21875', odl = 2773', odf = 18260', bsi = 1211', cnt = 3487', bdch = 164641', odch = 28414', lcp = 19087', #sols = 150
    RCSP exact solver info for graph G_0 : TT = 0.002408, pt = 1.3e-05, dt = 0.001975, ct = 0.000155, ndl = 1171', bdl = 21875', odl = 2773', odf = 18260', bsi = 1211', cnt = 3487', bdch = 164641', odch = 28414', lcp = 19087', #sols = 150
<DWph=0> <it=  4> <et=0.70> <Mt= 0.00> <Spt= 0.01> <nCl=  6> <al=0.00> <DB= 1279.0000> <Mlp= 1279.0000> <PB=1000000> 
RCSP solver dynamic params and stats :  bidir.bord. = 375 aver.obdmd = 23.9375 aver.buck.num. = 26
@@ 1 4 1279 0.00218 0.00223 89.6585 0.7
    Full reduced cost fixing is not called (gap ratio is 0.999975)
ColGenEvalAlg final dual bound: 1279 (rounded: 1279)
False gap improvement since the last cut separation : 0.00279314 (1278.64)
----- Cut separators priority level decreased to 1-----
Current active cuts : CAP(7,350.071)
Shrinking heuristic shrunk 21 edges
32 Rank-1 3-rows pack. cuts added ,  max viol. = 0.333333, aver. viol. = 0.333333
Building structures for heuristic rank-1 packing cut separation...done!
100 Rank-1 4-rows pack. cuts added ,  max viol. = 0.666667, aver. viol. = 0.356667
----- Add fac. cuts : R1C(132), max.viol = 0.666667, aver.viol = 0.35101, sep/add took 0.00569007/0.0762411 sec. -----
2316 columns (2316 active), 142 dyn. constrs. (139 active), 212 art. vars. (201 active)
<DWph=2> <it=  1> <et=0.79> <Mt= 0.00> <Spt= 0.00> <nCl=  9> <al=0.00> <DB= 1280.8438> <Mlp= 1280.8438> <PB=1000000> 
<DWph=1> <it=  2> <et=0.79> <Mt= 0.00> <Spt= 0.01> <nCl=  2> <al=0.00> <DB= 1280.8437> <Mlp= 1280.8437> <PB=1000000> 
    RCSP exact solver info for graph G_0 : TT = 0.003682, pt = 3e-05, dt = 0.003031, ct = 0.000208, ndl = 1287', bdl = 23722', odl = 2905', odf = 19347', bsi = 1209', cnt = 3995', bdch = 189914', odch = 32134', lcp = 20813', #sols = 150
<DWph=0> <it=  3> <et=0.80> <Mt= 0.00> <Spt= 0.00> <nCl= 23> <al=0.30> <DB= 1277.0938> <Mlp= 1280.8437> <PB=1000000> 
    RCSP exact solver info for graph G_0 : TT = 0.003301, pt = 4.5e-05, dt = 0.002778, ct = 0.000217, ndl = 1304', bdl = 23957', odl = 2910', odf = 19437', bsi = 1200', cnt = 4092', bdch = 192054', odch = 32634', lcp = 20789', #sols = 150
    RCSP exact solver info for graph G_0 : TT = 0.003039, pt = 3.5e-05, dt = 0.002454, ct = 0.000222, ndl = 1304', bdl = 23961', odl = 2906', odf = 19401', bsi = 1202', cnt = 4096', bdch = 191975', odch = 32587', lcp = 20777', #sols = 150
<DWph=0> <it=  4> <et=0.81> <Mt= 0.00> <Spt= 0.01> <nCl=  0> <al=0.00> <DB= 1280.8438> <Mlp= 1280.8438> <PB=1000000> 
RCSP solver dynamic params and stats :  bidir.bord. = 375 aver.obdmd = 23.9375 aver.buck.num. = 26 nbR1C = 4 with avMem = 11.25
@@ 1 5 1280.84 0.00297 0.003239 89.6585 0.81
    Full reduced cost fixing is not called (gap ratio is 0.999974)
ColGenEvalAlg final dual bound: 1280.84 (rounded: 1281)
False gap improvement since the last cut separation : 0.0144156 (1279)
Separator R1C not in maximum phase
Cut generation tailing off counter increased to 0
Current active cuts : CAP(7,375.375) R1C(4,7) 3rowPackR1C(3) 4rowPackR1C(1)
In total 1 RCC cut(s) are found by the connected components heuristic 
Shrinking heuristic shrunk 11 edges
In total 1 RCC cut(s) are found by the Fractional capacity min-cut heuristic 
3 Rank-1 1-rows pack. cuts added ,  max viol. = 0.15625, aver. viol. = 0.15625
150 Rank-1 3-rows pack. cuts added ,  max viol. = 0.265625, aver. viol. = 0.15
Building structures for heuristic rank-1 packing cut separation...done!
100 Rank-1 4-rows pack. cuts added ,  max viol. = 0.390625, aver. viol. = 0.278438
100 Rank-1 5-rows pack. cuts added ,  max viol. = 0.390625, aver. viol. = 0.390625
----- Add fac. cuts : CAP(2) R1C(353), max.viol = 0.53125, aver.viol = 0.261004, sep/add took 0.127003/0.243894 sec. -----
2350 columns (2350 active), 494 dyn. constrs. (366 active), 567 art. vars. (428 active)
Shrinking heuristic shrunk 27 edges
<DWph=2> <it=  1> <et=1.19> <Mt= 0.00> <Spt= 0.00> <nCl=  0> <al=0.50> <DB= 1280.8438> <Mlp= 1281.0000> <PB=1281> 
ColGenEvalAlg final dual bound: 1280.84 (rounded: 1281)
Gap improvement since the last cut separation : 1 (1280.84)
Current active cuts : CAP(6,376) R1C(4,9) 3rowPackR1C(2) 4rowPackR1C(1) 5rowPackR1C(1)
New model incumbent solution 1281, TIME = 0h0m1s20t = 120
************************************************************************************************
Search is finished, global bounds : [ 1281 , 1281 ], TIME = 0h0m1s20t = 120
************************************************************************************************
[32mBaPCod : solution defined.[00m
statistics_cols: instance & :Optimal & cutoff & :bcRecRootDb & :bcTimeRootEval & :bcCountNodeProc & :bcRecBestDb & :bcRecBestInc & :bcTimeMain \\
statistics: instance_17-triangle & 1 & 1.0e6 & 1281.00 & 1.20 & 1 & 1281.00 & 1281 & 1.20 \\
########################################################
Route #1: 6 3 24 23 17 12 2 26 15 21 13 1 20 8 
Route #2: 7 28 25 
Route #3: 11 14 18 19 22 27 5 10 4 9 29 16 30 
Cost 1281
########################################################

end_time=2026-04-22 10:48:28
exit_code=0
