instance_file=/mnt/c/Users/porin/OneDrive/Documentos/Python-Mestrado/Modelagem Matemática/Programação Inteira - Uchoa/Problema VRPRDL/instancias_turco/VRPRDL-triangle/cvrp_padrao_convertidos/instance_19-triangle.vrp
instance_name=instance_19-triangle
n_customers=30
k_lb=2
k_ub=30
ub=1000000
timeout_s=3600
start_time=2026-04-22 10:48:39

  Activating project at `~/VRPSolver/VRPSolverDemos`
Application parameters:
  batch  =>  nothing
  instance  =>  "/mnt/c/Users/porin/OneDrive/Documentos/Python-Mestrado/Modelagem Matemática/Programação Inteira - Uchoa/Problema VRPRDL/instancias_turco/VRPRDL-triangle/cvrp_padrao_convertidos/instance_19-triangle.vrp"
  noround  =>  false
  cfg  =>  "/home/poringman/VRPSolver/VRPSolverDemos/src/../config/CVRP.cfg"
  edge_cuts  =>  false
  out  =>  nothing
  ub  =>  1.0e6
  cluster_branching  =>  1.0
  sol  =>  nothing
  single_resource  =>  false
  strong_kpath_cuts  =>  false
  tikz  =>  nothing
  maxr  =>  30
  update  =>  false
  show_complete_form  =>  false
  nosolve  =>  false
  minr  =>  2
  low_edge_priority  =>  false
~~~~~~~~~~~~~~~~~~~~~~~~~~~~~~~~~~~~~~~~~~~~~~~~~~~~~~~~~~~~~~~~~~~~~~~~~~~~~~~~~~~~~
GIT VERSION RCSP: 
GIT BRANCH: 
~~~~~~~~~~~~~~~~~~~~~~~~~~~~~~~~~~~~~~~~~~~~~~~~~~~~~~~~~~~~~~~~~~~~~~~~~~~~~~~~~~~~~
VRPSolver v0.6.16, 10/11/2025, © Inria Bordeaux, France, vrpsolver.math.u-bordeaux.fr
      Corresponds to the solver by Pessoa, Sadykov, Uchoa and Vanderbeck (2020)
                 Paper: dx.doi.org/10.1007/s10107-020-01523-z
~~~~~~~~~~~~~~~~~~~~~~~~~~~~~~~~~~~~~~~~~~~~~~~~~~~~~~~~~~~~~~~~~~~~~~~~~~~~~~~~~~~~~
GIT VERSION BAPCOD: a7cb21f19424236c9d0da5dcf94961797a519470
GIT BRANCH: main
~~~~~~~~~~~~~~~~~~~~~~~~~~~~~~~~~~~~~~~~~~~~~~~~~~~~~~~~~~~~~~~~~~~~~~~~~~~~~~~~~~~~~
   BaPCod v0.84, 10/11/2025, © Inria Bordeaux, France, bapcod.math.u-bordeaux.fr 
           THIS CODE IS PROVIDED AS IS, USE IT AT YOUR OWN RISK
~~~~~~~~~~~~~~~~~~~~~~~~~~~~~~~~~~~~~~~~~~~~~~~~~~~~~~~~~~~~~~~~~~~~~~~~~~~~~~~~~~~~~
--- MAIN PARAMETERS ---
GlobalTimeLimitInTick = 2147483645
GlobalTimeLimit = 21474836
ClockType = 0
MaxNbOfBBtreeNodeTreated = 100000
optimalityGapTolerance = 1e-06
relOptimalityGapTolerance = 1e-09
ApplyPreprocessing = false
PreprocessVariablesLocalBounds = false
treeSearchStrategy = 1
OpenNodesLimit = 1000
DEFAULTPRINTLEVEL = 0
--- MIP SOLVER PARAMETERS ---
solverName = CPLEX_SOLVER
MipSolverMaxBBNodes = 2000000
MipSolverMaxTime = 360000
MipSolverMultiThread = 1
--- COLUMN GENERATION PARAMETERS ---
SolverSelectForMast = a
  colGenSubProbSolMode = customSolver
mastInitMode = localArtCol
ArtVarPenaltyUpdateFactor = 2
ArtVarMaxNbOfPenaltyUpdates = 5
MaxNbOfStagesInColGenProcedure = 3
GenerateProperColumns = false
InsertAllGeneratedColumnsInFormRatherThanInPool = true
InsertNewNonNegColumnsDirectlyInFormRatherThanInPool = true
ColumnCleanupThreshold = 10000
ColumnCleanupRatio = 0.66
ReducedCostFixingThreshold = 0.9
--- CUT GENERATION PARAMETERS ---
MasterCuttingPlanesDepthLimit = 1000
MaxNbOfCutGeneratedAtEachIter = 1000
CutTailingOffThreshold = 0.015
CutTailingOffCounterThreshold = 3
CutCleanupThreshold = 1
CutCleanupRatio = 0.66
ColGenSpRelaxationImprovementPriority = 0
--- STABILIZATION PARAMETERS ---
colGenDualPriceSmoothingAlphaFactor = 1
colGenDualPriceSmoothingBetaFactor = 0
colGenStabilizationFunctionType = none
colGenProximalStabilizationRule = undefined
StabilFuncKappa = 1
colGenStabilizationMaxTreeDepth = 10000
StabilizationMinPhaseOfStage = 0
--- PRIMAL HEURISTIC PARAMETERS ---
UseInitialPrimalHeur = false
MaxTimeForRestrictedMasterIpHeur = -1
CallFrequencyOfRestrictedMasterIpHeur = 5
MIPemphasisInRestrictedMasterIpHeur = 1
PolishingAfterTimeInRestrictedMasterIpHeur = -1
DivingHeurUseDepthLimit = -1
CallFrequencyOfDivingHeur = 1
LeastFractional
Closest2RoundUp
LeastGreedyCost
LeastCost
FixIntValBeforeRoundingHeur = true
MaxNbOfCgIteDuringRh = 5000
MaxLDSbreadth = 0
MaxLDSdepth = 0
DivingHeurStopsWithFirstFeasSol = false
DivingHeurPreprocessBeforeChoosingVar = false
StrongDivingCandidatesNumber = 1
EvalAlgParamsInDiving = max#cand. = 1 max#cg.iters = 10000 min.lvl.sp.restr. = 1 min#cut.rounds = 0 max#cut.rounds = 0 red.cost.fix&enum. = false tree.size.ratio = 1
LocalSearchHeurUseDepthLimit = -1
LeastFractional
Closest2RoundUp
LeastGreedyCost
LeastCost
MaxFactorOfColFixedByLocalSearchHeur = 0.8
MaxLocalSearchIterationCounter = 3
--- STRONG BRANCHING PARAMETERS ---
SimplifiedStrongBranchingParameterisation = true
StrongBranchingPhaseOneCandidatesNumber = 100
StrongBranchingPhaseOneTreeSizeEstimRatio = 0.2
StrongBranchingPhaseTwoCandidatesNumber = 3
StrongBranchingPhaseTwoTreeSizeEstimRatio = 0.02
SafeDualBoundScaleFactor = -1
StrongBranchingPhaseOne = max#cand. = 100 max#cg.iters = 0 min.lvl.sp.restr. = 0 min#cut.rounds = 0 max#cut.rounds = 0 red.cost.fix&enum. = false tree.size.ratio = 0.2
StrongBranchingPhaseTwo = max#cand. = 3 max#cg.iters = 10000 min.lvl.sp.restr. = 1 min#cut.rounds = 0 max#cut.rounds = 0 red.cost.fix&enum. = false tree.size.ratio = 0.02
StrongBranchingPhaseThree = max#cand. = 1 max#cg.iters = 10000 min.lvl.sp.restr. = 0 min#cut.rounds = 0 max#cut.rounds = 10000 red.cost.fix&enum. = true tree.size.ratio = 1
StrongBranchingPhaseFour =not active
--- DEBUG OUTPUT PARAMETERS ---
printMasterPrimalSols = 0
--- VRPSOLVER PARAMETERS ---
RCSPstopCutGenTimeThresholdInPricing = 10
RCSPhardTimeThresholdInPricing = 25
RCSPredCostFixingTimeThreshold = 100
RCSPnumberOfBucketsPerVertex = 25
RCSPdynamicBucketSteps = 1
RCSPuseBidirectionalSearch = 2
RCSPapplyReducedCostFixing = 1
RCSPmaxNumOfColsPerIteration = 30
RCSPmaxNumOfColsPerExactIteration = 150
RCSPmaxNumOfLabelsInEnumeration = 500000
RCSPmaxNumOfLabelsInHeurEnumeration = 0
RCSPmaxNumOfEnumeratedSolutions = 5000000
RCSPmaxNumOfEnumSolutionsForMIP = 10000
RCSPmaxNumOfEnumSolsForEndOfNodeMIP = 10000
RCSPinitNGneighbourhoodSize = 8
RCSPmaxNGneighbourhoodSize = 8
RCSPrankOneCutsMaxNumRows = 5
RCSPrankOneCutsMaxNumPerRound = 100
RCSPrankOneCutsMemoryType = 0
RCSPrankOneCutsLSnumIterations = 1000
RCSPallowRoutesWithSameVerticesSet = true
RCSPredCostFixingFalseGap = 0
SafeDualBoundScaleFactor = -1
RCSPmaxNumOfLabelsInHeurEnumeration = 0
MaxNumEnumSolsInRestrictedMasterIpHeur = 5000

prName & bcTimeMain \\ 
New model incumbent solution 1e+06, TIME = 0h0m0s41t = 41
RCSP solver info : size of non-robust cut bitmask in a label is 640 bits
Bucket steps were recalculated for graph G_0 : [30]
RCSP solver info : symmetric case is detected for graph G_0! 
Bidirectional border value is initialised to 375
RCSP solver info : number of forw. reachable buckets / buck. strongly connected components is 800( 96.1538% ) / 725( 90.625% )
RCSP solver info: std. label size is 56, ext. label size is 136
Generating neighbourhoods for rank-1 cuts separation
Building structures for 4- and 5-row rank-1 packing cut separation...done!
Model is built TIME = 0h0m0s41t = 41
************************************************************************************************
**** BaB tree root node
**** Local DB = -1e+12, global bounds : [ -1e+12 , 1e+06 ], TIME = 0h0m0s41t = 41
**** 1 open nodes, 0 columns (0 active), 0 dyn. constrs. (0 active), 62 art. vars. (62 active)
************************************************************************************************
--------------------------------------------------------------------------
BaPCod info : first we run the root node with rank-1 cuts with node memory
--------------------------------------------------------------------------
#<DWph=2> <it=  1> <et=0.41> <Mt= 0.00> <Spt= 0.00> <nCl= 30> <al=0.00> <DB=-1655969640.0000> <Mlp=74400000.0000> <PB=1000000> 
#<DWph=2> <it=  2> <et=0.41> <Mt= 0.00> <Spt= 0.00> <nCl= 30> <al=0.55> <DB=-1658758745.5500> <Mlp=68133454.3333> <PB=1000000> 
#<DWph=2> <it=  3> <et=0.41> <Mt= 0.00> <Spt= 0.00> <nCl= 30> <al=0.60> <DB=-1617748714.9050> <Mlp=60489304.5556> <PB=1000000> 
#<DWph=2> <it=  4> <et=0.41> <Mt= 0.00> <Spt= 0.00> <nCl= 30> <al=0.50> <DB=-1281262612.2076> <Mlp=56550158.6468> <PB=1000000> 
#<DWph=2> <it=  5> <et=0.41> <Mt= 0.00> <Spt= 0.00> <nCl= 30> <al=0.55> <DB=-1127583451.2001> <Mlp=56243010.0675> <PB=1000000> 
#<DWph=2> <it=  6> <et=0.42> <Mt= 0.00> <Spt= 0.00> <nCl= 30> <al=0.59> <DB=-1100641919.0022> <Mlp=45096600.9333> <PB=1000000> 
#<DWph=2> <it=  7> <et=0.42> <Mt= 0.00> <Spt= 0.00> <nCl= 30> <al=0.63> <DB=-1117954520.4901> <Mlp=36209046.3318> <PB=1000000> 
#<DWph=2> <it=  8> <et=0.42> <Mt= 0.00> <Spt= 0.00> <nCl= 30> <al=0.67> <DB=-1107923748.0303> <Mlp=31643435.4282> <PB=1000000> 
#<DWph=2> <it=  9> <et=0.42> <Mt= 0.00> <Spt= 0.00> <nCl= 30> <al=0.70> <DB=-991931440.9214> <Mlp=25857158.4029> <PB=1000000> 
#<DWph=2> <it= 10> <et=0.42> <Mt= 0.00> <Spt= 0.00> <nCl= 30> <al=0.60> <DB=-903392879.9741> <Mlp=19359769.9053> <PB=1000000> 
#<DWph=2> <it= 11> <et=0.42> <Mt= 0.00> <Spt= 0.01> <nCl= 30> <al=0.64> <DB=-832812685.1298> <Mlp=15115873.6819> <PB=1000000> 
#<DWph=2> <it= 12> <et=0.42> <Mt= 0.00> <Spt= 0.00> <nCl= 30> <al=0.54> <DB=-764813382.0053> <Mlp=10855305.6004> <PB=1000000> 
#<DWph=2> <it= 13> <et=0.43> <Mt= 0.00> <Spt= 0.00> <nCl= 30> <al=0.59> <DB=-728363836.2706> <Mlp=7267151.7294> <PB=1000000> 
#<DWph=2> <it= 14> <et=0.43> <Mt= 0.00> <Spt= 0.00> <nCl= 30> <al=0.63> <DB=-675363220.5414> <Mlp=4700100.4883> <PB=1000000> 
#<DWph=2> <it= 15> <et=0.43> <Mt= 0.00> <Spt= 0.00> <nCl= 30> <al=0.67> <DB=-440170425.5864> <Mlp=13688.9663> <PB=1000000> 
#<DWph=2> <it= 16> <et=0.43> <Mt= 0.00> <Spt= 0.00> <nCl= 30> <al=0.57> <DB=-241843876.3342> <Mlp=11962.6750> <PB=1000000> 
#<DWph=2> <it= 17> <et=0.43> <Mt= 0.00> <Spt= 0.00> <nCl= 30> <al=0.47> <DB=-90314335.5793> <Mlp=11800.7045> <PB=1000000> 
#<DWph=2> <it= 18> <et=0.43> <Mt= 0.00> <Spt= 0.00> <nCl= 30> <al=0.37> <DB=-12423616.1341> <Mlp=11566.2895> <PB=1000000> 
#<DWph=2> <it= 19> <et=0.43> <Mt= 0.00> <Spt= 0.00> <nCl= 30> <al=0.27> <DB=-2149760.8302> <Mlp=10424.3074> <PB=1000000> 
<DWph=2> <it= 20> <et=0.43> <Mt= 0.00> <Spt= 0.00> <nCl= 30> <al=0.00> <DB=-63638.8672> <Mlp= 2361.3547> <PB=1000000> 
<DWph=2> <it= 21> <et=0.44> <Mt= 0.00> <Spt= 0.00> <nCl= 30> <al=0.07> <DB=-35992.2039> <Mlp= 2269.5460> <PB=1000000> 
<DWph=2> <it= 22> <et=0.44> <Mt= 0.00> <Spt= 0.01> <nCl= 30> <al=0.00> <DB=-27026.5815> <Mlp= 2198.6693> <PB=1000000> 
<DWph=2> <it= 23> <et=0.44> <Mt= 0.00> <Spt= 0.00> <nCl= 30> <al=0.00> <DB=-25791.9741> <Mlp= 2091.2014> <PB=1000000> 
<DWph=2> <it= 24> <et=0.44> <Mt= 0.00> <Spt= 0.00> <nCl= 30> <al=0.00> <DB=-32043.8118> <Mlp= 1979.4557> <PB=1000000> 
<DWph=2> <it= 25> <et=0.44> <Mt= 0.00> <Spt= 0.00> <nCl= 30> <al=0.08> <DB=-19217.9009> <Mlp= 1918.3908> <PB=1000000> 
<DWph=2> <it= 26> <et=0.44> <Mt= 0.00> <Spt= 0.00> <nCl= 30> <al=0.00> <DB=-23172.2593> <Mlp= 1841.1128> <PB=1000000> 
<DWph=2> <it= 27> <et=0.44> <Mt= 0.00> <Spt= 0.00> <nCl= 30> <al=0.08> <DB=-17659.9642> <Mlp= 1826.7811> <PB=1000000> 
<DWph=2> <it= 28> <et=0.44> <Mt= 0.00> <Spt= 0.00> <nCl= 30> <al=0.17> <DB=-13871.7130> <Mlp= 1796.4061> <PB=1000000> 
<DWph=2> <it= 29> <et=0.45> <Mt= 0.00> <Spt= 0.00> <nCl= 30> <al=0.26> <DB=-12328.7530> <Mlp= 1745.4425> <PB=1000000> 
<DWph=2> <it= 30> <et=0.45> <Mt= 0.00> <Spt= 0.00> <nCl= 30> <al=0.33> <DB=-10226.5604> <Mlp= 1644.6742> <PB=1000000> 
<DWph=2> <it= 31> <et=0.45> <Mt= 0.00> <Spt= 0.01> <nCl= 30> <al=0.40> <DB=-7901.5414> <Mlp= 1571.4136> <PB=1000000> 
<DWph=2> <it= 32> <et=0.45> <Mt= 0.00> <Spt= 0.00> <nCl= 30> <al=0.46> <DB=-8469.4455> <Mlp= 1484.4411> <PB=1000000> 
<DWph=2> <it= 33> <et=0.45> <Mt= 0.01> <Spt= 0.00> <nCl= 30> <al=0.51> <DB=-5062.6527> <Mlp= 1446.0494> <PB=1000000> 
<DWph=2> <it= 34> <et=0.45> <Mt= 0.00> <Spt= 0.00> <nCl= 30> <al=0.56> <DB=-4142.3052> <Mlp= 1415.2434> <PB=1000000> 
<DWph=2> <it= 35> <et=0.46> <Mt= 0.00> <Spt= 0.00> <nCl= 30> <al=0.61> <DB=-4013.6966> <Mlp= 1372.2226> <PB=1000000> 
<DWph=2> <it= 36> <et=0.46> <Mt= 0.00> <Spt= 0.00> <nCl= 30> <al=0.64> <DB=-3512.3668> <Mlp= 1341.1472> <PB=1000000> 
<DWph=2> <it= 37> <et=0.46> <Mt= 0.00> <Spt= 0.00> <nCl= 30> <al=0.68> <DB=-2350.5205> <Mlp= 1298.8062> <PB=1000000> 
<DWph=2> <it= 38> <et=0.46> <Mt= 0.00> <Spt= 0.00> <nCl= 30> <al=0.58> <DB=-1096.3126> <Mlp= 1280.0921> <PB=1000000> 
<DWph=2> <it= 39> <et=0.46> <Mt= 0.00> <Spt= 0.00> <nCl= 30> <al=0.48> <DB= -733.5519> <Mlp= 1268.3434> <PB=1000000> 
<DWph=2> <it= 40> <et=0.47> <Mt= 0.00> <Spt= 0.01> <nCl= 30> <al=0.53> <DB= -477.2090> <Mlp= 1268.3434> <PB=1000000> 
<DWph=2> <it= 41> <et=0.47> <Mt= 0.00> <Spt= 0.00> <nCl= 30> <al=0.58> <DB= -200.6873> <Mlp= 1268.3434> <PB=1000000> 
<DWph=2> <it= 42> <et=0.47> <Mt= 0.00> <Spt= 0.00> <nCl= 30> <al=0.48> <DB=  -57.7784> <Mlp= 1260.9596> <PB=1000000> 
<DWph=2> <it= 43> <et=0.47> <Mt= 0.00> <Spt= 0.00> <nCl= 29> <al=0.53> <DB= -523.1550> <Mlp= 1253.4226> <PB=1000000> 
<DWph=2> <it= 44> <et=0.47> <Mt= 0.00> <Spt= 0.00> <nCl= 30> <al=0.58> <DB=  -59.0014> <Mlp= 1247.9156> <PB=1000000> 
<DWph=2> <it= 45> <et=0.47> <Mt= 0.00> <Spt= 0.00> <nCl= 29> <al=0.62> <DB=  155.1729> <Mlp= 1244.8885> <PB=1000000> 
<DWph=2> <it= 46> <et=0.48> <Mt= 0.00> <Spt= 0.00> <nCl= 30> <al=0.66> <DB=   32.9382> <Mlp= 1240.4564> <PB=1000000> 
<DWph=2> <it= 47> <et=0.48> <Mt= 0.00> <Spt= 0.00> <nCl= 30> <al=0.56> <DB=  510.3529> <Mlp= 1239.2095> <PB=1000000> 
<DWph=2> <it= 48> <et=0.48> <Mt= 0.00> <Spt= 0.01> <nCl= 30> <al=0.60> <DB=  463.7676> <Mlp= 1228.2055> <PB=1000000> 
<DWph=2> <it= 49> <et=0.48> <Mt= 0.00> <Spt= 0.00> <nCl= 29> <al=0.64> <DB=  584.4774> <Mlp= 1226.5527> <PB=1000000> 
<DWph=2> <it= 50> <et=0.48> <Mt= 0.00> <Spt= 0.00> <nCl= 26> <al=0.54> <DB=  628.5877> <Mlp= 1225.0132> <PB=1000000> 
<DWph=2> <it= 51> <et=0.49> <Mt= 0.01> <Spt= 0.00> <nCl= 30> <al=0.44> <DB=  -78.4060> <Mlp= 1217.0000> <PB=1000000> 
<DWph=2> <it= 52> <et=0.49> <Mt= 0.00> <Spt= 0.00> <nCl= 30> <al=0.50> <DB=  267.4023> <Mlp= 1217.0000> <PB=1000000> 
<DWph=2> <it= 53> <et=0.49> <Mt= 0.00> <Spt= 0.00> <nCl= 29> <al=0.55> <DB=  768.6886> <Mlp= 1217.0000> <PB=1000000> 
<DWph=2> <it= 54> <et=0.49> <Mt= 0.00> <Spt= 0.00> <nCl= 29> <al=0.59> <DB=  811.7343> <Mlp= 1217.0000> <PB=1000000> 
<DWph=2> <it= 55> <et=0.49> <Mt= 0.00> <Spt= 0.00> <nCl= 30> <al=0.49> <DB=  946.7631> <Mlp= 1217.0000> <PB=1000000> 
<DWph=2> <it= 56> <et=0.50> <Mt= 0.00> <Spt= 0.00> <nCl= 30> <al=0.39> <DB=  392.1466> <Mlp= 1217.0000> <PB=1000000> 
<DWph=2> <it= 57> <et=0.50> <Mt= 0.00> <Spt= 0.01> <nCl= 30> <al=0.45> <DB=  809.8961> <Mlp= 1217.0000> <PB=1000000> 
<DWph=2> <it= 58> <et=0.50> <Mt= 0.01> <Spt= 0.00> <nCl= 30> <al=0.51> <DB=  822.3226> <Mlp= 1216.3434> <PB=1000000> 
<DWph=2> <it= 59> <et=0.51> <Mt= 0.00> <Spt= 0.00> <nCl= 29> <al=0.56> <DB=  733.4084> <Mlp= 1216.2410> <PB=1000000> 
<DWph=2> <it= 60> <et=0.51> <Mt= 0.00> <Spt= 0.00> <nCl= 29> <al=0.60> <DB=  795.4443> <Mlp= 1216.0424> <PB=1000000> 
<DWph=2> <it= 61> <et=0.51> <Mt= 0.00> <Spt= 0.00> <nCl= 29> <al=0.50> <DB=  862.7579> <Mlp= 1214.8331> <PB=1000000> 
<DWph=2> <it= 62> <et=0.51> <Mt= 0.00> <Spt= 0.00> <nCl= 25> <al=0.55> <DB= 1005.1272> <Mlp= 1214.5984> <PB=1000000> 
<DWph=2> <it= 63> <et=0.51> <Mt= 0.00> <Spt= 0.00> <nCl= 30> <al=0.45> <DB= 1021.0353> <Mlp= 1214.5984> <PB=1000000> 
<DWph=2> <it= 64> <et=0.52> <Mt= 0.00> <Spt= 0.00> <nCl= 26> <al=0.51> <DB= 1115.9817> <Mlp= 1213.3071> <PB=1000000> 
<DWph=2> <it= 65> <et=0.52> <Mt= 0.00> <Spt= 0.01> <nCl= 26> <al=0.56> <DB= 1160.8946> <Mlp= 1213.3071> <PB=1000000> 
<DWph=2> <it= 66> <et=0.52> <Mt= 0.00> <Spt= 0.00> <nCl= 27> <al=0.46> <DB= 1007.0147> <Mlp= 1213.2939> <PB=1000000> 
<DWph=2> <it= 67> <et=0.52> <Mt= 0.00> <Spt= 0.00> <nCl=  7> <al=0.51> <DB= 1125.4733> <Mlp= 1213.2939> <PB=1000000> 
<DWph=2> <it= 68> <et=0.52> <Mt= 0.00> <Spt= 0.00> <nCl= 15> <al=0.41> <DB= 1105.4305> <Mlp= 1213.2939> <PB=1000000> 
<DWph=2> <it= 69> <et=0.52> <Mt= 0.00> <Spt= 0.00> <nCl= 29> <al=0.31> <DB=  993.6723> <Mlp= 1213.1856> <PB=1000000> 
<DWph=2> <it= 70> <et=0.52> <Mt= 0.00> <Spt= 0.00> <nCl= 25> <al=0.38> <DB=  898.1530> <Mlp= 1213.0000> <PB=1000000> 
<DWph=2> <it= 71> <et=0.53> <Mt= 0.00> <Spt= 0.00> <nCl= 22> <al=0.44> <DB= 1145.5561> <Mlp= 1213.0000> <PB=1000000> 
<DWph=2> <it= 72> <et=0.53> <Mt= 0.00> <Spt= 0.00> <nCl= 16> <al=0.34> <DB= 1184.4606> <Mlp= 1212.9826> <PB=1000000> 
<DWph=2> <it= 73> <et=0.53> <Mt= 0.00> <Spt= 0.00> <nCl= 22> <al=0.24> <DB= 1160.3211> <Mlp= 1212.9826> <PB=1000000> 
<DWph=2> <it= 74> <et=0.53> <Mt= 0.00> <Spt= 0.01> <nCl= 11> <al=0.32> <DB= 1204.4267> <Mlp= 1212.9714> <PB=1000000> 
<DWph=2> <it= 75> <et=0.53> <Mt= 0.00> <Spt= 0.00> <nCl= 12> <al=0.22> <DB= 1179.6475> <Mlp= 1212.9714> <PB=1000000> 
<DWph=2> <it= 76> <et=0.53> <Mt= 0.00> <Spt= 0.00> <nCl= 26> <al=0.12> <DB= 1183.7046> <Mlp= 1212.9714> <PB=1000000> 
<DWph=2> <it= 77> <et=0.54> <Mt= 0.00> <Spt= 0.00> <nCl= 12> <al=0.02> <DB= 1198.7392> <Mlp= 1212.9474> <PB=1000000> 
<DWph=2> <it= 78> <et=0.54> <Mt= 0.00> <Spt= 0.00> <nCl= 29> <al=0.00> <DB= 1183.7368> <Mlp= 1212.9474> <PB=1000000> 
<DWph=2> <it= 79> <et=0.54> <Mt= 0.00> <Spt= 0.00> <nCl= 16> <al=0.00> <DB= 1212.5526> <Mlp= 1212.9474> <PB=1000000> 
<DWph=2> <it= 80> <et=0.54> <Mt= 0.01> <Spt= 0.01> <nCl=  0> <al=0.00> <DB= 1212.9474> <Mlp= 1212.9474> <PB=1000000> 
<DWph=1> <it= 81> <et=0.55> <Mt= 0.00> <Spt= 0.00> <nCl= 30> <al=0.00> <DB= 1138.3421> <Mlp= 1212.9474> <PB=1000000> 
<DWph=1> <it= 82> <et=0.55> <Mt= 0.00> <Spt= 0.00> <nCl= 30> <al=0.00> <DB= 1053.7572> <Mlp= 1212.0000> <PB=1000000> 
<DWph=1> <it= 83> <et=0.55> <Mt= 0.00> <Spt= 0.00> <nCl= 27> <al=0.00> <DB= 1177.7746> <Mlp= 1212.0000> <PB=1000000> 
<DWph=1> <it= 84> <et=0.56> <Mt= 0.00> <Spt= 0.01> <nCl= 26> <al=0.04> <DB= 1150.6023> <Mlp= 1212.0000> <PB=1000000> 
<DWph=1> <it= 85> <et=0.56> <Mt= 0.00> <Spt= 0.00> <nCl= 16> <al=0.14> <DB= 1182.5379> <Mlp= 1212.0000> <PB=1000000> 
<DWph=1> <it= 86> <et=0.56> <Mt= 0.00> <Spt= 0.00> <nCl= 14> <al=0.04> <DB= 1209.6528> <Mlp= 1212.0000> <PB=1000000> 
<DWph=1> <it= 87> <et=0.57> <Mt= 0.00> <Spt= 0.01> <nCl=  7> <al=0.00> <DB= 1212.0000> <Mlp= 1212.0000> <PB=1000000> 
    RCSP exact solver info for graph G_0 : TT = 0.004832, pt = 7e-06, dt = 0.004312, ct = 0.000248, ndl = 2440', bdl = 47546', odl = 3651', odf = 23191', bsi = 1285', cnt = 8004', bdch = 534923', odch = 61530', lcp = 53798', #sols = 150
<DWph=0> <it= 88> <et=0.58> <Mt= 0.00> <Spt= 0.00> <nCl=129> <al=0.03> <DB=  967.5000> <Mlp= 1212.0000> <PB=1000000> 
    RCSP exact solver info for graph G_0 : TT = 0.00428, pt = 2.6e-05, dt = 0.003791, ct = 0.000142, ndl = 1984', bdl = 40889', odl = 3144', odf = 19093', bsi = 971', cnt = 2551', bdch = 374636', odch = 43814', lcp = 36026', #sols = 150
<DWph=0> <it= 89> <et=0.59> <Mt= 0.00> <Spt= 0.01> <nCl=150> <al=0.13> <DB=  661.1143> <Mlp= 1211.1791> <PB=1000000> 
    RCSP exact solver info for graph G_0 : TT = 0.004345, pt = 1.7e-05, dt = 0.003784, ct = 0.000229, ndl = 2027', bdl = 41265', odl = 3520', odf = 22277', bsi = 1178', cnt = 5197', bdch = 418682', odch = 54606', lcp = 41646', #sols = 150
<DWph=0> <it= 90> <et=0.59> <Mt= 0.00> <Spt= 0.01> <nCl= 97> <al=0.22> <DB= 1207.2309> <Mlp= 1211.1791> <PB=1000000> 
    RCSP exact solver info for graph G_0 : TT = 0.005164, pt = 3.3e-05, dt = 0.004597, ct = 0.000221, ndl = 2017', bdl = 40299', odl = 3571', odf = 22270', bsi = 1166', cnt = 5659', bdch = 401354', odch = 55870', lcp = 44357', #sols = 150
<DWph=0> <it= 91> <et=0.60> <Mt= 0.00> <Spt= 0.01> <nCl=150> <al=0.12> <DB= 1191.2234> <Mlp= 1211.1154> <PB=1000000> 
    RCSP exact solver info for graph G_0 : TT = 0.004494, pt = 1.7e-05, dt = 0.003976, ct = 0.000211, ndl = 2202', bdl = 44000', odl = 3684', odf = 24370', bsi = 1207', cnt = 7464', bdch = 474019', odch = 65323', lcp = 48167', #sols = 150
<DWph=0> <it= 92> <et=0.61> <Mt= 0.00> <Spt= 0.00> <nCl= 72> <al=0.20> <DB= 1207.1882> <Mlp= 1211.1154> <PB=1000000> 
    RCSP exact solver info for graph G_0 : TT = 0.00662, pt = 1.7e-05, dt = 0.005966, ct = 0.000213, ndl = 2279', bdl = 45971', odl = 3722', odf = 24480', bsi = 1231', cnt = 7991', bdch = 501613', odch = 68612', lcp = 50921', #sols = 150
    RCSP exact solver info for graph G_0 : TT = 0.004257, pt = 1.4e-05, dt = 0.003701, ct = 0.000214, ndl = 2089', bdl = 41590', odl = 3611', odf = 23555', bsi = 1230', cnt = 7092', bdch = 421278', odch = 59949', lcp = 44609', #sols = 150
<DWph=0> <it= 93> <et=0.63> <Mt= 0.01> <Spt= 0.02> <nCl= 57> <al=0.00> <DB= 1209.3846> <Mlp= 1211.1154> <PB=1000000> 
    RCSP exact solver info for graph G_0 : TT = 0.004708, pt = 1.8e-05, dt = 0.004117, ct = 0.000213, ndl = 2215', bdl = 44491', odl = 3662', odf = 24525', bsi = 1276', cnt = 7623', bdch = 466310', odch = 66289', lcp = 47984', #sols = 150
    RCSP exact solver info for graph G_0 : TT = 0.004252, pt = 1.3e-05, dt = 0.003709, ct = 0.000217, ndl = 2039', bdl = 40697', odl = 3570', odf = 23007', bsi = 1229', cnt = 6763', bdch = 404855', odch = 57700', lcp = 43152', #sols = 150
<DWph=0> <it= 94> <et=0.64> <Mt= 0.00> <Spt= 0.01> <nCl=  7> <al=0.00> <DB= 1211.1154> <Mlp= 1211.1154> <PB=1000000> 
RCSP solver dynamic params and stats :  bidir.bord. = 375 aver.obdmd = 24.0312 aver.buck.num. = 26
@@ 1 0 1211.12 0.004429 0.006179 91.9595 0.64
RCSP      solver labels distribution in 314 buckets (bucket size) : largest - 27, top 0.1% - 27, top 0.5% - 26, top 2% - 22, top 10% - 15, top 50% - 4
Reduced cost fixing for graph G_0...  TT = 0.006665, pt = 0.000434, dt = 0.00619, ct = 0, ndl = 4711', bdl = 64669', odl = 3964', odf = 46707', lpcb = 5273', cnt = 169521', bdch = 646316', odch = 148228', lcp = 64765'
21150 buck. arcs remain (99% from prev., 91.1% from max.) + 0 jump buck. arcs (0% from max.)
 TT = 0.014711, pt = 0.000434, dt = 0.00619, ct = 0.008002, ndl = 4711', bdl = 64669', odl = 3964', odf = 46707', lpcb = 5273', cnt = 195316', bdch = 646316', odch = 148228', lcp = 64765'
RCSP      solver labels distribution in 634 buckets (bucket size) : largest - 28, top 0.1% - 28, top 0.5% - 26, top 2% - 23, top 10% - 16, top 50% - 6
Run forward enumeration with border = 375... not succeeded (ratio 0.9405) lpt = 0.03012, ndl = 50017', dl = 31269', lpcb = 0', dch = 165112'
 TT = 0.03803, pt = 0.005755, dt = 0.03012, ct = 0, ndl = 50017', bdl = 31269', cnt = 276818', bdch = 165112', odch = 0', lcp = 0'
ColGenEvalAlg final dual bound: 1211.12 (rounded: 1212)
In total 1 RCC cut(s) are found by the connected components heuristic 
Shrinking heuristic shrunk 12 edges
In total 6 RCC cut(s) are found by the Fractional capacity min-cut heuristic 
In total 20 RCC cut(s) are found by the greedy construction heuristic 
----- Add fac. cuts : CAP(27), max.viol = 0.519231, aver.viol = 0.10114, sep/add took 0.00135879/0.0377861 sec. -----
3006 columns (3006 active), 27 dyn. constrs. (27 active), 89 art. vars. (89 active)
<DWph=2> <it=  1> <et=0.75> <Mt= 0.00> <Spt= 0.00> <nCl= 29> <al=0.50> <DB= 1215.7500> <Mlp= 1219.0000> <PB=1000000> 
<DWph=2> <it=  2> <et=0.75> <Mt= 0.00> <Spt= 0.01> <nCl= 26> <al=0.55> <DB= 1188.4394> <Mlp= 1219.0000> <PB=1000000> 
<DWph=2> <it=  3> <et=0.75> <Mt= 0.00> <Spt= 0.00> <nCl= 24> <al=0.60> <DB= 1209.8584> <Mlp= 1218.7687> <PB=1000000> 
<DWph=2> <it=  4> <et=0.76> <Mt= 0.00> <Spt= 0.00> <nCl= 46> <al=0.27> <DB= 1216.3894> <Mlp= 1217.5000> <PB=1000000> 
<DWph=2> <it=  5> <et=0.76> <Mt= 0.01> <Spt= 0.00> <nCl= 29> <al=0.54> <DB= 1213.8058> <Mlp= 1217.5000> <PB=1000000> 
<DWph=2> <it=  6> <et=0.76> <Mt= 0.00> <Spt= 0.01> <nCl= 12> <al=0.58> <DB= 1217.6014> <Mlp= 1217.5000> <PB=1000000> 
<DWph=1> <it=  7> <et=0.77> <Mt= 0.00> <Spt= 0.00> <nCl= 22> <al=0.62> <DB= 1185.8296> <Mlp= 1217.5000> <PB=1000000> 
<DWph=1> <it=  8> <et=0.78> <Mt= 0.00> <Spt= 0.00> <nCl= 20> <al=0.66> <DB= 1209.1460> <Mlp= 1216.9286> <PB=1000000> 
<DWph=1> <it=  9> <et=0.78> <Mt= 0.01> <Spt= 0.00> <nCl= 20> <al=0.56> <DB= 1213.4923> <Mlp= 1216.8125> <PB=1000000> 
<DWph=1> <it= 10> <et=0.79> <Mt= 0.00> <Spt= 0.01> <nCl= 24> <al=0.46> <DB= 1212.3352> <Mlp= 1216.8023> <PB=1000000> 
<DWph=1> <it= 11> <et=0.79> <Mt= 0.00> <Spt= 0.00> <nCl= 19> <al=0.36> <DB= 1216.1268> <Mlp= 1216.0000> <PB=1000000> 
    RCSP exact solver info for graph G_0 : TT = 0.004358, pt = 6e-06, dt = 0.003807, ct = 0.000234, ndl = 2130', bdl = 42962', odl = 3723', odf = 23154', bsi = 1184', cnt = 6512', bdch = 458717', odch = 55498', lcp = 43744', #sols = 150
<DWph=0> <it= 12> <et=0.80> <Mt= 0.00> <Spt= 0.01> <nCl= 95> <al=0.26> <DB= 1212.1971> <Mlp= 1216.0000> <PB=1000000> 
    RCSP exact solver info for graph G_0 : TT = 0.00471, pt = 1.9e-05, dt = 0.004093, ct = 0.00023, ndl = 2169', bdl = 43880', odl = 3704', odf = 23220', bsi = 1248', cnt = 7140', bdch = 470667', odch = 56343', lcp = 44773', #sols = 150
    RCSP exact solver info for graph G_0 : TT = 0.004243, pt = 1.8e-05, dt = 0.003743, ct = 0.000205, ndl = 2061', bdl = 41653', odl = 3612', odf = 22463', bsi = 1213', cnt = 6094', bdch = 431826', odch = 52395', lcp = 42255', #sols = 150
<DWph=0> <it= 13> <et=0.82> <Mt= 0.00> <Spt= 0.01> <nCl= 49> <al=0.00> <DB= 1214.2857> <Mlp= 1216.0000> <PB=1000000> 
    RCSP exact solver info for graph G_0 : TT = 0.004526, pt = 1.5e-05, dt = 0.003959, ct = 0.000233, ndl = 2218', bdl = 44632', odl = 3663', odf = 23481', bsi = 1247', cnt = 7482', bdch = 479180', odch = 58143', lcp = 45545', #sols = 150
<DWph=0> <it= 14> <et=0.82> <Mt= 0.00> <Spt= 0.01> <nCl=  2> <al=0.24> <DB= 1215.4262> <Mlp= 1216.0000> <PB=1000000> 
    RCSP exact solver info for graph G_0 : TT = 0.004535, pt = 1.6e-05, dt = 0.004056, ct = 0.000196, ndl = 2208', bdl = 44456', odl = 3664', odf = 23342', bsi = 1232', cnt = 7360', bdch = 476975', odch = 57722', lcp = 45666', #sols = 150
    RCSP exact solver info for graph G_0 : TT = 0.004096, pt = 1.5e-05, dt = 0.00363, ct = 0.000197, ndl = 2101', bdl = 42434', odl = 3614', odf = 22666', bsi = 1226', cnt = 6625', bdch = 442678', odch = 53454', lcp = 43182', #sols = 150
<DWph=0> <it= 15> <et=0.84> <Mt= 0.00> <Spt= 0.01> <nCl= 13> <al=0.00> <DB= 1216.0000> <Mlp= 1216.0000> <PB=1000000> 
RCSP solver dynamic params and stats :  bidir.bord. = 375 aver.obdmd = 24.0312 aver.buck.num. = 26
@@ 1 1 1216 0.00409717 0.004323 91.0853 0.84
    Full reduced cost fixing is not called (gap ratio is 0.999995)
ColGenEvalAlg final dual bound: 1216 (rounded: 1216)
False gap improvement since the last cut separation : 0.0403315 (1211.12)
Current active cuts : CAP(3,128.102)
Shrinking heuristic shrunk 22 edges
In total 1 RCC cut(s) are found by the Fractional capacity min-cut heuristic 
----- Add fac. cuts : CAP(1), max.viol = 0.5, aver.viol = 0.5, sep/add took 0.000211804/0.00254653 sec. -----
3436 columns (3436 active), 28 dyn. constrs. (4 active), 90 art. vars. (66 active)
<DWph=2> <it=  1> <et=0.85> <Mt= 0.01> <Spt= 0.00> <nCl= 30> <al=0.50> <DB= 1214.5416> <Mlp= 1225.1446> <PB=1000000> 
<DWph=2> <it=  2> <et=0.85> <Mt= 0.00> <Spt= 0.00> <nCl= 24> <al=0.55> <DB= 1222.4918> <Mlp= 1222.0000> <PB=1000000> 
<DWph=1> <it=  3> <et=0.85> <Mt= 0.00> <Spt= 0.01> <nCl= 27> <al=0.60> <DB= 1215.2114> <Mlp= 1222.0000> <PB=1000000> 
<DWph=1> <it=  4> <et=0.86> <Mt= 0.00> <Spt= 0.00> <nCl= 26> <al=0.64> <DB= 1217.4554> <Mlp= 1221.7727> <PB=1000000> 
<DWph=1> <it=  5> <et=0.86> <Mt= 0.00> <Spt= 0.00> <nCl= 11> <al=0.67> <DB= 1204.0203> <Mlp= 1221.7538> <PB=1000000> 
<DWph=1> <it=  6> <et=0.87> <Mt= 0.00> <Spt= 0.01> <nCl=  6> <al=0.70> <DB= 1218.8285> <Mlp= 1221.7538> <PB=1000000> 
<DWph=1> <it=  7> <et=0.87> <Mt= 0.00> <Spt= 0.00> <nCl= 14> <al=0.60> <DB= 1209.1998> <Mlp= 1221.7538> <PB=1000000> 
<DWph=1> <it=  8> <et=0.88> <Mt= 0.00> <Spt= 0.01> <nCl= 16> <al=0.29> <DB= 1220.9097> <Mlp= 1221.7538> <PB=1000000> 
<DWph=1> <it=  9> <et=0.88> <Mt= 0.00> <Spt= 0.00> <nCl= 10> <al=0.54> <DB= 1221.4450> <Mlp= 1221.7538> <PB=1000000> 
<DWph=1> <it= 10> <et=0.89> <Mt= 0.00> <Spt= 0.01> <nCl= 31> <al=0.00> <DB= 1198.2154> <Mlp= 1221.7538> <PB=1000000> 
<DWph=1> <it= 11> <et=0.90> <Mt= 0.00> <Spt= 0.00> <nCl=  4> <al=0.00> <DB= 1221.7538> <Mlp= 1221.7538> <PB=1000000> 
    RCSP exact solver info for graph G_0 : TT = 0.004198, pt = 9e-06, dt = 0.003721, ct = 0.00022, ndl = 2044', bdl = 40930', odl = 3639', odf = 22073', bsi = 1273', cnt = 6502', bdch = 414782', odch = 53801', lcp = 41311', #sols = 150
<DWph=0> <it= 12> <et=0.90> <Mt= 0.00> <Spt= 0.01> <nCl= 99> <al=0.39> <DB= 1078.6769> <Mlp= 1221.7538> <PB=1000000> 
    RCSP exact solver info for graph G_0 : TT = 0.004155, pt = 1.4e-05, dt = 0.003658, ct = 0.000216, ndl = 2049', bdl = 41177', odl = 3629', odf = 22430', bsi = 1331', cnt = 7112', bdch = 411899', odch = 55623', lcp = 41807', #sols = 150
<DWph=0> <it= 13> <et=0.91> <Mt= 0.01> <Spt= 0.01> <nCl= 49> <al=0.45> <DB= 1156.7215> <Mlp= 1220.8000> <PB=1000000> 
    RCSP exact solver info for graph G_0 : TT = 0.004127, pt = 1.2e-05, dt = 0.003612, ct = 0.000222, ndl = 2103', bdl = 42099', odl = 3577', odf = 22643', bsi = 1388', cnt = 8052', bdch = 421640', odch = 57964', lcp = 43153', #sols = 150
<DWph=0> <it= 14> <et=0.92> <Mt= 0.00> <Spt= 0.00> <nCl= 18> <al=0.35> <DB= 1198.3170> <Mlp= 1220.8000> <PB=1000000> 
    RCSP exact solver info for graph G_0 : TT = 0.004313, pt = 1.2e-05, dt = 0.003778, ct = 0.000235, ndl = 2149', bdl = 42869', odl = 3603', odf = 23041', bsi = 1400', cnt = 8213', bdch = 435977', odch = 59609', lcp = 44476', #sols = 150
    RCSP exact solver info for graph G_0 : TT = 0.004049, pt = 1.5e-05, dt = 0.003544, ct = 0.000206, ndl = 1912', bdl = 38697', odl = 3546', odf = 21738', bsi = 1346', cnt = 6052', bdch = 376577', odch = 49237', lcp = 38384', #sols = 150
<DWph=0> <it= 15> <et=0.93> <Mt= 0.00> <Spt= 0.01> <nCl= 22> <al=0.00> <DB= 1220.8000> <Mlp= 1220.8000> <PB=1000000> 
RCSP solver dynamic params and stats :  bidir.bord. = 375 aver.obdmd = 24.0312 aver.buck.num. = 26
@@ 1 2 1220.8 0.0038824 0.004013 91.0853 0.93
    Full reduced cost fixing is not called (gap ratio is 0.99999)
ColGenEvalAlg final dual bound: 1220.8 (rounded: 1221)
False gap improvement since the last cut separation : 0.0394737 (1216)
Current active cuts : CAP(2,277.3)
Shrinking heuristic shrunk 18 edges
In total 1 RCC cut(s) are found by the Fractional capacity min-cut heuristic 
In total 1 RCC cut(s) are found by the global pool greedy search heuristic 
----- Add fac. cuts : CAP(2), max.viol = 0.2, aver.viol = 0.2, sep/add took 0.000378333/0.00618103 sec. -----
3823 columns (3823 active), 6 dyn. constrs. (4 active), 92 art. vars. (66 active)
<DWph=2> <it=  1> <et=0.95> <Mt= 0.00> <Spt= 0.01> <nCl= 27> <al=0.50> <DB= 1221.7158> <Mlp= 1222.5965> <PB=1000000> 
<DWph=2> <it=  2> <et=0.95> <Mt= 0.00> <Spt= 0.00> <nCl= 30> <al=0.40> <DB= 1218.8221> <Mlp= 1222.5965> <PB=1000000> 
<DWph=2> <it=  3> <et=0.96> <Mt= 0.00> <Spt= 0.00> <nCl= 22> <al=0.30> <DB= 1222.1787> <Mlp= 1222.3846> <PB=1000000> 
<DWph=2> <it=  4> <et=0.96> <Mt= 0.00> <Spt= 0.00> <nCl= 22> <al=0.20> <DB= 1222.1892> <Mlp= 1222.3846> <PB=1000000> 
<DWph=2> <it=  5> <et=0.96> <Mt= 0.00> <Spt= 0.00> <nCl=  5> <al=0.00> <DB= 1222.2821> <Mlp= 1222.3846> <PB=1000000> 
<DWph=2> <it=  6> <et=0.96> <Mt= 0.00> <Spt= 0.00> <nCl=  6> <al=0.00> <DB= 1222.3846> <Mlp= 1222.3846> <PB=1000000> 
<DWph=1> <it=  7> <et=0.97> <Mt= 0.00> <Spt= 0.01> <nCl= 22> <al=0.08> <DB= 1219.6154> <Mlp= 1222.3846> <PB=1000000> 
<DWph=1> <it=  8> <et=0.97> <Mt= 0.00> <Spt= 0.00> <nCl= 10> <al=0.00> <DB= 1220.5385> <Mlp= 1222.3846> <PB=1000000> 
<DWph=1> <it=  9> <et=0.97> <Mt= 0.00> <Spt= 0.00> <nCl=  1> <al=0.00> <DB= 1222.3846> <Mlp= 1222.3846> <PB=1000000> 
    RCSP exact solver info for graph G_0 : TT = 0.003941, pt = 5e-06, dt = 0.003435, ct = 0.000183, ndl = 1911', bdl = 39512', odl = 3533', odf = 21670', bsi = 1163', cnt = 5537', bdch = 385645', odch = 49730', lcp = 37367', #sols = 150
<DWph=0> <it= 10> <et=0.98> <Mt= 0.00> <Spt= 0.01> <nCl=100> <al=0.00> <DB= 1218.7436> <Mlp= 1222.3846> <PB=1000000> 
    RCSP exact solver info for graph G_0 : TT = 0.003971, pt = 2.5e-05, dt = 0.003489, ct = 0.000185, ndl = 2006', bdl = 40441', odl = 3588', odf = 22695', bsi = 1215', cnt = 6557', bdch = 403031', odch = 52023', lcp = 39334', #sols = 150
<DWph=0> <it= 11> <et=0.99> <Mt= 0.01> <Spt= 0.01> <nCl= 71> <al=0.00> <DB= 1221.0000> <Mlp= 1222.3333> <PB=1000000> 
    RCSP exact solver info for graph G_0 : TT = 0.004364, pt = 1.6e-05, dt = 0.003785, ct = 0.000182, ndl = 1990', bdl = 40165', odl = 3559', odf = 22665', bsi = 1176', cnt = 6531', bdch = 398000', odch = 51629', lcp = 38735', #sols = 150
    RCSP exact solver info for graph G_0 : TT = 0.004227, pt = 1.6e-05, dt = 0.003639, ct = 0.000186, ndl = 1895', bdl = 38672', odl = 3550', odf = 21996', bsi = 1161', cnt = 5532', bdch = 374189', odch = 48239', lcp = 36939', #sols = 150
<DWph=0> <it= 12> <et=1.00> <Mt= 0.00> <Spt= 0.01> <nCl= 21> <al=0.00> <DB= 1222.3333> <Mlp= 1222.3333> <PB=1000000> 
RCSP solver dynamic params and stats :  bidir.bord. = 375 aver.obdmd = 24.0312 aver.buck.num. = 26
@@ 1 3 1222.33 0.003771 0.003967 91.0853 1
    Full reduced cost fixing is not called (gap ratio is 0.999989)
ColGenEvalAlg final dual bound: 1222.33 (rounded: 1223)
False gap improvement since the last cut separation : 0.0125601 (1220.8)
Cut generation tailing off counter increased to 1
Current active cuts : CAP(3,311.5)
Shrinking heuristic shrunk 16 edges
In total 1 RCC cut(s) are found by the Fractional capacity min-cut heuristic 
In total 2 RCC cut(s) are found by the greedy construction heuristic 
----- Add fac. cuts : CAP(3), max.viol = 0.0952381, aver.viol = 0.0952381, sep/add took 0.00075926/0.00948269 sec. -----
4160 columns (4160 active), 7 dyn. constrs. (6 active), 95 art. vars. (68 active)
<DWph=2> <it=  1> <et=1.02> <Mt= 0.00> <Spt= 0.00> <nCl= 12> <al=0.50> <DB= 1222.4236> <Mlp= 1222.5139> <PB=1000000> 
<DWph=2> <it=  2> <et=1.03> <Mt= 0.00> <Spt= 0.00> <nCl= 12> <al=0.00> <DB= 1222.4760> <Mlp= 1222.4760> <PB=1000000> 
<DWph=1> <it=  3> <et=1.03> <Mt= 0.00> <Spt= 0.01> <nCl= 16> <al=0.00> <DB= 1222.4760> <Mlp= 1222.4760> <PB=1000000> 
    RCSP exact solver info for graph G_0 : TT = 0.003859, pt = 6e-06, dt = 0.003324, ct = 0.000197, ndl = 1909', bdl = 39396', odl = 3466', odf = 21558', bsi = 1126', cnt = 6065', bdch = 377129', odch = 48789', lcp = 36238', #sols = 150
<DWph=0> <it=  4> <et=1.04> <Mt= 0.00> <Spt= 0.00> <nCl= 22> <al=0.20> <DB= 1222.0568> <Mlp= 1222.4760> <PB=1000000> 
    RCSP exact solver info for graph G_0 : TT = 0.003962, pt = 1.3e-05, dt = 0.003417, ct = 0.0002, ndl = 1854', bdl = 38431', odl = 3435', odf = 21187', bsi = 1121', cnt = 5547', bdch = 362329', odch = 46270', lcp = 34751', #sols = 150
    RCSP exact solver info for graph G_0 : TT = 0.004251, pt = 1.7e-05, dt = 0.003748, ct = 0.000179, ndl = 1857', bdl = 38453', odl = 3435', odf = 21189', bsi = 1122', cnt = 5555', bdch = 362665', odch = 46288', lcp = 34790', #sols = 150
<DWph=0> <it=  5> <et=1.05> <Mt= 0.00> <Spt= 0.02> <nCl=  3> <al=0.00> <DB= 1222.4760> <Mlp= 1222.4760> <PB=1000000> 
RCSP solver dynamic params and stats :  bidir.bord. = 375 aver.obdmd = 24.0312 aver.buck.num. = 26
@@ 1 4 1222.48 0.00368833 0.003927 91.0853 1.05
    Full reduced cost fixing is not called (gap ratio is 0.999989)
ColGenEvalAlg final dual bound: 1222.48 (rounded: 1223)
False gap improvement since the last cut separation : 0.00116702 (1222.33)
Cut generation tailing off counter increased to 2
Current active cuts : CAP(4,333.659)
Shrinking heuristic shrunk 13 edges
In total 3 RCC cut(s) are found by the global pool greedy search heuristic 
----- Add fac. cuts : CAP(3), max.viol = 0.00873362, aver.viol = 0.00873362, sep/add took 0.000729836/0.0086854 sec. -----
4225 columns (4225 active), 9 dyn. constrs. (7 active), 98 art. vars. (69 active)
<DWph=2> <it=  1> <et=1.07> <Mt= 0.00> <Spt= 0.00> <nCl= 11> <al=0.00> <DB= 1222.5000> <Mlp= 1222.5000> <PB=1000000> 
<DWph=1> <it=  2> <et=1.07> <Mt= 0.00> <Spt= 0.00> <nCl= 15> <al=0.40> <DB= 1221.5000> <Mlp= 1222.5000> <PB=1000000> 
<DWph=1> <it=  3> <et=1.08> <Mt= 0.00> <Spt= 0.00> <nCl=  8> <al=0.46> <DB= 1221.5000> <Mlp= 1222.5000> <PB=1000000> 
<DWph=1> <it=  4> <et=1.08> <Mt= 0.00> <Spt= 0.01> <nCl=  1> <al=0.46> <DB= 1222.0000> <Mlp= 1222.5000> <PB=1000000> 
<DWph=1> <it=  5> <et=1.08> <Mt= 0.01> <Spt= 0.00> <nCl=  1> <al=0.00> <DB= 1222.5000> <Mlp= 1222.5000> <PB=1000000> 
    RCSP exact solver info for graph G_0 : TT = 0.003391, pt = 7e-06, dt = 0.002851, ct = 0.000185, ndl = 1687', bdl = 34972', odl = 3359', odf = 20519', bsi = 1052', cnt = 4624', bdch = 316591', odch = 42477', lcp = 31310', #sols = 150
<DWph=0> <it=  6> <et=1.09> <Mt= 0.00> <Spt= 0.00> <nCl= 31> <al=0.26> <DB= 1220.0000> <Mlp= 1222.5000> <PB=1000000> 
    RCSP exact solver info for graph G_0 : TT = 0.004372, pt = 1.5e-05, dt = 0.003018, ct = 0.000992, ndl = 1791', bdl = 36920', odl = 3369', odf = 20772', bsi = 1086', cnt = 5341', bdch = 340158', odch = 44380', lcp = 32708', #sols = 150
    RCSP exact solver info for graph G_0 : TT = 0.003616, pt = 1.2e-05, dt = 0.003121, ct = 0.000179, ndl = 1789', bdl = 36953', odl = 3384', odf = 20788', bsi = 1073', cnt = 5191', bdch = 342408', odch = 44659', lcp = 32925', #sols = 150
<DWph=0> <it=  7> <et=1.10> <Mt= 0.00> <Spt= 0.02> <nCl= 24> <al=0.00> <DB= 1222.4909> <Mlp= 1222.4909> <PB=1000000> 
RCSP solver dynamic params and stats :  bidir.bord. = 375 aver.obdmd = 24.0312 aver.buck.num. = 26
@@ 1 5 1222.49 0.00344867 0.00401 91.0853 1.1
    Full reduced cost fixing is not called (gap ratio is 0.999989)
ColGenEvalAlg final dual bound: 1222.49 (rounded: 1223)
False gap improvement since the last cut separation : 0.000122101 (1222.48)
----- Cut separators priority level decreased to 1-----
Current active cuts : CAP(6,346.7)
Shrinking heuristic shrunk 14 edges
10 Rank-1 1-rows pack. cuts added ,  max viol. = 0.2, aver. viol. = 0.116364
150 Rank-1 3-rows pack. cuts added ,  max viol. = 0.4, aver. viol. = 0.238788
----- Add fac. cuts : R1C(160), max.viol = 0.418182, aver.viol = 0.260227, sep/add took 0.00184414/0.227091 sec. -----
4316 columns (4316 active), 167 dyn. constrs. (166 active), 258 art. vars. (228 active)
<DWph=2> <it=  1> <et=1.36> <Mt= 0.01> <Spt= 0.00> <nCl= 18> <al=0.50> <DB= 1227.0453> <Mlp= 1231.5997> <PB=1000000> 
<DWph=2> <it=  2> <et=1.36> <Mt= 0.01> <Spt= 0.01> <nCl= 29> <al=0.55> <DB= 1112.4955> <Mlp= 1231.5997> <PB=1000000> 
<DWph=2> <it=  3> <et=1.37> <Mt= 0.00> <Spt= 0.00> <nCl= 23> <al=0.60> <DB= 1227.7872> <Mlp= 1231.1072> <PB=1000000> 
<DWph=2> <it=  4> <et=1.38> <Mt= 0.00> <Spt= 0.01> <nCl= 36> <al=0.27> <DB= 1095.0586> <Mlp= 1231.0399> <PB=1000000> 
<DWph=2> <it=  5> <et=1.39> <Mt= 0.01> <Spt= 0.00> <nCl= 25> <al=0.54> <DB= 1131.5886> <Mlp= 1230.6757> <PB=1000000> 
<DWph=2> <it=  6> <et=1.40> <Mt= 0.00> <Spt= 0.01> <nCl= 43> <al=0.16> <DB= 1197.5621> <Mlp= 1230.3942> <PB=1000000> 
<DWph=2> <it=  7> <et=1.41> <Mt= 0.00> <Spt= 0.01> <nCl= 22> <al=0.48> <DB= 1199.5980> <Mlp= 1230.3796> <PB=1000000> 
<DWph=2> <it=  8> <et=1.42> <Mt= 0.00> <Spt= 0.00> <nCl= 17> <al=0.00> <DB= 1200.5765> <Mlp= 1230.3796> <PB=1000000> 
<DWph=2> <it=  9> <et=1.43> <Mt= 0.01> <Spt= 0.01> <nCl= 19> <al=0.00> <DB= 1230.3796> <Mlp= 1230.3796> <PB=1000000> 
<DWph=1> <it= 10> <et=1.44> <Mt= 0.00> <Spt= 0.01> <nCl= 22> <al=0.18> <DB= 1079.7121> <Mlp= 1230.3796> <PB=1000000> 
<DWph=1> <it= 11> <et=1.45> <Mt= 0.00> <Spt= 0.00> <nCl= 18> <al=0.08> <DB= 1037.5279> <Mlp= 1230.3325> <PB=1000000> 
<DWph=1> <it= 12> <et=1.46> <Mt= 0.00> <Spt= 0.01> <nCl= 15> <al=0.00> <DB= 1146.3926> <Mlp= 1230.0640> <PB=1000000> 
<DWph=1> <it= 13> <et=1.47> <Mt= 0.01> <Spt= 0.01> <nCl= 20> <al=0.08> <DB= 1157.5527> <Mlp= 1229.8323> <PB=1000000> 
<DWph=1> <it= 14> <et=1.48> <Mt= 0.00> <Spt= 0.00> <nCl= 11> <al=0.18> <DB= 1182.7992> <Mlp= 1229.7977> <PB=1000000> 
<DWph=1> <it= 15> <et=1.49> <Mt= 0.00> <Spt= 0.01> <nCl= 10> <al=0.08> <DB= 1118.3819> <Mlp= 1229.7385> <PB=1000000> 
Shrinking heuristic shrunk 28 edges
<DWph=1> <it= 16> <et=1.50> <Mt= 0.01> <Spt= 0.01> <nCl= 25> <al=0.00> <DB= 1078.7244> <Mlp= 1227.0000> <PB=1227> 
<DWph=1> <it= 17> <et=1.51> <Mt= 0.00> <Spt= 0.00> <nCl= 20> <al=0.08> <DB= 1154.2073> <Mlp= 1227.0000> <PB=1227> 
<DWph=1> <it= 18> <et=1.52> <Mt= 0.00> <Spt= 0.01> <nCl= 14> <al=0.00> <DB= 1182.2752> <Mlp= 1227.0000> <PB=1227> 
<DWph=1> <it= 19> <et=1.53> <Mt= 0.01> <Spt= 0.01> <nCl= 18> <al=0.08> <DB= 1197.2543> <Mlp= 1227.0000> <PB=1227> 
<DWph=1> <it= 20> <et=1.54> <Mt= 0.00> <Spt= 0.00> <nCl=  7> <al=0.17> <DB= 1220.2187> <Mlp= 1227.0000> <PB=1227> 
<DWph=1> <it= 21> <et=1.54> <Mt= 0.00> <Spt= 0.01> <nCl=  1> <al=0.25> <DB= 1221.7674> <Mlp= 1227.0000> <PB=1227> 
<DWph=1> <it= 22> <et=1.55> <Mt= 0.00> <Spt= 0.00> <nCl=  3> <al=0.33> <DB= 1216.9014> <Mlp= 1227.0000> <PB=1227> 
<DWph=1> <it= 23> <et=1.56> <Mt= 0.00> <Spt= 0.01> <nCl=  1> <al=0.00> <DB= 1227.0000> <Mlp= 1227.0000> <PB=1227> 
    RCSP exact solver info for graph G_0 : TT = 0.010056, pt = 6.3e-05, dt = 0.009088, ct = 0.000612, ndl = 3785', bdl = 73133', odl = 4483', odf = 33982', bsi = 1635', cnt = 25571', bdch = 1044872', odch = 142997', lcp = 98566', #sols = 150
<DWph=0> <it= 24> <et=1.59> <Mt= 0.01> <Spt= 0.03> <nCl=150> <al=0.13> <DB= 1020.8105> <Mlp= 1227.0000> <PB=1227> 
    RCSP exact solver info for graph G_0 : TT = 0.00967, pt = 0.000102, dt = 0.008593, ct = 0.000584, ndl = 3364', bdl = 65593', odl = 4464', odf = 32813', bsi = 1519', cnt = 20818', bdch = 907188', odch = 114819', lcp = 83889', #sols = 150
<DWph=0> <it= 25> <et=1.62> <Mt= 0.00> <Spt= 0.02> <nCl= 88> <al=0.22> <DB= 1127.1469> <Mlp= 1227.0000> <PB=1227> 
    RCSP exact solver info for graph G_0 : TT = 0.009557, pt = 9.6e-05, dt = 0.008578, ct = 0.000519, ndl = 3419', bdl = 66970', odl = 4438', odf = 32360', bsi = 1506', cnt = 21243', bdch = 945863', odch = 113614', lcp = 83887', #sols = 150
<DWph=0> <it= 26> <et=1.64> <Mt= 0.00> <Spt= 0.02> <nCl= 40> <al=0.29> <DB= 1187.9884> <Mlp= 1227.0000> <PB=1227> 
    RCSP exact solver info for graph G_0 : TT = 0.009332, pt = 9e-05, dt = 0.00835, ct = 0.000534, ndl = 3392', bdl = 67089', odl = 4456', odf = 32039', bsi = 1467', cnt = 19663', bdch = 935208', odch = 112189', lcp = 82917', #sols = 150
<DWph=0> <it= 27> <et=1.66> <Mt= 0.01> <Spt= 0.01> <nCl= 20> <al=0.37> <DB= 1212.7489> <Mlp= 1227.0000> <PB=1227> 
    RCSP exact solver info for graph G_0 : TT = 0.009278, pt = 8.9e-05, dt = 0.00819, ct = 0.000662, ndl = 3489', bdl = 68822', odl = 4463', odf = 33021', bsi = 1530', cnt = 23463', bdch = 974635', odch = 117202', lcp = 84633', #sols = 150
<DWph=0> <it= 28> <et=1.67> <Mt= 0.00> <Spt= 0.01> <nCl=  5> <al=0.27> <DB= 1223.2191> <Mlp= 1227.0000> <PB=1227> 
    RCSP exact solver info for graph G_0 : TT = 0.009474, pt = 8.1e-05, dt = 0.008413, ct = 0.000621, ndl = 3477', bdl = 68357', odl = 4412', odf = 32778', bsi = 1542', cnt = 24603', bdch = 964571', odch = 116013', lcp = 84648', #sols = 150
    RCSP exact solver info for graph G_0 : TT = 0.008144, pt = 7.2e-05, dt = 0.007262, ct = 0.00048, ndl = 3348', bdl = 66362', odl = 4400', odf = 32196', bsi = 1509', cnt = 21427', bdch = 921748', odch = 110320', lcp = 81677', #sols = 150
<DWph=0> <it= 29> <et=1.70> <Mt= 0.00> <Spt= 0.03> <nCl=  8> <al=0.00> <DB= 1227.0000> <Mlp= 1227.0000> <PB=1227> 
RCSP solver dynamic params and stats :  bidir.bord. = 375 aver.obdmd = 24.0312 aver.buck.num. = 26 nbR1C = 11 with avMem = 10.7273
@@ 1 6 1227 0.00892657 0.0097 91.0853 1.7
ColGenEvalAlg final dual bound: 1227 (rounded: 1227)
Gap improvement since the last cut separation : 1 (1222.49)
Current active cuts : CAP(2,271.33) R1C(3+8,29.7963) 1rowPackR1C(3) 3rowPackR1C(8)
New model incumbent solution 1227, TIME = 0h0m1s70t = 170
************************************************************************************************
Search is finished, global bounds : [ 1227 , 1227 ], TIME = 0h0m1s70t = 170
************************************************************************************************
[32mBaPCod : solution defined.[00m
statistics_cols: instance & :Optimal & cutoff & :bcRecRootDb & :bcTimeRootEval & :bcCountNodeProc & :bcRecBestDb & :bcRecBestInc & :bcTimeMain \\
statistics: instance_19-triangle & 1 & 1.0e6 & 1227.00 & 1.70 & 1 & 1227.00 & 1227 & 1.70 \\
########################################################
Route #1: 4 19 10 25 30 28 2 11 20 15 8 5 21 17 13 
Route #2: 7 12 14 29 6 22 9 1 23 27 3 26 18 16 24 
Cost 1227
########################################################

end_time=2026-04-22 10:48:51
exit_code=0
