instance_file=/mnt/c/Users/porin/OneDrive/Documentos/Python-Mestrado/Modelagem Matemática/Programação Inteira - Uchoa/Problema VRPRDL/instancias_turco/VRPRDL-triangle/cvrp_padrao_convertidos/instance_28-triangle.vrp
instance_name=instance_28-triangle
n_customers=60
k_lb=4
k_ub=60
ub=1000000
timeout_s=3600
start_time=2026-04-22 10:51:23

  Activating project at `~/VRPSolver/VRPSolverDemos`
Application parameters:
  batch  =>  nothing
  instance  =>  "/mnt/c/Users/porin/OneDrive/Documentos/Python-Mestrado/Modelagem Matemática/Programação Inteira - Uchoa/Problema VRPRDL/instancias_turco/VRPRDL-triangle/cvrp_padrao_convertidos/instance_28-triangle.vrp"
  noround  =>  false
  cfg  =>  "/home/poringman/VRPSolver/VRPSolverDemos/src/../config/CVRP.cfg"
  edge_cuts  =>  false
  out  =>  nothing
  ub  =>  1.0e6
  cluster_branching  =>  1.0
  sol  =>  nothing
  single_resource  =>  false
  strong_kpath_cuts  =>  false
  tikz  =>  nothing
  maxr  =>  60
  update  =>  false
  show_complete_form  =>  false
  nosolve  =>  false
  minr  =>  4
  low_edge_priority  =>  false
~~~~~~~~~~~~~~~~~~~~~~~~~~~~~~~~~~~~~~~~~~~~~~~~~~~~~~~~~~~~~~~~~~~~~~~~~~~~~~~~~~~~~
GIT VERSION RCSP: 
GIT BRANCH: 
~~~~~~~~~~~~~~~~~~~~~~~~~~~~~~~~~~~~~~~~~~~~~~~~~~~~~~~~~~~~~~~~~~~~~~~~~~~~~~~~~~~~~
VRPSolver v0.6.16, 10/11/2025, © Inria Bordeaux, France, vrpsolver.math.u-bordeaux.fr
      Corresponds to the solver by Pessoa, Sadykov, Uchoa and Vanderbeck (2020)
                 Paper: dx.doi.org/10.1007/s10107-020-01523-z
~~~~~~~~~~~~~~~~~~~~~~~~~~~~~~~~~~~~~~~~~~~~~~~~~~~~~~~~~~~~~~~~~~~~~~~~~~~~~~~~~~~~~
GIT VERSION BAPCOD: a7cb21f19424236c9d0da5dcf94961797a519470
GIT BRANCH: main
~~~~~~~~~~~~~~~~~~~~~~~~~~~~~~~~~~~~~~~~~~~~~~~~~~~~~~~~~~~~~~~~~~~~~~~~~~~~~~~~~~~~~
   BaPCod v0.84, 10/11/2025, © Inria Bordeaux, France, bapcod.math.u-bordeaux.fr 
           THIS CODE IS PROVIDED AS IS, USE IT AT YOUR OWN RISK
~~~~~~~~~~~~~~~~~~~~~~~~~~~~~~~~~~~~~~~~~~~~~~~~~~~~~~~~~~~~~~~~~~~~~~~~~~~~~~~~~~~~~
--- MAIN PARAMETERS ---
GlobalTimeLimitInTick = 2147483645
GlobalTimeLimit = 21474836
ClockType = 0
MaxNbOfBBtreeNodeTreated = 100000
optimalityGapTolerance = 1e-06
relOptimalityGapTolerance = 1e-09
ApplyPreprocessing = false
PreprocessVariablesLocalBounds = false
treeSearchStrategy = 1
OpenNodesLimit = 1000
DEFAULTPRINTLEVEL = 0
--- MIP SOLVER PARAMETERS ---
solverName = CPLEX_SOLVER
MipSolverMaxBBNodes = 2000000
MipSolverMaxTime = 360000
MipSolverMultiThread = 1
--- COLUMN GENERATION PARAMETERS ---
SolverSelectForMast = a
  colGenSubProbSolMode = customSolver
mastInitMode = localArtCol
ArtVarPenaltyUpdateFactor = 2
ArtVarMaxNbOfPenaltyUpdates = 5
MaxNbOfStagesInColGenProcedure = 3
GenerateProperColumns = false
InsertAllGeneratedColumnsInFormRatherThanInPool = true
InsertNewNonNegColumnsDirectlyInFormRatherThanInPool = true
ColumnCleanupThreshold = 10000
ColumnCleanupRatio = 0.66
ReducedCostFixingThreshold = 0.9
--- CUT GENERATION PARAMETERS ---
MasterCuttingPlanesDepthLimit = 1000
MaxNbOfCutGeneratedAtEachIter = 1000
CutTailingOffThreshold = 0.015
CutTailingOffCounterThreshold = 3
CutCleanupThreshold = 1
CutCleanupRatio = 0.66
ColGenSpRelaxationImprovementPriority = 0
--- STABILIZATION PARAMETERS ---
colGenDualPriceSmoothingAlphaFactor = 1
colGenDualPriceSmoothingBetaFactor = 0
colGenStabilizationFunctionType = none
colGenProximalStabilizationRule = undefined
StabilFuncKappa = 1
colGenStabilizationMaxTreeDepth = 10000
StabilizationMinPhaseOfStage = 0
--- PRIMAL HEURISTIC PARAMETERS ---
UseInitialPrimalHeur = false
MaxTimeForRestrictedMasterIpHeur = -1
CallFrequencyOfRestrictedMasterIpHeur = 5
MIPemphasisInRestrictedMasterIpHeur = 1
PolishingAfterTimeInRestrictedMasterIpHeur = -1
DivingHeurUseDepthLimit = -1
CallFrequencyOfDivingHeur = 1
LeastFractional
Closest2RoundUp
LeastGreedyCost
LeastCost
FixIntValBeforeRoundingHeur = true
MaxNbOfCgIteDuringRh = 5000
MaxLDSbreadth = 0
MaxLDSdepth = 0
DivingHeurStopsWithFirstFeasSol = false
DivingHeurPreprocessBeforeChoosingVar = false
StrongDivingCandidatesNumber = 1
EvalAlgParamsInDiving = max#cand. = 1 max#cg.iters = 10000 min.lvl.sp.restr. = 1 min#cut.rounds = 0 max#cut.rounds = 0 red.cost.fix&enum. = false tree.size.ratio = 1
LocalSearchHeurUseDepthLimit = -1
LeastFractional
Closest2RoundUp
LeastGreedyCost
LeastCost
MaxFactorOfColFixedByLocalSearchHeur = 0.8
MaxLocalSearchIterationCounter = 3
--- STRONG BRANCHING PARAMETERS ---
SimplifiedStrongBranchingParameterisation = true
StrongBranchingPhaseOneCandidatesNumber = 100
StrongBranchingPhaseOneTreeSizeEstimRatio = 0.2
StrongBranchingPhaseTwoCandidatesNumber = 3
StrongBranchingPhaseTwoTreeSizeEstimRatio = 0.02
SafeDualBoundScaleFactor = -1
StrongBranchingPhaseOne = max#cand. = 100 max#cg.iters = 0 min.lvl.sp.restr. = 0 min#cut.rounds = 0 max#cut.rounds = 0 red.cost.fix&enum. = false tree.size.ratio = 0.2
StrongBranchingPhaseTwo = max#cand. = 3 max#cg.iters = 10000 min.lvl.sp.restr. = 1 min#cut.rounds = 0 max#cut.rounds = 0 red.cost.fix&enum. = false tree.size.ratio = 0.02
StrongBranchingPhaseThree = max#cand. = 1 max#cg.iters = 10000 min.lvl.sp.restr. = 0 min#cut.rounds = 0 max#cut.rounds = 10000 red.cost.fix&enum. = true tree.size.ratio = 1
StrongBranchingPhaseFour =not active
--- DEBUG OUTPUT PARAMETERS ---
printMasterPrimalSols = 0
--- VRPSOLVER PARAMETERS ---
RCSPstopCutGenTimeThresholdInPricing = 10
RCSPhardTimeThresholdInPricing = 25
RCSPredCostFixingTimeThreshold = 100
RCSPnumberOfBucketsPerVertex = 25
RCSPdynamicBucketSteps = 1
RCSPuseBidirectionalSearch = 2
RCSPapplyReducedCostFixing = 1
RCSPmaxNumOfColsPerIteration = 30
RCSPmaxNumOfColsPerExactIteration = 150
RCSPmaxNumOfLabelsInEnumeration = 500000
RCSPmaxNumOfLabelsInHeurEnumeration = 0
RCSPmaxNumOfEnumeratedSolutions = 5000000
RCSPmaxNumOfEnumSolutionsForMIP = 10000
RCSPmaxNumOfEnumSolsForEndOfNodeMIP = 10000
RCSPinitNGneighbourhoodSize = 8
RCSPmaxNGneighbourhoodSize = 8
RCSPrankOneCutsMaxNumRows = 5
RCSPrankOneCutsMaxNumPerRound = 100
RCSPrankOneCutsMemoryType = 0
RCSPrankOneCutsLSnumIterations = 1000
RCSPallowRoutesWithSameVerticesSet = true
RCSPredCostFixingFalseGap = 0
SafeDualBoundScaleFactor = -1
RCSPmaxNumOfLabelsInHeurEnumeration = 0
MaxNumEnumSolsInRestrictedMasterIpHeur = 5000

prName & bcTimeMain \\ 
New model incumbent solution 1e+06, TIME = 0h0m0s42t = 42
RCSP solver info : size of non-robust cut bitmask in a label is 640 bits
Bucket steps were recalculated for graph G_0 : [30]
RCSP solver info : symmetric case is detected for graph G_0! 
Bidirectional border value is initialised to 375
RCSP solver info : number of forw. reachable buckets / buck. strongly connected components is 1573( 97.5806% ) / 1073( 68.2136% )
RCSP solver info: std. label size is 56, ext. label size is 136
Generating neighbourhoods for rank-1 cuts separation
Building structures for 4- and 5-row rank-1 packing cut separation...done!
Model is built TIME = 0h0m0s44t = 44
************************************************************************************************
**** BaB tree root node
**** Local DB = -1e+12, global bounds : [ -1e+12 , 1e+06 ], TIME = 0h0m0s44t = 44
**** 1 open nodes, 0 columns (0 active), 0 dyn. constrs. (0 active), 122 art. vars. (122 active)
************************************************************************************************
--------------------------------------------------------------------------
BaPCod info : first we run the root node with rank-1 cuts with node memory
--------------------------------------------------------------------------
#<DWph=2> <it=  1> <et=0.44> <Mt= 0.00> <Spt= 0.00> <nCl= 30> <al=0.00> <DB=-5039932860.0000> <Mlp=148800000.0000> <PB=1000000> 
#<DWph=2> <it=  2> <et=0.44> <Mt= 0.00> <Spt= 0.00> <nCl= 30> <al=0.55> <DB=-3328564676.3906> <Mlp=143775074.6875> <PB=1000000> 
#<DWph=2> <it=  3> <et=0.45> <Mt= 0.00> <Spt= 0.01> <nCl= 30> <al=0.45> <DB=-3320265471.9927> <Mlp=135375409.7875> <PB=1000000> 
#<DWph=2> <it=  4> <et=0.45> <Mt= 0.00> <Spt= 0.00> <nCl= 30> <al=0.51> <DB=-3328036796.8025> <Mlp=124575887.9875> <PB=1000000> 
#<DWph=2> <it=  5> <et=0.45> <Mt= 0.00> <Spt= 0.00> <nCl= 30> <al=0.55> <DB=-3204671643.7240> <Mlp=120935938.7221> <PB=1000000> 
#<DWph=2> <it=  6> <et=0.46> <Mt= 0.00> <Spt= 0.00> <nCl= 30> <al=0.45> <DB=-2558473065.5530> <Mlp=119000952.6117> <PB=1000000> 
#<DWph=2> <it=  7> <et=0.46> <Mt= 0.00> <Spt= 0.01> <nCl= 30> <al=0.51> <DB=-2583862998.3930> <Mlp=118797831.6729> <PB=1000000> 
#<DWph=2> <it=  8> <et=0.46> <Mt= 0.00> <Spt= 0.00> <nCl= 30> <al=0.56> <DB=-2365095213.9235> <Mlp=111945091.7384> <PB=1000000> 
#<DWph=2> <it=  9> <et=0.47> <Mt= 0.00> <Spt= 0.00> <nCl= 30> <al=0.60> <DB=-2338797758.2416> <Mlp=106146436.4295> <PB=1000000> 
#<DWph=2> <it= 10> <et=0.47> <Mt= 0.00> <Spt= 0.01> <nCl= 30> <al=0.64> <DB=-2292190690.6951> <Mlp=83727296.5052> <PB=1000000> 
#<DWph=2> <it= 11> <et=0.47> <Mt= 0.00> <Spt= 0.00> <nCl= 30> <al=0.68> <DB=-2387441403.8578> <Mlp=82762254.9290> <PB=1000000> 
#<DWph=2> <it= 12> <et=0.48> <Mt= 0.00> <Spt= 0.00> <nCl= 30> <al=0.71> <DB=-2198239425.2807> <Mlp=75667027.4517> <PB=1000000> 
#<DWph=2> <it= 13> <et=0.48> <Mt= 0.00> <Spt= 0.00> <nCl= 30> <al=0.74> <DB=-2030693811.0948> <Mlp=70372475.9705> <PB=1000000> 
#<DWph=2> <it= 14> <et=0.48> <Mt= 0.00> <Spt= 0.01> <nCl= 30> <al=0.77> <DB=-2019156821.8556> <Mlp=66837797.5307> <PB=1000000> 
#<DWph=2> <it= 15> <et=0.49> <Mt= 0.00> <Spt= 0.00> <nCl= 30> <al=0.79> <DB=-1923013457.5078> <Mlp=62296284.4298> <PB=1000000> 
#<DWph=2> <it= 16> <et=0.49> <Mt= 0.00> <Spt= 0.00> <nCl= 30> <al=0.81> <DB=-1856989415.6733> <Mlp=53684329.4084> <PB=1000000> 
#<DWph=2> <it= 17> <et=0.49> <Mt= 0.00> <Spt= 0.01> <nCl= 30> <al=0.83> <DB=-1750484549.5930> <Mlp=45865253.7771> <PB=1000000> 
#<DWph=2> <it= 18> <et=0.50> <Mt= 0.00> <Spt= 0.00> <nCl= 30> <al=0.85> <DB=-1716098173.6026> <Mlp=35898255.8416> <PB=1000000> 
#<DWph=2> <it= 19> <et=0.50> <Mt= 0.00> <Spt= 0.00> <nCl= 30> <al=0.75> <DB=-1712129740.9399> <Mlp=28077550.7050> <PB=1000000> 
#<DWph=2> <it= 20> <et=0.51> <Mt= 0.00> <Spt= 0.00> <nCl= 30> <al=0.77> <DB=-1699299531.7935> <Mlp=24786501.2468> <PB=1000000> 
#<DWph=2> <it= 21> <et=0.51> <Mt= 0.01> <Spt= 0.01> <nCl= 30> <al=0.79> <DB=-1601664906.6606> <Mlp=23108318.7818> <PB=1000000> 
#<DWph=2> <it= 22> <et=0.51> <Mt= 0.00> <Spt= 0.00> <nCl= 30> <al=0.69> <DB=-1595751300.7454> <Mlp=19935431.6866> <PB=1000000> 
#<DWph=2> <it= 23> <et=0.52> <Mt= 0.00> <Spt= 0.00> <nCl= 30> <al=0.72> <DB=-1575566176.6754> <Mlp=15090477.5280> <PB=1000000> 
#<DWph=2> <it= 24> <et=0.52> <Mt= 0.00> <Spt= 0.00> <nCl= 30> <al=0.75> <DB=-1457465695.1323> <Mlp=12185614.1807> <PB=1000000> 
#<DWph=2> <it= 25> <et=0.53> <Mt= 0.00> <Spt= 0.01> <nCl= 30> <al=0.65> <DB=-1409426557.8758> <Mlp=10306186.4993> <PB=1000000> 
#<DWph=2> <it= 26> <et=0.53> <Mt= 0.00> <Spt= 0.00> <nCl= 30> <al=0.69> <DB=-1371019484.1916> <Mlp=8085024.5398> <PB=1000000> 
#<DWph=2> <it= 27> <et=0.53> <Mt= 0.00> <Spt= 0.00> <nCl= 30> <al=0.59> <DB=-1241268946.4210> <Mlp=3731492.8125> <PB=1000000> 
#<DWph=2> <it= 28> <et=0.54> <Mt= 0.00> <Spt= 0.01> <nCl= 30> <al=0.63> <DB=-1328373342.2512> <Mlp=968838.9180> <PB=1000000> 
#<DWph=2> <it= 29> <et=0.54> <Mt= 0.00> <Spt= 0.00> <nCl= 30> <al=0.67> <DB=-872264960.8928> <Mlp=155759.1151> <PB=1000000> 
#<DWph=2> <it= 30> <et=0.55> <Mt= 0.01> <Spt= 0.00> <nCl= 30> <al=0.57> <DB=-467901705.3321> <Mlp=52635.3649> <PB=1000000> 
#<DWph=2> <it= 31> <et=0.55> <Mt= 0.00> <Spt= 0.00> <nCl= 30> <al=0.47> <DB=-182716312.8269> <Mlp=50161.1698> <PB=1000000> 
#<DWph=2> <it= 32> <et=0.55> <Mt= 0.00> <Spt= 0.01> <nCl= 30> <al=0.37> <DB=-23237653.6233> <Mlp=47329.9812> <PB=1000000> 
#<DWph=2> <it= 33> <et=0.56> <Mt= 0.00> <Spt= 0.00> <nCl= 30> <al=0.27> <DB=-4467741.5303> <Mlp=40002.3924> <PB=1000000> 
<DWph=2> <it= 34> <et=0.56> <Mt= 0.00> <Spt= 0.00> <nCl= 30> <al=0.00> <DB=-156300.3032> <Mlp= 4891.0855> <PB=1000000> 
<DWph=2> <it= 35> <et=0.57> <Mt= 0.00> <Spt= 0.01> <nCl= 30> <al=0.24> <DB=-176615.5989> <Mlp= 4564.7992> <PB=1000000> 
<DWph=2> <it= 36> <et=0.57> <Mt= 0.00> <Spt= 0.00> <nCl= 30> <al=0.32> <DB=-136557.6936> <Mlp= 4458.7062> <PB=1000000> 
<DWph=2> <it= 37> <et=0.58> <Mt= 0.01> <Spt= 0.00> <nCl= 30> <al=0.38> <DB=-101604.4589> <Mlp= 4370.1376> <PB=1000000> 
<DWph=2> <it= 38> <et=0.58> <Mt= 0.00> <Spt= 0.01> <nCl= 30> <al=0.28> <DB=-84821.2721> <Mlp= 4296.4074> <PB=1000000> 
<DWph=2> <it= 39> <et=0.59> <Mt= 0.00> <Spt= 0.00> <nCl= 30> <al=0.18> <DB=-85935.7230> <Mlp= 4206.9841> <PB=1000000> 
<DWph=2> <it= 40> <et=0.59> <Mt= 0.00> <Spt= 0.00> <nCl= 30> <al=0.27> <DB=-76802.9350> <Mlp= 4180.7359> <PB=1000000> 
<DWph=2> <it= 41> <et=0.59> <Mt= 0.00> <Spt= 0.00> <nCl= 30> <al=0.34> <DB=-72250.2123> <Mlp= 4075.7472> <PB=1000000> 
<DWph=2> <it= 42> <et=0.60> <Mt= 0.00> <Spt= 0.01> <nCl= 30> <al=0.40> <DB=-81531.9811> <Mlp= 3861.1520> <PB=1000000> 
<DWph=2> <it= 43> <et=0.60> <Mt= 0.00> <Spt= 0.00> <nCl= 30> <al=0.46> <DB=-66190.8966> <Mlp= 3753.9355> <PB=1000000> 
<DWph=2> <it= 44> <et=0.61> <Mt= 0.00> <Spt= 0.00> <nCl= 30> <al=0.52> <DB=-63895.4164> <Mlp= 3648.8524> <PB=1000000> 
<DWph=2> <it= 45> <et=0.61> <Mt= 0.00> <Spt= 0.01> <nCl= 30> <al=0.57> <DB=-53353.4428> <Mlp= 3549.8444> <PB=1000000> 
<DWph=2> <it= 46> <et=0.62> <Mt= 0.01> <Spt= 0.00> <nCl= 30> <al=0.61> <DB=-48740.6694> <Mlp= 3362.8492> <PB=1000000> 
<DWph=2> <it= 47> <et=0.62> <Mt= 0.00> <Spt= 0.00> <nCl= 30> <al=0.65> <DB=-46812.5703> <Mlp= 3260.5229> <PB=1000000> 
<DWph=2> <it= 48> <et=0.63> <Mt= 0.00> <Spt= 0.01> <nCl= 30> <al=0.68> <DB=-39672.9969> <Mlp= 3200.4752> <PB=1000000> 
<DWph=2> <it= 49> <et=0.63> <Mt= 0.00> <Spt= 0.00> <nCl= 30> <al=0.72> <DB=-33155.8327> <Mlp= 3006.1973> <PB=1000000> 
<DWph=2> <it= 50> <et=0.64> <Mt= 0.00> <Spt= 0.00> <nCl= 30> <al=0.74> <DB=-30386.6531> <Mlp= 2980.6485> <PB=1000000> 
<DWph=2> <it= 51> <et=0.64> <Mt= 0.00> <Spt= 0.01> <nCl= 30> <al=0.77> <DB=-28375.1857> <Mlp= 2931.6899> <PB=1000000> 
<DWph=2> <it= 52> <et=0.65> <Mt= 0.01> <Spt= 0.00> <nCl= 30> <al=0.79> <DB=-25069.7662> <Mlp= 2868.1380> <PB=1000000> 
<DWph=2> <it= 53> <et=0.65> <Mt= 0.00> <Spt= 0.00> <nCl= 30> <al=0.81> <DB=-22317.4961> <Mlp= 2782.7524> <PB=1000000> 
<DWph=2> <it= 54> <et=0.66> <Mt= 0.00> <Spt= 0.01> <nCl= 30> <al=0.83> <DB=-22162.6245> <Mlp= 2660.0808> <PB=1000000> 
<DWph=2> <it= 55> <et=0.66> <Mt= 0.00> <Spt= 0.00> <nCl= 30> <al=0.85> <DB=-18892.3827> <Mlp= 2513.8859> <PB=1000000> 
<DWph=2> <it= 56> <et=0.67> <Mt= 0.00> <Spt= 0.01> <nCl= 30> <al=0.75> <DB=-15737.1143> <Mlp= 2462.2890> <PB=1000000> 
<DWph=2> <it= 57> <et=0.68> <Mt= 0.01> <Spt= 0.00> <nCl= 30> <al=0.65> <DB=-15940.4293> <Mlp= 2306.2209> <PB=1000000> 
<DWph=2> <it= 58> <et=0.68> <Mt= 0.00> <Spt= 0.00> <nCl= 30> <al=0.68> <DB=-16512.4989> <Mlp= 2274.8057> <PB=1000000> 
<DWph=2> <it= 59> <et=0.69> <Mt= 0.00> <Spt= 0.00> <nCl= 30> <al=0.72> <DB=-13091.7649> <Mlp= 2221.1517> <PB=1000000> 
<DWph=2> <it= 60> <et=0.69> <Mt= 0.00> <Spt= 0.01> <nCl= 30> <al=0.74> <DB=-11616.9828> <Mlp= 2177.2191> <PB=1000000> 
<DWph=2> <it= 61> <et=0.70> <Mt= 0.00> <Spt= 0.00> <nCl= 30> <al=0.64> <DB=-9588.1111> <Mlp= 2126.1982> <PB=1000000> 
<DWph=2> <it= 62> <et=0.70> <Mt= 0.00> <Spt= 0.00> <nCl= 30> <al=0.54> <DB=-8297.2758> <Mlp= 2059.1702> <PB=1000000> 
<DWph=2> <it= 63> <et=0.71> <Mt= 0.01> <Spt= 0.01> <nCl= 30> <al=0.59> <DB=-7611.5912> <Mlp= 2031.3293> <PB=1000000> 
<DWph=2> <it= 64> <et=0.71> <Mt= 0.00> <Spt= 0.00> <nCl= 30> <al=0.63> <DB=-5465.3249> <Mlp= 2021.9138> <PB=1000000> 
<DWph=2> <it= 65> <et=0.72> <Mt= 0.00> <Spt= 0.00> <nCl= 30> <al=0.67> <DB=-4345.6537> <Mlp= 1992.9870> <PB=1000000> 
<DWph=2> <it= 66> <et=0.72> <Mt= 0.00> <Spt= 0.01> <nCl= 30> <al=0.57> <DB=-3502.3269> <Mlp= 1975.5740> <PB=1000000> 
<DWph=2> <it= 67> <et=0.73> <Mt= 0.00> <Spt= 0.00> <nCl= 30> <al=0.61> <DB=-3932.6459> <Mlp= 1959.4366> <PB=1000000> 
<DWph=2> <it= 68> <et=0.73> <Mt= 0.01> <Spt= 0.00> <nCl= 30> <al=0.65> <DB=-3101.7140> <Mlp= 1947.5833> <PB=1000000> 
<DWph=2> <it= 69> <et=0.74> <Mt= 0.00> <Spt= 0.01> <nCl= 30> <al=0.68> <DB=-3102.2692> <Mlp= 1938.0899> <PB=1000000> 
<DWph=2> <it= 70> <et=0.75> <Mt= 0.00> <Spt= 0.00> <nCl= 30> <al=0.72> <DB=-1614.4347> <Mlp= 1913.2009> <PB=1000000> 
<DWph=2> <it= 71> <et=0.75> <Mt= 0.00> <Spt= 0.01> <nCl= 30> <al=0.62> <DB=-1394.2196> <Mlp= 1903.4324> <PB=1000000> 
<DWph=2> <it= 72> <et=0.76> <Mt= 0.01> <Spt= 0.00> <nCl= 30> <al=0.65> <DB=-1086.4430> <Mlp= 1885.2717> <PB=1000000> 
<DWph=2> <it= 73> <et=0.77> <Mt= 0.00> <Spt= 0.00> <nCl= 30> <al=0.69> <DB= -966.5068> <Mlp= 1879.0677> <PB=1000000> 
<DWph=2> <it= 74> <et=0.79> <Mt= 0.01> <Spt= 0.01> <nCl= 30> <al=0.72> <DB=-1112.6402> <Mlp= 1864.8191> <PB=1000000> 
<DWph=2> <it= 75> <et=0.80> <Mt= 0.01> <Spt= 0.01> <nCl= 26> <al=0.75> <DB= -136.4131> <Mlp= 1861.8997> <PB=1000000> 
<DWph=2> <it= 76> <et=0.81> <Mt= 0.01> <Spt= 0.00> <nCl= 30> <al=0.65> <DB= -292.5010> <Mlp= 1857.5721> <PB=1000000> 
<DWph=2> <it= 77> <et=0.82> <Mt= 0.00> <Spt= 0.01> <nCl= 30> <al=0.68> <DB=   83.7716> <Mlp= 1854.8238> <PB=1000000> 
<DWph=2> <it= 78> <et=0.84> <Mt= 0.01> <Spt= 0.00> <nCl= 28> <al=0.72> <DB=  552.3576> <Mlp= 1843.8367> <PB=1000000> 
<DWph=2> <it= 79> <et=0.85> <Mt= 0.01> <Spt= 0.01> <nCl= 30> <al=0.74> <DB=  701.3519> <Mlp= 1841.5064> <PB=1000000> 
<DWph=2> <it= 80> <et=0.86> <Mt= 0.00> <Spt= 0.00> <nCl= 24> <al=0.77> <DB=  164.9804> <Mlp= 1840.5446> <PB=1000000> 
<DWph=2> <it= 81> <et=0.86> <Mt= 0.00> <Spt= 0.00> <nCl= 20> <al=0.79> <DB=  849.9251> <Mlp= 1840.5446> <PB=1000000> 
<DWph=2> <it= 82> <et=0.87> <Mt= 0.01> <Spt= 0.01> <nCl= 17> <al=0.81> <DB= 1065.4781> <Mlp= 1840.3203> <PB=1000000> 
<DWph=2> <it= 83> <et=0.87> <Mt= 0.00> <Spt= 0.00> <nCl= 27> <al=0.83> <DB=  186.9380> <Mlp= 1839.5170> <PB=1000000> 
<DWph=2> <it= 84> <et=0.88> <Mt= 0.00> <Spt= 0.00> <nCl= 26> <al=0.85> <DB= 1190.7234> <Mlp= 1838.5465> <PB=1000000> 
<DWph=2> <it= 85> <et=0.88> <Mt= 0.00> <Spt= 0.01> <nCl= 28> <al=0.75> <DB= 1083.0453> <Mlp= 1838.3687> <PB=1000000> 
<DWph=2> <it= 86> <et=0.89> <Mt= 0.00> <Spt= 0.00> <nCl= 25> <al=0.77> <DB= 1238.7683> <Mlp= 1835.5525> <PB=1000000> 
<DWph=2> <it= 87> <et=0.90> <Mt= 0.01> <Spt= 0.01> <nCl= 30> <al=0.67> <DB= 1157.6699> <Mlp= 1834.3934> <PB=1000000> 
<DWph=2> <it= 88> <et=0.90> <Mt= 0.00> <Spt= 0.00> <nCl= 25> <al=0.71> <DB=  887.5571> <Mlp= 1831.4711> <PB=1000000> 
<DWph=2> <it= 89> <et=0.91> <Mt= 0.00> <Spt= 0.00> <nCl= 22> <al=0.74> <DB= 1174.3151> <Mlp= 1826.6150> <PB=1000000> 
<DWph=2> <it= 90> <et=0.91> <Mt= 0.00> <Spt= 0.01> <nCl= 23> <al=0.64> <DB= 1344.0010> <Mlp= 1826.0749> <PB=1000000> 
<DWph=2> <it= 91> <et=0.92> <Mt= 0.00> <Spt= 0.00> <nCl= 30> <al=0.67> <DB=  393.6311> <Mlp= 1826.0749> <PB=1000000> 
<DWph=2> <it= 92> <et=0.92> <Mt= 0.00> <Spt= 0.00> <nCl= 28> <al=0.70> <DB= 1029.9472> <Mlp= 1826.0749> <PB=1000000> 
<DWph=2> <it= 93> <et=0.93> <Mt= 0.00> <Spt= 0.01> <nCl= 24> <al=0.60> <DB= 1544.2920> <Mlp= 1826.0749> <PB=1000000> 
<DWph=2> <it= 94> <et=0.93> <Mt= 0.00> <Spt= 0.00> <nCl= 30> <al=0.64> <DB=  856.1079> <Mlp= 1825.9362> <PB=1000000> 
<DWph=2> <it= 95> <et=0.94> <Mt= 0.01> <Spt= 0.00> <nCl= 28> <al=0.68> <DB= 1653.8043> <Mlp= 1825.9362> <PB=1000000> 
<DWph=2> <it= 96> <et=0.94> <Mt= 0.00> <Spt= 0.01> <nCl= 30> <al=0.58> <DB=  943.4480> <Mlp= 1825.8652> <PB=1000000> 
<DWph=2> <it= 97> <et=0.95> <Mt= 0.00> <Spt= 0.00> <nCl= 17> <al=0.62> <DB= 1706.7895> <Mlp= 1825.8652> <PB=1000000> 
<DWph=2> <it= 98> <et=0.95> <Mt= 0.00> <Spt= 0.01> <nCl= 30> <al=0.52> <DB= 1066.9364> <Mlp= 1825.8535> <PB=1000000> 
<DWph=2> <it= 99> <et=0.96> <Mt= 0.00> <Spt= 0.00> <nCl= 26> <al=0.57> <DB= 1131.0374> <Mlp= 1825.8535> <PB=1000000> 
<DWph=2> <it=100> <et=0.96> <Mt= 0.00> <Spt= 0.00> <nCl= 21> <al=0.61> <DB= 1592.9752> <Mlp= 1825.8535> <PB=1000000> 
<DWph=2> <it=101> <et=0.96> <Mt= 0.00> <Spt= 0.01> <nCl= 17> <al=0.65> <DB= 1687.2074> <Mlp= 1825.8535> <PB=1000000> 
<DWph=2> <it=102> <et=0.97> <Mt= 0.00> <Spt= 0.00> <nCl= 19> <al=0.55> <DB= 1273.2129> <Mlp= 1825.8535> <PB=1000000> 
<DWph=2> <it=103> <et=0.97> <Mt= 0.00> <Spt= 0.00> <nCl= 16> <al=0.60> <DB= 1387.9227> <Mlp= 1825.7557> <PB=1000000> 
<DWph=2> <it=104> <et=0.98> <Mt= 0.01> <Spt= 0.01> <nCl= 14> <al=0.64> <DB= 1495.4229> <Mlp= 1825.7557> <PB=1000000> 
<DWph=2> <it=105> <et=0.98> <Mt= 0.00> <Spt= 0.00> <nCl= 19> <al=0.67> <DB= 1047.3644> <Mlp= 1825.7557> <PB=1000000> 
<DWph=2> <it=106> <et=0.99> <Mt= 0.00> <Spt= 0.01> <nCl= 36> <al=0.41> <DB= 1099.5135> <Mlp= 1825.7557> <PB=1000000> 
<DWph=2> <it=107> <et=1.00> <Mt= 0.00> <Spt= 0.00> <nCl= 21> <al=0.61> <DB= 1386.1991> <Mlp= 1825.7209> <PB=1000000> 
<DWph=2> <it=108> <et=1.00> <Mt= 0.00> <Spt= 0.00> <nCl= 15> <al=0.65> <DB= 1771.5729> <Mlp= 1825.7209> <PB=1000000> 
<DWph=2> <it=109> <et=1.01> <Mt= 0.00> <Spt= 0.01> <nCl= 24> <al=0.55> <DB= 1625.0831> <Mlp= 1825.7209> <PB=1000000> 
<DWph=2> <it=110> <et=1.01> <Mt= 0.00> <Spt= 0.00> <nCl= 29> <al=0.45> <DB= 1113.3352> <Mlp= 1825.3957> <PB=1000000> 
<DWph=2> <it=111> <et=1.02> <Mt= 0.00> <Spt= 0.01> <nCl= 20> <al=0.50> <DB= 1522.4649> <Mlp= 1825.3957> <PB=1000000> 
<DWph=2> <it=112> <et=1.02> <Mt= 0.00> <Spt= 0.00> <nCl= 25> <al=0.40> <DB= 1257.2309> <Mlp= 1825.3595> <PB=1000000> 
<DWph=2> <it=113> <et=1.02> <Mt= 0.00> <Spt= 0.00> <nCl= 18> <al=0.46> <DB= 1724.1397> <Mlp= 1825.3595> <PB=1000000> 
<DWph=2> <it=114> <et=1.03> <Mt= 0.00> <Spt= 0.01> <nCl= 18> <al=0.36> <DB= 1746.1154> <Mlp= 1825.3595> <PB=1000000> 
<DWph=2> <it=115> <et=1.03> <Mt= 0.01> <Spt= 0.00> <nCl= 17> <al=0.26> <DB= 1818.5469> <Mlp= 1825.3234> <PB=1000000> 
<DWph=2> <it=116> <et=1.04> <Mt= 0.00> <Spt= 0.00> <nCl= 27> <al=0.16> <DB= 1257.6804> <Mlp= 1825.3234> <PB=1000000> 
<DWph=2> <it=117> <et=1.04> <Mt= 0.00> <Spt= 0.01> <nCl= 24> <al=0.24> <DB= 1594.0045> <Mlp= 1825.3234> <PB=1000000> 
<DWph=2> <it=118> <et=1.05> <Mt= 0.00> <Spt= 0.00> <nCl= 39> <al=0.00> <DB= 1525.3234> <Mlp= 1825.3234> <PB=1000000> 
<DWph=2> <it=119> <et=1.05> <Mt= 0.00> <Spt= 0.01> <nCl= 20> <al=0.22> <DB= 1703.5975> <Mlp= 1825.3234> <PB=1000000> 
<DWph=2> <it=120> <et=1.06> <Mt= 0.00> <Spt= 0.00> <nCl= 18> <al=0.30> <DB= 1616.3755> <Mlp= 1825.3234> <PB=1000000> 
<DWph=2> <it=121> <et=1.06> <Mt= 0.00> <Spt= 0.00> <nCl= 27> <al=0.20> <DB=  788.7512> <Mlp= 1824.6801> <PB=1000000> 
<DWph=2> <it=122> <et=1.07> <Mt= 0.00> <Spt= 0.01> <nCl= 16> <al=0.28> <DB= 1353.6550> <Mlp= 1824.4444> <PB=1000000> 
<DWph=2> <it=123> <et=1.07> <Mt= 0.01> <Spt= 0.00> <nCl= 30> <al=0.35> <DB=  619.5136> <Mlp= 1821.2366> <PB=1000000> 
<DWph=2> <it=124> <et=1.08> <Mt= 0.00> <Spt= 0.00> <nCl= 22> <al=0.42> <DB= 1597.3727> <Mlp= 1821.2366> <PB=1000000> 
<DWph=2> <it=125> <et=1.08> <Mt= 0.00> <Spt= 0.01> <nCl= 12> <al=0.32> <DB= 1821.8414> <Mlp= 1821.2366> <PB=1000000> 
<DWph=1> <it=126> <et=1.09> <Mt= 0.00> <Spt= 0.01> <nCl= 30> <al=0.38> <DB= -167.2916> <Mlp= 1821.2366> <PB=1000000> 
<DWph=1> <it=127> <et=1.11> <Mt= 0.00> <Spt= 0.01> <nCl= 25> <al=0.45> <DB=  625.2546> <Mlp= 1820.6667> <PB=1000000> 
<DWph=1> <it=128> <et=1.12> <Mt= 0.00> <Spt= 0.01> <nCl= 28> <al=0.35> <DB= 1110.1724> <Mlp= 1817.7228> <PB=1000000> 
<DWph=1> <it=129> <et=1.13> <Mt= 0.00> <Spt= 0.01> <nCl= 30> <al=0.41> <DB=  713.3626> <Mlp= 1817.7228> <PB=1000000> 
<DWph=1> <it=130> <et=1.14> <Mt= 0.01> <Spt= 0.00> <nCl= 25> <al=0.47> <DB=  910.1862> <Mlp= 1817.6667> <PB=1000000> 
<DWph=1> <it=131> <et=1.15> <Mt= 0.00> <Spt= 0.01> <nCl= 18> <al=0.52> <DB= 1392.4290> <Mlp= 1817.6667> <PB=1000000> 
<DWph=1> <it=132> <et=1.16> <Mt= 0.00> <Spt= 0.01> <nCl= 20> <al=0.42> <DB= 1417.7042> <Mlp= 1816.8226> <PB=1000000> 
<DWph=1> <it=133> <et=1.17> <Mt= 0.00> <Spt= 0.01> <nCl= 18> <al=0.48> <DB= 1323.5154> <Mlp= 1816.6792> <PB=1000000> 
<DWph=1> <it=134> <et=1.18> <Mt= 0.00> <Spt= 0.01> <nCl= 24> <al=0.53> <DB= 1325.7419> <Mlp= 1816.3128> <PB=1000000> 
<DWph=1> <it=135> <et=1.19> <Mt= 0.00> <Spt= 0.01> <nCl= 20> <al=0.58> <DB= 1547.1634> <Mlp= 1816.3128> <PB=1000000> 
<DWph=1> <it=136> <et=1.20> <Mt= 0.00> <Spt= 0.01> <nCl= 13> <al=0.62> <DB= 1616.7106> <Mlp= 1816.3128> <PB=1000000> 
<DWph=1> <it=137> <et=1.21> <Mt= 0.00> <Spt= 0.01> <nCl=  8> <al=0.52> <DB= 1712.2540> <Mlp= 1816.3128> <PB=1000000> 
<DWph=1> <it=138> <et=1.22> <Mt= 0.00> <Spt= 0.01> <nCl= 12> <al=0.42> <DB= 1678.7528> <Mlp= 1816.3128> <PB=1000000> 
<DWph=1> <it=139> <et=1.24> <Mt= 0.00> <Spt= 0.01> <nCl= 14> <al=0.48> <DB= 1684.4513> <Mlp= 1816.3128> <PB=1000000> 
<DWph=1> <it=140> <et=1.25> <Mt= 0.01> <Spt= 0.01> <nCl= 16> <al=0.53> <DB= 1581.0286> <Mlp= 1816.3128> <PB=1000000> 
<DWph=1> <it=141> <et=1.26> <Mt= 0.00> <Spt= 0.02> <nCl= 17> <al=0.00> <DB= 1698.3240> <Mlp= 1816.3128> <PB=1000000> 
<DWph=1> <it=142> <et=1.28> <Mt= 0.00> <Spt= 0.01> <nCl= 18> <al=0.00> <DB= 1524.3575> <Mlp= 1816.3128> <PB=1000000> 
<DWph=1> <it=143> <et=1.29> <Mt= 0.00> <Spt= 0.01> <nCl= 19> <al=0.23> <DB= 1498.1734> <Mlp= 1816.0250> <PB=1000000> 
<DWph=1> <it=144> <et=1.30> <Mt= 0.00> <Spt= 0.01> <nCl= 13> <al=0.13> <DB= 1738.4876> <Mlp= 1816.0250> <PB=1000000> 
<DWph=1> <it=145> <et=1.31> <Mt= 0.00> <Spt= 0.01> <nCl= 12> <al=0.22> <DB= 1562.8027> <Mlp= 1816.0250> <PB=1000000> 
<DWph=1> <it=146> <et=1.32> <Mt= 0.00> <Spt= 0.01> <nCl=  5> <al=0.30> <DB= 1740.4479> <Mlp= 1816.0250> <PB=1000000> 
<DWph=1> <it=147> <et=1.33> <Mt= 0.00> <Spt= 0.01> <nCl=  6> <al=0.37> <DB= 1746.9852> <Mlp= 1816.0250> <PB=1000000> 
<DWph=1> <it=148> <et=1.34> <Mt= 0.00> <Spt= 0.01> <nCl= 11> <al=0.43> <DB= 1757.8136> <Mlp= 1815.9512> <PB=1000000> 
<DWph=1> <it=149> <et=1.35> <Mt= 0.00> <Spt= 0.01> <nCl=  2> <al=0.49> <DB= 1778.4713> <Mlp= 1815.9419> <PB=1000000> 
<DWph=1> <it=150> <et=1.36> <Mt= 0.01> <Spt= 0.00> <nCl=  4> <al=0.39> <DB= 1635.9259> <Mlp= 1815.9024> <PB=1000000> 
<DWph=1> <it=151> <et=1.37> <Mt= 0.00> <Spt= 0.01> <nCl=  4> <al=0.45> <DB= 1803.1407> <Mlp= 1815.7443> <PB=1000000> 
<DWph=1> <it=152> <et=1.38> <Mt= 0.00> <Spt= 0.01> <nCl=  4> <al=0.35> <DB= 1788.4955> <Mlp= 1815.7443> <PB=1000000> 
<DWph=1> <it=153> <et=1.40> <Mt= 0.00> <Spt= 0.02> <nCl=  7> <al=0.00> <DB= 1721.9943> <Mlp= 1815.7443> <PB=1000000> 
<DWph=1> <it=154> <et=1.42> <Mt= 0.00> <Spt= 0.02> <nCl=  1> <al=0.00> <DB= 1815.7443> <Mlp= 1815.7443> <PB=1000000> 
    RCSP exact solver info for graph G_0 : TT = 0.036657, pt = 1.2e-05, dt = 0.035001, ct = 0.001156, ndl = 9030', bdl = 386074', odl = 6974', odf = 54649', bsi = 1579', cnt = 44921', bdch = 6131530', odch = 281637', lcp = 201566', #sols = 150
<DWph=0> <it=155> <et=1.46> <Mt= 0.00> <Spt= 0.04> <nCl=150> <al=0.21> <DB=  819.3673> <Mlp= 1815.7443> <PB=1000000> 
    RCSP exact solver info for graph G_0 : TT = 0.041358, pt = 2.3e-05, dt = 0.039407, ct = 0.00145, ndl = 10106', bdl = 435236', odl = 7325', odf = 59950', bsi = 1634', cnt = 71306', bdch = 7616741', odch = 364590', lcp = 234998', #sols = 150
<DWph=0> <it=156> <et=1.51> <Mt= 0.00> <Spt= 0.04> <nCl=122> <al=0.11> <DB= 1276.6165> <Mlp= 1815.3037> <PB=1000000> 
    RCSP exact solver info for graph G_0 : TT = 0.038566, pt = 2.6e-05, dt = 0.036585, ct = 0.001407, ndl = 9525', bdl = 413542', odl = 7352', odf = 58499', bsi = 1635', cnt = 72749', bdch = 6812555', odch = 313473', lcp = 211725', #sols = 150
<DWph=0> <it=157> <et=1.55> <Mt= 0.00> <Spt= 0.04> <nCl=150> <al=0.20> <DB= 1209.3484> <Mlp= 1812.7067> <PB=1000000> 
    RCSP exact solver info for graph G_0 : TT = 0.031796, pt = 2.9e-05, dt = 0.030151, ct = 0.001112, ndl = 8393', bdl = 362567', odl = 6969', odf = 53104', bsi = 1735', cnt = 63369', bdch = 5411694', odch = 242671', lcp = 180629', #sols = 150
<DWph=0> <it=158> <et=1.59> <Mt= 0.01> <Spt= 0.04> <nCl=150> <al=0.28> <DB=  828.2708> <Mlp= 1811.9590> <PB=1000000> 
    RCSP exact solver info for graph G_0 : TT = 0.034259, pt = 3e-05, dt = 0.032471, ct = 0.001232, ndl = 8900', bdl = 381648', odl = 7236', odf = 55390', bsi = 1634', cnt = 66167', bdch = 5994413', odch = 274133', lcp = 201364', #sols = 150
<DWph=0> <it=159> <et=1.63> <Mt= 0.00> <Spt= 0.04> <nCl= 98> <al=0.35> <DB= 1479.1309> <Mlp= 1811.9590> <PB=1000000> 
    RCSP exact solver info for graph G_0 : TT = 0.035128, pt = 2.9e-05, dt = 0.033039, ct = 0.001489, ndl = 9005', bdl = 388493', odl = 7108', odf = 55091', bsi = 1615', cnt = 64020', bdch = 5997012', odch = 272268', lcp = 201000', #sols = 150
<DWph=0> <it=160> <et=1.67> <Mt= 0.00> <Spt= 0.04> <nCl= 63> <al=0.42> <DB= 1659.0714> <Mlp= 1811.7031> <PB=1000000> 
    RCSP exact solver info for graph G_0 : TT = 0.037924, pt = 2.9e-05, dt = 0.035663, ct = 0.001608, ndl = 9406', bdl = 404483', odl = 7060', odf = 56892', bsi = 1520', cnt = 66269', bdch = 6436598', odch = 291075', lcp = 211837', #sols = 150
<DWph=0> <it=161> <et=1.72> <Mt= 0.00> <Spt= 0.04> <nCl= 62> <al=0.48> <DB= 1543.8081> <Mlp= 1811.7031> <PB=1000000> 
    RCSP exact solver info for graph G_0 : TT = 0.036002, pt = 2.7e-05, dt = 0.034013, ct = 0.001361, ndl = 9176', bdl = 396871', odl = 7108', odf = 55571', bsi = 1557', cnt = 64743', bdch = 6268834', odch = 274794', lcp = 203128', #sols = 150
<DWph=0> <it=162> <et=1.76> <Mt= 0.01> <Spt= 0.04> <nCl= 29> <al=0.53> <DB= 1721.0097> <Mlp= 1811.6923> <PB=1000000> 
    RCSP exact solver info for graph G_0 : TT = 0.034622, pt = 2.5e-05, dt = 0.032842, ct = 0.001227, ndl = 8776', bdl = 378906', odl = 7099', odf = 53368', bsi = 1599', cnt = 57468', bdch = 5818094', odch = 256543', lcp = 188279', #sols = 150
<DWph=0> <it=163> <et=1.80> <Mt= 0.00> <Spt= 0.04> <nCl= 26> <al=0.58> <DB= 1533.6354> <Mlp= 1811.6923> <PB=1000000> 
    RCSP exact solver info for graph G_0 : TT = 0.038856, pt = 3e-05, dt = 0.036628, ct = 0.001558, ndl = 9375', bdl = 401212', odl = 7076', odf = 56368', bsi = 1579', cnt = 66679', bdch = 6429725', odch = 289003', lcp = 205623', #sols = 150
<DWph=0> <it=164> <et=1.84> <Mt= 0.00> <Spt= 0.04> <nCl=  7> <al=0.62> <DB= 1755.6083> <Mlp= 1811.6742> <PB=1000000> 
    RCSP exact solver info for graph G_0 : TT = 0.038634, pt = 3.3e-05, dt = 0.036531, ct = 0.001385, ndl = 9193', bdl = 393935', odl = 7071', odf = 55315', bsi = 1557', cnt = 64129', bdch = 6242504', odch = 280782', lcp = 196037', #sols = 150
<DWph=0> <it=165> <et=1.88> <Mt= 0.00> <Spt= 0.04> <nCl= 21> <al=0.52> <DB= 1734.6958> <Mlp= 1811.6742> <PB=1000000> 
    RCSP exact solver info for graph G_0 : TT = 0.036929, pt = 2.7e-05, dt = 0.034943, ct = 0.0014, ndl = 9515', bdl = 407434', odl = 7085', odf = 56863', bsi = 1519', cnt = 71982', bdch = 6627481', odch = 300663', lcp = 206798', #sols = 150
    RCSP exact solver info for graph G_0 : TT = 0.035581, pt = 2.9e-05, dt = 0.033656, ct = 0.001331, ndl = 9270', bdl = 399452', odl = 7093', odf = 55740', bsi = 1482', cnt = 67274', bdch = 6406669', odch = 283059', lcp = 196883', #sols = 150
<DWph=0> <it=166> <et=1.96> <Mt= 0.00> <Spt= 0.08> <nCl= 23> <al=0.13> <DB= 1764.4416> <Mlp= 1811.6742> <PB=1000000> 
    RCSP exact solver info for graph G_0 : TT = 0.035616, pt = 2.5e-05, dt = 0.033707, ct = 0.001332, ndl = 9295', bdl = 398098', odl = 7032', odf = 55862', bsi = 1556', cnt = 71110', bdch = 6359120', odch = 286645', lcp = 198554', #sols = 150
    RCSP exact solver info for graph G_0 : TT = 0.032627, pt = 2.5e-05, dt = 0.030629, ct = 0.001433, ndl = 8243', bdl = 357767', odl = 7027', odf = 51237', bsi = 1554', cnt = 50452', bdch = 5274427', odch = 232397', lcp = 168731', #sols = 150
<DWph=0> <it=167> <et=2.04> <Mt= 0.00> <Spt= 0.07> <nCl=  9> <al=0.00> <DB= 1787.6719> <Mlp= 1811.6719> <PB=1000000> 
    RCSP exact solver info for graph G_0 : TT = 0.035702, pt = 3e-05, dt = 0.033708, ct = 0.001331, ndl = 9167', bdl = 394916', odl = 7051', odf = 55087', bsi = 1559', cnt = 68942', bdch = 6252651', odch = 281177', lcp = 195309', #sols = 150
    RCSP exact solver info for graph G_0 : TT = 0.03251, pt = 2.5e-05, dt = 0.030604, ct = 0.001313, ndl = 8243', bdl = 357460', odl = 7038', odf = 51302', bsi = 1553', cnt = 51196', bdch = 5271769', odch = 233769', lcp = 169608', #sols = 150
<DWph=0> <it=168> <et=2.11> <Mt= 0.00> <Spt= 0.07> <nCl=  2> <al=0.00> <DB= 1811.6719> <Mlp= 1811.6719> <PB=1000000> 
RCSP solver dynamic params and stats :  bidir.bord. = 375 aver.obdmd = 24.3871 aver.buck.num. = 26
@@ 1 0 1811.67 0.0354531 0.040857 91.9209 2.11
RCSP      solver labels distribution in 687 buckets (bucket size) : largest - 66, top 0.1% - 66, top 0.5% - 52, top 2% - 42, top 10% - 28, top 50% - 9
Reduced cost fixing for graph G_0...  TT = 0.061768, pt = 0.005425, dt = 0.05618, ct = 0, ndl = 19303', bdl = 630127', odl = 7415', odf = 88394', lpcb = 37729', cnt = 1983186', bdch = 9331544', odch = 603565', lcp = 317835'
84495 buck. arcs remain (99% from prev., 91% from max.) + 0 jump buck. arcs (0% from max.)
 TT = 0.103464, pt = 0.005425, dt = 0.05618, ct = 0.041596, ndl = 19303', bdl = 630127', odl = 7415', odf = 88394', lpcb = 37729', cnt = 2116674', bdch = 9331544', odch = 603565', lcp = 317835'
RCSP      solver labels distribution in 1350 buckets (bucket size) : largest - 66, top 0.1% - 65, top 0.5% - 62, top 2% - 48, top 10% - 32, top 50% - 11
Run forward enumeration with border = 375... not succeeded (ratio 0.982313) lpt = 0.018868, ndl = 20015', dl = 580', lpcb = 0', dch = 13606'
 TT = 0.030862, pt = 0.009281, dt = 0.018868, ct = 0, ndl = 20015', bdl = 580', cnt = 78466', bdch = 13606', odch = 0', lcp = 0'
Bucket graph for G_0 is regenerated as bucket steps were adjusted for 62 vertices
RCSP solver info : number of forw. reachable buckets / buck. strongly connected components is 3031( 95.8571% ) / 3031( 100% )
165248 forw. buck. arcs remain (92.4206% from max.) + 0 jump buck. arcs
ColGenEvalAlg final dual bound: 1811.67 (rounded: 1812)
In total 4 RCC cut(s) are found by the connected components heuristic 
Shrinking heuristic shrunk 32 edges
In total 16 RCC cut(s) are found by the Fractional capacity min-cut heuristic 
In total 32 RCC cut(s) are found by the greedy construction heuristic 
----- Add fac. cuts : CAP(52), max.viol = 0.8125, aver.viol = 0.222055, sep/add took 0.00390184/0.149097 sec. -----
4774 columns (4774 active), 52 dyn. constrs. (52 active), 174 art. vars. (174 active)
<DWph=2> <it=  1> <et=2.46> <Mt= 0.02> <Spt= 0.01> <nCl= 30> <al=0.50> <DB=  935.4201> <Mlp= 1872.4037> <PB=1000000> 
<DWph=2> <it=  2> <et=2.48> <Mt= 0.02> <Spt= 0.01> <nCl= 23> <al=0.55> <DB= 1620.1481> <Mlp= 1849.0767> <PB=1000000> 
<DWph=2> <it=  3> <et=2.50> <Mt= 0.00> <Spt= 0.01> <nCl= 20> <al=0.60> <DB= 1826.1924> <Mlp= 1847.5251> <PB=1000000> 
<DWph=2> <it=  4> <et=2.51> <Mt= 0.01> <Spt= 0.00> <nCl= 29> <al=0.50> <DB= 1434.7324> <Mlp= 1847.4720> <PB=1000000> 
<DWph=2> <it=  5> <et=2.52> <Mt= 0.00> <Spt= 0.01> <nCl= 21> <al=0.55> <DB= 1721.5271> <Mlp= 1846.0524> <PB=1000000> 
<DWph=2> <it=  6> <et=2.54> <Mt= 0.01> <Spt= 0.01> <nCl= 21> <al=0.59> <DB= 1833.1767> <Mlp= 1844.8130> <PB=1000000> 
<DWph=2> <it=  7> <et=2.55> <Mt= 0.01> <Spt= 0.01> <nCl= 24> <al=0.49> <DB= 1488.9782> <Mlp= 1843.8306> <PB=1000000> 
<DWph=2> <it=  8> <et=2.57> <Mt= 0.00> <Spt= 0.01> <nCl= 23> <al=0.54> <DB= 1703.3979> <Mlp= 1842.8124> <PB=1000000> 
<DWph=2> <it=  9> <et=2.58> <Mt= 0.01> <Spt= 0.00> <nCl= 13> <al=0.59> <DB= 1834.2235> <Mlp= 1842.1829> <PB=1000000> 
<DWph=2> <it= 10> <et=2.60> <Mt= 0.01> <Spt= 0.01> <nCl= 23> <al=0.49> <DB= 1702.9038> <Mlp= 1841.5702> <PB=1000000> 
<DWph=2> <it= 11> <et=2.61> <Mt= 0.00> <Spt= 0.01> <nCl= 18> <al=0.54> <DB= 1834.2701> <Mlp= 1840.8389> <PB=1000000> 
<DWph=2> <it= 12> <et=2.62> <Mt= 0.00> <Spt= 0.01> <nCl= 17> <al=0.59> <DB= 1829.6897> <Mlp= 1840.6900> <PB=1000000> 
<DWph=2> <it= 13> <et=2.63> <Mt= 0.01> <Spt= 0.00> <nCl= 13> <al=0.63> <DB= 1831.7509> <Mlp= 1840.3494> <PB=1000000> 
<DWph=2> <it= 14> <et=2.64> <Mt= 0.00> <Spt= 0.01> <nCl= 11> <al=0.66> <DB= 1778.5792> <Mlp= 1840.3494> <PB=1000000> 
<DWph=2> <it= 15> <et=2.65> <Mt= 0.00> <Spt= 0.01> <nCl= 25> <al=0.39> <DB= 1829.3948> <Mlp= 1840.3494> <PB=1000000> 
<DWph=2> <it= 16> <et=2.67> <Mt= 0.00> <Spt= 0.02> <nCl= 20> <al=0.19> <DB= 1731.7805> <Mlp= 1840.3271> <PB=1000000> 
<DWph=2> <it= 17> <et=2.68> <Mt= 0.01> <Spt= 0.00> <nCl= 10> <al=0.50> <DB= 1839.0734> <Mlp= 1840.3271> <PB=1000000> 
<DWph=2> <it= 18> <et=2.69> <Mt= 0.00> <Spt= 0.01> <nCl= 14> <al=0.40> <DB= 1839.8288> <Mlp= 1840.3271> <PB=1000000> 
<DWph=2> <it= 19> <et=2.70> <Mt= 0.00> <Spt= 0.00> <nCl= 12> <al=0.30> <DB= 1753.0350> <Mlp= 1840.3271> <PB=1000000> 
<DWph=2> <it= 20> <et=2.71> <Mt= 0.00> <Spt= 0.02> <nCl= 23> <al=0.00> <DB= 1838.5087> <Mlp= 1840.3271> <PB=1000000> 
<DWph=2> <it= 21> <et=2.73> <Mt= 0.00> <Spt= 0.01> <nCl=  9> <al=0.00> <DB= 1807.8598> <Mlp= 1840.3271> <PB=1000000> 
<DWph=2> <it= 22> <et=2.74> <Mt= 0.01> <Spt= 0.01> <nCl=  0> <al=0.00> <DB= 1840.3271> <Mlp= 1840.3271> <PB=1000000> 
<DWph=1> <it= 23> <et=2.75> <Mt= 0.00> <Spt= 0.02> <nCl= 21> <al=0.07> <DB= 1732.6846> <Mlp= 1840.3271> <PB=1000000> 
<DWph=1> <it= 24> <et=2.77> <Mt= 0.00> <Spt= 0.01> <nCl= 19> <al=0.16> <DB= 1773.7793> <Mlp= 1840.1180> <PB=1000000> 
<DWph=1> <it= 25> <et=2.79> <Mt= 0.00> <Spt= 0.01> <nCl= 22> <al=0.24> <DB= 1811.4187> <Mlp= 1840.1025> <PB=1000000> 
<DWph=1> <it= 26> <et=2.81> <Mt= 0.01> <Spt= 0.02> <nCl= 14> <al=0.32> <DB= 1680.0828> <Mlp= 1839.8063> <PB=1000000> 
<DWph=1> <it= 27> <et=2.82> <Mt= 0.00> <Spt= 0.01> <nCl= 14> <al=0.39> <DB= 1741.3108> <Mlp= 1839.7958> <PB=1000000> 
<DWph=1> <it= 28> <et=2.84> <Mt= 0.00> <Spt= 0.02> <nCl= 10> <al=0.29> <DB= 1836.0029> <Mlp= 1839.6970> <PB=1000000> 
<DWph=1> <it= 29> <et=2.86> <Mt= 0.01> <Spt= 0.01> <nCl=  8> <al=0.36> <DB= 1833.9867> <Mlp= 1839.6970> <PB=1000000> 
<DWph=1> <it= 30> <et=2.89> <Mt= 0.00> <Spt= 0.03> <nCl= 11> <al=0.00> <DB= 1837.1661> <Mlp= 1839.6970> <PB=1000000> 
<DWph=1> <it= 31> <et=2.91> <Mt= 0.00> <Spt= 0.02> <nCl=  6> <al=0.00> <DB= 1839.6970> <Mlp= 1839.6970> <PB=1000000> 
    RCSP exact solver info for graph G_0 : TT = 0.026818, pt = 5.3e-05, dt = 0.024995, ct = 0.001241, ndl = 7353', bdl = 310186', odl = 10126', odf = 92771', bsi = 1602', cnt = 49413', bdch = 2849990', odch = 249809', lcp = 125171', #sols = 150
<DWph=0> <it= 32> <et=2.95> <Mt= 0.00> <Spt= 0.04> <nCl=128> <al=0.22> <DB= 1815.5276> <Mlp= 1839.6970> <PB=1000000> 
    RCSP exact solver info for graph G_0 : TT = 0.027861, pt = 8.4e-05, dt = 0.026018, ct = 0.001153, ndl = 7326', bdl = 314776', odl = 10109', odf = 93255', bsi = 1516', cnt = 43417', bdch = 2892482', odch = 252713', lcp = 126311', #sols = 150
<DWph=0> <it= 33> <et=2.99> <Mt= 0.01> <Spt= 0.03> <nCl= 51> <al=0.30> <DB= 1833.6818> <Mlp= 1839.3013> <PB=1000000> 
    RCSP exact solver info for graph G_0 : TT = 0.026648, pt = 7.4e-05, dt = 0.024814, ct = 0.001213, ndl = 7220', bdl = 311299', odl = 10028', odf = 93381', bsi = 1494', cnt = 41148', bdch = 2822007', odch = 248822', lcp = 123669', #sols = 150
<DWph=0> <it= 34> <et=3.02> <Mt= 0.00> <Spt= 0.03> <nCl= 11> <al=0.20> <DB= 1838.1702> <Mlp= 1839.3007> <PB=1000000> 
    RCSP exact solver info for graph G_0 : TT = 0.026811, pt = 6.1e-05, dt = 0.025211, ct = 0.001003, ndl = 7234', bdl = 312194', odl = 10038', odf = 93564', bsi = 1490', cnt = 39834', bdch = 2839882', odch = 250991', lcp = 123401', #sols = 150
<DWph=0> <it= 35> <et=3.05> <Mt= 0.00> <Spt= 0.03> <nCl=  4> <al=0.10> <DB= 1838.8410> <Mlp= 1839.2997> <PB=1000000> 
    RCSP exact solver info for graph G_0 : TT = 0.025767, pt = 6.2e-05, dt = 0.024049, ct = 0.001079, ndl = 7230', bdl = 311762', odl = 10040', odf = 93604', bsi = 1491', cnt = 40193', bdch = 2834279', odch = 251038', lcp = 123664', #sols = 150
    RCSP exact solver info for graph G_0 : TT = 0.025401, pt = 5.1e-05, dt = 0.023696, ct = 0.001074, ndl = 7146', bdl = 308640', odl = 9998', odf = 92847', bsi = 1500', cnt = 39837', bdch = 2768435', odch = 246513', lcp = 122170', #sols = 150
<DWph=0> <it= 36> <et=3.11> <Mt= 0.00> <Spt= 0.06> <nCl= 12> <al=0.00> <DB= 1839.2997> <Mlp= 1839.2997> <PB=1000000> 
RCSP solver dynamic params and stats :  bidir.bord. = 375 aver.obdmd = 48.7742 aver.buck.num. = 51
@@ 1 1 1839.3 0.0259243 0.027171 92.4206 3.11
    Full reduced cost fixing is not called (gap ratio is 0.999972)
ColGenEvalAlg final dual bound: 1839.3 (rounded: 1840)
False gap improvement since the last cut separation : 0.152499 (1811.67)
Current active cuts : CAP(1+8,1069.7)
Shrinking heuristic shrunk 30 edges
In total 9 RCC cut(s) are found by the Fractional capacity min-cut heuristic 
In total 33 RCC cut(s) are found by the greedy construction heuristic 
In total 5 RCC cut(s) are found by the global pool greedy search heuristic 
----- Add fac. cuts : CAP(47), max.viol = 0.564362, aver.viol = 0.148931, sep/add took 0.00450312/0.247519 sec. -----
5504 columns (5504 active), 99 dyn. constrs. (56 active), 221 art. vars. (178 active)
<DWph=2> <it=  1> <et=3.41> <Mt= 0.03> <Spt= 0.01> <nCl= 30> <al=0.50> <DB= 1703.0077> <Mlp= 1853.4552> <PB=1000000> 
<DWph=2> <it=  2> <et=3.43> <Mt= 0.01> <Spt= 0.00> <nCl= 21> <al=0.55> <DB= 1766.3775> <Mlp= 1852.7053> <PB=1000000> 
<DWph=2> <it=  3> <et=3.44> <Mt= 0.01> <Spt= 0.01> <nCl= 18> <al=0.60> <DB= 1844.5031> <Mlp= 1852.1478> <PB=1000000> 
<DWph=2> <it=  4> <et=3.46> <Mt= 0.00> <Spt= 0.01> <nCl= 30> <al=0.50> <DB= 1319.9436> <Mlp= 1852.1478> <PB=1000000> 
<DWph=2> <it=  5> <et=3.47> <Mt= 0.01> <Spt= 0.01> <nCl= 24> <al=0.55> <DB= 1837.0676> <Mlp= 1851.1705> <PB=1000000> 
<DWph=2> <it=  6> <et=3.49> <Mt= 0.01> <Spt= 0.01> <nCl= 23> <al=0.59> <DB= 1839.9585> <Mlp= 1850.5002> <PB=1000000> 
<DWph=2> <it=  7> <et=3.51> <Mt= 0.00> <Spt= 0.01> <nCl= 15> <al=0.63> <DB= 1839.1080> <Mlp= 1850.0532> <PB=1000000> 
<DWph=2> <it=  8> <et=3.52> <Mt= 0.01> <Spt= 0.01> <nCl=  9> <al=0.67> <DB= 1845.1323> <Mlp= 1849.6014> <PB=1000000> 
<DWph=2> <it=  9> <et=3.53> <Mt= 0.00> <Spt= 0.00> <nCl= 18> <al=0.70> <DB= 1846.5170> <Mlp= 1849.4737> <PB=1000000> 
<DWph=2> <it= 10> <et=3.54> <Mt= 0.01> <Spt= 0.01> <nCl= 16> <al=0.73> <DB= 1844.9333> <Mlp= 1849.4737> <PB=1000000> 
<DWph=2> <it= 11> <et=3.55> <Mt= 0.00> <Spt= 0.01> <nCl=  4> <al=0.76> <DB= 1847.2299> <Mlp= 1849.4686> <PB=1000000> 
<DWph=2> <it= 12> <et=3.56> <Mt= 0.00> <Spt= 0.01> <nCl= 25> <al=0.66> <DB= 1778.8503> <Mlp= 1849.4686> <PB=1000000> 
<DWph=2> <it= 13> <et=3.57> <Mt= 0.00> <Spt= 0.00> <nCl= 10> <al=0.69> <DB= 1848.1334> <Mlp= 1849.4686> <PB=1000000> 
<DWph=2> <it= 14> <et=3.59> <Mt= 0.01> <Spt= 0.01> <nCl= 21> <al=0.59> <DB= 1837.9716> <Mlp= 1849.4683> <PB=1000000> 
<DWph=2> <it= 15> <et=3.60> <Mt= 0.00> <Spt= 0.01> <nCl= 11> <al=0.63> <DB= 1848.4446> <Mlp= 1849.4237> <PB=1000000> 
<DWph=2> <it= 16> <et=3.61> <Mt= 0.00> <Spt= 0.01> <nCl= 13> <al=0.67> <DB= 1847.4877> <Mlp= 1849.4237> <PB=1000000> 
<DWph=2> <it= 17> <et=3.62> <Mt= 0.01> <Spt= 0.00> <nCl=  5> <al=0.70> <DB= 1848.6686> <Mlp= 1849.4069> <PB=1000000> 
<DWph=2> <it= 18> <et=3.63> <Mt= 0.00> <Spt= 0.01> <nCl=  5> <al=0.73> <DB= 1847.6894> <Mlp= 1849.3876> <PB=1000000> 
<DWph=2> <it= 19> <et=3.64> <Mt= 0.00> <Spt= 0.01> <nCl=  5> <al=0.76> <DB= 1848.8416> <Mlp= 1849.3876> <PB=1000000> 
<DWph=2> <it= 20> <et=3.65> <Mt= 0.01> <Spt= 0.01> <nCl=  3> <al=0.66> <DB= 1849.0158> <Mlp= 1849.3876> <PB=1000000> 
<DWph=2> <it= 21> <et=3.67> <Mt= 0.00> <Spt= 0.01> <nCl= 11> <al=0.39> <DB= 1848.4608> <Mlp= 1849.3876> <PB=1000000> 
<DWph=2> <it= 22> <et=3.68> <Mt= 0.00> <Spt= 0.01> <nCl= 10> <al=0.19> <DB= 1848.6393> <Mlp= 1849.3876> <PB=1000000> 
<DWph=2> <it= 23> <et=3.69> <Mt= 0.00> <Spt= 0.01> <nCl=  1> <al=0.49> <DB= 1848.3530> <Mlp= 1849.3876> <PB=1000000> 
<DWph=2> <it= 24> <et=3.71> <Mt= 0.01> <Spt= 0.01> <nCl=  9> <al=0.00> <DB= 1842.8184> <Mlp= 1849.3802> <PB=1000000> 
<DWph=2> <it= 25> <et=3.72> <Mt= 0.00> <Spt= 0.01> <nCl=  5> <al=0.29> <DB= 1847.6665> <Mlp= 1849.3802> <PB=1000000> 
<DWph=2> <it= 26> <et=3.74> <Mt= 0.00> <Spt= 0.02> <nCl= 10> <al=0.00> <DB= 1840.5011> <Mlp= 1849.3802> <PB=1000000> 
<DWph=2> <it= 27> <et=3.75> <Mt= 0.01> <Spt= 0.01> <nCl=  9> <al=0.00> <DB= 1838.0610> <Mlp= 1849.3802> <PB=1000000> 
<DWph=2> <it= 28> <et=3.77> <Mt= 0.00> <Spt= 0.01> <nCl= 14> <al=0.00> <DB= 1849.3802> <Mlp= 1849.3802> <PB=1000000> 
<DWph=1> <it= 29> <et=3.79> <Mt= 0.00> <Spt= 0.02> <nCl= 19> <al=0.06> <DB= 1632.1013> <Mlp= 1849.3802> <PB=1000000> 
<DWph=1> <it= 30> <et=3.81> <Mt= 0.01> <Spt= 0.02> <nCl= 27> <al=0.16> <DB= 1837.2918> <Mlp= 1848.6884> <PB=1000000> 
<DWph=1> <it= 31> <et=3.83> <Mt= 0.00> <Spt= 0.01> <nCl= 25> <al=0.24> <DB= 1840.2965> <Mlp= 1848.5846> <PB=1000000> 
<DWph=1> <it= 32> <et=3.85> <Mt= 0.01> <Spt= 0.02> <nCl= 17> <al=0.32> <DB= 1837.9246> <Mlp= 1848.5633> <PB=1000000> 
<DWph=1> <it= 33> <et=3.87> <Mt= 0.00> <Spt= 0.01> <nCl= 12> <al=0.39> <DB= 1839.5034> <Mlp= 1848.5633> <PB=1000000> 
<DWph=1> <it= 34> <et=3.89> <Mt= 0.00> <Spt= 0.02> <nCl=  8> <al=0.45> <DB= 1846.4167> <Mlp= 1848.5497> <PB=1000000> 
<DWph=1> <it= 35> <et=3.91> <Mt= 0.01> <Spt= 0.01> <nCl=  6> <al=0.50> <DB= 1846.5331> <Mlp= 1848.5491> <PB=1000000> 
<DWph=1> <it= 36> <et=3.93> <Mt= 0.00> <Spt= 0.02> <nCl=  7> <al=0.55> <DB= 1847.0314> <Mlp= 1848.5422> <PB=1000000> 
<DWph=1> <it= 37> <et=3.95> <Mt= 0.00> <Spt= 0.01> <nCl= 12> <al=0.60> <DB= 1846.0327> <Mlp= 1848.5369> <PB=1000000> 
<DWph=1> <it= 38> <et=3.99> <Mt= 0.01> <Spt= 0.04> <nCl= 19> <al=0.00> <DB= 1846.7008> <Mlp= 1848.5369> <PB=1000000> 
<DWph=1> <it= 39> <et=4.03> <Mt= 0.00> <Spt= 0.04> <nCl=  5> <al=0.00> <DB= 1848.5369> <Mlp= 1848.5369> <PB=1000000> 
    RCSP exact solver info for graph G_0 : TT = 0.026143, pt = 3.9e-05, dt = 0.024615, ct = 0.000996, ndl = 6973', bdl = 308962', odl = 10361', odf = 97017', bsi = 1266', cnt = 39090', bdch = 2741227', odch = 273849', lcp = 110327', #sols = 150
<DWph=0> <it= 40> <et=4.07> <Mt= 0.00> <Spt= 0.04> <nCl=126> <al=0.44> <DB= 1782.3566> <Mlp= 1848.5369> <PB=1000000> 
    RCSP exact solver info for graph G_0 : TT = 0.02836, pt = 7.8e-05, dt = 0.026554, ct = 0.001137, ndl = 7772', bdl = 341028', odl = 10518', odf = 104352', bsi = 1287', cnt = 45415', bdch = 3236855', odch = 339799', lcp = 126080', #sols = 150
<DWph=0> <it= 41> <et=4.11> <Mt= 0.01> <Spt= 0.03> <nCl= 58> <al=0.44> <DB= 1841.6384> <Mlp= 1848.4137> <PB=1000000> 
    RCSP exact solver info for graph G_0 : TT = 0.030185, pt = 9.1e-05, dt = 0.028144, ct = 0.001257, ndl = 8021', bdl = 350209', odl = 10599', odf = 106816', bsi = 1301', cnt = 46659', bdch = 3412576', odch = 347505', lcp = 130121', #sols = 150
<DWph=0> <it= 42> <et=4.15> <Mt= 0.00> <Spt= 0.04> <nCl= 38> <al=0.34> <DB= 1845.7562> <Mlp= 1848.3951> <PB=1000000> 
    RCSP exact solver info for graph G_0 : TT = 0.030436, pt = 7.5e-05, dt = 0.028576, ct = 0.001149, ndl = 7937', bdl = 345204', odl = 10492', odf = 105093', bsi = 1336', cnt = 44739', bdch = 3328964', odch = 327435', lcp = 128037', #sols = 150
<DWph=0> <it= 43> <et=4.19> <Mt= 0.00> <Spt= 0.03> <nCl= 19> <al=0.24> <DB= 1846.7387> <Mlp= 1848.3951> <PB=1000000> 
    RCSP exact solver info for graph G_0 : TT = 0.030366, pt = 6.9e-05, dt = 0.02842, ct = 0.001262, ndl = 8093', bdl = 352339', odl = 10582', odf = 107105', bsi = 1335', cnt = 46954', bdch = 3452388', odch = 342127', lcp = 131982', #sols = 150
<DWph=0> <it= 44> <et=4.23> <Mt= 0.00> <Spt= 0.04> <nCl=  6> <al=0.31> <DB= 1847.8755> <Mlp= 1848.3951> <PB=1000000> 
    RCSP exact solver info for graph G_0 : TT = 0.031674, pt = 7.8e-05, dt = 0.029604, ct = 0.001142, ndl = 8181', bdl = 354922', odl = 10569', odf = 107216', bsi = 1336', cnt = 47493', bdch = 3494709', odch = 342597', lcp = 133060', #sols = 150
    RCSP exact solver info for graph G_0 : TT = 0.031442, pt = 5.4e-05, dt = 0.029614, ct = 0.001156, ndl = 8103', bdl = 353618', odl = 10628', odf = 106776', bsi = 1343', cnt = 46711', bdch = 3476509', odch = 338724', lcp = 133689', #sols = 150
<DWph=0> <it= 45> <et=4.30> <Mt= 0.01> <Spt= 0.07> <nCl= 15> <al=0.00> <DB= 1848.3951> <Mlp= 1848.3951> <PB=1000000> 
RCSP solver dynamic params and stats :  bidir.bord. = 375 aver.obdmd = 48.7742 aver.buck.num. = 51
@@ 1 2 1848.4 0.0290894 0.03077 92.4206 4.3
    Full reduced cost fixing is not called (gap ratio is 0.999963)
ColGenEvalAlg final dual bound: 1848.4 (rounded: 1849)
False gap improvement since the last cut separation : 0.0494504 (1839.3)
Current active cuts : CAP(1+12,1313.84)
In total 1 RCC cut(s) are found by the connected components heuristic 
Shrinking heuristic shrunk 24 edges
In total 14 RCC cut(s) are found by the Fractional capacity min-cut heuristic 
In total 67 RCC cut(s) are found by the greedy construction heuristic 
In total 14 RCC cut(s) are found by the global pool greedy search heuristic 
----- Add fac. cuts : CAP(96), max.viol = 0.11942, aver.viol = 0.0488748, sep/add took 0.00821738/0.481674 sec. -----
6298 columns (6298 active), 152 dyn. constrs. (109 active), 317 art. vars. (231 active)
<DWph=2> <it=  1> <et=4.87> <Mt= 0.02> <Spt= 0.01> <nCl= 21> <al=0.50> <DB= 1844.2274> <Mlp= 1849.7218> <PB=1000000> 
<DWph=2> <it=  2> <et=4.89> <Mt= 0.01> <Spt= 0.01> <nCl= 10> <al=0.55> <DB= 1846.7754> <Mlp= 1849.6214> <PB=1000000> 
<DWph=2> <it=  3> <et=4.92> <Mt= 0.02> <Spt= 0.01> <nCl= 14> <al=0.60> <DB= 1848.1743> <Mlp= 1849.5556> <PB=1000000> 
<DWph=2> <it=  4> <et=4.96> <Mt= 0.04> <Spt= 0.01> <nCl=  4> <al=0.64> <DB= 1848.8007> <Mlp= 1849.5080> <PB=1000000> 
<DWph=2> <it=  5> <et=4.98> <Mt= 0.00> <Spt= 0.01> <nCl= 18> <al=0.67> <DB= 1838.6221> <Mlp= 1849.5080> <PB=1000000> 
<DWph=2> <it=  6> <et=4.99> <Mt= 0.01> <Spt= 0.01> <nCl=  9> <al=0.70> <DB= 1849.0094> <Mlp= 1849.5074> <PB=1000000> 
<DWph=2> <it=  7> <et=5.01> <Mt= 0.00> <Spt= 0.01> <nCl= 16> <al=0.60> <DB= 1840.0539> <Mlp= 1849.5041> <PB=1000000> 
<DWph=2> <it=  8> <et=5.02> <Mt= 0.01> <Spt= 0.01> <nCl=  6> <al=0.64> <DB= 1847.8727> <Mlp= 1849.5025> <PB=1000000> 
<DWph=2> <it=  9> <et=5.04> <Mt= 0.00> <Spt= 0.00> <nCl= 11> <al=0.54> <DB= 1847.7561> <Mlp= 1849.5000> <PB=1000000> 
<DWph=2> <it= 10> <et=5.05> <Mt= 0.01> <Spt= 0.01> <nCl= 10> <al=0.59> <DB= 1848.5373> <Mlp= 1849.4892> <PB=1000000> 
<DWph=2> <it= 11> <et=5.07> <Mt= 0.01> <Spt= 0.01> <nCl=  3> <al=0.63> <DB= 1844.8673> <Mlp= 1849.4680> <PB=1000000> 
<DWph=2> <it= 12> <et=5.08> <Mt= 0.00> <Spt= 0.01> <nCl=  7> <al=0.53> <DB= 1845.5966> <Mlp= 1849.4680> <PB=1000000> 
<DWph=2> <it= 13> <et=5.10> <Mt= 0.01> <Spt= 0.01> <nCl=  7> <al=0.43> <DB= 1848.8279> <Mlp= 1849.4605> <PB=1000000> 
<DWph=2> <it= 14> <et=5.12> <Mt= 0.00> <Spt= 0.02> <nCl= 30> <al=0.00> <DB= 1626.4091> <Mlp= 1849.4605> <PB=1000000> 
<DWph=2> <it= 15> <et=5.14> <Mt= 0.01> <Spt= 0.00> <nCl=  4> <al=0.39> <DB= 1846.2994> <Mlp= 1849.4112> <PB=1000000> 
<DWph=2> <it= 16> <et=5.16> <Mt= 0.01> <Spt= 0.02> <nCl= 26> <al=0.00> <DB= 1843.7140> <Mlp= 1849.4034> <PB=1000000> 
<DWph=2> <it= 17> <et=5.18> <Mt= 0.00> <Spt= 0.02> <nCl= 21> <al=0.00> <DB= 1844.2392> <Mlp= 1849.4034> <PB=1000000> 
<DWph=2> <it= 18> <et=5.21> <Mt= 0.01> <Spt= 0.02> <nCl= 18> <al=0.00> <DB= 1844.7829> <Mlp= 1849.3706> <PB=1000000> 
<DWph=2> <it= 19> <et=5.22> <Mt= 0.00> <Spt= 0.00> <nCl=  8> <al=0.15> <DB= 1849.0522> <Mlp= 1849.3663> <PB=1000000> 
<DWph=2> <it= 20> <et=5.23> <Mt= 0.01> <Spt= 0.01> <nCl= 15> <al=0.05> <DB= 1848.1471> <Mlp= 1849.3663> <PB=1000000> 
<DWph=2> <it= 21> <et=5.26> <Mt= 0.00> <Spt= 0.02> <nCl= 14> <al=0.00> <DB= 1847.8832> <Mlp= 1849.3628> <PB=1000000> 
<DWph=2> <it= 22> <et=5.28> <Mt= 0.01> <Spt= 0.02> <nCl=  6> <al=0.00> <DB= 1849.3628> <Mlp= 1849.3628> <PB=1000000> 
<DWph=1> <it= 23> <et=5.30> <Mt= 0.00> <Spt= 0.01> <nCl= 18> <al=0.00> <DB= 1846.4035> <Mlp= 1849.3628> <PB=1000000> 
<DWph=1> <it= 24> <et=5.32> <Mt= 0.01> <Spt= 0.02> <nCl=  9> <al=0.00> <DB= 1848.4405> <Mlp= 1849.3628> <PB=1000000> 
<DWph=1> <it= 25> <et=5.34> <Mt= 0.00> <Spt= 0.01> <nCl=  5> <al=0.00> <DB= 1849.1303> <Mlp= 1849.3628> <PB=1000000> 
<DWph=1> <it= 26> <et=5.36> <Mt= 0.01> <Spt= 0.02> <nCl=  6> <al=0.00> <DB= 1849.2624> <Mlp= 1849.3628> <PB=1000000> 
<DWph=1> <it= 27> <et=5.38> <Mt= 0.00> <Spt= 0.01> <nCl=  3> <al=0.00> <DB= 1849.3628> <Mlp= 1849.3628> <PB=1000000> 
    RCSP exact solver info for graph G_0 : TT = 0.023023, pt = 6e-05, dt = 0.021527, ct = 0.000837, ndl = 5653', bdl = 255259', odl = 9644', odf = 89420', bsi = 1247', cnt = 21270', bdch = 1927769', odch = 200310', lcp = 95350', #sols = 150
<DWph=0> <it= 28> <et=5.42> <Mt= 0.01> <Spt= 0.04> <nCl=115> <al=0.00> <DB= 1839.0265> <Mlp= 1849.3628> <PB=1000000> 
    RCSP exact solver info for graph G_0 : TT = 0.026807, pt = 7.6e-05, dt = 0.025249, ct = 0.00098, ndl = 7086', bdl = 309931', odl = 10067', odf = 98737', bsi = 1293', cnt = 42118', bdch = 2753999', odch = 270734', lcp = 119576', #sols = 150
<DWph=0> <it= 29> <et=5.49> <Mt= 0.01> <Spt= 0.05> <nCl=150> <al=0.00> <DB= 1689.5281> <Mlp= 1849.2753> <PB=1000000> 
    RCSP exact solver info for graph G_0 : TT = 0.025027, pt = 8.4e-05, dt = 0.02338, ct = 0.00096, ndl = 6559', bdl = 288728', odl = 9993', odf = 95377', bsi = 1187', cnt = 36505', bdch = 2444834', odch = 239606', lcp = 110366', #sols = 150
<DWph=0> <it= 30> <et=5.53> <Mt= 0.01> <Spt= 0.04> <nCl= 98> <al=0.00> <DB= 1844.8708> <Mlp= 1849.2753> <PB=1000000> 
    RCSP exact solver info for graph G_0 : TT = 0.023638, pt = 8.8e-05, dt = 0.022095, ct = 0.000871, ndl = 6549', bdl = 287042', odl = 10106', odf = 97096', bsi = 1160', cnt = 36066', bdch = 2444912', odch = 247053', lcp = 113015', #sols = 150
<DWph=0> <it= 31> <et=5.57> <Mt= 0.01> <Spt= 0.03> <nCl= 44> <al=0.00> <DB= 1847.8347> <Mlp= 1849.2619> <PB=1000000> 
    RCSP exact solver info for graph G_0 : TT = 0.023396, pt = 7.9e-05, dt = 0.021701, ct = 0.000951, ndl = 6232', bdl = 273577', odl = 9896', odf = 95453', bsi = 1171', cnt = 32026', bdch = 2238710', odch = 235311', lcp = 103392', #sols = 150
<DWph=0> <it= 32> <et=5.61> <Mt= 0.00> <Spt= 0.04> <nCl= 58> <al=0.00> <DB= 1847.9286> <Mlp= 1849.2619> <PB=1000000> 
    RCSP exact solver info for graph G_0 : TT = 0.023621, pt = 8e-05, dt = 0.022047, ct = 0.000874, ndl = 6238', bdl = 274119', odl = 10076', odf = 96285', bsi = 1157', cnt = 33350', bdch = 2267492', odch = 236777', lcp = 106983', #sols = 150
    RCSP exact solver info for graph G_0 : TT = 0.022993, pt = 6.2e-05, dt = 0.021489, ct = 0.000839, ndl = 6198', bdl = 272898', odl = 10050', odf = 95561', bsi = 1153', cnt = 32349', bdch = 2241527', odch = 233089', lcp = 105632', #sols = 150
<DWph=0> <it= 33> <et=5.68> <Mt= 0.01> <Spt= 0.05> <nCl= 10> <al=0.00> <DB= 1849.2619> <Mlp= 1849.2619> <PB=1000000> 
RCSP solver dynamic params and stats :  bidir.bord. = 375 aver.obdmd = 48.7742 aver.buck.num. = 51
@@ 1 3 1849.26 0.0234 0.026229 92.4206 5.68
    Full reduced cost fixing is not called (gap ratio is 0.999962)
ColGenEvalAlg final dual bound: 1849.26 (rounded: 1850)
False gap improvement since the last cut separation : 0.00468966 (1848.4)
Cut generation tailing off counter increased to 1
Current active cuts : CAP(2+20,1496.69)
Shrinking heuristic shrunk 21 edges
In total 4 RCC cut(s) are found by the greedy construction heuristic 
In total 18 RCC cut(s) are found by the global pool greedy search heuristic 
----- Add fac. cuts : CAP(22), max.viol = 0.0380952, aver.viol = 0.0183983, sep/add took 0.00641218/0.113594 sec. -----
7092 columns (7092 active), 131 dyn. constrs. (44 active), 339 art. vars. (166 active)
<DWph=2> <it=  1> <et=5.89> <Mt= 0.03> <Spt= 0.01> <nCl= 20> <al=0.50> <DB= 1837.0417> <Mlp= 1849.4534> <PB=1000000> 
<DWph=2> <it=  2> <et=5.91> <Mt= 0.00> <Spt= 0.01> <nCl= 17> <al=0.55> <DB= 1849.1567> <Mlp= 1849.4309> <PB=1000000> 
<DWph=2> <it=  3> <et=5.93> <Mt= 0.00> <Spt= 0.02> <nCl= 29> <al=0.19> <DB= 1846.2713> <Mlp= 1849.4309> <PB=1000000> 
<DWph=2> <it=  4> <et=5.94> <Mt= 0.01> <Spt= 0.01> <nCl= 12> <al=0.50> <DB= 1849.2960> <Mlp= 1849.4250> <PB=1000000> 
<DWph=2> <it=  5> <et=5.96> <Mt= 0.00> <Spt= 0.02> <nCl= 13> <al=0.09> <DB= 1849.0305> <Mlp= 1849.4250> <PB=1000000> 
<DWph=2> <it=  6> <et=5.98> <Mt= 0.01> <Spt= 0.01> <nCl= 18> <al=0.00> <DB= 1849.3903> <Mlp= 1849.4250> <PB=1000000> 
<DWph=2> <it=  7> <et=6.00> <Mt= 0.00> <Spt= 0.02> <nCl= 12> <al=0.00> <DB= 1849.4250> <Mlp= 1849.4250> <PB=1000000> 
<DWph=1> <it=  8> <et=6.02> <Mt= 0.00> <Spt= 0.01> <nCl= 14> <al=0.25> <DB= 1844.9250> <Mlp= 1849.4250> <PB=1000000> 
<DWph=1> <it=  9> <et=6.03> <Mt= 0.01> <Spt= 0.01> <nCl=  7> <al=0.15> <DB= 1848.7589> <Mlp= 1849.4118> <PB=1000000> 
<DWph=1> <it= 10> <et=6.05> <Mt= 0.00> <Spt= 0.02> <nCl=  6> <al=0.05> <DB= 1848.7879> <Mlp= 1849.4118> <PB=1000000> 
<DWph=1> <it= 11> <et=6.08> <Mt= 0.00> <Spt= 0.03> <nCl= 21> <al=0.00> <DB= 1849.4118> <Mlp= 1849.4118> <PB=1000000> 
    RCSP exact solver info for graph G_0 : TT = 0.020265, pt = 5.6e-05, dt = 0.018617, ct = 0.000777, ndl = 5277', bdl = 236063', odl = 9599', odf = 90927', bsi = 1147', cnt = 23463', bdch = 1726593', odch = 197725', lcp = 87597', #sols = 150
<DWph=0> <it= 12> <et=6.11> <Mt= 0.00> <Spt= 0.02> <nCl= 57> <al=0.04> <DB= 1846.9020> <Mlp= 1849.4118> <PB=1000000> 
    RCSP exact solver info for graph G_0 : TT = 0.020712, pt = 7.7e-05, dt = 0.019122, ct = 0.000706, ndl = 5272', bdl = 235994', odl = 9600', odf = 90758', bsi = 1141', cnt = 23280', bdch = 1725638', odch = 197157', lcp = 87511', #sols = 150
<DWph=0> <it= 13> <et=6.14> <Mt= 0.01> <Spt= 0.03> <nCl=  1> <al=0.00> <DB= 1849.4118> <Mlp= 1849.4118> <PB=1000000> 
RCSP solver dynamic params and stats :  bidir.bord. = 375 aver.obdmd = 48.7742 aver.buck.num. = 51
@@ 1 4 1849.41 0.019611 0.019828 92.4206 6.14
    Full reduced cost fixing is not called (gap ratio is 0.999962)
ColGenEvalAlg final dual bound: 1849.41 (rounded: 1850)
False gap improvement since the last cut separation : 0.000810377 (1849.26)
Cut generation tailing off counter increased to 2
Current active cuts : CAP(2+22,1634.88)
In total 1 RCC cut(s) are found by the connected components heuristic 
Shrinking heuristic shrunk 24 edges
In total 24 RCC cut(s) are found by the greedy construction heuristic 
In total 45 RCC cut(s) are found by the global pool greedy search heuristic 
----- Add fac. cuts : CAP(70), max.viol = 0.0588235, aver.viol = 0.0136134, sep/add took 0.00621502/0.278411 sec. -----
7319 columns (7319 active), 114 dyn. constrs. (94 active), 409 art. vars. (216 active)
<DWph=2> <it=  1> <et=6.58> <Mt= 0.02> <Spt= 0.01> <nCl= 19> <al=0.50> <DB= 1846.2560> <Mlp= 1849.4757> <PB=1000000> 
<DWph=2> <it=  2> <et=6.59> <Mt= 0.01> <Spt= 0.01> <nCl= 15> <al=0.55> <DB= 1849.1980> <Mlp= 1849.4740> <PB=1000000> 
<DWph=2> <it=  3> <et=6.61> <Mt= 0.00> <Spt= 0.01> <nCl= 17> <al=0.60> <DB= 1849.3737> <Mlp= 1849.4721> <PB=1000000> 
<DWph=2> <it=  4> <et=6.63> <Mt= 0.00> <Spt= 0.02> <nCl= 33> <al=0.00> <DB= 1846.4293> <Mlp= 1849.4721> <PB=1000000> 
<DWph=2> <it=  5> <et=6.66> <Mt= 0.01> <Spt= 0.02> <nCl= 19> <al=0.07> <DB= 1849.1647> <Mlp= 1849.4623> <PB=1000000> 
<DWph=2> <it=  6> <et=6.68> <Mt= 0.00> <Spt= 0.02> <nCl= 10> <al=0.00> <DB= 1849.3545> <Mlp= 1849.4623> <PB=1000000> 
<DWph=2> <it=  7> <et=6.70> <Mt= 0.01> <Spt= 0.01> <nCl=  6> <al=0.00> <DB= 1849.4623> <Mlp= 1849.4623> <PB=1000000> 
<DWph=1> <it=  8> <et=6.71> <Mt= 0.00> <Spt= 0.01> <nCl=  6> <al=0.24> <DB= 1848.7381> <Mlp= 1849.4623> <PB=1000000> 
<DWph=1> <it=  9> <et=6.74> <Mt= 0.01> <Spt= 0.03> <nCl=  8> <al=0.00> <DB= 1849.4591> <Mlp= 1849.4591> <PB=1000000> 
    RCSP exact solver info for graph G_0 : TT = 0.018089, pt = 5.9e-05, dt = 0.016569, ct = 0.000711, ndl = 4954', bdl = 220630', odl = 9390', odf = 86560', bsi = 1169', cnt = 23118', bdch = 1543344', odch = 172109', lcp = 79782', #sols = 150
<DWph=0> <it= 10> <et=6.78> <Mt= 0.00> <Spt= 0.03> <nCl= 66> <al=0.04> <DB= 1849.3144> <Mlp= 1849.4591> <PB=1000000> 
    RCSP exact solver info for graph G_0 : TT = 0.019157, pt = 8.1e-05, dt = 0.017509, ct = 0.000745, ndl = 5082', bdl = 227028', odl = 9417', odf = 86950', bsi = 1191', cnt = 25025', bdch = 1609871', odch = 178219', lcp = 82837', #sols = 150
<DWph=0> <it= 11> <et=6.81> <Mt= 0.01> <Spt= 0.03> <nCl= 57> <al=0.00> <DB= 1849.4590> <Mlp= 1849.4590> <PB=1000000> 
RCSP solver dynamic params and stats :  bidir.bord. = 375 aver.obdmd = 48.7742 aver.buck.num. = 51
@@ 1 5 1849.46 0.017767 0.018254 92.4206 6.81
    Full reduced cost fixing is not called (gap ratio is 0.999962)
ColGenEvalAlg final dual bound: 1849.46 (rounded: 1850)
False gap improvement since the last cut separation : 0.000255642 (1849.41)
----- Cut separators priority level decreased to 1-----
Current active cuts : CAP(28,1639.52)
Shrinking heuristic shrunk 21 edges
In total 12 RCC cut(s) are found by the global pool greedy search heuristic 
7 Rank-1 1-rows pack. cuts added ,  max viol. = 0.129852, aver. viol. = 0.104665
150 Rank-1 3-rows pack. cuts added ,  max viol. = 0.358164, aver. viol. = 0.307161
----- Add fac. cuts : CAP(12) R1C(157), max.viol = 0.419846, aver.viol = 0.305381, sep/add took 0.00858706/0.420226 sec. -----
7575 columns (7575 active), 263 dyn. constrs. (198 active), 578 art. vars. (320 active)
<DWph=2> <it=  1> <et=7.38> <Mt= 0.08> <Spt= 0.01> <nCl= 14> <al=0.50> <DB= 1848.1452> <Mlp= 1853.7358> <PB=1000000> 
<DWph=2> <it=  2> <et=7.40> <Mt= 0.00> <Spt= 0.01> <nCl=  6> <al=0.55> <DB= 1851.3298> <Mlp= 1853.7352> <PB=1000000> 
<DWph=2> <it=  3> <et=7.43> <Mt= 0.01> <Spt= 0.02> <nCl= 17> <al=0.60> <DB= 1827.2247> <Mlp= 1853.6203> <PB=1000000> 
<DWph=2> <it=  4> <et=7.45> <Mt= 0.01> <Spt= 0.01> <nCl= 10> <al=0.64> <DB= 1850.3765> <Mlp= 1853.4762> <PB=1000000> 
<DWph=2> <it=  5> <et=7.47> <Mt= 0.01> <Spt= 0.02> <nCl=  8> <al=0.67> <DB= 1847.3555> <Mlp= 1853.4581> <PB=1000000> 
<DWph=2> <it=  6> <et=7.49> <Mt= 0.01> <Spt= 0.01> <nCl=  6> <al=0.70> <DB= 1851.8478> <Mlp= 1853.4325> <PB=1000000> 
<DWph=2> <it=  7> <et=7.51> <Mt= 0.00> <Spt= 0.01> <nCl=  9> <al=0.73> <DB= 1852.1254> <Mlp= 1853.4000> <PB=1000000> 
<DWph=2> <it=  8> <et=7.52> <Mt= 0.01> <Spt= 0.01> <nCl= 11> <al=0.76> <DB= 1847.4779> <Mlp= 1853.4000> <PB=1000000> 
<DWph=2> <it=  9> <et=7.54> <Mt= 0.00> <Spt= 0.02> <nCl=  5> <al=0.78> <DB= 1849.9006> <Mlp= 1853.4000> <PB=1000000> 
<DWph=2> <it= 10> <et=7.57> <Mt= 0.01> <Spt= 0.02> <nCl= 10> <al=0.37> <DB= 1851.4609> <Mlp= 1853.4000> <PB=1000000> 
<DWph=2> <it= 11> <et=7.58> <Mt= 0.00> <Spt= 0.01> <nCl=  5> <al=0.58> <DB= 1850.7925> <Mlp= 1853.4000> <PB=1000000> 
<DWph=2> <it= 12> <et=7.60> <Mt= 0.01> <Spt= 0.01> <nCl=  5> <al=0.48> <DB= 1852.4193> <Mlp= 1853.4000> <PB=1000000> 
<DWph=2> <it= 13> <et=7.62> <Mt= 0.00> <Spt= 0.01> <nCl=  3> <al=0.54> <DB= 1852.3805> <Mlp= 1853.4000> <PB=1000000> 
<DWph=2> <it= 14> <et=7.64> <Mt= 0.01> <Spt= 0.01> <nCl=  1> <al=0.58> <DB= 1848.4564> <Mlp= 1853.4000> <PB=1000000> 
<DWph=2> <it= 15> <et=7.78> <Mt= 0.13> <Spt= 0.02> <nCl= 10> <al=0.62> <DB= 1851.5412> <Mlp= 1853.3783> <PB=1000000> 
<DWph=2> <it= 16> <et=7.80> <Mt= 0.00> <Spt= 0.01> <nCl=  9> <al=0.66> <DB= 1849.5131> <Mlp= 1853.3665> <PB=1000000> 
<DWph=2> <it= 17> <et=7.84> <Mt= 0.01> <Spt= 0.03> <nCl= 11> <al=0.39> <DB= 1851.6712> <Mlp= 1853.3665> <PB=1000000> 
<DWph=2> <it= 18> <et=7.87> <Mt= 0.01> <Spt= 0.03> <nCl= 28> <al=0.19> <DB= 1729.1622> <Mlp= 1853.3665> <PB=1000000> 
<DWph=2> <it= 19> <et=7.89> <Mt= 0.00> <Spt= 0.01> <nCl=  9> <al=0.50> <DB= 1852.8114> <Mlp= 1853.3665> <PB=1000000> 
<DWph=2> <it= 20> <et=7.91> <Mt= 0.01> <Spt= 0.02> <nCl= 14> <al=0.55> <DB= 1851.8860> <Mlp= 1853.3665> <PB=1000000> 
<DWph=2> <it= 21> <et=7.95> <Mt= 0.00> <Spt= 0.02> <nCl= 18> <al=0.18> <DB= 1741.6300> <Mlp= 1853.3665> <PB=1000000> 
<DWph=2> <it= 22> <et=7.97> <Mt= 0.01> <Spt= 0.02> <nCl=  6> <al=0.49> <DB= 1853.2969> <Mlp= 1853.3665> <PB=1000000> 
<DWph=2> <it= 23> <et=7.99> <Mt= 0.00> <Spt= 0.01> <nCl= 10> <al=0.54> <DB= 1853.3235> <Mlp= 1853.3665> <PB=1000000> 
<DWph=2> <it= 24> <et=8.00> <Mt= 0.01> <Spt= 0.02> <nCl=  2> <al=0.59> <DB= 1842.7176> <Mlp= 1853.3665> <PB=1000000> 
<DWph=2> <it= 25> <et=8.05> <Mt= 0.00> <Spt= 0.03> <nCl=  7> <al=0.00> <DB= 1845.7615> <Mlp= 1853.3665> <PB=1000000> 
<DWph=2> <it= 26> <et=8.09> <Mt= 0.01> <Spt= 0.04> <nCl=  5> <al=0.00> <DB= 1846.1091> <Mlp= 1853.3665> <PB=1000000> 
<DWph=2> <it= 27> <et=8.11> <Mt= 0.00> <Spt= 0.02> <nCl=  2> <al=0.00> <DB= 1853.3665> <Mlp= 1853.3665> <PB=1000000> 
<DWph=1> <it= 28> <et=8.14> <Mt= 0.01> <Spt= 0.02> <nCl= 24> <al=0.33> <DB= 1658.0931> <Mlp= 1853.3665> <PB=1000000> 
<DWph=1> <it= 29> <et=8.17> <Mt= 0.00> <Spt= 0.03> <nCl= 13> <al=0.40> <DB= 1758.4905> <Mlp= 1853.3665> <PB=1000000> 
<DWph=1> <it= 30> <et=8.20> <Mt= 0.01> <Spt= 0.02> <nCl= 10> <al=0.46> <DB= 1793.9268> <Mlp= 1853.3665> <PB=1000000> 
<DWph=1> <it= 31> <et=8.25> <Mt= 0.00> <Spt= 0.04> <nCl= 10> <al=0.00> <DB= 1844.5750> <Mlp= 1853.3665> <PB=1000000> 
<DWph=1> <it= 32> <et=8.29> <Mt= 0.01> <Spt= 0.04> <nCl=  1> <al=0.00> <DB= 1853.3665> <Mlp= 1853.3665> <PB=1000000> 
    RCSP exact solver info for graph G_0 : TT = 0.059082, pt = 0.000223, dt = 0.054774, ct = 0.003192, ndl = 12311', bdl = 516680', odl = 12309', odf = 142591', bsi = 1699', cnt = 264742', bdch = 6632622', odch = 870267', lcp = 307657', #sols = 150
<DWph=0> <it= 33> <et=8.38> <Mt= 0.00> <Spt= 0.09> <nCl=150> <al=0.16> <DB= 1352.7955> <Mlp= 1853.3665> <PB=1000000> 
    RCSP exact solver info for graph G_0 : TT = 0.077338, pt = 0.000453, dt = 0.069566, ct = 0.005711, ndl = 14432', bdl = 610798', odl = 12809', odf = 164605', bsi = 1759', cnt = 376885', bdch = 8533990', odch = 1488345', lcp = 400955', #sols = 150
<DWph=0> <it= 34> <et=8.58> <Mt= 0.10> <Spt= 0.10> <nCl=118> <al=0.24> <DB= 1665.0222> <Mlp= 1853.2322> <PB=1000000> 
    RCSP exact solver info for graph G_0 : TT = 0.071017, pt = 0.000515, dt = 0.064315, ct = 0.00529, ndl = 13422', bdl = 562560', odl = 12454', odf = 153012', bsi = 1731', cnt = 383358', bdch = 7603817', odch = 1216573', lcp = 355913', #sols = 150
<DWph=0> <it= 35> <et=8.82> <Mt= 0.13> <Spt= 0.10> <nCl= 83> <al=0.32> <DB= 1703.6463> <Mlp= 1853.1489> <PB=1000000> 
Shrinking heuristic shrunk 56 edges
    RCSP exact solver info for graph G_0 : TT = 0.063956, pt = 0.000565, dt = 0.05907, ct = 0.003443, ndl = 12034', bdl = 510640', odl = 12038', odf = 137401', bsi = 1665', cnt = 270209', bdch = 6431800', odch = 893736', lcp = 281386', #sols = 150
<DWph=0> <it= 36> <et=9.03> <Mt= 0.14> <Spt= 0.08> <nCl= 37> <al=0.39> <DB= 1758.1395> <Mlp= 1853.0000> <PB=1853> 
    RCSP exact solver info for graph G_0 : TT = 0.0694, pt = 0.000776, dt = 0.064397, ct = 0.003299, ndl = 12175', bdl = 519154', odl = 12048', odf = 145034', bsi = 1655', cnt = 209358', bdch = 6581119', odch = 968444', lcp = 304034', #sols = 150
<DWph=0> <it= 37> <et=9.46> <Mt= 0.35> <Spt= 0.08> <nCl= 13> <al=0.45> <DB= 1827.8424> <Mlp= 1853.0000> <PB=1853> 
    RCSP exact solver info for graph G_0 : TT = 0.071195, pt = 0.000656, dt = 0.065781, ct = 0.003841, ndl = 11934', bdl = 502306', odl = 11969', odf = 142589', bsi = 1652', cnt = 217401', bdch = 6303173', odch = 893993', lcp = 292004', #sols = 150
<DWph=0> <it= 38> <et=9.55> <Mt= 0.01> <Spt= 0.08> <nCl= 54> <al=0.50> <DB= 1838.1165> <Mlp= 1853.0000> <PB=1853> 
    RCSP exact solver info for graph G_0 : TT = 0.065334, pt = 0.000545, dt = 0.060562, ct = 0.003398, ndl = 11710', bdl = 493018', odl = 11991', odf = 140985', bsi = 1672', cnt = 215041', bdch = 6121957', odch = 860084', lcp = 284158', #sols = 150
<DWph=0> <it= 39> <et=9.63> <Mt= 0.01> <Spt= 0.07> <nCl= 25> <al=0.55> <DB= 1839.3407> <Mlp= 1853.0000> <PB=1853> 
    RCSP exact solver info for graph G_0 : TT = 0.072311, pt = 0.000534, dt = 0.067266, ct = 0.003587, ndl = 11539', bdl = 486066', odl = 11966', odf = 138509', bsi = 1664', cnt = 216350', bdch = 5979444', odch = 836515', lcp = 281725', #sols = 150
<DWph=0> <it= 40> <et=9.72> <Mt= 0.00> <Spt= 0.08> <nCl= 11> <al=0.60> <DB= 1844.5259> <Mlp= 1853.0000> <PB=1853> 
    RCSP exact solver info for graph G_0 : TT = 0.066298, pt = 0.000555, dt = 0.061459, ct = 0.003435, ndl = 11584', bdl = 486593', odl = 11937', odf = 138717', bsi = 1710', cnt = 221271', bdch = 5982947', odch = 834914', lcp = 280028', #sols = 150
    RCSP exact solver info for graph G_0 : TT = 0.065547, pt = 0.000477, dt = 0.060321, ct = 0.003656, ndl = 11587', bdl = 487542', odl = 11869', odf = 138394', bsi = 1709', cnt = 227185', bdch = 5975694', odch = 840352', lcp = 281850', #sols = 150
<DWph=0> <it= 41> <et=9.87> <Mt= 0.01> <Spt= 0.15> <nCl= 21> <al=0.27> <DB= 1849.3462> <Mlp= 1853.0000> <PB=1853> 
    RCSP exact solver info for graph G_0 : TT = 0.065823, pt = 0.000628, dt = 0.060771, ct = 0.003571, ndl = 11445', bdl = 480745', odl = 11885', odf = 137434', bsi = 1736', cnt = 221494', bdch = 5854411', odch = 811586', lcp = 276309', #sols = 150
    RCSP exact solver info for graph G_0 : TT = 0.06559, pt = 0.000573, dt = 0.060789, ct = 0.003361, ndl = 11396', bdl = 479528', odl = 11897', odf = 136999', bsi = 1703', cnt = 219007', bdch = 5819152', odch = 804063', lcp = 274868', #sols = 150
<DWph=0> <it= 42> <et=10.02> <Mt= 0.01> <Spt= 0.14> <nCl=  4> <al=0.07> <DB= 1850.3302> <Mlp= 1853.0000> <PB=1853> 
    RCSP exact solver info for graph G_0 : TT = 0.066556, pt = 0.000555, dt = 0.06171, ct = 0.003416, ndl = 11722', bdl = 493354', odl = 12107', odf = 140358', bsi = 1666', cnt = 244235', bdch = 6172841', odch = 865278', lcp = 296308', #sols = 150
<DWph=0> <it= 43> <et=10.10> <Mt= 0.00> <Spt= 0.07> <nCl= 11> <al=0.44> <DB= 1852.1704> <Mlp= 1853.0000> <PB=1853> 
RCSP solver dynamic params and stats :  bidir.bord. = 375 aver.obdmd = 48.7742 aver.buck.num. = 51 nbR1C = 56 with avMem = 12.9643
@@ 1 6 1852.17 0.0661524 0.075277 92.4206 10.1
Bucket graph for G_0 is regenerated as bucket steps were adjusted for 62 vertices
RCSP solver info : number of forw. reachable buckets / buck. strongly connected components is 5967( 95.289% ) / 5967( 100% )
326359 forw. buck. arcs remain (92.6946% from max.) + 0 jump buck. arcs
ColGenEvalAlg final dual bound: 1852.17 (rounded: 1853)
Gap improvement since the last cut separation : 1 (1849.46)
Current active cuts : CAP(22,1500.83) R1C(1+22,37.9873) 1rowPackR1C(1) 3rowPackR1C(22)
New model incumbent solution 1853, TIME = 0h0m10s24t = 1024
************************************************************************************************
Search is finished, global bounds : [ 1853 , 1853 ], TIME = 0h0m10s24t = 1024
************************************************************************************************
[32mBaPCod : solution defined.[00m
statistics_cols: instance & :Optimal & cutoff & :bcRecRootDb & :bcTimeRootEval & :bcCountNodeProc & :bcRecBestDb & :bcRecBestInc & :bcTimeMain \\
statistics: instance_28-triangle & 1 & 1.0e6 & 1853.00 & 10.24 & 1 & 1853.00 & 1853 & 10.24 \\
########################################################
Route #1: 3 11 22 8 10 30 14 27 36 25 60 35 51 37 41 
Route #2: 7 2 4 1 16 59 21 43 12 15 32 26 34 53 40 
Route #3: 17 20 6 54 9 45 31 52 48 29 58 57 50 24 56 
Route #4: 18 23 13 44 49 33 19 42 38 46 39 5 47 55 28 
Cost 1853
########################################################

end_time=2026-04-22 10:51:44
exit_code=0
