instance_file=/mnt/c/Users/porin/OneDrive/Documentos/Python-Mestrado/Modelagem Matemática/Programação Inteira - Uchoa/Problema VRPRDL/instancias_turco/VRPRDL-triangle/cvrp_padrao_convertidos/instance_16-triangle.vrp
instance_name=instance_16-triangle
n_customers=30
k_lb=2
k_ub=30
ub=1000000
timeout_s=3600
start_time=2026-04-22 10:48:04

  Activating project at `~/VRPSolver/VRPSolverDemos`
Application parameters:
  batch  =>  nothing
  instance  =>  "/mnt/c/Users/porin/OneDrive/Documentos/Python-Mestrado/Modelagem Matemática/Programação Inteira - Uchoa/Problema VRPRDL/instancias_turco/VRPRDL-triangle/cvrp_padrao_convertidos/instance_16-triangle.vrp"
  noround  =>  false
  cfg  =>  "/home/poringman/VRPSolver/VRPSolverDemos/src/../config/CVRP.cfg"
  edge_cuts  =>  false
  out  =>  nothing
  ub  =>  1.0e6
  cluster_branching  =>  1.0
  sol  =>  nothing
  single_resource  =>  false
  strong_kpath_cuts  =>  false
  tikz  =>  nothing
  maxr  =>  30
  update  =>  false
  show_complete_form  =>  false
  nosolve  =>  false
  minr  =>  2
  low_edge_priority  =>  false
~~~~~~~~~~~~~~~~~~~~~~~~~~~~~~~~~~~~~~~~~~~~~~~~~~~~~~~~~~~~~~~~~~~~~~~~~~~~~~~~~~~~~
GIT VERSION RCSP: 
GIT BRANCH: 
~~~~~~~~~~~~~~~~~~~~~~~~~~~~~~~~~~~~~~~~~~~~~~~~~~~~~~~~~~~~~~~~~~~~~~~~~~~~~~~~~~~~~
VRPSolver v0.6.16, 10/11/2025, © Inria Bordeaux, France, vrpsolver.math.u-bordeaux.fr
      Corresponds to the solver by Pessoa, Sadykov, Uchoa and Vanderbeck (2020)
                 Paper: dx.doi.org/10.1007/s10107-020-01523-z
~~~~~~~~~~~~~~~~~~~~~~~~~~~~~~~~~~~~~~~~~~~~~~~~~~~~~~~~~~~~~~~~~~~~~~~~~~~~~~~~~~~~~
GIT VERSION BAPCOD: a7cb21f19424236c9d0da5dcf94961797a519470
GIT BRANCH: main
~~~~~~~~~~~~~~~~~~~~~~~~~~~~~~~~~~~~~~~~~~~~~~~~~~~~~~~~~~~~~~~~~~~~~~~~~~~~~~~~~~~~~
   BaPCod v0.84, 10/11/2025, © Inria Bordeaux, France, bapcod.math.u-bordeaux.fr 
           THIS CODE IS PROVIDED AS IS, USE IT AT YOUR OWN RISK
~~~~~~~~~~~~~~~~~~~~~~~~~~~~~~~~~~~~~~~~~~~~~~~~~~~~~~~~~~~~~~~~~~~~~~~~~~~~~~~~~~~~~
--- MAIN PARAMETERS ---
GlobalTimeLimitInTick = 2147483645
GlobalTimeLimit = 21474836
ClockType = 0
MaxNbOfBBtreeNodeTreated = 100000
optimalityGapTolerance = 1e-06
relOptimalityGapTolerance = 1e-09
ApplyPreprocessing = false
PreprocessVariablesLocalBounds = false
treeSearchStrategy = 1
OpenNodesLimit = 1000
DEFAULTPRINTLEVEL = 0
--- MIP SOLVER PARAMETERS ---
solverName = CPLEX_SOLVER
MipSolverMaxBBNodes = 2000000
MipSolverMaxTime = 360000
MipSolverMultiThread = 1
--- COLUMN GENERATION PARAMETERS ---
SolverSelectForMast = a
  colGenSubProbSolMode = customSolver
mastInitMode = localArtCol
ArtVarPenaltyUpdateFactor = 2
ArtVarMaxNbOfPenaltyUpdates = 5
MaxNbOfStagesInColGenProcedure = 3
GenerateProperColumns = false
InsertAllGeneratedColumnsInFormRatherThanInPool = true
InsertNewNonNegColumnsDirectlyInFormRatherThanInPool = true
ColumnCleanupThreshold = 10000
ColumnCleanupRatio = 0.66
ReducedCostFixingThreshold = 0.9
--- CUT GENERATION PARAMETERS ---
MasterCuttingPlanesDepthLimit = 1000
MaxNbOfCutGeneratedAtEachIter = 1000
CutTailingOffThreshold = 0.015
CutTailingOffCounterThreshold = 3
CutCleanupThreshold = 1
CutCleanupRatio = 0.66
ColGenSpRelaxationImprovementPriority = 0
--- STABILIZATION PARAMETERS ---
colGenDualPriceSmoothingAlphaFactor = 1
colGenDualPriceSmoothingBetaFactor = 0
colGenStabilizationFunctionType = none
colGenProximalStabilizationRule = undefined
StabilFuncKappa = 1
colGenStabilizationMaxTreeDepth = 10000
StabilizationMinPhaseOfStage = 0
--- PRIMAL HEURISTIC PARAMETERS ---
UseInitialPrimalHeur = false
MaxTimeForRestrictedMasterIpHeur = -1
CallFrequencyOfRestrictedMasterIpHeur = 5
MIPemphasisInRestrictedMasterIpHeur = 1
PolishingAfterTimeInRestrictedMasterIpHeur = -1
DivingHeurUseDepthLimit = -1
CallFrequencyOfDivingHeur = 1
LeastFractional
Closest2RoundUp
LeastGreedyCost
LeastCost
FixIntValBeforeRoundingHeur = true
MaxNbOfCgIteDuringRh = 5000
MaxLDSbreadth = 0
MaxLDSdepth = 0
DivingHeurStopsWithFirstFeasSol = false
DivingHeurPreprocessBeforeChoosingVar = false
StrongDivingCandidatesNumber = 1
EvalAlgParamsInDiving = max#cand. = 1 max#cg.iters = 10000 min.lvl.sp.restr. = 1 min#cut.rounds = 0 max#cut.rounds = 0 red.cost.fix&enum. = false tree.size.ratio = 1
LocalSearchHeurUseDepthLimit = -1
LeastFractional
Closest2RoundUp
LeastGreedyCost
LeastCost
MaxFactorOfColFixedByLocalSearchHeur = 0.8
MaxLocalSearchIterationCounter = 3
--- STRONG BRANCHING PARAMETERS ---
SimplifiedStrongBranchingParameterisation = true
StrongBranchingPhaseOneCandidatesNumber = 100
StrongBranchingPhaseOneTreeSizeEstimRatio = 0.2
StrongBranchingPhaseTwoCandidatesNumber = 3
StrongBranchingPhaseTwoTreeSizeEstimRatio = 0.02
SafeDualBoundScaleFactor = -1
StrongBranchingPhaseOne = max#cand. = 100 max#cg.iters = 0 min.lvl.sp.restr. = 0 min#cut.rounds = 0 max#cut.rounds = 0 red.cost.fix&enum. = false tree.size.ratio = 0.2
StrongBranchingPhaseTwo = max#cand. = 3 max#cg.iters = 10000 min.lvl.sp.restr. = 1 min#cut.rounds = 0 max#cut.rounds = 0 red.cost.fix&enum. = false tree.size.ratio = 0.02
StrongBranchingPhaseThree = max#cand. = 1 max#cg.iters = 10000 min.lvl.sp.restr. = 0 min#cut.rounds = 0 max#cut.rounds = 10000 red.cost.fix&enum. = true tree.size.ratio = 1
StrongBranchingPhaseFour =not active
--- DEBUG OUTPUT PARAMETERS ---
printMasterPrimalSols = 0
--- VRPSOLVER PARAMETERS ---
RCSPstopCutGenTimeThresholdInPricing = 10
RCSPhardTimeThresholdInPricing = 25
RCSPredCostFixingTimeThreshold = 100
RCSPnumberOfBucketsPerVertex = 25
RCSPdynamicBucketSteps = 1
RCSPuseBidirectionalSearch = 2
RCSPapplyReducedCostFixing = 1
RCSPmaxNumOfColsPerIteration = 30
RCSPmaxNumOfColsPerExactIteration = 150
RCSPmaxNumOfLabelsInEnumeration = 500000
RCSPmaxNumOfLabelsInHeurEnumeration = 0
RCSPmaxNumOfEnumeratedSolutions = 5000000
RCSPmaxNumOfEnumSolutionsForMIP = 10000
RCSPmaxNumOfEnumSolsForEndOfNodeMIP = 10000
RCSPinitNGneighbourhoodSize = 8
RCSPmaxNGneighbourhoodSize = 8
RCSPrankOneCutsMaxNumRows = 5
RCSPrankOneCutsMaxNumPerRound = 100
RCSPrankOneCutsMemoryType = 0
RCSPrankOneCutsLSnumIterations = 1000
RCSPallowRoutesWithSameVerticesSet = true
RCSPredCostFixingFalseGap = 0
SafeDualBoundScaleFactor = -1
RCSPmaxNumOfLabelsInHeurEnumeration = 0
MaxNumEnumSolsInRestrictedMasterIpHeur = 5000

prName & bcTimeMain \\ 
New model incumbent solution 1e+06, TIME = 0h0m0s48t = 48
RCSP solver info : size of non-robust cut bitmask in a label is 640 bits
Bucket steps were recalculated for graph G_0 : [30]
RCSP solver info : symmetric case is detected for graph G_0! 
Bidirectional border value is initialised to 375
RCSP solver info : number of forw. reachable buckets / buck. strongly connected components is 800( 96.1538% ) / 500( 62.5% )
RCSP solver info: std. label size is 56, ext. label size is 136
Generating neighbourhoods for rank-1 cuts separation
Building structures for 4- and 5-row rank-1 packing cut separation...done!
Model is built TIME = 0h0m0s49t = 49
************************************************************************************************
**** BaB tree root node
**** Local DB = -1e+12, global bounds : [ -1e+12 , 1e+06 ], TIME = 0h0m0s49t = 49
**** 1 open nodes, 0 columns (0 active), 0 dyn. constrs. (0 active), 62 art. vars. (62 active)
************************************************************************************************
--------------------------------------------------------------------------
BaPCod info : first we run the root node with rank-1 cuts with node memory
--------------------------------------------------------------------------
#<DWph=2> <it=  1> <et=0.49> <Mt= 0.00> <Spt= 0.00> <nCl= 30> <al=0.00> <DB=-1727961480.0000> <Mlp=74400000.0000> <PB=1000000> 
#<DWph=2> <it=  2> <et=0.49> <Mt= 0.00> <Spt= 0.00> <nCl= 30> <al=0.55> <DB=-1676491374.9000> <Mlp=60686078.0000> <PB=1000000> 
#<DWph=2> <it=  3> <et=0.49> <Mt= 0.00> <Spt= 0.00> <nCl= 30> <al=0.45> <DB=-1524820357.8110> <Mlp=55972075.2619> <PB=1000000> 
#<DWph=2> <it=  4> <et=0.50> <Mt= 0.00> <Spt= 0.00> <nCl= 30> <al=0.51> <DB=-1229123848.6075> <Mlp=52886574.0286> <PB=1000000> 
#<DWph=2> <it=  5> <et=0.50> <Mt= 0.00> <Spt= 0.00> <nCl= 30> <al=0.41> <DB=-1217338107.6927> <Mlp=45767696.8542> <PB=1000000> 
#<DWph=2> <it=  6> <et=0.50> <Mt= 0.00> <Spt= 0.00> <nCl= 30> <al=0.46> <DB=-1138068058.1127> <Mlp=38612287.9352> <PB=1000000> 
#<DWph=2> <it=  7> <et=0.50> <Mt= 0.00> <Spt= 0.01> <nCl= 30> <al=0.52> <DB=-1100306841.9527> <Mlp=35100916.5622> <PB=1000000> 
#<DWph=2> <it=  8> <et=0.50> <Mt= 0.00> <Spt= 0.00> <nCl= 30> <al=0.57> <DB=-1022373279.5400> <Mlp=32006184.4317> <PB=1000000> 
#<DWph=2> <it=  9> <et=0.50> <Mt= 0.00> <Spt= 0.00> <nCl= 30> <al=0.47> <DB=-943778663.6437> <Mlp=24879181.3815> <PB=1000000> 
#<DWph=2> <it= 10> <et=0.50> <Mt= 0.00> <Spt= 0.00> <nCl= 30> <al=0.52> <DB=-956002919.8621> <Mlp=18958302.5957> <PB=1000000> 
#<DWph=2> <it= 11> <et=0.50> <Mt= 0.00> <Spt= 0.00> <nCl= 30> <al=0.57> <DB=-887424834.2108> <Mlp=15605594.3962> <PB=1000000> 
#<DWph=2> <it= 12> <et=0.51> <Mt= 0.00> <Spt= 0.00> <nCl= 30> <al=0.61> <DB=-722956449.0246> <Mlp=12652570.5084> <PB=1000000> 
#<DWph=2> <it= 13> <et=0.51> <Mt= 0.00> <Spt= 0.00> <nCl= 30> <al=0.51> <DB=-789550365.8007> <Mlp=9762010.2047> <PB=1000000> 
#<DWph=2> <it= 14> <et=0.51> <Mt= 0.00> <Spt= 0.00> <nCl= 30> <al=0.56> <DB=-686664421.9914> <Mlp=9177484.9698> <PB=1000000> 
#<DWph=2> <it= 15> <et=0.51> <Mt= 0.00> <Spt= 0.00> <nCl= 30> <al=0.46> <DB=-716243254.4573> <Mlp=4564473.8422> <PB=1000000> 
#<DWph=2> <it= 16> <et=0.51> <Mt= 0.00> <Spt= 0.00> <nCl= 30> <al=0.51> <DB=-607200997.9664> <Mlp=2071846.0762> <PB=1000000> 
#<DWph=2> <it= 17> <et=0.51> <Mt= 0.00> <Spt= 0.00> <nCl= 30> <al=0.56> <DB=-323348992.2857> <Mlp=18634.7190> <PB=1000000> 
#<DWph=2> <it= 18> <et=0.51> <Mt= 0.00> <Spt= 0.01> <nCl= 60> <al=0.00> <DB=-2319047.8888> <Mlp= 6561.7786> <PB=1000000> 
<DWph=2> <it= 19> <et=0.52> <Mt= 0.00> <Spt= 0.00> <nCl= 30> <al=0.00> <DB=-46299.6490> <Mlp= 2467.7880> <PB=1000000> 
<DWph=2> <it= 20> <et=0.52> <Mt= 0.00> <Spt= 0.00> <nCl= 30> <al=0.26> <DB=-34353.7320> <Mlp= 2380.8455> <PB=1000000> 
<DWph=2> <it= 21> <et=0.52> <Mt= 0.00> <Spt= 0.00> <nCl= 30> <al=0.34> <DB=-25626.6599> <Mlp= 2150.2437> <PB=1000000> 
<DWph=2> <it= 22> <et=0.52> <Mt= 0.00> <Spt= 0.00> <nCl= 30> <al=0.40> <DB=-23018.9535> <Mlp= 1913.5799> <PB=1000000> 
<DWph=2> <it= 23> <et=0.52> <Mt= 0.00> <Spt= 0.00> <nCl= 30> <al=0.46> <DB=-19412.7328> <Mlp= 1852.2370> <PB=1000000> 
<DWph=2> <it= 24> <et=0.52> <Mt= 0.00> <Spt= 0.00> <nCl= 30> <al=0.52> <DB=-18385.3275> <Mlp= 1800.1149> <PB=1000000> 
<DWph=2> <it= 25> <et=0.53> <Mt= 0.01> <Spt= 0.00> <nCl= 30> <al=0.56> <DB=-15127.4473> <Mlp= 1649.1528> <PB=1000000> 
<DWph=2> <it= 26> <et=0.53> <Mt= 0.00> <Spt= 0.01> <nCl= 30> <al=0.61> <DB=-13024.9862> <Mlp= 1585.1120> <PB=1000000> 
<DWph=2> <it= 27> <et=0.53> <Mt= 0.00> <Spt= 0.00> <nCl= 30> <al=0.65> <DB=-10366.6433> <Mlp= 1450.3797> <PB=1000000> 
<DWph=2> <it= 28> <et=0.53> <Mt= 0.00> <Spt= 0.00> <nCl= 30> <al=0.55> <DB=-7910.6450> <Mlp= 1387.8350> <PB=1000000> 
<DWph=2> <it= 29> <et=0.53> <Mt= 0.00> <Spt= 0.00> <nCl= 30> <al=0.59> <DB=-6848.4789> <Mlp= 1368.9648> <PB=1000000> 
<DWph=2> <it= 30> <et=0.53> <Mt= 0.00> <Spt= 0.00> <nCl= 30> <al=0.63> <DB=-5996.4133> <Mlp= 1322.0033> <PB=1000000> 
<DWph=2> <it= 31> <et=0.54> <Mt= 0.00> <Spt= 0.00> <nCl= 30> <al=0.67> <DB=-4481.7445> <Mlp= 1274.8676> <PB=1000000> 
<DWph=2> <it= 32> <et=0.54> <Mt= 0.00> <Spt= 0.00> <nCl= 30> <al=0.70> <DB=-3836.8633> <Mlp= 1251.9689> <PB=1000000> 
<DWph=2> <it= 33> <et=0.54> <Mt= 0.00> <Spt= 0.00> <nCl= 30> <al=0.73> <DB=-3413.2122> <Mlp= 1227.9285> <PB=1000000> 
<DWph=2> <it= 34> <et=0.54> <Mt= 0.00> <Spt= 0.01> <nCl= 30> <al=0.76> <DB=-2693.4491> <Mlp= 1217.6132> <PB=1000000> 
<DWph=2> <it= 35> <et=0.54> <Mt= 0.00> <Spt= 0.00> <nCl= 30> <al=0.66> <DB=-2141.8569> <Mlp= 1210.4503> <PB=1000000> 
<DWph=2> <it= 36> <et=0.55> <Mt= 0.00> <Spt= 0.00> <nCl= 30> <al=0.56> <DB=-2843.5685> <Mlp= 1175.3875> <PB=1000000> 
<DWph=2> <it= 37> <et=0.55> <Mt= 0.00> <Spt= 0.00> <nCl= 30> <al=0.60> <DB=-1121.7015> <Mlp= 1173.9441> <PB=1000000> 
<DWph=2> <it= 38> <et=0.55> <Mt= 0.00> <Spt= 0.00> <nCl= 30> <al=0.64> <DB=-1573.7427> <Mlp= 1169.7275> <PB=1000000> 
<DWph=2> <it= 39> <et=0.55> <Mt= 0.00> <Spt= 0.00> <nCl= 30> <al=0.68> <DB=-1185.7482> <Mlp= 1168.3080> <PB=1000000> 
<DWph=2> <it= 40> <et=0.55> <Mt= 0.00> <Spt= 0.00> <nCl= 30> <al=0.71> <DB=-1194.2575> <Mlp= 1161.1509> <PB=1000000> 
<DWph=2> <it= 41> <et=0.56> <Mt= 0.00> <Spt= 0.00> <nCl= 30> <al=0.61> <DB= -770.7167> <Mlp= 1155.7744> <PB=1000000> 
<DWph=2> <it= 42> <et=0.56> <Mt= 0.00> <Spt= 0.01> <nCl= 30> <al=0.51> <DB=-1393.2710> <Mlp= 1153.6166> <PB=1000000> 
<DWph=2> <it= 43> <et=0.56> <Mt= 0.00> <Spt= 0.00> <nCl= 30> <al=0.56> <DB= -248.5338> <Mlp= 1153.6166> <PB=1000000> 
<DWph=2> <it= 44> <et=0.56> <Mt= 0.00> <Spt= 0.00> <nCl= 30> <al=0.46> <DB= -429.4614> <Mlp= 1148.1717> <PB=1000000> 
<DWph=2> <it= 45> <et=0.56> <Mt= 0.00> <Spt= 0.00> <nCl= 30> <al=0.51> <DB=    9.7457> <Mlp= 1145.0083> <PB=1000000> 
<DWph=2> <it= 46> <et=0.57> <Mt= 0.01> <Spt= 0.00> <nCl= 30> <al=0.41> <DB=   99.5665> <Mlp= 1141.0433> <PB=1000000> 
<DWph=2> <it= 47> <et=0.57> <Mt= 0.00> <Spt= 0.00> <nCl= 30> <al=0.47> <DB=  251.4249> <Mlp= 1137.6540> <PB=1000000> 
<DWph=2> <it= 48> <et=0.57> <Mt= 0.00> <Spt= 0.00> <nCl= 30> <al=0.53> <DB=  190.8801> <Mlp= 1135.1727> <PB=1000000> 
<DWph=2> <it= 49> <et=0.57> <Mt= 0.00> <Spt= 0.01> <nCl= 29> <al=0.57> <DB=  189.3586> <Mlp= 1132.6894> <PB=1000000> 
<DWph=2> <it= 50> <et=0.57> <Mt= 0.00> <Spt= 0.00> <nCl= 29> <al=0.62> <DB=  463.6697> <Mlp= 1132.6894> <PB=1000000> 
<DWph=2> <it= 51> <et=0.57> <Mt= 0.00> <Spt= 0.00> <nCl= 28> <al=0.65> <DB=  574.5772> <Mlp= 1130.1702> <PB=1000000> 
<DWph=2> <it= 52> <et=0.58> <Mt= 0.00> <Spt= 0.00> <nCl= 30> <al=0.55> <DB=  807.4869> <Mlp= 1129.1224> <PB=1000000> 
<DWph=2> <it= 53> <et=0.58> <Mt= 0.00> <Spt= 0.00> <nCl= 30> <al=0.60> <DB=  781.0242> <Mlp= 1129.1224> <PB=1000000> 
<DWph=2> <it= 54> <et=0.58> <Mt= 0.00> <Spt= 0.00> <nCl= 30> <al=0.64> <DB=  852.6616> <Mlp= 1128.8462> <PB=1000000> 
<DWph=2> <it= 55> <et=0.58> <Mt= 0.00> <Spt= 0.00> <nCl= 29> <al=0.54> <DB=  518.0567> <Mlp= 1128.7315> <PB=1000000> 
<DWph=2> <it= 56> <et=0.58> <Mt= 0.00> <Spt= 0.00> <nCl= 26> <al=0.58> <DB=  937.1159> <Mlp= 1127.9307> <PB=1000000> 
<DWph=2> <it= 57> <et=0.59> <Mt= 0.00> <Spt= 0.01> <nCl= 28> <al=0.63> <DB=  971.5309> <Mlp= 1126.7037> <PB=1000000> 
<DWph=2> <it= 58> <et=0.59> <Mt= 0.00> <Spt= 0.00> <nCl= 30> <al=0.66> <DB= 1032.2721> <Mlp= 1126.7037> <PB=1000000> 
<DWph=2> <it= 59> <et=0.59> <Mt= 0.00> <Spt= 0.00> <nCl= 29> <al=0.70> <DB= 1036.2738> <Mlp= 1126.2509> <PB=1000000> 
<DWph=2> <it= 60> <et=0.59> <Mt= 0.00> <Spt= 0.00> <nCl= 41> <al=0.19> <DB= 1070.9224> <Mlp= 1125.7462> <PB=1000000> 
<DWph=2> <it= 61> <et=0.59> <Mt= 0.00> <Spt= 0.00> <nCl= 15> <al=0.50> <DB= 1021.0863> <Mlp= 1125.7339> <PB=1000000> 
<DWph=2> <it= 62> <et=0.60> <Mt= 0.00> <Spt= 0.00> <nCl= 43> <al=0.00> <DB= 1042.8479> <Mlp= 1125.6834> <PB=1000000> 
<DWph=2> <it= 63> <et=0.60> <Mt= 0.00> <Spt= 0.01> <nCl=  5> <al=0.30> <DB= 1107.3652> <Mlp= 1125.6834> <PB=1000000> 
<DWph=2> <it= 64> <et=0.60> <Mt= 0.00> <Spt= 0.00> <nCl= 25> <al=0.37> <DB= 1029.3624> <Mlp= 1125.6782> <PB=1000000> 
<DWph=2> <it= 65> <et=0.60> <Mt= 0.00> <Spt= 0.00> <nCl= 49> <al=0.00> <DB= 1089.8161> <Mlp= 1125.6782> <PB=1000000> 
<DWph=2> <it= 66> <et=0.60> <Mt= 0.00> <Spt= 0.00> <nCl=  6> <al=0.00> <DB= 1125.6400> <Mlp= 1125.6400> <PB=1000000> 
<DWph=1> <it= 67> <et=0.61> <Mt= 0.00> <Spt= 0.00> <nCl= 27> <al=0.23> <DB=  899.6400> <Mlp= 1125.6400> <PB=1000000> 
<DWph=1> <it= 68> <et=0.61> <Mt= 0.00> <Spt= 0.01> <nCl= 29> <al=0.13> <DB=  926.2600> <Mlp= 1124.7094> <PB=1000000> 
<DWph=1> <it= 69> <et=0.61> <Mt= 0.01> <Spt= 0.00> <nCl= 12> <al=0.22> <DB=  897.5176> <Mlp= 1124.7063> <PB=1000000> 
<DWph=1> <it= 70> <et=0.62> <Mt= 0.00> <Spt= 0.00> <nCl= 20> <al=0.30> <DB=  816.6662> <Mlp= 1124.7063> <PB=1000000> 
<DWph=1> <it= 71> <et=0.62> <Mt= 0.00> <Spt= 0.01> <nCl= 17> <al=0.37> <DB=  984.4929> <Mlp= 1124.3939> <PB=1000000> 
<DWph=1> <it= 72> <et=0.62> <Mt= 0.00> <Spt= 0.00> <nCl= 16> <al=0.43> <DB= 1010.2005> <Mlp= 1124.3939> <PB=1000000> 
<DWph=1> <it= 73> <et=0.63> <Mt= 0.00> <Spt= 0.00> <nCl= 15> <al=0.33> <DB= 1086.6166> <Mlp= 1124.2079> <PB=1000000> 
<DWph=1> <it= 74> <et=0.63> <Mt= 0.00> <Spt= 0.00> <nCl= 21> <al=0.23> <DB=  812.6770> <Mlp= 1124.2079> <PB=1000000> 
<DWph=1> <it= 75> <et=0.63> <Mt= 0.00> <Spt= 0.01> <nCl= 26> <al=0.13> <DB=  791.2907> <Mlp= 1122.0769> <PB=1000000> 
<DWph=1> <it= 76> <et=0.64> <Mt= 0.00> <Spt= 0.00> <nCl= 30> <al=0.22> <DB=  963.0317> <Mlp= 1121.5949> <PB=1000000> 
<DWph=1> <it= 77> <et=0.64> <Mt= 0.00> <Spt= 0.00> <nCl= 25> <al=0.30> <DB=  860.2634> <Mlp= 1120.5244> <PB=1000000> 
<DWph=1> <it= 78> <et=0.64> <Mt= 0.00> <Spt= 0.00> <nCl= 24> <al=0.20> <DB= 1003.0013> <Mlp= 1119.5294> <PB=1000000> 
<DWph=1> <it= 79> <et=0.65> <Mt= 0.00> <Spt= 0.01> <nCl= 28> <al=0.10> <DB=  921.9239> <Mlp= 1118.6818> <PB=1000000> 
<DWph=1> <it= 80> <et=0.65> <Mt= 0.00> <Spt= 0.00> <nCl= 26> <al=0.19> <DB=  972.4223> <Mlp= 1118.6818> <PB=1000000> 
<DWph=1> <it= 81> <et=0.66> <Mt= 0.00> <Spt= 0.00> <nCl= 22> <al=0.27> <DB=  918.4043> <Mlp= 1118.5909> <PB=1000000> 
<DWph=1> <it= 82> <et=0.66> <Mt= 0.00> <Spt= 0.01> <nCl= 20> <al=0.34> <DB=  951.9326> <Mlp= 1118.5909> <PB=1000000> 
<DWph=1> <it= 83> <et=0.66> <Mt= 0.00> <Spt= 0.00> <nCl= 23> <al=0.24> <DB=  988.6380> <Mlp= 1118.5909> <PB=1000000> 
<DWph=1> <it= 84> <et=0.67> <Mt= 0.00> <Spt= 0.00> <nCl= 22> <al=0.14> <DB= 1043.6507> <Mlp= 1118.5802> <PB=1000000> 
<DWph=1> <it= 85> <et=0.67> <Mt= 0.00> <Spt= 0.01> <nCl= 25> <al=0.04> <DB=  933.1483> <Mlp= 1118.5802> <PB=1000000> 
<DWph=1> <it= 86> <et=0.67> <Mt= 0.00> <Spt= 0.00> <nCl= 17> <al=0.14> <DB= 1033.5805> <Mlp= 1118.5787> <PB=1000000> 
<DWph=1> <it= 87> <et=0.68> <Mt= 0.01> <Spt= 0.00> <nCl= 19> <al=0.04> <DB=  832.3189> <Mlp= 1118.3446> <PB=1000000> 
<DWph=1> <it= 88> <et=0.68> <Mt= 0.00> <Spt= 0.00> <nCl= 21> <al=0.13> <DB= 1056.5097> <Mlp= 1118.3446> <PB=1000000> 
<DWph=1> <it= 89> <et=0.69> <Mt= 0.00> <Spt= 0.01> <nCl= 20> <al=0.00> <DB=  984.9444> <Mlp= 1118.2778> <PB=1000000> 
<DWph=1> <it= 90> <et=0.69> <Mt= 0.00> <Spt= 0.00> <nCl=  8> <al=0.12> <DB= 1081.0154> <Mlp= 1118.2778> <PB=1000000> 
<DWph=1> <it= 91> <et=0.70> <Mt= 0.00> <Spt= 0.01> <nCl=  8> <al=0.00> <DB= 1102.1667> <Mlp= 1118.2778> <PB=1000000> 
<DWph=1> <it= 92> <et=0.70> <Mt= 0.00> <Spt= 0.00> <nCl=  6> <al=0.00> <DB= 1111.6111> <Mlp= 1118.2778> <PB=1000000> 
<DWph=1> <it= 93> <et=0.70> <Mt= 0.00> <Spt= 0.01> <nCl=  0> <al=0.00> <DB= 1118.2778> <Mlp= 1118.2778> <PB=1000000> 
    RCSP exact solver info for graph G_0 : TT = 0.005791, pt = 7e-06, dt = 0.005096, ct = 0.000323, ndl = 2703', bdl = 53930', odl = 3694', odf = 24475', bsi = 1410', cnt = 9376', bdch = 589893', odch = 70688', lcp = 51387', #sols = 150
<DWph=0> <it= 94> <et=0.71> <Mt= 0.00> <Spt= 0.00> <nCl=121> <al=0.00> <DB= 1088.2778> <Mlp= 1118.2778> <PB=1000000> 
    RCSP exact solver info for graph G_0 : TT = 0.006718, pt = 2.3e-05, dt = 0.005965, ct = 0.000394, ndl = 3145', bdl = 62323', odl = 3953', odf = 26968', bsi = 1476', cnt = 12823', bdch = 759729', odch = 89742', lcp = 65873', #sols = 150
<DWph=0> <it= 95> <et=0.72> <Mt= 0.00> <Spt= 0.01> <nCl= 34> <al=0.00> <DB= 1110.0274> <Mlp= 1118.2466> <PB=1000000> 
    RCSP exact solver info for graph G_0 : TT = 0.006774, pt = 1.5e-05, dt = 0.005988, ct = 0.000391, ndl = 3208', bdl = 63544', odl = 3941', odf = 27244', bsi = 1502', cnt = 13393', bdch = 777997', odch = 91622', lcp = 66551', #sols = 150
    RCSP exact solver info for graph G_0 : TT = 0.005612, pt = 1.5e-05, dt = 0.005024, ct = 0.000281, ndl = 2705', bdl = 53795', odl = 3749', odf = 24514', bsi = 1426', cnt = 9678', bdch = 592956', odch = 69979', lcp = 52161', #sols = 150
<DWph=0> <it= 96> <et=0.74> <Mt= 0.00> <Spt= 0.02> <nCl= 22> <al=0.00> <DB= 1118.2308> <Mlp= 1118.2308> <PB=1000000> 
RCSP solver dynamic params and stats :  bidir.bord. = 375 aver.obdmd = 24.0312 aver.buck.num. = 26
@@ 1 0 1118.23 0.0058655 0.006379 91.8691 0.74
RCSP      solver labels distribution in 336 buckets (bucket size) : largest - 40, top 0.1% - 40, top 0.5% - 34, top 2% - 25, top 10% - 18, top 50% - 6
Reduced cost fixing for graph G_0...  TT = 0.013914, pt = 0.000653, dt = 0.013206, ct = 0, ndl = 8022', bdl = 122892', odl = 4081', odf = 60878', lpcb = 13560', cnt = 372597', bdch = 1577534', odch = 376972', lcp = 118099'
21129 buck. arcs remain (99% from prev., 91% from max.) + 0 jump buck. arcs (0% from max.)
 TT = 0.023856, pt = 0.000653, dt = 0.013206, ct = 0.009911, ndl = 8022', bdl = 122892', odl = 4081', odf = 60878', lpcb = 13560', cnt = 406269', bdch = 1577534', odch = 376972', lcp = 118099'
RCSP      solver labels distribution in 661 buckets (bucket size) : largest - 65, top 0.1% - 65, top 0.5% - 63, top 2% - 45, top 10% - 27, top 50% - 9
Run forward enumeration with border = 375... not succeeded (ratio 0.938841) lpt = 0.029794, ndl = 50017', dl = 33510', lpcb = 0', dch = 174693'
 TT = 0.037767, pt = 0.005827, dt = 0.029794, ct = 0, ndl = 50017', bdl = 33510', cnt = 385477', bdch = 174693', odch = 0', lcp = 0'
ColGenEvalAlg final dual bound: 1118.23 (rounded: 1119)
In total 1 RCC cut(s) are found by the connected components heuristic 
Shrinking heuristic shrunk 14 edges
In total 6 RCC cut(s) are found by the Fractional capacity min-cut heuristic 
In total 25 RCC cut(s) are found by the greedy construction heuristic 
----- Add fac. cuts : CAP(32), max.viol = 0.0769231, aver.viol = 0.0745192, sep/add took 0.000886818/0.04238 sec. -----
2676 columns (2676 active), 32 dyn. constrs. (32 active), 94 art. vars. (94 active)
<DWph=2> <it=  1> <et=0.86> <Mt= 0.00> <Spt= 0.00> <nCl= 30> <al=0.50> <DB= 1002.6817> <Mlp= 1122.0750> <PB=1000000> 
<DWph=2> <it=  2> <et=0.86> <Mt= 0.01> <Spt= 0.00> <nCl= 22> <al=0.55> <DB= 1088.2427> <Mlp= 1121.6842> <PB=1000000> 
<DWph=2> <it=  3> <et=0.87> <Mt= 0.00> <Spt= 0.01> <nCl= 19> <al=0.60> <DB= 1088.1529> <Mlp= 1121.1000> <PB=1000000> 
<DWph=2> <it=  4> <et=0.87> <Mt= 0.00> <Spt= 0.00> <nCl= 21> <al=0.64> <DB= 1118.8931> <Mlp= 1120.8969> <PB=1000000> 
<DWph=2> <it=  5> <et=0.87> <Mt= 0.00> <Spt= 0.00> <nCl= 17> <al=0.67> <DB= 1119.7584> <Mlp= 1120.8969> <PB=1000000> 
<DWph=2> <it=  6> <et=0.88> <Mt= 0.00> <Spt= 0.00> <nCl= 30> <al=0.57> <DB=  908.9368> <Mlp= 1120.8969> <PB=1000000> 
<DWph=2> <it=  7> <et=0.88> <Mt= 0.00> <Spt= 0.00> <nCl= 15> <al=0.61> <DB= 1092.3864> <Mlp= 1120.8969> <PB=1000000> 
<DWph=2> <it=  8> <et=0.88> <Mt= 0.00> <Spt= 0.01> <nCl= 20> <al=0.51> <DB= 1091.1899> <Mlp= 1120.6275> <PB=1000000> 
<DWph=2> <it=  9> <et=0.89> <Mt= 0.00> <Spt= 0.00> <nCl= 27> <al=0.41> <DB= 1067.3399> <Mlp= 1120.6275> <PB=1000000> 
<DWph=2> <it= 10> <et=0.89> <Mt= 0.01> <Spt= 0.00> <nCl= 43> <al=0.00> <DB=  880.5208> <Mlp= 1120.5625> <PB=1000000> 
<DWph=2> <it= 11> <et=0.90> <Mt= 0.00> <Spt= 0.00> <nCl= 17> <al=0.37> <DB= 1120.2624> <Mlp= 1120.5625> <PB=1000000> 
<DWph=2> <it= 12> <et=0.90> <Mt= 0.00> <Spt= 0.01> <nCl= 27> <al=0.44> <DB= 1091.6308> <Mlp= 1120.5625> <PB=1000000> 
<DWph=2> <it= 13> <et=0.90> <Mt= 0.00> <Spt= 0.00> <nCl= 22> <al=0.49> <DB= 1120.0165> <Mlp= 1120.5625> <PB=1000000> 
<DWph=2> <it= 14> <et=0.91> <Mt= 0.00> <Spt= 0.00> <nCl= 28> <al=0.09> <DB= 1120.5316> <Mlp= 1120.5316> <PB=1000000> 
<DWph=2> <it= 15> <et=0.91> <Mt= 0.00> <Spt= 0.01> <nCl= 13> <al=0.00> <DB= 1120.5316> <Mlp= 1120.5316> <PB=1000000> 
<DWph=1> <it= 16> <et=0.92> <Mt= 0.00> <Spt= 0.00> <nCl= 25> <al=0.34> <DB= 1042.4417> <Mlp= 1120.5316> <PB=1000000> 
<DWph=1> <it= 17> <et=0.92> <Mt= 0.00> <Spt= 0.00> <nCl= 16> <al=0.41> <DB= 1087.0667> <Mlp= 1120.4667> <PB=1000000> 
<DWph=1> <it= 18> <et=0.93> <Mt= 0.00> <Spt= 0.01> <nCl= 14> <al=0.47> <DB= 1101.2918> <Mlp= 1120.4667> <PB=1000000> 
<DWph=1> <it= 19> <et=0.93> <Mt= 0.01> <Spt= 0.00> <nCl=  6> <al=0.52> <DB= 1108.7102> <Mlp= 1120.4667> <PB=1000000> 
<DWph=1> <it= 20> <et=0.93> <Mt= 0.00> <Spt= 0.00> <nCl= 10> <al=0.42> <DB= 1105.7797> <Mlp= 1120.4667> <PB=1000000> 
<DWph=1> <it= 21> <et=0.94> <Mt= 0.00> <Spt= 0.01> <nCl= 11> <al=0.48> <DB= 1110.4175> <Mlp= 1120.4667> <PB=1000000> 
<DWph=1> <it= 22> <et=0.94> <Mt= 0.00> <Spt= 0.00> <nCl= 13> <al=0.38> <DB= 1109.9417> <Mlp= 1120.4667> <PB=1000000> 
<DWph=1> <it= 23> <et=0.95> <Mt= 0.00> <Spt= 0.00> <nCl= 14> <al=0.44> <DB= 1030.5155> <Mlp= 1120.4565> <PB=1000000> 
<DWph=1> <it= 24> <et=0.95> <Mt= 0.00> <Spt= 0.00> <nCl=  8> <al=0.50> <DB= 1103.9449> <Mlp= 1120.4565> <PB=1000000> 
<DWph=1> <it= 25> <et=0.96> <Mt= 0.00> <Spt= 0.01> <nCl= 23> <al=0.09> <DB=  955.9758> <Mlp= 1120.4565> <PB=1000000> 
<DWph=1> <it= 26> <et=0.96> <Mt= 0.00> <Spt= 0.00> <nCl= 11> <al=0.45> <DB= 1098.4560> <Mlp= 1120.4565> <PB=1000000> 
<DWph=1> <it= 27> <et=0.97> <Mt= 0.00> <Spt= 0.01> <nCl= 19> <al=0.00> <DB= 1085.8913> <Mlp= 1120.4565> <PB=1000000> 
<DWph=1> <it= 28> <et=0.97> <Mt= 0.00> <Spt= 0.00> <nCl= 13> <al=0.25> <DB= 1104.0083> <Mlp= 1120.4565> <PB=1000000> 
<DWph=1> <it= 29> <et=0.98> <Mt= 0.01> <Spt= 0.00> <nCl=  8> <al=0.15> <DB= 1090.3014> <Mlp= 1120.4565> <PB=1000000> 
<DWph=1> <it= 30> <et=0.98> <Mt= 0.00> <Spt= 0.01> <nCl=  9> <al=0.00> <DB= 1119.8043> <Mlp= 1120.4565> <PB=1000000> 
<DWph=1> <it= 31> <et=0.99> <Mt= 0.00> <Spt= 0.01> <nCl=  0> <al=0.00> <DB= 1120.4565> <Mlp= 1120.4565> <PB=1000000> 
    RCSP exact solver info for graph G_0 : TT = 0.005428, pt = 8e-06, dt = 0.00482, ct = 0.000308, ndl = 2518', bdl = 49096', odl = 3645', odf = 24237', bsi = 1338', cnt = 9012', bdch = 524970', odch = 67708', lcp = 45511', #sols = 150
<DWph=0> <it= 32> <et=1.00> <Mt= 0.00> <Spt= 0.01> <nCl=117> <al=0.03> <DB=  993.7174> <Mlp= 1120.4565> <PB=1000000> 
    RCSP exact solver info for graph G_0 : TT = 0.004953, pt = 2e-05, dt = 0.004321, ct = 0.000275, ndl = 2336', bdl = 45613', odl = 3767', odf = 23597', bsi = 1307', cnt = 7530', bdch = 475353', odch = 59540', lcp = 43849', #sols = 150
<DWph=0> <it= 33> <et=1.01> <Mt= 0.00> <Spt= 0.00> <nCl= 65> <al=0.13> <DB= 1081.4216> <Mlp= 1120.3333> <PB=1000000> 
    RCSP exact solver info for graph G_0 : TT = 0.005378, pt = 1.6e-05, dt = 0.004741, ct = 0.000305, ndl = 2544', bdl = 49594', odl = 3854', odf = 24486', bsi = 1282', cnt = 8520', bdch = 537989', odch = 66447', lcp = 47210', #sols = 150
<DWph=0> <it= 34> <et=1.02> <Mt= 0.00> <Spt= 0.01> <nCl= 21> <al=0.22> <DB= 1111.9134> <Mlp= 1120.3333> <PB=1000000> 
    RCSP exact solver info for graph G_0 : TT = 0.005266, pt = 1.8e-05, dt = 0.004625, ct = 0.000285, ndl = 2534', bdl = 49684', odl = 3872', odf = 24498', bsi = 1286', cnt = 8011', bdch = 536575', odch = 67218', lcp = 47345', #sols = 150
    RCSP exact solver info for graph G_0 : TT = 0.005235, pt = 1.5e-05, dt = 0.004615, ct = 0.000259, ndl = 2434', bdl = 48203', odl = 3874', odf = 24230', bsi = 1246', cnt = 7451', bdch = 516879', odch = 64180', lcp = 45264', #sols = 150
<DWph=0> <it= 35> <et=1.03> <Mt= 0.00> <Spt= 0.02> <nCl= 28> <al=0.00> <DB= 1120.3333> <Mlp= 1120.3333> <PB=1000000> 
RCSP solver dynamic params and stats :  bidir.bord. = 375 aver.obdmd = 24.0312 aver.buck.num. = 26
@@ 1 1 1120.33 0.0049108 0.005128 90.9948 1.03
    Full reduced cost fixing is not called (gap ratio is 0.999998)
ColGenEvalAlg final dual bound: 1120.33 (rounded: 1121)
False gap improvement since the last cut separation : 0.0188026 (1118.23)
Current active cuts : CAP(1+4,348.5)
Shrinking heuristic shrunk 11 edges
In total 1 RCC cut(s) are found by the Fractional capacity min-cut heuristic 
In total 2 RCC cut(s) are found by the global pool greedy search heuristic 
----- Add fac. cuts : CAP(3), max.viol = 0.0833333, aver.viol = 0.0833333, sep/add took 0.00116864/0.00679148 sec. -----
3458 columns (3458 active), 35 dyn. constrs. (8 active), 97 art. vars. (70 active)
<DWph=2> <it=  1> <et=1.05> <Mt= 0.00> <Spt= 0.00> <nCl= 21> <al=0.00> <DB= 1120.7273> <Mlp= 1120.7273> <PB=1000000> 
<DWph=1> <it=  2> <et=1.06> <Mt= 0.00> <Spt= 0.01> <nCl= 14> <al=0.00> <DB= 1120.7273> <Mlp= 1120.7273> <PB=1000000> 
    RCSP exact solver info for graph G_0 : TT = 0.004585, pt = 6e-06, dt = 0.00407, ct = 0.000226, ndl = 2173', bdl = 43512', odl = 3852', odf = 23033', bsi = 1270', cnt = 7203', bdch = 450716', odch = 56231', lcp = 41961', #sols = 150
<DWph=0> <it=  3> <et=1.06> <Mt= 0.01> <Spt= 0.00> <nCl= 35> <al=0.30> <DB= 1119.1818> <Mlp= 1120.7273> <PB=1000000> 
    RCSP exact solver info for graph G_0 : TT = 0.004466, pt = 1.3e-05, dt = 0.003933, ct = 0.000238, ndl = 2138', bdl = 42825', odl = 3852', odf = 22828', bsi = 1260', cnt = 6964', bdch = 440225', odch = 55382', lcp = 41275', #sols = 150
    RCSP exact solver info for graph G_0 : TT = 0.005021, pt = 1.2e-05, dt = 0.004472, ct = 0.000227, ndl = 2175', bdl = 43333', odl = 3858', odf = 23057', bsi = 1281', cnt = 7579', bdch = 446947', odch = 56526', lcp = 41816', #sols = 150
<DWph=0> <it=  4> <et=1.08> <Mt= 0.00> <Spt= 0.02> <nCl= 20> <al=0.00> <DB= 1120.7273> <Mlp= 1120.7273> <PB=1000000> 
RCSP solver dynamic params and stats :  bidir.bord. = 375 aver.obdmd = 24.0312 aver.buck.num. = 26
@@ 1 2 1120.73 0.00438867 0.004699 90.9948 1.08
    Full reduced cost fixing is not called (gap ratio is 0.999998)
ColGenEvalAlg final dual bound: 1120.73 (rounded: 1121)
False gap improvement since the last cut separation : 0.00351627 (1120.33)
Cut generation tailing off counter increased to 1
Current active cuts : CAP(1+5,396.568)
Shrinking heuristic shrunk 13 edges
13 Rank-1 1-rows pack. cuts added ,  max viol. = 0.272727, aver. viol. = 0.20979
150 Rank-1 3-rows pack. cuts added ,  max viol. = 0.363636, aver. viol. = 0.220606
----- Add fac. cuts : R1C(163), max.viol = 0.454545, aver.viol = 0.260457, sep/add took 0.00181342/0.244388 sec. -----
3548 columns (3548 active), 171 dyn. constrs. (169 active), 260 art. vars. (231 active)
Shrinking heuristic shrunk 28 edges
<DWph=2> <it=  1> <et=1.36> <Mt= 0.01> <Spt= 0.00> <nCl= 26> <al=0.50> <DB= 1038.8882> <Mlp= 1142.0000> <PB=1142> 
<DWph=2> <it=  2> <et=1.54> <Mt= 0.17> <Spt= 0.01> <nCl= 30> <al=0.55> <DB=  589.9448> <Mlp= 1140.8889> <PB=1142> 
<DWph=2> <it=  3> <et=1.56> <Mt= 0.01> <Spt= 0.01> <nCl= 30> <al=0.60> <DB=  699.3320> <Mlp= 1140.8889> <PB=1142> 
<DWph=2> <it=  4> <et=1.58> <Mt= 0.02> <Spt= 0.00> <nCl= 30> <al=0.64> <DB=  856.8493> <Mlp= 1140.8889> <PB=1142> 
<DWph=2> <it=  5> <et=1.59> <Mt= 0.00> <Spt= 0.01> <nCl= 27> <al=0.67> <DB= 1128.3619> <Mlp= 1140.8889> <PB=1142> 
<DWph=2> <it=  6> <et=1.60> <Mt= 0.01> <Spt= 0.00> <nCl= 30> <al=0.57> <DB=  846.4966> <Mlp= 1140.8889> <PB=1142> 
<DWph=2> <it=  7> <et=1.61> <Mt= 0.00> <Spt= 0.01> <nCl= 26> <al=0.61> <DB= 1019.0878> <Mlp= 1140.8889> <PB=1142> 
<DWph=2> <it=  8> <et=1.62> <Mt= 0.01> <Spt= 0.00> <nCl= 21> <al=0.65> <DB= 1128.9041> <Mlp= 1140.7500> <PB=1142> 
<DWph=2> <it=  9> <et=1.63> <Mt= 0.00> <Spt= 0.01> <nCl= 25> <al=0.55> <DB=  568.4546> <Mlp= 1140.7500> <PB=1142> 
<DWph=2> <it= 10> <et=1.65> <Mt= 0.01> <Spt= 0.00> <nCl= 21> <al=0.60> <DB= 1036.8346> <Mlp= 1140.7500> <PB=1142> 
<DWph=2> <it= 11> <et=1.65> <Mt= 0.01> <Spt= 0.01> <nCl= 19> <al=0.64> <DB= 1135.1600> <Mlp= 1140.7500> <PB=1142> 
<DWph=2> <it= 12> <et=1.74> <Mt= 0.07> <Spt= 0.00> <nCl= 26> <al=0.67> <DB=  976.6260> <Mlp= 1140.7500> <PB=1142> 
<DWph=2> <it= 13> <et=1.84> <Mt= 0.09> <Spt= 0.01> <nCl= 47> <al=0.41> <DB= 1020.7791> <Mlp= 1140.7500> <PB=1142> 
<DWph=2> <it= 14> <et=1.85> <Mt= 0.01> <Spt= 0.01> <nCl= 23> <al=0.61> <DB=  973.5344> <Mlp= 1140.7500> <PB=1142> 
<DWph=2> <it= 15> <et=1.85> <Mt= 0.00> <Spt= 0.00> <nCl= 12> <al=0.65> <DB= 1096.0947> <Mlp= 1140.7500> <PB=1142> 
<DWph=2> <it= 16> <et=1.86> <Mt= 0.01> <Spt= 0.01> <nCl= 24> <al=0.55> <DB=  949.5853> <Mlp= 1140.7500> <PB=1142> 
<DWph=2> <it= 17> <et=1.87> <Mt= 0.00> <Spt= 0.00> <nCl= 14> <al=0.59> <DB= 1045.6700> <Mlp= 1140.7500> <PB=1142> 
<DWph=2> <it= 18> <et=1.88> <Mt= 0.01> <Spt= 0.00> <nCl= 17> <al=0.63> <DB= 1020.6216> <Mlp= 1140.7500> <PB=1142> 
<DWph=2> <it= 19> <et=1.89> <Mt= 0.00> <Spt= 0.01> <nCl= 10> <al=0.53> <DB= 1039.6162> <Mlp= 1140.7500> <PB=1142> 
<DWph=2> <it= 20> <et=1.90> <Mt= 0.00> <Spt= 0.00> <nCl= 11> <al=0.43> <DB= 1027.9096> <Mlp= 1140.7500> <PB=1142> 
<DWph=2> <it= 21> <et=1.90> <Mt= 0.01> <Spt= 0.00> <nCl= 13> <al=0.49> <DB= 1078.4467> <Mlp= 1140.6875> <PB=1142> 
<DWph=2> <it= 22> <et=1.91> <Mt= 0.00> <Spt= 0.01> <nCl=  3> <al=0.39> <DB= 1085.1108> <Mlp= 1140.6875> <PB=1142> 
<DWph=2> <it= 23> <et=1.92> <Mt= 0.01> <Spt= 0.00> <nCl=  6> <al=0.29> <DB= 1097.7697> <Mlp= 1140.6875> <PB=1142> 
<DWph=2> <it= 24> <et=1.93> <Mt= 0.00> <Spt= 0.00> <nCl= 11> <al=0.19> <DB= 1086.4619> <Mlp= 1140.6875> <PB=1142> 
<DWph=2> <it= 25> <et=1.94> <Mt= 0.00> <Spt= 0.01> <nCl= 17> <al=0.00> <DB=  970.0625> <Mlp= 1140.6875> <PB=1142> 
<DWph=2> <it= 26> <et=1.94> <Mt= 0.01> <Spt= 0.00> <nCl= 10> <al=0.17> <DB= 1090.2918> <Mlp= 1140.6628> <PB=1142> 
<DWph=2> <it= 27> <et=1.95> <Mt= 0.00> <Spt= 0.00> <nCl=  8> <al=0.25> <DB= 1091.6748> <Mlp= 1140.6628> <PB=1142> 
<DWph=2> <it= 28> <et=1.95> <Mt= 0.00> <Spt= 0.01> <nCl=  2> <al=0.33> <DB= 1111.5467> <Mlp= 1140.6600> <PB=1142> 
<DWph=2> <it= 29> <et=1.96> <Mt= 0.01> <Spt= 0.00> <nCl=  1> <al=0.23> <DB= 1121.1858> <Mlp= 1140.6329> <PB=1142> 
<DWph=2> <it= 30> <et=1.96> <Mt= 0.00> <Spt= 0.00> <nCl=  5> <al=0.13> <DB= 1122.2358> <Mlp= 1140.6329> <PB=1142> 
<DWph=2> <it= 31> <et=1.97> <Mt= 0.00> <Spt= 0.00> <nCl=  1> <al=0.22> <DB= 1099.6759> <Mlp= 1140.4807> <PB=1142> 
<DWph=2> <it= 32> <et=1.97> <Mt= 0.00> <Spt= 0.01> <nCl= 14> <al=0.12> <DB= 1135.3243> <Mlp= 1140.4074> <PB=1142> 
<DWph=2> <it= 33> <et=1.98> <Mt= 0.01> <Spt= 0.00> <nCl= 13> <al=0.02> <DB= 1138.8971> <Mlp= 1140.3975> <PB=1142> 
<DWph=2> <it= 34> <et=1.99> <Mt= 0.00> <Spt= 0.01> <nCl=  6> <al=0.00> <DB= 1140.3975> <Mlp= 1140.3975> <PB=1142> 
<DWph=1> <it= 35> <et=2.00> <Mt= 0.00> <Spt= 0.00> <nCl= 22> <al=0.01> <DB=  900.5792> <Mlp= 1140.3975> <PB=1142> 
<DWph=1> <it= 36> <et=2.01> <Mt= 0.00> <Spt= 0.01> <nCl= 22> <al=0.11> <DB=  856.1537> <Mlp= 1139.9434> <PB=1142> 
<DWph=1> <it= 37> <et=2.02> <Mt= 0.01> <Spt= 0.01> <nCl= 22> <al=0.20> <DB=  775.6675> <Mlp= 1139.9434> <PB=1142> 
<DWph=1> <it= 38> <et=2.03> <Mt= 0.00> <Spt= 0.00> <nCl= 23> <al=0.10> <DB= 1048.9728> <Mlp= 1139.4864> <PB=1142> 
<DWph=1> <it= 39> <et=2.04> <Mt= 0.01> <Spt= 0.01> <nCl= 15> <al=0.19> <DB= 1060.5442> <Mlp= 1139.4578> <PB=1142> 
<DWph=1> <it= 40> <et=2.05> <Mt= 0.00> <Spt= 0.01> <nCl= 14> <al=0.27> <DB= 1136.6716> <Mlp= 1139.4545> <PB=1142> 
<DWph=1> <it= 41> <et=2.06> <Mt= 0.01> <Spt= 0.00> <nCl= 15> <al=0.17> <DB= 1138.1171> <Mlp= 1139.4520> <PB=1142> 
<DWph=1> <it= 42> <et=2.07> <Mt= 0.00> <Spt= 0.01> <nCl= 14> <al=0.07> <DB= 1138.9275> <Mlp= 1139.4409> <PB=1142> 
<DWph=1> <it= 43> <et=2.08> <Mt= 0.00> <Spt= 0.01> <nCl= 14> <al=0.16> <DB= 1139.0810> <Mlp= 1139.4373> <PB=1142> 
<DWph=1> <it= 44> <et=2.10> <Mt= 0.00> <Spt= 0.01> <nCl= 20> <al=0.00> <DB= 1138.5493> <Mlp= 1139.4366> <PB=1142> 
<DWph=1> <it= 45> <et=2.11> <Mt= 0.01> <Spt= 0.00> <nCl=  0> <al=0.00> <DB= 1139.4360> <Mlp= 1139.4360> <PB=1142> 
    RCSP exact solver info for graph G_0 : TT = 0.019348, pt = 0.000105, dt = 0.016846, ct = 0.001951, ndl = 5383', bdl = 103196', odl = 4904', odf = 45412', bsi = 1516', cnt = 137968', bdch = 1551142', odch = 395964', lcp = 180067', #sols = 150
<DWph=0> <it= 46> <et=2.15> <Mt= 0.00> <Spt= 0.05> <nCl=150> <al=0.00> <DB=  864.7560> <Mlp= 1139.4360> <PB=1142> 
Shrinking heuristic shrunk 28 edges
    RCSP exact solver info for graph G_0 : TT = 0.038849, pt = 0.000205, dt = 0.031495, ct = 0.006718, ndl = 8054', bdl = 126352', odl = 5253', odf = 61149', bsi = 2025', cnt = 343997', bdch = 2379181', odch = 811488', lcp = 413505', #sols = 150
<DWph=0> <it= 47> <et=2.37> <Mt= 0.16> <Spt= 0.06> <nCl=150> <al=0.00> <DB=   90.2714> <Mlp= 1130.0000> <PB=1130> 
    RCSP exact solver info for graph G_0 : TT = 0.030513, pt = 0.000199, dt = 0.024001, ct = 0.005897, ndl = 6341', bdl = 108722', odl = 6019', odf = 56186', bsi = 1742', cnt = 241111', bdch = 2046696', odch = 589914', lcp = 301515', #sols = 150
<DWph=0> <it= 48> <et=2.58> <Mt= 0.15> <Spt= 0.05> <nCl=150> <al=0.00> <DB=  646.6926> <Mlp= 1130.0000> <PB=1130> 
    RCSP exact solver info for graph G_0 : TT = 0.031713, pt = 0.000204, dt = 0.024727, ct = 0.006347, ndl = 6489', bdl = 114059', odl = 5546', odf = 55317', bsi = 1680', cnt = 216619', bdch = 1971990', odch = 567690', lcp = 292939', #sols = 150
<DWph=0> <it= 49> <et=2.81> <Mt= 0.18> <Spt= 0.05> <nCl=150> <al=0.08> <DB=  809.9997> <Mlp= 1130.0000> <PB=1130> 
    RCSP exact solver info for graph G_0 : TT = 0.014765, pt = 0.000144, dt = 0.012088, ct = 0.002006, ndl = 4252', bdl = 79840', odl = 4724', odf = 37174', bsi = 1423', cnt = 54153', bdch = 1132992', odch = 208120', lcp = 120076', #sols = 150
<DWph=0> <it= 50> <et=2.85> <Mt= 0.01> <Spt= 0.03> <nCl=138> <al=0.17> <DB=  983.5623> <Mlp= 1130.0000> <PB=1130> 
    RCSP exact solver info for graph G_0 : TT = 0.013475, pt = 0.000165, dt = 0.011546, ct = 0.001329, ndl = 3696', bdl = 68520', odl = 4193', odf = 32397', bsi = 1485', cnt = 56914', bdch = 832735', odch = 174609', lcp = 99297', #sols = 150
<DWph=0> <it= 51> <et=2.89> <Mt= 0.01> <Spt= 0.04> <nCl=150> <al=0.26> <DB=  911.0621> <Mlp= 1130.0000> <PB=1130> 
    RCSP exact solver info for graph G_0 : TT = 0.012065, pt = 0.000151, dt = 0.010373, ct = 0.000983, ndl = 3399', bdl = 64872', odl = 4285', odf = 31482', bsi = 1463', cnt = 40007', bdch = 793198', odch = 133837', lcp = 87219', #sols = 150
<DWph=0> <it= 52> <et=2.93> <Mt= 0.00> <Spt= 0.03> <nCl=100> <al=0.33> <DB= 1048.5247> <Mlp= 1130.0000> <PB=1130> 
    RCSP exact solver info for graph G_0 : TT = 0.01321, pt = 0.000176, dt = 0.011312, ct = 0.00108, ndl = 3804', bdl = 72824', odl = 4410', odf = 33418', bsi = 1602', cnt = 47868', bdch = 942025', odch = 173871', lcp = 105031', #sols = 150
<DWph=0> <it= 53> <et=2.96> <Mt= 0.01> <Spt= 0.03> <nCl= 92> <al=0.40> <DB= 1083.7865> <Mlp= 1130.0000> <PB=1130> 
    RCSP exact solver info for graph G_0 : TT = 0.01194, pt = 0.00015, dt = 0.010482, ct = 0.000847, ndl = 3476', bdl = 66740', odl = 4147', odf = 30067', bsi = 1617', cnt = 36932', bdch = 816074', odch = 131205', lcp = 85353', #sols = 150
<DWph=0> <it= 54> <et=2.98> <Mt= 0.00> <Spt= 0.01> <nCl= 22> <al=0.46> <DB= 1108.8820> <Mlp= 1130.0000> <PB=1130> 
    RCSP exact solver info for graph G_0 : TT = 0.011134, pt = 0.000144, dt = 0.009668, ct = 0.000842, ndl = 3249', bdl = 62783', odl = 4019', odf = 28197', bsi = 1593', cnt = 31319', bdch = 731167', odch = 111669', lcp = 75805', #sols = 150
<DWph=0> <it= 55> <et=3.01> <Mt= 0.01> <Spt= 0.02> <nCl= 40> <al=0.36> <DB= 1083.0063> <Mlp= 1130.0000> <PB=1130> 
    RCSP exact solver info for graph G_0 : TT = 0.011334, pt = 0.000155, dt = 0.00988, ct = 0.00086, ndl = 3320', bdl = 64310', odl = 4099', odf = 29148', bsi = 1559', cnt = 29059', bdch = 761381', odch = 118334', lcp = 78349', #sols = 150
    RCSP exact solver info for graph G_0 : TT = 0.006658, pt = 5.1e-05, dt = 0.005715, ct = 0.00047, ndl = 2875', bdl = 56227', odl = 4065', odf = 27423', bsi = 1531', cnt = 22170', bdch = 630283', odch = 99336', lcp = 65525', #sols = 150
<DWph=0> <it= 56> <et=3.04> <Mt= 0.00> <Spt= 0.03> <nCl= 47> <al=0.00> <DB= 1130.0000> <Mlp= 1130.0000> <PB=1130> 
RCSP solver dynamic params and stats :  bidir.bord. = 375 aver.obdmd = 24.0312 aver.buck.num. = 26 nbR1C = 8 with avMem = 6.125
@@ 1 3 1130 0.0172886 0.038213 90.9948 3.04
ColGenEvalAlg final dual bound: 1130 (rounded: 1130)
Gap improvement since the last cut separation : 1 (1120.73)
Current active cuts : CAP(3,138.256) R1C(3+5,25.56) 1rowPackR1C(3) 3rowPackR1C(5)
New model incumbent solution 1130, TIME = 0h0m3s4t = 304
************************************************************************************************
Search is finished, global bounds : [ 1130 , 1130 ], TIME = 0h0m3s4t = 304
************************************************************************************************
[32mBaPCod : solution defined.[00m
statistics_cols: instance & :Optimal & cutoff & :bcRecRootDb & :bcTimeRootEval & :bcCountNodeProc & :bcRecBestDb & :bcRecBestInc & :bcTimeMain \\
statistics: instance_16-triangle & 1 & 1.0e6 & 1130.00 & 3.04 & 1 & 1130.00 & 1130 & 3.04 \\
########################################################
Route #1: 10 7 8 3 20 19 14 1 4 22 25 13 29 28 2 21 
Route #2: 11 18 12 15 27 17 9 6 5 30 23 24 26 16 
Cost 1130
########################################################

end_time=2026-04-22 10:48:17
exit_code=0
