instance_file=/mnt/c/Users/porin/OneDrive/Documentos/Python-Mestrado/Modelagem Matemática/Programação Inteira - Uchoa/Problema VRPRDL/instancias_turco/VRPRDL-triangle/cvrp_padrao_convertidos/instance_10-triangle.vrp
instance_name=instance_10-triangle
n_customers=30
k_lb=2
k_ub=30
ub=1000000
timeout_s=3600
start_time=2026-04-22 10:46:51

  Activating project at `~/VRPSolver/VRPSolverDemos`
Application parameters:
  batch  =>  nothing
  instance  =>  "/mnt/c/Users/porin/OneDrive/Documentos/Python-Mestrado/Modelagem Matemática/Programação Inteira - Uchoa/Problema VRPRDL/instancias_turco/VRPRDL-triangle/cvrp_padrao_convertidos/instance_10-triangle.vrp"
  noround  =>  false
  cfg  =>  "/home/poringman/VRPSolver/VRPSolverDemos/src/../config/CVRP.cfg"
  edge_cuts  =>  false
  out  =>  nothing
  ub  =>  1.0e6
  cluster_branching  =>  1.0
  sol  =>  nothing
  single_resource  =>  false
  strong_kpath_cuts  =>  false
  tikz  =>  nothing
  maxr  =>  30
  update  =>  false
  show_complete_form  =>  false
  nosolve  =>  false
  minr  =>  2
  low_edge_priority  =>  false
~~~~~~~~~~~~~~~~~~~~~~~~~~~~~~~~~~~~~~~~~~~~~~~~~~~~~~~~~~~~~~~~~~~~~~~~~~~~~~~~~~~~~
GIT VERSION RCSP: 
GIT BRANCH: 
~~~~~~~~~~~~~~~~~~~~~~~~~~~~~~~~~~~~~~~~~~~~~~~~~~~~~~~~~~~~~~~~~~~~~~~~~~~~~~~~~~~~~
VRPSolver v0.6.16, 10/11/2025, © Inria Bordeaux, France, vrpsolver.math.u-bordeaux.fr
      Corresponds to the solver by Pessoa, Sadykov, Uchoa and Vanderbeck (2020)
                 Paper: dx.doi.org/10.1007/s10107-020-01523-z
~~~~~~~~~~~~~~~~~~~~~~~~~~~~~~~~~~~~~~~~~~~~~~~~~~~~~~~~~~~~~~~~~~~~~~~~~~~~~~~~~~~~~
GIT VERSION BAPCOD: a7cb21f19424236c9d0da5dcf94961797a519470
GIT BRANCH: main
~~~~~~~~~~~~~~~~~~~~~~~~~~~~~~~~~~~~~~~~~~~~~~~~~~~~~~~~~~~~~~~~~~~~~~~~~~~~~~~~~~~~~
   BaPCod v0.84, 10/11/2025, © Inria Bordeaux, France, bapcod.math.u-bordeaux.fr 
           THIS CODE IS PROVIDED AS IS, USE IT AT YOUR OWN RISK
~~~~~~~~~~~~~~~~~~~~~~~~~~~~~~~~~~~~~~~~~~~~~~~~~~~~~~~~~~~~~~~~~~~~~~~~~~~~~~~~~~~~~
--- MAIN PARAMETERS ---
GlobalTimeLimitInTick = 2147483645
GlobalTimeLimit = 21474836
ClockType = 0
MaxNbOfBBtreeNodeTreated = 100000
optimalityGapTolerance = 1e-06
relOptimalityGapTolerance = 1e-09
ApplyPreprocessing = false
PreprocessVariablesLocalBounds = false
treeSearchStrategy = 1
OpenNodesLimit = 1000
DEFAULTPRINTLEVEL = 0
--- MIP SOLVER PARAMETERS ---
solverName = CPLEX_SOLVER
MipSolverMaxBBNodes = 2000000
MipSolverMaxTime = 360000
MipSolverMultiThread = 1
--- COLUMN GENERATION PARAMETERS ---
SolverSelectForMast = a
  colGenSubProbSolMode = customSolver
mastInitMode = localArtCol
ArtVarPenaltyUpdateFactor = 2
ArtVarMaxNbOfPenaltyUpdates = 5
MaxNbOfStagesInColGenProcedure = 3
GenerateProperColumns = false
InsertAllGeneratedColumnsInFormRatherThanInPool = true
InsertNewNonNegColumnsDirectlyInFormRatherThanInPool = true
ColumnCleanupThreshold = 10000
ColumnCleanupRatio = 0.66
ReducedCostFixingThreshold = 0.9
--- CUT GENERATION PARAMETERS ---
MasterCuttingPlanesDepthLimit = 1000
MaxNbOfCutGeneratedAtEachIter = 1000
CutTailingOffThreshold = 0.015
CutTailingOffCounterThreshold = 3
CutCleanupThreshold = 1
CutCleanupRatio = 0.66
ColGenSpRelaxationImprovementPriority = 0
--- STABILIZATION PARAMETERS ---
colGenDualPriceSmoothingAlphaFactor = 1
colGenDualPriceSmoothingBetaFactor = 0
colGenStabilizationFunctionType = none
colGenProximalStabilizationRule = undefined
StabilFuncKappa = 1
colGenStabilizationMaxTreeDepth = 10000
StabilizationMinPhaseOfStage = 0
--- PRIMAL HEURISTIC PARAMETERS ---
UseInitialPrimalHeur = false
MaxTimeForRestrictedMasterIpHeur = -1
CallFrequencyOfRestrictedMasterIpHeur = 5
MIPemphasisInRestrictedMasterIpHeur = 1
PolishingAfterTimeInRestrictedMasterIpHeur = -1
DivingHeurUseDepthLimit = -1
CallFrequencyOfDivingHeur = 1
LeastFractional
Closest2RoundUp
LeastGreedyCost
LeastCost
FixIntValBeforeRoundingHeur = true
MaxNbOfCgIteDuringRh = 5000
MaxLDSbreadth = 0
MaxLDSdepth = 0
DivingHeurStopsWithFirstFeasSol = false
DivingHeurPreprocessBeforeChoosingVar = false
StrongDivingCandidatesNumber = 1
EvalAlgParamsInDiving = max#cand. = 1 max#cg.iters = 10000 min.lvl.sp.restr. = 1 min#cut.rounds = 0 max#cut.rounds = 0 red.cost.fix&enum. = false tree.size.ratio = 1
LocalSearchHeurUseDepthLimit = -1
LeastFractional
Closest2RoundUp
LeastGreedyCost
LeastCost
MaxFactorOfColFixedByLocalSearchHeur = 0.8
MaxLocalSearchIterationCounter = 3
--- STRONG BRANCHING PARAMETERS ---
SimplifiedStrongBranchingParameterisation = true
StrongBranchingPhaseOneCandidatesNumber = 100
StrongBranchingPhaseOneTreeSizeEstimRatio = 0.2
StrongBranchingPhaseTwoCandidatesNumber = 3
StrongBranchingPhaseTwoTreeSizeEstimRatio = 0.02
SafeDualBoundScaleFactor = -1
StrongBranchingPhaseOne = max#cand. = 100 max#cg.iters = 0 min.lvl.sp.restr. = 0 min#cut.rounds = 0 max#cut.rounds = 0 red.cost.fix&enum. = false tree.size.ratio = 0.2
StrongBranchingPhaseTwo = max#cand. = 3 max#cg.iters = 10000 min.lvl.sp.restr. = 1 min#cut.rounds = 0 max#cut.rounds = 0 red.cost.fix&enum. = false tree.size.ratio = 0.02
StrongBranchingPhaseThree = max#cand. = 1 max#cg.iters = 10000 min.lvl.sp.restr. = 0 min#cut.rounds = 0 max#cut.rounds = 10000 red.cost.fix&enum. = true tree.size.ratio = 1
StrongBranchingPhaseFour =not active
--- DEBUG OUTPUT PARAMETERS ---
printMasterPrimalSols = 0
--- VRPSOLVER PARAMETERS ---
RCSPstopCutGenTimeThresholdInPricing = 10
RCSPhardTimeThresholdInPricing = 25
RCSPredCostFixingTimeThreshold = 100
RCSPnumberOfBucketsPerVertex = 25
RCSPdynamicBucketSteps = 1
RCSPuseBidirectionalSearch = 2
RCSPapplyReducedCostFixing = 1
RCSPmaxNumOfColsPerIteration = 30
RCSPmaxNumOfColsPerExactIteration = 150
RCSPmaxNumOfLabelsInEnumeration = 500000
RCSPmaxNumOfLabelsInHeurEnumeration = 0
RCSPmaxNumOfEnumeratedSolutions = 5000000
RCSPmaxNumOfEnumSolutionsForMIP = 10000
RCSPmaxNumOfEnumSolsForEndOfNodeMIP = 10000
RCSPinitNGneighbourhoodSize = 8
RCSPmaxNGneighbourhoodSize = 8
RCSPrankOneCutsMaxNumRows = 5
RCSPrankOneCutsMaxNumPerRound = 100
RCSPrankOneCutsMemoryType = 0
RCSPrankOneCutsLSnumIterations = 1000
RCSPallowRoutesWithSameVerticesSet = true
RCSPredCostFixingFalseGap = 0
SafeDualBoundScaleFactor = -1
RCSPmaxNumOfLabelsInHeurEnumeration = 0
MaxNumEnumSolsInRestrictedMasterIpHeur = 5000

prName & bcTimeMain \\ 
New model incumbent solution 1e+06, TIME = 0h0m0s45t = 45
RCSP solver info : size of non-robust cut bitmask in a label is 640 bits
Bucket steps were recalculated for graph G_0 : [30]
RCSP solver info : symmetric case is detected for graph G_0! 
Bidirectional border value is initialised to 375
RCSP solver info : number of forw. reachable buckets / buck. strongly connected components is 801( 96.274% ) / 751( 93.7578% )
RCSP solver info: std. label size is 56, ext. label size is 136
Generating neighbourhoods for rank-1 cuts separation
Building structures for 4- and 5-row rank-1 packing cut separation...done!
Model is built TIME = 0h0m0s46t = 46
************************************************************************************************
**** BaB tree root node
**** Local DB = -1e+12, global bounds : [ -1e+12 , 1e+06 ], TIME = 0h0m0s46t = 46
**** 1 open nodes, 0 columns (0 active), 0 dyn. constrs. (0 active), 62 art. vars. (62 active)
************************************************************************************************
--------------------------------------------------------------------------
BaPCod info : first we run the root node with rank-1 cuts with node memory
--------------------------------------------------------------------------
#<DWph=2> <it=  1> <et=0.46> <Mt= 0.00> <Spt= 0.00> <nCl= 30> <al=0.00> <DB=-1655971890.0000> <Mlp=74400000.0000> <PB=1000000> 
#<DWph=2> <it=  2> <et=0.46> <Mt= 0.00> <Spt= 0.00> <nCl= 30> <al=0.55> <DB=-1327624676.5929> <Mlp=66343020.4286> <PB=1000000> 
#<DWph=2> <it=  3> <et=0.46> <Mt= 0.00> <Spt= 0.00> <nCl= 30> <al=0.45> <DB=-1387510794.4570> <Mlp=51750613.8750> <PB=1000000> 
#<DWph=2> <it=  4> <et=0.46> <Mt= 0.00> <Spt= 0.00> <nCl= 30> <al=0.51> <DB=-1217751761.0590> <Mlp=51002439.4921> <PB=1000000> 
#<DWph=2> <it=  5> <et=0.47> <Mt= 0.00> <Spt= 0.00> <nCl= 30> <al=0.55> <DB=-1072405334.9226> <Mlp=43286920.9294> <PB=1000000> 
#<DWph=2> <it=  6> <et=0.47> <Mt= 0.00> <Spt= 0.00> <nCl= 30> <al=0.60> <DB=-1032878605.4477> <Mlp=32483506.7719> <PB=1000000> 
#<DWph=2> <it=  7> <et=0.47> <Mt= 0.00> <Spt= 0.00> <nCl= 30> <al=0.64> <DB=-929014970.6595> <Mlp=29705029.9743> <PB=1000000> 
#<DWph=2> <it=  8> <et=0.47> <Mt= 0.00> <Spt= 0.00> <nCl= 30> <al=0.68> <DB=-946446600.5981> <Mlp=24326623.7269> <PB=1000000> 
#<DWph=2> <it=  9> <et=0.47> <Mt= 0.00> <Spt= 0.01> <nCl= 30> <al=0.71> <DB=-920224564.3128> <Mlp=20228799.5968> <PB=1000000> 
#<DWph=2> <it= 10> <et=0.47> <Mt= 0.00> <Spt= 0.00> <nCl= 30> <al=0.74> <DB=-858609335.0859> <Mlp=16018431.7559> <PB=1000000> 
#<DWph=2> <it= 11> <et=0.47> <Mt= 0.00> <Spt= 0.00> <nCl= 30> <al=0.76> <DB=-845434640.9300> <Mlp=9697602.1435> <PB=1000000> 
#<DWph=2> <it= 12> <et=0.48> <Mt= 0.00> <Spt= 0.00> <nCl= 30> <al=0.66> <DB=-754619787.3847> <Mlp=8236308.6455> <PB=1000000> 
#<DWph=2> <it= 13> <et=0.48> <Mt= 0.00> <Spt= 0.00> <nCl= 30> <al=0.70> <DB=-689945808.4579> <Mlp=3908972.5135> <PB=1000000> 
#<DWph=2> <it= 14> <et=0.48> <Mt= 0.00> <Spt= 0.00> <nCl= 30> <al=0.60> <DB=-559024101.9449> <Mlp=165773.2989> <PB=1000000> 
<DWph=2> <it= 15> <et=0.48> <Mt= 0.00> <Spt= 0.00> <nCl= 30> <al=0.00> <DB=-5235.0258> <Mlp= 2859.8505> <PB=1000000> 
<DWph=2> <it= 16> <et=0.48> <Mt= 0.00> <Spt= 0.00> <nCl= 27> <al=0.40> <DB= -456.3335> <Mlp= 2759.3282> <PB=1000000> 
<DWph=2> <it= 17> <et=0.48> <Mt= 0.00> <Spt= 0.00> <nCl= 30> <al=0.46> <DB=-11719.0407> <Mlp= 2555.1591> <PB=1000000> 
<DWph=2> <it= 18> <et=0.49> <Mt= 0.00> <Spt= 0.00> <nCl= 30> <al=0.51> <DB=-3723.9274> <Mlp= 2401.8666> <PB=1000000> 
<DWph=2> <it= 19> <et=0.49> <Mt= 0.00> <Spt= 0.01> <nCl= 30> <al=0.56> <DB=-7156.6594> <Mlp= 2148.0400> <PB=1000000> 
<DWph=2> <it= 20> <et=0.49> <Mt= 0.00> <Spt= 0.00> <nCl= 26> <al=0.60> <DB=  566.6258> <Mlp= 2100.7294> <PB=1000000> 
<DWph=2> <it= 21> <et=0.49> <Mt= 0.00> <Spt= 0.00> <nCl= 30> <al=0.64> <DB=-3951.2432> <Mlp= 1922.5458> <PB=1000000> 
<DWph=2> <it= 22> <et=0.49> <Mt= 0.00> <Spt= 0.00> <nCl= 30> <al=0.68> <DB=  658.7748> <Mlp= 1806.6785> <PB=1000000> 
<DWph=2> <it= 23> <et=0.49> <Mt= 0.00> <Spt= 0.00> <nCl= 30> <al=0.71> <DB=-2072.3923> <Mlp= 1568.3772> <PB=1000000> 
<DWph=2> <it= 24> <et=0.49> <Mt= 0.00> <Spt= 0.00> <nCl= 30> <al=0.74> <DB= -115.1211> <Mlp= 1565.9420> <PB=1000000> 
<DWph=2> <it= 25> <et=0.50> <Mt= 0.00> <Spt= 0.00> <nCl= 30> <al=0.77> <DB=  262.3890> <Mlp= 1497.3878> <PB=1000000> 
<DWph=2> <it= 26> <et=0.50> <Mt= 0.00> <Spt= 0.00> <nCl= 30> <al=0.79> <DB=  767.2102> <Mlp= 1446.1896> <PB=1000000> 
<DWph=2> <it= 27> <et=0.50> <Mt= 0.00> <Spt= 0.00> <nCl= 30> <al=0.81> <DB=  578.0474> <Mlp= 1420.1296> <PB=1000000> 
<DWph=2> <it= 28> <et=0.50> <Mt= 0.01> <Spt= 0.01> <nCl= 28> <al=0.83> <DB=  122.3072> <Mlp= 1375.6553> <PB=1000000> 
Shrinking heuristic shrunk 24 edges
<DWph=2> <it= 29> <et=0.50> <Mt= 0.00> <Spt= 0.00> <nCl= 29> <al=0.85> <DB=  935.2624> <Mlp= 1308.0000> <PB=1308> 
<DWph=2> <it= 30> <et=0.50> <Mt= 0.00> <Spt= 0.00> <nCl= 30> <al=0.75> <DB= -216.5128> <Mlp= 1308.0000> <PB=1308> 
<DWph=2> <it= 31> <et=0.51> <Mt= 0.00> <Spt= 0.00> <nCl= 30> <al=0.77> <DB=  427.7701> <Mlp= 1308.0000> <PB=1308> 
<DWph=2> <it= 32> <et=0.51> <Mt= 0.00> <Spt= 0.00> <nCl= 28> <al=0.79> <DB= 1152.2831> <Mlp= 1308.0000> <PB=1308> 
<DWph=2> <it= 33> <et=0.51> <Mt= 0.00> <Spt= 0.00> <nCl= 30> <al=0.69> <DB= -154.7376> <Mlp= 1308.0000> <PB=1308> 
<DWph=2> <it= 34> <et=0.51> <Mt= 0.00> <Spt= 0.00> <nCl= 30> <al=0.73> <DB=  136.2700> <Mlp= 1302.4211> <PB=1308> 
Shrinking heuristic shrunk 24 edges
<DWph=2> <it= 35> <et=0.52> <Mt= 0.00> <Spt= 0.00> <nCl= 29> <al=0.75> <DB=  679.9682> <Mlp= 1279.0000> <PB=1279> 
<DWph=2> <it= 36> <et=0.52> <Mt= 0.00> <Spt= 0.00> <nCl= 25> <al=0.78> <DB=  896.5119> <Mlp= 1253.3158> <PB=1279> 
<DWph=2> <it= 37> <et=0.52> <Mt= 0.00> <Spt= 0.01> <nCl= 28> <al=0.80> <DB=  639.5214> <Mlp= 1240.3750> <PB=1279> 
<DWph=2> <it= 38> <et=0.52> <Mt= 0.00> <Spt= 0.00> <nCl= 25> <al=0.70> <DB= 1043.2847> <Mlp= 1236.3333> <PB=1279> 
<DWph=2> <it= 39> <et=0.52> <Mt= 0.00> <Spt= 0.00> <nCl= 28> <al=0.73> <DB=  811.7628> <Mlp= 1227.9000> <PB=1279> 
<DWph=2> <it= 40> <et=0.52> <Mt= 0.00> <Spt= 0.00> <nCl= 26> <al=0.63> <DB=  669.3046> <Mlp= 1227.2143> <PB=1279> 
Shrinking heuristic shrunk 26 edges
<DWph=2> <it= 41> <et=0.53> <Mt= 0.01> <Spt= 0.00> <nCl= 29> <al=0.67> <DB= -327.4316> <Mlp= 1211.0000> <PB=1211> 
<DWph=2> <it= 42> <et=0.53> <Mt= 0.00> <Spt= 0.00> <nCl= 19> <al=0.70> <DB=  898.2633> <Mlp= 1211.0000> <PB=1211> 
<DWph=2> <it= 43> <et=0.54> <Mt= 0.00> <Spt= 0.00> <nCl= 30> <al=0.60> <DB=  606.4424> <Mlp= 1211.0000> <PB=1211> 
<DWph=2> <it= 44> <et=0.54> <Mt= 0.00> <Spt= 0.00> <nCl= 23> <al=0.64> <DB=  941.5758> <Mlp= 1211.0000> <PB=1211> 
<DWph=2> <it= 45> <et=0.54> <Mt= 0.00> <Spt= 0.01> <nCl= 25> <al=0.68> <DB= 1043.2572> <Mlp= 1211.0000> <PB=1211> 
<DWph=2> <it= 46> <et=0.54> <Mt= 0.00> <Spt= 0.00> <nCl= 25> <al=0.58> <DB= 1008.7170> <Mlp= 1209.8684> <PB=1211> 
<DWph=2> <it= 47> <et=0.54> <Mt= 0.00> <Spt= 0.00> <nCl= 40> <al=0.24> <DB=  -33.0255> <Mlp= 1206.0000> <PB=1211> 
<DWph=2> <it= 48> <et=0.55> <Mt= 0.00> <Spt= 0.00> <nCl= 33> <al=0.04> <DB=  164.2339> <Mlp= 1206.0000> <PB=1211> 
<DWph=2> <it= 49> <et=0.55> <Mt= 0.00> <Spt= 0.00> <nCl= 19> <al=0.42> <DB= 1063.5131> <Mlp= 1204.9608> <PB=1211> 
<DWph=2> <it= 50> <et=0.55> <Mt= 0.00> <Spt= 0.00> <nCl=  6> <al=0.48> <DB= 1007.1140> <Mlp= 1204.6667> <PB=1211> 
<DWph=2> <it= 51> <et=0.55> <Mt= 0.00> <Spt= 0.01> <nCl= 14> <al=0.38> <DB= 1162.6300> <Mlp= 1204.6667> <PB=1211> 
<DWph=2> <it= 52> <et=0.55> <Mt= 0.00> <Spt= 0.00> <nCl= 13> <al=0.28> <DB=  628.0721> <Mlp= 1204.5534> <PB=1211> 
<DWph=2> <it= 53> <et=0.55> <Mt= 0.00> <Spt= 0.00> <nCl= 24> <al=0.35> <DB=  748.8930> <Mlp= 1197.3067> <PB=1211> 
<DWph=2> <it= 54> <et=0.56> <Mt= 0.01> <Spt= 0.00> <nCl= 20> <al=0.41> <DB=  822.5931> <Mlp= 1195.6792> <PB=1211> 
<DWph=2> <it= 55> <et=0.56> <Mt= 0.00> <Spt= 0.00> <nCl= 13> <al=0.47> <DB= 1178.0128> <Mlp= 1191.8017> <PB=1211> 
<DWph=2> <it= 56> <et=0.56> <Mt= 0.00> <Spt= 0.00> <nCl= 30> <al=0.37> <DB=  673.0280> <Mlp= 1191.8017> <PB=1211> 
<DWph=2> <it= 57> <et=0.56> <Mt= 0.00> <Spt= 0.00> <nCl= 23> <al=0.44> <DB= 1002.7534> <Mlp= 1191.8017> <PB=1211> 
<DWph=2> <it= 58> <et=0.56> <Mt= 0.00> <Spt= 0.00> <nCl= 20> <al=0.49> <DB=  834.3568> <Mlp= 1191.3828> <PB=1211> 
<DWph=2> <it= 59> <et=0.56> <Mt= 0.00> <Spt= 0.00> <nCl= 25> <al=0.54> <DB=  907.8671> <Mlp= 1190.3617> <PB=1211> 
<DWph=2> <it= 60> <et=0.57> <Mt= 0.00> <Spt= 0.01> <nCl= 22> <al=0.59> <DB= 1189.1697> <Mlp= 1189.8000> <PB=1211> 
<DWph=2> <it= 61> <et=0.57> <Mt= 0.00> <Spt= 0.00> <nCl=  9> <al=0.63> <DB= 1190.9614> <Mlp= 1189.7407> <PB=1211> 
<DWph=1> <it= 62> <et=0.57> <Mt= 0.00> <Spt= 0.00> <nCl= 23> <al=0.67> <DB= 1021.3981> <Mlp= 1189.7407> <PB=1211> 
<DWph=1> <it= 63> <et=0.57> <Mt= 0.00> <Spt= 0.00> <nCl= 15> <al=0.57> <DB= 1020.7668> <Mlp= 1189.6627> <PB=1211> 
<DWph=1> <it= 64> <et=0.58> <Mt= 0.00> <Spt= 0.00> <nCl=  1> <al=0.61> <DB= 1082.4023> <Mlp= 1189.6627> <PB=1211> 
<DWph=1> <it= 65> <et=0.58> <Mt= 0.00> <Spt= 0.01> <nCl= 16> <al=0.65> <DB=  793.9711> <Mlp= 1189.6627> <PB=1211> 
<DWph=1> <it= 66> <et=0.58> <Mt= 0.00> <Spt= 0.00> <nCl= 12> <al=0.37> <DB= 1011.1803> <Mlp= 1189.6627> <PB=1211> 
<DWph=1> <it= 67> <et=0.59> <Mt= 0.00> <Spt= 0.00> <nCl= 19> <al=0.58> <DB=  910.3995> <Mlp= 1189.6627> <PB=1211> 
<DWph=1> <it= 68> <et=0.59> <Mt= 0.00> <Spt= 0.01> <nCl=  9> <al=0.48> <DB= 1154.1456> <Mlp= 1189.6627> <PB=1211> 
<DWph=1> <it= 69> <et=0.59> <Mt= 0.00> <Spt= 0.00> <nCl= 14> <al=0.00> <DB= 1165.5000> <Mlp= 1189.5000> <PB=1211> 
<DWph=1> <it= 70> <et=0.60> <Mt= 0.00> <Spt= 0.00> <nCl=  9> <al=0.00> <DB= 1186.2857> <Mlp= 1189.5000> <PB=1211> 
<DWph=1> <it= 71> <et=0.60> <Mt= 0.00> <Spt= 0.01> <nCl=  0> <al=0.00> <DB= 1189.5000> <Mlp= 1189.5000> <PB=1211> 
    RCSP exact solver info for graph G_0 : TT = 0.006031, pt = 7e-06, dt = 0.005253, ct = 0.000467, ndl = 2848', bdl = 55397', odl = 3381', odf = 24926', bsi = 1615', cnt = 50295', bdch = 580965', odch = 107832', lcp = 57842', #sols = 150
<DWph=0> <it= 72> <et=0.61> <Mt= 0.00> <Spt= 0.01> <nCl=131> <al=0.08> <DB=  883.0714> <Mlp= 1189.5000> <PB=1211> 
    RCSP exact solver info for graph G_0 : TT = 0.005455, pt = 2e-05, dt = 0.004622, ct = 0.000469, ndl = 2764', bdl = 55211', odl = 3447', odf = 24819', bsi = 1618', cnt = 41810', bdch = 570108', odch = 102330', lcp = 55167', #sols = 150
<DWph=0> <it= 73> <et=0.62> <Mt= 0.00> <Spt= 0.01> <nCl= 92> <al=0.00> <DB= 1075.4000> <Mlp= 1189.4000> <PB=1211> 
    RCSP exact solver info for graph G_0 : TT = 0.005467, pt = 3.8e-05, dt = 0.004699, ct = 0.000442, ndl = 2837', bdl = 56062', odl = 3432', odf = 25296', bsi = 1638', cnt = 44501', bdch = 582384', odch = 107766', lcp = 56672', #sols = 150
<DWph=0> <it= 74> <et=0.63> <Mt= 0.00> <Spt= 0.00> <nCl= 14> <al=0.09> <DB= 1159.4000> <Mlp= 1189.4000> <PB=1211> 
    RCSP exact solver info for graph G_0 : TT = 0.006672, pt = 1.5e-05, dt = 0.005579, ct = 0.000741, ndl = 3187', bdl = 62272', odl = 3687', odf = 27658', bsi = 1748', cnt = 58076', bdch = 722297', odch = 132085', lcp = 70245', #sols = 150
<DWph=0> <it= 75> <et=0.64> <Mt= 0.00> <Spt= 0.01> <nCl= 31> <al=0.09> <DB= 1166.5059> <Mlp= 1189.3611> <PB=1211> 
    RCSP exact solver info for graph G_0 : TT = 0.00623, pt = 1.9e-05, dt = 0.005416, ct = 0.000503, ndl = 3174', bdl = 61965', odl = 3680', odf = 27650', bsi = 1750', cnt = 57518', bdch = 716248', odch = 131021', lcp = 68926', #sols = 150
    RCSP exact solver info for graph G_0 : TT = 0.006657, pt = 1.4e-05, dt = 0.005751, ct = 0.000515, ndl = 3159', bdl = 61626', odl = 3681', odf = 27622', bsi = 1745', cnt = 57096', bdch = 710055', odch = 128821', lcp = 68489', #sols = 150
<DWph=0> <it= 76> <et=0.65> <Mt= 0.00> <Spt= 0.02> <nCl=  5> <al=0.00> <DB= 1189.3611> <Mlp= 1189.3611> <PB=1211> 
RCSP solver dynamic params and stats :  bidir.bord. = 375 aver.obdmd = 24.0625 aver.buck.num. = 26
@@ 1 0 1189.36 0.00574283 0.00632 91.914 0.65
RCSP      solver labels distribution in 291 buckets (bucket size) : largest - 59, top 0.1% - 59, top 0.5% - 56, top 2% - 49, top 10% - 27, top 50% - 7
Reduced cost fixing for graph G_0...  TT = 0.003257, pt = 0.000847, dt = 0.002328, ct = 0, ndl = 5530', bdl = 18507', odl = 1470', odf = 21648', lpcb = 56143', cnt = 60670', bdch = 188455', odch = 100054', lcp = 20627'
4407 buck. arcs remain (20.6% from prev., 19% from max.) + 2053 jump buck. arcs (8.83% from max.)
 TT = 0.007373, pt = 0.000847, dt = 0.002328, ct = 0.004057, ndl = 5530', bdl = 18507', odl = 1470', odf = 21648', lpcb = 56143', cnt = 247304', bdch = 188455', odch = 100054', lcp = 20627'
RCSP      solver labels distribution in 569 buckets (bucket size) : largest - 59, top 0.1% - 59, top 0.5% - 53, top 2% - 47, top 10% - 22, top 50% - 6
Run forward enumeration with border = 375... succeeded! lpt = 0.021336, ndl = 11504', dl = 996', lpcb = 59918', dch = 7651'
Run enumeration concatenation with time limit 0.3 sec.... succeeded!
Sorting and storing enumerated solutions ... done!
 TT = 0.05143, pt = 0.006972, dt = 0.021336, ct = 0.010019, ndl = 11504', bdl = 996', lpcb = 59918', cnt = 528020', bdch = 7651', odch = 0', lcp = 0'
Enumeration succeeded!, number of elem. solutions is 9525
Estimating inspection time...     TT = 0.000822, performed by inspection with 9525 solutions, nbR1C = 0, nbDiscC = 0
Inspection time is low enough. Pricing will be done by inspection.
Added 364 columns in the formulation 
Removed 1658 columns (not in the enumerated set) from the formulation
Regenerated 364 columns with the 'enumerated' flag
Added 9380 columns in the formulation 
ColGenEvalAlg final dual bound: 1189.36 (rounded: 1190)
----- Terminating the node by MIP -----
Version identifier: 22.1.2.0 | 2024-11-26 | 0edbb82fd
CPXPARAM_Advance                                 0
CPXPARAM_Preprocessing_Linear                    0
CPXPARAM_Threads                                 1
CPXPARAM_MIP_Strategy_CallbackReducedLP          0
CPXPARAM_MIP_Limits_Nodes                        2000000
CPXPARAM_Simplex_Tolerances_Optimality           9.9999999999999995e-08
CPXPARAM_Simplex_Tolerances_Feasibility          9.9999999999999995e-08
CPXPARAM_TimeLimit                               360000
CPXPARAM_MIP_Tolerances_UpperCutoff              1210.0000010000001
CPXPARAM_MIP_Tolerances_MIPGap                   1.0000000000000001e-09
Legacy callback                                  L
Warning: Control callbacks may disable some MIP features.
Tried aggregator 1 time.
MIP Presolve eliminated 11 rows and 7003 columns.
MIP Presolve modified 38360 coefficients.
Reduced MIP has 21 rows, 2741 columns, and 29217 nonzeros.
Reduced MIP has 2741 binaries, 0 generals, 0 SOSs, and 0 indicators.
Presolve time = 0.07 sec. (83.67 ticks)
Probing fixed 2420 vars, tightened 0 bounds.
Probing time = 0.13 sec. (250.77 ticks)
Clique table members: 535.
MIP emphasis: balance optimality and feasibility.
MIP search method: traditional branch-and-cut.
Parallel mode: none, using 1 thread.
Root relaxation solution time = 0.00 sec. (1.09 ticks)
Shrinking heuristic shrunk 28 edges

        Nodes                                         Cuts/
   Node  Left     Objective  IInf  Best Integer    Best Bound    ItCnt     Gap         Variable B NodeID Parent  Depth

*     0     0      integral     0     1195.0000     1195.0000       34    0.00%                        0             0
Elapsed time = 0.22 sec. (340.74 ticks, tree = 0.00 MB, solutions = 1)

Root node processing (before b&c):
  Real time             =    0.22 sec. (341.01 ticks)
Sequential b&c:
  Real time             =    0.00 sec. (0.00 ticks)
                          ------------
Total (root+branch&cut) =    0.22 sec. (341.01 ticks)
Solution status = Optimum
Shrinking heuristic shrunk 28 edges
New model incumbent solution 1195, TIME = 0h0m1s22t = 122
************************************************************************************************
Search is finished, global bounds : [ 1195 , 1195 ], TIME = 0h0m1s22t = 122
************************************************************************************************
[32mBaPCod : solution defined.[00m
statistics_cols: instance & :Optimal & cutoff & :bcRecRootDb & :bcTimeRootEval & :bcCountNodeProc & :bcRecBestDb & :bcRecBestInc & :bcTimeMain \\
statistics: instance_10-triangle & 1 & 1.0e6 & 1195.00 & 1.22 & 1 & 1195.00 & 1195 & 1.22 \\
########################################################
Route #1: 9 21 16 29 23 7 13 25 26 12 11 10 3 17 14 28 
Route #2: 19 15 6 1 22 4 2 20 18 8 24 30 5 27 
Cost 1195
########################################################

end_time=2026-04-22 10:47:03
exit_code=0
